170 485 3925 485 34 17 485 34 17 17 17 34 485 74 17 74 485 34 34 485 34 34 202 485 1717 34 74 157625 34 34 34 485 17 485 46085 17 17 17 34 17 74 1717 34 485 17 485 1601 485 202 485 34 34 17 5185 34 485 485 74 34 202 485 485 17 34 3737 1601 485 17 34 74 485 1258 17 17 170 485 34 17 3737 17 34 17 74 34 34 1601 17 17 17 485 485 34 485 17 17 74 485 17 188065 485 34 17 34 202 485 17 485 74 34 34 17 17 17 74 74 34 34 74 34 485 17 34 485 485 34 170 5185 17 485 485 17 202 34 1258 485 17 485 34 17 34 3530 34 34 34 170 34 34 17 74 46085 1601 34 34 17 17 17 34 34 74 202 17 17 74 17 34 1258 17 1601 485 485 34 74 34 170 34 17 202 34 170 5185 34 74 34 485 1717 34 34 17 485 485 34 17 34 17 485 12325 34 34 485 17 170 46085 1717 34 485 74 202 485 17 17 17 485 17 170 34 485 170 4357 34 485 34 34 34 34 74 34 17 95225 17 485 34 7474 34 485 9802 34 34 1258 34 17 170 74 485 17 1717 34 17 17 34 485 17 485 74 17 485 74 17 34 74 17 34 1331593 485 74 485 29045 170 170 17 34 202 34 17 17 485 34 1601 34 170 1349545 17 3737 485 34 485 74 34 34 485 4369 1601 202 74 485 34 485 485 17 85 34 34 34 202 34 74 170 34 101 17 485 202 17 485 170 485 485 170 3737 17 202 1601 74 34 485 17 74 1258 34 485 34 34 17 34 202 34 34 202 74 34 485 74 34 3145 4357 170 17 17 17 17 17 485 170 17 34 1258 34 1717 17 170 202 170 74 74 34 485 485 485 85 1717 485 1601 485 485 1601 485 34 17 17 18685 485 17 170 170 51077 485 485 485 485 170 485 17 170 17 485 34 17 74 17 74 74 34 17 15317 1601 485 17 74 485 46085 34 1258 17 17 34 17 17 34 34 485 34 34 485 85 17 485 17 485 34 485 2594 485 485 485 1601 170 485 17 17 34 34 34 485 170 485 85 485 34 485 34 170 34 17 34 34 34 34 34 17 34 485 485 34 34 17 485 17 34 10405 34 202 17 485 74 17 485 17 17 34 74 74 34 17 74 17 17 34 17 485 1258 17 34 485 170 485 34 170 34 17 74 1717 17 34 485 34 34 34 485 34 34 485 74 34 17 10405 34 34 34 202 17 34 17 485 202 17 34 12325 485 485 34 17 34 34 34 34 485 34 485 17 17 202 17 136085 1717 1717 34 1601 17 5185 34 17 34 85 485 485 34 220505 485 34 1601 74 34 17 17 17 74 51077 74 17 485 34 34 485 34 34 485 34 202 1717 5301490 89725 49010 170 17 34 34 34 34 4369 485 17 74 485 74 34 485 485 1601 85 34 485 34 34 34 18685 34 485 1601 1258 34 17 485 170 170 202 485 51077 17 17 202 17 17 485 170 34 74 485 34 485 17 3737 17 17 17 3737 485 17 34 74 51077 17 485 485 34 17 74 34 74 34 17 34 485 485 485 17 74 34 1765 34 485 485 3530 485 34 34 34 17 485 17 236197 170 34 34 34 34 34 34 17 34 8245 485 17 17 456977 202 485 34 485 34 485 485 485 34 34 74 485 17 1717 17 485 34 17 17 34 74 17 17 1601 17 17 485 170 1717 34 17 485 34 17 34 5185 485 34 34 34 34 34 485 17 34 17 34 74 485 17 34 34 34 485 34 17 485 17 29045 485 485 485 34 485 74 34 485 485 17 34 17 485 170 202 34 485 85 17 74 485 485 17 34 74 485 34 17 34 485 17 17 17 170 485 485 3530 34 34 17 34 1258 34 34 485 34 74 1717 170 34 3737 485 485 17 17 34 4369 485 485 485 34 34 485 17 34 34 34 34 17 74 34 17 485 74 34 51077 85 485 485 17 170 202 17 485 202 1717 170 10405 34 27217 17 46085 485 17 85 485 34 485 17 17 17 17 34 17 202 1601 34 34 485 34 485 170 485 485 485 34 34 51077 17 17 34 17 34 17 34 34 485 485 485 17 485 17 17 17 485 202 34 34 34 17 1601 485 34 34 485 34 34 485 485 485 74 34 17 485 1258 74 17 34 17 34 170 17 485 74 485 34 485 1258 485 17 485 34 485 34 34 74 34 17 17 34 17 1601 74 17 17 74 34 17 1717 34 29045 465125 17 485 17 4357 34 34 74 170 17 17 17 34 485 34 202 1601 1601 34 34 485 17 485 34 1601 485 34 3737 34 17 485 485 3737 202 34 5410 17 74 17 74 17 485 485 202 323402 485 485 34 17 17 485 34 17 17 34 17 170 17 34 485 34 485 1601 485 34 34 34 34 1601 17 34 485 34 1601 74 17 34 17 485 485 1601 17 12325 485 34 34 34 17 485 485 170 17 34 34 85 34 485 34 17 5185 34 485 17 1717 34 17 34 485 74 1717 202 485 74 485 34 34 3737 34 485 485 170 170 485 170 485 3737 34 485 17 34 17 485 34 485 10370 51077 34 34 3737 10405 34 17 5185 485 17 1717 17 34 485 17 34 485 170 17 74 17 170 17 17 34 17 3737 34 17 34 34 74 485 34 485 17 485 485 74 34 485 17 170 1717 485 485 17 34 74 34 5185 17 17 485 74 485 485 34 485 17 485 17 485 34 485 485 74 34 34 485 170 170 34 202 170 157625 17 485 485 1717 74 17 485 34 485 34 485 34 34 485 34 34 485 17 485 74 17 34 3737 1717 17 170 15317 3925 34 34 34 202 17 34 17 34 3737 17 485 1601 485 485 17 34 17 17 34 10405 34 34 34 17 34 485 3737 17 34 170 485 34 485 74 540802 17 17 34 485 485 34 1601 17 34 1717 485 170 485 17 485 485 1601 34 3737 34 17 17 17 34 485 485 202 17 34 5185 17 485 170 34 202 17 34 202 170 170 74 34 34 485 17 34 485 9802 202 17 34 485 34 46085 74 4369 485 17 34 202 34 17 485 34 85 17 485 3737 74 485 17 17 74 34 34 485 485 34 34 1601 17 34 34 202 34 34 1601 17 485 34 485 34 74 485 17 34 34 17 485 485 170 1601 34 34 34 170 34 485 17 34 2570 34 17 485 485 1601 34 170 34 485 5185 485 17 485 485 17 5185 170 485 34 34 485 1717 485 485 34 34 34 34 17 34 34 17 34 202 485 17 34 17 202 1601 17 485 34 1717 17 17 17 485 34 485 34 17 34 34 485 170 17 34 34 17 17 17 74 17 485 34 1258 74 485 4369 17 17 34 1258 34 485 34 34 485 34 34 3530 202 485 34 17 17 34 74 34 34 17 34 17 485 17 485 485 17 485 485 34 34 17 1258 34 485 1601 10405 18685 17 34 1601 485 485 34 34 485 34 202 485 17 485 3069505 170 202 485 17 170 17 34 202 34 485 17 34 74 485 1717 170 85 34 170 34 485 485 485 170 3925 17 17 74 34 485 74 74 17 170 34 17 485 29045 485 485 34 10405 485 485 34 17 1601 34 485 34 34 485 170 485 17 34 485 17 485 34 74 485 485 485 34 485 34 34 34 101 46085 34 485 34 485 34 34 74 17 17 170 485 188065 74 34 485 485 485 485 17 34 74 74 17 17 34 34 485 34 485 1601 34 17 485 170 34 34 74 17 3737 17 34 485 34 34 485 34 17 34 1089010 17 34 485 485 17 485 3737 34 485 34 170 485 17 1717 202 85 485 51077 17 485 34 34 34 17 85 17 1717 202 485 34 34 1258 485 1601 34 485 34 485 10370 202 34 74 17 34 34 17 34 27217 485 485 34 485 34 34 34 34 17 34 485 485 34 485 34 34 485 485 363701 485 170 17 1601 17 34 17 34 34 17 34 170 34 51077 170 17 34 34 34 17 17 74 17 34 485 34 202 17 34 17 17 17 85 1258 17 34 485 202 34 17 17 485 17 34 34 485 4357 34 17 485 34 17 485 34 34 485 485 485 485 74 34 485 4369 485 485 485 34 17 34 485 17 17 74 170 34 17 485 485 485 17 1717 34 34 170 485 34 17 17 17 485 34 34 34 170 34 34 485 34 34 202 34 34 34 485 74 74 170 34 485 202 74 34 74 34 3737 485 202 17 17 202 17 17 17 17 34 17 34 17 202 17 49010 17 34 485 34 485 170 17 17 1601 34 485 34 34 485 485 1717 202 17 485 485 34 17 34 34 17 17 17 485 485 17 17 485 17 34 170 34 1179397 17 202 485 485 485 74 485 485 485 17 74 34 34 170 34 485 485 485 485 485 309137 74 4357 34 485 74 34 485 485 34 17 17 485 10405 34 170 17 17 34 17 485 34 27217 3925 34 34 34 34 34 485 170 74 34 18685 485 34 1717 17 34 34 74 17 34 170 485 3737 485 485 34 17 34 17 34 34 485 34 17 34 485 170 17 485 34 34 170 34 17 10405 10405 485 34 34 170 269125 17 17 34 485 34 18685 485 1601 485 17 74 34 74 485 485 74 26061925 485 17 485 17 34 485 1601 34 202 74 17 34 17 17 1601 17 17 34 34 34 485 34 485 17 34 34 202 17 17 34 34 34 485 17 34 485 485 485 17 170 485 485 4357 485 485 4234 34 51077 485 74 485 34 17 202 17 485 74 17 34 170 17 485 170 34 34 34 485 36101 485 34 17 17 17 34 1717 17 170 34 34 485 34 202 46085 74 34 170 34 10405 74 1258 34 34 34 46085 17 485 170 34 485 485 34 202 34 1601 485 34 485 17 34 170 17 17 17 17 5185 485 34 17 27217 3530 34 485 34 4369 17 485 170 17 485 34 17 485 34 485 17 85 49010 74 34 170 34 485 181337 17 485 17 17 74 74 2 170 34 485 34 74 18685 485 10405 34 74 51077 34 170 34 485 485 74 34 1258 34 34 17 17 34 485 485 74 74 485 485 5185 17 34 485 34 85 17 202 485 34 74 17 485 485 34 34 17 85 17 485 17 34 17 74 34 85 202 34 485 485 17 17 34 34 34 24799490 485 485 34 34 17 485 34 34 74 34 170 34 34 17 34 485 17 485 17 34 8245 74 170 485 51077 1601 17 17 34 170 34 34 34 34 4357 34 34 34 485 74 17 34 17 17 34 17 74 17 17 17 1601 34 34 1601 485 34 17 34 17 202 34 34 85 34 34 17 485 17 34 74 17 485 17 485 34 485 34 485 17 34 34 485 34 170 485 202 17 17 34 17 74 17 34 34 34 485 485 34 485 51077 202 485 17 485 34 485 34 1258 17 74 34 170 17 3737 17 485 74 17 34 17 485 17 17 202 485 17 17 34 17 34 34 309137 485 34 485 17 74 485 17 34 17 17 485 34 485 485 485 34 485 85 34 17 17 10405 17 85 34 34 74 34 34 34 34 485 17 34 1717 34 485 34 34 34 485 485 485 1601 34 17 202 34 34 485 34 34 485 34 3530 485 34 34 34 17 485 74 34 10405 17 17 34 34 485 202 485 34 34 485 17 17 34 34 34 34 2425 17 17 17 17 17 34 34 17 34 49010 74 17 1717 485 34 46085 34 34 74 485 8245 34 34 34 17 34 370 485 170 17 202 10405 17 485 34 485 485 34 1601 34 85 485 485 17 34 74 485 485 17 74 485 170 17 34 17 34 485 34 17 485 485 1258 5185 485 170 34 85 58325 17 17 17 1601 17 17 170 34 17 10370 17 17 485 485 34 485 34 202 1717 485 34 34 17 202 46085 17 17 17 3530 170 34 17 34 170 34 485 485 34 884425 17 51077 17 485 17 34 34 34 34 17 485 170 34 34 485 4369 202 485 74 34 17 17 74 34 34 17 74 485 34 485 485 170 17 17 485 17 17 34 170 202 74 17 170 34 485 34 485 1601 17 17 74 485 34 17 1717 485 17 34 17 1601 34 17 34 485 3737 74 34 74 85 34 34 485 485 34 1601 17 17 485 74 17 17 485 34 74 485 485 485 485 485 485 170 485 485 17 34 34 17 17 170 485 17 5185 485 34 17 34 485 46085 485 34 485 34 34 485 17 485 170 485 485 34 485 485 34 34 34 17 485 170 34 34 485 17 485 19018 3737 17 34 485 485 170 17 485 34 17 34 34 34 17 17 34 34 34 170 34 485 34 485 485 485 17 34 34 485 85 34 34 17 74 34 17 170 46085 485 17 170 17 485 17 34 17 34 1258 34 485 34 17 34 17 17 34 74 1601 34 17 485 74 17 34 1717 34 34 34 34 34 485 170 34 17 34 34 17 34 34 1601 485 17 34 485 34 5410 10405 34 74 34 1601 485 485 17 485 17 34 34 17 4357 485 34 3737 485 74 17 485 485 34 34 17 17 5185 485 34 1601 202 170 485 485 34 74 34 485 17 485 17 485 74 34 485 1601 485 202 74 485 17 1717 170 46085 51077 34 485 485 34 485 170 485 74 170 101 1717 34 34 170 34 17 170 34 17 34 34 74 34 85 485 17 15317 74 10370 17 485 85 34 34 17 51077 13525 17 17 34 17 485 170 17 34 485 485 17 485 485 34 34 34 17 34 34 17 17 34 485 485 34 485 17 74 485 485 17 34 170 34 17 485 34 34 3737 1601 34 170 1601 485 74 17 170 17 34 485 34 485 1601 485 1258 485 34 17 34 485 17 485 34 485 1258 34 17 17 34 17 485 34 485 485 34 49010 74 202 485 34 17 170 74 85 34 485 17 202 74 74 485 74 485 485 74 34 17 16825 17 85 1765 17 34 17 74 485 17 4357 485 485 34 34 485 17 51077 17 34 34 170 74 34 34 17 170 485 17 202 17 17 34 17 34 17 34 202 34 485 17 34 5185 17 1717 202 485 10405 34 485 485 34 34 10405 34 34 202 17 485 485 1601 17 17 485 17 485 17 170 485 34 74 34 485 5185 34 17 1258 485 485 17 17 17 17 17 85 17 485 170 1717 485 1717 485 485 485 170 34 485 485 17 34 202 17 1717 34 17 485 34 485 17 17 34 485 485 17 17 74 17 17 34 34 34 485 34 34 170 1601 17 34 34 34 170 34 17 1601 17 170 34 17 34 485 34 17 74 202 17 17 17 34 485 17 485 485 1601 1258 485 202 34 485 34 17 170 485 485 34 74 17 34 17 10 485 17 17 202 4357 485 17 74 34 17 485 34 34 202 17 17 202 485 170 85 74 485 485 17 17 381925 34 34 85 17 34 34 17 34 17 17 34 34 34 485 485 34 74 485 34 74 34 74 485 485 485 5365 485 34 17 34 34 485 34 34 74 17 485 170 485 485 3737 170 34 17 49010 34 4369 34 17 34 1601 485 17 17 485 485 17 1717 2876417 18685 485 34 74 485 17 34 85 17 485 485 485 170 485 17 17 34 17 884425 5185 485 485 34 170 485 17 485 485 17 17 34 1601 485 85 74 17 3737 19018 74 170 34 485 485 202 34 34 170 5185 34 1601 485 485 485 34 34 485 17 34 34 485 17 34 485 34 34 17 17 202 17 485 485 34 74 34 34 1258 17 34 34 17 34 485 34 17 74 485 485 4357 485 485 170 485 485 485 17 34 17 17 156658 202 34 485 17 202 485 1601 10405 34 485 85 1601 34 34 34 17 34 485 85 17 34 17 485 34 485 34 34 485 485 34 34 34 1601 485 485 485 1601 34 485 34 5185 74 74 1601 34 485 485 485 485 485 485 485 485 34 1601 17 17 34 17 1601 34 170 34 485 34 18685 17 34 34 34 17 17 34 485 3530 34 34 485 74 170 8245 34 485 17 1717 485 17 485 17 34 170 34 34 17 17 485 485 34 485 74 34 202 34 485 34 34 170 202 17 17 485 202 485 34 485 17 485 485 485 34 17 485 17 34 34 170 485 34 1601 170 1258 485 202 485 34 17 17 485 17 74 34 34 170 485 485 34 485 485 17 485 485 17 34 34 17 202 34 17 485 1601 34 85 34 17 17 34 34 17 34 170 17 170 34 17 17 34 34 202 17 17 485 34 17 17 17 485 485 17 17 17 17 34 34 485 17 17 485 485 34 485 34 485 17 51077 24050 5410 34 485 170 485 34 485 17 485 170 34 17 1601 202 34 202 34 17 485 34 34 74 485 485 1601 34 1258 485 17 485 34 34 34 485 485 49010 485 485 485 17 17 485 485 34 34 485 36101 538645 1601 17 17 10370 170 170 17 34 34 272485 10 34 202 17 85 17 34 17 34 17 74 202 74 17 1601 34 485 485 34 17 34 34 3925 202 34 485 3737 34 17 34 202 485 34 34 485 17 17 34 202 34 34 34 17 1601 17 485 74 170 34 1258 17 1889849 17 485 34 5185 170 1601 34 17 74 85 17 485 74 34 17 34 5185 17 202 17 485 202 485 1601 34 5185 74 17 17 17 34 485 4357 74 34 1601 17 17 34 34 74 34 34 1601 485 34 17 485 485 1601 485 17 485 170 485 202 1717 485 34 17 485 34 34 85 1601 34 17 34 34 17 485 34 17 17 34 74 17 1601 34 74 485 485 485 34 1258 34 74 17 34 3737 1717 1601 17 34 485 34 34 34 485 34 34 485 34 170 1258 34 17 34 485 17 34 34 202 17 17 17 17 34 34 17 34 74 485 485 17 485 720002 485 34 34 34 695185 1601 74 34 74 485 4357 34 17 485 17 34 485 34 202 34 34 485 34 34 170 17 1717 34 17 74 74 202 34 34 485 170 34 485 485 485 17 3530 34 34 170 34 34 17 34 485 34 485 34 34 1601 17 17 485 74 34 34 34 34 17 34 17 74 17 17 17 17 485 17 485 34 34 34 485 17 34 1601 34 34 4357 46085 74 485 8245 485 34 34 17 485 485 17 17 202 34 74 485 485 17 34 485 34 1601 34 538645 17 85 8005 34 485 34 34 34 1717 17 17 17 34 34 34 17 485 485 485 1717 34 34 485 485 485 17 485 34 34 3737 34 1258 485 17 17 17 74 17 5185 34 34 17 34 74 17 202 34 34 17 485 74 34 17 1717 485 34 17 17 34 34 1601 485 1717 485 17 34 17 485 202 17 74 34 34 17 34 17 34 485 74 485 170 17 485 485 170 34 34 74 17 34 74 485 34 34 34 34 1258 74 74 485 170 1258 17 485 51077 17 17 34 17 34 34 34 4357 485 34 17 1258 485 17 17 485 485 34 1601 17 1258 34 34 485 74 485 17 34 485 17 34 485 485 1717 485 2425 34 34 34 34 17 34 34 17 485 74 34 485 34 170 17 34 485 485 85 2425 17 1258 74 34 34 485 17 17 485 17 17 4357 5185 74 17 1601 170 17 202 34 18727202 17 17 74 34 485 34 10405 34 485 1717 34 170 485 17 1601 170 34 4369 485 1717 485 3737 34 485 17 34 17 34 34 485 34 1601 485 34 34 485 34 34 34 17 34 17 17 17 34 62725 34 3737 74 17 17 485 34 17 170 1601 485 34 485 34 17 34 34 34 485 34 34 34 1601 5185 485 485 34 485 485 17 74 17 170 485 17 485 485 34 34 17 34 485 74 34 17 34 17 485 17 34 34 34 34 485 74 34 485 485 74 485 1258 485 485 1258 34 34 17 34 485 34 34 34 485 17 17 17 34 34 34 17 17 34 34 34 34 34 170 17 485 485 34 74 170 74 170 10 485 485 3737 34 17 17 17 17 34 1258 34 202 17 74 34 34 17 85 485 17 34 18685 485 17 485 34 485 170 34 17 34 17 485 34 17 34 74 1717 34 17 17 17 34 10405 17 74 34 74 17 485 485 485 17 485 485 34 34 157625 202 34 34 34 34 45002 34 34 34 34 170 485 17 17 17 485 34 202 17 485 485 74 17 485 34 17 74 485 74 17 34 74 485 485 170 34 17 74 17 485 34 34 1601 17 34 17 4369 485 485 485 1601 17 170 485 17 34 170 170 485 4357 1258 34 485 74 34 720002 1258 10405 170 202 485 17 17 17 170 17 1601 485 74 485 202 17 3925 17 202 34 202 1717 1717 34 17 485 74 34 17 34 34 17 34 34 34 34 485 485 170 74 202 17 34 485 17 17 1601 17 34 34 74 49010 34 485 17 34 485 1601 170 34 17 34 17 17 34 34 34 34 17 17 17 85 1717 485 34 74 17 34 34 1717 34 17 485 34 17 485 10405 3925 17 170 202 485 34 17 17 485 485 170 10370 485 34 202 1717 74 17 485 74 485 17 34 17 17 74 17 17 17 485 1601 485 17 74 34 34 485 34 17 17 34 34 74 485 17 34 34 74 170 170 485 485 202 485 17 74 485 34 1601 17 15317 17 202 485 34 485 3737 485 17 485 34 485 34 34 74 202 17 17 485 485 17 34 485 74 34 34 34 12325 202 170 485 170 85 17 34 202 17 34 17 17 485 34 74 34 17 34 34 17 17 34 17 485 485 34 17 485 34 485 17 170 17 34 34 1258 273205 34 34 202 34 34 34 1601 485 34 1717 34 485 17 17 34 485 485 17 485 485 17 485 170 485 1258 34 74 17 74 485 34 170 485 485 485 17 17 17 17 170 170 485 34 17 46085 485 17 17 34 17 1258 34 485 17 36101 170 17 34 34 34 34 17 136085 1601 34 17 34 485 1601 34 5185 485 17 34 202 1717 34 34 85 10405 74 17 17 485 485 34 74 34 17 17 17 485 485 34 34 485 34 17 34 34 34 34 74 34 34 485 202 34 34 34 51077 485 34 8005 34 485 17 485 485 1601 34 17 34 485 74 74 170 485 34 485 17 74 85 34 34 34 3737 74 85 17 485 34 485 34 1258 17 34 17 1601 485 34 17 17 17 74 17 17 34 34 17 485 34 34 34 17 485 485 34 34 34 188065 17 17 1258 34 17 202 34 34 74 74 17 485 5185 34 4357 34 34 17 485 34 485 17 485 34 202 485 61217 485 17 34 17 74 85 17 34 170 34 202 17 34 1601 34 17 485 170 485 17 17 51077 34 485 485 485 485 170 17 17 4357 485 485 17 485 1601 34 34 485 17 170 74 17 202 485 5185 170 34 1601 34 34 34 74 485 34 34 5185 74 17 485 34 17 34 34 465125 1258 17 485 17 9802 202 34 34 485 485 485 17 1258 17 17 34 74 34 1717 34 202 485 202 34 17 485 170 34 17 17 485 34 485 17 485 34 34 34 485 485 1717 17 34 34 170 17 34 485 485 34 34 5185 34 202 1601 34 485 34 485 34 34 34 1717 34 34 17 485 485 34 170 170 34 485 34 485 17 34 485 74 17 17 17 485 485 34 17 34 34 17 34 17 5185 34 5185 485 485 34 34 17 17 17 34 485 34 485 485 34 485 34 1601 202 17 17 34 74 485 485 1601 17 485 17 17 74 5185 17 485 485 485 485 34 17 17 34 17 17 17 34 17 17 17 34 74 485 202 485 10405 34 485 485 34 17 34 202 17 74 17 17 17 34 17 17 485 17 485 1601 170 34 34 17 485 485 485 17 3946465 74 202 34 34 170 17 485 485 5185 170 170 485 1717 74 485 170 34 34 485 485 34 34 74 485 34 485 4357 202 485 34 10405 170 34 485 74 17 34 34 10653730 1717 485 17 485 5185 5365 34 29045 485 286565 485 34 17 34 74 485 74 74 34 17 34 17 1717 17 34 34 74 34 34 17 34 34 202 17 485 485 485 485 485 485 34 10405 170 46085 9802 1601 34 34 19018 17 485 74 17 485 485 485 34 34 34 34 17 202 34 74 485 485 17 17 34 34 34 17 34 34 485 485 34 170 485 17 17 34 34 17 18685 17 34 34 34 17 485 85 202 74 485 34 17 17 34 17 485 10370 34 34 485 17 485 74 34 85 485 8245 17 34 1717 74 17 1717 485 18685 74 34 34 170 485 485 34 74 17 485 74 3925 17 202 34 34 485 17 34 34 17 17 485 3737 34 74 34 34 485 34 202 17 17 1717 34 85 17 4369 34 74 17 202 17 34 34 485 485 485 485 34 1717 485 74 34 170 34 485 34 485 34 4357 34 485 485 34 17 46085 202 485 170 34 34 485 34 34 17 485 17 2113145 34 202 74 34 485 74 485 3737 34 485 170 485 34 34 34 170 17 74 485 34 34 485 34 485 1601 170 485 46085 34 485 34 17 34 85 1227434 17 202 202 17 485 17 85 74 17 17 34 34 34 34 34 202 74 1601 485 74 17 34 34 34 1601 34 17 17 34 34 34 34 202 485 34 1601 17 170 17 485 1601 34 17 485 485 17 34 34 34 485 485 34 34 17 34 34 17 34 34 485 17 485 34 34 74 485 17 34 485 202 9802 17 74 170 34 1601 17 34 34 17 170 485 34 74 485 17 5185 17 485 34 34 34 485 17 17 17 34 485 49010 17 34 1601 485 17 5185 34 3737 17 170 1765 720002 485 8245 202 485 170 170 34 170 34 485 202 485 170 17 485 485 74 34 17 17 5185 34 202 8304517 170 1601 17 34 202 17 74 485 34 34 34 34 485 34 34 74 34 17 34 1601 34 2425 17 1601 34 34 17 485 485 1601 34 485 485 485 157625 485 17 34 485 17 485 485 485 34 34 34 17 485 485 34 170 34 485 485 34 34 485 202 485 485 74 34 17 485 34 27217 485 485 485 34 17 17 74 485 34 18685 170 1717 34 17 34 485 485 17 485 170 202 74 485 485 485 34 170 34 485 485 485 170 485 485 34 17 202 34 485 34 485 17 5991050 485 17 17 34 485 1601 34 17 34 34 17 122434 485 34 34 34 17 202 17 74 170 34 485 17 17 34 34 17 34 34 17 74 17 34 51077 17 170 34 485 485 34 17 34 34 485 34 74 34 17 17 74 485 34 74 170 74 485 74 17 34 485 17 485 485 202 74 17 34 170 34 34 485 17 17 485 34 34 74 17 34 17 485 17 34 34 202 34 74 202 202 17 170 17 1601 17 202 1717 3737 17 74 34 34 34 17 17 170 34 10370 34 74 17 17 34 17 34 74 46085 17 34 202 34 34 202 34 485 74 485 34 485 485 34 17 485 10405 17 485 74 485 485 74 74 17 5185 485 1601 485 17 74 34 170 34 485 10405 74 485 170 17 34 485 485 1258 17 485 1717 485 17 17 485 17 34 485 485 17 485 17 1258 485 485 17 1601 485 17 485 34 485 485 34 485 17 17 485 485 485 34 34 34 485 17 485 1601 1717 34 485 485 74 485 485 485 34 74 485 485 170 34 1717 34 34 34 17 2425 17 34 485 17 1258 3737 34 485 485 34 34 34 34 17 485 485 74 34 17 34 485 17 202 485 74 485 34 485 34 34 34 17 34 485 485 485 17 485 17 485 485 34 17 17 485 170 17 4357 485 34 17 485 34 17 170 34 34 34 34 34 485 485 34 202 485 485 1601 34 170 34 485 36101 17 202 1258 17 202 34 34 1601 34 49010 34 17 34 34 34 17 17 17 485 170 17 34 34 85 34 202 74 485 34 17 34 15317 34 15317 34 120250 1601 485 485 485 202 34 485 34 34 485 485 17 34 34 34 34 485 485 485 34 202 74 1601 17 485 18685 17 170 485 34 34 34 485 485 10405 202 74 17 485 85 202 74 34 34 17 17 74 485 34 17 485 34 34 2425 34 1601 485 17 34 485 485 34 1601 17 485 485 485 17 485 51077 34 34 17 36101 17 17 17 34 17 485 34 485 51077 485 17 34 1258 1601 34 485 17 485 485 485 74 34 34 485 51077 74 485 34 74 10405 17 17 34 17 17 485 17 1601 34 34 34 74 34 17 34 34 34 34 485 3737 17 170 485 485 17 485 34 1601 34 17 17 18685 17 485 485 485 34 170 485 312505 485 34 3737 17 34 1601 17 34 170 34 485 34 17 485 202 485 34 3737 188065 74 485 34 34 17 485 485 170 17 34 170 34 485 17 17 485 485 485 17 34 34 17 34 34 74 34 34 34 17 74 34 4369 485 485 34 74 34 485 17 170 17 34 17 51077 485 34 17 4357 34 485 17 202 18685 34 17 17 34 202 34 34 34 34 17 34 34 485 170 485 34 34 485 34 34 34 17 485 34 1002530 74 485 34 17 34 485 17 17 29045 34 485 17 34 34 34 485 13450 17 34 485 17 485 1717 485 202 485 34 34 34 485 170 34 17 17 34 74 17 17 17 485 1717 1601 17 1717 485 17 34 485 17 17 34 485 485 17 74 34 34 34 34 1717 17 34 17 485 170 34 34 1601 485 17 17 74 74 170 34 34 34 485 17 1717 17 34 34 485 3737 17 74 485 1258 34 17 17 170 170 170 17 170 485 170 34 51077 485 34 485 34 34 485 170 34 485 17 202 485 17 34 34 485 34 3737 34 34 17 485 34 3737 170 17 34 17 485 17 485 34 34 17 34 17 485 1258 34 17 485 17 34 170 17 34 1601 485 17 485 10405 34 34 17 202 34 3737 34 34 485 46085 17 17 485 485 170 170 34 74 170 485 202 34 34 485 485 17 34 34 85 170 485 34 485 17 17 34 34 74 34 34 1258 485 17 74 485 485 485 485 34 34 17 34 485 202 485 485 17 485 34 202 34 485 34 485 34 34 34 34 485 34 170 170 485 51077 34 17 74 1717 1601 17 17 17 485 202 17 485 34 17 74 34 17 17 34 34 170 34 17 34 34 5185 485 485 485 85 17 485 34 485 34 34 34 485 34 34 485 34 17 485 34 485 17 34 10405 34 170 485 485 202 1258 3737 17 202 74 34 1717 1717 170 34 202 17 34 202 34 17 170 61217 34 485 17 10405 34 34 1601 3737 17 485 5185 49010 1258 3530 17 34 34 74 485 34 34 485 485 17 18685 485 202 34 34 485 34 17 34 17 34 17 46085 485 17 485 1601 170 17 485 17 17 17 1601 170 485 485 34 34 34 34 17 24050 34 17 74 202 74 485 34 34 17 17 74 17 3737 34 34 17 485 34 485 170 485 202 17 485 74 485 17 34 17 485 485 17 34 17 170 17 17 17 34 202 1717 485 5185 34 34 17 485 485 17 34 34 1601 34 485 17 34 170 485 17 34 485 17 34 34 34 485 34 17 3737 17 34 170 74 485 485 17 34 1258 17 485 74 1601 170 17 34 34 34 170 5185 485 17 485 74 202 34 485 34 485 485 34 85 485 17 34 34 485 1717 34 170 170 485 34 485 34 485 85 34 485 1570 17 34 34 17 34 34 34 485 485 485 34 485 17 485 74 74 17 34 17 17 202 85 34 485 485 202 34 485 170 1717 34 485 34 17 485 17 1601 485 34 17 34 17 34 34 485 202 170 34 485 17 60810425 74 18685 34 17 485 17 17 34 485 17 34 17 17 485 17 34 74 34 485 34 10405 74 74 485 1601 485 485 34 170 1717 34 34 74 1601 74 17 485 74 34 17 485 34 34 34 485 485 202 34 485 34 34 17 34 485 34 74 485 17 74 34 485 485 34 1717 74 485 485 51077 34 170 34 1717 17 34 34 485 34 34 202 34 34 17 202 17 74 17 485 34 46085 34 17 485 34 34 17 34 46085 1717 34 34 34 74 202 17 34 1601 1601 89725 34 17 17 34 17 485 485 485 5185 1717 34 485 1601 85 17 34 202 74 485 34 34 485 17 17 34 170 34 17 74 17 34 34 17 51077 17 34 170 2876417 17 74 17 17 34 34 3737 485 17 485 34 17 34 485 170 74 34 34 17 485 170 34 485 1717 34 170 1601 485 485 17 170 485 485 17 1258 485 34 485 485 17 34 170 34 17 34 170 485 170017 34 17 34 17 1601 17 34 2594 17 17 485 170 34 485 485 34 485 1717 485 34 10370 74 485 1717 10405 17 34 485 34 485 485 34 485 34 170 34 485 34 74 485 34 485 485 17 1258 34 85 34 34 34 485 34 17 34 10405 17 34 17 17 34 485 202 34 17 34 51077 85 17 1717 34 17 1601 485 34 220505 34 34 17 17 34 485 485 485 34 485 34 485 1601 34 485 74 1258 1601 17 34 85 34 34 170 17 202 17 485 17 485 17 485 34 1601 485 34 17 17 17 17 34 485 34 485 34 74 34 34 202 485 485 485 34 2672930 34 34 17 1601 170 17 485 538645 485 485 17 34 17 1601 485 485 170 17 34 170 34 17 17 170 34 170 485 74 17 4357 17 74 17 74 17 74 17 34 1601 34 17 34 17 465125 85 170 34 17 34 170 485 1717 34 74 34 34 34 17 170 485 74 17 34 17 34 34 17 17 5185 34 1601 17 34 1717 485 34 485 170 34 34 485 34 34 17 34 74 34 34 74 485 485 170 170 34 85 5185 17 74 3849850 34 34 17 34 74 202 765034 17 17 485 17 485 17 34 34 1717 17 17 485 85 51077 202 485 17 74 17 34 34 34 34 1601 17 485 17 51077 17 17 34 17 485 485 34 170 485 202 485 485 34 34 17 170 485 17 17 485 202 485 1601 17 485 17 34 485 34 17 34 202 34 17 34 34 17 17 17 17 485 17 34 485 485 202 17 485 34 34 74 170 34 1601 34 485 17 17 34 1601 5185 34 34 485 34 485 202 485 485 17 17 34 485 5185 485 1601 17 485 485 34 34 202 170 34 17 17 34 17 34 17 34 170 202 34 34 17 170 34 485 17 74 17 17 17 34 17 34 17 74 485 34 286565 1717 3737 34 485 2425 17 485 74 34 74 34 34 485 74 46085 34 34 1601 34 34 34 485 46085 485 17 485 485 34 34 34 240101 485 485 17 34 34 26690 74 17 34 74 170 1258 34 17 202 485 170 1717 34 17 17 202 485 485 34 170 485 485 202 34 17 485 17 34 17 74 485 17 485 34 1601 17 17 485 17 485 74 485 17 74 17 485 3737 34 202 34 485 17 17 34 17 485 1717 17 17 202 34 485 485 34 17 17 34 34 34 485 485 10 34 485 34 170 34 485 485 34 34 34 485 1717 17 17 34 17 485 17 74 17 34 17 34 34 485 170 17 74 10 74 17 34 485 202 17 170 34 485 170 85 5185 17 17 17 34 485 3737 540802 34 34 17 202 485 3925 17 34 485 51077 17 17 17 188065 74 74 485 34 34 85 485 485 34 202 485 74 34 485 202 485 34 34 202 17 485 1601 34 34 485 34 1601 34 34 485 74 170 17 34 485 17 34 485 34 5185 34 17 485 485 17 34 485 17 1717 17 1717 34 85 485 34 34 485 34 485 34 17 34 170 17 17 485 485 485 55114 34 1601 17 34 485 34 74 485 17 34 17 34 34 485 74 485 1601 202 34 485 485 34 5997634 17 17 17 34 34 34 17 34 485 17 485 34 136085 485 485 1258 485 485 17 74 4369 34 17 485 485 17 485 17 485 34 485 34 17 202 170 485 485 4369 34 17 485 51077 34 485 485 485 34 485 34 34 17 17 34 485 170 34 485 202 17 170 17 485 485 1601 17 1717 485 34 485 17 485 485 1717 17 34 3925 485 34 17 485 34 34 74 485 85 34 485 485 34 34 485 34 17 170 485 485 1717 485 485 202 202 34 17 1717 485 74 485 34 17 17 34 17 74 17 17 485 485 34 34 34 34 34 485 485 202 34 485 17 85 17 34 17 485 17 17 1717 17 170 17 17 74 17 17 17 17 17 34 74 34 5185 170 485 34 2281250 34 34 34 34 3530 34 34 17 74 485 17 485 34 485 49010 485 485 34 170 485 17 34 34 485 74 34 34 17 485 17 8245 17 485 17 17 485 202 34 4357 485 74 34 34 485 17 485 17 5185 17 5185 17 485 485 485 17 485 34 1601 85 202 34 34 17 485 34 485 17 17 34 34 1258 34 17 34 170 34 34 17 485 485 34 34 17 34 485 34 485 485 485 17 17 485 17 17 34 17 34 17 34 485 17 34 34 170 17 34 485 485 485 485 17 34 485 74 85 34 34 74 34 74 34 485 170 485 34 202 485 34 17 1601 17 17 34 485 17 485 34 34 465125 34 17 1018145 34 34 17 485 17 5185 3737 34 485 74 202 485 17 34 3737 17 485 74 34 485 1258 17 85 74 485 34 34 17 10370 34 34 34 485 17 34 17 485 34 34 485 74 34 17 202 17 485 485 17 170 1601 485 34 17 17 34 34 202 485 485 17 34 485 34 17 34 485 485 17 17 485 51077 34 17 485 17 1258 34 34 17 34 17 485 485 34 34 485 74 17 34 485 170 17 485 34 17 17 34 34 485 485 34 485 485 17 34 485 34 485 61217 74 34 46085 485 34 17 17 485 485 485 485 485 34 34 485 485 485 17 17 485 17 17 485 34 34 703250 485 485 34 74 17 34 34 34 202 34 485 34 74 17 34 485 34 17 17 17 17 17 74 170 17 485 485 485 17 1601 34 17 34 17 34 34 485 17 34 17 34 34 1601 34 17 34 485 34 17 485 485 34 17 74 34 34 34 202 34 170 17 34 485 34 51077 170 2679625 17 485 170 17 170 34 34 170 51077 485 1601 34 17 485 17 74 34 1601 34 34 485 17 34 485 485 34 182002 34 17 17 1601 17 34 34 17 34 485 202 485 485 74 17 485 34 17 34 34 1717 74 485 34 34 485 170 1133458 17 17 34 17 485 74 74 1258 485 34 34 3737 485 10370 1717 485 34 2020202 34 17 485 74 17 202 74 485 74 34 34 202 17 485 34 485 485 34 485 34 485 17 34 485 17 485 485 485 17 17 34 538645 34 34 17 170 17 170 485 34 17 485 17 202 202 34 17 485 485 34 485 17 202 1601 74 34 34 170 34 1601 85 485 1601 17 34 34 74 17 34 34 34 17 170 74 17 17 34 34 1601 10405 17 17 170 34 34 34 17 17 202 485 17 5185 485 485 170 17 170 17 485 34 17 34 17 485 170 34 17 485 34 74 17 17 202 17 17 34 170 485 157625 74 485 17 74 485 17 170 34 34 17 34 170 485 485 17 202 485 485 17 17 485 17 34 34 34 1601 17 202 17 17 485 485 34 202 34 1089010 5185 17 17 10 34 1717 34 17 485 34 34 485 74 17 10405 202 1601 17 1601 485 34 17 485 34 485 17 34 74 34 170 34 485 1601 34 485 17 34 34 485 485 34 17 34 34 34 17 34 485 34 485 485 202 34 34 202 17 34 34 34 485 17 34 17 485 74 34 34 3737 1717 17 34 485 485 485 34 34 170 17 485 17 485 34 485 34 1601 34 74 170 34 17 1717 485 17 17 74 34 485 17 34 202 74 17 485 485 485 17 485 46085 202 485 74 17 1601 17 34 74 34 17 485 34 17 485 485 485 85 19018 485 170 34 170 485 485 74 17 485 34 4357 17 51077 85 5185 17 4357 485 1765 17 485 17 485 17 170 34 485 485 170 34 17 17 170 170 34 1601 34 1717 34 170 485 17 34 17 17 17 485 485 17 485 202 17 485 74 15317 17 485 74 74 170 170 485 485 34 34 485 34 17 34 34 485 485 85 485 17 1717 34 34 85 485 1717 17 34 485 261994 34 485 34 34 485 17 1258 74 74 485 485 34 485 485 74 17 34 17 34 34 485 485 1601 1717 34 34 485 485 34 17 1601 485 381925 34 34 485 3737 17 34 202 485 17 17 34 74 34 17 74 485 202 4357 34 34 17 485 34 17 49010 17 17 34 74 34 34 170 3925 1601 34 51077 34 17 34 17 34 17 34 17 17 485 17 485 34 170 202 202 34 485 17 34 5185 485 34 74 17 485 485 485 485 170 485 34 74 34 34 485 34 202 34 485 34 17 17 485 34 34 10370 170 485 34 10405 34 370 17 485 485 485 34 34 17 74 485 170 202 122434 34 485 5185 485 74 485 74 74 34 19018 34 17 34 17 17 17 485 170 485 17 34 34 170 18685 1601 34 34 485 485 485 485 485 17 17 34 485 202 34 17 34 34 17 485 485 17 34 4369 62725 170 485 17 17 17 17 1601 485 34 34 485 17 17 34 34 17 485 17 485 485 17 17 34 170 34 17 170 34 17 17 34 34 34 17 17 34 17 34 1601 74 1601 74 485 17 17 485 17 17 17 170 485 34 17 17 17 485 202 34 485 17 34 85 485 17 202 34 17 34 485 17 3737 5185 239434 485 34 170 17 485 34 170 202 485 34 485 17 34 485 51077 3737 17 485 485 74 485 485 17 485 485 34 1601 485 34 485 485 485 17 17 17 34 17 34 34 17 485 17 34 34 485 485 34 10370 485 1601 485 34 17 485 34 1717 46085 1002530 34 485 170 485 17 34 485 485 485 34 170 1717 17 17 485 51077 34 34 17 74 34 34 170 17 34 485 485 17 3925 34 202 485 34 34 485 485 34 485 485 17 17 17 74 17 34 485 17 34 34 34 485 17 17 485 679730 170 1258 170 17 170 17 36101 17 8245 17 5185 34 10405 74 74 17 485 3737 34 170 34 5185 17 34 34 17 17 34 17 170 46085 17 17 169010 34 17 485 485 17 34 46085 1601 485 34 34 17 17 17 17 485 485 74 17 34 34 10405 74 17 34 485 17 74 10405 34 17 485 17 34 485 34 485 34 170 1717 17 34 10405 34 34 485 34 170 34 1601 170 485 34 17 17 34 485 3530 34 1601 17 4357 34 485 17 34 34 485 485 1717 1601 17 34 34 202 485 485 485 74 18685 485 34 17 34 170 34 34 1601 74 485 170 74 970 34 1601 1601 17 34 34 17 34 34 34 485 501265 17 51077 17 17 34 485 485 34 74 17 74 3530 34 485 34 17 34 74 34 34 34 17 74 485 17 485 17 34 17 17 17 34 34 1601 485 485 485 1601 170 74 17 34 485 1717 485 17 17 17 17 34 485 3737 34 17 34 1258 485 74 170 312505 46085 1601 34 3737 34 34 485 34 51077 17 170 34 485 34 34 34 485 17 485 170 485 1601 485 34 485 485 34 49010 34 17 34 34 17 74 34 485 2113145 7474 34 17 17 485 17 34 34 202 74 202 17 485 485 485 170 1717 485 485 485 74 485 74 34 34 34 202 85 74 17 17 17 170 34 485 17 74 17 17 34 485 485 34 34 485 17 34 34 17 485 34 485 17 34 74 51077 485 485 17 17 202 34 3530 34 485 34 485 34 34 74 1601 85 34 34 10405 34 485 202 34 34 485 170 17 17 17 485 202 485 74 34 34 34 202 34 34 202 17 34 485 74 34 74 17 8005 485 170 485 485 485 485 34 17 17 17 17 17 17 1601 34 17 17 34 485 34 17 34 17 74 74 34 49010 485 34 202 485 34 485 34 34 34 34 17 202 1717 34 17 74 3737 485 34 17 202 34 202 485 34 485 17 485 34 74 34 34 34 17 485 485 17 485 34 485 85 17 51077 17 485 34 1601 485 485 485 34 34 485 485 34 1601 34 485 17 485 202 34 74 46085 17 34 34 170 34 485 74 34 17 34 485 1601 34 34 1601 34 17 485 34 485 1717 17 74 34 17 34 34 34 17 485 17 74 1717 485 17 74 485 34 34 34 34 485 34 34 170 34 485 1654865 17 34 17 34 485 34 17 485 34 34 485 485 485 485 485 34 17 34 34 370 17 34 17 34 485 170 17 485 485 17 3737 34 17 17 485 34 34 10405 485 34 485 34 34 34 34 170 1601 485 34 3530 485 17 17 17 34 485 485 485 485 17 485 34 34 17 34 74 1717 34 17 1601 485 17 17 1717 17 74 34 485 170 1601 17 485 485 34 17 34 34 74 485 17 17 34 485 34 34 485 485 34 17 17 485 34 34 17 485 34 34 485 202 17 485 1717 17 17 34 485 1258 485 12325 485 34 34 485 485 34 4369 170 170 17 17 34 17 17 17 17 485 17 485 485 74 34 34 17 34 17 34 170 485 5185 1601 34 1717 34 17 17 34 202 17 3737 34 34 17 1601 485 34 34 485 5185 485 34 485 202 170 34 485 170 485 1717 170 3737 17 485 34 381925 34 1240025 17 74 17 34 34 17 34 74 89725 34 34 34 485 34 18685 485 34 17 34 17 170 170 1258 85 34 17 17 1601 1601 34 34 34 485 170 74 485 17 34 34 485 170 17 485 485 34 485 34 74 8245 34 17 1601 34 17 202 34 34 17 17 485 34 74 34 34 485 485 1717 13525 1258 34 46085 17 1601 485 1258 34 17 34 485 34 17 34 485 34 34 34 17 34 8245 485 485 17 1601 17 34 485 485 34 485 17 34 485 202 17 34 485 170 34 74 485 485 485 485 485 1601 485 202 17 34 17 17 85 34 485 17 34 170 485 485 34 17 170 170 17 34 17 3737 34 34 1717 17 17 3737 485 34 485 485 485 34 17 485 74 34 1601 17 34 34 17 485 17 17 17 17 485 202 74 3737 34 34 17 17 34 485 485 17 485 34 485 34 485 34 34 17 485 485 370 17 485 17 170 202 17 74 34 202 34 17 202 202 34 485 49010 485 485 485 34 17 34 34 485 3737 17 51077 485 34 34 17 34 34 34 2917265 46085 485 17 202 485 170 34 34 12325 34 34 17 170 17 485 34 34 17 485 34 485 1717 34 1601 17 17 34 17 34 1601 170 85 485 34 34 3737 170 17 202 34 17 74 170 17 170 485 34 170 74 17 34 1258 34 485 5185 17 485 485 202 485 34 202 34 485 1601 1258 51077 34 34 34 34 34 74 17 1258 17 202 34 17 34 485 34 74 485 34 34 34 34 17 17 17 17 34 485 34 74 34 485 17 170 85 17 17 17 17 485 485 34 202 485 202 34 17 485 34 485 17 17 485 170 34 17 485 34 485 34 17 485 17 74 17 170 485 34 1018145 17 170 34 5185 17 34 202 3530 34 34 170 34 170 485 34 17 85 485 3737 485 188065 17 51077 34 202 485 17 485 239434 34 34 485 202 202 485 34 3737 17 34 34 202 34 202 485 485 485 485 34 17 34 17 485 485 34 4357 17 485 17 17 17 36101 17 1258 12325 17 17 2425 17 17 485 74 485 485 17 17 85 34 34 485 485 17 34 17 34 485 170 1601 34 74 17 34 17 17 34 485 17 34 34 485 202 34 485 485 17 485 34 485 17 51077 34 202 17 34 34 485 34 34 34 17 170 34 485 34 3737 485 17 17 17 34 34 34 74 485 34 34 34 34 485 17 17 85 1601 202 10405 170 170 34 202 17 34 10370 485 485 34 17 3737 51077 485 34 17 34 74 34 485 485 202 34 485 202 485 485 34 74 34 17 17 17 17 34 17 34 74 485 17 17 1258 17 34 25925 34 485 485 1258 34 17 17 17 485 51874001 34 17 34 74 17 17 34 74 170 61217 485 74 74 34 1717 485 34 34 34 17 170 34 34 74 17 202 157625 34 34 17 679225 485 17 34 17 485 34 485 1601 2425 485 485 170 170 170 202 34 74 4357 202 485 34 95225 34 17 485 34 18685 17 3530 13450 1717 485 170 17 74 34 17 485 12325 34 17 5185 17 485 485 74 485 34 74 34 34 74 34 74 485 17 17 17 34 34 34 170 17 170 170 85 485 485 17 485 485 202 1601 485 485 74 85 34 17 485 202 485 1717 17 202 485 170 485 485 485 202 34 34 485 34 485 1717 34 170 1601 17 85 17 34 1717 170 1717 485 485 34 485 17 34 74 202 485 485 34 17 34 74 2657525 34 17 485 74 34 34 34 1717 74 3737 17 485 34 17 17 17 485 485 202 17 170 17 34 17 485 85 
1717 1717 12325 1717 865930 1889849 1717 12325 1717 1717 1717 1717 1002530 112370 170 1717 1717 1717 1717 170 12325 1717 1717 9802 12325 1717 10 12325 1717 1002530 170 1717 1717 170 12325 1717 12325 12325 1717 17 170 7474 170 12325 170 170 262450 1717 17 9802 1050905 59170 9802 161209 17 17 1717 1717 1717 1717 9802 1765 1717 1889849 1717 9802 9802 10 1717 170 1717 1717 17 12325 12325 1717 170 1717 1717 170 1717 17 1717 170 12325 1717 1717 9802 1717 170 9802 1050905 17 170 170 1717 170 9802 48674 11289601 12325 1717 170 1050905 1717 43797925 1002530 1002530 1717 1717 1717 1717 1717 1717 170 9802 12325 1765 112370 17 1002530 1717 1002530 170 17 1717 1002530 170 12325 1002530 112370 1717 1717 170 1717 190450 161209 1050905 1002530 1717 9802 170 1717 865930 12325 1717 3702634 7474 12325 1717 1717 59170 1717 10 12325 1717 1717 12325 1717 170 170 1717 1717 1717 1717 12325 1717 1717 1717 12325 1717 1717 1717 10 12325 1717 1717 1717 170 1002530 1717 7474 170 12325 1717 9802 10 17 1717 12325 9802 170 12325 6664085 6664085 1717 161209 1717 1717 1717 1717 1002530 1717 12325 865930 9802 1717 9802 1717 1002530 170 1717 12325 1717 170 170 1717 1717 12325 1717 1717 
85 5365 85 1331593 148138 19018 3530 485 987530 3530 3638050 485 3530 3530 34 5365 3530 34 6394645 17945 85 34 3530 19018 987530 3530 85 3530 3530 85 5365 3530 34 85 34 5365 3530 3530 85 85 1665074 34 485 3530 3530 85 34 3530 34 34 34 17945 1285 85 34 695185 85 19018 3530 34 34 5365 17945 19018 34 85 34 85 485 34 85 3530 485 485 3530 3530 85 17945 3530 85 1285 485 3530 19018 85 34 34 3530 987530 3530 17945 85 3530 34 5365 34 85 3530 34 3530 34 1331593 34 85 3530 5365 485 3530 3530 34 4850 3530 3530 17945 3530 34 3530 3530 3530 3530 1331593 5365 17945 3530 85 3530 5365 17945 3530 85 695185 17945 3530 85 34 85 34 85 17945 85 34 85 5365 19018 85 85 3530 1351370 34 485 85 21257650 1331593 3530 3530 85 34 485 85 695185 5 3530 987530 3530 485 34 3530 85 34 34 34 34 3530 34 3530 5 34 1142425 34 3530 1331593 1331593 85 85 34 34 85 3530 17945 3530 3530 3530 34 485 17945 3530 3530 3530 485 3959705 85 5365 34 485 3530 34 34 17945 34 3530 485 34 19018 5365 3530 6492725 34 5365 3530 34 5365 17945 1331593 3530 34 5365 85 5365 5 3530 34 3530 5 34 85 5365 34 34 34 3530 3530 5 3530 3530 3530 85 3530 3530 3530 3530 1285 85 34 3530 17945 34 485 5365 3530 3530 2036290 1331593 34 85 34 485 19018 34 3530 85 85 19018 34 3530 13577365 34 3530 34 485 3530 85 85 3530 3530 3530 3530 34 3530 3530 4284085 3530 34 34 485 7527530 3530 85 1349545 6394645 85 34 3530 3530 485 3530 34 17945 19018 2036290 485 5 3530 3530 85 34 3530 3530 34 3530 3530 1285 34 485 987530 485 1331593 85 34 34 3530 85 987530 3530 34 3530 485 85 34 485 85 85 5365 85 85 5365 34 5365 3530 3530 990002 485 34 695185 85 5 85 3530 3530 34 3530 34 85 85 85 5365 3530 85 3530 3530 485 85 3959705 17945 3530 85 3530 36101 3530 17945 85 695185 485 85 3530 3530 34 6394645 3530 8774210 34 19018 3530 3530 3530 3530 3530 5 3530 36101 485 3530 34 3530 3530 3530 85 485 34 36101 3530 85 3530 3959705 34 34 85 85 987530 485 987530 3530 4284085 34 3530 1285 485 695185 34 34 3530 3530 485 485 485 3530 5 3530 19018 485 34 34 485 34 3530 3530 3530 34 485 85 3530 3530 485 6472325 85 85 3530 4850 34 3530 3530 3530 4850 19018 3530 3530 3530 5 17945 3530 34 485 3530 4284085 34 3530 3530 5365 3530 3530 34 34 1285 34 485 3530 4850 485 6394645 85 85 3530 34 5 3530 485 485 12970 5 19018 85 85 3530 19018 85 34 3530 17945 2036290 3530 
8245 101 392005 74 101 8245 190450 202 1746485 2425 74 101 8245 74 8245 74 4369 456977 190450 74 16825 8245 363701 74 74 8245 74 101 8245 74 101 456977 286565 74 101 74 8245 8245 101 202 101 202 16825 74 101 8245 456977 8245 74 8245 8245 101 456977 101 74 74 8245 74 74 8245 202 8245 202 8245 74 101 317645 74 74 456977 101 101 456977 74 202 74 74 8245 202 74 74 74 101 8245 8245 8245 8245 74 74 74 8245 2425 8245 101 74 202 74 101 74 74 74 74 8245 1450 101 101 74 2465 202 2425 202 202 101 8245 101 202 101 10730 101 74 8245 74 8245 74 74 74 74 101 202 101 74 101 74 202 456977 1018145 101 456977 286565 101 202 8245 202 8245 8245 74 8245 101 74 74 101 101 74 101 8245 8245 202 363701 74 74 202 101 74 74 456977 74 74 363701 190450 8245 74 202 74 8245 101 8245 74 8245 202 74 456977 101 328250 8245 202 202 74 74 74 2425 202 202 74 202 8245 74 16825 8245 101 202 74 74 202 74 202 202 74 286565 12923530 10730 8245 74 74 202 456977 74 74 101 101 74 74 74 1746485 202 202 2455330 8245 74 101 74 74 202 101 190450 74 8245 456977 286565 101 74 74 74 74 10730 101 74 202 16825 16825 8245 202 74 202 31754 101 74 74 286565 202 101 101 74 74 8245 74 363701 101 74 8245 101 101 8245 202 370 456977 286565 74 74 202 74 74 74 8245 202 74 74 8245 202 202 8245 74 74 8245 74 74 74 8245 370 101 2425 101 74 101 202 1368778 11101850 8245 101 101 74 202 8245 8245 74 101 74 202 74 74 8245 74 74 74 101 8245 74 12923530 74 101 363701 74 8245 286565 363701 101 101 74 31754 74 190450 74 74 8245 456977 202 101 101 202 101 286565 202 8245 74 8245 74 74 74 101 74 202 202 286565 74 2425 456977 101 101 101 74 8245 74 202 1018145 202 101 202 202 101 74 101 74 101 8245 
170 20848357 9802 17 17 17 45002 6522730 17 45002 9802 170 170 61217 2570 170 45002 17 17 45002 17 170 170 45002 170017 45002 170017 45002 3597217 45002 17 170 45002 170 45002 679225 5301490 170 170 45002 17 45002 45002 45002 45002 17 170 170 17 679225 45002 170 17 170 261994 45002 17 17 17 17 170 45002 112897 17 45002 17 17 679225 170 170 17 170 17 510770 170 45002 61217 17 45002 17 17 61217 61217 767377 45002 61217 261994 45002 45002 170 170 17 170 17 679225 112897 17 45002 45002 9802 170 17 17 170 17 45002 17 45002 170 17 170 170 45002 17 17 45002 170 45002 17 17 112897 17 17 45002 17 720002 170 170 170 170 20848357 170 679225 170 170 170 17 45002 17 679225 17 43690 17 45002 720002 45002 45002 290 17 170 17 17 170 170 170 17 45002 17 17 170 170 45002 45002 112897 170 170 17 17 45002 17 170 170 170 170 45002 170 1534754 45002 45002 45002 170 17 45002 45002 9802 61217 170 17 170 45849890 17 170 679225 17 17 17 679225 17 45002 170 170 170 170 61217 45002 679225 170 261994 17 17 17 170 17 170 45002 17 45002 170 17 170 17 45002 45002 45002 17 17 17 45002 17 261994 17 679225 679225 17 170 170 720002 115202 17 45002 170 5301490 45002 17 170 720002 112897 45002 170 170 170 170 666658 170 61217 17 170 45002 170 170 679225 170 170 261994 170 170 17 170 17 112897 9802 45002 112897 17 170 17 170 17 45002 45002 61217 45002 112897 43690 61217 26810645 679225 17 17 170 17 17 17 61217 170 61217 45002 170 170 170 170 170 45002 720002 170 112897 17 170 45002 679225 112897 17 720002 170 170 45002 45002 45002 17 170 61217 170 45002 170 61217 17 170 170 17 679225 17 170 61217 17 45002 170 17 17 17 170 45002 170 170017 61217 170 170 45002 17 170 45002 679225 17 9802 170 45002 17 170 17 170 45002 170 45002 45002 170 61217 17 61217 170 45002 170 170 170 170 45002 17 45002 720002 45002 170 43690 45002 170 170 17 61217 170 679225 112897 170 17 170 170 45002 43690 170 170 17 45002 17 170 679225 17 22638565 767377 170 112897 45002 170 679225 17 679225 170 1918450 170 17 61217 170 679225 170 17 61217 170 6356597 170 112897 45002 170 45002 170 45002 17 170 170 45002 17 45002 17 17 17 45002 17 45002 45002 17 45002 17 17 17 170 170 170 17 170 45002 45002 45002 61217 61217 61217 720002 45002 17 170 26810645 17 17 17 45002 45002 170 17 45002 170 61217 45002 112897 61217 170 61217 170 45002 17 720002 170 17 45002 17 170 55114 170 170 17 45002 45002 17 170 43690 20848357 17 170 17 170 170 17 170 45002 170 679225 170 45002 45002 112897 45002 17 45002 17 170 45002 17 170 45002 17 45002 17 720002 679225 170 17 17 17 45002 17 170 45002 17 170 170 45002 170 17 170 17 43690 17 45002 170 170 55114 2570 17 679225 170 17 170 170 45002 17 170 45002 170 9802 17 170 17 45002 17 17 170 45002 170 45002 720002 9802 
170 61217 45002 170 131665 170 17 61217 45002 170 170 112897 55114 45002 170 45002 170 170 2212405 45002 170 170 45002 170 261994 170 45002 189540650 170 17 170 170 170 170 170 61217 170 720002 45002 170 170 45002 45002 170 45002 17 45002 679225 112897 45002 17 17 45002 17 6801665 720002 170 170 170 170 170 170 170 17 679225 45002 170 170 170 1534754 170 170 17 1534754 170 170 170 17 170 17 45002 170 170 679225 170 17 170 170 170 17 170 45002 679225 261994 170 170 170 170 679225 170 170 170 45002 170 679225 45002 45002 17 45002 45002 45002 170 45002 170 170 61217 45002 45002 170 170 45002 170 170 17 170 45002 720002 170 170 170 170 720002 45002 170 55114 170 17 720002 170 45002 261994 17 17 170 170 170 170 170 45002 170 170 61217 17 45002 27111269 679225 170 170 170017 17 170 170 45002 170 45002 45002 720002 8140885 45002 170 170 170 45002 45002 679225 45002 6356597 45002 170 45002 720002 170 170 720002 170 170 45002 45002 170 170 170 170 45002 170 45002 45002 45002 45002 720002 45002 170 112897 170 720002 17 170 43658050 720002 45002 170 45002 45002 679225 170 170 45002 170 170 720002 170 112897 170 61217 170 170 170 17 45002 170 720002 170 45002 170 679225 170 170 170 61217 170 720002 45002 45002 112897 45002 170 61217 61217 170 170 170 45002 45002 679225 170 170 170 45002 45002 261994 112897 112897 7623317 170 170 170 170 170 17 170 170 112897 45002 112897 170 112897 170 170 170 45002 170 170 61217 170 17 17 170 170 131665 45002 170 170 170 720002 170 45002 17 170 45002 170 170 170 17 45002 170 170 16907890 45002 170 720002 170 17 17 720002 261994 22141450 170 17 170 45002 45002 170 45002 679225 45002 112897 45002 45002 679225 45002 170 170 45002 2570 170 170 170 170 61217 170 45002 45002 45002 45002 170 170 45002 170 45002 45002 17 45002 112897 170 170 17 170 170 45002 45002 45002 170 1812445 170 720002 720002 170 170 170 170 170 45002 170 45002 61217 170 4900505 45002 170 170 45002 170 61217 170 112897 45002 170 170 170 170 170 170 45002 17 45002 112897 170 61217 170 720002 170 170 170 45002 61217 170 61217 170 45002 45002 720002 170 45002 17 2212405 45002 45002 45002 170 17 170 170 170 349615225 170 45002 112897 170 170 170 17 170 170 170 170 55114 170 261994 170 170 45002 170 170 170 170 170 17 8140885 170 17 170 45002 170 27111269 170 679225 45002 170 170 170 61217 170 45002 720002 170 170 17 170 
170 18685 13450 18685 19018 170 170 206890 18685 18685 170 170 19018 170 18685 18685 170 170 720002 170 18685 18685 18685 18685 5896985 13450 40542410 170 18685 170 18685 170 170 13450 18685 13450 170 727402 13450 13450 18685 19018 18685 18685 170 13450 18685 18685 18685 18685 18685 18685 170 170 170 18685 18685 18685 18685 18685 13450 170 18685 18685 13450 170 18685 170 18685 1450 13450 18685 18685 5657525 170 19018 34 34 19018 18685 170 170 170 170 18685 170 170 170 13450 170 13450 18685 18685 112370 170 18685 18685 34 34 19018 18685 18685 12144050 18685 18685 170 13450 18685 170 170 13450 170 34 43690 19018 170 18685 19018 19018 18685 170 170 19018 18685 170 13450 19018 170 170 170 170 13450 34 3145 13450 170 19018 13450 170 18685 170 13450 18685 19018 170 170 18685 18685 727402 5896985 170 36101 18685 18685 1450 34 18685 170 18685 18685 18685 13450 18685 18685 18685 34 18685 3145 18685 18685 13450 170 19018 18685 170 170 170 19018 170 170 727402 170 44975125 19018 13525 170 18685 34 34 18685 18685 170 34 13450 18685 13450 18685 18685 19018 3145 170 13450 170 18685 18685 170 18685 170 18685 170 18685 13450 18685 170 19018 170 19018 19018 34 18685 13450 170 18685 170 2076497 13450 18685 170 19018 18685 18685 18685 18685 19018 18685 170 18685 18685 19018 18685 18685 18685 44975125 19018 3145 170 463114 463114 170 18685 463114 18685 170 170 18685 19018 170 170 170 18685 170 18685 18685 18685 18685 18685 19018 112370 43690 18685 36101 36101 13450 19018 18685 170 51850 18685 170 18685 85 1450 170 13450 18685 18685 13450 18685 19018 18685 18685 170 18685 21578474 18685 19018 13450 170 18685 18685 18685 18685 19018 170 18685 170 170 170 19018 170 170 170 19018 18685 170 34 727402 54434 13450 19018 170 170 170 19018 3145 19018 13450 18685 170 18685 170 170 18685 13450 170 170 19018 13450 34 1018145 18685 19018 170 18685 145802 13450 36101 13450 36101 18685 18685 85 18685 13450 18685 34 170 18685 13450 170 19018 4930 18685 170 170 18685 463114 170 19018 18685 170 18685 18685 3145 170 18685 18685 170 18685 3145 18685 19018 170 170 13450 36101 18685 18685 13450 170 36101 34 112370 170 170 13450 112370 170 1018145 
1258 1258 1258 51077 1258 51077 51077 1258 58325 1258 1258 5185 51077 5185 5185 370 5185 1258 5185 190450 1258 51077 51077 1258 1258 1258 1258 10323970 903170 5185 1258 1258 1258 1258 51077 1258 370 1258 51077 1258 51077 1258 51077 1258 5410 1258 51077 1258 1010 2917265 1258 1258 51077 1258 1570 1258 1258 5005450 51077 5185 1258 1258 1258 1258 1258 1010 1258 5185 1258 5185 1258 1258 1258 51077 2917265 51077 1258 5185 51077 1258 1258 1258 1258 2917265 1258 5185 51077 1258 1010 1258 51077 1258 1258 1258 51077 51077 1258 110245 1258 5185 1258 381925 903170 1258 5185 1258 51077 1258 1258 1570 51077 1258 1258 51077 1258 110245 
74 16193809 27217 3946465 4357 74 27217 2281250 74 4357 8453945 16825 188065 4357 4357 188065 188065 2281250 4357 4357 4357 74 188065 74 4357 74 27217 188065 188065 188065 188065 16825 4357 74 188065 4357 4357 188065 2876417 27217 27217 3154177 74 16825 74 4357 188065 4357 27217 188065 188065 4357 4357 74 4357 1789834 4357 4357 188065 4357 370 4357 74 4357 1765 4357 74 370 4357 188065 74 4357 188065 4357 74 4357 74 4357 74 2876417 4357 188065 4357 4357 2876417 52539605 188065 74 3154177 4357 4357 4357 4357 4357 188065 188065 4357 4357 4357 74 4357 4357 4357 74 4357 4357 4357 4357 4357 27217 4357 4357 74 2876417 16825 4357 4357 188065 4357 29253025 27217 4357 16193809 27217 4357 4357 31945105 4357 27217 188065 74 19668994 2281250 4357 4357 188065 4357 4357 5218405 4357 188065 74 4357 4357 4357 188065 74 2876417 4357 3946465 74 188065 4357 74 74 4357 74 4357 188065 4357 4357 2517770 538645 4357 4357 188065 27217 1654865 4357 169010 2876417 16825 188065 4357 2281250 4357 3154177 538645 4357 74 74 1654865 4357 538645 4357 4357 1654865 4357 1654865 74 4357 27217 4357 74 188065 74 74 2517770 4357 16825 4357 169010 4357 2281250 538645 370 3946465 74 538645 188065 4357 16825 4357 74 538645 16825 188065 4357 4357 188065 188065 27217 4357 4357 4357 4357 1654865 27217 188065 188065 74 188065 16825 188065 188065 4357 16825 188065 4357 4357 188065 188065 188065 74 188065 27217 188065 4357 4357 74 16825 74 538645 74 27217 4357 169010 74 4357 74 188065 4357 27217 16825 
16825 4357 4357 4357 485 4357 4357 74 4357 485 485 181337 1654865 2720017 74 181337 74 485 2125765 485 16825 4162685 74 16825 4357 485 4357 74 4357 4357 485 74 485 10370 19423765 4357 485 485 4357 4357 16825 181337 120250 4357 1685450 74 485 120250 74 120250 181337 74 74 485 1654865 4357 4357 4357 1654865 4357 1654865 485 4357 290450 4357 74 4357 4357 4357 370 4357 485 485 74 16825 4357 4357 4357 4357 16825 74 4357 1654865 485 4357 485 4357 74 10575505 4357 74 74 2125765 74 4357 269125 485 4357 74 4357 1685450 74 4357 485 485 485 1685450 1143250 4357 485 4357 4357 2125765 4356010 485 74 485 4357 2125765 485 485 120250 4357 4357 120250 485 74 4357 485 4357 5797493 120250 74 485 16825 4357 4357 74 120250 4357 74 485 4357 4357 4357 16825 2125765 188065 4357 74 181337 5618005 485 4357 4357 4357 4357 4189225 16825 1685450 4357 4357 181337 74 4162685 485 4357 485 4357 485 74 485 4357 10240490 4357 120250 120250 4357 485 4357 485 74 485 485 4357 1685450 4357 10370 4357 485 181337 2125765 485 4357 74 67535525 1654865 4357 74 4357 4357 4357 485 4357 4357 269125 15079850 485 4357 485 4357 501265 485 74 
5410 95225 51077 1170325 5185 5185 58325 1258 381925 1258 1258 58325 5410 3889625 1258 1258 1258 5185 74 5185 5185 74 1258 1258 2917265 835250 1258 381925 166685 51077 74 1258 58325 1258 381925 5185 51077 58325 1258 5185 835250 5410 5185 5185 1258 5185 1258 5410 1258 95225 882325 381925 5185 5185 58325 5185 5185 51077 1258 1258 882325 1258 5185 5185 5185 5185 5410 882325 381925 1258 1258 1258 3889625 1258 1258 51077 1258 5185 95225 5185 5185 1258 51077 89725 1258 1258 5185 74 5185 381925 5185 381925 5185 1258 1258 1258 835250 95225 370 1258 58325 51077 5185 5185 5185 1258 58325 1258 51077 1258 1258 1258 1258 1258 1258 381925 1258 5410 1258 5185 51077 1258 30634 381925 5410 51077 1258 1258 51077 5185 1258 1258 5185 179945 58325 5185 5185 5185 30634 370 1258 1258 51077 5185 5410 381925 95225 5185 
34 34 27050 25925 8005 34 34 34 34 1179397 3925 34 8005 34 25925 272485 8005 25925 312505 34 3925 34 34 34 272485 3925 34 34 2490914 3925 312505 34 312505 34 3925 3925 25925 1179397 3925 34 25925 34 34 34 3031865 25925 3925 1179397 3925 3925 3925 3925 3925 34 3925 3925 25925 3925 243370 3925 3925 3925 3925 34 3925 3925 8005 34 3925 2490914 312505 3031865 8005 312505 3925 3925 5551114 3031865 3925 34 3925 34 349450 34 25925 34 3925 2490914 34 1179397 3031865 3925 3925 3925 272485 3925 34 3925 25925 103970 312505 25925 34 34 272485 3925 312505 34 1179397 312505 103970 3925 3925 3925 272485 3925 34 34 34 3925 25925 2490914 3925 3925 3925 3925 1179397 3925 312505 34 34 25925 34 3925 3925 1179397 2679625 34 3925 312505 3925 34 66725 34 3925 1179397 25925 3925 3925 3925 312505 34 3925 3925 34 3925 3925 3925 34 8005 34 25925 3925 3925 34 272485 34 3925 34 34 8005 34 34 34 34 1179397 3925 312505 8005 34 3925 3925 34 3925 34 8005 3925 3414002 1179397 34 272485 34 312505 34 34 34 103970 3925 34 3925 510770 8005 25925 3925 272485 3925 3925 34 25925 3925 34 3925 34 3925 1179397 312505 
25925 3925 34 1601 3925 3925 3925 34 25925 1179397 34 8005 176290 3925 3925 272485 3925 3925 25925 8005 312505 3925 3925 3925 1601 34 1279625 3925 3925 25925 3925 5551114 312505 3925 3925 34 25925 3925 1179397 312505 34 272485 34 1601 25925 34 25925 1601 3925 34 3925 1601 3925 272485 25925 3925 3925 3925 3925 312505 34 8005 34 272485 25925 272485 272485 34 25925 3925 8005 1601 3925 3925 3925 312505 1601 3925 1179397 3925 3925 34 34 3925 272485 3414002 1601 34 8005 3925 3925 3925 1179397 25925 3925 1601 2679625 1179397 25925 25925 291850 34 3925 3925 1179397 312505 34 272485 1601 3925 34 25925 3925 3925 3925 1601 3925 312505 34 8005 3925 272485 3925 3925 272485 34 34 1601 4351397 8005 272485 272485 272485 8005 25925 109902025 3925 1240025 3925 8005 3925 25925 3925 272485 34 3925 34 1601 3414002 3925 8005 8005 3925 1601 8005 3925 573130 25925 25925 3414002 2679625 1179397 3925 34 3925 3414002 33802 34 3925 34 312505 3925 3925 3925 34 25925 34 3925 34 25925 3925 34 3925 3925 34 272485 3925 272485 1601 25925 25925 34 8005 34 3925 3925 34 1240025 312505 8005 3925 1601 25925 272485 2679625 34 1601 25925 34 103970 3925 3925 312505 34 3925 272485 34 272485 1601 1179397 3925 34 3925 34 3925 312505 3925 1601 1240025 312505 3925 8158685 8005 3925 3925 3925 1601 272485 3925 272485 1601 3925 34 1601 34 3925 3925 272485 3925 34 25925 312505 70576025 1601 8005 3925 25925 3925 3925 3925 272485 510770 272485 3925 3925 3925 3925 3925 3925 34 34 25925 25925 3925 1601 272485 25925 8005 25925 3925 3925 1179397 34 1601 272485 1601 3925 1179397 34 3925 8005 3925 3925 66336425 34 3925 3925 3925 34 3925 34 1179397 272485 2679625 25925 272485 25925 25925 34 25925 1601 2679625 34 103970 1601 1601 34 1179397 1601 3925 3925 3925 3925 34 3925 25925 3925 3925 3925 1601 34 3925 3925 312505 272485 3925 3925 312505 25925 3925 1601 34 312505 1138250 3925 25925 103970 272485 3925 1179397 25925 1601 3925 3925 3925 272485 8005 1601 1601 3925 5551114 272485 3925 3925 312505 1601 3925 3925 1279625 3925 34 3925 34 25925 34 3925 103970 6290 272485 3925 1601 31379114 3925 3925 1601 3925 1601 8005 3925 272485 1601 3925 3925 1179397 3925 34 34 3925 34 1179397 3925 3925 34 3925 1138250 34 25925 25925 3925 3925 312505 936938 272485 3925 34 1179397 3925 156900677 34 34 34 1601 1601 3925 3925 312505 34 3925 312505 3925 272485 272485 272485 34 34 1240025 1601 3925 3925 3925 666658 34 3925 3925 34 3925 3925 34 3925 3925 3925 32672657 3925 34 3925 1179397 1601 34 3925 34 34 2679625 34 25925 3925 8005 34 25925 34 272485 34 666658 34 3925 3925 3925 2490914 25925 8005 3925 3925 3925 3925 3925 3925 1601 700930 272485 8005 25925 3925 1601 3925 3925 3925 312505 3925 25925 3925 25925 34 3925 34 3414002 312505 312505 272485 25925 1601 3925 3925 1179397 1279625 34 312505 1601 25925 3414002 3925 34 25925 34 130610 3925 1601 2679625 34 272485 3925 3925 3925 2679625 3925 3925 3925 3925 1601 34 312505 3925 25925 1601 3925 3925 3925 3925 8005 272485 3925 1601 34 312505 3925 3925 3925 1279625 3925 2490914 312505 3925 25925 3925 25925 272485 3925 34 3925 34 1601 3925 3925 34 2490914 
34 8005 1654865 4357 4357 34 34 34 3414002 4357 8702794 8005 312505 4357 34 169010 188065 2517770 188065 3925 312505 290 8005 4357 188065 3414002 27217 1654865 27217 188065 27217 34 34 8005 3414002 312505 4357 34 4357 4357 1654865 312505 1654865 34 188065 4357 1654865 188065 8005 188065 4357 27217 3925 27217 27217 34 417625 2281250 34 4357 8005 188065 3925 3925 4357 4357 188065 8005 188065 188065 4357 312505 3925 2720017 34 4357 4357 3414002 188065 34 188065 3925 4357 34 538645 188065 34 312505 34 8005 4357 4357 27217 188065 3925 3925 8005 3925 4357 3925 4357 3925 4357 34 3925 3925 34 26293865 4357 188065 3925 4357 1765 5551114 4357 1789834 4357 4357 8005 4357 169010 1765 3925 3925 34 34 34 34 34 4357 188065 188065 10653730 4357 34 188065 169010 4357 188065 27217 27217 188065 34 3946465 34 4357 188065 188065 4357 188065 4357 188065 3925 27217 34 34 4357 34 2269874 188065 34 188065 34 34 4357 188065 3925 4357 4357 1765 3925 34 34 4357 34 4357 34895050 34 34 34 4357 169010 34 188065 16908125 188065 2517770 27217 18781625 4357 188065 4357 312505 538645 34 103970 34 4357 3946465 8005 4357 34 3925 4357 188065 188065 4357 188065 4357 1654865 27217 103970 34 538645 188065 34 4357 34 4357 27217 3925 3414002 27217 4357 188065 4357 169010 4357 312505 1654865 31232825 34 188065 4357 188065 4357 34 188065 27217 3925 188065 188065 34 219018725 188065 4357 4357 34 3925 8005 4357 4357 15904145 312505 4357 34 4357 3925 4357 4357 188065 34 4357 1765 8005 312505 188065 1765 4357 4357 4357 34 4357 4357 188065 4357 1654865 4357 3925 4357 4357 4357 4357 4357 188065 4357 4357 1654865 3925 1765 4357 4357 34 3925 34 34 4357 3925 3925 3925 3925 3925 290 312505 34 3925 4357 34 
49010 3737 3737 46085 800005 46085 1258 1258 49010 46085 49010 49010 3737 46085 49010 1258 1258 49010 1258 49010 3737 49010 1258 49010 41225 3737 4850 4850 49010 49010 800005 49010 49010 49010 49010 49010 1258 1258 5834825 800005 49010 46085 1258 1258 1258 49010 49010 49010 3323690 24050 24050 49010 46085 1258 46085 49010 49010 3737 49010 24050 49010 1258 1258 4850 10 46085 1258 4850 49010 1258 46085 49010 1258 10 49010 1258 49010 49010 1258 1258 1258 49010 1258 1258 1258 10 46085 1258 49010 49010 1258 1258 49010 49010 1258 1258 49010 1258 49010 49010 873970 49010 24050 1658885 49010 10 49010 49010 49010 49010 49010 3737 49010 49010 1258 3737 46085 24050 10585 49010 46085 49010 49010 49010 49010 46085 3737 3737 2517770 1258 1258 49010 1258 49010 1258 1258 49010 1258 49010 49010 24050 49010 49010 24050 46085 49010 49010 49010 49010 49010 49010 1258 800005 1258 1258 1258 49010 49010 46085 1258 4850 49010 49010 49010 49010 50427785 
49010 49010 49010 10 49010 49010 1331593 873970 5 3530 1258 49010 49010 19018 3530 49010 654985 49010 49010 24050 49010 46085 987530 49010 49010 4850 3530 49010 3737 49010 46085 1258 49010 4850 4850 987530 49010 3530 3530 46085 49010 24050 46085 3530 4850 4850 3530 4850 46085 148138 5834825 3530 49010 46085 49010 49010 49010 3530 12970 3530 4850 1258 4850 4850 1258 46085 1258 49010 1258 49010 3530 3530 12970 49010 3530 49010 46085 1258 3530 19018 49010 49010 4850 49010 49010 24050 4850 800005 49010 49010 3530 49010 46085 49010 49010 49010 3530 1258 12970 46085 3530 1258 4850 49010 3530 49010 49010 49010 3530 1258 46085 49010 49010 4850 3530 5834825 24050 4850 3530 49010 49010 4850 3530 49010 1258 3530 3530 5 46085 46085 49010 49010 3530 10 49010 49010 49010 49010 3530 12595570 4850 800005 46085 1331593 49010 49010 49010 46085 4850 
17 10 17 17 17 12325 12325 12325 17 12325 1717 1717 9802 323402 1002530 12325 12325 17 17 1717 12325 17 12325 1717 17 1717 9802 17 12325 17 161209 1717 89725 17 17 17 12325 10 1717 17 9802 17 7474 17 12325 9802 12325 1717 12325 17 7474 17 17 1717 17 10 9802 7474 12325 9802 17 9802 12325 12325 17 1002530 17 10 12325 1717 17 17 12325 12325 17 12325 1717 89725 17 9802 1717 17 17 17 17 17 1717 10 17 17 10 89725 17 17 4651250 12325 415874 1717 9802 12325 12325 17 17 12325 17 17 1717 9802 10 89725 9802 1717 17 9802 12325 9802 12325 12325 9802 884425 17 884425 17 161209 1717 12325 17 17 17 1717 89725 1002530 9802 9802 161209 1717 9802 1889849 17 9802 1717 12325 3702634 1717 12325 17 1002530 17 1717 17 17 17 9802 1717 1002530 1889849 1889849 17 1889849 17 1002530 12325 17 12325 48674 12325 9802 17 1717 12325 3380002 17 9802 1717 12325 9802 17 323402 17 17 17 12325 1717 17 1002530 17 765034 17 12325 10 17 17 17 17 17 1717 12325 89725 415874 12325 9802 12325 1717 9802 10 17 1002530 765034 1717 17 17 1717 17 12325 12325 1002530 1717 1002530 12325 9802 12325 9802 17 865930 17 1717 17 17 17 17 9802 1717 89725 17 17 17 12325 17 17 12325 12325 12325 9802 17 12325 89725 17 12325 1717 9802 1717 17 12325 9802 17 9802 323402 17 9802 1717 17 1390370 1717 17 1717 17 10 9802 12325 323402 415874 17 323402 17 17 17 9802 17 12325 9802 17 1717 10 12325 17 1717 12325 12325 1002530 1250674 1002530 1717 17 1717 9802 1717 1002530 17 9802 12325 12325 1002530 1717 9802 1717 9802 17 1717 17 9802 17 89725 17 1717 12325 17 1717 17 17 12325 1717 1133458 10 89725 17 17 1002530 17 10 9802 12325 12325 17 1717 17 97846325 1002530 17 12325 17 17 9802 1717 17 17 2742337 12325 12325 12325 12325 9802 1717 17 12325 1717 12325 12325 9802 17 12325 17 9802 17 12325 17 9802 12325 17 9802 1717 1717 17 17 1717 2106385 1717 17 17 17 1717 17 1717 17 9802 1717 1717 17 17 17 17 42707314 17 10 1717 12325 12325 9802 10 12325 56070145 9802 1717 17 12325 17 89725 1889849 17 17 17 12325 17 17 12325 12325 1717 7474 190450 12325 12325 9802 1889849 17 12325 17 12325 17 17 12631765 89725 12325 17 884425 12325 9802 10 89725 9802 17 17 12325 17 7474 2106385 9802 865930 9802 1889849 17 12325 17 161209 9802 17 10 1717 89725 12325 1717 10 1717 9802 161209 17 10 884425 17 17 9802 12325 12325 9802 17 12325 17 1717 17 12325 12325 17 12325 10 
10 17 2570 112370 170 170 10 17 170 170 17 9802 17 170 17 170 170 170 17 170 170 170 170 17 17 170 9802 17 17 17 17 170 9802 170 170 170 170 170 17 170 9802 10 17 17 170 61217 61217 36942085 17 17 10 170 170 17 170 17 170 59170 17 170 9802 17 17 10287650 17 9802 170 17 17 112897 61217 170 170 170 17 61217 17 9802 170 17 45002 170 17 17 170 170017 17 170 17 170 112897 170 9802 17 122434 170 170 112897 170 170 112897 9802 17 61217 170 9802 170 8140885 170 61217 17 170 17 61217 170 61217 17 17 170 170 170 17 17 17 170 17 17 2570 17 61217 17 170 59170 170 170 170 10 9802 170 45002 17 170 170 17 170 17 9802 170 9802 170 17 170 9802 17 17 61505617 61217 17 9802 170 170 170 9802 59170 9802 170 170 17 61217 10 112370 17 61217 9802 17 249010 61217 9802 9802 170 61217 170 112897 182002 767377 308002501 170 10 170 170 1050905 1812445 170 2570 170017 170 9802 170 9802 170 17 17 59170 61217 17 9802 17 170 1717 17 10 9802 10 17 61217 2570 112897 9802 884425 17 17 17 17 17 170 17 170 17 170017 170 170017 170 10 170 17 17 17 170 17 170 170 61217 170 9802 17 17 17 45002 4066954 59170 17 170 170 170 9802 170 122434 9802 170 17 17 170 112897 11289601 9802 170 170 170 170 61217 17 170 59170 170 17 170 170 17 17 17 112897 170 170 17 17 2570 17 170 10 170 1717 17 170 170 9802 170 9802 170 17 55114 170 17 17 170 17 9802 17 170 170 170 170 17 170 61217 170 17 9802 17 10 8140885 170 170017 170 170 61217 170 170 122434 170 17 17 170 9802 170 55114 170 112370 61217 61217 170 170 122434 170 170 17 17 17 17 17 17 9802 17 170 9802 17 112897 4234 17 61217 122434 170 112897 112897 17 17 27111269 170 59170 1050905 112897 170 3745450 170 17 17 17 17 17 2570 9802 1717 4488010 170 17 1050905 17 170 17 17 17 17 17 17 1050905 
202 286565 74 202 8245 286565 8245 74 74 202 74 74 8245 74 74 74 8245 8245 8245 202 74 101 74 8245 190450 17 8245 286565 8245 8245 74 74 17 202 17 74 101 74 74 1018145 74 8245 456977 202 202 101 8245 74 74 101 202 74 74 101 8245 456977 286565 286565 17 74 74 8245 74 101 202 74 17 8245 101 8245 8245 202 202 101 8245 8245 202 8245 190450 8245 101 202 17 17 363701 456977 8245 17 74 74 101 286565 74 74 101 8245 456977 202 101 74 74 8245 17 31754 74 8245 202 202 202 8245 8245 17 202 8245 101 74 8245 8245 74 74 8245 190450 8245 8245 101 101 74 74 101 8245 74 456977 202 74 74 202 4369 363701 190450 8245 101 8245 202 8245 202 74 101 101 74 101 202 74 101 202 74 202 4369 101 456977 456977 8245 8245 74 74 101 8245 202 286565 74 8245 101 202 8245 8245 74 74 74 8245 74 202 8245 202 74 8245 785 8245 101 8245 202 74 202 74 202 101 202 1018145 101 202 8245 202 286565 101 202 384985 8245 101 8245 202 8245 101 74 74 8245 17 8245 101 74 202 101 8245 101 74 101 202 2455330 202 74 247810 74 2342345 170 286565 286565 101 101 8245 8245 202 74 74 286565 17 202 202 8245 8245 101 286565 8245 202 202 286565 202 17 101 101 8245 202 101 101 286565 8245 101 101 8245 74 101 74 456977 8245 74 1746485 286565 74 101 202 1450 202 1018145 202 17 78410 202 74 8245 101 286565 286565 101 74 74 8245 190450 74 8245 8245 74 8245 202 286565 202 74 101 8245 74 1421290 8245 74 8245 202 202 17 202 286565 74 74 202 8245 286565 202 202 202 8245 101 17 8245 101 202 8245 202 202 101 74 74 101 101 8245 101 8245 1047370 456977 
85 465125 85 202 85 36101 85 202 465125 202 65650 5 202 85 85 36101 3530 3530 202 85 17 36101 239434 85 85 17 465125 85 85 85 202 85 3530 17 85 202 17 85 202 202 465125 85 202 202 202 19018 202 202 36101 85 202 85 239434 465125 85 3530 202 202 465125 3530 36101 202 85 465125 202 2036290 17 1312202 202 85 202 85 85 85 85 24087050 85 17 17 85 17 85 85 85 5 17945 465125 17945 85 17 36101 202 3530 36101 85 202 19018 85 36101 17 202 202 202 5 36101 202 184325 202 202 85 85 465125 36101 3530 17 3530 85 85 85 85 17 85 3530 85 3530 202 85 202 202 5 85 85 17945 17 85 36101 202 36101 202 85 85 85 3530 85 36101 85 3530 148138 3849850 3530 85 36101 17 202 2036290 36101 202 85 2036290 85 202 202 85 3530 85 85 3530 85 202 202 85 36101 85 465125 36101 36101 36101 202 85 
3530 3530 85 1050905 85 202 3530 202 17 202 202 3530 170 202 170 5 643200325 85 170 170 11289601 202 34525625 170 59170 17 202 170 202 170 17 170 3530 170 85 148138 85 170 85 170 122434 85 3530 170 85 19018 11289601 170 85 11289601 202 170 202 170 19018 3530 13328170 85 85 85 85 85 3530 170 170 3530 170 170 170 85 170 202 85 170 3530 34525625 19018 202 170 202 170 202 170 85 170 202 202 85 170 170 170 5 170 170 17 85 5 3530 170 202 6492725 59170 85 3530 85 19018 170 85 3530 170 3530 170 85 170 85 85 3530 170 170 19018 112370 170 40269125 85 170 85 1018145 85 3530 85 170 3530 3530 85 85 17 85 19018 85 170 85 85 202 3530 3530 85 17 3530 3530 170 1018145 170 202 202 170 202 170 170 85 43690 170 5 170 202 202 170 85 85 202 5 202 85 3530 31248101 202 85 170 3530 202 3530 202 170 202 170 170 202 170 170 170 17945 170 170 85 148138 170 202 202 12221570 11289601 202 170 85 202 85 85 85 3530 202 85 85 170 202 85 17 85 170 17 59170 85 170 3530 59170 170 170 170 170 170 3530 202 170 202 3530 85 85 170 170 170 85 5 85 170 85 170 170 5 21829025 170 170 249010 17945 3530 85 3530 85 170 17 17 85 3530 5 85 202 170 170 25027250 202 17 170 85 3530 85 85 170 3530 11289601 5 17 17 170 5 3530 170 5 170 19018 112370 85 17945 85 170 202 3530 170 170 85 2020202 19018 85 170 202 202 170 85 17945 170 3530 170 3530 170 170 170 202 5 112370 85 202 85 2036290 170 170 170 170 3530 1050905 3530 1050905 3530 170 85 202 5 170 3530 17 170 170 85 170 3530 170 170 170 2036290 170 85 85 202 170 202 170 112370 17945 202 170 3530 112370 85 170 85 148138 1050905 5 3530 202 85 19018 170 85 202 17 170 3530 17 170 40269125 85 170 170 85 17 202 85 3530 17 5 202 202 170 122434 19018 170 170 19018 170 170 85 17 5 5 3530 85 2036290 170 3530 85 19018 85 112370 170 85 170 3530 170 202 5 85 170 170 170 85 170 170 3530 1050905 170 3530 3530 170 202 19018 85 170 170 202 170 170 1601 85 3530 3530 3530 5 202 17 85 85 179945 202 112370 170 170 9548405 85 17 170 170 170 17945 202 85 5 202 170 85 170 122434 85 3530 3530 170 170 17945 19018 85 202 3530 14684225 85 85 202 170 170 17 112370 170 170 85 3530 202 3530 85 19018 170 85 85 169010 3530 202 3530 85 17 85 4488010 3530 3530 17 17945 170 170 170 170 202 170 85 112370 170 170 170 202 85 170 3410290 3530 206890 202 170 170 202 65918450 17 3530 19018 85 85 5 5 202 85 85 202 85 5 85 85 3530 
17 1570 49010 309137 157625 51077 46085 157625 10 46085 51077 51077 51077 49010 157625 46085 1010 1570 46085 46085 157625 46085 679730 46085 49010 51077 46085 46085 51077 102154 51077 157625 49010 51077 1570 46085 46085 51077 46085 4401605 46085 309137 46085 819202 46085 51077 51077 51077 51077 51077 49010 51077 46085 2570 46085 46085 46085 1570 46085 309137 51077 46085 51077 46085 7022450 2442050 46085 46085 46085 51077 51077 46085 46085 17 49010 51077 46085 157625 46085 157625 157625 46085 2570 46085 157625 46085 46085 46085 35356985 1570 46085 51077 49010 46085 46085 51077 17 51077 17288965 51077 51077 51077 2570 46085 17 309137 46085 46085 51077 46085 49010 1570 1570 17 46085 51077 46085 157625 51077 102154 10 51077 157625 46085 49010 51077 46085 1570 46085 46085 51077 1570 46085 51077 157625 46085 51077 102154 1570 49010 157625 51077 46085 49010 1570 46085 46085 46085 51077 46085 46085 157625 46085 157625 46085 46085 102154 46085 157625 51077 51077 49010 309137 46085 51077 51077 51077 51077 46085 157625 157625 46085 2570 157625 51077 46085 46085 51077 49010 17 157625 46085 819202 1570 1570 46085 819202 51077 51077 1010 49010 46085 157625 46085 46085 51077 46085 157625 1570 46085 51077 10 17 157625 46085 46085 46085 157625 51077 49010 46085 157625 46085 46085 51077 46085 49010 46085 51077 10 309137 46085 46085 51077 46085 309137 49010 46085 157625 110245 51077 46085 51077 46085 51077 46085 51077 46085 403490 51077 51077 102154 309137 46085 46085 46085 46085 51077 46085 46085 157625 46085 17 51077 309137 46085 46085 157625 46085 46085 51077 46085 16386305 46085 51077 51077 157625 46085 51077 49010 17 1570 49010 1570 1570 46085 51077 15716585 46085 46085 2570 46085 157625 157625 49010 1570 51077 46085 46085 309137 1570 46085 1570 46085 46085 49010 46085 46085 157625 2570 49010 10 1570 46085 157625 51077 46085 51077 157625 51077 46085 157625 157625 309137 157625 51077 46085 46085 46085 17 51077 49010 51077 51077 49010 51077 46085 1570 10 17 46085 1570 51077 51077 51077 46085 49010 1570 46085 17 3250 654985 46085 46085 51077 46085 46085 157625 157625 46085 46085 157625 46085 22474 46085 46085 10 157625 1570 46085 51077 51077 17 46085 51077 46085 46085 51077 
1717 1717 3737 202 1717 17 51077 202 1717 3737 55114 51077 136085 202 1717 2594 2594 1717 51077 1717 1717 2594 10543234 1717 1717 136085 3737 1717 1717 136085 51077 1717 1717 202 202 3737 202 1717 136085 1717 27556490 1717 505 3737 1717 1717 1717 51077 434314 1717 505 2594 202 17942090 1717 2506325 136085 1717 17 3737 3737 220505 202 51077 51077 51077 2594 6290 202 51077 3737 202 202 136085 1717 1717 51077 1717 2325625 505 220505 3737 202 63370 202 21170 2594 1717 51077 1717 2594 1717 2594 136085 136085 1717 1717 1717 2594 1717 2594 51077 51077 202 51077 505 1717 505 3737 1717 38024485 3737 51077 51077 1717 2594 686450 51077 1717 2178005 1717 51077 2594 1717 202 1717 63370 136085 1717 240101 1717 3737 1717 17 1717 51077 3737 220505 3737 1717 2594 220505 17 3737 1717 1717 202 51077 63370 2594 202 505 3737 51077 17 1717 136085 1717 136085 51077 51077 202 51077 136085 202 3737 202 910010 1717 202 6290 1717 51077 202 1717 1717 1717 1717 1717 1717 6290 51077 1717 1717 1717 1717 1717 1717 202 1717 434314 51077 1717 202 202 202 202 1717 1717 55114 1747250 505 6290 3737 51077 17 1717 2594 3737 202 51077 202 202 505 1272385 
74 202 202 8245 8245 1332970 101 8245 74 74 74 101 74 101 74 74 8245 8245 74 202 202 101 101 202 286565 286565 202 74 101 456977 74 8245 202 202 361010 363701 202 8245 456977 8245 190450 202 101 74 101 8245 31754 101 202 202 31754 74 8245 8245 8245 101 8245 286565 202 101 456977 361010 202 74 101 456977 202 74 74 8245 8245 101 8245 202 456977 74 74 74 74 101 202 8245 202 101 8245 456977 74 8245 8245 202 202 8245 202 101 101 785 8245 8245 101 101 8245 202 202 101 286565 202 286565 8245 286565 8245 101 101 202 2672930 74 101 202 101 101 202 101 202 74 202 202 8245 286565 190450 8245 1332970 101 8245 8245 74 8245 74 1746485 286565 202 202 101 8245 101 74 8245 202 101 74 101 74 74 101 74 74 74 202 2465 101 363701 101 101 17617525 101 190450 74 74 8245 101 74 456977 8245 202 1332970 456977 456977 363701 74 1450 101 1018145 8245 1332970 101 8245 74 31754 74 456977 8245 202 101 202 456977 31754 202 8245 31754 202 456977 74 202 74 8245 202 202 202 8245 126085529 101 101 8245 202 202 202 74 8245 8245 8245 785 202 74 74 74 74 74 8245 202 202 74 202 1332970 202 74 1746485 202 31754 8245 74 74 202 8245 190450 202 101 202 101 202 74 190450 101 74 8245 74 8245 74 101 202 8245 202 8245 202 8245 74 286565 74 74 74 286565 8245 74 8245 101 101 101 286565 202 785 101 202 74 74 202 286565 8245 74 74 8245 21353657 8245 101 8245 74 202 79067665 101 101 202 456977 8245 456977 8245 202 202 8245 8245 74 101 74 31754 190450 101 456977 202 101 101 202 8245 74 286565 202 74 1018145 8245 1018145 202 101 74 8245 101 8245 74 101 74 202 456977 8245 31754 74 202 202 74 101 74 101 202 8245 74 74 202 180505 8245 202 202 8245 286565 28995829 8245 101 8245 8245 101 202 8245 101 8245 456977 101 101 202 101 456977 8245 74 202 202 202 74 456977 8245 74 181683925 101 456977 8245 74 78410 202 286565 8245 8245 456977 8245 74 101 101 101 101 74 74 8245 101 202 74 101 761770 74 202 202 12923530 8245 8245 101 74 8245 202 101 8245 74 785 101 202 286565 202 8245 8245 74 8245 101 10447945 74 8245 456977 8245 202 8245 202 101 8245 202 202 8245 202 202 
1258 202 8245 1258 74 202 202 202 8245 8245 202 101 8245 101 101 202 8245 74 1258 202 202 8245 1258 202 101 22940825 8245 202 286565 101 202 101 101 8245 24050 101 101 1258 24050 1258 3737 101 101 3197105 1258 74 101 286565 101 1332970 8245 202 202 101 1258 101 8245 8245 74 1258 8245 202 74 101 101 101 202 74 202 27311077 202 8245 8245 1258 202 202 8245 247810 28995829 8245 101 286565 3737 110018290 202 101 202 1258 8245 101 101 202 286565 202 286565 456977 286565 202 3737 101 74 101 8245 1258 1450 101 8245 8245 286565 74 202 8245 286565 77450 8245 202 202 74 202 74 
136085 136085 3737 1717 1717 3737 2594 220505 1717 3737 6290 1717 1717 1272385 3737 3737 940325 3737 202 3737 202 3737 1717 2594 2594 3737 1717 1717 3737 1717 1717 1717 27556490 1717 2594 1717 63370 202 3737 1717 1717 136085 3737 1717 3737 2594 3737 1717 3737 1717 202 1258 3737 3737 202 3737 136085 3737 1717 1717 202 3737 3737 1717 1717 1717 3737 3737 1717 202 3737 3737 3737 63370 1717 2594 2594 3737 1717 202 202 3737 3737 202 6290 3737 3737 505 3737 136085 3737 6290 3737 1717 1717 202 1717 3737 940325 2594 3737 1717 3737 3737 202 1717 1717 6290 3737 940325 3737 3737 136085 3737 1717 202 202 3737 434314 195365 3737 6137170 940325 18727202 1717 1717 2594 3737 3737 2594 3737 3737 3737 202 3737 3737 3737 202 1717 202 3737 3737 3737 202 3323690 3737 202 3737 3737 202 3737 1717 7850785 2594 1717 3737 3737 6290 1717 505 202 3737 63370 3737 3737 1717 3737 3737 1717 3737 3737 1240025 202 3737 1717 2594 3737 3737 202 2594 2979925 1717 940325 3737 1717 202 3737 2594 202 1717 1267010 6290 3737 3737 2594 3737 3737 1717 3737 136085 3737 1717 1717 3737 136085 1717 107650 3737 1717 202 6290 1272385 202 3737 2594 505 3737 1717 3737 1717 3737 3737 3737 1258 3737 1717 1717 2594 3737 3737 3737 3737 3737 1717 1717 3737 2113145 3737 3737 1717 1717 3737 940325 940325 202 3737 3737 136085 15881125 1717 1717 3737 2594 3737 3737 220505 1717 1258 136085 3737 3737 2594 940325 3737 1717 3737 3737 2594 505 202 2594 3737 1717 6290 27766154 1717 202 434314 202 3737 1717 3737 3737 136085 136085 1717 1717 2113145 202 3737 3737 1717 7850785 202 3737 3737 1717 3737 6290 3737 136085 1717 1717 3737 1717 1717 202 202 202 7360405 505 202 1717 1717 3737 1717 3737 6290 3737 136085 3737 2594 505 107650 3737 3737 1717 136085 1258 17942090 1717 3737 3737 505 3737 3737 3737 3737 3737 3737 1717 1717 3737 3737 1717 3737 1717 202 3737 1717 3737 1258 1717 3737 1717 3737 3737 3737 3737 3737 1717 1717 3737 3737 136085 202 1717 1717 2594 2594 1717 136085 1717 3737 2737802 2594 3737 3737 6290 7850785 136085 1717 3737 2113145 1717 202 3737 2594 3737 1717 3737 1717 1717 3737 3737 1717 1258 2594 3737 202 2594 136085 202 3737 3737 1717 1717 3737 1717 25648325 3737 3737 220505 2594 1717 136085 136085 3737 1717 202 1717 202 505 1717 3737 1717 202 3737 1717 505 3737 1717 3737 136085 49010 1717 136085 1717 3737 202 3737 1717 2113145 107650 1717 3737 2594 1717 3737 3737 1717 3737 3737 1717 220505 1717 3737 1717 1717 202 940325 3737 3737 2594 3737 136085 63370 3737 2594 940325 1717 3737 1717 3737 1717 3737 2594 1717 3737 3737 2594 3737 3737 3737 1717 1717 3737 3737 3737 3737 6290 202 1717 1717 1717 7360405 202 202 3737 3737 3737 136085 1717 806045 1717 3737 1717 6290 3737 202 202 6290 2594 3737 1717 3737 3737 1717 3737 1717 1717 3737 202 1717 1717 1717 3737 202 3737 1717 202 3737 1717 1717 3737 1717 3737 2594 1717 1717 1717 3737 1717 195365 3737 1717 202 505 
1258 1601 1601 255385 882325 5410 1601 370 255385 5185 5410 1170325 1258 1258 1258 5185 5185 30634 255385 381925 1258 381925 5185 1601 5185 5185 1601 5185 5185 5185 381925 1601 1601 5185 5185 1601 1601 882325 5185 1258 5410 5185 10 10 5185 1601 30634 5185 835250 5185 1258 5185 5185 1258 1601 95225 5185 1258 5185 1258 1258 5185 5410 835250 5185 1601 5185 5185 5185 255385 5185 5185 1601 5185 1601 381925 835250 1601 1601 5185 5185 1601 1258 1258 381925 835250 1601 1258 5185 5185 1601 1258 5185 1258 5185 5185 1601 1258 5185 1601 1601 5185 381925 5185 5185 5185 5185 381925 5185 95225 1601 882325 5185 1601 5185 5185 381925 5185 5185 1258 5185 5185 5185 5185 1601 5185 1258 5185 5185 95225 30634 13525 1258 381925 255385 5185 5185 5185 381925 1258 381925 1258 1258 835250 5185 30634 5185 1258 1258 5410 1258 4631105 5185 1258 5185 4631105 5185 835250 202 5185 1258 1601 381925 1258 14326325 5185 871202 255385 5185 1258 5410 381925 1258 5185 5185 1601 1601 5410 381925 835250 1258 1259557 5185 255385 5185 5185 5185 1601 5185 5185 5185 95225 5185 1601 1601 1258 1258 882325 95225 5410 5185 1258 5185 1601 
9802 17 17 10 17 170 17 17 10 17 7474 17 17 17 261994 1472330 17 17 17 17 884425 45002 1924925 17 12325 45002 17 17 17 43690 884425 679225 45002 17 261994 9802 17 17 45002 441010 89725 17 89725 17 17 9802 17 89725 17 17 17 170 89725 17 170 17 441010 9802 12325 9562517 9802 12325 17 17 2106385 9802 17 17 17 10 12325 17 12325 9802 17 17 17 12325 89725 45002 17 45002 17 9168970 17 17 720002 12325 720002 45002 12325 2106385 45002 17 17 10 9802 89725 45002 17 9802 17 9802 9802 7474 45002 7474 45002 17 170 17 17 17 1133458 17 17 17 17 170 17 170 45002 17 17 17 9802 9802 9802 45002 17 9802 17 17 2106385 17 45002 45002 9802 17 17 17 17 884425 89725 10 9802 17 17 9802 170 17 45002 2700490 9802 170 9802 17 45002 45002 9802 45002 17 12325 679225 45002 17 261994 17 45002 17 17 17 17 17 7474 43690 17 9802 9802 9802 720002 89725 9802 17 
740690 8245 16825 8245 74 74 74 74 74 8245 74 74 785 74 74 74 101 4357 8245 4357 74 74 4357 101 74 101 74 8245 363701 2425 6843890 8245 74 8245 74 101 8245 74 74 74 74 16825 8245 456977 456977 8245 101 101 74 74 74 74 74 74 74 101 74 8245 74 74 101 74 101 8245 8245 74 74 16825 16193809 74 74 363701 101 74 74 74 16825 74 21353657 2425 456977 101 74 456977 16825 74 16825 74 4357 74 74 101 29253025 101 202 202 363701 2425 8245 202 74 16825 4357 101 74 74 16193809 456977 74 101 74 74 74 202 74 74 74 456977 6843890 101 456977 8245 101 16825 2665090 74 74 456977 101 74 74 74 74 74 8245 74 8245 74 74 202 74 74 74 101 74 31754 8245 370 74 74 74 74 31754 74 101 74 74 74 101 74 8245 74 29253025 190450 202 8245 101 74 74 74 74 74 16825 8245 74 74 74 74 101 16825 2425 317645 101 202 74 74 74 74 456977 74 74 101 74 8245 8245 101 16825 74 74 119596097 74 2425 16825 74 74 4357 8245 101 101 74 74 74 370 16825 74 456977 16825 74 101 8245 456977 74 101 74 456977 2425 16825 74 101 74 8245 8245 4357 74 74 101 8245 74 16825 8245 8245 1018145 74 74 8245 456977 8245 190450 190450 10730 74 74 456977 10730 74 74 4357 456977 4357 16825 16825 16825 4357 2342345 74 456977 16825 74 74 8245 456977 101 101 190450 74 16825 74 101455370 74 74 74 8245 74 74 74 74 8245 363701 74 74 74 74 10730 74 
170 170 170 18685 170 170 122434 170 34 122434 18685 170 4930 170 170 34 170 170 18685 18685 1050905 18685 18685 18685 18685 18685 170 170 170 34 170 59170 170 170 1601 18685 112370 170 170 170 170 1018145 170 170 146615690 1450 170 170 170 170 170 1632025 18685 18685 170 170 170 170 727402 170 18685 18685 170 170 34 34 112370 170 170 170 170 170 1018145 170 170 18685 170 11289601 170 170 18685 34 170 18685 170 170 170 170 18685 170 1050905 18685 170 170 18685 18685 170 3745450 1050905 170 170 1450 170 170 170 170 18685 170 170 170 122434 170 122434 170 170 18685 18685 170 170 18685 170 18685 34 170 18685 170 170 18685 18685 1050905 170 170 18685 170 170 170 170 18685 170 170 18685 34 122434 170 18685 170 727402 18685 145802 170 18685 170 170 170 170 170 18685 170 170 1050905 170 170 170 18685 59170 170 170 170 170 170 170 170 18685 1450 170 18685 170 112370 18685 170 170 12221570 170 206890 18685 18685 18685 18685 170 170 170 170 170 170 18685 18685 170 2020202 170 170 18685 170 18685 170 170 170 170 170 170 170 18685 170 18685 170 170 170 170 18685 170 112370 18685 18685 18685 18685 727402 170 170 170 170 170 463114 170 61505617 170 170 170 18685 1601 170 170 170 170 18685 170 170 170 18685 18685 18685 170 463114 170 170 170 18685 170 170 18685 170 18685 170 18685 18685 170 170 170 18685 170 170 170 170 170 59170 170 170 170 170 170 170 18685 170 17478578 170 170 18685 11289601 170 112370 170 170 18685 170 112370 18685 170 1050905 112370 170 18685 18685 34 18685 170 18685 170 18685 170 18685 170 18685 170 18685 170 18685 2076497 170 170 170 170 170 170 170 170 18685 170 170 170 170 170 122434 170 170 170 170 170 34 170 1050905 170 170 33624725 170 170 170 170 727402 170 18685 170 170 18685 170 170 170 18685 170 18685 170 18685 170 170 18685 18685 170 170 170 18685 170 170 170 18685 18685 170 34 18685 170 170 18685 18685 170 18685 170 18423410 170 170 18685 18685 170 1018145 18685 170 170 170 34 170 170 170 961010 4930 2076497 18685 170 170 727402 170 170 18685 170 18685 170 170 170 34 170 170 18685 170 170 170 170 18685 34 18685 34 18685 170 18685 170 170 170 34 170 18685 463114 18685 18685 170 727402 170 18685 18685 463114 18685 170 170 112370 170 170 18685 170 112370 1450 18685 170 112370 170 170 170 170 170 18685 170 170 170 18685 170 18685 170 170 170 170 34 170 170 18685 170 18685 1450 170 11723450 18685 170 18685 182002 18685 18685 170 18685 18685 170 170 1050905 18685 18685 170 18685 18685 170 170 170 170 18685 18685 170 170 170 170 18685 170 170 18685 170 463114 18685 170 170 170 414366737 18685 170 18685 122434 170 170 170 170 170 18685 170 170 170 170 170 170 34 18685 170 170 170 170 18685 18685 18685 11289601 170 170 1450 170 170 170 34 18685 170 170 170 170 170 170 170 727402 170 43690 18685 170 170 40269125 34 170 18685 170 170 18685 170 170 25027250 170 18685 170 125396725 170 170 170 170 170 18685 170 18685 18685 
8005 103970 3925 312505 51874001 34 170 34 34 170 312505 170 18685 170 170 170 18685 8005 34 18685 3925 8005 34 170 170 170 3031865 18685 18685 3414002 18685 103970 5551114 170 34 170 170 34 170 18685 18685 8005 18685 32672657 170 8005 170 170 170 34 170 18685 3925 34 170 3925 18685 720002 34 18685 3925 34 18685 2490914 170 3925 170 18685 18685 18685 2679625 18685 170 18685 312505 312505 170 170 170 170 34 18685 3925 170 18685 18685 170 312505 18685 155393650 18685 170 34 18685 34 8005 312505 170 170 170 18685 170 18685 170 34 34 18685 34 170 170 3031865 18685 170 18685 18685 3925 170 3414002 34 11868194 34 170 170 18685 463114 18685 3925 145802 3925 170 3031865 18685 8005 1089010 3925 18685 170 170 18685 1450 34 312505 170 18685 312505 170 18685 3925 170 34 18685 18685 312505 170 18685 18685 170 18685 2679625 34 170 34 18685 170 170 18685 312505 8005 18685 3414002 170 18685 170 18685 18685 34 18685 18685 3925 170 170 3414002 18685 8005 170 41265205 170 3925 1240025 170 3925 103970 170 18685 18685 18685 8005 18685 312505 34 18685 18685 170 34 8005 170 3031865 32672657 3925 312505 8005 170 34 18685 2679625 18685 18685 34 18685 312505 8005 2679625 312505 170 3925 3414002 312505 18685 312505 170 170 18685 18685 18685 170 1174898 34 170 8005 3925 34 18685 312505 3414002 18685 18685 18685 170 34 170 316850 3925 18685 18685 5551114 312505 18685 34 3925 312505 18685 170 34 170 18685 34 312505 312505 3031865 18685 18685 1240025 170 170 170 170 312505 312505 170 1240025 170 145802 34 34 3925 18685 170 2679625 170 2490914 170 34 8005 18685 18685 170 8005 18685 145802 8005 18685 34 3925 170 34 316850 312505 18685 8005 18685 18685 18685 170 34 312505 8005 170 170 3925 18685 170 34 170 3925 103970 34 25925 8005 18685 312505 312505 3925 8005 3925 18685 170 18685 18685 18685 8005 18685 103970 18685 18685 2679625 8005 170 170 8005 170 18685 18685 170 312505 18685 18685 18685 312505 34 170 18685 3925 170 18685 18685 8005 8005 18685 3925 3925 2679625 2679625 170 18685 170 170 3925 3925 170 34 18685 170 18685 170 
884425 1717 1390370 9802 10 1717 17 10 17 10 10 17 17 17 1002530 12325 1717 1717 17 1717 48674 12325 2106385 1717 2106385 17 9802 323402 9802 17 9802 1002530 9802 1889849 17 17 1002530 1717 9802 17 12325 884425 1717 1133458 9802 17 9802 10 9802 25989605 17 1717 12325 1002530 161209 17 9802 2106385 12325 1717 12325 9802 12325 9802 17 17 284576345 1717 12325 12325 613930 9802 1717 1002530 9802 17 10 17 56070145 17 10 1717 17 10 17 17 89725 12325 17 323402 9802 12325 10 9802 7474 17 7474 89725 323402 1717 12325 865930 17 89725 9802 9802 17 9802 1717 10 9802 1717 1717 1717 12325 323402 1717 1133458 10 89725 9802 10 1717 6492725 1002530 1717 10 9802 17 12325 10 9802 161209 17 1717 17 10 1717 26061925 17 12325 1717 89725 12325 1133458 9802 17 17 17 17 17 10 12325 1717 65650 17 1717 9802 17 17 1717 17 17 12325 17 1002530 9802 161209 9802 9802 415874 9802 12325 12325 17 1717 1717 17 12325 12325 1717 12325 9802 1002530 17 1717 1717 1717 1717 1002530 415874 9802 1717 17 9802 1717 1717 12325 17 653225 1717 12325 12325 10 9802 12325 17 9802 17 1002530 89725 9802 12325 161209 9802 17 1717 17 17 1717 1717 12325 17 17 415874 1717 9802 17 12325 1717 865930 146450 89725 17 17 9802 1717 17 17 161209 7474 865930 1717 12325 17 17 1002530 12325 9802 17 1717 12325 17 1717 12325 1002530 9802 1717 9802 9802 9802 1717 9802 9802 1717 1717 865930 17 1717 9802 17 9802 9802 17 1717 1717 17 9802 17 865930 17 1717 9802 1472330 1717 12325 17 17 1717 17 1717 9802 12325 10 1717 48674 17 17 1717 17 17 12325 1717 17 161209 1717 17 1717 17 17 1717 1717 17 17 9802 10 9802 9802 1717 17 1717 9802 2106385 1717 17 960409 17 5834825 89725 1717 17 9802 9802 9802 323402 10 17 765034 12325 17 1717 1717 9802 12325 10 89725 17 89725 12325 12325 12325 9802 1717 17 89725 17 1717 1889849 9802 17 12659365 12325 1717 17 9802 1717 1002530 12325 9802 17 1717 1002530 1717 17 12325 12325 12325 1002530 17 1717 12325 17 1717 1717 12325 10 17 17 12325 9802 12325 1717 9802 1717 17 1717 1717 1889849 48674 1717 9802 17 17 1717 89725 1002530 9802 161209 17 9802 1717 17 1717 17 1133458 17 26061925 7474 9802 9802 1717 17 17 12325 9802 12325 7474 1717 17 9802 12325 9802 161209 10 12325 9802 89725 1717 1717 1002530 1717 9802 12325 1717 17 12325 10 1383850 17 17 1717 765034 1889849 17 1717 12325 12325 1717 1002530 7474 12325 5866085 12325 
17 17 17 10 17 10 17 17 89725 1717 9802 17 12325 17 17 12325 17 89725 14086825 9802 17 17 17 666658 17 9802 17 17 89725 9802 17 17 9802 10 12325 9802 17 10 17 6751225 9802 1717 9802 17 12325 17 9802 17 10 17 17 17 9802 1717 9802 17 9802 9802 9802 17 17 17 12325 17 17 9802 17 17 17 9802 17 17 12325 12325 17 17 25661450 17 12325 17 9802 17 17 884425 17 17 10876805 1133458 9802 17 17 12325 12325 17 17 9802 17 464165 9802 12325 17 17 17 12325 17 17 10 17 115202 17 12325 17 43690 17 10 9802 17 17 12325 17 17 17 10 17 9802 17 12325 10 9802 12631765 17 17 17 12325 12631765 17 17 17 17 17 17 2106385 17 17 1133458 17 9802 415874 17 17 9802 17 9802 17 12325 9802 9802 17 12325 17 9802 9802 10 12325 17 17 89725 9802 17 17 10 17 17 17 9802 17 17 148705330 884425 9802 884425 17 1717 10 17 9562517 17 12325 720002 17 17 17 12325 17 17 17 17 17 9802 76025225 17 9802 9802 17 17 89725 10 1133458 9802 12325 884425 12325 17 17 10 10 9802 9802 10 17 17 12325 17 9802 17 17 9802 17 17 17 1717 9802 17 17 115202 10 12325 884425 9802 12325 12325 17 9802 17 12325 17 1924925 10 1717 17 17 10 9802 12325 12325 17 17 17 12325 12325 17 10 17 9802 10 17 17 17 17 17 9802 1133458 12325 
17 9802 2106385 45002 17 9802 10 17 17 9802 17 17 17 17 43690 17 9802 9802 17 17 112370 17 17 17 17 464290 17 17 17 884425 17 17 17 17 9802 9802 17 17 17 9802 17 17 17 17 17 10 17 45002 9802 17 1250674 679225 261994 17 17 679225 17 17 17 1717 1717 17 17 17 261994 679225 17 9802 17 261994 679225 89725 17 17 17 2106385 23343125 9802 45002 89725 17 17 10 10 17 17 720002 9802 17 9802 17 17 9802 17 17 17 1717 17 17 17 17 17 9802 17 1133458 679225 17 17 9802 17 17 9802 679225 17 10 441010 17 17 17 10 17 17 17 17 17 17 17 1133458 89725 9802 98570 9802 17 17 9802 17 10 17 45002 9802 17 9802 9802 9802 17 17 17 134235397 17 1717 9802 9802 17 17 17 9802 9802 679225 17 17 43690 9802 45002 17 17 17 1717 17 17 17 333329 17 17 884425 10 17 679225 9802 261994 720002 17 17 9802 17 9802 720002 10 17 17 17 17 9802 17 17 17 17 17 17 9802 17 17 9802 5834825 720002 9802 17 17 17 17 5301490 17 45002 17 17 17 89725 9802 17 17 17 17 56070145 17 17 17 261994 17 17 17 17 89725 17 17 9802 17 9802 17 17 17 9802 17 43658050 17 9802 2106385 1383850 17 17 17 17 17 17 17 10 17 261994 17 17 17 17 17 9802 9802 1133458 17 21172117 17 17 261994 17 1717 17 17 17 17 17 1133458 17 17 17 17 17 720002 9802 17 17 17 17 9802 9802 17 17 17 9802 17 679225 17 2106385 89725 9802 17 884425 679225 17 17 9802 17 17 45002 17 17 9802 17 17 17 17 10 10 9802 17 17 17 45002 17 17 115202 17 17 720002 17 17 17 17 9802 17 17 9802 9802 17 17 17 17 4874410 17 720002 17 17 17 17 17 17 17 17 9802 45002 17 17 9802 17 1133458 10 17 17 17 679225 17 17 17 9802 9802 17 17 17 17 17 45002 17 20848357 17 9802 17 10 45002 17 720002 17 17 10 679225 17 17 261994 17 17 9802 17 1717 9802 679225 679225 17 720002 679225 17 17 17 89725 17 17 9802 1717 9802 9802 720002 884425 17 9802 10 17 45002 17 17 17 9802 17 17 17 17 17 17 17 17 17 9802 17 9802 261994 9802 9802 720002 884425 9802 9802 89725 17 17 17 2106385 17 17 17 17 17 10 9802 9802 17 17 9802 9802 17 17 884425 17 17 45002 17 89725 21385802 9802 720002 17 17 17 17 9802 10 17 17 17 17 9802 17 17 10 679225 17 17 17 17 679225 10 17 17 17 17 17 679225 17 17 9802 720002 17 17 17 10 9802 17 17 10 17 17 10 9802 17 17 17 17 9802 17 261994 9802 45002 9802 679225 17 17 17 17 17 17 17 17 17 1717 17 1133458 679225 17 9168970 9802 9802 17 17 45002 9802 1717 679225 9802 17 17 17 17 679225 103433525 17 10 17 17 17 17 10 17 17 9802 17 17 9802 679225 17 10 45002 17 17 17 17 17 89725 9802 17 17 9802 17 17 17 9802 17 
1717 6290 202 1717 202 3737 2594 1717 1717 1717 3737 1717 1717 3737 202 240101 2594 6290 7527530 1717 3737 3737 202 3737 1717 505 1717 3737 6290 202 1717 3737 1717 202 202 3737 2594 202 136085 3737 3737 202 202 202 202 505 1717 1717 202 3737 1717 202 1717 1717 3737 1717 136085 202 1717 3737 3737 505 1717 136085 1717 3737 202 136085 202 1747250 505 1717 1717 202 1717 3737 1717 10738730 3737 202 1717 505 3737 3737 202 3819250 505 202 1717 1717 3737 1717 6290 2594 3737 505 3737 240101 1717 505 1240025 3737 1717 3737 505 3737 5270770 1717 3737 3737 202 202 136085 1717 505 3737 1717 3737 505 202 1717 1717 3737 1717 3737 202 3838498 202 202 136085 3737 202 202 3737 1717 3737 202 202 2979925 3737 202 3737 1717 3737 1717 202 1717 1717 1717 202 136085 136085 3737 6290 202 1717 3737 1717 1717 2594 3737 1336465 505 1717 3737 2594 3737 202 202 136085 3737 2594 3737 6290 202 3737 505 3737 1717 3737 1717 1717 136085 136085 136085 3737 136085 63370 1717 3737 77450 3838498 220505 3737 1717 1717 1717 3737 6290 3737 3737 136085 90176585 3737 202 202 1717 3737 136085 1717 1717 3737 202 1717 1717 1717 220505 3737 505 136085 3737 1717 3737 1717 1717 1717 505 202 505 3737 3737 3737 1717 1717 3737 1717 1717 1717 1717 202 136085 202 6290 3737 940325 3737 1717 202 3737 6290 3737 3737 3737 1717 1717 136085 3737 202 1717 3737 1717 1717 1717 1717 3737 1717 1717 202 202 7527530 202 202 1717 1717 505 1717 3737 1717 1717 940325 202 202 1717 2594 1717 202 1717 49010 505 1717 1717 6137170 1717 3737 1717 3737 505 1717 2594 1717 3737 3737 1717 1717 1717 55114 1717 3737 1717 1717 3737 3737 202 202 3737 2594 202 1717 136085 25648325 202 2506325 1717 2594 2594 505 3737 3737 202 3737 3737 3737 1717 63370 1717 1717 3737 3737 3737 1717 1717 1717 1717 3737 1717 3737 202 1717 505 202 3737 1717 1717 1717 3737 2594 1717 220505 202 1717 1717 1717 49010 202 3737 1717 3434 136085 3737 1717 1717 1717 1717 1717 1717 3737 1717 3737 63370 136085 2594 2594 136085 1717 1717 3737 202 1717 1717 118630165 1717 1717 1717 2594 3737 1717 3737 3737 505 1717 3737 1717 1717 202 1717 1717 202 202 1717 6290 3737 1717 1717 3737 1717 3737 202 202 1717 1717 1717 1717 940325 1717 1717 1717 5270770 1717 202 202 202 2594 806045 1717 3737 1717 1717 505 202 1717 
290450 485 120250 4357 10370 10370 290 538645 10370 10370 10370 10370 188065 10370 10370 4357 485 188065 4357 27217 9439625 2281250 188065 10370 10370 10370 485 10370 10370 4357 37829045 485 150798401 485 188065 1227434 4357 27217 188065 485 27217 485 181337 290 4424810 188065 188065 188065 10370 485 10370 9439625 10370 10370 10370 188065 10370 10370 181337 188065 188065 181337 10370 2125765 10370 1031050 1227434 120250 485 1143250 538645 4357 188065 10370 10370 181337 188065 10370 4357 188065 1227434 10370 10370 15079850 10370 188065 10370 1227434 188065 4357 485 10370 181337 4357 4357 4357 10370 501265 27217 485 10370 10370 188065 10370 10370 188065 10370 485 27217 10370 485 10370 27217 188065 538645 10370 188065 4357 10370 538645 10370 5218405 10370 485 538645 2876417 10370 485 188065 10370 10370 485 4357 485 485 538645 181337 485 188065 10370 188065 188065 485 4357 10370 20885945 10370 10370 10370 188065 27217 4357 10370 10370 485 10370 188065 188065 10370 10370 485 10370 37829045 485 485 27217 188065 485 485 10370 10370 4357 485 181337 188065 10370 115304645 485 181337 10370 4357 10370 10370 10370 4357 10370 10370 10370 27217 188065 4357 1227434 10370 2876417 10370 188065 485 485 10370 10370 4357 10370 2281250 485 2125765 10370 10370 9010 485 10370 188065 10370 120250 188065 10370 10370 9553450 485 485 2125765 181337 10370 188065 485 27217 538645 188065 10370 27217 10370 10370 10370 1227434 485 485 188065 4357 10370 10370 4357 485 188065 485 4357 1227434 485 2125765 10370 27217 485 538645 10370 27217 188065 2876417 1227434 188065 10370 485 27217 10370 12902465 485 10370 188065 10370 39405925 485 27217 188065 4357 27217 4357 485 10370 10370 27217 10370 485 10370 538645 4162685 10370 10370 27217 10370 2876417 188065 10370 4357 10370 188065 485 485 4357 181337 10370 485 2125765 4357 27217 120250 188065 538645 10370 10370 485 188065 27217 485 1227434 485 120250 27217 10370 485 37829045 
456977 74 6283925 190450 74 74 10730 16825 74 202 16193809 190450 74 74 16825 8245 29253025 74 4357 74 74 74 456977 74 190450 101 8245 74 74 74 8245 101 74 16825 74 101 456977 101 4357 290 202 4357 16825 74 4357 4357 74 74 8245 74 16825 10730 202 74 363701 456977 10730 74 74 74 363701 4357 363701 16825 290 4357 4357 60092825 74 456977 363701 2455330 74 74 190450 2425 74 4357 4357 8245 16825 16825 16825 74 101 74 190450 101 4357 74 74 4357 4357 4357 302377465 16825 74 74 74 74 101 74 370 74 16825 101 328250 74 456977 74 456977 74 16193809 74 74 456977 1047370 4357 4369 101 10730 4357 101 363701 4357 101 74 101 31754 8245 74 74 74 74 103433525 290 74 74 202 202 4357 4357 74 16825 190450 4761010 74 74 8245 101 101 4369 290 74 74 74 74 456977 16825 101 74 74 363701 16825 8245 8245 4369 8245 74 74 190450 74 202 101 74 74 74 4357 1654865 202 74 4357 101 74 74 101 456977 16825 1654865 101 4357 8245 74 74 74 101 202 190450 74 190450 74 101 4761010 2455330 1018145 4357 101 363701 101 74 16825 4357 101 74 74 74 74 6283925 74 74 74 74 4357 74 8245 74 370 8245 74 4357 74 74 74 74 74 8245 74 16825 74 31754 1654865 74 4357 4357 8245 74 4357 4357 74 101 74 74 101 8245 74 74 4357 4357 74 101 74 16825 101 4357 4357 190450 74 74 74 2244005 29253025 74 4357 74 456977 74 74 2244005 74 74 74 74 16825 101 1654865 74 74 456977 785 785 74 74 74 101 101 74 4357 2425 8245 74 74 4357 4357 190450 456977 4357 74 74 74 74 74 74 4357 456977 456977 202 74 16825 101 74 74 74 74 101 101 101 10730 74 74 4357 74 4357 101 370 456977 74 74 74 74 74 101 101 456977 74 74 74 31945105 74 16825 74 8245 4357 101 2672930 74 101 8245 8245 290 1018145 627868625 74 74 101 8245 74 8245 7850 74 74 74 6283925 74 74 101 74 74 74 74 74 10730 2425 8245 456977 74 8245 74 4357 16825 785 16825 190450 101 4357 74 2425 363701 2425 101 74 74 16193809 363701 74 74 190450 4357 4357 16825 74 8245 4357 74 16825 4357 8245 101 456977 4357 101 101 74 202 101 74 
202 8245 202 202 505 8245 8245 1450 8245 8245 202 1717 202 8245 1717 1717 77450 8245 202 55114 8245 202 8245 202 202 8245 77450 202 8245 8245 8245 8245 202 202 202 101 240101 101 202 202 202 505 101 8245 1450 202 456977 8245 286565 286565 8245 101 202 202 202 202 202 101 505 1717 8245 101 202 8245 202 8245 8245 286565 202 202 202 101 286565 202 1717 101 1746485 101 202 361010 202 1717 8245 101 202 101 202 8245 202 77450 202 202 101 202 1450 202 101 202 122434 505 202 202 202 202 202 202 202 8245 202 202 8245 8245 505 456977 8245 202 202 286565 8245 202 361010 202 686450 1450 505 8245 202 202 202 202 202 71482858 101 202 202 101 8245 202 7527530 101 202 101 202 202 8245 202 8245 8245 286565 77450 202 202 202 8245 202 240101 1295009 202 202 1717 101 202 202 101 1717 202 202 74 202 202 202 202 202 202 8245 1717 202 202 202 202 202 202 202 202 202 202 202 202 8245 202 286565 202 456977 8245 202 101 202 1450 202 505 202 101 1332970 202 1332970 505 8245 202 202 202 1717 202 101 202 202 202 202 456977 101 202 392005 286565 202 1717 505 202 8245 202 202 202 456977 202 202 202 202 8245 202 8245 505 686450 286565 247810 8245 1717 202 202 202 74 202 55114 202 101 8245 8245 1332970 202 202 286565 202 8245 202 286565 202 202 202 8245 8245 202 1450 202 101 1717 1717 77450 101 74 202 1332970 202 202 202 202 202 101 202 456977 8245 202 202 1717 202 202 202 8245 202 101 202 101 202 8245 8245 1717 202 202 202 8245 202 101 8245 202 8245 8245 202 240101 101 202 17617525 101 202 505 202 202 202 247810 101 505 202 456977 101 1717 8245 101 202 8245 8245 1717 202 8245 202 8245 8245 202 202 8245 202 202 202 1736618 202 8245 202 202 202 101 202 8245 8245 505 101 202 202 202 101 686450 247810 1717 202 202 101 1717 202 8245 286565 202 202 202 286565 202 8245 202 1717 202 240101 202 202 202 101 8245 8245 202 202 1717 8245 202 202 101 202 202 202 202 202 1450 8245 202 286565 202 202 202 202 202 202 101 202 202 286565 202 240101 1450 1717 202 202 202 240101 202 101 1450 8245 202 202 456977 8245 202 202 8245 8245 202 202 202 202 1717 77450 202 11101474 202 101 202 101 8245 8245 286565 4977785 8245 202 101 202 202 8245 101 202 202 202 8245 55114 4977785 202 1717 1717 202 8245 74 202 1717 202 101 227207465 8245 202 240101 8245 101 202 1450 202 202 8245 202 202 240101 101 202 202 202 202 8245 8245 202 202 8245 202 202 202 202 101 202 1332970 202 12923530 202 101 8245 5270770 202 456977 202 77450 202 505 8245 
202 202 202 2113145 202 202 202 202 3737 202 8245 8245 202 8245 202 8245 202 202 8245 505 202 202 8245 202 77450 77450 202 202 202 202 202 27766154 3737 202 202 202 202 240101 202 55114 3737 74 286565 1258 202 77450 8245 41225 202 202 1717 8245 202 202 3737 202 202 202 156658 686450 77450 5270770 202 202 202 28995829 8245 8245 202 8245 202 202 202 202 202 8245 77450 202 1717 505 202 3737 505 286565 202 202 202 1258 8245 55114 1258 202 202 101 202 202 202 1717 202 202 202 202 77450 202 8245 1332970 1258 202 202 286565 202 202 202 202 3737 8245 202 3737 1332970 202 202 101 77450 202 195365 202 505 202 202 2284850 202 1717 361010 122434 3737 1717 202 202 505 1717 8245 202 8245 202 8245 202 3737 202 1332970 1717 202 8245 240101 41225 202 3737 1717 202 202 202 202 8245 3737 8245 101 240101 202 8245 202 202 77450 202 8245 202 202 202 1332970 202 41225 1717 28995829 202 8245 202 202 8245 202 202 202 202 202 156658 286565 202 202 8245 202 1717 202 8245 202 3737 505 3737 3737 101 
85 85 65650 695185 85 85 85 19018 36101 85 65650 85 85 465125 19018 465125 36101 465125 85 85 85 85 465125 85 85 85 85 239434 36101 465125 36101 85 36101 85 19018 85 19018 85 2513570 239434 19018 85 184325 85 74 85 19018 3145 85 85 85 85 465125 36101 465125 85 3145 36101 85 85 19018 85 85 36101 85 85 19018 10730 465125 465125 3145 85 85 36101 19018 19018 36101 19018 85 85 85 85 85 85 85 465125 465125 85 19018 36101 4305925 19018 36101 465125 19018 36101 85 85 19018 85 465125 85 85 85 19018 19018 85 85 85 19018 239434 19018 85 19018 85 85 85 19018 85 85 465125 2513570 85 85 3145 36101 36101 85 239434 85 85 19018 465125 36101 85 85 465125 85 19018 85 85 19018 36101 85 465125 36101 465125 85 19018 465125 19018 695185 85 2513570 85 170 465125 19018 85 85 19018 85 85 36101 85 85 2513570 85 465125 85 85 170 19018 2513570 85 19018 85 85 465125 85 19018 85 85 85 19018 19018 85 465125 85 85 85 4651250 85 65650 85 8825 85 465125 4460545 465125 36101 19018 465125 85 85 85 465125 19018 239434 36101 85 85 3145 465125 465125 85 85 19018 465125 85 85 19018 85 85 19018 85 85 465125 85 465125 85 465125 85 85 85 85 465125 3145 85 465125 36101 85 36101 85 1227434 85 85 36101 85 19018 19018 19018 85 85 85 85 36101 465125 85 85 19018 239434 465125 465125 3145 85 85 85 85 465125 695185 36101 170 36101 465125 85 85 85 85 85 19018 36101 465125 19018 85 19018 19018 36101 85 85 465125 19018 465125 85 85 202 85 19018 465125 85 36101 85 19018 42807385 370 19018 19018 465125 85 239434 85 36101 85 19018 465125 36101 19018 3145 85 85 465125 85 36101 170 85 465125 85 85 85 85 85 85 85 465125 85 85 8825 85 19018 36101 85 239434 19018 19018 85 85 36101 19018 36101 85 85 85 85 85 202 370 85 85 36101 51850 465125 85 85 85 85 465125 465125 85 465125 85 19018 5008645 51850 85 465125 85 85 19018 465125 85 85 85 19018 85 85 36101 36101 85 19018 85 465125 36101 85 85 19018 85 85 85 85 465125 239434 85 1450 36101 85 85 36101 85 36101 36101 239434 695185 85 239434 85 85 85 19018 239434 85 465125 19018 465125 85 85 19018 36101 695185 85 85 36101 36101 85 23392850 85 465125 19018 85 36101 85 85 85 2513570 36101 40525957 85 3145 18685 85 2657525 85 36101 465125 36101 370 36101 85 85 85 85 85 85 85 19018 19018 465125 85 85 85 36101 36101 202 19018 170 85 36101 361010 19018 19018 4460545 19018 465125 465125 85 370 202 1227434 85 85 19018 85 239434 465125 85 85 85 85 19018 85 465125 85 36101 202 85 19018 239434 19018 36101 19018 85 85 170 19018 85 85 85 85 85 85 85 3145 85 85 19018 19018 465125 85 85 19018 85 85 19018 2513570 19018 36101 19018 19018 19018 19018 36101 8825 85 36101 19018 85 85 695185 465125 
3925 34 3031865 25925 312505 34 25925 25925 34 3925 3925 3925 34 34 34 34 34 34 25925 3925 1240025 34 3925 34 70608565 1089010 4369 34 1240025 15317 25925 3414002 34 34 186325 34 34 3925 34 312505 34 3925 3925 34 3925 8005 34 8005 34 34 34 8005 3925 3925 25925 34 34 34 34 24464725 3925 34 34 34 8427250 4369 34 2490914 34 3925 34 34 3925 34 34 34 34 3925 34 34 34 34 15317 8005 34 8005 312505 312505 8005 34 34 34 6528650 8005 312505 3925 3925 3925 34 3031865 312505 34 34 8005 34 8158685 34 34 8005 34 34 3925 3925 34 6290 3925 34 15317 3925 8005 3031865 25925 34 34 3925 34 34 312505 3925 312505 34 34 312505 3925 3925 34 3925 34 8005 34 8005 34 3414002 34 34 25925 34 3925 312505 34 34 653050 103970 34 34 34 34 3925 34 34 312505 34 34 6290 4369 35120450 3925 3925 34 3925 312505 34 3925 34 34 186325 8005 34 34 3925 34 3031865 34 20506250 3925 34 34 34 34 3925 34 3925 3925 34 34 34 8005 312505 34 37370 34 3031865 34 34 34 8005 34 34 8005 3925 3925 3925 312505 312505 34 34 34 34 34 8005 34 34 8005 34 34 34 34 34 34 34 34 3925 3925 3925 34 312505 34 34 3925 25925 34 8005 34 34 34 103970 34 312505 34 34 15317 3925 8005 103970 34 34 312505 3925 34 34 34 312505 34 34 312505 34 3925 34 34 3925 34 34 3925 1089010 3925 34 25925 3925 3925 34 1240025 3925 312505 312505 3925 8005 3925 34 6290 3925 34 34 8005 34 6290 34 186325 34 34 910010 34 34 3925 8005 8005 312505 3925 3414002 34 3925 312505 34 34 8005 3925 8005 3925 6290 34 34 34 34 34 34 34 34 8158685 3925 4369 3925 25925 8005 34 243370 34 34 34 1240025 316850 34 25925 103970 312505 5551114 34 32672657 34 3925 34 34 34 15317 34 34 34 34 25925 3925 34 312505 312505 34 34 34 34 103970 34 3925 3411274 3925 34 312505 34 3925 3925 312505 34 34 103970 15317 3414002 6290 8005 34 25925 34 34 15317 34 3925 3031865 34 34 3925 34 25925 34 27936485 8005 34 34 34 34 3925 34 25925 3414002 34 34 34 34 34 34 34 8005 34 25925 34 34 34 103970 34 3925 8005 3925 312505 8005 3925 8005 34 34 34 8005 3925 34 3925 34 3925 2679625 34 34 34 34 34 34 3925 34 25925 34 312505 34 34 34 1240025 3925 4411625 34 34 3925 2679625 34 34 34 34 34 2679625 3925 3925 34 34 34 34 34 10405 8005 8005 3925 34 312505 34 3925 1089010 2679625 312505 3925 34 3925 34 312505 312505 8005 8005 34 3925 34 34 4369 34 34 3925 15317 3925 34 25925 312505 3925 15317 17371250 312505 8005 8005 34 3925 34 25925 3925 34 34 34 34 3925 25925 3925 34 8005 34 34 34 103970 4369 312505 34 34 312505 4369 34 34 3925 34 3031865 34 3925 312505 1240025 25925 34 3925 34 34 34 34 8005 312505 34 25925 6528650 3925 3925 34 66725 34 103970 34 34 34 1240025 34 8005 8005 312505 3925 34 34 34 34 3925 4369 34 8005 3925 34 34 15317 34 34 32672657 34 34 34 34 25925 25925 2490914 103970 3925 34 312505 34 15317 
34 15317 34 34 34 170 34 34 170 34 40269125 170 170 170 34 170 34 34 170 170 170 170 34 170 34 59170 170 34 34 170 170 25027250 170017 170 61217 170 170 34 170 34 34 34 34 186325 34 170 34 34 34 59170 7623317 170 170 170 170 170 170 34 170 4369 170 34 170 170 34 34 34 34 170 34 170 170 34 170 34 170 34 34 34 170 122434 170 34 1812445 170 186325 170 170 34 61217 170 170 170 34 170 34 170 122434 34 170 170 170 170 170 170 34 34 170 1050905 34 34 170 122434 170 34 34 1050905 170 170 34 170 4369 34 112370 170 34 170 61217 34 4369 262450 34 15317 34 122434 170 170 34 61217 170 34 34 34 34 34 170 170 170 34 4369 170 170 34 34 170 4930 34 34 61217 15317 170 34 11289601 170 34 170 34 6290 170 170 34 14684225 34 170 34 34 34 1018145 122434 170 170 170 34 34 170 61217 170 34 34 170 34 170 34 34 34 170 170 34 34 11289601 170 170 34 170017 15317 170 11289601 34 170 6290 34 170 170 170 1018145 170 112370 34 34 170 4369 170 170 34 170 34 170 170 34 34 170 34 34 170 34 170 170 170 170 31248101 170 1018145 170 170 170 170 170 170 66674 34 
34 463114 34 170 34 110245 170 170 262450 34 29045 170 170 170 34 29045 34 34 34 4930 170 170 34 170 170 34 170 170 34 170 176290 29045 170 6290 34 29045 34 170 34 170 34 51914 34 2185625 34 34 29045 29045 170 110245 170 463114 34 170 34 463114 1018145 17070010 34 170 170 34 463114 34 3737 170 34 463114 34 170 170 34 170 34 2185625 34 170 170 170 34 29045 34 170 34 170 34 176290 51914 248965 29045 34 34 34 34 110245 34 34 34 170 34 34 34 4369 34 170 34 170 170 170 34 170 110245 34 170 34 34 170 34 110245 34 170 170 463114 34 34 170 34 273205 34 170 51914 4802045 34 4369 34 34 34 4369 34 170 34 34 170 29045 170 34 15317 34 170 2185625 110245 34 262450 3737 170 34 34 34 29045 34 170 2185625 170 34 34 29045 170 170 170 463114 29045 34 170 273205 17070010 170 170 170 170 34 34 34 170 170 34 34 34 34 34 170 34 34 170 5874490 328250 170 4369 34 170 34 463114 463114 170 34 34 34 170 170 34 176290 170 34 34 170 170 34 170 34 34 34 34 170 34 186325 170 170 110245 34 34 34 170 34 34 6290 34 34 34 112370 170 34 170 34 
1227434 10370 10370 188065 27217 10370 188065 188065 485 10370 10370 10370 485 1143250 10370 485 188065 4357 1227434 10370 27217 10370 188065 188065 188065 10370 10370 10370 10370 181337 188065 10370 27217 188065 4357 10370 10370 188065 1116050 10370 115304645 10370 5140514 10370 188065 169010 485 10370 10370 188065 2125765 4357 2876417 120250 10370 188065 10370 27217 10370 188065 188065 4357 188065 10370 538645 10370 2125765 10370 10370 27217 27217 765034 10370 10370 188065 10370 2876417 485 181337 10370 485 10370 188065 10370 10370 485 4357 10370 188065 27217 485 188065 188065 10370 27217 4357 485 27217 10370 120250 10370 1227434 2125765 10370 181337 4357 10370 10370 10370 188065 10370 485 485 181337 10370 188065 4357 4357 10370 10370 10370 4357 188065 4357 188065 10370 169010 27217 538645 2281250 188065 27217 2125765 10370 10370 485 188065 10370 10370 10370 4357 4357 10370 10370 10370 181337 501265 501265 181337 2125765 2876417 1227434 10370 2281250 2125765 10370 10370 181337 10370 485 4357 10370 10370 10370 485 538645 120250 485 3946465 2125765 4357 4357 1227434 4357 27217 3946465 188065 10370 10370 2125765 485 10370 181337 4357 181337 27217 188065 10370 485 10370 10370 4357 2281250 10370 39427202 188065 188065 10370 2125765 27217 485 120250 10370 10370 2125765 188065 10370 4357 188065 10370 485 10370 181337 4357 27217 27217 10370 485 10370 27217 10370 188065 188065 485 188065 3946465 188065 188065 181337 5140514 10370 4357 10370 10370 10370 10370 10370 10370 188065 10370 485 27217 538645 27217 485 169010 10370 538645 27217 4357 27217 485 188065 10370 10370 1227434 27217 188065 10370 10370 485 10370 27217 10370 10370 27217 4357 10370 10370 162256645 10370 10370 10370 27217 10370 8425625 485 4357 10370 188065 188065 188065 10370 1227434 485 27217 10370 538645 2876417 10370 188065 10370 27217 188065 4357 4357 10370 1116050 2281250 188065 169010 4357 485 120250 10370 188065 10370 538645 2125765 181337 10370 10370 188065 10370 4357 10370 10370 188065 10370 2125765 10370 10370 188065 181337 538645 188065 27217 10370 10370 10370 4357 10370 10370 27217 27217 158306725 27217 485 4357 485 4357 10370 10370 188065 120250 10370 2876417 485 27217 3946465 3946465 181337 485 120250 4162685 169010 10370 188065 10370 4357 2281250 10370 10370 485 120250 188065 2125765 120250 10370 10370 10370 188065 10370 2125765 10370 10370 485 485 120250 169010 4357 10370 485 181337 10370 1227434 4357 485 188065 10370 10370 538645 188065 188065 765034 10370 4357 10370 4357 4357 10370 2281250 121044005 188065 27217 3946465 485 188065 2876417 10370 181337 10370 1227434 10370 10370 10370 2125765 188065 4357 10370 485 188065 10370 485 485 4357 4357 27217 1227434 10370 10370 4357 188065 10370 1227434 188065 10370 485 10370 10370 2876417 538645 1227434 4357 10370 10370 10370 10370 10370 27217 
18685 19018 18685 13450 18685 188065 18685 56871865 465125 465125 465125 4357 18685 2513570 170 19018 19018 188065 370 188065 13450 4357 18685 4357 19018 3145 4357 3145 19018 4357 4357 145802 188065 188065 188065 19018 188065 19018 19018 19018 19018 188065 18685 18685 18685 19018 18685 18685 18685 18685 18685 19018 3849850 465125 13450 19018 1450 170 18685 19018 18685 19018 19018 3145 465125 18685 145802 188065 13450 18685 10585 3145 170 188065 463114 188065 188065 18685 19018 13450 13450 18685 188065 4357 18685 19018 19018 4357 18685 5657525 18685 18685 18685 18685 18685 51850 13450 19018 188065 19018 188065 188065 1830050 13450 18685 188065 18685 145802 18685 19018 19018 10370 2513570 188065 19018 145802 18685 370 19018 13450 18685 188065 13450 13450 18685 188065 370 465125 188065 19018 19018 34 19018 19018 34 370 3145 18685 10370 34 19018 18685 465125 13450 18685 1128970 10370 19018 188065 4357 18685 13450 465125 188065 465125 465125 18685 18685 18685 13450 19018 4357 188065 146615690 4357 3145 34 19018 188065 18685 18685 19018 4357 19018 4357 4357 19018 18685 4357 13450 19018 18685 465125 19018 188065 18685 465125 18685 18685 13450 18685 18685 4357 18685 19018 19018 34 51638597 13450 10370 170 2480725 19018 2513570 18685 465125 34 18685 4357 4460545 465125 19018 18685 34 465125 18685 4357 19018 465125 465125 465125 18685 19018 4357 19018 19018 18685 19018 18685 19018 10370 18685 188065 370 145802 10370 18685 188065 13450 13450 18685 18685 4460545 19018 188065 188065 18685 3849850 13525 188065 18685 19018 18685 19018 18685 19018 465125 11888705 19018 188065 19018 3145 465125 3145 18685 465125 18685 18685 18685 13450 18685 13450 18685 13450 18685 13525 3145 19018 1450 18685 19018 188065 19018 13450 118474 18685 188065 19018 13450 13450 34 18685 19018 145802 370 18685 19018 188065 465125 10370 19018 4357 18685 13450 18685 19018 465125 18685 13450 18685 465125 34 34 1227434 19018 18685 18685 465125 188065 10370 465125 4357 4357 188065 18685 19018 510770 188065 4357 18685 19018 11888705 19018 188065 19018 18685 10370 19018 18685 18685 18685 13450 4357 4357 18685 188065 18685 19018 18685 18685 188065 465125 18685 465125 4357 19018 18685 19018 18685 19018 18685 19018 
485 4357 485 34 485 485 34 485 34 10370 485 34 2125765 485 485 120250 10370 34 290450 4357 485 485 34 10370 485 485 269125 485 10370 485 485 501265 485 485 485 485 485 5365 4357 34 485 34 10370 34 485 34 2125765 34 4357 485 34 120250 6297785 10370 485 1331593 485 485 34 269125 485 10370 34 34 485 10370 4357 5365 34 485 485 10370 83466497 485 9063050 4357 485 485 5365 485 10370 485 485 501265 34 34 4357 485 485 2570 34 501265 34 4814825 34 34 181337 485 10370 4357 485 485 485 4357 62725 34 34 485 485 34 485 485 485 34 34 485 485 485 501265 485 485 1665074 4357 485 485 34 485 485 34 34 34 485 34 34 485 34 34 10370 501265 485 5365 485 485 2125765 485 34 10370 34 5991050 5365 485 34 120250 2125765 269125 485 485 10370 485 34 2125765 10370 4357 485 485 485 5365 485 34 485 485 34 485 5365 514 4357 4357 5365 485 4850 10370 485 485 485 485 34 1331593 485 2570 4357 4357 4357 485 485 485 485 269125 34 485 34 485 485 485 120250 4850 5365 485 4357 10575505 10370 34 4357 485 34 269125 34 485 34 10370 34 4357 485 10370 4357 485 62725 2125765 10370 34 62725 485 485 485 34 120250 34 1685450 4357 5365 290450 5365 34 19423765 10370 2125765 485 485 62725 485 485 485 1665074 4850 485 181337 4357 4357 269125 485 485 1331593 485 4357 5365 120250 4357 4357 485 485 485 1685450 485 485 485 485 485 485 34 2125765 10370 34 485 34 4357 62725 485 120250 34 485 34 485 120250 269125 34 485 485 485 485 485 485 485 34 34 4357 485 485 485 10370 485 34 4357 4357 5365 485 485 485 485 485 485 34 485 485 4357 485 62725 269125 10370 4357 485 62725 4357 4357 485 4357 485 78447785 4357 485 4357 485 485 3433970 34 4357 485 485 485 485 485 34 2570 4162685 485 485 485 485 485 485 485 485 1665074 290450 485 34 269125 4189225 10370 485 34 485 485 485 485 34 485 485 485 501265 485 485 485 34 5365 4357 485 485 2570 485 485 4357 67535525 1665074 34 5991050 485 34 485 290450 5365 10370 1331593 4357 1331593 1331593 4357 485 34 485 485 5365 485 34 5365 485 485 485 62725 10370 485 485 10370 485 485 4357 485 485 485 34 5365 485 
4357 27217 538645 27217 4357 27217 4357 4357 4357 4357 9439625 4357 27217 10370 27217 4357 10370 538645 10370 27217 1654865 4357 4357 1654865 4357 188065 4357 4357 4357 188065 188065 27217 4357 27217 4357 10370 10370 4357 4357 10370 2876417 188065 4357 188065 10370 188065 188065 4357 1765 4357 27217 4357 4357 4357 4357 27217 4357 4357 10370 188065 27217 188065 4357 4357 188065 4357 28910410 10370 188065 10370 27217 4357 181337 4357 27217 4357 538645 74 4357 188065 10370 4357 4357 1654865 4357 188065 10370 188065 74 10370 74 4357 4357 27217 27217 27217 4357 6823970 10370 4357 4357 27217 188065 10370 5674685 4357 10370 10370 27217 3946465 4357 4357 188065 4357 4357 5218405 27217 188065 10370 188065 74 538645 188065 4357 4357 27217 10370 4357 538645 1765 2281250 2517770 4357 10370 10370 10370 8453945 10370 27217 4357 1227434 74 188065 4357 10370 188065 4357 27217 4357 27217 27217 4357 1654865 188065 4357 538645 4357 4357 188065 188065 10370 10370 538645 27217 4357 4357 10370 10370 188065 10370 4357 188065 4357 27217 188065 4357 4357 5140514 10370 27217 4357 4357 169010 4357 188065 4357 188065 74 4357 74 2281250 4357 370 74 4357 188065 10370 1654865 538645 74 188065 188065 27217 4357 74 4357 10370 188065 27217 4357 188065 4357 4357 4357 
4357 49010 1654865 4357 4357 4357 4357 4357 4357 4850 49010 1802 49010 4850 49010 49010 4357 49010 1258 4357 10 4850 10 49010 157625 10 4850 309137 4357 1258 49010 4357 1654865 49010 1258 49010 4357 49010 370 49010 309137 49010 49010 309137 157625 74 27311077 49010 49010 4357 4357 102154 4357 1258 4357 74 49010 49010 49010 4850 49010 49010 1258 4357 4357 49010 188065 4357 4357 49010 24050 49010 157625 4357 49010 4357 4357 4357 4850 4357 49010 49010 4357 49010 49010 157073185 309137 49010 188065 4357 157625 74 49010 157625 1258 49010 49010 4357 4357 49010 157625 49010 4357 49010 49010 4357 4357 4850 8908402 4401605 4357 157625 49010 49010 4357 4357 4850 800005 1802 35356985 4357 4357 4357 4357 49010 4357 5834825 49010 188065 49010 1258 49010 102154 49010 74 1802 49010 102154 4357 49010 4357 49010 4357 7907125 157625 4357 188065 49010 55250 4357 4357 10585 49010 253240325 4357 4357 4357 4357 4357 4357 49010 4357 4357 49010 4850 4357 49010 74 49010 49010 4850 4850 5834825 49010 49010 4357 49010 49010 4357 49010 49010 49010 74 49010 1258 4850 4357 49010 4357 1258 4357 49010 49010 4357 74 309137 4357 4850 4357 4850 1654865 4357 4357 102154 17288965 4850 49010 49010 4850 74 49010 4357 49010 49010 4357 4357 4357 1802 1258 188065 4850 49010 49010 4357 4357 4357 4357 4357 4357 309137 4357 309137 21170 49010 4357 49010 49010 49010 1258 4357 74 188065 49010 49010 5834825 1654865 1258 49010 4357 4850 4357 1258 4357 188065 1258 10585 4357 49010 49010 1802 49010 4357 4357 2022085 49010 49010 4357 49010 49010 24050 74 49010 49010 49010 4357 4357 4357 4850 230409545 4357 188065 4357 4357 49010 4357 10585 1654865 4850 1802 4357 49010 8908402 74 49010 4357 102154 4357 4850 4357 4357 4850 4850 1654865 49010 4357 4357 4357 49010 49010 188065 4850 102154 49010 49010 1258 4357 4850 49010 4850 49010 4357 4357 4357 4357 188065 333370 4401605 49010 4850 309137 1802 4357 1258 102154 4357 49010 4357 
815813 4357 49010 49010 51456325 4357 4357 49010 4850 4357 4357 49010 49010 10 4357 49010 4850 74 4357 49010 49010 4357 49010 49010 49010 4357 74 1258 49010 4357 49010 49010 49010 4357 74 49010 49010 6290 800005 4357 188065 4357 49010 4357 4357 4357 49010 1258 4850 4357 186325 49010 102154 49010 4357 186325 49010 4357 102154 49010 49010 4357 309137 49010 49010 4357 6290 49010 309137 4357 4357 4357 74 49010 4357 4357 4357 49010 239434 1654865 4357 6290 309137 49010 4357 49010 49010 239434 49010 239434 49010 49010 49010 49010 4357 49010 4357 49010 4357 49010 17288965 6290 49010 10 10 6290 4357 4357 49010 6290 21170 186325 49010 4357 1258 4357 49010 49010 49010 49010 49010 1258 4357 5326865 4357 49010 4357 4357 10 239434 74 102154 49010 4357 1258 74 4357 4357 309137 4357 49010 1654865 309137 309137 4357 49010 4357 6290 4357 49010 49010 49010 157625 4850 4357 6290 49010 6290 49010 309137 4401605 6290 4357 4357 49010 4357 49010 4357 49010 6290 157625 4357 49010 50427785 10 49010 4357 10 74 4357 49010 49010 74 239434 4357 4357 24050 188065 4357 1512901 49010 4357 49010 800005 49010 102154 4357 309137 4357 4357 309137 4357 4357 49010 49010 4850 4357 4357 4357 49010 4357 49010 186325 4357 49010 4357 49010 4357 4357 49010 157625 4357 49010 4357 49010 49010 309137 800005 6290 49010 188065 74 239434 49010 4357 4357 4357 49010 49010 51456325 49010 239434 4357 4357 49010 49010 4357 102154 49010 74 49010 102154 49010 49010 4357 1258 4357 1512901 309137 49010 49010 49010 49010 49010 49010 572050 188065 49010 49010 49010 309137 188065 4357 49010 24502501 239434 157625 1258 4357 1625 157625 4357 4357 74 4357 4357 1654865 970 6290 800005 4357 157625 49010 239434 49010 49010 4357 74 4357 49010 49010 6290 309137 239434 1625 4357 49010 4357 49010 49010 4357 49010 4357 49010 4357 4357 74 49010 49010 157625 49010 1258 4357 6290 4357 188065 6290 4357 6290 49010 74 4357 49010 49010 4357 1258 6290 6290 6290 4357 74 4357 4357 4357 4850 49010 49010 4357 239434 4357 49010 6290 4357 49010 4357 4357 49010 49010 4357 4357 10 4357 188065 24502501 49010 49010 49010 49010 239434 49010 4357 4357 49010 49010 4357 49010 49010 4357 49010 4357 49010 4357 239434 49010 800005 49010 49010 4357 654985 49010 1654865 49010 4357 4357 4357 4357 4357 49010 74 4850 6290 1258 49010 49010 49010 49010 49010 309137 239434 6290 4357 5326865 49010 10 4357 186325 157625 4357 6290 49010 49010 49010 4357 4357 49010 74 49010 4357 49010 49010 49010 49010 49010 49010 10 4357 49010 10 4357 4357 4357 4357 4357 49010 10 49010 49010 815813 4357 4850 49010 4357 4357 74 49010 4850 4357 74 188065 239434 4357 309137 3411274 370 239434 4850 4357 49010 4357 309137 4357 239434 4357 49010 4357 49010 4357 49010 49010 49010 49010 49010 4357 4850 1654865 74 4357 800005 188065 4357 4357 49010 49010 4357 4357 4357 4357 4357 49010 49010 4850 74 49010 49010 4357 49010 4357 239434 74 49010 1654865 74 239434 1069085 49010 49010 49010 49010 4357 49010 4357 49010 4357 4850 60810425 157625 188065 6290 4357 6290 4850 
10370 485 4357 10370 501265 485 37829045 538645 10370 4357 1227434 4357 10370 188065 485 10370 10370 188065 4162685 10370 27217 538645 188065 188065 2281250 188065 27217 10370 10370 188065 10370 19101217 485 10370 10370 1227434 4357 27217 10370 10370 1685450 1227434 10370 10370 188065 10370 485 27217 2876417 10370 188065 42108025 10370 188065 10370 2281250 10370 12574117 10370 10370 10370 120250 10370 120250 188065 485 27217 10370 188065 27217 2281250 188065 27217 10370 1685450 485 27217 10370 27217 27217 485 169010 27217 188065 27217 10370 2281250 188065 27217 115304645 4162685 120250 2125765 10370 1227434 2125765 10370 546410 188065 10370 10370 10370 2281250 181337 10370 27217 27217 4357 4357 27217 4357 188065 10370 10370 27217 181337 485 10370 4357 10370 27217 10370 10370 10370 10370 2281250 485 485 485 2125765 2125765 4357 27217 10370 27217 188065 10370 10370 485 10370 4357 4357 10370 10370 2125765 27217 188065 10370 10370 10370 538645 10370 10370 181337 10370 4357 10370 10370 2125765 10370 485 538645 10370 10370 10370 501265 10370 2281250 4357 27217 10370 2125765 37829045 485 27217 538645 485 485 485 4357 27217 501265 10370 188065 485 120250 4357 188065 10370 2281250 10370 27217 10370 10370 10370 485 4357 10370 115304645 10370 4357 485 3946465 10370 10370 485 4357 10370 10370 485 10370 10370 27217 485 3946465 485 10370 4357 27217 10370 485 538645 10370 485 10370 10370 485 188065 10370 485 10370 10370 10370 485 485 181337 10370 188065 10370 10370 188065 10370 4357 10370 485 10370 2281250 10370 2876417 188065 188065 4357 2876417 13811225 4357 4357 10370 485 538645 27217 27217 10370 10370 27217 2876417 2125765 485 188065 27217 162256645 188065 10370 4357 10370 188065 2125765 27217 10370 10370 485 10370 10370 27217 10370 10370 27217 485 27217 10370 10370 10370 485 4357 10370 10370 27217 188065 10370 188065 538645 10370 485 485 188065 10370 485 188065 188065 10370 2125765 485 10370 10370 27217 27217 4357 188065 10370 27217 1227434 10370 4357 485 188065 2125765 10370 10370 10370 1258 188065 538645 27217 10370 4357 10370 10370 188065 188065 485 4357 169010 10370 10370 10370 4424810 10370 10370 10370 4357 27217 10370 181337 485 188065 10370 188065 10370 27217 485 10370 10370 188065 10370 10370 10370 27217 10370 4162685 10370 10370 2281250 10370 10370 2125765 10370 188065 485 485 10370 4357 10370 10370 485 188065 188065 538645 27217 188065 1685450 485 120250 4357 10370 10370 8425625 27217 9010 10370 10370 10370 538645 188065 10370 27217 27217 27217 188065 27217 27217 188065 27217 10370 10370 10370 485 485 188065 10370 27217 181337 37829045 188065 3946465 27217 10370 27217 120250 10370 10370 181337 4357 1227434 2125765 188065 10370 188065 27217 485 610130 485 1227434 10370 10370 27217 27217 10370 27217 27217 10370 10370 27217 1227434 10370 1116050 485 120250 538645 10370 485 10370 10370 4357 2125765 10370 10370 188065 2125765 121044005 564485 10370 4357 10370 10370 10370 188065 27217 10370 188065 10370 27217 4357 27217 169010 10370 10370 10370 188065 27217 10370 538645 10370 
202 2425 74 8245 16193809 190450 74 74 74 16825 8245 328250 74 74 101 101 74 74 2672930 101 74 74 74 74 74 8245 8245 74 202 101 101 74 2425 74 74 74 74 2425 2425 29253025 16825 74 101 190450 101 74 74 101 16193809 74 456977 8245 74 74 74 74 8245 74 74 101 74 456977 74 202 456977 74 101 363701 202 74 101 74 101 456977 190450 74 74 74 101 74 74 190450 74 74 74 101 8245 190450 74 8245 74 74 101 101 101 74 190450 74 16825 8245 101 74 101 101 363701 327402325 74 16825 74 74 74 7850 74 101 74 74 8245 16193809 202 8245 74 101 456977 74 202 101 101 74 74 74 101 101 456977 101 101 74 202 202 202 202 101 74 74 2672930 74 74 202 74 74 74 4761010 456977 101 59200370 101 101 74 328250 74 8245 74 101 16825 74 74 74 74 101 74 101 101 8245 456977 16825 74 101 101 16825 16825 101 101 101 101 74 202 202 27889745 74 74 26293865 202 74 74 74 8245 74 2672930 74 74 8245 74 456977 8245 101 74 8245 74 2425 101 101 2244005 202 74 74 8245 202 8245 74 456977 74 74 363701 74 8245 74 74 74 202 8245 8245 8245 16825 74 74 2425 74 101 456977 101 202 74 16825 363701 10730 785 74 74 74 202 74 101 74 16825 785 74 8245 74 74 74 74 8245 74 74 8245 202 202 456977 74 74 190450 190450 74 74 74 74 74 202 101 74 74 16825 2425 74 363701 101 74 101 74 456977 8245 101 456977 101 16825 74 8245 8245 74 1450 456977 74 202 74 10730 74 370 74 16825 202 74 202 101 74 74 74 74 202 1047370 74 202 190450 74 10730 74 74 202 101 16825 74 16825 74 101 202 16825 74 74 74 74 74 8245 101 16825 74 2425 8245 8245 74 101 74 74 74 363701 382058 74 740690 74 74 74 74 8245 363701 74 8245 456977 101 456977 16825 785 74 456977 101 101 101 21353657 363701 16825 16825 74 8245 101 74 622525 74 8245 74 8245 16825 8245 363701 74 101 1018145 363701 202 74 101 74 16825 101 101 101 456977 74 8245 74 2514725 8245 74 101 74 456977 2425 74 101 16825 101 8245 74 190450 8245 101 16825 74 101 101 101 74 8245 74 8245 74 8245 456977 31754 74 74 101 101 202 74 101 74 74 202 16193809 74 74 74 74 74 101 785 202 16825 8245 74 101 74 74 16825 74 202 74 74 202 202 74 74 31754 8245 2425 8245 456977 74 74 328250 74 74 202 202 202 101 16825 74 8245 74 202 74 74 74 74 101 202 1368778 
45002 45002 74 2570 112897 101 45002 101 679225 17 8245 74 8245 112897 101 17 17 202 45002 101 61217 45002 202 74 101 61217 101 101 170017 720002 74 112897 17 202 45002 17 74 8245 74 101 74 8245 45002 679225 17 74 261994 8245 679225 170017 720002 45002 74 101 17 45002 45002 45002 45002 17 202 8245 101 101 8245 101 17 8245 8245 5301490 74 45002 101 45002 17 45002 101 202 101 45002 55114 101 17 55114 8245 101 101 101 74 8245 261994 45002 8245 101 8245 74 8245 17 679225 74 45002 61217 101 17 101 45002 45002 101 720002 45002 45002 74 45002 112897 101 101 8245 112897 74 6708101 17 45002 45002 101 101 101 17 74 101 45002 74 74 74 45002 45002 8245 2570 45002 202 45002 101 720002 101 101 45002 101 3597217 45002 101 17 101 
46085 74 8245 202 2570 51077 51077 51077 110245 51077 101 51077 202 51077 2570 46085 101 101 101 74 11803445 46085 16386305 101 51077 101 101 101 8245 8245 101 51077 2917265 51077 101 51077 2917265 51077 101 46085 8245 51077 46085 8245 8245 51077 51077 46085 101 8245 51077 22474 1570 8245 202 46085 202 101 1570 8245 202 101 101 370 101 202 51077 46085 46085 74 46085 74 51077 74 8245 8245 51077 8245 51077 1570 46085 370 1570 51077 51077 51077 970 46085 46085 101 8245 8245 8245 51077 8245 51077 74 101 51077 101 51077 101 51077 51077 46085 74 1570 51077 101 8245 51077 101 51077 8245 51077 1570 51077 157625 46085 51077 51077 101 51077 101 51077 46085 101 51077 51077 101 51077 51077 101 101 51077 74 51077 8245 51077 51077 46085 46085 8245 101 51077 58325 1570 51077 51077 74 51077 8245 51077 8245 51077 51077 74 51077 46085 1010 8245 74 370 101 2570 101 46085 1570 96215330 101 51077 202 101 101 101 51077 51077 51077 8245 1570 370 202 74 2917265 51077 819202 51077 51077 101 1450 11803445 51077 1570 101 51077 1570 51077 1570 51077 101 46085 74 8245 51077 46085 46085 370 8245 22474 51077 202 51077 51077 51077 8245 202 74 903170 46085 74 51077 51077 2570 46085 46085 51077 46085 51077 51077 101 51077 101 74 101 8245 8245 8245 46085 2570 101 51077 51077 101 2917265 51077 101 101 101 46085 58325 51077 1010 8245 101 101 51077 101 51077 46085 22474 74 101 51077 46085 1570 5005450 46085 51077 202 1010 2570 74 51077 101 202 51077 46085 101 46085 202 51077 202 74 46085 46085 1570 8245 370 110245 51077 46085 51077 46085 120438965 101 46085 8245 202 101 110245 1010 46085 819202 202 51077 46085 16386305 74 74 1010 2570 1450 51077 2917265 74 74 51077 51077 46085 8245 46085 46085 46085 46085 1450 101 101 51077 1570 51077 8245 51077 51077 101 51077 46085 2570 51077 101 51077 1010 74 74 202 8245 970 51077 51077 121685 970 202 8245 51077 8245 46085 8245 8245 51077 8245 74 51077 51077 101 51077 74 2570 46085 51077 46085 74 101 8245 46085 1570 46085 202 51077 101 46085 46085 101 51077 101 46085 101 202 51077 1570 51077 8245 202 51077 903170 101 370 2570 1010 8245 74 51077 2917265 46085 11259170 8245 1010 8245 46085 51077 202 1570 101 8245 51077 5005450 46085 51077 51077 51077 51077 286565 8245 370 101 202 51077 679730 101 46085 51077 243370 74 202 74 1570 2570 51077 46085 74 101 101 51077 58325 46085 
51077 51077 51077 51077 51077 1258 1258 46085 1258 1258 1258 51077 46085 1258 1258 11803445 1010 1570 1258 5185 51077 1570 1570 58325 1570 51077 30634 51077 1258 1258 16386305 51077 51077 1570 46085 51077 51077 1570 1258 2917265 1258 46085 51077 1570 1258 1258 1258 51077 51077 46085 1258 1031050 51077 51077 51077 1258 51077 1258 1570 58325 51077 51077 1031050 51077 51077 1010 51077 46085 1258 1010 1570 1258 1258 51077 46085 51077 51077 1258 1010 1570 51077 1570 51077 1258 51077 46085 1258 185 1258 1258 1258 1258 51077 1258 1010 51077 1258 51077 1258 1258 51077 1089290 1258 1258 51077 1258 1258 1258 1258 1258 1570 903170 51077 46085 51077 275570 58325 333000037 30634 1258 58325 1258 46085 51077 1258 58325 46085 51077 1570 51077 51077 819202 51077 51077 370 5185 1258 51077 51077 1258 1258 58325 903170 1258 51077 1258 46085 1258 1258 3872005 58325 46085 1258 51077 1258 370 903170 1258 1258 275570 51077 1258 1570 51077 1258 1258 1258 1258 2570 51077 51077 58325 51077 1258 1258 46085 46085 51077 1258 1258 1258 5185 2917265 16589450 3889625 1258 51077 1258 46085 110245 5185 1258 1258 46085 58325 46085 1258 51077 51077 51077 1570 51077 58325 2570 51077 1258 1258 51077 1258 51077 1258 1258 30634 58325 1258 51077 2917265 29290 1570 51077 30634 30634 1258 51077 16386305 46085 51077 51077 370 1258 51077 1258 51077 51077 51077 1258 1010 1570 110245 51077 51077 51077 1258 51077 1258 1258 1570 51077 51077 2917265 46085 1258 1258 58325 819202 1570 51077 1570 51077 46085 51077 1258 51077 463114 1258 1258 1258 1258 1258 51077 2570 1258 1258 1258 370 1258 58325 51077 679730 1258 51077 51077 51077 51077 1258 30634 51077 1258 1258 51077 51077 1010 51077 51077 2570 1258 46085 1258 46085 1258 2570 51077 51077 1258 51077 51077 46085 1258 1258 110245 1258 110245 186267905 51077 5185 51077 185 
51077 51077 1010 1570 5185 58325 1258 58325 1258 1258 1570 5185 51077 51077 51077 1258 1258 1258 1258 5185 1570 1258 1258 149817601 1258 51077 51077 1570 1258 51077 1258 1258 51077 58325 1258 1010 1258 1570 51077 1258 1258 1258 51077 1570 1258 51077 51077 1258 185 5185 1258 5185 5185 5185 51077 51077 5005450 51077 1258 58325 1010 1258 1258 1258 5185 51077 51077 1258 1258 1258 1258 51077 1570 1258 179945 1258 51077 1258 5185 1258 51077 1258 1258 1258 1258 5410 51077 1258 1258 1258 58325 1258 51077 1258 1258 1258 1258 51077 1258 1258 1258 5185 185 1258 58325 51077 51077 1258 5185 1258 51077 1258 1258 51077 1258 1570 1258 1258 1258 1258 51077 40752490 41992669 1258 1258 1258 5185 1258 1258 51077 2917265 1258 1258 1258 51077 1570 51077 51077 1258 1258 1258 1258 51077 51077 58325 51077 1258 1258 5185 1258 5410 1258 1258 51077 1258 1258 51077 370 1258 370 51077 1258 1258 1258 1258 1258 51077 51077 58325 1570 58325 51077 1570 1258 5185 1258 51077 1258 1258 1258 5185 58325 51077 51077 1258 1701445 44542010 51077 51077 14945125 51077 51077 5185 1258 1258 51077 903170 5410 11803445 1258 1258 1258 1258 51077 1258 1258 51077 51077 1258 1258 1258 1258 51077 1258 1570 1258 51077 51077 185 51077 1258 33650 370 1258 51077 1570 51077 1258 1258 5410 1570 51077 1258 2570 58325 1258 1258 1258 903170 51077 1258 1258 1258 5185 1258 1258 370 1570 1258 1258 1570 1258 1010 1258 3736394 5185 1570 1258 1570 58325 1258 51077 5185 58325 1258 1258 51077 1570 1258 5185 51077 1258 1258 1258 1570 51077 58325 1258 51077 1258 1010 5185 1258 1258 1258 1570 1258 51077 1258 1258 58325 1258 1258 1258 1258 55114 
49010 7360405 1258 49010 3737 7850785 49010 3737 3737 1258 3737 3737 3737 3737 3737 1258 3323690 3737 1258 3737 2737802 3737 49010 1258 24050 3737 1258 4850 1258 3737 2113145 3737 49010 49010 49010 49010 3737 49010 24050 1802 3737 3737 1258 3737 12021337 3737 3737 7850785 49010 4850 1258 3737 49010 49010 3737 3737 4850 1258 3737 1258 3737 49010 1258 3737 3737 49010 1258 49010 1258 1258 3737 3737 1258 1258 1258 1258 49010 3737 3737 3737 1258 1258 1258 3737 1258 49010 7360405 3737 3737 3737 1258 1258 3737 1258 4850 3737 24050 136085 3737 3737 3737 49010 24050 1258 3737 3737 3737 1258 3737 1258 1258 3737 49010 49010 1258 49010 1802 3737 49010 1258 49010 3737 136085 49010 3737 1258 49010 55114 3737 3737 3737 1258 1258 3737 1258 107650 1258 1258 3737 1258 3737 3737 49010 6290 49010 3737 77450 1258 49010 1258 3737 1258 49010 1258 1258 49010 1258 3737 3737 49010 3737 4850 136085 10738730 3737 1258 1258 3737 3737 1258 3737 3737 1258 1258 3737 3737 12985450 3737 3737 3737 3737 1272385 49010 3737 1258 3737 3737 1258 49010 3737 3737 3737 3737 1258 24050 3737 1258 3737 136085 24050 49010 1258 3737 24050 3737 1258 1258 1258 24050 3737 49010 3737 3737 49010 3737 3737 3737 1258 1802 1258 49010 49010 24050 27766154 24050 49010 1258 1258 3737 1258 3737 49010 3737 1258 49010 3737 3737 3737 3737 3737 3737 1258 55114 7850785 55114 49010 1258 3737 1258 136085 49010 1258 3737 1258 49010 24050 1258 8908402 4850 3737 2517770 49010 49010 1258 1258 873970 3737 1258 3737 3737 3737 49010 1258 3737 49010 1258 3737 1258 3737 1258 1258 49010 1258 1258 1258 24050 24050 49010 3737 1258 3737 49010 3737 49010 3737 3737 3737 3737 2113145 49010 49010 3737 49010 24050 3737 49010 49010 1258 6290 1258 1258 1258 3737 195365 3197105 3737 1258 3737 55114 1258 49010 136085 1258 25648325 49010 3737 3737 3737 1258 49010 3737 1802 55114 1258 116650 1258 7850785 3737 2113145 3737 3737 24050 3737 3737 3737 3737 136085 7850785 3737 1258 6290 1258 3737 49010 1258 1258 3737 3737 3737 3737 1258 24050 3737 3737 107650 24050 49010 1258 49010 3737 49010 1258 3737 3737 3737 1258 1258 1258 3737 1258 1802 3737 1258 6290 49010 1258 1258 4850 1258 49010 21548165 4850 41225 3737 7850785 3737 3737 1258 49010 1258 1258 6290 24050 3737 3737 1802 3737 1258 49010 1258 136085 55114 1258 3737 3737 3737 1258 1258 3737 1258 3737 24050 2113145 3737 74 136085 1258 3737 3737 49010 3737 1258 3737 24050 3737 3737 3737 1258 4850 3737 3737 6290 3737 49010 49010 1258 3737 24050 49010 1258 3737 1258 1258 174061130 3737 49010 3737 1258 3737 11675498 4850 1258 1258 3737 49010 3737 3737 3737 136085 1258 1258 3737 3737 49010 1802 49010 1258 49010 3737 1258 24050 24050 1258 1258 3737 137264657 3737 49010 49010 55114 3737 49010 3737 3737 49010 136085 3737 49010 468469 1258 1258 1258 468469 1258 49010 4850 3737 1258 3737 1258 1258 49010 1258 1258 3737 49010 49010 24050 1258 1258 1258 49010 3737 3737 3737 3737 3737 3737 1258 49010 3737 3737 1802 1258 3737 3737 8908402 
15317 10405 10405 10405 102154 10405 34 34 6290 4369 34 5326865 10405 10405 34 4369 15317 10405 2703850 15317 4369 10405 6290 34 10405 34 10405 10405 10405 34 15317 15317 6290 4369 10405 15317 4369 34 34 34 15317 15317 276770 6290 10405 15317 34 10405 15317 4369 4369 239434 15317 34 34 10405 15317 10405 34 15317 34 15317 239434 10405 34 15317 10405 6290 34 34 4369 34 1089010 15317 15317 4369 169010 10405 10405 239434 10405 4369 6290 10405 4369 4369 102154 102154 15317 10405 15317 34 8908402 15317 34 6290 15317 239434 15317 15317 15317 34 6290 10405 4369 4369 10405 4369 15317 10405 10405 10405 10405 10405 34 34 5326865 10405 34 6290 10405 15317 10405 10405 15317 10405 970 34 10405 10405 15317 34 10405 4369 4369 10405 6290 6290 10405 34 10405 4369 4369 34 15317 15317 4369 8005 15317 6290 10405 10405 10405 4369 8304517 4369 4369 35832197 15317 10405 6290 10405 10405 102154 6290 464290 34 34 4369 102154 276770 10405 239434 15317 15317 729625 10405 10405 34 10405 6290 34 4369 10405 15317 10405 6290 34 4369 10405 102154 6290 10405 34 15317 10405 10405 34 10405 15317 34 8005 34 34 239434 34 169010 10405 34 4369 4369 4369 10405 15317 34 10405 10405 6290 34 8005 4369 34 121685 15317 239434 34 10405 34 4369 34 15317 4369 4369 34 4369 10405 121685 8304517 34 4369 4369 34 34 464290 10405 8304517 4369 6290 34 239434 34 10405 34 4369 34 276770 4369 34 34 4369 276770 464290 34 239434 10405 15317 10405 239434 10405 4369 4369 121685 10405 4369 10405 10405 15317 4369 10405 10405 276770 34 15317 34 34 10405 10405 10405 4369 10405 121685 4369 34 8005 121685 8005 970 10405 10405 15317 8304517 34 34 34 239434 10405 15317 4369 10405 4369 15317 6290 239434 4369 15317 10405 15317 10405 10405 34 15317 34 10405 10405 10405 10405 34 6290 4369 239434 15317 15317 10405 34 34 10405 10405 10405 15317 15317 239434 10405 6290 34 34 34 34 10405 10405 10405 239434 10405 15317 10405 276770 10405 4369 4369 4369 4369 970 6290 6290 34 15317 6290 10405 34 239434 34 34 15317 10405 15317 15317 10405 10370 970 6290 15317 6290 4369 5326865 10405 10405 15317 10405 10405 34 4369 8304517 121685 15317 34 239434 15317 10405 15317 6290 6290 15317 10405 15317 4369 34 15317 34 34 15317 34 4369 6290 4369 239434 10405 34 4369 15317 10405 10405 34 10405 3411274 15317 10405 10405 15317 34 6290 10405 1089010 4369 10405 34 10405 6290 15317 34 102154 34 239434 34 10405 6290 10405 43810 10405 276770 10405 10405 34 15317 10405 4369 15317 
29045 4369 4369 15317 10405 10405 121685 10405 10405 10405 10405 29045 29045 4369 15317 464290 10405 15317 29045 10405 10405 10405 15317 10405 15317 4369 15317 4369 273205 29045 10405 714425 170 10405 4369 10405 29045 10405 10405 29045 4369 104050 4369 10405 10405 10405 10405 29045 10405 29045 15317 10405 10405 459850 29045 170 273205 10405 102154 15317 10405 15317 4369 29045 10405 10405 15317 10405 10405 10405 4369 4369 4369 10405 10405 10405 31651178 29045 10405 10405 459850 10405 4369 29045 10405 273205 459850 10405 4850 29045 4369 239434 15317 15317 459850 10405 29045 10405 4369 10405 10405 29045 10405 170 10405 4369 29045 10405 10405 15317 459850 10405 10405 10405 10405 10405 10405 104050 15317 459850 29045 10405 8908402 29045 29045 10405 10405 10405 10405 4369 10405 10405 10405 10405 170 10405 29045 4369 276770 4369 15317 10405 10405 10405 10405 10405 29045 10405 10405 10405 10405 170 10405 29045 4369 464290 170 10405 10405 10405 276770 29045 4369 10405 29045 10405 10405 15317 4369 10405 10405 10405 10405 10405 10405 143650 4850 15317 29045 10405 29045 10405 102154 121685 10405 102154 464290 459850 4369 10405 29045 170 10405 10405 10405 29045 10405 29045 15317 10405 15317 4369 10405 3250 459850 10405 10405 29045 10405 276770 10405 15317 10405 239434 29045 4369 10405 187274 15317 10405 29045 10405 10405 10405 459850 10405 10405 10405 10405 170 464290 
85 19018 13450 18685 85 18685 19018 36101 19018 51850 18685 18685 85 2513570 19018 465125 36101 85 36101 465125 85 19018 313634 19018 19018 19018 19018 18685 465125 85 13450 13450 85 19018 36101 85 4460545 19018 36101 85 19018 19018 465125 85 85 19018 465125 19018 19018 13450 5120245 465125 85 36101 182002 4651250 36101 85 85 85 13450 465125 36101 18685 465125 13450 465125 465125 18685 13450 19018 85 13450 85 13450 465125 18685 85 19018 85 85 85 465125 85 85 8825 36101 19018 18685 13450 19018 85 18685 36101 170 85 85 85 36101 19018 85 2513570 19018 18685 85 18685 85 13450 85 85 85 36101 465125 202 85 465125 85 85 19018 19018 18685 85 36101 19018 145802 239434 170 13450 19018 19018 19018 85 13450 19018 13450 36101 465125 19018 465125 465125 85 36101 13450 36101 36101 18685 18685 85 202 36101 36101 19018 36101 13450 13450 18685 19018 13450 19018 465125 465125 13450 13450 19018 13450 85 465125 19018 13450 19018 13450 19018 36101 85 465125 19018 85 19014425 85 19018 36101 239434 85 19018 85 18685 19018 18685 85 239434 19018 13450 10585 19018 3145 465125 85 19018 19018 85 18685 85 85 19018 18685 19018 85 544970 170 85 85 36101 13450 18685 13450 85 42807385 3145 85 19018 118354085 19018 85 13450 85 85 85 13450 85 544970 19018 19018 85 85 13450 465125 36101 85 19018 85 13450 85 85 19018 85 36101 544970 36101 36101 19018 465125 85 465125 36101 85 36101 18685 36101 13450 19018 85 36101 19018 85 18685 239434 18685 370 85 13525 85 19018 13450 36101 19018 3145 13450 465125 19018 36101 465125 36101 65650 13450 19018 36101 18685 465125 85 36101 19018 85 13450 2513570 19018 5008645 36101 85 19018 18685 19018 465125 36101 51850 19018 465125 85 36101 19018 370 19018 18685 85 370 85 19018 13450 85 2513570 13450 85 18685 170 18685 239434 56871865 85 85 370 85 19018 19018 85 465125 13450 36101 465125 85 19018 85 18685 2657525 85 18685 36101 465125 85 18685 85 85 85 85 85 85 18685 
58325 85 51077 51077 19018 51077 36101 85 370 1258 85 1258 85 36101 85 51077 85 85 85 51077 465125 51077 85 239434 51077 30634 85 51077 51077 85 19018 85 85 1258 85 1258 85 85 51077 465125 36101 51077 85 1258 13450 85 51077 85 169618265 51077 51077 85 51077 85 36101 1258 85 465125 51077 1258 1258 36101 51077 85 85 85 3736394 465125 903170 85 51077 1258 2917265 3736394 1258 58325 1258 85 85 1010 11803445 85 58325 36101 36101 465125 36101 370 85 36101 85 85 370 36101 85 51077 58325 85 1058005 1258 51077 85 465125 85 51077 85 1258 30634 1258 370 85 51077 85 36101 36101 85 465125 85 51077 85 85 51077 1010 5005450 85 85 85 85 36101 1570 13450 51077 149817601 239434 1570 36101 85 185 51077 85 239434 169010 36101 85 51077 239434 1258 1258 13450 36101 370 1258 9596245 51077 51077 1258 1258 36101 85 85 
485 34 485 5365 485 62725 3530 34 485 5365 62725 34 485 485 485 5618005 1180985 485 20563925 485 485 5365 34 485 485 34 34 1665074 5365 485 34 485 3530 485 485 3530 485 485 5365 485 485 485 1331593 485 485 485 269125 485 34 34 1665074 485 485 1331593 485 62725 34 485 987530 3530 1331593 34 485 485 485 485 485 485 485 34 485 485 485 34 34 485 34 34 485 485 485 485 485 34 485 485 1665074 485 485 485 485 34 1331593 485 485 34 34 4850 987530 34 485 485 5365 485 485 485 34 5365 987530 501265 34 3530 3530 5365 485 62725 34 485 485 3530 485 9400357 485 34 485 987530 485 485 485 485 485 485 485 1665074 34 4284085 3530 485 485 5618005 485 485 1685450 485 485 1685450 485 485 485 62725 485 485 485 485 3530 1331593 485 485 34 34 34 485 34 485 485 485 485 34 2125765 34 485 485 485 5982917 485 62725 485 485 485 1180985 485 1331593 987530 485 1331593 5365 269125 34 485 7543625 34 485 485 34 34 485 34 34 34 269125 485 501265 485 485 5365 34 34 1331593 5365 485 3530 34 485 485 34 485 485 485 485 62725 3530 5618005 34 485 485 34 485 485 485 34 485 34 485 485 485 3530 485 34 485 485 485 34 485 485 485 485 485 485 501265 34 485 485 485 485 5991050 5365 5365 485 485 485 485 485 485 
45002 45002 45002 170 17 170 170 112897 170 170 170 170 45002 170 170 170 112897 170 45002 170 45002 679225 170 45002 17 45002 170 720002 170 61217 170 45002 36942085 170 45002 61217 170 17 170 22638565 170 1812445 170 679225 61217 45002 45002 170 17 170 170 261994 17 61217 170 45002 17 170 170 45002 45002 170 170 679225 17 261994 170 170 170 45002 170 170 45002 170 170 17 112897 170 170 170 170 170 170 261994 45002 170 45002 17 61217 170 55114 61217 45002 170 679225 170 17 45002 45002 170 45002 170 45002 679225 170 45002 17 170 9168970 17 170 61217 45002 679225 720002 170 720002 45002 170 170 170 61217 61217 170 45002 170 170 170 45002 170 45002 17 170 17 43690 17 170 170 45002 170 45002 170 45002 261994 45002 112897 170 170 6522730 45002 679225 170 170 170 170 170 170 170 170017 170 61217 170 170 45002 170017 170 170 170 45002 45002 45002 61217 45002 45002 170 170 170 17 170 45002 112897 170 4234 170 45002 170 112897 170 720002 720002 170 3030505 170 45002 170 170 45002 43690 170 170 720002 45002 720002 17 170 45002 679225 170 170 170 170 170 17 170 17 170 720002 170 679225 170 261994 17 170 170 45002 45002 170 720002 170 170 170 61217 61217 17 441010 170 170 96881725 45002 17 170 679225 720002 17 17 170 45002 115202 45002 170 61217 170 17 61217 170 2570 170 45002 17 45002 170 170 170 170 45002 170 45002 2570 170 510770 3597217 170 22892050 679225 17 170 170 170 45002 170 45002 170 7623317 45002 61217 45002 45002 17 170 170 61217 170 170 170 45002 170 55114 170 45002 170 170 720002 170 17 720002 17 45002 112897 170 170 17 45002 170 170 170 45002 17 720002 1812445 170 170 45002 170 61217 720002 45002 45002 170 17 45002 45002 170 170017 170 61217 17 17 170 170 170 61217 45002 61217 45002 45002 45002 170 45002 45002 17 170 45002 441010 17 45002 170 45002 45002 17 170 170 170 45002 45002 170 170 720002 679225 45002 61217 720002 170 170017 112897 45002 170 17 17 170 170 4900505 6356597 170 170 61217 170 170 45002 170 17 17 17 170 45002 170 112897 170 261994 170 170 45002 112897 45002 170 45002 45002 170 170 17 720002 170 45002 170 170 2570 8140885 170 45002 720002 170 170 170 170 170 45002 170 45002 45002 61217 45002 261994 45002 
170 45002 170 170 170 170 170 170 720002 170 170 61217 61217 170 45002 170 170 170 170 45002 261994 170 170 170 61217 170 5301490 170 170 170 61217 170 45002 8140885 170 679225 45002 170 45002 9168970 45002 1812445 170 61217 170 112897 170 720002 112897 170 679225 170 170 170 170 45002 170 6708101 17 170 170 170 170 170 45002 17 170 45002 170 170 170 170 45002 61217 170 170 61217 17 45002 4234 170 170 45002 45002 45002 221085034 125445170 170017 112897 61217 170 45002 45002 45002 61217 170 45002 61217 45002 170 170 170 170 112897 170 679225 45002 170 170 170 170 61217 170 679225 170 170 170017 61217 170 17 170 170 112897 112897 170 45002 170 170 45002 45002 112897 170 679225 170 61217 45002 170 679225 261994 170 17 45002 45002 1812445 61217 61217 61217 170 112897 170 170 45002 45002 720002 17 170 170 170 61217 45002 17 112897 170 170 170 45002 45002 45002 170 720002 170 170 679225 45002 170 45002 170017 1812445 45002 679225 45002 61217 45002 170 170 45002 17 170 720002 45002 45002 61217 45002 170 170 170 170 170 170 170 170 170 170 170 112897 170 170 170 170 61217 2570 170 679225 4101250 112897 170 170 170 170 170 170 45002 170 112897 45002 112897 170 170 45002 170 679225 170 170 170 45002 20848357 6801665 45002 170 61217 170 170 45002 112897 112897 170 45002 35392825 679225 170 45002 45002 679225 45002 720002 170 170 45002 170 679225 170 17 45002 61217 170 170 170 7623317 170 45002 304179317 170 170 45002 170 170 45002 170 170 45002 45002 4234 12446785 170 45002 170 170 170 170 679225 170 45002 45002 17 45002 45002 45002 679225 112897 170017 170 170 61217 45002 41835025 45002 45002 170 45002 170 170 17 170 45002 170 17 45002 45002 45002 170017 170 170 170 17 45002 61217 27111269 112897 61217 261994 170 170 170 61217 45002 45002 17 170 170 61217 45002 170 170017 170 61217 45002 170 170 720002 170 170 170 170 170 45002 170 45002 170 112897 45002 61217 170 45002 45002 261994 170 679225 170 45002 2570 170 170 8140885 170 679225 170 45002 45002 170 45002 170 45002 170 170 45002 261994 170 61217 170 170 170 170 170 45002 170 170 170 45002 45002 170 170 45002 45002 61217 261994 45002 45002 61217 45002 170 45002 170 45002 170 17 170 170 170 9168970 170 170 170 61217 170 170 45002 45002 45002 45002 61217 61217 170 170 170 170 45002 170 61217 17 273205 45002 679225 170 45002 720002 17 261994 170 170 170 170 170 45002 45002 17 170 17 45002 170 8140885 17 3082729 1812445 45002 170 112897 170 1812445 45002 170 45002 170 170 170 45002 45002 170 45002 261994 1812445 221085034 61217 679225 45002 261994 17 170 45002 170 170 679225 170 45002 6708101 679225 45002 170 45002 45002 61217 112897 261994 45002 170 45002 61217 170 170 170 45002 61217 45002 170 45002 61217 61217 61217 17 45002 17 61217 720002 170 170 
18685 170 170 170 170 18685 170 170 170 170 170 112370 170 1018145 170 170 170 170 170 1050905 18685 18685 18685 463114 18685 18685 170 170 3745450 170 170 170 170 170 170 18685 829499365 18685 170 170 170 118474 170 170 170 18685 170 122434 170 170 170 1018145 170 18685 170 10287650 18685 18685 170 170 170 170 18685 170 170 18685 170 18685 170 170 170 170 170 170 170 170 170 18685 170 18685 170 18685 31248101 112370 170 18685 18685 112370 170 61505617 170 59170 34 18685 170 170 170 170 170 34 170 18685 170 170 170 170 18685 18685 34 170 170 170 727402 249010 170 18685 170 59170 170 170 170 18685 170 170 170 34 18685 170 170 170 18685 170 18685 170 170 34 170 170 1450 170 2076497 170 5896985 249010 170 170 170 170 34 170 170 170 170 170 170 170 170 18685 170 170 170 170 170 170 18685 18685 18685 170 170 18685 170 170 170 170 170 1450 170 170 170 170 170 18685 112370 170 170 170 170 170 43690 170 61505617 170 170 170 34 34 34 170 18685 170 1450 170 170 170 170 170 170 170 170 170 18685 170 170 727402 170 18685 170 43690 170 170 170 43690 18685 34 170 170 170 170 170 170 122434 18685 18685 170 170 170 18685 170 170 18685 34 170 170 34 170 170 170 170 249010 122434 59170 18685 18685 18685 170 18685 18685 170 170 18685 170 18685 170 170 1632025 170 112370 170 170 170 55950401 170 170 170 170 18685 170 34 170 170 18685 170 170 18685 170 18685 170 170 170 31248101 34 249010 170 18685 170 34 170 18685 170 18685 170 170 170 1018145 18685 170 18685 34 170 170 170 170 170 170 18685 170 170 170 34 18685 18685 18685 170 170 727402 262450 18685 170 18685 170 34 34 170 18685 170 170 170 170 170 170 170 145225 170 170 18685 1450 170 18685 18685 170 170 170 18685 170 170 170 170 170 1018145 34 170 170 118474 170 170 170 18685 18685 18685 170 18685 170 170 18685 170 34 170 34 170 170 170 170 170 170 463114 43690 170 170 170 18685 170 170 170 170 170 18685 170 18685 170 170 170 170 170 170 170 170 170 170 34 34 170 170 1050905 170 170 170 18685 18685 18685 18685 170 18685 18685 170 18685 170 170 
3737 1258 49010 1258 1258 49010 1258 3737 1258 1258 195365 24050 3737 49010 49010 49010 24050 6290 3737 3737 1258 6290 3737 195365 3737 1258 136085 1258 6290 3737 1258 3737 3737 1258 1258 3737 49010 3737 1802 468469 1258 74 3737 6290 1258 3737 1258 3737 49010 1258 136085 3737 3737 3737 1258 49010 77450 18727202 49010 3737 3737 1258 3737 1272385 2113145 2113145 3737 3737 10738730 1258 1258 3737 1258 49010 1258 49010 49010 49010 3737 3737 49010 3737 49010 3737 1802 3737 3737 7850785 3737 24050 3737 3737 6290 1258 3737 24050 3737 3737 49010 3737 49010 3737 74442385 49010 3737 3737 1258 136085 3737 3737 2737802 55114 1258 24050 6290 3737 3737 3737 49010 3737 3737 55114 3737 3737 49010 1258 136085 4850 3737 49010 3737 49010 3737 3737 3737 3737 3737 185749525 1258 3737 1258 3737 3737 1258 1258 3737 74 3737 1258 3737 136085 456025 3737 74 1258 3737 24050 3737 1258 1258 49010 4850 24050 49010 3737 3737 49010 1258 1258 24050 195365 1258 1258 24050 3737 1258 1258 1258 3737 49010 396610 3737 7850785 136085 136085 1258 3737 3737 3737 1258 1258 3737 3737 1258 3737 24050 49010 1258 3737 3737 1258 2979925 49010 1258 1258 136085 3737 1258 1258 1258 1258 3737 3737 136085 3737 3737 3737 3737 3737 24050 24050 1258 49010 2113145 1258 49010 1258 3737 3737 1258 6290 49010 3737 49010 1258 1258 49010 1258 1258 3737 136085 1258 1258 2113145 3737 136085 1258 3737 1258 3737 3737 136085 24050 3737 6290 3737 3737 2113145 1258 3737 2737802 1258 1272385 136085 1258 1258 3737 3737 3737 24050 1258 3737 3737 49010 195365 1258 6290 3737 3737 24050 4850 136085 3737 1258 3737 1258 4850 3737 1258 3737 3737 3737 1258 3737 3737 49010 1258 1258 3737 136085 220505 24050 3197105 3737 3737 3737 1258 3737 1258 3737 49010 3737 3737 3737 1258 1258 3737 253240325 3737 49010 3737 3737 3737 49010 7850785 3737 3737 3737 3737 1258 1258 3737 49010 49010 1258 3737 3737 1258 24050 1258 3737 24050 24050 3737 1258 1258 1258 49010 49010 3737 3737 3737 49010 3737 3737 49010 3737 49010 1258 49010 3737 3737 136085 3737 3737 6317650 24050 1258 24050 3737 3737 3737 1258 1258 1258 3737 3737 3737 3737 3737 55114 1258 3737 136085 3737 136085 3737 24050 6290 3737 1258 3737 3737 1258 3737 136085 1258 3737 3737 1258 49010 136085 3737 107650 2737802 3737 1258 3737 1258 1258 1258 1258 3737 49010 3737 3737 1258 1258 1258 3737 24050 3737 3737 49010 136085 1258 136085 1258 3737 1258 3737 1258 3737 1258 3737 3737 3737 3737 1258 3737 1258 3737 1258 1258 3737 3737 49010 3737 1258 3737 49010 24050 1258 
49010 24050 58325 49010 49010 3737 3737 1258 1258 1047370 1258 3737 1465474 1258 58325 1258 1258 3737 1258 1258 3737 1743625 1258 24050 3737 3736394 1258 3737 3737 24050 1258 1258 1258 1743625 1258 24050 1258 1258 1258 1258 49010 1258 1258 3737 49010 24050 3737 1258 3737 1258 3737 1743625 1258 1258 1258 49010 1258 3737 1258 1258 3737 3737 1258 1258 1802 49010 1258 1258 1258 49010 1258 1258 1258 3737 1258 3737 3737 49010 1258 1258 3737 49010 1258 1258 882325 1258 1258 3737 3737 3737 1258 3197105 1258 1258 1258 166685 185 24050 3737 49010 1258 1258 30634 1258 49010 58325 3737 1258 1258 1170325 1258 1258 24050 1258 3737 3737 3737 3737 24050 49010 1258 1258 1258 1258 3737 1258 3737 1258 49010 1258 1465474 1802 3737 58325 1258 49010 3737 5410 1258 30634 74 3737 3736394 1258 58325 3737 1258 1258 49010 1258 882325 24050 49010 1258 1258 1258 3737 1258 3737 1258 58325 3737 3737 3737 1258 49010 1802 1258 2337194 1258 1258 24050 1258 3737 3197105 3737 1258 49010 3737 1258 49010 1258 49010 1259557 58325 3737 1258 1258 49010 1258 3737 49010 3737 1170325 1258 3737 1258 3737 3737 4850 1258 49010 3197105 1258 24050 1258 3737 1258 1258 1258 58325 1258 2917265 3737 49010 1258 1258 49010 49010 1258 3737 1258 3737 1258 1258 3737 1258 3737 49010 5410 1258 49010 1258 3737 1258 679730 1258 49010 3737 1258 1258 3737 24050 3737 3737 3737 1258 3737 1258 49010 58325 3736394 24050 74 49010 3737 4850 1258 1258 30634 1258 49010 3737 1258 1802 1258 1258 1258 3737 1258 3737 3737 58325 24050 58325 1258 49010 1258 1258 1258 1258 1258 882325 49010 1258 3737 1258 1258 24050 3737 1258 49010 58325 24050 1258 3737 1258 1258 1258 1170325 1258 24050 1258 49010 1258 49010 49010 1258 24050 49010 49010 1258 1258 49010 5410 1258 3737 1258 3737 58325 49010 49010 1258 3737 49010 1258 58325 3737 3737 49010 3737 3737 3737 3737 185 49010 1258 1258 49010 58325 49010 49010 24050 24050 3737 1258 3737 1258 3737 3737 3737 3737 3737 1258 49010 3737 49010 3737 1258 1258 49010 1258 1258 1258 1258 49010 3737 1258 1258 13525 1258 58325 882325 1258 3737 1258 1258 1258 3737 24050 49010 3737 1258 24050 49010 1258 24050 3737 1258 3737 1258 1258 1258 30634 1258 1258 1258 49010 1258 1259557 1258 1258 3737 1258 49010 5410 1258 1258 3737 1258 3737 24050 1258 1258 1258 1258 58325 49010 3737 1258 1258 5410 49010 1258 1170325 27311077 49010 3737 3737 58325 3737 1258 1258 58325 1258 
49010 49010 1802 1802 468469 49010 1258 1258 1258 1258 24050 49010 8908402 1258 24050 1258 1258 1258 49010 3737 3737 8908402 1258 49010 1258 1258 1258 3737 24050 3737 49010 1258 3737 240149290 55114 1258 1258 4850 1258 1258 1258 1258 4850 24050 1802 49010 3737 3737 1258 4850 1802 24050 1258 1258 1258 1258 1258 49010 333370 3197105 3737 10585 1258 1258 1258 49010 4850 49010 3197105 12021337 1258 1258 49010 1258 49010 1258 49010 1258 3737 3737 1258 1258 4850 1258 1258 24050 1802 1258 49010 1258 49010 3737 4850 3737 800005 24050 24050 1258 49010 4850 1258 1258 1258 4850 1258 1258 1258 1258 1258 24050 1258 49010 1258 1258 1258 1258 24050 49010 24050 1258 55114 1258 1258 3737 1258 3197105 24050 800005 1258 49010 3737 1258 1258 49010 49010 4850 3737 1258 1258 24050 1258 24050 1258 49010 49010 3737 1802 1258 3737 1258 1258 1258 24050 1258 1258 1258 1258 49010 1258 24050 1258 3737 1258 1258 24050 1258 1802 24050 1258 1258 1258 1258 1258 49010 1258 1258 24050 49010 49010 1258 24050 1258 1258 1258 1258 49010 49010 3737 3197105 49010 1258 1258 49010 49010 1258 1258 1258 1258 3737 24050 1258 24050 4850 24050 3737 24050 1258 3737 3737 1258 1258 4850 1258 1258 55114 1258 3737 1258 1258 5639225 4850 77450 1258 1258 1258 49010 1258 1258 4850 49010 3737 1258 1258 800005 1258 4850 21224125 3737 1258 1258 4850 49010 24050 1258 1258 1258 1258 1258 49010 1258 49010 1258 1258 24050 1258 3197105 49010 1258 1802 1258 24050 3737 49010 49010 3737 1258 1258 24050 3737 3737 27311077 1258 873970 49010 1258 1258 1258 1258 77450 1258 1258 24050 1258 24050 41225 1258 1258 1258 5834825 1258 1258 49010 1258 24050 1258 1258 1258 1802 3737 2022085 49010 3737 1258 24050 1258 572050 24050 1258 1258 1258 1258 1258 1258 49010 654985 1258 1258 1258 1258 49010 3737 1258 1258 1258 1258 1258 1258 4850 1258 1258 49010 49010 1258 1258 1258 1258 49010 1258 1258 1258 49010 62349625 49010 1258 3737 3737 3737 1258 1258 1258 4850 3737 1258 1258 4850 800005 3737 1802 1258 1258 1258 873970 1258 3737 1258 3737 24050 3737 4850 1258 1258 1258 654985 49010 1258 49010 4850 49010 1258 1258 1258 24050 1258 1258 1258 1258 468469 49010 1802 1258 1258 49010 1258 24050 4850 1258 1258 1258 1258 1258 247810 4850 1258 3737 1258 1258 3737 1258 24050 1258 1258 1258 24050 3737 49010 1258 49010 4850 3737 49010 1258 1258 3737 800005 4850 1258 1258 1258 3197105 1258 1258 1258 1258 3737 3737 1258 49010 49010 1802 1258 24050 1258 1258 1258 1258 1258 74 873970 49010 1258 49010 49010 49010 1258 3737 24050 3737 1258 1258 49010 1258 1258 1258 800005 4850 1258 3737 1258 1258 24050 3737 24050 5834825 1258 12021337 1258 1258 4850 1802 468469 1258 1258 3197105 5834825 24050 1258 1258 3737 24050 1258 1258 27311077 49010 873970 1258 1258 873970 1258 4850 1258 49010 1258 1258 49010 1258 24050 24050 1258 1258 24050 1258 1258 1258 49010 1258 1258 49010 4850 1258 24050 24050 1258 1258 7022450 116650 1258 1258 24050 4850 1258 24050 24050 1258 1258 1258 1258 49010 1258 1258 1258 1258 49010 49010 1258 10 1258 1258 3737 1258 24050 1258 1802 7907125 1258 
1258 1258 1258 1258 1258 1258 3737 49010 1258 4850 1258 1258 1258 49010 1258 1258 77450 49010 3737 3737 3737 1258 1258 49010 1258 24050 24050 24050 24050 49010 24050 1258 3737 3737 1258 1258 49010 49010 1258 1258 3737 1258 1258 1258 1258 1258 24050 1258 1258 24050 1258 24050 24050 77450 50824405 49010 3737 3737 1258 24050 4850 49010 55114 3737 1258 1258 24050 1258 1258 49010 24050 1258 3737 49010 1258 1258 74 1802 49010 24050 1258 4850 1802 1258 1258 49010 49010 1258 1258 24050 1258 1258 4850 3737 1258 1802 1258 49010 3737 49010 1258 195365 1258 49010 24050 1258 49010 1258 3737 1258 49010 1258 24050 247810 3737 3737 24050 4850 1258 1258 1258 4850 3737 1258 24050 1258 1258 3737 3737 1258 1258 3737 3737 195365 1258 24050 3737 49010 3737 195365 195365 49010 49010 49010 1258 49010 1258 1258 24050 24050 1258 1258 1258 3737 3737 49010 1258 24050 1258 24050 1258 3737 3737 24050 1258 1258 1258 1258 49010 3737 3737 4850 3737 24050 3737 21548165 3737 2113145 1258 1258 3737 1258 49010 468469 3737 74 1258 24050 49010 24050 3737 1258 1258 1258 3737 1258 1258 1258 1258 1258 1258 24050 
1258 3737 1258 1258 1258 3737 2594 3737 1258 1717 3737 1258 3737 1258 7360405 3737 136085 3737 1258 3737 3737 1258 1258 3737 1258 1258 24050 1258 3737 1258 136085 461390401 1258 3737 3737 3737 24050 3737 3737 2113145 1258 1258 49010 27766154 3737 136085 3737 2113145 3737 1258 2113145 136085 3737 1258 3737 2594 3737 1658885 3737 3737 1258 3737 3737 3737 136085 3737 3737 1258 1258 1258 3737 1258 6290 3737 49010 1272385 3737 2594 3737 2594 1258 3737 1258 136085 1258 2594 1258 1258 3737 2113145 1258 3737 3737 6290 3737 3737 3737 3737 1258 24050 1258 3737 6290 3737 49010 1258 1258 1717 1258 3737 2594 3737 3737 1258 3737 2113145 1258 1258 136085 3737 3737 1258 1258 3737 49010 1258 6290 2594 3737 3737 3737 3737 24050 6290 1717 1258 24050 3737 2594 49010 1258 1267010 3737 6290 1717 1258 3737 3737 1258 3737 3737 49010 1258 24050 2979925 3737 3737 1258 3737 136085 2113145 1258 49010 41225 3737 74 3737 55114 2594 1258 3737 3737 3737 1258 1258 1258 2594 1258 24050 3737 3737 1717 3737 1258 3737 1258 2594 24050 3737 3737 3737 136085 2594 1258 1717 3737 3737 1258 3819250 1258 686450 220505 3737 2594 3737 2594 3737 3737 
1258 51077 51077 1258 51077 51077 1258 1258 1258 1010 1258 1258 5185 5185 1258 58325 1258 1258 1258 9596245 51077 1258 1258 51077 1570 51077 5185 51077 1258 51077 1258 1258 1258 1258 51077 5185 1258 58325 1258 1258 1010 1258 1570 5185 1570 169010 1258 51077 51077 1570 51077 185 1258 1258 51077 1258 5185 58325 1258 370 1258 51077 51077 5185 51077 1570 1570 1258 1258 1258 1258 51077 1258 1570 1258 1010 51077 1258 51077 1258 51077 1258 51077 1258 5185 1258 1258 1258 1258 51077 51077 1258 1258 5185 1258 1570 51077 51077 51077 1258 1258 1258 1570 1258 11803445 1258 1258 1258 1258 51077 2570 2570 11803445 51077 1570 58325 51077 1258 903170 51077 51077 1258 1570 903170 1258 51077 51077 1570 51077 1258 1570 1258 51077 11803445 1258 51077 51077 51077 1258 51077 51077 11803445 1258 1258 1258 51077 51077 1258 1258 51077 1258 29290 1258 51077 5185 1258 51077 51077 1258 1258 51077 1258 1258 1258 51077 1010 51077 51077 1258 1258 51077 1258 5185 1258 51077 1258 51077 58325 51077 5185 1258 1258 1258 1258 5185 1258 903170 51077 30634 186267905 51077 1570 5185 51077 51077 1743625 5185 51077 1258 1258 1258 5185 51077 1258 1258 1258 51077 51077 1258 51077 51077 51077 1258 1258 51077 8728810 51077 1258 1258 1258 1258 1570 1258 5185 1258 1258 370 51077 1258 370 51077 1258 1258 3802501 110245 1258 1258 51077 1258 1258 58325 51077 1258 58325 370 51077 1258 51077 1258 1258 1258 1258 1258 30634 
1654865 16825 2425 1258 1654865 4357 1258 4357 16825 74 328250 4357 74 74 74 4357 5185 1654865 4357 1654865 1654865 4357 16825 74 363701 4357 4357 4357 4357 188065 1258 74 4357 16825 290 1258 74 74 74 74 74 5185 4357 5185 74 1258 5185 74 1258 1258 74 5185 5185 74 16825 74 290 16825 4357 16010 4357 1258 4357 190450 74 16825 4357 4357 1258 1258 1258 4357 4357 74 2425 1258 74 290 4357 4357 5185 2425 1258 4357 1258 31754 4357 74 16825 74 317645 4357 74 16825 74 4357 1654865 10240490 74 2244005 1258 1258 4357 5185 2425 1258 16825 4357 1258 74 4357 4357 1258 4357 74 980101 1258 1258 74 4357 4357 4357 74 5185 74 1258 2425 74 74 74 190450 1654865 74 16825 188065 2244005 1258 2425 74 16825 1258 16825 1258 5185 4357 1258 74 4357 5185 74 290 74 1258 74 188065 4357 4357 1258 1258 2517770 74 5185 16825 1258 1258 74 74 4357 4357 74 1258 16825 16825 4357 1654865 74 5185 2517770 74 4357 4357 4357 4357 188065 4357 74 74 10730 1258 10730 4357 5185 4357 4357 1258 4357 74 74 4357 1258 1258 4357 4357 1258 4357 1765 74 1258 74 1654865 4357 4357 74 4357 10730 4357 4357 4357 1258 16825 1258 4357 74 5185 16825 74 4357 74 4357 4357 74 4357 74 1258 29253025 4357 1258 4357 1258 74 1765 1258 31754 74 370 74 5185 74 5185 1258 16825 4357 5185 622525 74 74 4357 16825 4357 1258 5185 96640325 1258 74 188065 4357 5185 16193809 1258 16825 1258 74 188065 5185 74 74 4357 1258 74 31754 363701 4357 4357 1258 4357 1258 74 1258 2425 74 16825 4357 4357 4357 1258 1258 1258 1654865 74 74 74 1654865 4357 16825 4357 10730 4357 16825 1258 29999050 16825 1258 74 4357 16825 74 74 4357 74 74 1258 74 370 74 1258 1258 4357 188065 4357 190450 5185 370 1258 1258 74 4357 74 4357 74 1258 4357 363701 74 4357 1258 
3925 29045 459850 3925 29045 176290 29045 10405 29045 72901 273205 29045 170 29045 29045 4850 72901 72901 459850 72901 170 463114 72901 170 4369 463114 72901 29045 72901 10625170 72901 3737 463114 170 72901 72901 29045 72901 170 459850 10405 29045 29045 72901 2185625 29045 72901 4850 104050 29045 29045 10405 10405 110245 29045 72901 29045 29045 4369 72901 10405 110245 29045 463114 110245 4850 29045 72901 29045 4369 29045 3925 10405 463114 10405 72901 29045 72901 72901 29045 72901 4850 463114 10293925 29045 72901 29045 72901 29045 10405 110245 2425 10405 10405 734474 29045 463114 72901 10405 4251845 29045 29045 29045 170 72901 72901 29045 29045 4755530 10405 72901 72901 29045 110245 29045 29045 170 29045 273205 3723850 72901 4369 29045 714425 72901 273205 29045 72901 29045 29045 29045 72901 463114 29045 10405 29045 29045 29045 29045 29045 72901 29045 29045 10405 72901 72901 29045 72901 10405 29045 72901 29045 273205 10405 72901 72901 72901 10730 72901 3737 29045 29045 72901 10405 10405 72901 34891225 110245 29045 72901 29045 29045 29045 10405 29045 29045 463114 72901 10405 10405 121215737 72901 29045 72901 10405 10405 29045 72901 463114 10405 307896625 10405 463114 29045 273205 29045 4369 459850 170 29045 29045 29045 29045 170 72901 72901 29045 29045 3925 127058 179450 10405 10405 4369 10405 29045 10405 463114 110245 72901 4369 72901 459850 29045 72901 29045 29045 72901 72901 72901 29045 4369 72901 3925 29045 170 29045 29045 29045 29045 10405 463114 4584485 72901 170 72901 10405 29045 29045 29045 72901 72901 29045 72901 72901 72901 72901 29045 3737 110245 176290 29045 714425 714425 72901 463114 4369 4850 72901 102819601 110245 10405 29045 170 29045 714425 120250 2425 72901 29045 29045 72901 3925 29045 72901 463114 72901 3925 29045 29045 29045 170 459850 72901 29045 3737 3925 110245 10405 170 110245 170 29045 4369 29045 110245 29045 10405 72901 29045 370 72901 4369 29045 72901 29045 72901 72901 110245 10405 10405 170 72901 3925 179450 170 29045 170 72901 170 10405 72901 29045 29045 29045 3925 29045 29045 110245 72901 29045 72901 170 3925 29045 29045 29045 13877785 3925 463114 4369 10405 176290 170 29045 29045 72901 10405 10405 29045 10405 29045 10405 29045 3737 3925 72901 29045 29045 29045 29045 29045 29045 72901 72901 29045 3723850 29045 72901 29045 176290 459850 3925 10405 72901 29045 10405 29045 72901 3925 10405 10405 3925 29045 4369 72901 10405 10405 4369 1077290 10405 176290 396610 72901 10405 29045 3925 29045 10405 3925 10405 72901 72901 17070010 10405 714425 72901 29045 72901 72901 29045 463114 3925 110245 29045 10405 10405 72901 29045 10405 29045 29045 10405 29045 29045 72901 29045 72901 72901 72901 51914 29045 170 29045 110245 463114 3737 463114 10405 10405 29045 29045 29045 72901 714425 10405 51914 10405 29045 4369 4251845 29045 29045 72901 72901 72901 2185625 29045 2185625 10405 29045 29045 72901 29045 170 459850 29045 29045 29045 10405 10405 29045 72901 176290 72901 459850 8738 29045 72901 72901 72901 10405 29045 72901 29045 29045 29045 170 17070010 3197105 4850 170 29045 10405 29045 29045 29045 72901 72901 463114 176290 72901 459850 29045 3925 170 463114 29045 3536425 48312010 29045 29045 3723850 459850 29045 10405 459850 10405 10405 110245 72901 72901 10405 10405 104050 3925 29045 10405 463114 10405 10405 459850 29045 29045 4369 29045 29045 3925 3925 29045 72901 29045 72901 29045 29045 29045 29045 29045 72901 170 3925 72901 72901 176290 29045 10405 273205 10405 29045 10405 72901 29045 29045 10405 72901 
485 4189225 29045 110245 485 485 72901 1685450 485 72901 485 34 72901 485 2125765 72901 29045 181337 3925 72901 485 72901 3925 3737 485 181337 29045 120250 485 485 2125765 485 181337 72901 181337 485 485 3925 34 72901 485 485 72901 1143250 4369 485 485 485 1116050 3925 269125 72901 3925 72901 72901 10405 34 72901 72901 485 72901 4369 485 485 3737 485 29045 29045 485 29045 34 62725 4369 29045 485 3925 4369 485 485 110245 1685450 10405 485 62725 29045 485 485 181337 2570 110245 34 62725 485 3925 485 72901 3925 72901 110245 485 501265 72901 485 34 181337 120250 72901 34 181337 29045 485 1116050 62725 29045 485 34 4369 72901 485 181337 564485 34 34 72901 72901 3925 485 72901 3925 10405 485 2125765 485 72901 485 62725 485 10405 485 4369 485 72901 29045 485 485 4369 72901 485 72901 1685450 120250 120250 269125 72901 485 3925 72901 485 485 485 1685450 34296650 485 485 34 34 1143250 485 485 72901 34 485 29045 2125765 72901 485 181337 110245 485 485 485 485 3925 72901 72901 72901 34 29045 485 3925 2125765 72901 10405 72901 2125765 485 34 72901 2125765 72901 485 34 2125765 3925 72901 485 485 72901 110245 1685450 72901 10405 34 485 2125765 72901 72901 485 485 34 29045 485 29045 72901 34 485 110245 4369 485 29045 485 72901 72901 485 4369 5618005 181337 5991050 4369 485 72901 2125765 485 72901 485 14257802 72901 34 29045 485 2125765 485 62725 110245 2125765 29045 72901 485 29045 485 72901 485 5618005 120250 181337 72901 72901 1685450 34 77145925 485 485 3925 34 501265 3737 485 485 485 62725 39405925 72901 3925 72901 485 485 72901 485 485 34 485 4850 181337 485 72901 29045 485 485 514 485 485 485 72901 7080125 501265 3925 72901 485 3925 34 34 10405 72901 485 62725 29045 485 3925 1685450 
46085 46085 157625 51077 157625 102154 51077 46085 46085 1570 1258 83916925 51077 46085 51077 46085 903170 51077 51077 51077 51077 309137 4401605 102154 51077 46085 9596245 46085 1570 51077 46085 51077 46085 51077 46085 1570 3925 46085 3925 1258 35356985 24502501 46085 4401605 46085 46085 46085 51077 51077 51077 157625 46085 157625 1570 51077 1570 46085 51077 51077 157625 46085 46085 51077 1570 46085 46085 1258 17171717 46085 16451137 2570 29290 3925 51077 1570 1258 46085 46085 51077 157625 46085 46085 46085 11803445 51077 51077 51077 51077 51077 51077 51077 51077 391645 51077 1258 1010 157625 4369 46085 1570 51077 3925 51077 51077 51077 51077 51077 46085 46085 51077 1258 46085 51077 51077 51077 51077 51077 51077 46085 46085 51077 46085 2570 46085 1258 51077 17288965 1258 46085 51077 46085 51077 51077 46085 970 1258 903170 903170 51077 2570 4369 46085 51077 51077 1258 46085 51077 46085 46085 309137 51077 51077 1258 51077 51077 51077 1258 157625 46085 819202 51077 46085 1258 46085 51077 46085 179945 903170 46085 309137 51077 157625 51077 51077 51077 51077 46085 903170 46085 51077 51077 1258 51077 51077 1570 46085 51077 46085 51077 51077 1570 1570 2425 46085 51077 51077 51077 46085 46085 1258 46085 1570 51077 3925 1570 46085 51077 1570 110245 1258 110245 1570 46085 51077 110245 1258 970 51077 51077 51077 1570 51077 1570 309137 51077 16386305 51077 1258 1258 3925 51077 46085 2570 46085 51077 51077 46085 51077 1258 46085 1258 309137 51077 51077 46085 51077 51077 46085 51077 157625 51077 51077 46085 51077 46085 46085 46085 51077 51077 1570 46085 46085 1570 46085 51077 51077 51077 275570 51077 60810425 46085 51077 157625 46085 51077 1258 51077 46085 16386305 51077 51077 1570 51077 46085 11803445 51077 46085 46085 51077 1570 46085 46085 51077 51077 51077 51077 2570 46085 51077 1570 51077 51077 46085 51077 51077 51077 3925 51077 46085 51077 46085 3925 1258 51077 51077 1570 46085 51077 51077 46085 2570 4369 157625 51077 46085 29290 46085 51077 46085 1570 51077 1089290 4369 46085 51077 51077 2570 51077 51077 51077 110245 102154 51077 903170 1258 51077 46085 1570 51077 51077 51077 903170 51077 51077 51077 46085 46085 51077 51077 51077 51077 157625 2570 51077 51077 51077 157625 46085 51077 46085 46085 46085 309137 1010 157625 1570 51077 46085 46085 309137 51077 1570 157625 51077 51077 51077 157625 46085 51077 51077 46085 903170 3069505 1258 1570 1295009 51077 51077 309137 46085 4369 1010 46085 51077 46085 157625 309137 46085 51077 3925 51077 51077 51077 51077 51077 46085 4369 46085 51077 46085 51077 1570 157625 51077 51077 4401605 2570 1570 46085 46085 51077 1010 4369 179945 110245 46085 51077 157625 157625 1258 46085 51077 51077 1570 51077 51077 51077 51077 2570 309137 1570 157625 51077 1258 110245 157625 46085 46085 51077 1570 46085 46085 46085 46085 11803445 51077 46085 46085 46085 1258 1258 2570 46085 51077 46085 1258 46085 970 38752690 46085 46085 51077 1570 51077 46085 1258 46085 4369 51077 46085 4369 51077 46085 2570 51077 51077 2570 51077 51077 51077 4369 46085 51077 51077 46085 157625 51077 51077 46085 46085 1258 1258 28729945 46085 51077 309137 51077 46085 51077 157625 51077 102154 46085 309137 157625 46085 46085 51077 1258 46085 46085 1010 3925 46085 51077 51077 51077 51077 903170 51077 51077 46085 
34 15317 239434 15317 34 15317 15317 38054090 34 34 34 6290 3031865 10405 6290 4369 34 10405 10405 10405 34 34 4369 34 8823250 34 10405 4369 15317 3031865 312505 4369 10405 10405 4369 34 10405 6290 10405 4369 15317 34 10405 34 34 34 34 34 34 6290 15317 34 34 34 34 34 34 239434 4369 34 34 34 34 4369 34 15317 4369 34 10405 34 6290 34 34 4369 34 10405 34 34 34 239434 4369 15317 34 34 34 34 6290 34 1089010 15317 34 6290 4369 6290 10405 34 15317 8005 239434 34 239434 34 34 71978 34 4369 8005 15317 34 312505 4369 4369 3414002 239434 34 276770 10405 34 34 34 4369 10287650 34 6290 4369 34 3031865 34 34 34 4369 34 4369 312505 6290 34 10405 10405 15317 312505 239434 34 10405 312505 4369 6290 34 4369 34 15317 34 4369 34 34 239434 10405 34 34 34 15317 34 10405 316850 34 4369 34 34 34 34 10405 276770 34 3414002 8304517 15317 8005 34 15317 34 312505 34 34 15317 34 10405 34 34 312505 15317 15317 34 34 34 312505 34 34 10405 4369 34 34 4369 8005 4369 34 3031865 71978 970 239434 4369 34 15317 10405 4369 6290 6290 4369 4369 4369 910010 34 34 15317 15317 6290 34 6290 34 4369 34 4369 34 34 6290 239434 10405 34 970 34 10405 10405 10405 3414002 34 15317 34 34 10405 34 4369 34 15317 10405 4369 4369 7022450 15317 6290 4369 34 34 10405 34 34 10405 10405 8005 15317 4369 8005 239434 15317 34 6290 34 15317 4369 34 8304517 15317 34 34 4369 34 8005 312505 34 4369 34 15317 340034 10405 4369 34 4369 15317 34 34 4369 10405 4369 34 34 34 34 6290 34 34 15317 34 34 3031865 34 4369 10405 34 15317 34 15317 15317 970 34 15317 34 34 10405 34 239434 34 15317 34 6290 6290 34 10405 10405 464290 10405 34 312505 34 4369 239434 10405 34 34 34 15317 10405 34 15317 34 34 4369 8005 10405 6290 10405 15317 34 34 8005 34 10405 15317 15317 4369 15317 34 4369 10405 10405 4369 15317 10405 8005 34 4369 34 10405 10405 34 4369 6290 34 10405 34 34 34 34 15317 312505 34 34 6290 15317 4369 34 34 4369 4369 6290 10405 6290 239434 34 10405 34 10405 1089010 34 15317 34 312505 34 10405 4369 8005 15317 34 34 4369 34 34 34 34 3031865 1512901 15317 4369 
485 485 485 5991050 10370 34 485 10370 16581185 10370 485 5365 485 181337 485 10370 485 62725 485 1116050 34 485 514 485 485 485 10370 485 34 10370 485 34 62725 501265 34 485 34 485 34 485 10370 485 485 269125 485 485 1685450 485 34 34 120250 34 485 485 485 34 34 485 485 501265 34 269125 34 485 2125765 485 485 485 34 269125 501265 485 34 564485 485 10370 485 485 485 34 7543625 5365 2125765 485 34 34 485 485 485 485 485 485 485 485 5991050 212744885 181337 485 34 62725 485 10370 10370 1685450 10370 485 485 181337 485 34 485 34 10370 10370 290450 10370 34 485 485 34 4189225 120250 10370 5365 10370 485 485 10370 485 485 1116050 485 10370 2125765 485 34 34 485 485 10370 485 10370 485 120250 120250 34 10370 269125 5365 485 34 10370 10370 485 485 34 10370 5991050 34 485 10370 10370 485 485 34 485 485 34 34 485 485 485 10370 120250 10370 485 10370 485 4189225 4850 34 10370 5618005 10370 485 10370 485 120250 485 485 10370 2125765 485 485 485 485 485 485 1665074 485 485 485 485 485 34 485 485 485 10370 485 269125 34 10370 62725 1685450 485 2125765 34 34 485 34 10370 34 10370 269125 62725 10370 120250 10370 485 10370 485 2570 485 10370 485 10370 10370 181337 181337 485 485 485 485 485 485 485 485 501265 485 485 10370 34 485 485 5991050 485 485 485 485 485 485 485 10370 10370 485 485 485 485 10370 485 2570 10370 12513625 485 10370 485 120250 181337 2125765 34 10370 62725 485 485 485 485 485 10575505 485 10370 485 269125 34 10370 2125765 34 485 485 19423765 514 34 485 485 485 10370 34 485 34 181337 10370 34 34 485 485 485 485 485 10370 485 2125765 485 1685450 485 485 10370 485 485 485 10370 485 10370 485 34 485 34 181337 34 485 485 10370 485 485 485 485 67535525 485 485 10370 8859058 1685450 485 10370 485 269125 485 10370 4162685 485 34 34 10370 485 485 485 485 62725 485 10575505 485 120250 485 485 485 10370 485 34 5991050 485 485 485 485 485 485 10370 485 34 34 10370 485 5365 485 5365 34 485 1685450 485 10370 485 485 10370 485 485 10370 34 10370 34 485 4850 485 10370 34 34 10370 485 10370 485 2125765 485 485 34 10370 485 10370 10370 485 62725 485 2125765 485 10370 62725 485 485 485 
29045 485 876097 110245 110245 72901 29045 10370 10370 10370 72901 72901 29045 29045 485 72901 72901 10370 72901 179450 10370 273205 10370 184901 10370 142885 72901 10370 10370 10370 29045 876097 72901 110245 10370 72901 184901 876097 10370 8585 72901 72901 110245 184901 184901 649802 10370 485 29045 485 29045 176290 142885 10370 72901 51914 72901 72901 72901 10370 29045 463114 72901 72901 463114 29045 10370 876097 29045 29045 10370 10370 10370 72901 72901 72901 72901 29045 463114 10370 72901 10370 29045 72901 463114 10370 72901 110245 29045 29045 219632401 72901 72901 29045 29045 10370 10370 184901 10370 184901 29045 72901 29045 10370 29045 72901 72901 72901 29045 3737 10370 10370 72901 29045 72901 876097 10370 463114 10370 13489930 10370 29045 876097 10370 72901 184901 72901 463114 72901 72901 485 18742517 72901 10370 8585 10370 10370 10370 72901 29045 485 3737 10370 72901 72901 485 72901 10370 463114 72901 72901 10370 10370 10370 72901 110245 29045 10370 184901 485 29045 184901 29045 184901 485 110245 72901 714425 10370 10370 10370 876097 29045 29045 72901 72901 72901 72901 72901 176290 72901 72901 10370 10370 72901 110245 876097 110245 29045 29045 72901 29045 72901 29045 485 17070010 29045 29045 29045 485 142885 72901 10370 29045 29045 7106450 29045 876097 
5185 1258 5185 5185 95225 5185 5185 255385 10 1258 835250 10370 5185 5185 5185 5185 5185 10370 381925 10370 5185 485 5185 485 5185 882325 10 5185 5185 1170325 882325 255385 95225 5185 10370 10370 10370 10370 5185 1258 5185 5133725 485 10 255385 381925 5185 485 10370 5185 89725 10370 5185 370 8005 5410 255385 5185 5185 882325 10370 5185 5410 5185 1170325 381925 10370 835250 5185 5185 1170325 882325 5185 5185 5185 370 1258 835250 30634 5185 5185 381925 1170325 5185 1258 1258 17170 10 5185 381925 5185 1258 10370 5185 485 5185 1258 381925 882325 381925 882325 10 5185 10 5185 1258 5185 10370 95225 5185 5185 5185 95225 255385 5185 5185 5185 10370 381925 5185 33650 5185 5185 5410 5185 5185 1258 1258 5185 1258 5185 10 485 23188085 255385 5185 1880650 5185 5410 95225 1258 5185 236197 5185 485 5185 485 381925 5185 2101810 381925 4416394 5185 5185 5185 1258 5185 5185 5185 5185 1258 5185 485 5185 5185 381925 1258 882325 10370 89725 381925 236197 463114 5185 10370 1258 5185 10 23188085 5410 381925 5410 1258 5185 5185 5185 255385 381925 5185 381925 5185 1258 5185 10 485 5185 1258 1258 5185 95225 5185 485 5185 5185 1258 5185 5185 5185 3185650 5185 5185 255385 5185 5185 5185 5185 5185 1258 5185 10 485 24505 835250 5185 10370 33650 5185 5185 485 485 5185 5185 10370 5185 13219385 5185 5185 485 835250 485 5185 5185 5185 5185 485 5185 95225 255385 95225 5185 1258 5185 5185 1258 89725 485 10 95225 1258 5185 370 5185 5185 5185 882325 1170325 5185 5185 882325 10370 5185 5185 1258 5185 5185 882325 1258 5185 485 57330325 5185 5185 485 1258 10370 5185 10 95225 10 882325 835250 882325 4077125 5185 5185 5185 5185 381925 10 5185 5185 882325 10370 5185 5185 381925 381925 882325 5410 381925 5185 5185 5185 5185 89725 5185 10370 1258 10370 5185 5185 185 5185 10 30634 5410 5185 5185 255385 5185 5185 5185 10 1258 5185 1258 5185 5185 10370 4077125 381925 10370 5185 5185 5185 1258 5185 5185 485 1258 5185 5185 255385 255385 1258 5185 5410 1258 1258 882325 5185 5185 10 1258 255385 236197 5185 10370 5185 5185 10370 10370 835250 95225 1258 5410 5185 5185 1258 5185 10 236197 5185 5185 381925 5185 95225 5410 5185 5185 255385 5185 1258 485 5185 5185 10370 1258 10370 10370 1258 5410 485 5185 5185 1258 5185 370 1258 5185 5185 95225 485 5185 10 10370 5185 381925 485 381925 1258 381925 5185 95225 236197 5185 882325 10 5185 5185 5185 255385 
370 188065 16825 4357 1654865 74 4357 74 74 1765 4357 74 27217 188065 74 27217 4357 188065 538645 4357 16825 74 74 74 74 4357 74 4357 4357 74 4357 4357 4357 27217 538645 4357 4357 4357 538645 4357 4357 4357 74 4357 27217 188065 188065 5674685 169010 188065 4357 4357 4357 4357 8702794 4357 370 4357 4357 4357 74 4357 4357 188065 188065 27217 27217 188065 4357 74 188065 74 16825 4357 1654865 4357 188065 188065 188065 188065 188065 4357 4357 188065 188065 4357 4357 27217 4357 5218405 4357 74 4357 4357 27217 1654865 74 74 4357 188065 4357 4357 4357 188065 27217 4357 4357 74 74 4357 4357 188065 4357 16825 4357 4357 188065 3946465 188065 4357 188065 169010 29253025 4357 4357 4357 4357 2876417 4357 4357 16825 27217 74257625 4357 74 74 27217 4357 4357 4357 74 74 4357 188065 74 1654865 16825 27217 538645 16825 188065 188065 169010 188065 538645 4357 169010 74 4357 4357 4357 188065 10240490 74 4357 27217 74 169010 74 4357 188065 4357 27217 4357 1654865 188065 74 74 16193809 188065 16825 188065 4357 74 27217 4357 16825 10730 16825 188065 74 16825 290 4357 188065 188065 4357 74 74 4357 4357 29253025 27217 74 188065 1654865 74 188065 16825 188065 4357 188065 4357 74 4357 4357 4357 74 4357 4357 4357 27217 188065 16825 4357 4357 74 290 5218405 74 2281250 4357 27217 74 16825 3946465 538645 188065 188065 4357 4357 74 74 4357 74 74 2876417 188065 188065 188065 4357 74 4357 74 188065 370 74 4357 4357 4357 188065 74 188065 4357 16825 4357 16825 16825 74 188065 188065 4357 538645 188065 4357 4357 74 4357 538645 169010 188065 4357 4357 74 74 4357 74 538645 4357 16825 74 188065 2720017 4357 8702794 4357 26293865 4357 74 4357 4357 4357 4357 1654865 4357 538645 27217 4357 188065 16825 4357 370 74 188065 4357 74 4357 188065 538645 538645 538645 188065 27217 74 4357 188065 290 188065 74 188065 4357 188065 74 4357 27217 4357 188065 4357 188065 74 4357 4357 1654865 4357 16825 538645 4357 74 169010 4357 188065 16825 74 188065 4357 74 27217 74 3946465 188065 4357 4357 4357 4357 4357 4357 3154177 4357 74 4357 1654865 27217 2876417 188065 1654865 4357 74 188065 4357 188065 4357 74 4357 188065 74 74 4357 4357 4357 538645 4357 4357 188065 74 188065 4357 4357 3946465 3946465 27217 1654865 538645 74 4357 188065 4761010 16825 8702794 4357 188065 4357 2876417 74 4357 4357 27217 4357 4357 74 4357 538645 4357 4357 370 4357 27217 74 188065 188065 188065 27217 74 370 4357 74 4357 169010 16825 4357 
62725 10370 34 485 10370 485 10370 4189225 10370 34 485 485 181337 485 10370 27217 10370 34 485 10370 501265 10370 10370 485 485 34 485 485 10370 10370 269125 10370 485 10370 10370 485 10370 10370 10370 485 10370 10370 10370 485 485 485 485 485 10370 485 1227434 1685450 485 10370 188065 10370 181337 269125 188065 10370 10370 181337 450290 62725 2125765 62725 485 485 485 10370 485 62725 10370 10370 10370 485 485 485 485 10370 10370 485 10370 10370 10370 2125765 485 485 2125765 10370 485 485 514 485 10370 485 10370 485 10370 181337 181337 4162685 485 10370 485 1227434 181337 10370 10370 10370 10370 10370 1143250 485 485 10370 485 485 1685450 10370 34 485 485 34 62725 269125 501265 10370 546410 485 10370 5618005 62725 485 10370 485 62725 485 62725 485 10370 2125765 120250 485 34 10370 10370 10370 1143250 485 485 485 485 10370 485 485 485 10370 10370 10370 485 10370 10370 27217 485 10370 485 2125765 485 62725 485 10370 485 485 485 10370 485 10370 485 485 10370 485 27217 10370 10370 10370 10370 485 485 10370 39427202 485 34 269125 2125765 10370 62725 485 485 10370 485 514 485 10370 485 514 10370 485 485 485 485 2125765 10370 181337 485 10575505 485 10370 10575505 485 10370 10370 10370 10370 181337 34 34 120250 485 10370 10370 485 10370 10370 485 485 485 34 485 485 34 10370 10370 485 485 10370 485 485 2570 485 10370 485 34 10370 485 485 10370 485 501265 10370 485 181337 485 62725 34 485 14257802 188065 485 34 485 485 2125765 485 501265 10370 485 10370 485 10370 10370 485 10370 2125765 10370 10370 485 485 538645 485 10370 485 10370 27217 10575505 485 485 10370 10370 485 2570 10370 27217 485 485 10370 120250 188065 1371170 10370 10370 10370 2125765 10370 10370 485 10370 62725 485 10370 485 485 10370 34 62725 10370 485 10370 485 10370 485 269125 10370 485 485 485 10370 188065 10370 485 10370 485 485 10370 10370 5270770 1685450 485 10370 485 67535525 485 485 10370 485 514 10370 485 485 2125765 485 10370 10370 2570 485 10370 485 10370 485 8425625 62725 120250 485 485 10370 10370 2125765 181337 1227434 485 10370 485 10370 10370 485 485 485 10370 10370 485 10370 181337 10370 485 485 10370 10370 10370 1116050 10370 485 485 485 10370 485 485 485 1685450 485 2125765 485 485 10370 485 485 44098 485 485 10370 10370 546410 188065 485 485 485 10370 485 10370 485 10370 10370 2876417 485 27217 485 485 485 120250 4162685 62725 1227434 10370 1227434 485 34 10370 485 485 10370 10370 10370 485 181337 485 485 10370 485 2570 10370 34 10370 62725 4424810 485 485 485 485 34 34 1143250 485 10370 10370 514 485 10370 485 485 485 10370 485 10370 485 485 10370 10370 10370 10370 10370 485 10575505 10370 10370 485 485 10370 10370 10370 10370 10370 485 10370 485 485 181337 10370 485 485 485 10370 485 10370 10370 
2594 1717 10370 1717 202 485 10370 136085 202 1717 202 485 1717 10370 485 2876417 10370 3736394 1717 2594 202 2594 1717 10370 1717 10370 1717 10370 1717 220505 202 10370 10370 10370 136085 1717 10370 136085 485 136085 1717 1717 27217 202 505 2594 10370 10370 1717 505 2594 10370 1717 202 10370 1717 1717 10370 10370 10370 10370 27217 2594 10370 10370 1717 158773829 2594 10370 10370 202 202 485 1717 2594 940325 10370 10370 10370 2594 136085 1717 10370 202 10370 202 10370 485 188065 1717 505 1717 1717 10370 63370 505 1717 10370 1717 10370 10370 1717 1717 10370 10370 1717 10370 202 1717 10370 1227434 136085 1717 10370 1717 1717 1717 1717 10370 55114 2594 1272385 1717 1717 485 1717 10370 2594 505 27217 10370 202 1717 10370 2594 2876417 1717 202 10370 10370 1717 2594 1717 1717 10370 10370 1717 202 1717 2594 10370 10370 485 202 10370 485 10370 1717 188065 1717 7850785 1717 1240025 505 2594 202 136085 10370 1717 485 202 1717 505 485 10370 202 10370 136085 136085 90176585 485 1717 940325 485 1717 6290 220505 505 10370 485 27217 485 10370 6290 485 538645 136085 10370 505 1227434 1717 10370 202 7850785 485 10370 202 3838498 10370 1717 485 136085 136085 485 1717 485 2979925 1717 63370 505 136085 63370 1717 2594 10370 434314 10370 485 2594 10370 505 1717 1717 18727202 2594 10370 10370 202 1717 485 485 485 2506325 188065 485 202 2594 55114 10370 1717 136085 202 1717 27217 10370 2594 202 6290 485 505 188065 2594 63370 1240025 202 10370 1227434 6290 27217 940325 2594 1717 1717 1717 188065 1717 2594 202 146741365 1717 10370 1717 10370 10370 1717 6290 1717 10370 2594 202 2594 485 10370 505 136085 2594 10370 1717 10370 10370 505 10370 1717 10370 485 1717 1717 1272385 55114 27217 202 2594 6290 202 10370 1717 1717 10370 940325 1717 10370 27217 1747250 10370 505 10370 202 1717 10370 27217 10370 485 1240025 1717 1717 1717 2594 1717 10370 7850785 485 188065 202 1717 1717 2594 136085 505 1717 1717 2979925 2594 1227434 1717 202 202 220505 1717 2594 1717 1717 2178005 1717 10370 505 1717 1717 10370 505 10370 1717 505 10370 1717 40176650 10370 505 10370 10370 136085 2178005 1717 1717 10370 10370 55114 240101 505 136085 10370 1717 1717 220505 10370 1717 202 10370 10370 202 10370 1717 1717 10370 485 485 202 10370 136085 136085 220505 505 10370 485 2594 202 188065 1717 1717 505 1717 1717 1717 485 1717 10370 10370 1717 136085 1717 10370 2594 485 1717 202 10370 6290 1717 55114 10370 1717 1717 10370 1717 202 1717 27217 10370 1717 10370 2594 10370 505 202 202 485 63370 1717 10370 686450 10370 136085 136085 485 188065 1717 1717 188065 505 10370 27217 485 188065 10370 1717 202 1717 10370 10370 10370 2594 1717 202 1717 10370 10370 1717 1717 188065 202 1717 485 485 10370 63370 136085 10370 10370 1717 202 10370 1717 1717 10370 202 1717 1717 10370 686450 240101 485 485 1717 686450 485 10370 3168085 1717 202 202 10370 202 10370 10370 485 10370 10370 1717 202 1267010 10370 10370 686450 485 136085 
51077 49010 1570 46085 46085 2570 51077 49010 51077 157625 110245 1570 51077 1258 157625 538645 819202 49010 46085 22474 46085 51077 49010 49010 46085 46085 46085 157625 49010 46085 102154 46085 46085 49010 51077 46085 51077 46085 1258 309137 46085 46085 46085 102154 46085 49010 1570 46085 46085 46085 51077 1570 51077 51077 51077 46085 800005 46085 157625 46085 1570 51077 46085 46085 1570 46085 15693002 46085 46085 1570 46085 46085 157625 49010 157625 14945125 309137 309137 46085 46085 46085 49010 46085 309137 51077 46085 49010 46085 800005 46085 46085 46085 110245 1570 46085 157625 51077 157625 51077 46085 46085 46085 46085 51077 309137 46085 102154 46085 49010 10 51077 1258 46085 46085 46085 49010 51077 46085 46085 46085 46085 309137 49010 157625 51077 46085 1570 51077 46085 51077 49010 102154 157625 46085 46085 2570 46085 46085 51077 46085 1258 157625 46085 51077 51077 1570 102154 157625 46085 46085 970 46085 1570 51077 46085 51077 46085 46085 51077 46085 46085 46085 46085 14945125 46085 46085 157625 157625 51077 51077 51077 51077 46085 46085 51077 22474 309137 46085 51077 46085 46085 1258 49010 51077 46085 51077 46085 51077 49010 51077 49010 46085 46085 51077 46085 11259170 49010 46085 51077 157625 51077 102154 31754 46085 819202 46085 46085 46085 46085 46085 157625 1258 51077 815813 46085 51077 51077 51077 46085 309137 46085 46085 46085 46085 46085 1570 102154 51077 46085 157625 49010 970 157625 29988170 51077 46085 49010 49010 49010 51077 1570 46085 157625 10 51077 815813 46085 49010 46085 819202 46085 46085 819202 1570 800005 46085 46085 51077 1570 46085 970 46085 46085 51077 2570 157625 46085 51077 102154 49010 51077 309137 46085 51077 35356985 157625 46085 309137 1258 800005 46085 1570 51077 157625 51077 46085 46085 38752690 46085 51077 46085 46085 51077 1570 46085 51077 157625 51077 46085 51077 1570 51077 46085 51077 46085 46085 46085 46085 49010 51077 970 49010 51077 1570 157625 110245 51077 49010 46085 51077 157625 51077 51077 49010 1570 51077 51077 49010 10 46085 51077 49010 46085 46085 46085 46085 51077 1258 49010 51077 1570 1258 1570 1258 46085 51077 51077 46085 46085 157625 2570 46085 157625 49010 46085 46085 46085 51077 50427785 49010 157625 49010 157625 51077 51077 46085 51077 51077 10 51077 110245 3069505 51077 51077 46085 46085 46085 110245 46085 51077 51077 157625 800005 49010 102154 46085 46085 46085 157625 51077 1570 157625 46085 2570 46085 49010 51077 538645 46085 46085 46085 46085 51077 49010 51077 46085 46085 110245 49010 46085 49010 46085 51077 51077 2570 51077 46085 46085 10 157625 46085 46085 38787985 46085 51077 46085 46085 46085 819202 51077 46085 46085 51077 51077 654985 1570 1570 46085 1570 51077 4401605 102154 31754 51077 46085 49010 51077 46085 49010 51077 46085 51077 49010 46085 49010 157625 51077 51077 538645 51077 51077 46085 49010 49010 102154 309137 157625 10 1570 46085 46085 49010 46085 49010 46085 46085 157625 14945125 51077 46085 46085 46085 46085 157625 51077 46085 157625 51077 46085 51077 46085 800005 46085 49010 1258 1570 51077 46085 1570 46085 10 51077 51077 51077 46085 49010 51077 1570 46085 46085 49010 46085 157625 46085 46085 46085 46085 51077 46085 1570 51077 51077 49010 10 46085 49010 1258 51077 51077 46085 51077 16386305 157625 51077 51077 157625 51077 309137 51077 1570 46085 51077 51077 46085 102154 1570 10 46085 51077 46085 51077 157625 157625 51077 46085 51077 46085 46085 1570 102154 51077 51077 51077 157625 51077 51077 51077 49010 51077 46085 157625 46085 51077 157625 10 46085 46085 46085 1570 46085 309137 654985 51077 1570 1570 51077 110245 46085 51077 46085 309137 46085 46085 
2570 1570 51077 51077 157625 46085 46085 1258 1570 49010 102154 51077 46085 51077 1258 46085 157625 157625 51077 46085 46085 309137 51077 157625 46085 1570 49010 51077 46085 10 46085 49010 51077 46085 46085 46085 51077 46085 51077 51077 51077 46085 46085 51077 330781250 46085 51077 51077 51077 49010 46085 46085 46085 51077 1570 157625 15716585 46085 46085 46085 51077 51077 46085 51077 46085 49010 46085 46085 46085 46085 46085 46085 51077 51077 51077 46085 309137 46085 2570 1570 46085 51077 157625 309137 46085 1570 51077 46085 51077 157625 51077 51077 46085 102154 309137 157625 1570 1570 157625 51077 46085 1570 46085 51077 157625 49010 51077 46085 46085 51077 46085 51077 49010 157625 2570 51077 46085 51077 51077 46085 51077 10 51077 51077 1570 3069505 51077 51077 51077 49010 46085 1570 46085 970 157625 46085 157625 157625 679730 46085 22474 46085 1570 51077 51077 46085 46085 46085 51077 1570 46085 46085 46085 46085 102154 970 51077 46085 1570 51077 51077 51077 1570 110245 46085 46085 51077 102154 49010 46085 51077 102154 51077 309137 309137 157625 51077 46085 46085 46085 46085 46085 1570 46085 46085 46085 46085 157625 157625 
2742337 85 85 85 36101 85 19018 85 19018 19018 465125 465125 465125 36101 13450 85 36101 18685 85 19018 34 3145 19018 465125 19018 465125 19018 85 85 19018 85 85 36101 465125 19018 239434 13450 239434 85 36101 65650 3145 36101 465125 19018 36101 36101 36101 19018 19018 85 85 85 19018 19018 13450 13450 36101 4460545 239434 85 465125 465125 85 36101 85 19018 370 85 13450 85 239434 370 85 51850 19018 85 36101 13450 19018 85 85 19018 85 36101 36101 19018 36101 85 85 36101 36101 36101 36101 85 19018 36101 202 465125 85 465125 85 19018 36101 465125 19018 370 19018 85 85 36101 65650 85 13450 13450 19018 36101 19018 239434 202 36101 19018 85 19018 465125 85 239434 19018 19018 13450 85 36101 370 465125 85 36101 370 85 19018 12023050 36101 465125 239434 85 85 36101 85 13450 13450 13450 85 19018 85 465125 465125 19018 85 19018 13450 19018 36101 170 170 13450 85 19018 19018 85 85 36101 202 85 19018 19018 85 18685 85 465125 3145 85 13450 85 19018 85 13450 85 19018 36101 36101 13450 465125 13450 85 13450 239434 19018 36101 36101 85 36101 85 85 85 85 19018 85 36101 36101 85 465125 65650 85 19018 85 85 19018 85 184325 34 465125 19018 85 85 465125 13450 85 170 85 19018 36101 19018 19018 85 465125 19018 19018 13450 85 36101 85 85 85 85 2513570 13450 19018 368854525 13450 19018 19018 
5365 17945 2036290 85 85 3530 85 85 85 3530 3530 85 34 5365 85 85 85 5365 3530 1331593 85 85 85 17945 3530 85 3530 5365 29955250 17945 85 1331593 85 19018 17945 3530 239434 1331593 1665074 85 17945 85 3530 3530 85 3530 36101 85 85 3959705 3530 85 85 8774210 3530 85 85 3530 36101 85 85 85 85 85 4305925 36101 5 3530 36101 85 3530 1665074 85 85 36101 3530 3530 85 5365 8803210 85 3530 85 85 19018 5365 3530 85 987530 36101 3530 3530 85 85 85 12513625 5365 5365 85 85 3530 85 36101 85 5365 17945 936370 85 36101 3530 85 85 3530 36101 3530 3530 5 17945 3530 5 85 85 3530 36101 1285 5365 3530 19018 36101 34 85 5365 85 85 36101 85 3530 36101 3530 85 85 19018 3530 85 3530 148138 3530 3530 36101 3530 85 85 17945 36101 85 36101 3530 5365 85 5365 85 85 3530 85 85 85 3530 36101 85 85 36101 3530 85 85 5365 85 5365 3530 85 85 85 85 184325 3530 3530 5365 85 85 17945 85 36101 85 85 5365 5197090 3530 3530 3530 36101 85 85 85 85 85 85 85 85 19018 36101 3530 1312202 85 5365 3530 5365 85 85 85 36101 36101 85 3530 3530 1331593 3530 85 3530 85 36101 29955250 85 3530 85 85 85 85 1285 3530 85 3530 184325 85 85 5365 1665074 85 3530 85 17945 3530 5365 19018 85 3530 3530 184325 36101 36101 19018 5365 85 85 3530 85 85 3530 85 3530 5365 2036290 85 85 85 85 3530 85 85 85 36101 17945 5365 3959705 85 85 3530 85 3530 3530 85 85 85 85 3530 5 5365 85 36101 85 85 17945 3530 36101 36101 85 3530 3530 85 3530 85 148138 1331593 85 3530 85 12513625 12970 85 85 1309970 36101 85 85 1331593 85 85 5365 19018 85 19018 17945 
85 170 170 170 85 34 170 85 18685 170 170 36101 34 170 34 85 170 170 18685 4753970 85 85 85 34 18685 463114 85 34 727402 85 17945 170 36101 170 170 36101 85 85 5365 85 85 85 36101 18685 170 170 170 36101 85 85 170 170 85 85 85 170 85 170 85 170 85 85 85 170 85 170 85 85 85 34 170 170 85 14684225 36101 85 85 170 170 170 85 239434 85 85 170 18685 170 34 170 170 170 170 85 85 170 85 2076497 85 170 36101 34 170 170 34 170 170 85 170 85 170 85 36101 170 85 18685 36101 18685 34 85 170 85 85 3530 1050905 170 170 85 170 85 36101 170 85 85 170 85 36101 170 36101 34 85 170 170 36101 36101 36101 14684225 18685 34 170 170 170 170 34 85 170 112370 18685 170 85 85 85 170 170 170 85 36101 85 85 170 34 170 85 170 85 85 36101 85 170 36101 4850 170 85 170 34 170 85 34 170 1450 36101 34 170 170 18685 18685 34 36101 69040409 170 170 85 85 34 85 170 85 170 85 2020202 5365 18685 170 85 170 85 36101 18685 85 85 85 85 85 1050905 170 170 85 34 727402 85 18685 170 85 170 85 85 36101 112370 36101 85 170 170 170 85 36101 5365 170 170 170 170 36101 18685 170 727402 
34 3925 8005 85 312505 34 34 34 34 34 34 34 3925 34 34 34 34 34 3031865 34 34 729625 3925 34 1512901 34 85 316850 34 85 316850 34 8005 34 34 3925 85 34 34 85 8005 85 3925 170 239434 3925 85 3031865 34 85 85 3414002 6290 85 85 8005 34 85 34 2490914 3925 34 85 85 36945845 312505 85 34 6290 85 8005 36101 36101 34 43810 85 2679625 34 34 3925 34 85 3925 3925 34 34 85 6290 85 34 34 6290 3925 34 85 85 34 85 85 34 34 5551114 34 85 85 34 85 85 3414002 34 34 85 6290 85 34 3414002 34 34 312505 85 85 85 186325 8005 186325 34 3925 85 8005 34 85 34 2679625 3031865 37370 34 3925 85 27050 34 34 2679625 1240025 34 34 34 85 34 34 34 85 34 3202 85 3925 5551114 34 3031865 85 34 34 85 85 34 34 34 34 34 85 34 34 3925 3925 34 8005 34 312505 85 34 312505 34 34 8005 3925 312505 34 312505 85 3925 34 85 34 85 312505 34 85 3031865 34 910010 34 910010 8163434 85 130610 5551114 85 34 3925 312505 85 34 3925 85 34 36101 85 34 2490914 34 34 312505 34 1240025 34 34 312505 34 312505 34 85 8005 3031865 34 3925 34 3031865 312505 34 85 3925 34 34 34 34 34 25719317 34 85 34 85 85 34 34 312505 34 3925 34 34 312505 85 85 34 85 34 3925 3925 85 
17 45002 45002 17 45002 45002 17 45002 9802 5301490 45002 17 679225 17 9802 17 43690 17 17 45002 17 17 170 17 45002 9802 17 170 45002 17 45002 45002 170 45002 45002 17 170 170 720002 17 45002 884425 45002 9802 5957905 170 45002 45002 45002 10 720002 9802 45002 17 261994 17 170 261994 89725 17 9168970 170 17 170 17 261994 17 17 170 45002 17 45002 17 45002 17 170 45002 10 17 43690 17 441010 17 170 17 17 17 45002 45002 2106385 17 170 170 17 17 17 17 17 89725 170 170 45002 45002 17 45002 45002 1924925 45002 17 9802 17 45002 17 170 17 45002 17 17 17 170 170 45002 17 45002 17 17 9802 17 17 89725 45002 45002 45002 9802 9802 45002 9802 17 170 17 17 170 17 89725 45002 45002 17 17 17 10 45002 10 45002 89725 45002 17 45002 9802 170 720002 9802 17 9802 17 45002 45002 17 17 10 17 17 17 17 45002 45002 17 17 4101250 9168970 170 45002 9802 17 45002 45002 17 17 17 45002 6356597 17 17 170 45002 17 17 17 170 170 17 43690 17 17 679225 720002 45002 17 17 17 170 441010 17 261994 17 17 415874 45002 17 170 17 1133458 112897 45002 170 884425 17 17 17 17 45002 45002 45002 17 170 17 17 17 45002 261994 17 17 45002 17 45002 45002 45002 45002 17 17 170 17 17 17 
170 170 1802 800005 170 45002 170 17 1258 800005 17 1258 1258 17 55114 45002 24050 1258 170 24050 45002 45002 1258 170 1258 45002 45002 131665 800005 170 45002 45002 17 45002 1258 17 873970 170 1258 1258 45002 1258 1258 17 4850 170 1258 873970 24050 800005 45002 195365 77450 45002 17 1258 170 74 45002 170 1258 17 41225 45002 1258 45002 1258 45002 4850 17 45002 45002 10585 1802 1258 1258 45002 17 17 170 1258 1258 170 17 17 45002 170 45002 170 170 3737 45002 45002 17 170 865930 17 4850 679225 1802 24050 170 61217 17 4850 679225 24050 1258 17 1258 1802 17 17 1258 24050 679225 1258 55114 4850 1258 45002 4850 1258 17 679225 17 195365 170 1802 17 170 4850 1258 4850 4850 4850 17 170 170 17 170 170 24050 4850 1258 4850 170 17 45002 3737 45002 45002 24050 1258 17 170 1258 45002 17 170 4850 24050 17 45002 1258 17 1258 45002 1258 45002 45002 1258 1258 45002 468469 4850 4850 45002 45002 19732325 17 45002 17 1258 1258 45002 4850 45002 45002 24050 679225 1258 170 45002 170 24050 17 1258 170 4850 8908402 4850 1258 55114 45002 1258 45002 1258 4850 4850 170 4850 1258 1258 45002 17 4850 45002 800005 1258 170 45002 1258 1802 679225 170 45002 170 170 17 45002 170 170 1258 45002 679225 4850 1258 1258 17 1258 1258 45002 45002 4850 1258 17 45002 4850 4850 170 1258 1258 17 170 1258 45002 2517770 45002 1258 4850 1258 17 45002 4850 17 1258 1258 1258 1258 1258 
45002 1765 4357 4357 4357 45002 45002 4357 170 188065 17 170 45002 45002 188065 4357 16825 4357 170 4357 17 17 1654865 17 170 52200145 45002 16825 17 45002 170 45002 4357 16825 45002 45002 16825 170 45002 45002 4357 1654865 17 17 4357 4357 4357 188065 16825 170 170 188065 4357 170 4357 45002 1654865 1654865 45002 45002 16193809 290 17 4357 17 170 45002 170 1765 188065 17 45002 17 16908125 4357 188065 17 16825 4357 16825 170 17 170 4357 17 679225 17 2570 170 2720017 45002 45002 4357 170 4357 16825 16193809 2517770 4357 4357 170 170 74257625 16825 16825 17 45002 4357 4357 16825 170 170 188065 170 16193809 170 4357 4357 170 17 17 17 4357 17 170 1765 4357 16825 17 17 17 679225 45002 1654865 4357 4357 16825 45002 170 4357 4357 1654865 4357 170 1654865 45002 188065 4357 4357 1654865 1654865 4357 17 45002 17 170 188065 45002 45002 1654865 188065 16825 188065 188065 4357 4357 188065 45002 4357 4357 45002 4357 188065 4357 188065 4357 4357 170 471250 1654865 170 4357 4357 45002 4357 4357 45002 4357 4357 188065 45002 16825 45002 4357 45002 45002 45002 4357 4357 158937301 45002 170 170 1654865 1765 17 17 1654865 17 170 4357 170 16825 170 16825 4357 188065 59200370 17 16825 2132650 4357 4357 170 45002 4357 169010 45002 45002 538645 17 4357 4357 1765 45002 188065 170 45002 17 45002 45002 4850 4357 45002 170 45002 188065 45002 16193809 188065 4357 4357 4357 45002 45002 16193809 188065 45002 4357 45002 45002 4357 290 1654865 45002 188065 45002 45002 4357 45002 45002 45002 45002 4357 4357 188065 45002 45002 4357 4357 188065 4357 16825 188065 45002 3154177 17 170 45002 2517770 17 17 45002 3154177 188065 188065 4357 170 4357 170 16825 4357 17 2720017 4761010 45002 91536805 45002 45002 10240490 17 45002 170 1765 170 17 188065 4357 17 17 17 45002 4357 16825 16825 16825 45002 1654865 4357 169010 17 17 45002 17 4357 45002 16825 45002 45002 188065 16825 170 16825 45002 4357 4357 31945105 4357 170 4357 170 170 170 45002 
55114 1717 1717 55114 505 3737 202 202 202 1717 1717 1717 8245 505 1717 202 1717 1717 2594 3737 202 202 202 202 8245 2594 1717 1717 1717 202 1717 202 1717 2594 1717 202 2594 1717 505 202 202 1717 202 202 202 202 3838498 202 202 505 202 202 202 202 1717 202 1717 1717 1717 202 1717 1717 16565770 1717 8245 505 1717 202 202 202 1717 3737 202 1717 202 8245 1717 1717 1717 1717 240101 434314 202 1717 3737 63370 202 202 1717 1717 1717 1717 1717 1717 202 1717 8245 1717 202 202 1717 3737 202 505 1717 202 1717 202 63370 8245 202 505 2178005 505 1717 202 1717 3737 1717 202 1717 202 77450 1717 1717 202 1717 202 3737 202 3737 202 3737 202 3737 505 1717 8245 1717 1240025 77450 2594 1717 63370 202 3737 1717 2594 1717 1717 3737 8245 1717 202 505 8245 1717 202 1717 1717 3737 202 3737 1717 77450 202 1935025 1717 202 1717 8245 1717 202 1717 1717 1717 202 202 2594 8245 3737 202 202 1717 202 202 8245 1717 1717 202 136085 202 1717 1717 202 1717 202 1717 1717 202 2594 1717 434314 1717 202 3737 202 505 1717 202 202 1717 1717 2594 1717 505 1717 202 3737 202 1717 74 2594 202 2594 505 202 202 1717 3737 3737 202 202 1717 202 202 202 1717 202 2594 2594 202 1717 1717 2594 202 1717 1717 202 202 1717 940325 1717 202 202 2594 202 202 2594 202 8245 1717 2594 202 1717 8245 2325625 1717 63370 202 1717 202 1717 202 202 202 74 202 1332970 1717 202 202 3737 505 202 202 3737 1717 202 202 202 1717 202 1717 3737 202 505 21170 77450 2594 505 1717 202 505 1717 8245 1717 505 505 3737 202 3737 1717 202 202 202 202 202 202 202 202 1717 202 202 1717 505 2594 1717 1717 202 202 1717 202 505 8245 202 1717 202 1256785 1717 505 77450 202 1717 202 202 1717 505 202 202 3737 1717 2594 2594 1717 202 202 2594 1717 1717 202 1717 202 1717 8245 202 1717 1717 1717 1717 1717 1717 202 1717 1717 1717 202 202 1717 202 55114 202 434314 202 202 29920901 202 240101 2594 202 8245 2594 1717 8245 1717 6820025 505 202 1717 202 202 202 1717 1717 1717 1717 202 3737 202 202 1717 202 1717 202 202 202 3737 1717 24893570 1717 505 1717 202 50181125 505 505 1717 202 8245 136085 202 1717 202 202 2594 1717 1717 240101 202 240101 1717 2594 3737 8245 
101 74 363701 190450 8245 456977 190450 74 202 74 74 74 202 2342345 31754 101 101 8245 74 8245 101 101 8245 8245 456977 16825 101 74 101 202 74 8245 1746485 785 74 74 101 101 8245 74 74 456977 8245 8245 101 74 8245 74 8245 74 101 8245 74 74 101 101 10730 456977 3145 286565 101 202 8245 74 101 101 286565 74 202 202 8245 8245 101 74 74 16825 8245 202 74 202 101 101 456977 74 101 363701 190450 101 74 370 8245 202 74 202 10730 7850 202 101 74 8245 31754 16825 202 456977 74 2425 74 8245 101 456977 8245 8245 101 74 456977 74 8245 31754 8245 74 8245 74 74 8245 74 74 74 74 74 74 101 202 31754 190450 101 74 74 74 74 286565 74 8245 10730 8245 363701 8245 101 202 74 101 1018145 74 74 74 8245 101 74 8245 74 8245 101 101 10730 74 8245 8245 190450 2425 74 8245 8245 101 8245 202 74 8245 59200370 74 202 74 8245 74 74 74 
25925 8245 74 202 3925 312505 1089010 101 101 202 666658 8005 8245 1240025 3925 286565 110313034 8245 1240025 3925 8005 101 8245 3925 34 8245 8245 3925 8005 8005 312505 202 8245 34 8245 3925 8245 25925 3925 8245 33190417 8245 312505 202 8005 8005 8245 34 3414002 312505 3925 3925 3414002 3925 8245 312505 25925 101 312505 34 29512834 8245 8005 2679625 8245 8245 2490914 3925 2679625 8005 202 3925 101 3925 74 34 8245 74 312505 25925 1179397 27936485 103970 101 74 8158685 3031865 25925 202 25925 101 103970 3925 3925 1240025 8245 34 3925 3925 3925 8245 3925 3925 101 3925 3414002 101 34 286565 3925 3925 8005 8245 312505 312505 3925 202 312505 3925 74 3925 8005 8245 3925 8245 103970 101 8005 8245 101 8005 8245 202 8245 312505 8245 74 3925 8245 1089010 34 202 8005 3414002 312505 312505 2679625 312505 202 34 8005 101 8005 8005 3925 103970 101 74 103970 286565 3414002 101 8245 8245 3925 8005 312505 3925 8245 8245 8245 3925 8005 312505 8245 8245 8245 202 2679625 101 32672657 25925 25925 2679625 1089010 312505 202 8005 74 8245 101 3925 101 3925 3925 3925 312505 8005 103970 3925 8005 8005 8245 286565 74 8245 74 312505 101 3414002 3925 103970 202 8245 312505 74 286565 34 25925 25925 34 8245 3925 202 101 312505 3925 8245 3925 312505 8005 202 43810 3925 312505 34 8245 8005 3925 103970 74 3925 101 3925 8245 74 3925 34 202 3031865 34 3925 286565 8005 8245 1089010 1240025 312505 8005 202 74 101 101 34 3925 202 202 312505 74 74 3925 3925 3925 8245 3925 286565 3925 312505 8245 25925 202 8245 74 3925 2679625 101 2679625 3925 34 202 3925 2679625 202 8245 510770 3925 202 8245 312505 3925 8245 25925 3925 3925 74 8245 101 8245 3925 8245 202 666658 8245 3925 25925 74 3925 34 3925 8245 8005 74 34 101 101 8005 3925 34 25925 202 202 3925 8245 8245 8245 8245 101 25925 202 8245 2679625 8245 8245 43810 3925 2679625 8005 202 8245 74 25719317 6639370 3925 3925 25925 34 101 3925 3925 83670050 3925 2679625 202 34 101 101 202 43810 74 8245 101 101 8005 286565 3925 103970 3925 202 3925 101 8245 101 2679625 202 312505 3925 34 74 202 286565 666658 3031865 1089010 3414002 8245 202 101 101 34 286565 34 3925 3925 202 202 74 3925 101 3925 8005 8005 8245 8245 34 8005 286565 312505 101 312505 8005 3925 8005 25925 3925 202 34 8005 3925 8245 101 101 101 101 8005 202 8245 202 202 1089010 25925 8245 3925 25925 74 202 8245 101 101 66725 8245 8245 8245 101 101 8245 25925 8245 3925 3925 202 25925 202 101 2490914 101 3925 101 8245 8245 3925 101 202 3925 3925 101 25925 3925 8005 3925 202 101 101 34 3925 286565 74 312505 3925 25925 3925 202 3925 3925 101 8005 25925 8245 101 3925 202 1089010 202 34 74 286565 101 202 25925 312505 8245 3925 286565 34 101 312505 25925 3925 202 74 3925 8245 74 286565 3925 74 202 101 8245 3925 202 3925 8245 3925 3925 34 8245 3925 74 202 3925 202 202 312505 25925 3925 34 312505 202 312505 8005 25925 8245 8245 8005 1179397 8005 8245 1240025 3925 3925 101 8245 74 8245 
51077 1010 202 1258 156802 51077 46085 51077 51077 370 46085 51077 202 51077 202 202 3802501 46085 1258 1570 110245 3069505 51077 46085 51077 1570 46085 51077 51077 51077 157625 1258 51077 46085 51077 1570 2570 8245 51077 51077 8245 51077 46085 51077 8245 8245 1010 51077 51077 46085 202 51077 1258 58325 1258 13225010 8245 51077 51077 1570 51077 51077 1258 2917265 46085 202 8245 22474 46085 1570 1570 2570 202 11803445 202 51077 202 157625 51077 51077 51077 46085 51077 1258 46085 51077 51077 1258 1258 46085 51077 46085 46085 46085 8245 51077 51077 1570 46085 1258 202 51077 51077 8245 46085 202 51077 22474 46085 1258 8245 46085 51077 46085 51077 46085 51077 2570 1570 8245 1570 2917265 51077 51077 51077 51077 157625 166685 51077 46085 2917265 202 1258 202 46085 46085 1570 202 46085 51077 51077 1010 970 51077 1570 51077 51077 51077 51077 202 51077 202 8245 202 51077 1570 51077 51077 58325 202 51077 46085 46085 46085 202 51077 58325 202 22474 202 46085 51077 202 51077 1258 370 2570 51077 51077 46085 51077 8245 51077 370 202 11803445 202 202 1570 202 51077 51077 202 46085 51077 202 46085 1258 8245 46085 51077 51077 8245 1258 370 46085 51077 110245 51077 970 51077 157625 51077 46085 157625 8245 51077 51077 46085 46085 8245 1570 51077 2917265 46085 1258 51077 51077 51077 58325 1465474 157625 46085 1258 1258 51077 46085 51077 51077 51077 51077 51077 51077 51077 46085 1258 370 8245 8245 51077 1010 51077 46085 51077 157625 51077 58325 2570 51077 1258 46085 46085 8245 8245 1258 202 46085 51077 370 46085 51077 156802 1570 46085 46085 51077 51077 46085 51077 202 58325 51077 819202 58325 51077 202 202 22474 1258 55114 8245 1570 46085 46085 46085 46085 1570 51077 110245 370 51077 2570 51077 51077 243370 8245 51077 8245 51077 51077 202 157625 2917265 51077 46085 202 51077 202 51077 202 202 51077 51077 8245 51077 51077 46085 51077 51077 51077 370 1258 51077 51077 51077 1010 51077 51077 51077 51077 46085 370 202 1570 1570 51077 2917265 51077 51077 51077 2570 46085 1258 58325 51077 51077 8245 46085 202 58325 46085 51077 1570 903170 51077 51077 58325 51077 46085 51077 1570 58325 1570 51077 51077 8245 51077 51077 58325 22474 970 46085 202 58325 157625 1570 51077 8245 8245 51077 1258 202 46085 157625 157625 51077 8245 58325 370 51077 51077 46085 1570 51077 202 370 8245 51077 202 46085 51077 51077 51077 51077 51077 46085 903170 46085 51077 202 46085 8245 16386305 46085 8245 1570 46085 1570 1258 51077 1570 8245 58325 51077 16386305 1570 51077 51077 1570 1570 46085 202 2570 157625 58325 51077 51077 51077 22474 1258 51077 46085 8245 46085 1258 8245 11803445 51077 51077 46085 51077 1570 2570 46085 51077 51077 51077 46085 2570 370 51077 1570 46085 11803445 51077 51077 51077 903170 157625 58325 8245 202 51077 51077 8245 121685 46085 2570 46085 185 2917265 1570 1570 1570 8245 1258 8245 2570 51077 58325 51077 51077 1570 1258 51077 1010 51077 1258 51077 157625 1570 51077 2917265 903170 8245 46085 51077 202 51077 51077 46085 46085 970 51077 2917265 46085 110245 11803445 9596245 8245 8245 
1133458 17 33331594 17 17 10 12325 17 17 9802 12325 30425 884425 17 17 2106385 12325 9802 9802 720002 17 17 17 17 12325 17 12325 10 10 12325 17 17 45002 17 10 17 17 10 9802 89725 10 12325 9802 1002530 9802 17 17 89725 17 17 7474 12325 17 17 1002530 17 12325 12325 17 9802 9802 17 17 17 12325 12325 884425 17 45002 9802 17 17 17 17 17 12325 17 89725 1002530 17 12325 17 17 17 17 17 9802 9802 45849890 7474 17 9802 9802 17 17 45002 17 10 12325 6751225 17 17 10 9802 17 12325 10 17 89725 17 10 17 12325 1002530 17 17 10 17 9802 12325 17 12325 17 17 17 10 17 89725 12325 17 17 17 17 17 17 17 1002530 12325 17 17 17 9802 10 17 10 9802 17 9802 9802 7474 9802 12325 12325 17 12325 12325 10 1002530 17 24650 1002530 17 12325 12325 17 17 17 17 17 17 9802 89725 17 17 17 17 1002530 17 17 10 10 12325 17 10 17 17 12325 9802 9802 17 17 17 720002 10 45002 190450 17 17 17 9802 17 17 17 17 9802 9802 10 89725 17 12325 9802 1889849 9802 17 884425 17 17 17 12325 17 9802 12325 17 9802 17 17 17 17 17 12325 17 17 12325 89725 12325 12325 17 9802 17 17 17 17 17 9802 17 17 1002530 12325 17 9802 17 10 17 7474 17 89725 17 9802 9802 17 17 17 12325 17 884425 17 17 12325 17 12325 9802 17 10 9802 17 17 10 1002530 17 12325 1002530 10 9802 9802 865930 17 9802 17 679225 9802 10 9802 1002530 9802 2106385 10 89725 1002530 9802 17 1002530 17 17 12325 12325 9802 17 12325 17 2506325 17 17 17 17 17 89725 10 9802 17 17 30425 12325 9802 1002530 126897605 1133458 45002 17 9802 9802 10 10 12325 12325 17 17 9802 12325 17 9802 9802 12325 12325 12325 884425 17 10 12325 9802 17 9802 12325 17 9802 17 9802 17 17 17 9802 17 89725 10 12325 10 17 9802 9802 17 17 17 89725 1002530 17 17 1002530 9802 17 17 12325 10 10 17 17 17 17 9802 9802 12325 17 17 1002530 10 17 464165 17 9802 2106385 9802 12325 12659365 17 17 12325 9802 17 17 441010 17 17 7474 9802 48674 17 17 17 155151937 9802 17 45002 17 17 10 17 12325 17 17 12325 17 17 17 10 9802 17 17 17 9802 1002530 17 17 12325 1002530 12325 12325 7474 10 12325 17 10 17 17 17 17 1002530 17 9802 12325 17 9802 48674 9802 17 17 9802 17 12325 10 17 17 17 720002 17 9802 17 4181834 17 17 17 1002530 17 17 17 17 2506325 12325 12325 12325 17 12325 17 17 9802 45002 17 45002 17 17 17 89725 17 17 17 12325 17 12325 170 12325 17 679225 9802 17 89725 17 17 17 89725 9802 17 9802 884425 26061925 17 1428850 17 17 9802 12325 17 9802 9802 17 170 17 17 17 1889849 17 48674 9802 9802 17 17 
1258 1258 2570 1258 1258 20644885 1258 51077 51077 1570 110245 370 1258 1258 51077 1258 1258 1570 1258 1258 1258 1258 51077 51077 51077 51077 5185 1258 58325 1258 1258 1258 51077 2917265 1570 370 51077 5185 1258 1258 1258 1258 2570 51077 5185 1258 1258 1258 51077 51077 1258 1258 51077 51077 51077 46085 186267905 30634 51077 1258 1570 1258 1258 1258 1570 51077 1258 51077 51077 1258 51077 1258 5005450 1570 1258 1258 46085 1258 1258 58325 1258 5185 51077 1258 370 51077 1258 51077 51077 51077 1258 1258 1031050 1258 1258 1258 1258 1258 58325 46085 1258 58325 1258 51077 1258 1570 1258 1258 1258 30634 2570 51077 903170 1258 1258 1258 1258 1258 51077 1258 51077 1570 1258 1258 46085 51077 1258 51077 51077 1258 1258 5185 51077 46085 1570 5185 58325 1570 1258 1258 1258 51077 58325 1258 186267905 1258 1258 1258 1258 1258 1258 1258 1258 51077 1570 1258 51077 1258 51077 51077 1258 1258 1258 51077 1258 58325 1258 1258 51077 1570 51077 5185 51077 1258 1258 51077 370 1258 1010 51077 1570 1258 51077 46085 46085 1258 46085 51077 5185 1258 1258 1258 1570 1258 51077 1258 46085 51077 51077 46085 1258 370 51077 1258 1570 2917265 51077 83916925 1258 1570 11803445 51077 51077 58325 1258 51077 1258 51077 51077 1258 1258 1570 51077 1010 370 1258 46085 51077 51077 186267905 1258 1258 1258 5185 370 110245 1258 5185 2917265 58325 1570 51077 51077 51077 2570 11803445 1258 3802501 51077 51077 370 1258 51077 51077 1010 51077 1258 51077 51077 1258 51077 1258 1258 1258 1570 1258 1258 30634 51077 46085 51077 1258 1570 58325 1258 3736394 51077 1258 1258 370 1258 51077 51077 1258 185 1258 1258 3736394 51077 1258 51077 30634 5185 1570 51077 51077 2917265 1570 1258 11803445 1258 1258 1258 1258 58325 1258 1258 2570 1258 1258 51077 51077 51077 51077 2570 51077 1258 51077 1258 1258 1258 1570 370 1258 1258 51077 1570 51077 1258 1258 1570 1258 1258 1067225 1258 51077 51077 51077 1258 51077 1258 2570 1258 169618265 1258 14945125 51077 1258 1258 58325 5185 1010 110245 51077 1570 51077 1258 1258 51077 1258 1570 51077 1258 5185 1258 51077 1010 51077 2917265 51077 51077 1258 5185 51077 30634 1258 1570 1258 1258 51077 51077 51077 1258 51077 1258 1258 275570 22474 5185 1258 51077 51077 1258 1258 110245 51077 5185 51077 1258 51077 1258 5185 51077 51077 51077 1258 1258 51077 51077 1258 1258 1258 1570 51077 51077 1570 1258 110245 1258 1258 2570 5185 51077 51077 1258 1258 46085 370 5185 1258 51077 2917265 1258 51077 51077 1570 
5185 1258 5185 5185 51077 51077 1258 5185 1258 1576250 51077 5185 5185 5185 51077 51077 382058 5185 1258 5185 1258 1258 370 51077 1258 5185 5185 370 1258 1258 5185 5185 51077 370 255385 5185 89725 5185 1258 1258 5185 370 1258 5185 1258 1258 3889625 1258 1258 370 1258 5185 5185 17170 1258 1258 255385 1258 51077 1258 1258 1258 381925 51077 1465474 5185 51077 1258 1258 58325 58325 51077 58325 1258 1258 1258 1258 1258 1258 5185 5185 1258 1258 58325 1258 1258 1258 1258 5185 5185 1258 58325 5185 5185 58325 5185 370 2917265 58325 5185 5185 1258 5185 1258 1258 1258 1258 1258 1576250 5185 1258 370 5185 1258 58325 255385 381925 1258 1258 1258 5005450 51077 1258 5185 1258 95225 51077 1258 1258 370 2917265 5185 1258 5185 1752194 255385 255385 1258 2917265 5185 5185 95225 1258 1258 370 51077 1258 52955170 1258 5185 1258 51077 5185 1258 1258 95225 51077 1258 51077 5185 5185 51077 5185 5185 58325 51077 5185 1258 30634 1258 1258 1258 1258 5185 89725 51077 1258 51077 2917265 5185 51077 30634 1258 1258 1258 1258 51077 30634 1258 5185 1258 1465474 51077 1258 2917265 1258 381925 1258 5185 2917265 1258 5185 58325 1258 1258 5185 30634 5185 370 5185 51077 381925 5185 5185 1258 51077 1258 5185 5185 89725 1258 1258 51077 1258 1258 1258 5185 1258 1258 1258 5185 1258 14326325 5185 1258 5185 5185 58325 765034 5005450 1258 4631105 1258 58325 1465474 1258 835250 1258 51077 166685 1258 1258 339874594 1258 1258 58325 51077 51077 1258 51077 5185 5185 51077 51077 370 51077 1258 5185 51077 1258 1258 30634 51077 1258 5005450 5185 1258 1258 1258 1258 1258 95225 255385 1258 5185 1258 5185 95225 51077 1258 1258 255385 5185 1258 1258 5185 2917265 5185 51077 51077 4631105 255385 1258 1258 2917265 5185 5185 1576250 1258 1258 1258 5185 5185 4900505 51077 89725 1258 1258 1258 1258 1258 4631105 1258 51077 5185 1258 1258 5185 5185 1258 1258 1258 255385 370 58325 5185 1258 1258 1258 51077 58325 1258 58325 871202 5185 107650 370 1258 5185 1258 5185 1258 1258 5185 5185 5185 1258 5185 5185 5185 95225 1258 58325 1258 51077 2917265 1258 1258 1258 51077 1258 51077 1258 5185 58325 1258 370 1258 1258 5185 1258 51077 255385 89725 51077 5185 1258 370 5185 51077 95225 255385 1258 1258 1258 89725 1258 51077 1258 1258 95225 381925 1258 1258 1258 5185 1258 1258 1258 1258 5185 1258 1258 5185 5185 1258 1258 58325 871202 1258 5185 8641625 8005 1258 1258 51077 1258 51077 13219385 1258 255385 5185 1258 51077 1258 5185 5185 1258 
2425 72901 876097 3925 72901 4369 2425 72901 202 72901 72901 2425 72901 2185625 202 463114 72901 4369 4369 2425 184901 3925 3737 2425 72901 4369 72901 4369 72901 72901 2185625 4369 2425 72901 2425 2425 2425 4369 3925 3925 463114 72901 110245 2425 110245 4369 2425 72901 2425 142885 213265 72901 72901 184901 4369 3925 2425 3925 72901 2425 72901 3925 4369 72901 463114 72901 2425 2425 72901 4369 3925 3925 72901 463114 202 876097 2425 72901 4369 176290 1664650 142885 202 3737 110245 202 2185625 202 72901 184901 142885 72901 72901 202 3925 72901 4369 72901 4369 3925 72901 72901 72901 3737 2425 184901 8585 72901 2425 202 184901 4369 2425 2425 72901 2425 2425 2425 2425 4369 2185625 3925 4369 2425 72901 72901 72901 3925 184901 8585 3925 72901 142885 876097 3925 3737 72901 202 2425 2425 2425 2425 3925 72901 72901 876097 2425 72901 2425 72901 3925 72901 72901 184901 72901 3925 72901 4369 72901 72901 2425 72901 72901 110245 2425 3925 4369 876097 3925 17 2425 8585 3925 4369 63845002 72901 72901 876097 72901 202 2425 2425 72901 810485 184901 3925 142885 2425 202 3737 72901 72901 2425 2185625 4369 2425 72901 72901 142885 3925 2425 4369 2425 202 3925 463114 2425 4369 3925 876097 4369 876097 4369 72901 142885 2425 72901 202 3925 4369 72901 4369 3925 72901 72901 34 4369 202 72901 4369 202 2425 202 72901 2425 2425 4369 4251845 142885 202 202 876097 142885 2425 72901 72901 2425 72901 2425 2425 4369 184901 110245 2425 2425 72901 24050 72901 202 463114 72901 3925 176290 72901 142885 72901 3925 2425 876097 2425 72901 72901 142885 3925 2425 2425 4369 876097 110245 4369 72901 3925 184901 4369 72901 72901 2425 72901 51914 202 2425 184901 2425 72901 3925 3925 72901 72901 4369 2425 3925 876097 4369 142885 2425 4369 1664650 3925 2425 3925 2425 184901 72901 202 72901 2425 110245 3925 2425 72901 184901 3925 2425 3925 3925 72901 72901 2425 29045 72901 72901 2425 79868465 2425 72901 72901 72901 3925 142885 72901 72901 72901 77936245 4369 463114 3925 72901 4369 72901 463114 2425 2425 3925 184901 72901 3925 2425 72901 72901 2425 142885 72901 2425 3925 142885 3737 142885 72901 2425 2425 72901 2425 3925 4369 72901 463114 72901 72901 2205002 72901 2425 3925 110245 72901 4369 2425 72901 72901 2425 2425 2425 142885 202 202 72901 2425 110245 72901 3925 110245 4369 3925 72901 72901 2425 72901 110245 72901 3925 72901 3925 72901 72901 463114 2425 72901 4369 2425 876097 876097 2425 876097 4369 876097 4369 2425 72901 4755530 72901 72901 72901 3737 72901 72901 3737 72901 72901 202 2425 3925 463114 463114 184901 72901 184901 2425 876097 2425 4369 72901 2425 2425 876097 202 2425 3925 72901 4369 4369 142885 2425 4369 2425 72901 202 2425 202 4369 72901 
3411274 4369 6290 10405 4369 4369 8005 6290 4369 34 34 4369 4369 34 4369 239434 34 34 34 10405 5326865 4369 4369 10405 6290 34 312505 34 34 10405 6290 10405 1089010 10405 15317 34 4369 34 4369 34 10405 4369 4369 34 34 15317 10405 34 10405 10405 34 34 10405 10405 316850 121685 34 34 4369 1089010 34 10405 4369 4369 34 4369 4369 34 10405 102154 15317 34 10405 34 8005 15317 34 10405 239434 34 10405 34 10405 34 10405 6290 34 4369 6290 34 34 34 4369 34 34 15317 239434 4369 4369 729625 15317 34 10405 276770 4369 4369 4369 34 10405 8304517 10405 239434 1624505 6290 15317 4369 34 29512834 34 34 15317 34 10405 239434 3031865 34 34 34 10405 34 34 10405 4369 15317 34 34 34 4369 239434 34 15317 34 15317 34 10405 3031865 4369 34 15317 34 10405 15317 10405 34 34 34 15317 15317 3031865 10405 15317 4369 34 10405 4369 15317 34 10405 10405 15317 15317 34 10405 10405 102154 15317 1089010 276770 10405 34 312505 15317 15317 34 4369 10405 34 4369 276770 4369 10405 34 6290 10405 10405 34 34 34 4369 34 15317 312505 34 8304517 10405 10405 15317 34 15317 
10405 17 10405 4369 45002 45002 34 45002 17 4369 112897 102154 45002 34 45002 17 34 10405 61217 15317 45002 61217 45002 261994 45002 10405 10405 45002 10405 102154 4369 17 15317 720002 10405 10405 45002 34 45002 45002 45002 45002 10405 45002 45002 45002 45002 45002 10405 679225 45002 10405 61217 45002 45002 34 720002 45002 10405 45002 170017 4369 10405 679225 10405 27111269 10405 45002 10405 720002 61217 15317 17 4369 45002 45002 17 4369 112897 15317 10405 10405 15317 720002 45002 10405 61217 45002 45002 45002 15317 34 112897 45002 34 112897 15317 679225 10405 61217 61217 61217 10405 720002 45002 34 17 45002 15317 45002 15317 45002 15317 45002 4369 15317 61217 45002 4369 61217 34 15317 45002 170017 61217 4369 679225 15317 45002 45002 15317 45002 15317 45002 15317 45002 15317 61217 10405 61217 34 34 17 45002 45002 15317 34 10405 112897 45002 45002 15317 679225 4369 45002 10405 34 45002 10405 45002 45002 10405 61217 679225 10405 17 45002 10405 45002 4369 10405 10405 17 45002 45002 10405 45002 15317 45002 112897 10405 15317 15317 102154 10405 10405 679225 45002 10405 61217 45002 36942085 10405 45002 767377 61217 102154 679225 45002 15317 261994 10405 15317 15317 4369 112897 45002 34 15317 10405 10405 34 45002 17 45002 61217 34 45002 34 9168970 45002 10405 45002 15317 45002 4369 10405 45002 15317 34 34 10405 4369 333329 45002 45002 4369 112897 61217 10405 15317 1022125 61217 4369 15317 261994 34 170017 720002 45002 45002 61217 10405 45002 112897 10405 720002 45002 4369 10405 4369 112897 261994 261994 10405 34 10405 10405 1812445 17 720002 15317 61217 112897 10405 121685 102154 170017 10405 261994 17 679225 112897 15317 17 510770 17 679225 4369 45002 10405 720002 10405 15317 441010 45002 4369 261994 45002 45002 170017 45002 10405 17 15317 112897 15317 10405 10405 10405 720002 45002 679225 10405 15317 34 45002 45002 17 10405 27111269 15317 10405 45002 10405 17 10405 112897 45002 45002 15317 679225 61217 45002 102154 45002 441010 15317 15317 10405 45002 15317 45002 17 10405 5957905 45002 112897 45002 720002 17 10405 720002 45002 2570 15317 121685 10405 45002 45002 45002 10405 720002 45002 45002 10405 112897 4369 61217 15317 9168970 45002 10405 10405 17 7623317 45002 15317 61217 10405 10405 45002 10405 34 34 112897 10405 102154 10405 2212405 4369 125445170 45002 15317 4369 17 10405 15317 4369 45002 17 17 17 45002 679225 10405 45002 15317 10405 45002 102154 15317 45002 34 10405 45002 45002 45002 34 10405 112897 15317 17 6708101 34 61217 10405 10405 10405 679225 10405 45002 10405 45002 
46085 46085 309137 1570 46085 46085 157625 1570 51077 46085 4401605 46085 46085 51077 46085 46085 46085 46085 46085 1570 46085 49010 15716585 51077 46085 157625 49010 157625 46085 46085 51077 46085 1258 157625 49010 275570 51077 51077 46085 51077 110245 46085 51077 51077 51077 157625 46085 51077 51077 157625 46085 96215330 46085 51077 51077 970 46085 309137 157625 157625 157625 51077 46085 46085 46085 51077 49010 49010 157625 10 51077 157625 259366229 46085 46085 51077 51077 49010 46085 46085 102154 51077 46085 49010 51077 51077 157625 46085 309137 157625 1570 51077 46085 2570 51077 51077 46085 46085 1570 1570 51077 157625 1069085 46085 51077 157625 51077 1010 51077 51077 46085 309137 46085 46085 51077 309137 51077 46085 46085 1258 49010 46085 157625 49010 46085 46085 309137 51077 1570 51077 46085 46085 46085 157625 46085 1258 46085 1570 51077 51077 1570 46085 1258 46085 157625 49010 970 157625 51077 46085 49010 1258 1570 49010 46085 46085 157625 1570 1258 46085 46085 51077 51077 1258 46085 46085 51077 51077 51077 46085 157625 46085 51077 1570 46085 29290 46085 46085 22474 157625 46085 46085 102154 51077 46085 49010 46085 46085 10 157625 10 157625 49010 46085 46085 51077 1258 46085 157625 10 51077 
46085 46085 46085 4850 1570 49010 51077 102154 51077 49010 46085 46085 1570 46085 49010 1570 46085 46085 1570 1802 46085 4401605 1570 49010 51077 51077 4850 46085 102154 1570 4401605 51077 46085 1570 51077 49010 51077 51077 46085 51077 46085 51077 4850 46085 1258 46085 46085 10 1258 46085 46085 1802 51077 1570 51077 46085 46085 49010 51077 46085 46085 46085 49010 46085 46085 46085 51077 51077 51077 46085 5834825 46085 46085 24502501 51077 4850 110245 51077 1010 51077 46085 49010 51077 2570 46085 46085 46085 1258 49010 17288965 46085 46085 51077 46085 2570 46085 49010 10 1802 654985 51077 1570 51077 46085 46085 49010 10 46085 49010 46085 49010 51077 1570 51077 46085 49010 7527530 102154 4850 46085 102154 51077 49010 46085 51077 46085 51077 800005 46085 49010 46085 51077 46085 51077 46085 49010 51077 46085 49010 51077 4850 51077 4850 46085 51077 4850 815813 1570 46085 1258 46085 2570 1069085 46085 46085 46085 49010 51077 46085 538645 46085 46085 49010 4850 49010 1258 51077 46085 51077 1258 1570 49010 1010 46085 1570 49010 46085 49010 51077 49010 4850 51077 46085 4850 51077 51077 51077 1010 49010 51077 51077 46085 1010 1570 51077 46085 1010 46085 46085 14945125 49010 46085 110245 51077 46085 51077 46085 1010 46085 1258 51077 10 10 49010 49010 46085 51077 51077 46085 46085 49010 51077 51077 46085 654985 51077 654985 46085 1258 110245 46085 51077 49010 51077 1258 49010 51077 51077 4850 2570 51077 1258 51077 4850 51077 49010 1258 4850 51077 51077 51077 51077 220505 46085 46085 46085 4850 51077 1258 46085 46085 51077 46085 1570 51077 46085 49010 1570 46085 22474 51077 51077 4850 51077 46085 46085 51077 51077 46085 51077 46085 49010 51077 51077 49010 46085 51077 22474 46085 46085 46085 49010 1570 46085 46085 4850 49010 49010 4850 35356985 51077 1258 46085 49010 46085 51077 220505 46085 1570 46085 46085 51077 1069085 5834825 46085 46085 46085 51077 51077 49010 46085 51077 46085 51077 46085 2570 51077 46085 1258 49010 2570 51077 46085 1570 102154 46085 49010 1570 46085 46085 4850 1570 51077 49010 46085 51077 1570 46085 1570 51077 51077 51077 1258 4850 110245 46085 46085 46085 46085 51077 51077 49010 51077 4850 
72901 2425 463114 72901 4369 2425 202 2425 213265 72901 142885 184901 202 202 72901 184901 4369 4369 2425 2425 202 72901 876097 876097 72901 72901 4369 72901 72901 2425 3925 3737 4369 4369 3925 110245 2425 110245 4369 142885 2425 202 72901 202 2425 2425 3925 110245 2425 142885 72901 95090 3925 2425 2425 72901 72901 202 72901 202 2425 202 72901 202 202 4369 51914 2425 142885 110245 34 3925 72901 3925 463114 2425 202 202 72901 2425 2425 2425 72901 72901 142885 4369 2425 4369 2425 3925 2425 3925 4369 202 3925 17070010 72901 184901 3737 72901 2425 3925 2425 3925 2425 2425 2425 3925 72901 2425 463114 3737 202 2425 202 4369 463114 72901 202 72901 3925 876097 3737 3925 4369 110245 2425 3925 110245 72901 202 3737 4369 3925 876097 72901 72901 3925 110245 4369 463114 2425 3925 463114 8585 2425 4369 2425 72901 110245 72901 2425 72901 4369 30448325 72901 876097 4369 2425 72901 2425 72901 202 72901 72901 176290 202 72901 72901 2425 184901 3925 2425 3925 110245 184901 202 1923545 876097 72901 150598325 4369 7850 3925 184901 72901 172682530 4369 72901 2425 72901 72901 4369 72901 202 72901 463114 142885 21365345 72901 876097 3925 72901 2425 4369 72901 2425 202 463114 2425 110245 110245 2425 3925 72901 2425 39865465 142885 3925 72901 4369 142885 2425 202 2425 3925 72901 72901 2425 202 3925 2425 514 3925 2425 463114 202 184901 72901 184901 72901 3925 3925 3737 110245 72901 2425 876097 72901 463114 876097 3925 29115530 649802 2425 4369 72901 72901 2425 72901 2425 72901 2425 2425 72901 4369 2425 4369 3536425 4369 110245 3925 72901 2425 72901 3925 4369 3925 72901 2425 4369 4369 2425 4369 2425 72901 4369 3925 202 72901 72901 110245 3925 72901 2425 72901 876097 4369 202 4369 3925 2425 2425 72901 72901 72901 72901 2425 72901 72901 3925 876097 72901 72901 2425 4369 1570 3925 4369 72901 72901 142885 4369 4369 72901 72901 2425 2425 72901 202 3434 184901 4369 3925 72901 110245 2425 72901 142885 72901 3925 142885 2425 2425 4369 184901 2425 184901 4802045 72901 300050 4369 4369 3925 2425 2425 72901 72901 72901 3925 463114 2425 72901 2425 72901 1664650 2205002 184901 72901 7106450 3925 72901 2425 3925 4369 2425 2425 810485 72901 3925 8585 72901 2425 202 72901 3925 72901 4369 2425 463114 72901 202 3925 202 2425 72901 72901 110245 2425 2425 1358450 8585 2425 72901 184901 4369 142885 4369 3737 202 202 72901 202 72901 2425 72901 72901 202 72901 202 184901 3925 72901 72901 3925 72901 72901 202 142885 2425 4369 463114 72901 4369 72901 3925 184901 3925 3925 2425 3925 72901 4369 202 72901 3925 3925 4369 110245 72901 4369 72901 2425 72901 3925 3925 3925 72901 4369 1664650 463114 72901 79868465 72901 2425 2425 2425 4369 72901 110245 3925 142885 4369 1664650 72901 72901 184901 2425 202 3925 4369 202 8585 72901 72901 72901 72901 2425 202 876097 202 184901 72901 72901 72901 2425 72901 72901 72901 2425 142885 4369 2425 3925 184901 2425 2425 72901 2425 202 202 876097 110245 3925 72901 2425 876097 2425 4369 72901 202 2425 3925 8585 2425 184901 2425 3925 3925 3925 2425 3925 72901 2425 4369 3925 2425 72901 2425 72901 142885 2425 3925 72901 72901 3925 4369 3925 202 
29045 29045 29045 10405 2425 10405 110245 3737 72901 10405 202 10405 170 10405 72901 29045 72901 72901 459850 10405 2425 202 29045 29045 3737 3396125 29045 202 29045 2425 3249010 110245 4850 72901 463114 10405 10405 10405 72901 72901 29045 29045 104050 29045 10405 10405 29045 202 2425 463114 72901 29045 10405 29045 10405 459850 10405 10405 176290 72901 202 72901 170 459850 3737 72901 29045 176290 459850 10405 72901 459850 110245 29045 29045 72901 29045 72901 714425 2425 10405 8738 29045 29045 29045 110245 29045 29045 10405 29045 2185625 29045 29045 29045 2425 29045 459850 29045 202 10405 170 29045 170 72901 29045 176290 202 29045 10405 2425 29045 463114 170 10405 29045 29045 10405 29045 29045 29045 29045 273205 202 29045 29045 2425 4850 72901 29045 459850 3737 2425 176290 4251845 10405 10405 10405 202 29045 10405 72901 29045 29045 1174898 202 10405 202 17070010 2425 110245 170 273205 10405 463114 29045 202 459850 459850 2425 29045 2425 10405 72901 2425 3638050 170 29045 202 10405 202 202 29045 10405 463114 72901 714425 7605002 51914 110245 459850 202 29045 459850 10405 459850 29045 29045 2425 29045 29045 10405 29045 29045 1919249 2425 72901 2425 29045 72901 29045 2425 29045 202 2425 110245 10405 10405 170 10405 10405 170 29045 10405 176290 29045 2425 10405 2425 202 110245 29045 72901 10405 29045 202 202 714425 10405 29045 72901 170 202 202 29045 463114 273205 202 29045 170 29045 10405 110245 463114 72901 72901 2425 10405 463114 29045 29045 29045 4850 29045 202 202 463114 29045 72901 10405 72901 29045 29045 29045 10405 4850 29045 29045 3723850 202 29045 10405 29045 72901 10405 10405 29045 29045 29045 29045 463114 72901 10405 459850 29045 29045 273205 10405 10405 29045 72901 29045 202 170 2425 29045 2425 110245 10405 110245 273205 202 10730 202 4755530 170 29045 29045 202 29045 202 2425 29045 29045 2425 29045 29045 29045 202 29045 3737 72901 2425 72901 2425 2425 72901 4850 3197105 10405 170 202 72901 176290 10405 463114 29045 459850 10405 4850 29045 29045 29045 110245 202 29045 463114 10405 110245 202 202 72901 10405 10405 29045 10405 10405 302788405 110245 29045 29045 51914 10405 29045 2425 202 10405 72901 1919249 29045 110245 2425 170 202 202 29045 29045 202 72901 202 29045 10405 110245 10405 29045 29045 2425 202 10405 202 463114 463114 463114 29045 51914 10405 51914 459850 29045 170 72901 29045 29045 4850 72901 29045 29045 463114 170 29045 29045 463114 72901 29045 72901 734474 202 2425 29045 202 10405 10730 29045 459850 29045 2425 459850 72901 10405 29045 51914 72901 
202 16825 2425 74 2425 74 101 74 16825 74 101 74 74 202 74 202 363701 74 74 74 6843890 74 456977 74 2425 74 101 9223730 16193809 202 74 101 27889745 10730 74 101 74 74 101 74 16825 101 74 74 101 74 74 74 101 16825 74 101 2425 101 363701 4357 26293865 74 101 2425 74 74 202 74 202 101 74 74 4761010 202 2425 202 74 16825 101 74 202 16825 74 74 101 74 74 74 370 74 2425 74 74 8245 202 74 363701 74 74 202 74 16825 101 74 101 1368778 202 74 2425 74 74 202 74 456977 202 202 74 74 74 101 456977 74 16825 74 74 74 101 74 202 101 74 456977 74 74 2999825 2425 16825 74 16825 202 202 8245 74 74 74 382058 74 16825 74 74 101 74 59200370 74 101 16825 74 74 74 101 74 363701 101 74 31754 2425 74 1018145 74 74 456977 785 363701 26293865 16825 101 74 74 202 202 16825 74 202 101 74 26293865 202 456977 8245 74 16825 16825 16825 16825 16825 74 2425 74 16825 456977 101 101 74 74 74 74 363701 363701 363701 16825 101 74 202 74 74 370 74 74 101 74 74 101 74 382058 74 456977 2425 74 456977 101 4357 4369 16825 74 101 74 456977 74 74 101 74 202 8245 2342345 74 370 74 74 16193809 74 8245 74 16825 202 74 74 74 456977 74 456977 202 26293865 202 74 2720017 456977 202 4357 202 101 370 202 16825 8245 16825 
74 3396125 74 74 74 2425 10730 101 8245 101 101 101 74 6352450 202 74 74 74 74 74 74 370 202 980101 101 101 101 31754 74 91536805 190450 74 74 190450 202 74 2425 363701 74 74 1018145 74 202 2425 74 101 785 74 456977 74 101 190450 456977 456977 101 28752025 74 101 74 74 190450 101 74 74 202 101 74 74 820364165 74 190450 74 74 101 74 456977 74 10730 74 456977 74 202 74 190450 2425 74 74 101 74 74 101 74 2425 74 74 74 101 1018145 38725 74 2425 202 74 101 74 456977 101 202 456977 74 8245 74 202 101 74 202 74 74 74 74 74 74 74 74 3396125 202 101 74 74 74 202 202 202 74 101 74 363701 74 74 101 74 74 74 101 74 74 74 74 456977 2425 202 101 101 74 74 74 101 202 74 2425 101 101 74 202 74 74 74 74 74 8245 74 74 74 8245 74 190450 101 202 74 74 202 202 74 2425 101 74 363701 785 74 190450 74 74 74 74 74 31754 101 456977 101 74 370 74 74 101 74 101 785 74 202 74 74 74 202 202 363701 202 1018145 74 202 74 74 101 74 74 74 101 74 202 2425 101 8245 74 34 74 74 180505 202 74 101 2425 74 74 74 456977 74 74 74 101 190450 74 74 202 74 74 101 1018145 1018145 74 10730 74 74 74 74 74 74 456977 74 2425 74 74 74 74 74 74 2425 456977 74 74 2672930 202 202 74 202 456977 74 101 1018145 74 74 74 101 74 74 101 8245 74 74 74 456977 74 101 74 202 190450 74 8245 101 74 74 202 101 74 202 101 101 74 74 74 456977 101 74 74 74 74 2425 8245 785 74 202 1018145 456977 2425 101 74 202 1368778 2425 74 202 101 305065 2425 202 456977 74 74 74 1018145 101 74 74 456977 456977 101 74 202 202 74 74 101 74 74 202 74 74 74 101 74 31754 101 101 74 190450 74 74 74 74 74 190450 74 101 202 190450 190450 74 101 74 74 74 74 74 74 74 363701 101 74 101 101 1746485 74 74 74 74 456977 785 74 74 31222837 190450 74 363701 202 74 74 10730 456977 317645 456977 74 456977 363701 101 74 101 101 74 202 101 74 8245 202 101 74 74 74 101 202 202 74 74 74 74 74 74 74 74 101 202 363701 74 202 74 74 74 74 74 74 190450 74 74 190450 74 74 8245 101 74 74 74 190450 74 202 74 101 
74 74 202 202 101 101 10370 485 120250 7897465 15079850 10370 101 485 202 202 101 101 101 202 202 10370 101 485 101 101 74 485 5797493 202 101 501265 101 101 202 485 202 2425 485 10370 10370 485 10370 8245 74 2125765 74 74 202 202 10370 202 101 101 74 10370 181337 485 74 485 485 10370 202 10370 101 101 485 74 2425 485 74 202 101 181337 74 10370 10370 202 10370 74 485 2125765 2425 101 10370 202 74 101 10370 10370 2125765 10370 101 485 485 10370 202 485 10370 101 39427202 101 1227434 74 101 485 202 485 101 485 202 10370 1227434 485 10370 10370 202 8245 202 485 501265 101 202 485 4162685 10370 202 2125765 485 101 2281250 8245 10370 485 2876417 485 10370 10370 2425 485 202 202 101 101 8245 2425 101 101 74 501265 485 8245 101 202 101 2876417 202 74 10370 101 10370 120250 10370 202 485 202 101 485 8245 181337 101 101 10370 19423765 485 202 202 101 202 10370 74 74 10370 101 4162685 101 101 202 485 2125765 10370 181337 101 120250 101 485 74 74 181337 485 101 101 150798401 10370 485 101 10370 202 120250 101 74 101 74 74 202 101 101 450290 10370 10370 8453945 10370 10370 101 2125765 10370 485 101 485 120250 2876417 10370 1685450 485 485 485 501265 101 74 181337 101 485 485 10370 181337 202 120250 485 485 546410 2876417 115304645 485 485 2125765 2425 101 74 181337 120250 485 202 485 485 101 10370 101 101 14257802 74 101 1227434 202 485 10370 485 101 101 101 120250 101 485 202 10370 2125765 10370 101 485 485 202 101 101 181337 74 10370 101 74 202 181337 485 101 120250 10370 101 202 485 202 10370 74 101 101 10370 101 101 10370 10370 202 10370 501265 10370 101 2125765 181337 10370 2125765 2281250 74 101 8425625 501265 101 101 101 120250 202 202 101 120250 2125765 485 485 101 485 8245 10370 10370 8245 120250 101 101 101 101 2876417 202 202 485 202 120250 8245 1227434 120250 2281250 10370 485 202 485 101 8245 101 101 10370 101 456977 74 202 10370 10370 10370 485 101 1227434 2281250 101 1227434 101 485 8245 101 485 120250 202 181337 485 2125765 485 101 10370 74 485 101 501265 74 4162685 202 10370 74 202 8245 101 10370 485 101 101 2125765 485 101 101 202 456977 2281250 202 485 1227434 101 181337 101 101 101 2125765 101 74 74 202 10370 101 101 10370 101 101 101 485 101 10370 101 485 2281250 
170 170 170 170 170 170 170 170 170 45002 170 45002 170 170 170 45002 170 170 170 170 1050905 170 170 170 45002 11289601 170 170 170 45002 72590401 170 170 170 12221570 170 59170 170 170 170 122434 122434 61217 170 170 122434 170 170 170 170 45002 45002 170 170 170 170 170 170 170 170 170 170 170 40269125 170 170 170 170 122434 679225 170 61217 170 170 45002 170 61217 61217 8140885 45002 170 170 170 170 170 170 170 1050905 170 170 45002 170 170 170 122434 170 170 170 170 170 170 170 61217 170 170 170 170 170 45002 170 170 122434 112897 170 59170 170 170 170 45002 170 170 170 170 170 170 170 112897 170 170 122434 170 170 170 170 170 170 45002 170 112897 170 61217 170 45002 61217 170 45002 170 170 170 170 59170 170 170 170 7623317 12136825 112897 170 170 170 170 170 170 45002 170 170 170 170 170 170 170 170 170 170 170 170 170 61217 170 45002 170 45002 45002 170 170 
4850 10405 15317 10405 15317 29045 4369 29045 15317 10405 10405 10405 10405 714425 10405 29045 4369 29045 10405 10405 15317 10405 10405 29045 15317 12023845 294297925 4369 4369 10405 10405 10405 29045 10405 22147645 4369 10405 15317 29045 10405 10405 29045 10405 29045 4369 10405 10405 29045 4584485 102154 10405 10405 10405 10405 29045 71978 10405 4369 15317 10405 29045 10405 15317 10405 10405 10405 10405 29045 10405 459850 4369 10405 10405 10405 4369 29045 10405 15317 10405 15317 10405 10405 29045 71978 4369 71978 10405 1116050 170 29045 10405 4369 10405 10405 10405 10405 10405 15317 10405 239434 4369 29045 10405 10405 10405 10405 22147645 10405 15317 239434 29045 10405 10405 10405 29045 4850 29045 4369 10405 29045 10370 4850 10405 15317 4369 10405 10405 4369 10405 10405 4369 10405 15317 4850 4369 10405 10405 102154 29045 4369 10405 10405 15317 10405 10405 10405 10405 4369 10405 10405 29045 464290 714425 459850 4369 4369 170 170 10405 10405 29045 714425 29045 10405 4369 10405 10405 10405 10405 15317 15317 10405 10405 10405 7022450 29045 10405 10405 10405 8304517 10405 10405 276770 10405 18218050 4850 10405 15317 4369 15317 29045 10405 970 464290 10405 10405 29045 239434 10405 10405 10405 4369 10405 10405 10405 276770 15317 10405 4369 29045 10405 239434 486725 1919249 4369 10405 10405 10405 10405 15317 10405 714425 4369 4850 10405 239434 4369 10405 29045 7911229 29045 29045 10405 10405 10405 10405 10405 29045 10405 10405 10405 29045 239434 4850 29045 10405 10405 29045 29045 15317 10405 1919249 15317 10405 15317 10405 10405 15317 15317 4369 10405 29045 15317 10405 10405 10405 10405 170 170 10405 15317 10405 10405 4369 10405 10405 4369 10405 10405 29045 10405 10405 15317 10405 10405 15317 29045 29045 10405 170 10405 10405 29045 10405 29045 8738 10405 10405 10405 15317 10405 239434 10405 10405 10405 10405 4850 10405 4369 10405 15317 3207154 239434 10405 4369 29045 29045 29045 239434 15317 15317 10405 15317 10405 10405 4369 4369 10405 4369 10405 714425 15317 10405 15317 10405 10405 10405 10405 10405 10405 10405 10405 10405 15317 29045 10405 10405 10405 4369 29045 15317 10405 170 10405 136488370 15317 10405 10405 10405 10405 10405 104050 10405 29045 4369 10405 104050 10405 10405 4369 29045 370 10405 10405 29045 102154 239434 4369 10405 29045 10405 10405 10405 4369 10405 10405 10405 10405 4369 4369 81044837 10405 10405 10405 170 10405 29045 10405 10405 239434 4369 22147645 29045 15317 10405 29045 102154 10405 15317 10405 10405 10405 29045 
51077 1258 51077 51077 1258 46085 51077 51077 1258 1258 51077 1258 1258 51077 58325 1258 1258 1258 30634 1258 1258 51077 51077 1258 1258 370 370 1258 2570 51077 1258 51077 30634 1258 370 1258 1570 51077 51077 51077 1258 1258 51077 51077 1258 1570 51077 1258 1258 1258 10405 51077 1258 1258 51077 51077 51077 51077 1258 1258 51077 1258 1258 1258 1010 1258 1258 58325 51077 1570 55114 58325 1258 1258 1258 186267905 1258 51077 1258 370 1258 51077 1258 51077 83916925 1570 1258 1258 51077 1570 46085 1258 1258 51077 51077 1258 1570 1258 51077 1258 51077 1570 1258 51077 1258 1570 1258 46085 51077 1258 29045 46085 1258 46085 1258 29045 1258 2917265 1570 1258 1258 51077 1570 1258 1258 58325 1258 58325 370 11803445 51077 51077 51077 2570 1258 1258 5005450 1258 10405 51077 1258 338130325 58325 1258 1258 1258 51077 51077 1258 51077 51077 1570 1258 29045 1258 51077 51077 51077 1570 1258 1570 51077 903170 1258 51077 29045 1258 1258 370 1570 58325 51077 1258 1258 51077 51077 
1258 5185 1258 381925 51077 5185 1258 5185 51077 1258 882325 5185 1258 1170325 370 1258 5410 1258 835250 1258 5410 5410 1258 5410 95225 1258 1258 5185 5185 1258 381925 51077 1258 5185 1258 1258 1258 199714 882325 1258 1258 1258 5185 95225 1258 5185 5185 1258 1258 370 1258 1601 5410 5185 370 381925 1258 5185 95225 51077 5185 5185 1258 1258 5185 5185 882325 51077 1047370 1258 58325 5185 5185 1601 1258 882325 1258 51077 1258 1258 903170 5005450 1601 58325 1258 2917265 1258 835250 51077 5185 1258 1258 5185 5185 5185 1258 381925 5185 5185 1258 89725 95225 1258 51077 381925 1258 1258 1258 903170 1258 5185 5185 1258 1258 1170325 5185 5185 381925 1258 5185 1258 1258 5185 1258 5185 882325 5185 1258 1258 5185 370 1258 882325 1258 5185 1258 79385 51077 5185 1258 1258 5185 370 58325 1258 51077 1258 5185 58325 5185 5185 3889625 95225 882325 5410 1258 1258 1258 5185 5185 5185 1258 58325 1258 1258 1258 95225 1258 5185 51077 5185 51077 1258 5185 5185 1258 51077 5185 30634 5410 882325 2917265 51077 1743625 5185 1258 1465474 381925 408850 1258 1258 1258 51077 5410 95225 903170 51077 1258 5185 51077 58325 1258 5185 5185 1258 5185 51077 51077 95225 5410 1258 1258 166685 5185 1258 5410 1258 1258 5185 5005450 5185 5185 1258 1258 1258 1258 1258 1258 1258 5185 5185 1601 5185 5185 1258 
51077 1258 1258 20072450 1258 11803445 1258 1258 679730 1258 51077 51077 51077 1258 1258 51077 5185 2917265 51077 46085 22474 51077 51077 1258 5185 185 51077 5185 51077 30634 1258 1570 903170 679730 51077 1258 1258 30634 110245 58325 1258 46085 5185 51077 1258 3889625 51077 1258 51077 1258 5185 58325 51077 51077 1258 51077 903170 1258 1258 1258 51077 1258 1258 51077 1258 1258 5185 51077 51077 1258 51077 51077 1258 51077 46085 1570 1570 1258 51077 370 51077 1258 1258 51077 370 243370 1258 1258 1258 1258 51077 51077 51077 1258 1010 1570 1258 51077 1258 51077 1258 51077 149817601 1258 1258 
5185 1258 58325 51077 1258 51077 1258 62725 485 485 485 485 51077 1258 62725 58325 34 485 1258 51077 10575505 5185 5991050 1258 485 485 370 1258 51077 485 5185 51077 1258 1743625 1258 1258 1685450 51077 30634 1258 485 485 51077 58325 1258 58325 1258 5005450 485 1258 1258 485 5991050 51077 485 485 51077 485 1258 34 1258 485 34 501265 1258 1258 485 485 1258 485 1258 1258 1258 1258 1258 1258 1258 485 1258 51077 5185 1258 1258 1258 485 485 34 370 485 1258 485 58325 2570 1258 1258 1258 1258 485 1685450 485 51077 20072450 2917265 1258 58325 370 30208825 1258 1258 485 34 1258 485 1258 2917265 1258 485 58325 485 34 1116050 1258 1258 1258 1258 269125 58325 485 485 485 5618005 1258 58325 51077 51077 58325 501265 1258 485 51077 501265 30634 2125765 1258 2125765 51077 514 485 1258 1258 485 1258 1258 485 1258 370 1258 20072450 58325 185 269125 1258 1258 1258 485 51077 485 1258 1258 485 485 1258 1258 1258 485 1258 485 58325 485 1258 485 2917265 1258 62725 58325 1258 269125 1258 62725 51077 1258 1258 485 62725 120250 485 485 51077 2570 34 51077 58325 485 58325 5185 58325 5991050 485 485 4356010 2125765 485 51077 30634 34 5185 
12325 1717 1889849 9802 89725 17 9802 1002530 17 9802 17 17 17 765034 1258 7474 12325 161209 1034450 9802 9802 865930 12325 10 9802 5185 1717 17 9802 1002530 17 17 17 1717 9802 865930 17 1002530 12325 17 12325 12325 12325 10 2742337 17 17 9802 5185 89725 17 9802 17 1717 12325 10 12325 12325 17 323402 1717 12325 1717 10 17 17 1717 17 17 17 323402 1717 1717 1002530 17 1717 10 12325 17 17 9802 12325 1717 17 1133458 1258 1717 17 48674 1133458 17 1717 122434 161209 12325 9802 9802 17 9802 17 323402 17 9802 1258 9802 12325 17 12325 17 17 12325 54641665 17 17 1717 9802 9802 17 5185 1717 17 5185 3702634 12325 9562517 161209 1717 9802 1002530 12325 17 89725 884425 1918450 161209 89725 17 10 1717 17 17 17 89725 17 17 5185 9802 12325 48674 10 1133458 17 1717 12325 1889849 17 17 17 17 12325 9802 9802 17 9802 17 17 9802 17 17 1717 10 1133458 9802 17 5185 9802 1133458 17 12325 1717 17 1717 9802 12325 1717 9802 9802 17 9802 17 10 17 17 12325 9802 9802 9802 1717 89725 1258 9802 17 213312437 12325 9802 17 17 17 1002530 12325 12325 884425 9802 1258 12325 12325 1258 17 1717 5185 17 1717 9802 1002530 1258 17 17 1717 17 17 12325 12325 9802 884425 17 1717 17 9802 17 10 17 5185 9802 7474 1258 1258 9802 1717 12325 1717 1717 1717 17 12325 12325 5185 12325 12325 71184125 9802 1258 12325 17 7474 17 323402 1889849 17 12325 12325 5185 26061925 12325 17 12325 1717 5185 884425 9802 12325 884425 12325 1002530 10 9802 1717 1889849 12325 12325 1258 9802 9802 1002530 1002530 12325 1717 9802 12325 9802 12325 1717 9802 17 10 17 1717 10 9802 17 17 
61217 45002 170 45002 170 720002 170 5301490 679225 17 170 170 170 170 170 45002 61217 45002 170 170 45002 17 261994 170 170 45002 61217 679225 3082729 170 170 170 170 170 170 170 17 170 679225 8140885 170 170 20848357 170 170 170 720002 45002 170 45002 170 441010 170 170 17 17 170 45002 7623317 45002 17 17 170 61217 170 17 170 45002 45002 61217 112897 9168970 61217 45002 17 61217 170 679225 170 170 17 170 720002 61217 45002 45002 112897 170 170 45002 45002 112897 170 45002 170 170 61217 45002 170 17 170 170 45002 170 45002 170 45002 170 170 17 45002 170 170 170 4234 45002 115202 45002 170 1486090 45002 170 17 45002 112897 170017 170 170 112897 679225 170 45002 17 170 170 45002 45002 170 17 261994 17 170 170 170 170 679225 170 170 170 61217 45002 45002 170 170017 170 45002 170 170 720002 170017 170 170 170 170 45002 45002 45002 170 170 45002 45002 45002 170 2570 679225 170 679225 170 45002 45002 170 261994 45002 45002 45002 17 6522730 45002 61217 45002 170 170 45002 170 170 17 510770 45002 170 112897 170 17 170 170 45002 170 17 170 45002 170 17 45002 720002 170 170 170 45002 45002 170 45002 170 17 45002 170 170 17 720002 17 45002 45002 170 17 45002 170 170 17 45002 45002 170 45002 45002 170 170 170 1812445 170 170 45002 170 170 17 170 17 17 170 679225 45002 112897 
4850 46085 49010 51077 49010 49010 46085 46085 157625 49010 49010 46085 49010 873970 49010 46085 46085 46085 4850 157625 1625 51077 51077 49010 49010 4850 319615249 4850 46085 157625 309137 157625 49010 49010 4850 49010 51077 49010 49010 49010 49010 49010 46085 1802 49010 157625 4401605 46085 46085 51077 10 46085 309137 157625 157625 46085 46085 53700125 49010 51077 1802 46085 46085 46085 49010 49010 49010 46085 49010 49010 49010 157625 49010 46085 49010 51077 5834825 46085 46085 46085 46085 49010 46085 157625 157625 49010 157625 49010 49010 157625 4850 46085 51077 46085 49010 49010 1802 51077 49010 157625 46085 46085 46085 49010 46085 49010 46085 46085 46085 1802 1802 51077 1802 157625 51077 46085 46085 46085 49010 16386305 49010 157625 49010 7907125 46085 46085 49010 46085 46085 49010 49010 49010 157625 49010 4850 49010 49010 4850 49010 157625 46085 46085 51077 10 10 49010 157625 46085 1258 46085 49010 51077 49010 157625 49010 49010 46085 49010 46085 49010 49010 46085 51077 309137 157625 46085 51077 49010 51077 46085 46085 51077 46085 309137 49010 120438965 46085 46085 309137 10 46085 49010 46085 157625 51077 46085 49010 49010 46085 157625 51077 49010 309137 873970 49010 49010 970 49010 46085 46085 49010 157625 49010 49010 49010 49010 46085 46085 46085 46085 46085 46085 157625 157625 49010 4850 4850 2022085 16332850 46085 6145850 46085 49010 46085 46085 46085 46085 4850 46085 46085 49010 10 46085 51077 157625 46085 49010 1802 46085 51077 46085 157625 51077 
3737 36079625 940325 1240025 3737 3737 202 1717 1717 3737 1717 3737 1717 220505 118630165 3737 1747250 1717 2594 3737 202 202 505 3737 6290 3737 1717 1717 2594 6290 1717 3737 1240025 202 6290 3737 1272385 686450 6290 202 136085 1717 1717 1717 3737 1717 3737 202 3737 1717 1717 1717 3737 136085 3737 3737 3737 1717 505 940325 136085 136085 3737 55114 1717 505 3737 3737 3737 505 1717 3737 3737 202 185749525 202 1717 3737 3737 1717 1717 1717 1717 1717 55114 2594 3737 3737 1717 1935025 1717 3737 1717 118630165 1717 202 1717 3737 3737 202 1717 6290 1717 3737 1717 3737 2594 1717 202 1717 1717 3737 3737 55114 3737 202 2594 1717 63370 505 202 1717 3737 3737 3737 3737 136085 202 1717 3737 1717 202 1717 3737 1717 55114 3838498 202 1717 3737 2594 4230025 3737 136085 1717 3737 3737 2594 3737 3737 6290 1717 3737 3737 1717 202 136085 3737 1717 3737 3737 1717 3737 1717 3737 2517770 1717 3737 3737 107650 3737 136085 136085 3737 2594 6290 3737 3737 1717 6290 3737 1717 3737 1717 136085 118630165 202 1717 1717 3737 1717 3737 940325 202 1717 3737 3737 202 3737 136085 2594 434314 3737 202 3737 1717 136085 3737 505 1717 1717 220505 3737 505 3737 1717 1272385 505 2594 505 18727202 3737 136085 1717 136085 3737 136085 136085 2594 3737 3737 1717 1717 3737 3737 3737 940325 1717 3737 1717 136085 136085 3737 3737 1717 3737 3737 1717 3737 1717 1717 3737 2594 3737 202 1717 1717 2594 202 136085 505 55114 3737 2594 136085 2594 1717 202 3737 3737 3737 1717 1717 1717 1717 1717 2594 505 3737 3737 3737 1717 3737 3737 1717 3737 2594 2594 3737 3737 2594 2594 1717 1717 505 1717 3737 3737 2594 1717 3737 6290 2594 3737 202 3737 2325625 3737 3737 2594 1717 1717 3737 1717 1717 3737 3737 1717 2594 136085 505 3737 1717 1717 3737 3737 1717 202 1717 3737 136085 1717 3737 202 1717 1717 1717 202 3737 63370 3737 1717 1717 3737 220505 1717 1717 1272385 3737 202 1717 1717 1717 1240025 1717 1717 1717 1717 940325 202 3737 6290 202 2594 2594 
2425 184901 29045 72901 72901 72901 2425 3925 110245 2425 2425 4369 29045 110245 2425 4369 4369 463114 110245 72901 3925 72901 2425 29045 7850 4369 2425 2425 110245 226440629 2425 72901 3737 29045 2425 29045 202 2425 3925 72901 72901 3925 4369 184901 29045 29045 4369 29045 142885 29045 72901 176290 176290 2185625 3925 29045 29045 3925 3925 72901 2425 273205 3925 29045 2425 72901 72901 2425 29045 184901 29045 2425 72901 72901 4369 110245 29045 876097 72901 72901 72901 29045 29045 39714265 176290 72901 202 72901 29045 29045 463114 72901 72901 3925 3925 3925 4369 72901 176290 184901 
10405 10405 29045 4369 10405 4369 15317 10405 4369 10405 10405 10405 10405 102154 29045 10405 8908402 29045 15317 15317 15317 29045 10405 15317 10405 10405 4369 10405 102154 10405 10405 10730 15317 10405 15317 15317 10405 10405 10405 10405 273205 4369 29045 10405 4369 10405 10405 4369 10405 29045 29045 10405 29045 102154 29045 29045 459850 10405 10405 10405 2130050 10405 10405 29045 10405 29045 10405 10405 10405 10405 10405 15317 10405 15317 4850 29045 10405 4369 10405 10405 273205 10405 10405 10405 10405 10405 10405 170 10405 10405 4369 10405 170 29045 29045 10405 10405 15317 29045 29045 10405 121685 10405 459850 8738 10405 29045 10405 10405 126594410 170 273205 10405 10405 15317 29045 29045 29045 10405 1116050 29045 15317 29045 10405 4369 29045 10405 10405 29045 15317 459850 10405 15317 10405 29045 170 29045 459850 29045 10405 29045 4369 170 10405 15317 10405 10405 10405 121685 29045 10405 29045 1919249 15317 29045 1116050 15317 29045 4369 29045 10405 10405 4850 10405 10405 276770 10405 10405 15317 10405 10405 15317 4369 10405 29045 10405 10405 10405 102154 10405 29045 29045 29045 121685 10405 464290 10405 141853490 121685 10405 12023845 170 170 10405 10405 459850 273205 15317 15317 29045 15317 10405 459850 10405 4369 10405 29045 15317 4850 10405 29045 10405 10405 12023845 4369 15317 10405 10405 273205 10405 10405 5525 29045 29045 4369 15317 170 29045 170 10405 15317 10405 10405 29045 248965 29045 10405 29045 15317 10405 459850 29045 102154 459850 10405 10405 29045 10405 4369 10405 29045 10405 29045 10405 29045 10405 10405 170 459850 10405 276770 10405 10405 10405 15317 10405 10405 170 3249010 10405 15317 10405 734474 10405 10405 10405 10405 29045 4850 10405 29045 29045 10405 10405 10405 29045 4369 10405 10405 4369 10405 10405 15317 29045 10405 10405 4369 29045 15317 10405 15317 
16825 4357 16825 4357 363701 74 4357 16825 4357 74 74 4357 74 4357 74 74 74 4357 188065 74 4357 74 188065 74 74 4357 74 2425 74 290 74 74 4357 74 74 74 363701 1654865 74 74 4357 4357 328250 74 74 1421290 4357 74 74 16825 74 74 74 74 4357 74 188065 4357 74 74 74 4357 74 74 4357 74 74 190450 74 4357 4357 74 101 4357 16825 10730 74 4357 1654865 6843890 4357 5674685 74 74 16825 4357 4357 16825 16193809 74 74 1654865 4357 4357 74 4357 74 4357 16825 16825 4357 4357 4357 74 4357 74 74 74 74 74 74 74 4357 74 740690 16825 16825 4357 74 74 4357 4357 74 4357 16193809 4357 4357 4357 8245 290 74 4369 363701 2425 16825 4357 74 74 4357 74 74 4357 16825 2517770 16825 74 74 370 74 74 74 74 1654865 4369 16825 74 74 74 101 74 4357 188065 370 74 74 4357 4357 16825 363701 363701 4357 74 74 74 74 4357 456977 456977 74 74 1654865 74 4357 74 74 74 74 74 363701 4357 74 4357 4357 290 4357 2720017 8245 16825 74 74 4357 74 363701 74 74 4357 74 2517770 74 4357 4357 4357 74 4357 4357 2269874 4357 74 4369 4357 4357 74 16825 4357 74 2425 2425 1765 363701 74 74 74 4357 4357 188065 4357 74 74 16825 188065 8245 4357 74 74 16825 74 74 106145650 31754 74 31754 4357 74 74 4357 74 4357 4357 4357 74 74 74 190450 74 101 190450 74 74 16825 4357 4357 16825 74 
188065 4357 74 74 169010 4357 2425 4357 363701 4357 74 4357 188065 1765 4357 4357 4357 4357 4357 74 74 4357 74 4357 4357 4357 4761010 4357 16825 16825 74 4357 169010 4357 188065 74 16825 188065 74 4357 74 4357 538645 1654865 74 4357 74 188065 4357 4357 188065 4357 4357 16825 2720017 188065 16825 74 1765 4357 4357 74 4357 4357 4357 16825 1765 4357 4357 4357 74 74 74 19668994 16825 4357 4357 188065 4357 4357 4357 4357 16825 1765 4357 4357 16825 188065 4357 74 188065 4357 10730 74 4357 4357 74 4357 74 2425 4357 74 169010 74 4357 4357 1128970 31754 74 74 4357 4357 74 74 4357 59200370 188065 4357 4357 1765 188065 74 74 74 74 74 4357 4357 188065 4357 74 74 74 4357 370 16825 74 4357 74 74 4357 74 74 74 16193809 4357 74 4357 74 74 4357 169010 4357 188065 74 27217 4357 4357 4357 188065 74 74 4357 74 74 4357 4357 74 1654865 1654865 74 765034 169010 538645 4505 74 74 370 74 74 4357 4357 74 4357 538645 188065 74 2425 74 4357 16825 4357 74 16825 24050 4357 4357 4357 91536805 169010 4357 4357 4357 4357 4357 74 10730 4357 16825 1654865 74 4357 4357 1765 16825 4357 4357 74 3946465 4357 4357 4357 188065 188065 74 74 188065 1654865 1654865 4357 4357 16825 4357 74 4357 4357 74 4357 4357 4357 16825 4357 74 74 1654865 4357 4357 74 538645 2425 290 188065 4357 188065 188065 4357 1765 4357 2425 4357 1128970 4357 370 4357 74 4357 74 74 188065 16908125 4357 4357 188065 4357 74 10240490 74 74 74 74 16825 74 4357 16825 74 16825 4044170 4357 4357 188065 16825 1654865 4357 4357 188065 1654865 74 16825 74 4357 26293865 74 4357 74 4357 16825 328250 169010 341510401 74 4357 188065 3154177 4357 188065 16825 188065 4357 188065 35751970 4357 4357 7850 74 1654865 74 188065 16825 4357 4357 74 74 4357 4357 16825 74 74 10730 74 16825 4357 4357 74 74 169010 16825 4357 4357 4357 74 74 1654865 188065 4357 27217 16825 4357 1765 4357 1654865 16825 74 4357 188065 74 74 4357 4357 74 74 74 16825 1765 370 27217 4357 4357 29253025 16825 2720017 4357 74 4357 16825 74 74 4357 4357 538645 74 4357 74 4357 1765 4357 188065 4357 188065 74 29253025 1654865 74 16825 188065 16825 188065 74 188065 4357 4357 4357 4357 4357 4357 290 4357 74 4357 1654865 4357 4357 4357 3946465 4357 4357 74 74 74 74 4357 4357 4357 74 370 188065 4357 74 4357 74 74 4357 4357 4357 16825 8714 4357 4357 74 74 16825 188065 188065 4357 3154177 74 74 188065 4357 188065 16825 188065 188065 16825 4357 4357 4357 4357 538645 16825 4357 74 4357 1765 4357 4357 4357 74 74 4357 74 27217 4357 74 4357 74 4357 74 188065 188065 188065 27217 169010 4357 2425 1654865 4357 16825 4357 74 4357 74 74 4357 74 4357 4357 74 74 1654865 402483845 74 4357 4357 538645 3946465 188065 74 74 74 3946465 74 4357 4357 74 4357 74 74 
49010 4850 10 49010 49010 10 49010 157625 10 46085 157625 309137 49010 157625 102154 51077 1258 49010 157625 46085 46085 49010 49010 49010 46085 49010 46085 46085 46085 46085 4850 49010 46085 10 46085 202 49010 46085 46085 46085 16332850 49010 49010 46085 46085 49010 49010 46085 49010 49010 49010 46085 1258 800005 49010 49010 49010 49010 46085 49010 49010 309137 46085 49010 46085 46085 49010 49010 46085 46085 49010 49010 46085 46085 1258 24050 1802 51077 46085 46085 49010 157625 49010 49010 157625 1625 49010 46085 24050 49010 1802 49010 1802 873970 102154 46085 49010 49010 102154 1258 49010 49010 49010 51077 
170 170 170 170 12446785 170 170 170 170 170 170 61217 34 170 170 170 170 170 170 170017 170 170 170 34 170 170 262450 170 170 170 262450 170 170 170 170 170 122434 170 170 170 170 170 170 170 170 170 170 43690 170 170 170 170 4488010 170 170 170 170 18685 170 170 122434 170 170 170 170 170 170 40269125 170 59170 170 61217 170 170 170 170 34 170 18685 170 170 170 170 18685 18685 170 170 170 170 170 170 170 170 61217 170 170 170 170 170 170 3434 170 170 34 170 170 170 170 170 170 170 61505617 170 170 170 88791625 170 170 170 170 170 170 170 170 170 170 170 170 170 170 170 170 170 170 170 170 18685 170 170 170 170 170 170 170 170 170 170 170 170 170 170 170 170 170 34 170 170 170 170 18685 170 170 170 170 170 170 170 170 170 170 170 170 170 170 170 170 170 170 170 18685 170 170 170 170 170 170 170 170 170 170 1050905 170 34 170 170 170 170 170 170 170 170 170 170 18685 170 170 170 61217 170 170 170 170 170 170 170 108574850 170 170 170 170 170 170 170 170 170 170 170 170 170 170 170 34 170 170 2076497 18685 170 170 4234 170 170 18685 170 170 59170 170 170 170 170 170 170 170 170 170 170 170 170 170 170 170 170 170 170 170 170 170 170 170 170 170 170 170 170 170 170 170 170 170 170 170 170 7623317 170 170 170 170 170 18685 18685 170 170 170 170 170 170 170 170 170 170 11289601 170 18685 170 170 12221570 262450 170 170 170 170 31248101 170 170 170 170 1050905 170 170 170017 1812445 170 170 170 170 170 
101 74 16825 2244005 101 74 74 370 10730 456977 456977 74 101 456977 4357 74 8245 101 101 74 74 16825 74 363701 74 74 74 456977 74 74 74 74 2665090 4357 16825 101 4357 74 456977 4357 8245 16825 74 101 74 370 74 456977 456977 8245 74 101 74 74 180505 4357 74 363701 16825 101 74 4357 74 74 26293865 74 101 456977 74 8245 101 4357 74 305065 74 363701 456977 74 8245 74 8245 74 202 74 456977 74 101 26293865 456977 202 8245 180505 16825 101 74 74 4357 202 10730 74 2425 74 1018145 74 190450 101 2720017 101 74 74 74 74 74 16193809 74 363701 4357 101 8245 74 74 74 74 101 74 74 16825 74 101 16825 8245 101 101 456977 16825 74 101 16825 74 26293865 456977 16825 101 8245 370 74 74 74 16825 370 202 4357 8245 74 74 363701 74 74 74 8245 101 74 74 29253025 4357 370 16825 101 74 190450 4357 74 74 74 74 74 74 8245 74 74 74 74 4357 8245 74 74 74 2425 74 456977 74 101 8245 74 74 16825 8245 456977 190450 74 4357 8245 74 74 8245 16825 101 74 74 101 4357 74 363701 16825 74 4357 8245 74 4357 74 74 74 74 74 1018145 74 8245 101 74 74 74 456977 202 74 74 74 74 4357 74 16825 74 456977 74 2425 74 101 16825 16825 74 456977 2672930 74 4357 74 370 8245 8245 74 74 74 202 16193809 74 16825 74 16825 74 4357 74 74 4357 74 74 8245 74 456977 74 74 2244005 74 74 74 74 31754 1018145 4357 74 101 74 74 16825 4357 74 74 31754 74 4357 74 16825 318427850 101 8245 74 74 8245 101 101 4357 456977 4357 74 74 74 8245 101 74 74 74 74 8245 74 456977 16825 8245 74 101 16193809 74 74 456977 363701 74 74 74 74 74 176984825 456977 16825 74 456977 16825 16825 74 101 74 74 74 74 456977 74 74 101 4357 74 74 8245 101 101 74 101 101 74 16825 101 74 74 1572245 74 74 8245 101 101 74 8245 5640209 74 101 74 10730 8245 290 74 74 4357 363701 91536805 74 31754 74 74 1746485 74 101 74 190450 2425 456977 74 74 16825 305065 101 74 8245 16825 785 74 4761010 16825 8245 456977 101 1018145 8245 74 74 74 74 74 16825 74 8245 10240490 
74 74 202 74 74 74 74 272485 1601 74 74 74 74 1576250 74 101 74 74 456977 101 74 74 101 272485 1601 272485 74 107650 101 74 74 1018145 74 101 370 74 74 8245 74 8245 74 74 456977 74 101 1601 1601 74 1601 74 456977 176290 456977 74 8245 74 190450 74 456977 101 101 74 370 8245 10 2672930 456977 74 74 74 74 101 101 612170 74 101 74 74 8245 456977 31754 8245 1601 31754 74 456977 101 74 74 8245 33802 74 272485 74 8245 8245 10 74 202 10 74 1601 456977 101 101 101 101 74 8503690 74 101 456977 74 101 74 74 190450 8245 74 74 74 1601 101 1601 101 74 10 1601 74 74 101 74 202 10 74 456977 101 1601 101 101 8245 74 74 101 74 98306869 74 101 74 101 74 74 101 8245 101 74 74 101 74 74 255385 456977 101 1601 1601 74 74 8245 74 74 74 74 74 1601 190450 74 8245 1601 255385 74 101 74 101 74 370 101 74 74 101 8245 74 1601 74 74 74 1601 74 101 267914 74 74 8245 8641625 74 74 1601 101 74 74 101 101 74 101 74 74 101 255385 1601 456977 101 8245 101 8245 8245 228650 74 202 74 312505 1601 74 74 74 74 1601 101 1601 8245 101 74 74 74 74 74 74 1601 8245 101 74 1601 1601 101 190450 456977 1601 74 101 31754 21353657 74 101 255385 74 74 74 74 8245 8245 74 10 74 74 74 612170 8245 74 74 1601 16825 101 202 74 8245 19412402 1601 74 8245 74 1601 74 101 74 74 8245 74 74 74 74 74 74 74 101 74 1601 31754 74 74 8245 1138250 74 74 101 1601 101 74 10 255385 74 1601 1601 74 1601 370 8245 10 74 456977 1601 74 74 1018145 74 74 74 74 74 74 74 1601 74 74 74 74 74 74 101 74 101 1601 101 8245 1601 202 74 74 74 74 1601 74 74 1138250 8245 74 456977 74 8245 236197 33802 456977 1601 101 101 1601 1601 74 74 74 272485 1601 74 1601 456977 74 1018145 8245 202 74 74 74 370 74 74 10 74 1601 10 1601 101 8245 10 8245 1601 10 74 190450 370 74 101 1601 74 101 74 180505 74 255385 1601 8245 1018145 456977 1047370 74 1601 74 74 1601 74 74 74 74 8245 8245 74 1601 101 8245 74 190450 101 74 74 456977 74 74 785 1601 255385 74 74 101 74 8245 74 456977 74 74 74 10 456977 1601 1601 101 74 101 74 1601 101 101 74 101 74 31754 1601 74 74 8245 74 74 74 74 101 74 101 74 74 456977 74 74 8245 1601 456977 74 74 74 74 74 74 74 101 74 74 74 1601 74 74 74 74 8245 74 6283925 180505 1601 8245 8245 74 74 101 74 255385 74 8245 74 101 74 74 612170 101 842725 74 74 74 8245 8245 74 74 74 74 74 101 272485 74 74 74 1601 
2281250 4357 188065 4357 4357 37829045 4357 5218405 4357 188065 4357 4357 188065 2876417 10370 4357 2876417 4357 27217 74 4357 188065 188065 2876417 188065 4357 4357 3154177 290 4357 27217 188065 1765 4357 1227434 3946465 4357 188065 2281250 74 4357 188065 4357 4357 188065 169010 4357 538645 27217 188065 27217 27217 188065 2876417 4357 4357 2281250 4357 4357 74 10370 538645 169010 4357 188065 188065 2876417 1765 4357 27217 4357 74 4357 188065 4357 188065 188065 188065 27217 7897465 4357 4357 188065 4357 4357 4357 74 74 4357 27217 4357 4357 188065 4357 74 74 4357 188065 188065 546410 4357 188065 188065 4357 188065 4357 27217 8702794 74 4357 27217 74 4357 4357 27217 1128970 74 188065 188065 4357 188065 4357 4357 4357 188065 27217 4357 4357 4357 188065 4357 10370 4357 4357 4357 1765 188065 4357 4357 27217 188065 1654865 27217 4357 538645 4357 4357 538645 4357 370 4357 188065 4357 4357 27217 188065 188065 188065 74 538645 538645 74 188065 4357 10370 27217 27217 188065 74 4357 1654865 4357 4357 74 370 4357 27217 2281250 27217 10370 74 417625 538645 538645 188065 188065 4357 3154177 4357 27217 4357 4357 4357 74 27217 4357 188065 3946465 3946465 188065 4357 4357 4357 4357 188065 188065 4357 188065 74 4357 188065 188065 4357 4357 188065 27217 370 4357 27217 4357 4357 1765 1227434 188065 4357 188065 188065 27217 4357 4357 27217 1654865 3154177 4357 5218405 4357 188065 4357 1654865 4357 1227434 10370 188065 188065 169010 1765 188065 188065 27217 188065 74 188065 188065 538645 1227434 4357 188065 188065 4357 4357 27217 188065 188065 4357 4357 4357 188065 4357 74 2517770 4357 4357 188065 2876417 188065 74 188065 27217 188065 538645 4357 188065 27217 1654865 169010 4357 4357 169010 4357 2517770 2517770 188065 13811225 74 1227434 4357 188065 4357 188065 4357 27217 4357 74 74 27217 1765 188065 169010 10370 4357 4357 27217 290 4357 188065 27217 4357 27217 188065 538645 1227434 188065 4357 4357 4357 188065 27217 4357 544505 10370 538645 188065 188065 4357 4357 4357 4357 188065 188065 4357 4357 74 27217 4357 4357 3946465 188065 4357 4357 27217 4357 188065 4357 188065 74 1227434 74 4357 74 169010 4357 538645 1654865 4357 4357 4357 4357 188065 4357 4357 4357 4357 27217 188065 188065 74 74 169010 4357 4357 4357 4357 27217 4357 74 4357 10370 2517770 4357 4357 4357 4357 4357 10370 188065 3946465 1654865 1227434 10370 188065 188065 4357 4357 188065 188065 27217 188065 188065 4357 27217 4357 27217 4357 188065 74 10370 1765 4357 4357 188065 169010 188065 4357 4357 27217 4357 188065 27217 4357 72396325 188065 74 188065 188065 188065 188065 538645 188065 4357 4357 4357 4357 27217 4357 188065 2132650 188065 4357 27217 4357 4357 74 188065 74 188065 74 74 10240490 74 188065 538645 10370 188065 4357 4357 4357 10370 74 4357 1654865 4357 188065 188065 4357 1654865 4357 188065 4357 188065 188065 1654865 10370 188065 188065 188065 4357 74 188065 4357 1654865 2876417 4357 10370 538645 27217 538645 4357 188065 4357 4357 27217 4357 74 4357 4357 188065 188065 1227434 10240490 4357 1654865 4357 188065 188065 4357 27217 4357 188065 765034 188065 4357 52539605 4357 188065 188065 4357 10370 74 5218405 4357 2813194 188065 538645 4357 188065 4357 4357 1765 74 4357 4357 188065 188065 2281250 2876417 188065 4357 4357 4357 4357 27217 4357 188065 4357 188065 4357 4357 4357 538645 27217 4357 4357 188065 4357 4357 4357 4357 188065 4357 169010 4357 188065 188065 4357 4357 188065 27217 169010 188065 9439625 188065 188065 1227434 188065 1654865 4357 188065 1654865 
10405 10405 4369 10405 15317 10405 10405 10405 10405 15317 10405 276770 8304517 10405 10405 10405 10405 10405 102154 6290 15317 10405 10405 239434 10405 714425 10405 10405 10405 10405 12023845 15317 10405 10405 10405 170 121685 10405 10405 10405 10405 4369 10405 239434 4369 10405 29045 6290 15317 10405 10405 15317 15317 15317 10405 15317 6290 10405 7911229 276770 4369 6290 10405 10405 4369 4369 15317 29045 15317 10405 10405 15317 10405 10405 10405 2957314 10405 459850 4369 10405 10405 4369 4369 102154 10405 10405 10405 714425 29045 4369 464290 10405 15317 29045 10405 6290 10405 6290 239434 15317 4369 10405 15317 15317 10405 10405 29045 10405 10405 10405 10405 15317 4369 10405 239434 239434 4369 10405 10405 6290 239434 10405 276770 10405 10405 10405 10405 10405 121685 15317 169010 10405 10405 4369 10405 10405 10405 18218050 10405 10405 10405 15317 15317 4369 4369 10405 4369 239434 239434 15317 6290 10405 71978 10405 239434 29045 10405 102154 4369 10405 10405 10405 4369 10405 10405 10405 239434 4369 15317 15317 4369 6290 10405 4369 10405 10405 4369 4369 10405 4369 10405 10405 10405 4369 10405 4369 10405 10405 10405 10405 10405 10405 15317 15317 10405 10405 10405 10405 10405 10405 10405 15317 239434 10405 15317 10405 10405 15317 10405 10405 10405 10405 10405 10405 276770 10405 10405 10405 6290 10405 15317 10370 276770 459850 464290 239434 4369 10405 102154 102154 10405 15317 15317 15317 10405 10405 10405 10405 10405 10405 10405 15317 276770 10405 102154 10405 
10405 181337 10405 10370 485 459850 10405 485 10370 10405 485 485 501265 10405 485 10370 485 10405 10370 10405 10405 10370 10405 485 14257802 27217 29045 485 27217 10405 10405 10370 27217 485 10370 10370 10405 10405 10405 485 10370 10370 10370 27217 10370 501265 2171570 10370 10370 485 10405 485 10370 10405 10370 2125765 485 10405 10405 10405 10405 10370 10405 29045 10405 10370 10405 10370 230004169 27217 10370 1227434 29045 10370 29045 485 10405 29045 10370 10405 485 10405 10370 10405 10370 1685450 1227434 10405 10370 10370 10405 10405 485 27217 501265 10405 10370 485 10370 485 10370 10405 485 485 10405 2876417 485 485 2876417 10370 485 10370 27217 4162685 27217 485 120250 10370 10370 10370 485 10405 10405 2125765 485 181337 10370 10370 10405 10405 10370 485 10370 485 485 27217 2281250 10405 10370 485 10370 485 485 10370 27217 10370 1227434 10405 29045 10370 2876417 10370 10370 29045 485 4162685 181337 10370 10405 10370 1143250 1116050 10370 10370 37829045 13811225 10405 10370 27217 485 10370 485 485 10405 10370 2125765 27217 2125765 10405 10405 120250 273205 10405 1227434 2125765 27217 485 10370 120250 10405 1685450 10405 2125765 485 10370 485 10370 10405 485 2876417 485 1116050 10370 10405 2876417 27217 10405 10405 485 485 2125765 10370 27217 10370 485 485 485 485 485 10405 10370 10370 120250 10405 10405 10370 10405 181337 10370 485 10405 10405 10370 2876417 10405 10370 485 10405 485 485 1685450 485 10370 10370 10405 3433970 181337 29045 27217 27217 10405 485 5218405 37485034 10370 2125765 10405 10405 459850 27217 10405 29045 1227434 10370 10405 181337 10370 37829045 10370 10405 10405 10405 273205 27217 10370 485 269125 485 10370 10405 10370 1227434 1685450 2281250 485 2876417 10370 485 10370 10370 
16825 188065 4357 4357 16825 10730 4357 74 2425 74 188065 538645 74 74 2425 4357 363701 4357 74 74 1654865 74 16825 4357 16825 4357 169010 74 16825 4357 4357 4357 4357 4357 4357 4357 74 4357 16825 74 370 74 1654865 2513570 35324825 74 29253025 74 4357 4357 188065 74 4357 4357 74 4357 4357 74 4357 16825 74 16825 74 4357 4357 4357 4357 4357 3946465 370 1654865 4357 4357 188065 4357 4357 74 4357 370 188065 188065 188065 188065 3946465 188065 188065 74 74 74 74 4357 4357 4357 27217 1654865 4357 4357 188065 4357 74 188065 4357 1654865 4357 4357 29253025 4357 74 4357 3015970 2517770 538645 4357 4357 74 188065 74 4357 169010 4357 74 74 74 188065 74 4357 4357 74 188065 74 74 16825 188065 4357 74 1654865 74 74 290 188065 188065 4357 169010 74 2425 74 188065 4357 4357 35324825 74 4357 4357 188065 4357 74 363701 188065 370 16825 4357 188065 202251065 4357 188065 74 16825 4357 4357 1765 16825 4357 4357 4357 10730 74 188065 169010 4357 74 450290 1654865 74 74 1654865 74 4357 202251065 16193809 74 74 4761010 4357 74 74 74 169010 188065 4357 74 10730 188065 16825 4357 188065 74 4357 74 74 188065 538645 2720017 321196837 16193809 74 16825 16825 27217 16825 2517770 31754 74 188065 16825 4357 4357 16825 1765 74 74 4357 74 16825 74 4357 1654865 10730 4357 4357 188065 74 4357 4357 74 74 188065 16825 4357 74 4357 1765 4357 188065 188065 10240490 4357 188065 74 16825 188065 4357 4357 16825 16825 74 74 4357 4357 16825 74 4357 4357 4357 4357 188065 74 188065 370 4357 4357 363701 74 74 538645 363701 4357 4357 2425 16193809 16825 4357 74 74 4357 363701 4357 4357 4357 4357 188065 16825 4357 10730 4357 83525 4357 188065 4357 74 4357 4357 4357 74 74 74 4357 74 16825 74 4357 74 74 16825 4357 2244005 10730 188065 4357 4357 4357 4357 16825 1765 27217 74 363701 2517770 4357 4357 4357 16825 4357 74 74 4357 
74 16825 74 363701 74 5674685 74 4761010 74 101 74 2244005 74 4357 4357 4357 74 2244005 4357 74 190450 74 74 74 363701 74 74 980101 16825 24050 2425 74 101 370 74 2244005 4357 74 101 74 2455330 74 1654865 16908125 74 74 74 74 74 74 4357 8245 4357 74 363701 74 74 74 2425 74 1789834 190450 290 74 74 74 1018145 74 4357 4357 4357 74 16908125 4357 4357 74 74 74 1368778 8245 1654865 4357 74 74 74 190450 16825 8245 74 740690 74 74 4357 16825 16825 74 4357 74 74 74 74 190450 4357 74 74 74 4357 16825 74 4357 16825 4357 74 363701 74 16825 74 74 74 74 
18685 2513570 36101 18685 465125 465125 85 36101 145802 13450 18685 19018 18685 34 13450 13450 2513570 19018 5657525 13450 19018 18685 19018 85 18685 19018 85 465125 19018 13450 18685 18685 18685 18685 170 465125 18685 4460545 13450 13450 465125 13450 19018 145802 18685 85 18685 18685 85 36101 85 18685 18685 34 85 85 465125 18685 465125 19018 18685 85 18685 19018 18685 2513570 36101 85 370 19018 36101 85 34 18685 34 19018 19018 18685 19018 19018 13450 18685 19018 85 19018 465125 85 465125 18685 34 18685 18685 18685 19018 18685 36101 13450 465125 18685 18685 18685 85 19018 18685 13450 19018 36101 19018 465125 19018 19018 
179945 17945 34 3530 3530 34 34 34 34 34 3530 34 3530 34 3530 3530 34 3530 17945 19018 34 62725 3530 34 34 485 5197090 3530 485 3530 485 3530 34 34 19018 3530 485 62725 485 1665074 34 5365 34 17945 3530 34 34 34 4850 18434 34 29575325 3530 1665074 485 485 5 3530 3530 3530 17945 5365 3530 3530 485 62725 485 485 5365 5365 485 34 3530 485 2036290 3530 3530 34 34 485 3530 34 3530 3530 3530 3530 3530 3530 3530 34 34 485 5365 1331593 485 34 485 3530 34 485 3530 34 3530 3530 3530 34 5365 5 5365 17945 3530 485 485 3530 3530 3530 3530 3959705 34 485 3530 4850 3530 485 5365 3530 34 34 3530 3530 987530 34 34 3530 3530 485 3530 3530 3530 3530 3530 3530 5365 5 62725 5365 987530 3530 485 485 3530 34 1331593 485 3530 485 34 485 3530 485 485 5365 34 34 3530 3530 987530 3530 3530 62725 3530 17945 6492725 485 485 3530 34 5365 62725 3530 485 5 5 34 34 3530 5365 29575325 485 3530 485 1309970 3530 3530 3530 34 1285 3530 485 3530 62725 3530 623225 3530 17945 485 485 3530 34 3530 485 485 5365 3530 3530 34 34 62725 3530 3530 3530 5365 3530 485 34 3530 5365 34 3530 34 3530 3530 485 485 3530 3530 34 34 34 3530 3530 5365 34 5365 3530 3530 3530 485 485 3530 3530 34 34 3530 3530 5365 485 124545601 6472325 3530 3530 485 34 34 485 34 34 34 3530 3530 3530 3530 5365 485 3530 3530 19018 485 3530 34 5 5365 3530 34 34 17945 2036290 485 3530 485 3530 3530 62725 3530 3530 39967685 485 5365 3530 1285 2036290 34 3530 17945 3530 6394645 3530 485 9400357 5365 34 34 5 34 3530 485 485 3530 485 29955250 3530 3530 3530 34 3530 3530 485 34 485 3530 19018 3530 3530 5365 485 3530 485 34 3530 3530 5 3530 3530 485 485 3530 485 485 3530 34 485 34 5 485 5365 19018 3530 2570 485 2036290 485 3530 3530 34 485 485 3530 485 3530 34 1331593 34 3530 987530 485 3530 34 34 3530 5365 987530 485 1331593 2570 5365 485 3530 485 5365 17945 17945 3530 485 17945 485 485 34 3530 485 34 3530 485 9063050 485 3530 3530 3530 4284085 34 34 3530 3530 3530 34 3530 485 3530 12970 34 485 485 62725 3530 3530 3530 34 5 40952050 5365 485 3530 34 3530 3530 485 3530 3530 3530 34 7527530 34 3530 5365 34 3530 3530 3530 34 3530 34 3530 3530 485 485 34 987530 17945 3530 34 485 3530 17945 3530 3530 5 
17 9802 1889849 7474 9802 4850 17 12325 9802 17 9802 12325 17 9802 17 1889849 1002530 17 17 884425 1034450 161209 17 12325 17 155151937 1889849 9802 17 9802 1002530 5866085 12325 89725 17 1889849 9802 12325 17 17 17 17 7474 12325 17 12325 10 1002530 17 89725 884425 17 17 17 613930 17 1717 17 17 12325 1717 17 48674 12325 17 17 17 12325 89725 17 161209 9802 17 12325 17 10 17 17 9802 9802 17 17 17 884425 9802 1472330 12325 12325 17 1002530 17 17 12325 89725 12325 17 17 17 17 1002530 17 17 17 9802 17 9802 
29045 463114 29045 72901 72901 72901 72901 4850 170 29045 72901 72901 29045 29045 72901 593589365 29045 29045 3737 29045 72901 110245 170 72901 10405 170 29045 29045 3925 3536425 29045 2425 273205 10405 2425 2425 72901 4369 4369 72901 29045 110245 2185625 3925 29045 4369 459850 72901 29045 72901 72901 72901 72901 72901 72901 72901 72901 110245 102819601 29045 10405 29045 72901 29045 72901 29045 29045 29045 72901 72901 3925 3925 72901 29045 29045 184901 29045 29045 29045 29045 3737 29045 72901 29045 29045 2185625 72901 72901 3925 29045 5525 72901 29045 29045 18742517 1923545 29045 72901 18742517 72901 72901 1919249 463114 72901 110245 72901 72901 29045 29045 10405 4584485 3925 29045 110245 72901 110245 72901 72901 72901 72901 2425 110245 72901 51914 72901 110245 110245 29045 72901 72901 10405 10405 72901 10405 29045 29045 170 2425 29045 29045 29045 72901 29045 463114 29045 29045 184901 29045 459850 29045 29045 463114 72901 72901 29045 120250 110245 72901 4369 29045 29045 29045 4369 3925 29045 2185625 4369 459850 110245 29045 3925 29045 110245 184901 3925 29045 29045 29045 72901 29045 72901 29045 72901 13877785 29045 72901 72901 2425 
29045 10405 29045 72901 12325 1002530 184901 72901 29045 1002530 72901 4369 29045 1924925 29045 12325 72901 72901 89725 72901 4369 29045 72901 1002530 72901 29045 72901 72901 72901 29045 3737 72901 1002530 29045 142885 4369 12325 29045 2185625 463114 12325 12325 12659365 2425 29045 72901 72901 72901 3925 12325 29045 4369 184901 865930 72901 72901 29045 89725 72901 72901 184901 72901 12325 72901 2425 72901 89725 463114 3925 12325 2185625 29045 7474 72901 72901 29045 3925 72901 29045 2425 3925 72901 12325 72901 110245 72901 72901 2425 72901 29045 29045 12325 110245 29045 1002530 72901 3925 3737 4369 72901 72901 2425 12325 1002530 7474 12325 1002530 29045 29045 463114 2425 72901 12325 29045 72901 72901 463114 4369 72901 72901 29045 29045 72901 765034 29045 29045 72901 12325 72901 29045 72901 4369 12325 12325 72901 110245 
465125 85 85 36101 85 36101 85 2513570 170 370 85 3530 85 85 465125 85 239434 465125 85 370 36101 465125 370 85 239434 36101 85 36101 85 36101 85 1285 465125 465125 85 85 10730 85 465125 465125 85 36101 85 85 85 36101 19018 465125 36101 85 19018 19018 85 85 465125 85 85 36101 85 36101 465125 85 36101 85 36101 36101 3849850 85 1339570 19018 65650 36101 85 19018 17945 36101 2513570 85 85 3530 3530 85 85 465125 19018 85 465125 85 5008645 85 85 85 19018 370 8825 85 17945 465125 85 21234250 85 85 85 17945 85 85 36101 36101 85 85 85 85 36101 65650 85 85 85 465125 170 17945 2513570 19018 19018 85 19018 85 36101 17945 85 465125 85 465125 3530 85 85 85 3530 3530 85 85 85 85 85 85 85 184325 36101 85 85 85 36101 85 17945 465125 370 239434 85 85 465125 85 85 36101 85 85 370 26811685 85 370 85 85 465125 85 85 85 465125 239434 170 36101 85 36101 85 85 3530 85 36101 17945 85 239434 85 85 465125 85 370 85 3530 85 85 202 19018 19018 5 202 85 85 10730 85 65650 19018 3530 85 85 36101 85 85 85 85 74 85 85 85 85 85 85 85 19018 65650 85 85 465125 85 465125 3530 465125 85 85 8825 465125 85 5 465125 36101 5 85 3530 85 85 36101 1285 85 36101 184325 85 85 170 85 202 85 36101 85 3530 85 19018 19018 17945 19018 85 36101 85 85 465125 85 370 19018 1058005 19018 85 85 85 170 29575325 85 85 3530 85 36101 85 3530 85 51850 85 85 85 465125 36101 85 36101 370 17945 65650 85 4753970 36101 85 85 85 85 85 5 19018 184325 85 85 17945 465125 3530 85 85 3849850 17945 36101 36101 36101 19018 239434 85 465125 85 36101 85 51850 19018 85 239434 4460545 36101 85 85 19018 3530 19018 85 85 36101 85 19018 85 85 85 170 36101 465125 465125 19018 85 465125 465125 85 85 85 85 8825 85 19018 85 19018 17945 36101 17945 85 85 3530 19018 465125 85 85 85 85 85 465125 239434 85 19018 85 19018 239434 36101 85 36101 85 465125 19018 85 465125 465125 85 85 85 85 3530 85 370 85 85 85 85 3530 85 85 85 465125 42807385 170 85 239434 8825 85 85 36101 85 85 85 36101 3530 465125 85 85 5 3530 17945 2657525 465125 85 85 85 85 19018 85 85 85 36101 465125 85 3530 202 465125 19018 85 19018 8825 465125 36101 465125 85 85 85 239434 85 85 85 1058005 85 465125 85 85 36101 85 465125 85 85 36101 85 85 85 85 85 85 85 36101 51638597 65650 36101 85 170 85 85 36101 85 465125 465125 36101 19018 85 85 465125 3530 85 36101 465125 85 85 17945 85 36101 85 85 85 85 85 85 85 36101 85 85 85 36101 36101 465125 85 85 36101 85 85 85 8825 17945 85 85 85 465125 465125 17945 85 85 85 170 85 36101 85 85 17945 85 3530 85 239434 239434 85 85 3530 85 85 85 17945 85 1058005 85 85 36101 85 465125 19018 85 85 85 85 85 85 36101 85 
85 1058005 2185625 85 29045 85 3530 85 85 85 85 36101 3530 184325 465125 463114 239434 85 465125 85 990002 85 110245 29045 85 29045 85 465125 85 85 202 85 85 85 36101 85 36101 3530 36101 85 85 85 85 36101 29045 51914 6394645 85 110245 29045 463114 463114 85 85 85 85 85 85 85 85 85 2185625 1058005 85 85 85 85 36101 110245 36101 85 85 463114 463114 36101 29045 85 29045 85 85 3536425 239434 85 29045 36101 2185625 85 85 36101 3530 85 463114 85 3737 29045 85 85 110245 36101 48312010 85 85 85 36101 202 85 3530 110245 85 202 85 85 3530 36101 29045 4755530 19018 29045 85 85 85 85 85 36101 36101 17945 3530 36101 8330017 465125 4753970 85 85 36101 465125 29045 85 463114 85 239434 85 3530 465125 85 85 85 85 85 19018 85 85 273205 36101 85 465125 85 85 85 36101 85 85 463114 85 85 36101 85 85 85 19018 85 17945 85 85 17945 85 85 85 695185 85 17945 3530 85 85 85 36101 36101 85 3737 463114 85 463114 85 17945 36101 17945 85 85 29045 85 69755905 465125 3530 85 36101 85 29045 36101 36101 85 239434 465125 85 465125 85 110245 85 85 85 463114 29045 17945 85 85 463114 184325 1285 3530 85 85 3530 85 5 85 85 85 85 85 85 110245 465125 85 85 463114 85 85 85 85 29045 85 85 85 5 85 465125 85 19018 85 463114 36101 85 85 85 465125 85 17945 85 29045 85 85 36101 17945 29045 85 465125 85 36101 85 17945 17945 17945 29045 85 85 465125 3737 85 4802045 85 85 239434 36101 29045 85 85 239434 85 29045 85 463114 36101 85 29575325 29045 176290 85 85 110245 85 85 85 85 36101 85 3530 36101 65650 85 29045 85 239434 85 85 110245 3530 74 29045 3737 85 36101 85 85 85 2185625 3530 17070010 85 29045 3530 465125 85 3530 85 36101 2916010 5 36101 85 85 85 3530 85 
51077 58325 1258 51077 5185 882325 1258 903170 1258 51077 51077 1258 1258 51077 1258 5185 1258 5185 1258 51077 1258 192085 5185 1258 1258 30634 1258 1258 5185 58325 1010 882325 370 1258 1258 1258 5185 1258 381925 1258 51077 1258 5185 51077 1258 1258 5410 1258 381925 1258 1258 5410 1258 58325 381925 381925 5185 1258 882325 95225 5185 5410 5185 1258 1258 1258 370 5185 1258 1258 1258 1258 1258 51077 1258 1258 51077 1258 1258 51077 1258 1258 5185 1258 5185 51077 1258 5185 58325 1258 51077 5185 1258 5185 5185 5185 58325 5185 10656185 5185 58325 1258 1258 1258 5185 4900505 381925 5185 1258 275570 1258 1010 5185 51077 51077 1258 882325 1258 5185 1258 51077 1258 5185 882325 5185 1258 5185 51077 1258 1047370 1258 5410 5410 381925 1258 1258 1258 5185 1258 2917265 51077 1258 5185 1258 5185 51077 51077 3736394 1258 5410 1258 1258 1258 1258 5185 1258 1258 1258 51077 1258 1258 1258 381925 1258 51077 5185 1258 835250 5185 381925 1258 882325 1258 58325 1258 1258 51077 51077 1258 1258 5185 3736394 1258 882325 5185 5410 5185 1258 1258 1258 1258 5185 1258 1258 3802501 2917265 1258 5185 5410 51077 51077 1258 5185 51077 1258 58325 1258 1258 2917265 5185 1258 1258 5410 51077 5185 1258 192085 58325 1258 1258 1031050 5185 1258 1258 58325 51077 1258 1258 1258 5185 1258 5005450 381925 51077 5185 1258 5185 1258 5185 51077 51077 51077 1258 58325 51077 1258 5185 1258 1258 381925 5185 1258 1258 1258 51077 1258 1258 51077 1258 1258 1258 5410 5185 1258 903170 1258 5185 1258 1258 5410 58325 1258 51077 882325 882325 51077 5185 51077 95225 58325 5185 1258 5185 1258 1010 1258 58325 1258 51077 1258 1258 58325 51077 1258 
4369 72901 10405 72901 29045 10405 10405 29045 29045 72901 29045 29045 273205 10293925 72901 72901 10405 1813370 29045 4850 29045 110245 29045 29045 29045 29045 463114 29045 29045 15317 72901 29045 29045 10405 10405 72901 29045 29045 29045 72901 3925 29045 29045 10405 459850 29045 72901 72901 72901 4369 29045 29045 170 110245 10405 29045 29045 29045 29045 10405 72901 29045 10405 72901 29045 29045 29045 1919249 4369 29045 110245 29045 110245 714425 29045 10405 10405 29045 29045 29045 29045 3737 10405 29045 29045 29045 29045 10405 10405 3925 463114 29045 29045 10405 29045 72901 463114 10405 29045 29045 29045 29045 10405 29045 714425 29045 29045 10405 72901 29045 29045 10405 10405 72901 110245 10405 110245 110245 29045 463114 273205 29045 72901 10405 10405 4850 10405 273205 10405 273205 29045 72901 29045 3925 459850 29045 10405 463114 4251845 72901 463114 10405 72901 29045 10405 72901 72901 714425 29045 72901 170 29045 459850 10405 72901 4850 72901 10405 10405 10405 29045 29045 72901 110245 72901 10405 10405 3925 29045 4850 72901 29045 459850 72901 10405 29045 3925 29045 176290 10405 29045 72901 3925 29045 29045 29045 72901 10405 459850 10405 170 10405 72901 72901 463114 10405 29045 29045 29045 29045 72901 110245 10405 10405 134292425 110245 10405 72901 29045 29045 10405 29045 72901 4369 4369 29045 10405 72901 72901 170 29045 1919249 29045 29045 72901 10405 10405 72901 10405 29045 72901 29045 72901 110245 72901 110245 10405 72901 29045 15317 3925 29045 10405 10405 29045 72901 459850 72901 3197105 29045 10405 110245 10405 29045 72901 10405 72901 4369 29045 104050 29045 10405 72901 3249010 110245 2185625 10405 273205 72901 29045 10405 10405 3925 29045 10405 72901 3925 10405 72901 3925 2185625 15317 72901 29045 110245 12023845 110245 273205 714425 4251845 10405 72901 29045 72901 3925 29045 10405 170 463114 29045 3925 170 72901 463114 4850 72901 29045 4369 72901 12023845 170 72901 714425 3737 110245 10405 10405 15317 29045 29045 29045 29045 10405 3925 2185625 29045 463114 10405 463114 29045 10405 72901 10405 29045 29045 29045 72901 72901 10405 72901 10405 10405 29045 72901 72901 29045 10405 273205 110245 72901 10405 29045 4369 273205 72901 29045 29045 72901 29045 10405 10405 170 10405 29045 29045 10405 72901 10405 29045 459850 273205 29045 463114 72901 29045 72901 29045 29045 29045 10405 29045 10405 72901 72901 10405 463114 29045 29045 110245 170 10405 17070010 463114 72901 29045 72901 10405 572050 10405 110245 29045 10405 463114 72901 273205 29045 29045 110245 29045 15317 29045 29045 29045 29045 29045 72901 10405 72901 2185625 29045 29045 3925 72901 29045 29045 10405 170 72901 29045 29045 463114 463114 72901 29045 29045 10405 4369 3925 72901 15317 110245 459850 29045 10405 10405 72901 29045 29045 463114 72901 72901 10405 29045 273205 72901 29045 10405 10405 29045 72901 72901 29045 29045 29045 10405 72901 29045 29045 51914 29045 3925 10405 29045 10405 10405 463114 10405 29045 10405 72901 29045 10405 273205 2185625 72901 110245 72901 459850 4755530 4850 72901 29045 10405 72901 29045 72901 29045 29045 72901 29045 10405 29045 29045 29045 29045 10405 3536425 29045 29045 29045 29045 29045 10405 10405 72901 459850 104050 72901 72901 29045 10405 72901 10405 29045 10405 10405 29045 29045 10405 10405 29045 459850 170 72901 110245 10405 72901 72901 10405 72901 10405 29045 2185625 10405 463114 72901 170 29045 235625 15317 29045 29045 10405 10405 10405 10405 72901 29045 10405 4369 29045 29045 110245 463114 29045 3925 72901 29045 29045 10405 72901 170 104050 10293925 104050 176290 29045 10405 10405 29045 29045 29045 29045 3925 29045 10405 72901 10405 29045 72901 463114 29045 29045 
74 74 16825 74 74 456977 101 456977 59200370 74 74 202 31754 74 74 16825 74 456977 74 456977 202 74 101 31754 456977 16825 4357 74 4369 74 8245 8245 202 74 8245 101 74 74 8245 202 202 8245 8245 74 363701 74 2425 8245 101 74 16825 8245 31754 74 8245 74 16825 74 74 8245 101 74 370 74 16825 74 190450 8245 74 8245 456977 74 101 363701 74 1018145 101 8245 74 74 363701 101 74 8245 74 74 456977 74 8245 8245 74 74 202 8245 2342345 74 74 10730 74 74 74 16825 74 202 363701 190450 16825 74 74 74 74 1047370 8245 74 8245 2514725 456977 8245 74 74 74 456977 74 74 101 74 4357 74 101 101 74 74 74 74 190450 74 74 101 202 74 74 74 101 8245 74 74 16825 74 16825 139511810 2455330 74 74 74 101 74 8245 74 74 74 74 74 8245 74 16825 456977 74 16193809 74 74 101 74 74 101 4357 4357 74 8245 101 101 31754 16825 101 8245 74 2720017 8245 74 74 456977 2425 74 10730 1018145 74 8245 8245 16825 190450 74 101 456977 74 74 74 74 101 74 190450 74 74 101 1018145 74 363701 101 74 4357 2425 101 8245 8245 8245 370 101 16193809 16825 74 74 16193809 74 74 101 101 4357 74 16825 74 16825 8245 8245 74 74 74 785 101 74 74 8245 74 74 101 74 74 2455330 74 74 74 456977 101 74 740690 74 370 8245 74 456977 456977 785 8245 16825 8245 74 74 202 8245 16825 74 74 74 74 1047370 74 74 74 8245 2720017 74 74 74 16825 370 8245 74 456977 19412402 74 101 456977 74 2514725 74 456977 101 74 74 456977 103433525 202 4357 74 456977 101 101 74 190450 74 74 6843890 8245 101 74 202 16825 74 74 74 456977 74 101 456977 74 74 8245 328250 74 10730 8245 202 74 74 8245 8245 101 8245 74 101 74 101 16825 74 101 456977 74 74 370 101 456977 16825 74 74 202 363701 74 101 74 74 74 16825 101 101 101 74 2425 74 101 74 4761010 456977 74 74 74 74 74 363701 8245 456977 74 101 16825 74 202 74 2425 16825 101 74 101 2425 363701 74 101 74 390730 74 456977 10730 74 101 202 74 101 16193809 74 74 74 6843890 74 16193809 456977 74 8245 74 74 74 74 456977 74 74 8245 101 202 16825 74 8245 74 74 74 190450 2425 8245 74 101 2425 8245 74 190450 456977 74 101 74 101 31754 8245 74 363701 74 8245 74 74 16825 74 101 202 26293865 101 101 74 16193809 74 74 101 74 16825 2425 202 74 8245 16825 74 74 202 16825 1018145 16825 16825 91536805 202 190450 74 74 74 74 74 101 2425 74 74 101 74 74 74 101 74 74 74 74 16825 4357 74 8245 74 74 74 74 74 190450 101 74 
882325 1601 95225 1601 1601 5185 5185 5185 5185 10 1258 1601 5410 2101810 58325 5185 882325 381925 17444650 5185 5185 5185 1258 1601 5185 89725 1601 1601 1258 1258 5185 5185 835250 5185 1601 1601 5185 882325 1258 1601 5185 5185 5185 1258 5185 882325 381925 1258 5185 328696901 170 1258 5185 381925 5185 5410 1258 1601 5185 5410 1258 236197 835250 5185 5185 1258 5185 5410 1258 381925 5997634 882325 1601 5410 5185 5185 1601 58325 5185 381925 1258 5185 5185 5185 381925 5185 95225 1258 1258 5185 1601 95225 5185 1258 1601 10 5410 5185 5185 1258 5185 370 5185 5185 5185 381925 1258 381925 255385 5185 1258 5185 5185 95225 381925 1601 5185 1047370 882325 1601 5185 1258 58325 882325 5410 381925 95225 5185 5185 5185 1601 1601 5185 5185 1601 5185 5185 1601 1258 5185 5185 1601 95225 10 5185 5185 24505 1258 5185 5185 1258 30634 1258 5185 1601 5185 1258 1601 5185 381925 1258 5410 1601 1601 381925 5185 381925 95225 1258 8005 381925 5185 5185 5185 5185 381925 5185 95225 381925 5185 1258 1743625 5185 1258 5185 1258 95225 255385 381925 1601 1601 1258 95225 1258 5185 381925 5185 5185 1601 835250 1258 1258 5185 89725 5185 1258 5185 1601 1258 1258 1258 381925 1601 5410 1601 1601 1258 5185 5185 1258 381925 5185 5185 381925 95225 381925 5185 5185 1601 1601 5185 381925 5410 5185 30634 5185 2679125 1258 882325 5185 1601 1258 5185 5410 1743625 5185 381925 5185 5185 5185 5185 381925 5185 408850 95225 5185 5185 30634 381925 3889625 5185 5867090 1258 5185 5185 255385 58325 5185 255385 1258 1601 381925 89725 381925 10 1601 95225 5185 1601 5185 1258 5185 1258 20146685 1258 58325 95225 5185 4631105 5185 1601 1258 5185 5185 10 1601 1258 5185 381925 1601 882325 5185 5185 1258 1258 1258 381925 5185 5410 24505 381925 5185 5185 5185 1258 5185 1258 381925 1258 5185 5185 5185 5185 1258 5410 5185 1258 5185 381925 1601 1258 45002 5185 1601 24505 5133725 5185 5185 5185 5185 1258 1258 1258 5185 5185 1601 255385 5185 5410 5185 328250 1601 5185 5185 5185 5185 381925 1601 8005 835250 5185 5185 1601 1601 5185 5185 5185 3779698 10 1601 5185 1259557 1258 5185 5410 1258 882325 1601 5185 1170325 5185 5410 5185 1601 5185 1601 1601 5185 381925 5185 1601 1601 5185 5185 5185 5185 5185 835250 5185 5185 5185 1601 5185 381925 1258 5185 5185 1258 882325 882325 5185 5185 1601 1601 882325 1601 5185 1601 882325 5185 1258 5185 5185 5185 5185 1601 5185 1258 5410 5185 1258 1258 5185 381925 1601 95225 5185 1258 5185 5185 1258 1259557 5185 5185 5185 1258 1258 1258 5185 1601 835250 381925 5185 95225 1601 1601 1258 5185 89725 95225 381925 58325 5185 5185 89725 1258 1258 5410 381925 1258 5185 5185 5185 1601 5185 5410 1258 10 1258 1601 5185 5185 3736394 5185 1601 5185 255385 30634 1258 1601 95225 5185 5185 1601 5185 1601 5185 5185 1601 5185 5185 5185 95225 1258 5185 5185 1601 1601 5185 5185 1258 5185 5185 5185 1258 255385 5185 5410 5185 5185 5185 5185 5185 1258 5185 5185 1601 5185 5185 5185 1258 1258 95225 1258 89725 882325 2017450 1258 5185 871202 5185 835250 1601 5185 5185 8080202 5185 5185 1601 5410 381925 5185 835250 1258 1601 835250 95225 5410 5185 24505 5185 1258 1601 1170325 1258 5185 1258 5185 10 1258 5185 5185 1258 95225 882325 5185 5185 5185 381925 1258 381925 1601 5185 1258 5185 3492970 5185 
17 720002 12325 9802 89725 17 17 17 17 17 9507458 17 17 17 9802 884425 9802 17 17 17 7474 17 9802 45002 89725 884425 9802 679225 17 17 17 17 45002 12325 12325 17 6522730 12325 12325 17 17 17 12325 9802 12325 17 273205 17 720002 17 12325 1002530 17 17 10 17 45002 720002 17 17 45002 45002 12325 9802 9802 17 89725 170 12325 45002 9802 720002 17 12325 9802 45002 17 17 17 17 12325 17 10 17 17 45002 17 17 9802 89725 679225 17 12325 17 17 17 17 45002 89725 17 12325 17 79385 17 9802 9802 17 9802 17 9802 12325 17 17 17 17 9802 17 17 17 17 261994 17 17 17 17 9802 679225 17 45002 17 45002 261994 45002 261994 17 17 17 170 9802 17 17 17 10 12325 17 17 12325 45002 9802 1002530 17 17 2106385 17 17 12325 45002 720002 17 17 17 17 17 261994 17 17 9802 1002530 48674 17 17 17 9802 17 170 170 17 17 17 17 6356597 45002 17 12325 10 17 17 720002 17 17 17 45002 45002 10 17 12325 12325 17 415874 17 12325 125450 17 45002 17 43690 17 720002 17 45002 17 45002 9168970 679225 17 17 12325 1002530 12325 45002 17 9802 17 1133458 45002 17 12631765 17 45002 441010 17 9802 9802 45002 45002 17 17 17 17 9802 17 17 17 17 17 9802 9802 17 9802 12325 17 17 89725 720002 12325 9802 720002 17 1133458 17 17 415874 89725 45002 9802 441010 17 2106385 17 679225 653225 9802 43690 45002 17 89725 12325 9168970 17 720002 9802 17 9802 17 17 10 17 17 45002 12325 17 17 17 17 12325 17 17 17 12325 89725 17 679225 10 17 17 17 17 17 17 10 17 2106385 17 12325 17 10 17 9802 17 12325 1924925 45002 10 17 170 170 17 12325 720002 21172117 17 17 170 17 45002 720002 9802 9802 170 720002 9802 45002 10 17 30425 17 17 17 89725 17 17 1002530 12325 17 12325 12325 17 9802 17 12325 17 12325 9802 12325 415874 17 17 17 17 17 6751225 17 43690 17 17 12325 17 17 17 
4977785 170 17 17 202 17 9802 17 17 202 17 1924925 17 45002 17 17 10 9802 9802 17 17 10 45002 17 9802 240101 240101 240101 17 170 17 10 45002 1133458 1924925 17 17 45002 17 10 261994 17 9802 2106385 9802 9802 679225 17 1133458 45002 89725 17 17 17 89725 17 45002 17 17 30425 17 17 17 17 17 9802 17 202 17 17 202 17 202 17 17 720002 17 17 17 17 17 17 170 17 45002 43690 17 17 17 17 170 170 10 17 17 720002 9802 17 77450 17 261994 89725 17 202 45002 17 720002 45002 17 5270770 170 1133458 17 17 17 170 17 45002 170 17 17 17 89725 10 17 9802 17 9802 720002 17 202 17 202 17 17 202 17 9802 9802 17 9802 17 17 240101 202 6356597 720002 17 17 45002 17 17 12325 45002 202 17 9802 12325 17 17 17 17 17 77450 17 10 17 9802 17 17 17 686450 9802 170 10 202 17 45002 45002 202 17 17 202 679225 679225 17 10 43690 17 12325 17 202 17 9802 720002 12325 17 9168970 17 17 9802 9802 10 17 12325 45002 17 45002 98128837 17 9802 17 17 17 202 17 240101 17 9802 45002 45002 202 9802 202 17 17 17 9802 9802 17 17 720002 9802 17 202 17 679225 10 17 10 17 17 202 17 12325 17 17 45002 9802 17 17 17 12325 17 202 17 12325 17 17 17 17 9802 17 202 17 17 17 10 202 202 9802 45002 17 240101 240101 202 45002 9802 17 17 17 17 17 45002 17 45849890 30425 17 17 17 17 240101 9802 17 17 17 17 17 3597217 17 17 
170 17 85 85 17 17 45002 85 85 17 36101 85 85 17 17 85 85 85 85 2657525 85 85 85 17 45002 261994 261994 720002 85 17 17 17 5 17 85 17945 17 85 85 170 17 17 45002 720002 17 17 85 85 17 720002 17 4753729 85 17 5 17 85 17 85 85 202 36101 85 148138 17 720002 85 17 17 170 5 17 85 17 17 85 45002 45002 720002 85 45002 85 17 85 36101 85 85 17 720002 85 85 36101 17 17 1285 239434 170 6492725 17 239434 17 17 85 17 720002 2036290 9802 17 17 17 17 17 85 9168970 17 17 85 29575325 85 17 17945 85 85 5 17 45002 17 45002 720002 6492725 17 36101 85 45002 17 17 36101 17 170 85 17 17 695185 170 17 43690 85 170 85 85 85 17 9802 85 17 45002 1351370 679225 36101 170 65650 85 17 36101 17 85 17 85 45002 17 17 17 85 85 5 17 17 17 85 170 17 85 85 85 45002 17 85 17 170 720002 17 679225 85 85 17 17 36101 17 85 17 85 85 239434 17 679225 17 17 36101 239434 17 17 17 17945 45002 17 17 720002 17 85 17945 441010 85 17 17 679225 85 85 17 17 17 85 85 17 9802 85 85 85 17 36101 17 85 85 17 17 17945 85 17 1058005 85 85 17 85 17 36101 9802 17 85 17 17 17 17 85 17 17945 85 85 17 85 85 17 17 17 17 85 17 17 17 17 85 202 85 17 85 17 17 17 85 17 36101 5 17 17 695185 65650 202 17 679225 85 17 85 239434 2036290 17 720002 17 17 17 17 85 666658 17 17 17 17 85 17 43690 17 85 85 679225 17 85 85 45002 17 5 85 45002 85 17 17 720002 85 17 85 17 17 45002 17 17 17 5 17 85 5 10876450 45002 170 17 17 45002 17 17 36101 17 85 17 17 17 17 85 17 85 45002 17 36101 17 17 5 85 45002 85 17 85 85 679225 5 17 239434 45002 85 170 45002 17 36101 36101 17 239434 45002 17 720002 45002 85 85 85 17 17 17 239434 85 148138 17 36101 85 36101 695185 17 679225 85 17 17 85 17 17 17 720002 45002 17 17 720002 17 85 45002 239434 17945 17 695185 17 65650 17 679225 45002 17 17 17 85 17 17 9802 36101 6394645 17 85 679225 17 5 85 85 17 5 36101 17 17 17 36101 85 36101 85 17 45002 85 17 17 6522730 85 85 5 85 124545601 179945 239434 45002 9802 36101 17 85 85 17 17 36101 170 695185 17 17 5 36101 202 170 36101 17 17 85 45002 85 202 85 85 17 17 85 36101 85 695185 85 17 17 17 17 17945 17 170 17 
17 25925 17 1601 3925 17 1601 130610 17 10 25925 1601 679225 1601 17 45002 1279625 17 25925 45002 17 25925 679225 170 720002 170 1601 3925 25925 272485 17 1601 17 45002 510770 272485 1601 17 17 1601 45002 25925 17 1601 17 17 1279625 1179397 1179397 1601 45002 17 1601 1601 1601 1601 88657930 1601 170 272485 45002 1601 17 170 45002 45002 1179397 45002 17 1179397 1601 17 25925 17 17 170 1601 17 45002 17 1601 25925 17 679225 170 25925 1601 45002 17 25925 45002 1601 25925 17 1240025 17 17 10 1601 272485 17 1601 170 1601 170 17 17 17 45002 170 25925 3925 17 45002 45002 1601 17 17 17 25925 272485 261994 272485 272485 27050 17 17 1601 1601 17 10 17 1601 272485 3925 17 17 17 1179397 1601 25925 17 1601 25925 25925 272485 1601 17 3925 17 17 1601 1601 45002 17 17 1279625 272485 272485 17 1601 17 17 10 45002 17 25925 1601 17 17 261994 17 1601 720002 1601 1601 25925 10 45002 1601 1601 3925 170 261994 17 272485 17 1601 119258570 17 
15317 15317 17371250 15317 10405 239434 10405 6290 10405 10405 10405 4369 15317 34 4369 970 15317 10405 10405 34 83146474 34 4369 45002 15317 34 4369 34 34 10405 239434 6290 10405 4369 4369 15317 3411274 239434 4369 15317 10405 10405 10405 4369 276770 15317 15317 6290 15317 15317 4369 10405 34 10405 15317 121685 15317 10405 10405 10405 4369 104050 10405 15317 10405 15317 121685 276770 4369 10405 10405 10405 34 239434 10405 4369 4369 10405 10405 714425 4369 10405 71978 4369 15317 464290 10405 34 34 10405 34 10405 10405 10405 10405 15317 4369 10405 10405 38054090 10405 4369 4369 15317 6290 10405 10405 10405 4369 34 71978 4369 121685 10405 6290 15317 970 239434 34 34 10405 10405 10405 15317 81044837 17 10405 10405 15317 10405 10405 10405 15317 10405 8304517 10405 10405 15317 4369 10405 239434 970 17 10405 10405 170 4369 10405 4369 10405 10405 102154 15317 4369 7911229 276770 239434 10405 15317 15317 239434 4369 15317 15317 121685 4369 276770 10405 6290 714425 464290 15317 34 10405 239434 6290 15317 15317 4369 10405 15317 10405 10405 15317 10405 34 17 970 10405 1512901 10405 10405 10405 10405 10405 10405 10405 10405 34 10405 729625 10405 10405 104050 10405 10405 34 15317 4369 15317 170 6290 10405 6290 4369 6290 34 10405 170 15317 10405 6290 34 4369 4369 15317 4369 10405 10405 6290 34 239434 10405 10405 6290 170 6290 15317 10405 10405 10405 10405 10405 10405 10405 10405 10405 10405 10405 6290 15317 10405 10405 10405 4369 4369 34 10405 4369 10405 10405 4369 10405 15317 4369 15317 10405 10405 17 239434 10405 34 45002 10405 15317 714425 10405 4369 4369 34 10405 15317 10405 10405 6290 10405 10405 4369 15317 276770 15317 239434 6290 10405 4369 4369 239434 6290 10405 276770 10405 10405 34 10405 10405 15317 15317 276770 4369 15317 10405 4369 4369 239434 4369 15317 10405 4369 10405 10405 102154 170 4369 10405 4369 10405 10405 15317 6290 15317 15317 34 4369 10405 34 170 239434 34 15317 970 5326865 121685 171463685 6290 10405 4369 10405 15317 10405 10405 239434 170 10405 4369 10405 10405 15317 464290 10405 10405 10405 170 6290 10405 10405 10405 17 4369 15317 239434 34 10405 10405 4369 4369 4369 15317 6290 4369 10405 71978 10405 4369 15317 10405 15317 34 34 15317 10405 170769505 1512901 10405 10405 170 10405 15317 10405 15317 10405 10405 10405 10405 276770 10405 6290 15317 4369 15317 10405 17 34 10405 6290 10405 10405 10405 10405 15317 8738 10405 10405 10405 4369 10405 10405 15317 10405 4369 239434 15317 15317 10405 15317 4369 10405 10405 239434 10405 4369 10405 239434 10405 4369 10405 4369 6290 10405 10405 239434 10405 170 10405 4369 239434 10405 10405 10405 10405 15317 10405 35120450 
19018 18685 18685 36101 36101 18685 85 465125 13450 13450 18685 18685 18685 1666645 3145 18685 19018 19018 18685 18685 18685 3145 18685 13450 3145 19018 18685 36101 18685 19018 18685 3145 370 465125 18685 18685 727402 18685 18685 51850 19018 19018 18685 18685 465125 85 34 34 18685 18685 18685 18685 18685 13450 13450 13450 18685 85 85 34 85 13450 18685 85 13450 36101 19018 18685 19018 19018 85 18685 465125 36101 36101 36101 18685 18685 13450 19018 36101 19018 36101 18685 18685 18685 18685 34 465125 19018 18685 18685 18685 18685 34 18685 544970 51850 18685 18685 18685 13450 19018 85 18685 13450 34 19018 18685 18685 18685 18685 36101 18685 19018 18685 465125 13450 19018 13450 19018 36101 34 3145 34 36101 18685 85 19018 19018 36101 465125 36101 18685 18685 18685 18685 18685 18685 18685 18685 19018 34 170 19018 18685 19018 18685 544970 144761945 18685 13450 465125 19018 85 19018 13450 18685 18685 36101 13450 465125 3145 18685 85 34 13450 13450 19018 18685 18685 3145 201745 370 18685 18685 36101 18685 19018 13450 18685 961010 19018 18685 36101 18685 18685 34 85 19018 13450 85 13450 18685 19018 18685 18685 34 36101 13450 18685 19018 19018 85 18685 18685 18685 18685 18685 18685 85 18685 18685 19018 18685 36101 19018 18685 18685 18685 36101 19018 19018 19018 118474 19018 36101 18685 34 85 18685 34 36101 2513570 3145 465125 13450 18685 18685 13450 1666645 18685 18685 19018 18685 13450 18685 34 43690 18685 19018 18685 19018 36101 1450 18685 3145 19018 85 36101 34 19018 465125 85 13450 18685 19018 2513570 3145 19018 19018 145802 18685 13450 18685 18685 18685 85 18685 85 85 85 18685 19018 85 18685 18685 18685 18685 85 18685 13450 18685 13450 13450 19018 18685 18685 2513570 85 19018 19018 18685 34 34 18685 34 19018 13525 18685 36101 19018 19018 13450 18685 13450 18685 36101 13450 19018 19018 370 18685 19018 19018 36101 18685 18685 3145 36101 4930 4460545 18685 465125 13450 13450 118474 3145 463114 13450 17478578 36101 18685 19018 18685 18685 18685 18685 18685 19018 36101 18685 13450 13450 13450 18685 18685 85 18685 19018 85 19018 85 18685 18685 13450 18685 19018 36101 18685 36101 36101 19018 36101 85 18685 36101 18685 85 34 18685 145802 19018 18685 18685 1450 727402 13450 19018 18685 19018 36101 18685 19018 18685 18685 19018 34 36101 18685 5657525 19018 465125 36101 36101 19018 19018 36101 3390410 465125 18685 18685 18685 13450 13450 85 727402 18685 18685 19018 18685 18685 19018 18685 34 18685 18685 18685 19018 19018 13450 13450 19018 13450 18685 18685 18685 18685 19018 18685 170 18685 18685 13450 18685 13450 19018 18685 18685 465125 36101 13450 19018 370 19018 19018 18685 19018 13450 19018 19018 18685 18685 18685 19018 36101 465125 18685 36101 18685 465125 19018 13450 463114 18685 465125 19018 85 18685 19018 18685 13450 465125 19018 13450 465125 13450 13450 19018 18685 36101 18685 19018 19018 3145 19018 19018 18685 36101 727402 51850 13450 18685 36101 34 13450 18685 18685 36101 465125 18685 1450 465125 18685 19018 34 170 18685 18685 19018 465125 34 19018 19018 34 13450 18685 18685 18685 2480725 18685 13450 18685 36101 465125 18685 18685 19018 18685 19018 34 18685 34 18685 18685 13450 18685 18685 18685 19018 19018 19018 19018 18685 2480725 
34 3925 5551114 18685 8005 36101 34 6290 34 34 34 34 312505 18685 85 34 465125 34 34 3031865 36101 312505 18685 6290 19018 85 34 3031865 103970 465125 34 34 34 34 34 36101 239434 85 312505 34 19018 34 13450 85 36101 34 37370 6290 34 34 34 34 6290 1089010 6290 2490914 18685 85 34 36101 239434 34 3031865 8005 8005 3925 6290 34 8005 465125 85 34 34 3031865 2679625 34 3925 3925 8005 8005 34 103970 34 6290 8005 34 34 34 85 34 34 34 34 3031865 6290 312505 8005 36101 34 239434 34 34 85 312505 465125 34 19018 34 8005 3925 312505 34 34 465125 34 34 312505 312505 3925 239434 85 465125 34 34 34 34 6290 19018 34 85 312505 465125 34 34 85 34 36101 3925 239434 34 34 6639370 34 465125 6290 13450 85 34 239434 34 34 36101 465125 312505 6290 34 36101 36101 34 465125 13450 3925 34 34 
3925 8005 3031865 34 34 3925 8005 34 3031865 312505 34 34 3925 34 3925 34 25925 3925 3925 8005 468812825 34 34 34 3925 3925 34 3925 2679625 34 3925 34 3925 34 3925 34 34 3925 25925 103970 3925 34 34 34 34 34 34 3925 8005 3925 8005 34 34 3925 3925 3925 103970 34 312505 1089010 2679625 3925 25925 34 3925 34 34 27050 34 34 34 3925 20506250 4411625 34 34 3925 25925 34 312505 3925 34 34 34 34 35832197 34 34 34 34 1089010 2679625 34 34 103970 25925 3925 2490914 34 2679625 34 3925 3925 34 34 3925 34 312505 3925 6528650 34 3925 34 312505 34 3925 34 103970 316850 34 3925 34 34 8005 3925 312505 34 3925 34 3925 34 3925 25925 3925 34 312505 34 8005 312505 3925 34 34 1089010 3031865 3925 34 34 34 34 8005 34 34 25925 3031865 34 34 34 
465125 19018 85 85 2513570 36101 85 85 85 36101 85 85 85 19018 465125 85 170 465125 85 85 85 36101 85 85 36101 51850 36101 85 85 85 85 36101 85 19018 85 85 465125 85 36101 85 465125 19018 695185 36101 85 85 85 85 19018 465125 85 85 36101 465125 85 85 85 85 85 465125 2657525 85 85 465125 85 85 19018 65650 85 85 19018 19018 85 36101 85 85 544970 85 239434 465125 85 36101 85 36101 85 465125 465125 36101 85 85 465125 85 36101 85 85 85 85 51850 85 85 36101 36101 85 36101 85 3145 19018 202 465125 85 85 36101 85 19018 85 85 36101 85 85 85 465125 19018 36101 85 85 85 85 695185 85 1450 85 85 202 85 85 36101 243370 465125 36101 85 370 85 19018 19018 465125 36101 170 85 85 202 36101 85 85 85 65650 85 36101 465125 239434 85 36101 85 85 19018 85 85 85 85 465125 36101 85 85 19018 85 85 85 85 85 85 465125 85 85 170 36101 465125 85 
202 202 7527530 8245 202 1717 202 85 202 202 1717 85 202 2594 202 202 202 8245 202 202 202 85 202 1717 202 8245 286565 8245 1717 686450 85 202 216580325 1717 1717 1717 1717 85 63370 202 202 202 202 1717 77450 202 85 1717 806045 202 505 1717 74 8245 202 202 202 286565 85 2506325 8245 202 85 1717 202 202 63370 202 55114 202 4977785 2594 8245 202 202 8245 202 2594 202 202 505 202 85 1717 202 85 8245 202 8245 85 202 1717 85 1717 3838498 1717 202 85 8245 202 1717 202 202 202 1717 1717 202 1717 505 1717 202 940325 1717 202 202 85 505 8245 202 12666245 361010 1717 1717 1717 202 202 1717 1717 1717 1717 202 8245 1717 202 202 202 202 202 202 202 156658 8245 8245 1717 202 1717 202 202 85 202 202 202 1717 202 1717 202 202 202 85 240101 202 1717 202 1717 8245 286565 202 240101 1332970 202 8245 202 17478578 1717 1717 8245 8245 1717 77450 202 202 1717 1717 202 85 202 1717 85 286565 202 202 8245 77450 1240025 202 85 1717 8245 505 202 202 202 8245 1717 202 202 85 1717 202 202 1332970 240101 8245 202 505 1717 8245 202 202 505 85 8245 1717 202 1240025 1717 202 286565 1717 202 240101 202 202 77450 202 202 202 1717 1717 505 1717 1717 1717 202 85 202 1717 202 1717 1717 2594 202 202 202 1717 1717 8245 1717 202 240101 5834825 202 8245 202 85 505 202 202 202 202 1717 202 55114 77450 202 1717 202 286565 202 202 240101 202 1717 202 1717 1717 1717 505 85 1717 8245 202 202 286565 1717 8245 240101 202 202 1717 1717 8245 202 1717 1717 202 1717 1717 202 202 8245 286565 202 1717 85 202 202 2594 286565 1717 202 286565 202 240101 1717 202 202 8245 202 202 1717 8245 202 202 202 1717 202 202 1717 55114 2178005 202 505 202 55114 1717 8245 202 202 1717 74 85 202 202 202 505 202 1717 85 1717 202 202 1717 940325 1717 202 202 202 55114 202 63370 
202 17945 1717 1717 1717 202 1717 1717 3638050 1717 85 940325 49745450 85 1717 202 2036290 505 1717 202 1717 1717 202 85 202 2594 1717 202 202 85 85 3530 505 1717 695185 29575325 936370 202 85 505 3530 85 17945 202 1717 202 202 202 1717 1717 19018 63370 85 505 19018 2036290 202 202 202 623225 17945 85 1717 202 5 202 1717 6394645 202 19018 202 1717 5 2594 85 1717 5 202 202 940325 202 202 202 202 202 19018 85 2178005 85 1717 5 85 29955250 1717 202 2594 505 5 202 1717 1717 1717 5 85 85 
202 202 2594 202 2594 1717 940325 3737 1717 8245 202 202 8245 202 1717 1717 1717 1717 1717 202 1717 286565 202 202 170 202 202 2594 1717 202 202 3737 202 1717 1717 8245 1717 286565 1717 1717 1717 55114 202 1717 202 8245 1717 2594 8245 361010 1717 202 202 1717 1717 1717 3737 1717 3737 202 202 202 3737 1717 4904714 1717 8245 8245 202 202 940325 202 1717 1717 202 202 1717 2594 361010 1717 1717 240101 1717 202 202 202 202 1717 1717 202 1717 202 202 1717 202 505 2594 202 202 2594 1717 1717 202 1717 202 1717 1717 202 202 1717 202 8245 1332970 505 1717 202 202 202 1717 1717 202 202 505 2594 202 77450 202 1717 202 1717 202 202 202 1717 1935025 202 1717 202 202 77450 1717 55114 2594 202 202 77450 202 202 202 1717 77450 1717 202 202 1717 2594 1717 1717 8245 202 1717 1717 202 1717 8245 3737 202 202 202 202 202 1717 202 202 1717 1717 202 1717 22858489 1717 202 202 1717 1717 202 202 202 202 202 1717 3737 202 940325 202 202 1717 505 1717 
1717 18685 1717 2594 13450 18685 1717 1717 1717 2594 1717 202 18685 1717 1717 18685 18685 18685 3145 1717 18685 1717 1717 202 49010 202 505 1717 1717 505 202 505 202 202 3145 202 3145 55114 13450 505 18685 1717 1717 202 202 1717 1717 202 202 202 1717 1717 1717 1717 1717 18685 202 55114 18685 1717 1717 1717 1717 505 202 202 18685 505 1717 2594 1717 202 202 1717 3737 202 202 1717 202 202 14214290 13450 202 1717 55114 1717 1717 1717 505 202 1717 202 145802 202 1717 202 1717 1717 202 202 463114 202 63370 1717 3145 18685 3737 202 202 202 2178005 1717 202 202 1717 202 202 202 505 1717 1717 2594 202 1717 505 145802 202 18685 202 202 2480725 505 1010 202 434314 1717 202 3737 202 1717 1717 202 1717 202 202 1717 202 202 1717 3145 505 18685 1717 1717 202 18685 13450 202 18685 202 202 13450 13450 18685 2594 202 202 1717 1717 202 202 18685 202 5120245 1717 202 1717 202 1717 505 202 202 1717 1717 202 202 1717 2594 202 1717 34 202 1717 202 1717 1717 3145 202 18685 13525 505 42807385 202 13450 202 18685 202 1717 202 1717 940325 505 202 13450 1717 3737 202 202 202 1717 1717 1717 1717 202 202 202 2594 1717 434314 505 202 940325 202 202 1717 1717 202 202 505 19802501 13450 1717 434314 1717 202 1717 145802 202 1717 202 18685 1717 505 1717 202 2594 202 34 1717 18685 1717 202 1717 2480725 202 3737 202 18685 505 1717 13525 202 940325 1717 1717 174929525 1717 2594 202 202 202 2594 202 1717 1717 42807385 202 1717 202 202 1717 1717 1717 202 202 1717 202 202 1717 202 1717 1717 1717 13450 2594 505 2594 202 202 202 1717 1717 34 18685 1717 202 1717 2325625 13450 1717 1717 202 63370 12666245 202 202 2594 1717 18685 1717 1717 202 17170 202 202 1717 2594 202 18685 1717 1717 18685 202 63370 18685 202 1717 434314 202 1717 3737 1717 202 2594 1717 18685 3145 13450 1717 3145 1717 145802 202 2178005 202 2594 202 34 3145 202 3737 1717 18685 1717 1717 1717 202 1717 3145 202 1717 1717 1717 1717 202 1717 202 1717 202 1717 1717 202 1717 1717 202 202 1717 202 202 202 202 1717 1717 145802 1717 1717 202 202 1717 1717 1717 202 13450 1717 202 505 3737 202 202 1717 202 202 1717 1717 18685 1717 202 1717 1717 202 505 18685 202 1717 2594 1717 1717 1717 18685 2594 3737 463114 1717 1717 18685 13450 202 202 202 202 18685 1717 1717 202 1717 3434 34 1717 940325 1717 13450 202 2480725 202 2594 1717 1717 1717 1717 1717 1717 202 1717 1717 1717 202 1717 3145 2547217 1717 1717 1717 13450 18685 202 55114 202 
261994 679225 170 17 720002 17 170 17 170017 112897 17 170 679225 17 45002 17 9802 22638565 17 112897 45002 170 45002 170 17 17 17 679225 45002 170 17 45002 45002 17 720002 45002 2212405 170 45002 170 17 45002 45002 17 2570 61217 17 17 43690 170 17 170 61217 45002 170 61217 170 45002 45002 17 170 45002 170 170 170 170 45002 170 17 45002 56070145 45002 112897 170 9802 17 170 17 45002 112897 17 9802 112897 17 45002 17 17 2506325 17 17 170 170 17 17 17 112897 17 17 170 17 17 17 20848357 17 170 170 45002 170 17 17 61217 45002 45002 170 45002 45002 3597217 17 720002 17 17 17 17 170 17 112897 45002 9802 45002 45002 17 45002 170 45002 170 170 170 170 45002 45002 17 170 4101250 17 170 17 17 170 2106385 170 17 170 170 170 45002 170 261994 17 17 17 112897 20848357 2570 45002 55114 679225 170 170 17 679225 170 10 45002 170 261994 170 45002 170 17 17 170 17 45002 170 17 9802 55114 45002 17 45002 2570 17 170 61217 9802 17 170 720002 170 170 9802 45002 170 170 679225 45002 170 10 45002 170 45002 720002 170 45002 170 45002 45002 261994 17 170 17 17 18434594 170 170 45002 170 61217 170 45002 17 261994 45002 17 170017 170 17 45002 170 170 170 55114 170017 679225 45002 170 17 720002 170 170 170 112897 261994 45002 17 45002 6356597 45002 17 45002 170 170 112897 101364625 45002 17 170 112897 17 45002 170 17 170 61217 45002 170 45002 45002 45002 17 10 61217 45002 170 45002 45002 170 6356597 720002 17 17 9802 170017 45002 45002 45002 17 170 45002 45002 61217 170 170 45002 17 17 17 45002 170 170 170 17 17 45002 17 112897 261994 45002 45002 170 170 45002 45002 170 45002 170 45002 170 45002 45002 45002 720002 170 61217 17 17 112897 170 17 9802 45002 45002 170 61217 170 170 17 10 170 170 17 17 45002 17 17 2106385 45002 112897 17 45002 45002 55114 17 45002 17 884425 45002 170 679225 45002 45002 61217 17 17 720002 720002 170 261994 17 170 45002 170 170 45002 170 679225 170 170 170 170 679225 679225 30425 45002 679225 61217 9802 170 17 170 720002 45002 17 45002 2570 170 9802 61217 61217 61217 17 45002 261994 17 45002 17 45002 45002 45002 45002 9802 679225 17 261994 61217 45002 17 45002 45002 679225 17 720002 720002 170 170 170 17 170 170 17 17 17 112897 344179417 17 170 17 45002 17 45002 17 679225 61217 45002 45002 17 45002 45002 17 170 9802 170 170 170 9802 9802 17 170 17 170 61217 170 170 45002 17 17 17 45002 170 170 61217 17 170 170 61217 45002 17 170 17 45002 45002 170 170 45002 45002 43690 2570 112897 170 6801665 17 45002 17 317766277 112897 45002 884425 45002 17 61217 45002 17 45002 170 45002 261994 170 170 17 170 45002 720002 45002 45002 170 17 45002 170 170 17 23343125 45002 17 170 170 8140885 45002 170 17 8140885 17 170 112897 45002 45002 45002 17 17 17 45002 679225 45002 43690 55114 261994 9802 45002 61217 679225 170 17 17 170 45002 45002 45002 17 17 17 170 720002 170 170 2700490 17 45002 45002 170 170 17 679225 17 17 45002 
1258 58325 1570 58325 170 1258 51077 1258 51077 1258 1258 1258 51077 170 1258 1258 1570 1258 51077 51077 170 51077 58325 1258 170 1258 51077 903170 1258 1258 8728810 51077 903170 1258 170 1570 51077 170 51077 1258 51077 1258 370 1258 1258 1010 170 1258 1258 170 903170 51077 1258 1258 1258 58325 1258 1258 14945125 1258 1258 1031050 1570 275570 51077 170 370 51077 51077 1258 51077 1258 58325 1258 51077 170 1258 1258 51077 170 1010 170 1258 30634 3736394 185 170 1258 170 1570 51077 51077 170 51077 51077 170 1258 170 370 1258 1258 58325 51077 370 30634 170 1570 903170 1258 1258 1258 51077 1258 1258 1258 51077 22474 51077 1258 1258 1258 51077 58325 51077 170 170 51077 1570 58325 170 58325 110245 1258 1258 51077 51077 170 170 1258 1258 51077 1570 51077 1258 51077 170 1258 58325 1010 170 2917265 170 51077 1258 170 51077 1258 5410 1010 51077 1258 170 170 1258 1258 51077 170 51077 51077 1258 1258 1258 51077 51077 51077 51077 170 1570 170 1258 1258 170 1258 1258 121685 170 51077 170 1258 1258 1010 1258 58325 170 170 1258 1258 51077 1258 170 1258 170 170 170 170 51077 51077 51077 51077 51077 51077 1258 1258 51077 51077 110245 51077 1570 11803445 51077 1258 170 58325 1258 1258 170 1258 170 1570 1258 170 58325 149817601 51077 58325 170 1258 1258 1258 1258 1010 1570 1258 51077 51077 170 1258 58325 51077 51077 1258 2917265 2679125 51077 51077 1258 58325 110245 370 170 1258 170 1258 1258 58325 170 1258 1258 51077 1258 1258 58325 51077 51077 170 179945 170 170 170 51077 1258 1570 1258 51077 2917265 1258 51077 51077 1258 65170250 51077 370 51077 1570 1258 170 170 170 3802501 1258 51077 1258 170 51077 170 58325 170 170 51077 51077 1258 1570 170 170 
1258 170 1258 170 170 170 170 1258 1258 1258 170 1128970 170 170 1258 170 170 170 1450 170 1258 1258 1450 1450 170 170 170 170 170 170 170 170 170 170 1258 112370 170 170 170 170 182002 1258 170 170 170 170 170 170 3745450 170 1258 170 170 1258 170 170 170 1258 170 170 1258 170 5410 170 1258 170 1258 170 170 170 170 1450 1258 1258 5410 1258 1258 170 170 1258 170 170 1258 170 170 170 170 170 1258 170 170 170 170 170 170 170 1258 1258 170 1258 170 1258 170 170 1450 170 1258 170 170 1258 1258 170 170 112370 170 1258 170 1258 1258 170 1258 170 170 1258 170 1258 1258 170 170 170 170 170 1258 170 112370 1258 170 170 170 14684225 170 170 170 170 1258 170 170 170 1258 170 10656185 170 170 485507845 170 170 170 170 170 170 170 170 170 5896985 262450 170 170 1450 1258 170 170 170 170 170 170 1258 170 170 170 170 1258 170 1258 1258 463114 170 1258 170 170 1258 170 1258 170 1258 1258 170 170 408850 31248101 170 170 170 1258 170 11289601 1050905 170 170 1258 1258 170 170 170 1818505 2635385 112370 170 170 1450 170 1258 1258 170 170 170 170 170 170 1258 1450 170 170 1258 170 170 1258 262450 1258 170 170 170 1258 112370 1258 1258 170 170 170 170 170 5410 170 170 1258 170 1258 170 170 170 1258 170 1258 170 170 170 170 170 1258 170 170 170 170 170 170 1258 170 170 170 170 727402 170 1258 170 170 9548405 1258 1050905 170 170 170 170 1050905 170 1258 170 170 170 170 170 170 5410 170 
4357 188065 188065 4357 4357 4357 74 4357 4357 4357 74 4357 27217 4357 4357 4357 4357 4357 27217 4357 74 4357 2876417 74 4357 16825 188065 4357 290 2517770 188065 538645 4357 290 4357 4357 4357 4357 27217 74 188065 27217 1654865 4357 188065 4357 74 4357 2281250 16825 1654865 4357 74 4357 27217 4357 188065 4357 188065 4357 4357 188065 188065 74 4357 1654865 4357 2876417 4357 4357 4357 27217 4357 188065 4357 74 27217 3946465 4357 74 188065 74 27217 4357 4357 538645 4357 27217 4357 4357 27217 74 4357 188065 2876417 4357 27217 1765 4357 188065 1765 538645 27217 4357 1765 4357 4357 4357 370 4357 188065 27217 3154177 188065 4357 4357 169010 188065 4357 4357 188065 188065 4357 4357 4357 4357 188065 188065 7850 4357 74 74 27217 188065 169010 74 188065 3946465 74 4357 188065 4357 4357 27217 188065 
3737 136085 1258 3737 1258 1258 3737 1258 3737 3737 3737 1258 1258 1258 1267010 3737 1258 3737 3737 136085 3737 2594 220505 3737 49010 1258 136085 1258 24050 3737 1258 3737 136085 1258 1258 77450 6290 3737 3737 24050 49010 1258 24050 1258 1258 3737 1258 49010 1258 1258 3737 1258 2490914 3737 3737 3737 1802 136085 1258 6290 1258 49010 1258 3737 195365 1258 18727202 3737 3737 49010 3737 1258 3737 220505 3737 3737 116650 49010 1272385 3737 3737 3737 3737 1258 3737 49010 3737 3737 49010 1258 1258 1258 3737 3737 24050 1258 3737 136085 3737 1258 1258 3737 1258 1258 1258 3737 3737 3737 3737 1258 3737 3737 3737 24050 3737 3737 3737 136085 1258 1258 1258 1258 3737 3737 3737 2113145 1258 1258 1258 6290 24050 3737 3737 3737 3737 1258 49010 3737 12021337 49010 49010 49010 3737 24050 3737 24050 24050 3737 1258 1258 1258 1258 1258 3737 1258 49010 3737 3737 24050 49010 1258 3737 3737 3737 1258 3737 1258 3737 3737 3737 24050 3737 3737 1258 3737 3737 3737 136085 1258 49010 3737 49010 49010 136085 3737 74 1258 1258 3737 1258 24050 6290 49010 24050 1258 3737 3737 1258 3737 55114 3737 3737 195365 1258 3737 3737 136085 3737 3737 17263690 1258 3737 3737 136085 49010 3737 1258 3737 136085 3737 3737 3737 1258 3737 1258 24050 3737 49010 1258 3737 195365 1258 3737 2113145 49010 49010 1258 136085 1258 24050 3737 3737 24050 3737 1258 3737 3737 1258 1258 220505 1258 1258 3737 1272385 24050 7850785 1258 24050 1258 3737 1258 1258 55114 3737 3737 1258 49010 3737 1258 2113145 1258 3737 55114 49010 49010 1258 3737 1258 1258 24050 3737 3737 49010 3737 6290 49010 3737 1258 3737 136085 3737 6290 686450 3737 136085 55114 3737 136085 1258 49010 3737 55114 1258 49010 1258 6290 136085 3737 6290 3737 3737 3737 3737 3737 1258 136085 3737 1258 41225 3737 3737 49010 3737 220505 3737 1258 3737 1258 49010 49010 49010 3737 3737 1258 1258 1258 6290 3737 1258 3737 1258 1258 3737 136085 1258 3737 3737 3737 1258 49010 3737 3737 3737 3197105 1258 49010 6290 7850785 136085 136085 49010 49010 1258 1802 6290 49010 3737 3197105 3737 136085 3737 3737 1258 49010 3323690 3737 3737 136085 3737 1258 3737 3737 3737 3737 
3737 46085 49010 4850 1258 49010 46085 1258 49010 49010 24050 55114 1258 4850 49010 1258 1258 800005 49010 4850 46085 3737 24050 49010 49010 49010 1258 49010 49010 24050 49010 49010 49010 1258 1258 3737 1258 41225 49010 1258 3737 49010 3323690 24050 3737 1258 1258 4850 49010 3737 49010 49010 1258 3737 1258 3737 49010 3737 8908402 1258 1258 3737 49010 4850 49010 24050 49010 49010 24050 46085 49010 3737 46085 24050 4850 24050 800005 49010 4850 800005 49010 3737 1258 1258 49010 49010 46085 4850 3737 3737 5834825 49010 24050 1258 1258 1258 1258 46085 4850 1258 46085 1258 1258 49010 46085 1258 3737 4850 49010 1464125 49010 49010 1258 800005 24050 5834825 3737 1258 49010 46085 49010 4850 49010 46085 49010 1258 1258 1258 24050 1258 49010 49010 49010 1258 49010 49010 3737 1258 49010 46085 49010 1258 1258 49010 49010 49010 49010 1258 49010 4850 49010 49010 3737 1258 49010 3737 1258 49010 1258 49010 8908402 49010 49010 1258 49010 49010 49010 49010 3737 1258 1258 468469 49010 24050 49010 1258 4850 24050 3737 24050 49010 1258 1258 46085 4850 1258 1258 46085 1258 49010 1258 3737 49010 46085 46085 3737 49010 3737 3737 3737 49010 4850 49010 2022085 46085 1258 3737 49010 49010 49010 468469 49010 49010 1258 4850 49010 24050 1258 1258 24050 49010 49010 3737 873970 49010 46085 24050 49010 49010 24050 1258 1258 3737 1258 1258 46085 873970 24050 3197105 1258 1258 49010 1258 3737 1258 3737 1258 49010 1258 654985 46085 2113145 46085 1258 1258 1258 49010 46085 46085 46085 49010 3737 49010 1258 49010 1258 1258 49010 24050 1258 3197105 1258 1258 1258 1258 49010 49010 49010 3737 49010 49010 1258 49010 3737 49010 49010 49010 49010 1258 49010 49010 46085 3737 1258 1258 3197105 3737 46085 2113145 1258 1258 49010 1258 46085 2113145 1258 49010 4850 46085 49010 24050 3737 3737 4850 49010 49010 49010 1258 46085 49010 3737 49010 4850 74 195365 46085 99918130 46085 1258 1258 49010 49010 195365 46085 46085 46085 49010 3737 49010 49010 4850 468469 8908402 1258 49010 49010 1258 1258 49010 46085 49010 49010 49010 4850 3737 1258 24050 49010 1802 55114 46085 49010 49010 49010 46085 1258 49010 49010 3737 49010 4850 49010 24050 1258 1802 3737 41225 49010 49010 3737 49010 49010 49010 49010 1258 3737 49010 3737 46085 1258 49010 49010 49010 4850 1658885 24050 49010 24050 49010 24050 3737 1258 49010 49010 1258 3737 873970 1258 3737 1258 49010 1258 1258 1258 55114 1258 49010 49010 49010 49010 24050 1258 1802 55114 4850 1258 1258 24050 49010 49010 1258 3737 49010 41225 1258 49010 49010 24050 1258 4850 1258 10585 1258 1258 195365 46085 
1570 46085 51077 1258 46085 1010 22474 51077 51077 51077 157625 51077 46085 46085 1570 51077 1258 46085 46085 1570 49010 46085 46085 51077 1570 1570 46085 46085 1570 49010 51077 51077 1570 51077 102154 51077 46085 1570 51077 49010 1258 49010 1570 1570 51077 46085 1570 51077 46085 2570 815813 46085 46085 1258 46085 51077 46085 46085 49010 46085 49010 46085 51077 157625 46085 51077 46085 51077 51077 46085 17288965 157625 51077 51077 10 46085 46085 46085 51077 46085 46085 157625 46085 1570 46085 1258 157625 51077 1010 46085 1570 51077 120438965 46085 46085 46085 46085 51077 1258 309137 51077 17288965 46085 51077 1570 9507458 51077 51077 2570 46085 51077 46085 51077 51077 51077 46085 51077 10 46085 10 49010 46085 2570 46085 1010 157625 49010 1358450 51077 1258 46085 157625 970 51077 1570 309137 46085 49010 1258 46085 51077 46085 46085 46085 46085 46085 46085 51077 275570 51077 46085 51077 46085 157625 1625 46085 46085 51077 46085 1258 49010 46085 2570 46085 51077 1258 309137 1570 51077 46085 157625 51077 29290 157625 1570 1570 51077 46085 49010 46085 51077 1570 51077 46085 51077 51077 157625 51077 102154 51077 1570 51077 46085 1570 51077 157625 51077 1010 51077 46085 51077 51077 51077 51077 157625 51077 1570 46085 46085 46085 51077 46085 49010 157625 46085 309137 51077 51077 157625 157625 46085 1990465 970 11259170 157625 51077 309137 970 51077 157625 46085 2570 46085 51077 51077 102154 10 1570 1258 46085 51077 46085 1258 46085 51077 5750405 3872005 46085 46085 46085 46085 49010 1258 46085 51077 46085 1570 46085 1570 46085 35356985 46085 46085 970 46085 51077 51077 17288965 1570 51077 1258 157625 46085 49010 51077 46085 157625 51077 51077 16386305 46085 46085 46085 46085 309137 46085 51077 157625 46085 46085 51077 275570 46085 46085 51077 1258 46085 46085 46085 51077 46085 46085 309137 1258 157625 46085 51077 51077 46085 51077 46085 10 46085 46085 1258 46085 51077 46085 16386305 49010 51077 51077 1010 51077 51077 110245 309137 46085 46085 46085 51077 46085 49010 46085 21170 157625 2570 1258 102154 157625 157625 51077 703250 51077 51077 1625 819202 51077 46085 51077 157625 46085 1570 51077 46085 46085 51077 46085 46085 2570 157625 17171717 46085 51077 102154 51077 51077 46085 51077 1258 46085 1570 46085 46085 17288965 46085 1570 309137 49010 46085 157625 49010 46085 157625 51077 51077 51077 3069505 157625 46085 
3737 49010 3737 1258 3737 2113145 1258 1258 41225 1258 3737 3737 1258 3737 1258 1258 3737 1258 3737 3737 1258 3737 1258 3737 3737 3737 136085 49010 136085 136085 1258 3737 1258 49168145 3737 1258 136085 3737 3737 136085 3737 2979925 3737 136085 1258 3737 2113145 3737 220505 1258 3737 3737 1258 1258 1258 49010 27766154 3737 2594 24050 2594 3737 2594 3737 24050 3737 3737 1258 3737 1258 49010 1258 3737 1258 3737 3737 3737 136085 136085 3737 49010 1258 1258 3737 1258 3737 2594 49010 3737 1258 1258 195365 136085 49010 24050 3737 24050 220505 3737 1258 3737 3737 49010 1258 49010 3737 3737 3737 3737 1258 1258 3737 3737 1258 1258 1258 136085 1258 24050 1258 3737 220505 3737 3737 49010 3737 3737 3737 3737 49010 3737 3737 3737 1258 1258 49010 24050 6290 3737 7850785 3737 195365 2594 1258 1258 24050 
36101 465125 18685 36101 465125 13450 19018 18685 18685 3145 3145 13450 13450 85 3145 36101 36101 36101 18685 3145 18685 18685 13450 19018 18685 85 18685 85 18685 36101 19018 19018 19018 18685 19018 145802 36101 465125 13450 36101 145802 19018 19018 3849850 85 465125 5657525 85 465125 18685 170 85 13450 19018 36101 19018 19018 18685 18685 13450 13450 85 465125 85 18685 85 18685 239434 85 18685 2513570 19018 36101 85 19018 85 36101 465125 13450 85 13450 19018 85 36101 19018 465125 19018 370 1058005 465125 85 19018 13450 145802 19018 19018 19018 19018 465125 13450 18685 145802 36101 19018 85 34 170 18685 36101 85 85 19018 36101 19018 465125 19018 18685 85 36101 465125 85 13450 19018 85 465125 85 85 465125 19018 85 8825 13450 85 13525 18685 465125 18685 19018 85 13450 85 118474 13450 36101 19018 239434 85 19018 18685 18685 202 18685 19018 36101 18685 18685 19018 19018 18685 36101 36101 145802 85 18685 85 19018 85 465125 18685 19018 19018 85 13450 465125 85 19018 1058005 465125 19018 19018 170 18685 85 13450 5120245 36101 19018 118474 85 85 3145 85 19018 19018 19018 85 145802 36101 13450 3145 85 36101 85 3145 85 19018 36101 19018 85 85 13450 18685 85 18685 13450 13450 18685 19018 85 19018 19018 465125 18685 18685 85 18685 202 18685 36101 13450 465125 465125 51850 85 3145 85 13450 465125 19018 465125 19018 170 65650 13450 13450 18685 85 19018 36101 85 85 465125 85 19018 85 370 19018 18685 465125 85 13450 465125 465125 85 19018 65650 19018 19018 36101 2657525 85 18685 36101 465125 65650 13450 18685 18685 18685 85 18685 19018 18685 85 85 85 18685 3145 465125 36101 13450 465125 36101 18685 36101 36101 85 465125 313634 19018 18685 19018 36101 19018 19018 85 85 19018 19018 18685 170 465125 85 36101 13450 85 36101 465125 18685 13450 118474 19018 13450 85 465125 18685 18685 85 465125 19018 18685 36101 85 465125 19018 85 145802 19018 3145 19018 85 34 85 239434 313634 85 19018 465125 85 19018 36101 85 85 13450 13450 44975125 65650 18685 19018 36101 19018 2513570 85 18685 13450 18685 85 465125 19018 19018 36101 36101 85 19018 36101 85 18685 85 3145 36101 465125 18685 19018 85 13450 465125 465125 18685 18685 85 13450 465125 85 370 465125 370 19018 85 5657525 44975125 36101 18685 465125 13450 2513570 19018 85 18685 19018 19018 18685 465125 36101 85 465125 239434 85 19018 36101 19018 13450 13450 85 85 85 13450 13450 85 13450 19018 465125 2513570 17170 18685 85 18685 36101 202 465125 370 51850 36101 19018 85 
51077 2570 46085 11803445 51077 46085 46085 1010 85 46085 51077 46085 85 46085 46085 51077 51077 46085 157625 51077 85 85 102154 85 149817601 51077 46085 179945 85 44098 51077 46085 46085 51077 51077 17171717 51077 1570 85 46085 1570 85 51077 85 46085 85 85 46085 85 2570 46085 46085 46085 903170 85 110245 1570 309137 85 51077 85 51077 157625 85 4401605 51077 51077 51077 85 85 46085 85 51077 51077 24502501 46085 46085 46085 51077 46085 85 46085 46085 46085 85 85 51077 1570 46085 51077 46085 85 46085 46085 51077 3069505 110245 46085 46085 51077 46085 46085 51077 819202 46085 1010 46085 46085 85 46085 51077 85 51077 85 51077 46085 85 51077 51077 2570 51077 51077 51077 46085 51077 46085 46085 51077 46085 46085 46085 51077 903170 51077 46085 85 85 46085 85 85 85 1570 46085 51077 1570 51077 391645 51077 157625 51077 46085 51077 157625 51077 157625 51077 46085 51077 46085 85 51077 46085 85 46085 85 46085 85 157625 85 85 51077 51077 85 46085 46085 1570 1570 51077 46085 22474 46085 51077 46085 51077 51077 51077 157625 46085 51077 22474 46085 157625 46085 46085 22474 46085 157625 1570 51077 46085 85 46085 51077 46085 51077 46085 46085 46085 51077 309137 85 51077 46085 51077 51077 51077 46085 46085 85 46085 85 51077 903170 46085 46085 46085 51077 51077 157625 85 85 2570 85 46085 102154 85 1570 85 46085 85 85 46085 51077 85 51077 157625 51077 10323970 85 51077 46085 85 51077 85 51077 85 51077 903170 51077 51077 51077 46085 46085 46085 85 51077 157625 157625 157625 46085 51077 85 46085 46085 51077 46085 110245 11803445 85 85 1570 2570 51077 17288965 46085 51077 46085 51077 51077 51077 51077 2570 157625 46085 46085 46085 46085 85 51077 1570 51077 46085 85 157625 46085 46085 46085 1570 157625 85 85 85 51077 51077 46085 1984505 46085 85 51077 85 51077 85 51077 85 51077 46085 51077 903170 157625 51077 51077 51077 46085 
3925 25925 3925 34 312505 34 34 34 2679625 312505 1179397 8005 34 666658 34 312505 8005 34 3925 34 1179397 3925 34 3925 34 34 25925 34 312505 3925 103970 34 3925 34 34 34 1179397 3031865 312505 312505 34 3925 8005 3925 3925 103970 34 34 3925 3925 8005 34 34 34 1089010 34 3414002 34 34 3925 3925 34 25925 34 243370 34 34 34 312505 8005 312505 34 312505 2490914 8005 3925 3925 34 34 1240025 34 25925 34 1089010 1179397 34 8005 3031865 6528650 3925 34 8005 34 34 3925 34 34 3925 8005 8005 34 3925 25925 25925 34 34 34 3925 312505 3925 103970 3925 3925 3925 34 34 3925 3925 34 312505 34 25925 3925 34 34 25925 103970 3925 6290 312505 25925 8005 25925 34 3925 312505 103970 34 34 3925 25925 34 1179397 34 3031865 3925 8005 3925 34 34 34 3925 3925 3925 312505 312505 3925 34 34 34 3925 34 34 8005 34 3925 34 34 3925 3925 3925 34 3925 3925 1240025 3925 34 34 34 8005 8005 34 3925 34 3925 103970 34 103970 1240025 
18685 13450 170 18685 170 18685 170 18685 18685 170 18685 13450 170 18685 170 170 170 170 18685 18685 170 1018145 18685 13450 18685 170 170 18685 170 18685 13450 170 170 18685 18685 18685 170 170 170 1450 170 170 13450 145802 170 170 13450 170 18685 170 170 170 170 34 170 18685 170 18685 13450 18685 170 18685 170 18685 4854730 18685 13450 18685 170 18685 18685 170 170 18685 170 18685 18685 170 18685 170 170 18685 170 34 18685 18685 170 18685 13450 18685 170 112370 18685 13525 170 170 463114 18685 18685 13450 170 18685 18685 13450 18685 170 34 170 170 170 145802 18685 170 13450 18685 18685 18685 170 18685 18685 18685 170 1018145 170 170 18685 18685 727402 18685 18685 18685 18685 13450 13450 18685 18685 1601 13450 170 18685 
202 8245 202 8245 202 101 8245 101 202 202 202 505 1717 18685 202 202 8245 361010 202 505 202 240101 361010 286565 202 202 13450 1717 101 202 202 10447945 8245 1717 8245 1717 505 202 36101 1717 505 77450 202 1717 202 101 202 13450 1717 202 286565 202 202 202 202 202 202 202 505 202 202 202 202 202 1717 101 202 1717 8245 286565 1717 202 1717 13450 1332970 36101 1717 8245 240101 202 202 8245 8245 1717 202 156658 8245 8245 202 202 202 8245 286565 1717 1717 202 1717 1717 202 8245 120396533 505 202 202 1717 8245 202 8245 240101 202 199714 202 1332970 202 202 202 1717 202 77450 202 202 505 13450 202 202 202 202 1717 8245 202 8245 1717 202 8245 202 202 505 1717 202 202 202 202 202 202 202 202 202 202 286565 1717 202 1450 1717 505 202 202 202 202 202 101 202 202 202 202 202 505 202 77450 202 1717 13450 286565 8245 8245 202 77450 8245 202 202 202 202 202 77450 505 77450 202 202 8245 8245 7393285 8245 202 202 202 8245 286565 1717 55114 8245 202 286565 202 8245 101 202 202 202 202 1717 202 8245 202 202 202 1332970 202 202 202 18685 1450 1717 202 202 101 286565 1717 202 202 8245 8245 1717 202 101 1717 286565 202 240101 8245 8245 202 202 202 202 202 8245 1717 286565 8245 202 8245 8245 13450 202 202 202 286565 8245 1717 118630165 1717 1717 1450 202 202 202 202 202 8245 202 202 202 101 202 202 8245 505 202 22858489 1717 202 101 202 8245 74 8245 1717 202 202 202 8245 1295009 202 1717 8245 240101 202 101 202 1717 
170 18685 13450 18685 18685 18685 19018 18685 170 13450 18685 13450 18685 18685 18685 13450 18685 13450 18685 13450 85 43690 34 170 18685 170 85 18685 18685 34 36101 18685 18685 19018 18685 463114 13450 19018 170 3145 19018 18685 18685 170 34 727402 18685 1018145 19018 18685 18685 3145 13450 19018 85 18685 18685 3145 13450 19018 18685 18685 1450 18685 19018 170 18685 13450 170 36101 19018 18685 463114 1018145 370 13450 463114 13450 18685 18685 18685 18685 13450 34 19018 18685 19018 85 465125 19018 18685 42807385 13450 18685 13450 19018 13450 1450 170 19018 18685 18685 1450 13450 13450 313634 170 3145 13450 18685 19018 85 170 18685 170 361010 18685 18685 170 18685 170 34 19018 18685 19018 18685 465125 18685 170 3145 18685 19018 18685 34 3145 18685 118474 13450 170 18685 1450 19018 18685 18685 18685 18685 170 13450 18685 19018 18685 13525 18685 170 145802 18685 18685 170 13450 18685 465125 13450 18685 18685 370 13450 18685 19018 13450 85 36101 13450 19018 18685 18685 170 18685 18685 727402 19018 18685 34 5657525 18685 170 18685 19018 18685 13450 19018 18685 19018 370 51850 36101 
58325 18685 18685 18685 18685 1258 19018 18685 85 51077 18685 18685 51077 13450 85 18685 1258 19018 19018 51077 51077 18685 18685 18685 19018 19018 1258 13525 18685 18685 3145 1258 58325 19018 18685 19018 3145 170 18685 18685 18685 370 18685 19018 18685 18685 370 18685 18685 18685 58325 18685 58325 18685 19018 18685 19018 19018 19018 18685 13450 13450 18685 18685 1743625 19018 1258 51850 1258 36101 18685 13450 1258 18685 19018 18685 19018 1258 18685 85 85 2917265 1258 13450 13450 13450 18685 85 13450 18685 18685 13450 18685 1258 19018 18685 18685 19018 58325 36101 18685 18685 18685 51077 19018 182002 2917265 36101 34 19018 13450 3145 18685 370 51850 13450 51077 19018 13450 1258 13450 18685 58325 2917265 1258 18685 85 18685 58325 51077 170 18685 18685 
170 170 679225 170 17 45002 170 170 679225 9168970 170 21385802 45002 9802 9802 170 45002 61217 17 170 170 170017 679225 17 45002 170 6708101 170 170 10 45002 170 679225 45002 170 17 43690 17 170 170 679225 17 170 45002 170 170 170 45002 170 261994 170 61217 45002 17 170 720002 45002 720002 170 170 170 9802 30425 45002 170017 170 17 170 720002 170 679225 170 112897 170 170 17 112897 61217 679225 45002 45002 17 45002 720002 45002 679225 170 170 10 170 170 17 679225 17 170 17 170 45002 17 170 17 261994 170017 170 17 45002 17 45002 170 45002 170 27111269 170 45002 170 112897 170 61217 9802 17 17 17 170 679225 17 17 170 17 170017 17 17 17 17 45002 45002 170 170 170 45002 720002 17 17 17 170 679225 170 45002 9802 17 170 45002 720002 170 170 170 17 45002 17 9802 170 170 17 17 45002 170 9802 17 2171570 45002 170 43658050 170 170 45002 17 45002 17 45002 17 45002 170 45002 17 45002 17 61217 61217 170 17 45002 170 45002 17 170 112897 170 170 170 170 17 170 170 45002 17 8140885 17 17 61217 17 17 261994 45002 45002 9802 884425 170 45002 170 170 441010 45002 679225 170 17 17 17 720002 170 170 170 17 112897 45002 17 170 45002 17 9802 17 61217 61217 
17 57851237 188065 2132650 538645 170 55114 17 170 4357 188065 45002 1654865 188065 170 27217 4357 4357 170 45002 45002 112897 170 170 170 188065 170017 188065 4357 4357 3946465 169010 61217 170 45002 3946465 3946465 10798450 112897 188065 17 188065 45002 45002 17 4357 4357 188065 170 170 45002 170 61217 45002 45002 188065 27217 3154177 61217 170 45002 112897 169010 188065 45002 17 45002 45002 170 45002 188065 170 538645 170 188065 170 188065 112897 27217 188065 538645 170 170 45002 170 170 170 4357 4357 170 4357 4357 4357 188065 1654865 45002 188065 170 170 1654865 188065 1765 45002 188065 4357 170 27217 4357 188065 188065 17 188065 4357 170 170 170 2132650 170 45002 169010 17 188065 45002 169010 188065 188065 17 170 17 17 45002 170 188065 188065 45002 17 188065 45002 188065 4357 170 188065 188065 17 170 112897 45002 170 1765 170 45002 45002 55114 170 61217 188065 4357 1765 4357 27217 17 538645 170 170 169010 6823970 170 170 188065 170 188065 170 2517770 1765 170 170 45002 17 17 112897 45002 45002 17 1654865 61217 170 112897 170 1654865 61217 4357 188065 61217 17 27217 112897 170 170 4357 188065 290 188065 55114 45002 188065 170 188065 188065 45002 188065 188065 538645 112897 17 170 188065 170 170 45002 45002 45002 188065 170 45002 170 188065 170 188065 170 170 170 27217 61217 1654865 188065 45002 188065 2570 1654865 170 170 45002 170 4357 188065 4357 170 45002 45002 5674685 170 45002 170 188065 17 45002 61217 170 170 170 61217 188065 4357 17 45002 45002 188065 1654865 188065 765034 4357 4357 45002 45002 170 170 45002 170 45002 45002 170 170 45002 45002 1654865 4357 27217 17 344819225 169010 188065 170 170 45002 170 1654865 27217 27217 27217 45002 170 27217 188065 188065 170 17 27217 188065 45002 188065 170 188065 45002 45002 45002 170 45002 45002 170 45002 4357 188065 45002 188065 188065 188065 170 170017 4357 4357 27217 188065 4357 170 188065 4357 45002 170 170 170 45002 170 45002 188065 170 17 45002 170017 17 112897 45002 4357 170 112897 170 170 112897 2517770 45002 4357 45002 170 1654865 188065 112897 61217 188065 4357 170 170 4357 188065 538645 170 170 17 112897 170 45002 45002 45002 4357 169010 170 17 170 45002 188065 61217 170 27217 170 30889802 170 4357 188065 45002 4357 17 170 170 4357 45002 188065 170 1654865 169010 4357 170 188065 4357 61217 4357 170 45002 188065 45002 4357 170 45002 169010 45002 112897 538645 45002 170 45002 170 170 45002 45002 170 170 188065 2876417 170 1654865 188065 170 188065 170 17 170 4357 4357 4357 61217 188065 170 188065 45002 170 112897 170 45002 27217 170 308002501 4357 188065 4357 170 170 45002 170 1654865 4357 170 538645 61217 1654865 170 61217 27217 1654865 45002 188065 45002 170 170 45002 45002 27217 170 45002 45002 4357 538645 61217 2570 45002 188065 170 45002 170 188065 4357 45002 170 2132650 170 61217 17 45002 45002 170 61217 170 188065 4357 17 106145650 45002 169010 4357 45002 4357 170 170 188065 4357 45002 4357 45002 45002 169010 45002 45002 45002 170 27217 188065 61217 170 45002 4357 1765 45002 45002 170 45002 170 188065 170 4357 188065 170 170 45002 17 45002 4357 4357 45002 170 170 170 45002 45002 45002 27217 170 27217 27217 3946465 170 170 3946465 1654865 61217 188065 170 45002 45002 61217 17 188065 170 61217 170 45002 188065 27217 4357 45002 
13450 170 18685 170 18685 18685 18685 170 18685 145802 13450 18685 170 170 13450 18685 34 1050905 170 170 1450 18685 170 170 3745450 170 170 18685 18685 18685 170 18685 34 170 170 13450 170 170 34 170 13450 18685 170 18685 170 34 170 170 13450 170 170 170 170 1018145 34 17170 18685 170 18685 13450 170 18685 13450 145802 18685 18685 170 18685 170 18685 18685 13450 170 170 170 720002 18685 18685 18685 727402 170 13450 170 34 18685 170 170 19018 170 170 34 18685 170 170 170 13450 13450 18685 13450 18685 34 170 4930 18685 170 170 18685 170 170 170 170 34 170 18685 18685 18685 18685 18685 170 170 170 170 18685 170 170 170 13450 34 170 112370 19018 43690 34 170 18685 18685 34 
34 34 34 8005 34 34 34 3925 34 34 8005 3925 34 34 8005 3925 8005 6290 34 25925 34 34 272485 34 3925 25925 34 3925 34 34 3925 312505 34 3925 34 103970 34 34 312505 312505 3925 34 34 34 34 34 2679625 34 34 103970 34 34 8005 3925 25925 3925 34 3925 5667290 34 25925 3925 25925 34 34 3925 3925 34 3925 34 34 1179397 34 34 34 34 34 34 34 34 3925 1179397 25925 34 3925 34 3925 34 34 3925 3925 3925 3925 34 3925 3925 34 3925 312505 34 312505 34 34 1279625 3925 25925 3925 25925 34 2490914 34 1279625 3925 34 3925 34 34 3414002 8005 3925 3925 34 34 3925 1179397 3925 3925 34 3925 34 3925 25925 3925 34 34 3925 34 34 2679625 34 25925 1179397 25925 34 3925 312505 34 3925 312505 25925 312505 3925 34 34 312505 34 34 34 3925 1179397 3925 3925 34 3925 34 34 3925 3925 3925 34 34 34 3925 3925 34 3031865 3925 25925 34 34 8005 3925 3925 3925 34 3925 34 5551114 3031865 312505 103970 510770 312505 34 3925 3925 25925 34 34 27936485 34 3925 3925 34 3925 25925 312505 3925 8005 103970 3925 312505 8005 34 3925 3925 3925 3925 34 3925 34 3925 34 3925 34 312505 34 3925 1240025 2679625 3925 34 3925 34 34 34 34 34 1179397 34 1179397 3925 34 316850 272485 3925 3925 25925 34 34 3925 25925 34 3925 34 25925 312505 34 666658 3925 34 34 25925 3925 3925 34 34 25925 1179397 3925 3925 34 34 8005 34 3031865 312505 1179397 34 3925 8005 34 34 34 34 272485 34 34 1179397 34 3925 34 34 34 34 43810 34 910010 3925 2679625 5029450 3925 1179397 3031865 3925 3031865 34 34 8005 34 34 3925 34 8005 3925 1240025 3925 312505 34 34 25925 3925 3925 34 34 3925 3925 1089010 34 1179397 103970 3925 112370 3925 3925 3925 1179397 8158685 103970 1179397 3925 3031865 34 25925 3925 3925 34 34 34 25925 34 3925 3925 8005 25925 25925 8005 3925 8005 34 3925 34 3925 3925 32672657 1089010 34 3925 25925 3414002 3925 34 1179397 34 34 2679625 34 312505 34 25925 3925 34 3925 3925 3925 8005 3925 25925 1179397 34 34 8005 34 34 25925 34 34 3925 3925 2490914 3925 3925 34 34 3925 8005 3925 3925 1089010 34 3925 34 25925 3925 3925 3925 25925 34 1240025 5551114 3031865 34 1179397 3925 34 34 3925 312505 3925 34 3925 25925 3925 3925 3925 34 25925 3925 34 34 8005 34 3925 34 3925 34 25925 34 34 312505 3925 35356985 3925 8005 3925 103970 3925 8005 34 3925 34 34 34 3031865 3925 1179397 34 25925 3925 312505 3925 34 3925 3925 34 3925 3925 3925 34 25925 34 34 34 8005 3414002 3925 8005 25925 34 34 3925 3925 34 34 34 34 3925 272485 34 34 32672657 34 3925 34 1279625 34 34 2679625 34 34 34 25925 34 25925 34 34 25925 34 8005 3031865 8005 34 3925 6290 2679625 312505 34 34 34 8005 1179397 3925 34 3925 8005 3925 
188065 188065 10370 4357 1654865 188065 4357 74 188065 188065 188065 4357 2281250 4357 4357 1227434 188065 4357 27217 27217 4357 188065 4357 4357 4357 74 188065 450290 188065 2876417 538645 4357 188065 27217 4357 4357 188065 4357 4357 4357 188065 188065 4357 4357 4357 538645 4357 4357 27217 1227434 74 188065 538645 74 2281250 4357 4357 370 4357 169010 188065 4357 27217 188065 4357 4357 74 74 47742025 1654865 4357 4357 27217 1227434 188065 4357 1701445 188065 4357 3946465 4357 4357 4357 10370 188065 74 188065 3154177 4357 4357 188065 27217 538645 1765 4357 4357 27217 188065 27217 4357 2281250 4357 4357 188065 4357 188065 188065 4357 4357 4357 4357 1765 4357 27217 4357 188065 4357 10370 27217 2876417 4357 4357 4357 865930 188065 4357 162256645 27217 188065 16908125 74 352802 4357 27217 27217 4357 4357 74 4357 1227434 4357 4357 188065 74 4357 27217 4357 27217 538645 4357 4357 74 4357 1654865 4357 74 1654865 188065 74 4357 1227434 188065 188065 4357 188065 27217 4357 27217 4357 27217 4357 4357 4357 27217 4357 2132650 1227434 4357 4357 188065 188065 188065 4357 2281250 27217 74 1227434 4357 4357 188065 538645 4357 27217 27217 1654865 3154177 4357 4357 1654865 3946465 4357 27217 188065 27217 27217 188065 4357 10370 4357 4357 188065 2281250 74 4357 4357 188065 74 4357 188065 27217 4357 4357 188065 10370 27217 27217 4357 27217 188065 74 188065 74 4357 4357 1654865 4357 188065 74 4357 4357 538645 1765 4357 4357 4357 188065 4357 188065 4357 4357 4357 27217 4357 1227434 4357 4357 4357 4357 5218405 538645 4357 4357 74 4357 3946465 10370 4357 4357 74 4357 188065 4357 4357 74 169010 538645 4357 188065 1654865 2517770 4357 188065 188065 1227434 4357 4357 2876417 188065 27217 169010 188065 4357 4357 4357 188065 188065 169010 74 188065 4357 1227434 4357 4357 4357 4357 74 4357 4357 4357 4357 2876417 10370 27217 4357 4357 4357 169010 27217 290 2132650 4357 27217 188065 4357 4357 4357 544505 4357 169010 188065 74 4357 4357 74 3154177 4357 188065 538645 27217 188065 4357 538645 4357 27217 27217 
1717 202 1717 8245 202 202 1717 202 1717 434314 202 77450 202 1717 1717 202 505 55114 74 202 50181125 940325 202 1717 1717 434314 101520185 286565 1717 202 202 202 74 202 202 1717 1717 1717 202 202 35280002 505 1717 1717 1717 1717 8245 202 202 202 202 1717 505 1717 1717 1717 202 1717 1717 202 286565 1717 1717 505 202 1717 8245 202 202 940325 1717 1717 202 1717 1717 202 286565 1332970 202 8245 8245 505 240101 1717 202 10447945 202 202 202 1717 1717 202 240101 505 1717 1717 1717 1717 1717 202 1717 202 1717 240101 1336465 8245 202 202 1717 202 202 8245 202 1717 940325 28995829 1717 202 1717 1717 8245 1717 1717 
17 45002 17 17 170 679225 10 17 17 17 9802 10 679225 17 17 45002 17 17 17 17 17 12325 9802 45002 45002 17 17 17 17 17 17 17 43690 9802 17 170 89725 679225 5834825 17 17 170 17 17 9802 17 17 17 89725 17 17 1133458 679225 170 45002 170 45002 17 170 89725 17 17 17 45002 9802 45002 17 45002 9802 45002 884425 17 720002 17 45002 45002 45002 17 17 45002 17 17 17 12325 720002 261994 17 17 17 17 679225 261994 17 45002 170 1472330 720002 9802 679225 17 9802 170 89725 45002 17 17 17 17 45002 45002 17 17 10 17 720002 17 17 720002 17 6522730 9802 45002 720002 9802 5301490 170 17 17 170 17 12325 17 679225 9802 45002 30425 45002 17 17 17 170 9802 17 17 
51077 51077 51077 51077 170 370 45002 51077 51077 51077 51077 45002 1258 679225 51077 45002 170 679225 58325 51077 51077 1570 11803445 51077 17 17 2917265 45002 45002 1570 58325 903170 1010 45002 3802501 170 45002 17 679225 58325 45002 45002 170 17 51077 58325 170 17 45002 1010 51077 370 17 45002 17 1570 679225 29290 370 170 58325 17 1258 45002 275570 679225 1258 45002 17 170 51077 51077 370 1258 17 170 170 45002 58325 170 45002 1570 679225 17 903170 1258 45002 17 170 17 45002 58325 45002 51077 45002 45002 170 45002 51077 1570 51077 903170 170 17 51077 58325 170 17 17 1570 45002 58325 51077 17 58325 45002 45002 17 2917265 1570 45002 51077 58325 45002 45002 17 51077 1258 51077 51077 17 45002 170 45002 51077 17 22474 45002 51077 45002 17 51077 17 55114 51077 1258 679225 51077 1570 170 170 45002 17 17 17 51077 170 170 17 58325 1258 51077 51077 17 170 58325 370 51077 1258 45002 45002 1570 1258 58325 45002 110245 2679125 45002 903170 17 45002 17 51077 1258 1570 51077 1570 29290 170 17 51077 17 17 1570 51077 679225 17 17 22474 170 45002 51077 51077 45002 170 45002 170 17 170 1258 45002 51077 45002 51077 110245 51077 51077 51077 1258 45002 11803445 55114 170 45002 51077 170 17 17 17 1010 45002 170 45002 51077 45002 17 679225 31971050 51077 51077 170 45002 58325 45002 170 45002 765034 51077 45002 51077 1258 51077 170 370 17 45002 45002 30634 45002 3736394 1258 45002 45002 45002 170 45002 170 17 1258 17 51077 1258 45002 45002 370 1258 51077 679225 17 58325 51077 51077 45002 30634 45002 45002 17 45002 170 45002 45002 51077 51077 370 45002 170 370 17 51077 370 51077 1570 17 170 1010 51077 1570 55114 170 51077 51077 17 45002 1010 170 1010 45002 51077 170 51077 170 170 45002 45002 51077 17 170 17 51077 17 903170 51077 170 1258 17 17 45002 45002 17 17 170 51077 45002 51077 51077 45002 170 45002 45002 170 170 11803445 170 17 45002 17 45002 179945 51077 51077 110245 1258 370 17 45002 1570 1570 1570 17 170 30634 17 17 51077 17 170 45002 51077 51077 45002 17 679225 17 30634 1570 51077 1031050 1570 45002 45002 45002 170 51077 51077 45002 51077 370 45002 17 45002 114346154 51077 58325 170 110245 58325 17 51077 17 51077 45002 17 51077 45002 51077 51077 17 30634 51077 17 1258 51077 51077 51077 51077 17 17 51077 17 17 170 45002 370 58325 170 45002 51077 1010 1570 1258 17 45002 903170 370 110245 45002 45002 45002 51077 51077 51077 45002 17 1570 45002 170 51077 170 51077 1258 1258 170 45002 58325 51077 58325 170 45002 370 51077 51077 903170 170 2337194 370 17 463114 370 51077 1258 1010 1258 1258 170 58325 45002 51077 51077 170 45002 45002 51077 
3737 49010 3737 136085 3737 49010 1258 1258 2979925 3737 3737 1258 3737 24050 136085 1258 3737 3737 1258 3737 49010 1258 1258 3737 3737 1258 49010 3737 2594 1258 3737 3737 3737 3737 6290 136085 3737 24050 3737 1258 2594 1258 3737 2113145 1258 3737 1258 2594 24050 136085 41225 6290 1258 136085 3737 3737 3737 3737 3737 1258 24050 3737 2113145 1258 41225 195365 195365 6290 3737 7850785 3737 1258 49010 6290 3737 3737 3737 3737 6290 1258 1258 49010 3737 3737 1258 6290 6290 1258 3737 1258 49010 49010 3737 3737 3737 49010 3737 1258 3737 3737 3737 3737 1258 3737 3737 1258 3737 3737 136085 3737 1258 1258 24050 3737 2113145 136085 136085 3737 1258 1258 1258 3737 49010 1258 1258 6290 3737 3737 136085 136085 49010 1258 3737 3737 3737 3737 3737 1258 3737 3737 49010 3737 3737 1258 1258 3737 1258 2113145 1258 3737 3737 3737 49010 3737 1258 1258 1258 3737 220505 220505 1258 3737 3737 6290 1258 1258 136085 1258 136085 1258 3737 49010 1258 3737 1258 49010 3737 3737 1258 3737 1258 2113145 136085 1258 3737 1258 3737 6290 1258 55114 3737 3737 3737 24050 136085 1258 136085 3737 6290 3737 3737 1258 136085 3737 49010 1258 3737 49010 3737 3737 136085 49010 1258 3737 3737 1258 3737 1258 1258 3737 195365 2594 3737 49010 3737 1258 3737 3737 3737 1258 1258 3737 136085 136085 49010 1258 55114 110018290 49010 3737 3737 1258 1258 1258 107650 3737 3737 1258 49010 3737 1258 3737 3737 1258 3737 1258 3737 1258 1258 3737 1258 3737 3737 3737 3737 2113145 3737 49010 3737 3737 3737 3737 3737 195365 3197105 3737 1258 1258 1258 1258 3737 2113145 6290 3737 3737 1258 1258 3737 49010 49010 2113145 2737802 3737 6290 1258 1258 1258 1258 3737 2594 136085 3737 136085 1258 49010 3737 1258 1258 3737 1258 3737 1272385 1258 3737 
46085 51077 1570 1570 51077 46085 51077 46085 46085 46085 157625 51077 1570 46085 51077 51077 157625 1258 1258 49010 51077 46085 46085 49010 46085 1010 46085 51077 2570 51077 1570 46085 2570 46085 51077 22474 46085 51077 51077 1010 157625 970 102154 102154 157625 819202 1570 51077 46085 2570 46085 51077 51077 49010 157625 46085 46085 49010 51077 10 157625 46085 46085 46085 46085 102154 51077 46085 309137 49010 49010 157625 46085 46085 46085 46085 1570 51077 1570 51077 46085 1570 51077 51077 2570 46085 49010 49010 157625 157625 49010 51077 46085 49010 46085 51077 46085 1570 51077 1570 51077 46085 46085 309137 1258 157625 111590890 1570 1570 309137 51077 46085 49010 157625 51077 46085 46085 46085 157625 51077 46085 1570 1570 17288965 51077 49010 46085 1625 51077 309137 1570 49010 46085 51077 49010 51077 49010 51077 10 157625 970 157625 1258 1570 1258 46085 46085 51077 49010 49010 102154 46085 51077 46085 29290 51077 51077 46085 49010 51077 46085 46085 110245 51077 10 51077 46085 46085 1010 46085 46085 51077 46085 46085 46085 49010 1258 46085 51077 46085 206079365 157625 46085 51077 46085 46085 46085 46085 102154 157625 51077 51077 51077 51077 46085 46085 51077 51077 51077 51077 46085 1570 46085 51077 49010 46085 157625 46085 1258 819202 51077 46085 51077 46085 51077 51077 46085 46085 51077 1258 46085 49010 46085 22474 157625 46085 51077 46085 1570 309137 46085 157625 46085 49010 51077 51077 46085 46085 157625 51077 49010 1258 1570 46085 157625 1570 1258 1570 46085 157625 51077 46085 157625 49010 102154 51077 49010 46085 51077 46085 51077 51077 46085 2570 51077 49010 51077 309137 46085 51077 51077 51077 51077 1010 49010 46085 51077 46085 51077 16386305 46085 1570 46085 51077 51077 46085 46085 46085 157625 46085 22474 51077 51077 102154 1570 51077 51077 51077 157625 46085 46085 46085 51077 49010 46085 157625 46085 46085 46085 46085 49010 49010 46085 51077 51077 51077 46085 157625 51077 46085 51077 49010 46085 46085 51077 46085 51077 51077 51077 51077 51077 51077 157625 1258 49010 157625 46085 46085 51077 46085 46085 46085 1570 46085 46085 46085 157625 2570 51077 46085 46085 51077 49010 49010 46085 46085 157625 51077 1010 46085 22474 102154 46085 51077 46085 110245 51077 157625 1069085 49010 157625 309137 1570 51077 46085 46085 46085 49010 51077 51077 1258 1258 819202 46085 49010 102154 49010 51077 51077 49010 51077 51077 1258 654985 46085 51077 1570 970 51077 46085 46085 49010 51077 46085 1570 46085 49010 46085 46085 46085 1570 51077 51077 46085 51077 46085 51077 157625 2570 51077 46085 51077 51077 46085 157625 
3737 49010 24050 49010 49010 1258 1258 1258 1802 1802 1802 49010 49010 1258 4850 3737 8908402 3737 49010 3737 1258 3737 49010 3737 3737 3737 3737 3737 1258 1258 49010 1258 1258 49010 49010 49010 1258 4850 1258 3737 4850 1258 1258 2113145 4850 1258 49010 3737 3737 1258 3737 262306885 3737 1258 1258 3737 3737 1258 3737 3737 1258 49010 49010 3737 49010 3737 3737 3737 1258 3737 49010 3737 41225 1258 2113145 1258 3737 49010 49010 49010 3737 3737 1258 49010 1258 49010 3737 49010 3737 4850 3737 3737 1258 49010 3737 55114 3737 3737 1258 3737 49010 49010 49010 49010 1802 1258 1258 6290 3737 1258 3737 49010 3737 24050 2113145 4850 3737 1258 1258 3737 1258 3737 49010 3737 49010 49010 3737 3737 1258 3737 3737 4850 77450 6290 49010 873970 1258 49010 1258 3737 1258 1258 1258 3737 3737 4850 1258 7850785 49010 1258 1258 49010 1258 1258 4850 3737 3737 49010 3737 3737 24050 24050 1258 3737 1258 6290 3737 1258 4850 3737 3737 1258 49010 49010 49010 4850 4850 3737 49010 46085 49010 3737 49010 1258 4850 49010 3737 4850 49010 3737 7907125 3737 3737 3737 1258 49010 1258 24050 49010 1258 1258 1258 1258 24050 49010 1258 3737 1258 6290 3737 3737 49010 49010 46085 1258 1258 49010 49010 49010 3737 49010 2113145 24050 3737 3737 3737 1258 3737 3737 1258 3737 1272385 49010 3737 3737 3737 1258 1258 468469 3737 3737 3737 24050 1258 49010 1258 3737 49010 3737 6290 49010 1258 1258 49010 6290 24050 3737 1258 3737 4850 46085 49010 3737 1258 3737 49010 46085 3737 3737 49010 49010 49010 3737 3737 24050 1258 1258 3737 1258 3737 49010 49010 1258 49010 1258 3737 1258 1258 3737 49010 49010 49010 3737 49010 3737 49010 1802 49010 3737 1258 24050 195365 49010 49010 49010 1258 3737 3737 1258 46085 49010 3737 3323690 1258 49010 3737 49010 3737 49010 49010 49010 24050 1258 195365 3737 4850 1258 49010 1258 1258 3737 1258 1258 1258 49010 49010 3737 49010 1258 
3031865 34 49010 312505 34 3925 25925 34 34 3925 34 8005 34 3925 3925 3925 34 3414002 34 34 34 3925 2679625 2679625 8005 3925 34 34 3925 34 34 37867525 34 34 3925 34 3925 8005 34 312505 8005 34 34 34 34 3925 34 8005 34 3925 34 8005 8005 25925 34 34 34 3925 1179397 3925 3925 34 34 3925 8005 25925 5551114 3925 3925 3925 3925 3925 34 3925 34 34 25925 34 510770 3414002 34 2679625 34 34 3925 34 34 34 34 34 34 34 34 34 8005 34 3925 34 34 8005 34 34 3925 3925 2490914 34 8005 34 910010 3925 3925 49010 312505 3925 3925 34 312505 34 3925 1179397 103970 34 312505 3925 34 34 3031865 103970 34 34 25925 8005 34 34 3925 3925 34 3925 3925 3925 25925 34 103970 34 312505 34 8005 8005 312505 34 3925 3925 34 34 34 34 3031865 3925 3925 34 25925 3925 3925 3925 312505 34 34 34 34 3414002 34 34 25925 243370 3031865 103970 3031865 2679625 34 312505 34 25925 34 8005 11430817 34 34 1240025 34 34 34 34 34 34 312505 3925 3925 3925 25925 3925 25925 34 3925 34 34 3925 3925 3925 3925 34 34 4858090 34 8005 8005 34 34 34 312505 3925 34 34 34 1179397 103970 103970 8005 49010 34 34 34 32672657 34 3925 3925 34 34 312505 316850 34 34 34 3925 34 312505 34 312505 3925 34 3031865 2490914 34 
17 12325 12325 9802 17 9802 45002 9802 17 17 17 17 45002 12325 17 17 17 17 18434 12325 17 45002 17 17 17 17 46085 17 17 9802 17 1133458 45002 9802 17 17 43690 720002 9802 9802 1002530 17 17 17 9802 43690 89725 17 17 48674 17 46085 46085 46085 17 12325 9802 17 17 9802 9802 1002530 46085 12325 17 17 12631765 10 17 17 89725 17 884425 17 17 12325 17 720002 10 12325 9802 48674 17 17 17 720002 9802 17 17 17 45002 17 17 46085 12325 115202 17 9802 17 9802 45002 89725 2106385 17 9802 89725 1002530 17 17 9802 2106385 9802 17 17 17 9802 9802 1002530 17 25765777 45002 17 9802 17 17 17 17 6356597 10 9802 17 12325 17 89725 17 216039050 89725 10 12325 17 17 17 17 115202 17 9802 17 17 10 9802 17 12325 45002 17 12325 43690 17 9802 17 9802 17 17 17 45002 10 10 9802 17 45002 7474 9802 17 17 10 17 45002 17 45002 17 10 172274645 17 9802 17 17 1002530 720002 9168970 12325 17 12325 7474 9802 17 9802 17 17 46085 17 17 17 115202 17 17 679225 17 12325 17 17 48674 17 12325 12325 17 9802 17 17 9802 17 17 17 9802 9802 17 17 1924925 17 17 1002530 17 12325 17 17 45002 45002 17 17 17 17 17 12325 17 9802 17 17 12325 17 17 43690 12325 17 17 9802 46085 1002530 17 17 17 17 17 17 17 17 9802 6356597 89725 17 17 17 17 12325 1924925 9802 10 1133458 12325 720002 45002 17 9802 17 9802 89725 17 17 12325 17 17 17 9802 17 10 190450 45002 12325 17 17 17 45002 17 17 1002530 17 17 17 10 46085 9802 17 10 9802 9802 12325 17 17 175760650 9802 9802 10 191268901 17 17 9802 17 12325 9802 17 9802 17 10 17 9802 415874 17 17 17 17 17 17 12325 884425 1002530 720002 17 720002 12325 17 1002530 17 17 89725 17 89725 17 720002 17 17 12325 17 17 45002 17 17 17 12325 12325 17 17 1002530 9802 45002 17 17 17 12325 17 720002 720002 17 17 17 17 17 12325 17 45002 12325 720002 17 45002 17 12325 9802 17 9802 1002530 17 1002530 17 17 17 12325 17 17 17 17 17 12325 17 17 115202 17 17 17 12325 17 17 1002530 1002530 45002 17 17 17 17 9802 12325 17 17 45002 12325 89725 17 9802 17 720002 10 415874 6356597 17 17 10 720002 17 17 17 17 17 46085 1002530 17 9802 17 17 12325 7474 9802 17 17 17 17 12325 7474 17 17 17 17 17 12325 679225 45002 9802 17 12325 17 17 9802 17 679225 17 17 17 17 9802 17 12325 17 12325 17 9802 45002 17 17 12325 1002530 17 17 653225 17 17 17 89725 17 9802 9802 12325 17 1002530 17 9802 17 17 17 17 9802 17 22638565 17 9802 17 17 17 12325 17 17 17 17 17 9802 
10 2570 51077 51077 46085 157625 49010 49010 46085 51077 51077 46085 309137 51077 46085 157625 46085 49010 1570 51077 51077 46085 51077 157625 679730 49010 49010 157625 157625 51077 49010 1570 2570 46085 46085 49010 51077 1570 51077 46085 51077 46085 157625 46085 22474 4401605 1570 800005 1570 51077 46085 51077 51077 51077 46085 46085 49010 46085 157625 10 46085 10 49010 51077 46085 51077 46085 157625 46085 35356985 102154 1258 157625 157625 51077 51077 49010 49010 46085 46085 157625 309137 49010 157625 46085 46085 157625 51077 49010 46085 46085 51077 51077 46085 46085 49010 46085 49010 49010 800005 46085 46085 46085 
5185 1601 236197 1601 381925 5185 5185 1601 1601 5185 5185 1601 5185 370 5185 5185 10 1601 1601 5185 1601 1601 882325 5185 882325 255385 8641625 1601 5185 1601 1601 1601 1601 1047370 5185 5185 1258 95225 5185 1601 1601 871202 95225 5185 236197 1601 5185 1601 835250 1601 1601 5185 5410 1601 5185 381925 5185 381925 5185 381925 4631105 5185 10 5185 1601 5185 5185 1601 882325 1601 882325 381925 5185 381925 5185 5410 1880650 1601 1601 5185 1601 835250 1601 5185 255385 5185 1047370 1601 5185 5185 381925 5185 5185 381925 5185 5185 5185 1601 5185 1601 5185 5185 835250 370 1601 871202 5185 1601 255385 5185 5185 1601 1601 255385 5185 381925 5185 5185 1258 1601 5185 5185 1601 5185 5185 1601 1601 1601 5185 1601 5185 1601 
9802 17 21172117 9802 17 1601 1601 9802 89725 17 4181834 1601 720002 9802 1601 9802 17 89725 1002530 1601 17 9802 2106385 1601 17 9802 10 17 10 12325 1601 1601 1601 9802 1601 1601 17 9802 1601 12325 89725 17 1002530 89725 1002530 17 17 9802 17 12325 17 48674 1601 1601 1601 884425 9802 17 1002530 1601 9802 17 1601 9802 12325 17 12325 17 1601 17 1034450 1601 1601 17 17 1601 17 1601 17 9802 1601 9802 17 12325 12325 1601 17 1601 1601 89725 17 17 9802 12325 1601 12325 1601 89725 12325 17 17 9802 1601 1918450 17 89725 17 1601 1601 1601 884425 12325 720002 12325 12325 12325 12325 9802 17 1601 1601 9802 10 17 9802 17 441010 12325 1601 17 1601 17 9802 17 9802 12325 1601 17 17 17 884425 17 9802 17 17 1601 1601 9802 9802 1601 17 10 9802 7474 17 1601 89725 1601 10 9802 884425 17 1601 17 9802 1601 17 720002 9802 9802 12325 17 12325 1601 9802 1601 17 1601 89725 9802 17 1601 89725 1601 17 1601 1601 12325 10 9802 9802 17 17 1601 9802 9802 12325 9802 1601 1601 17 17 9802 1601 1601 17 10 17 12325 12325 17 17 1601 10 9802 1601 9802 10 17 12325 17 1133458 1601 12325 1601 12325 17 2106385 1601 12325 43690 43690 1601 1601 9802 7474 1601 720002 10 1601 17 1601 1601 9802 1601 12325 1601 1601 17 1601 17 7474 1601 17 1601 12325 12325 17 1601 155151937 1601 12325 9802 17 884425 12325 1601 1601 9802 720002 9802 9802 17 17 17 1601 1601 1601 
1717 2594 202 63370 1717 505 1601 1717 17 1601 1601 1601 202 1717 1601 202 38864725 1601 1601 505 17 1717 1601 1717 202 1601 220505 17 17 17 1717 1601 17 940325 1601 720002 63370 1601 17 1601 1601 1717 1717 1601 505 505 1601 1601 1717 202 1601 17 17 1717 1601 505 1717 1601 1601 1601 9802 1601 1601 202 1601 1717 1601 1601 17 202 1601 1601 1717 17 55114 220505 202 1747250 1601 1601 1601 1601 202 1717 1717 1601 1717 1717 1601 1601 17 55114 1601 17 1601 1717 1601 17 1601 1601 1717 1717 1717 1601 1601 17 17 1717 17 1601 1717 1717 1601 2594 1717 220505 1717 17 1601 1717 17 17 1717 202 2594 1717 1601 1717 17 720002 1601 1601 202 2594 1717 17 17 1717 2594 1601 1717 1717 720002 1717 1717 1601 1601 17 2979925 1717 1601 2594 17 1717 1601 1601 1601 1717 17 17 1601 17 1601 202 1601 1601 1717 2594 1717 505 202 202 17816501 1717 1601 505 1717 1717 1601 1601 202 940325 220505 202 101520185 202 1717 220505 17 1601 505 202 55114 17 1601 1717 1601 17 1601 1601 17 505 9168970 1601 1601 202 202 2594 1601 1601 89745125 1601 1717 1717 1601 202 1601 17 3838498 1717 17 1717 1601 1601 1601 1717 1601 17 2506325 1601 1601 17 17 1601 55114 1601 17 17 1601 1601 1717 17 220505 
8005 34 312505 3925 34 34 34 34 312505 8005 34 34 34 34 34 34 34 34 25925 312505 34 34 34 2679625 34 3925 34 34 3925 6290 3925 34 3925 4369 3925 19234450 34 34 34 103970 103970 312505 34 34 34 34 15317 8005 3925 34 34 34 34 3925 3925 3925 34 3925 34 34 34 34 6528650 34 34 34 3925 3925 3925 25925 34 312505 103970 34 3925 34 8005 34 34 3925 3031865 312505 34 3925 8005 8005 34 3925 3414002 312505 34 312505 34 1089010 8005 34 34 34 2679625 34 34 1240025 34 179467945 34 8005 25925 34 34 312505 34 2679625 2679625 4369 34 3925 34 3925 34 34 3925 34 34 8005 6290 34 34 34 34 34 34 312505 312505 312505 8005 34 34 34 34 312505 34 25925 3925 34 34 34 3925 312505 25925 3925 3414002 34 34 34 25925 34 6290 34 34 34 312505 8005 8005 8005 34 3031865 34 312505 34 34 34 34 34 3031865 34 34 34 34 3925 34 3925 37370 25925 3925 34 34 3925 34 3925 34 34 34 34 8005 2679625 8005 34 34 34 3925 34 103970 34 1240025 34 34 8005 34 312505 34 312505 34 34 34 8005 3925 24464725 33489010 3925 34 3925 34 34 34 312505 312505 8005 34 34 3925 3925 34 8005 34 3925 3414002 3925 3925 3925 8005 25925 653050 34 34 34 34 34 4369 34 3411274 8005 312505 3925 34 8005 34 34 34 25925 34 34 316850 3925 312505 34 312505 3925 34 3925 8005 34 5326865 2679625 34 34 3925 34 34 3925 34 3925 34 34 3925 312505 6290 3925 3925 19234450 34 34 3925 34 34 3925 25925 34 34 3925 25925 34 34 34 34 312505 34 34 34 8005 34 3925 312505 3925 8005 34 3925 3925 34 34 4369 25925 3925 3925 34 34 34 312505 34 34 25925 34 34 8005 3925 34 34 34 8005 34 34 34 34 312505 34 3925 34 3925 8005 34 34 291850 66725 34 34 3925 3414002 34 25925 34 3925 810485 34 34 34 312505 4369 103970 3925 25925 34 34 34 103970 119258570 3925 3414002 3925 6290 
34 6290 15317 10405 6290 34 10405 4369 15317 6290 10405 15317 34 239434 34 4369 34 8005 10405 10405 15317 34 34 43810 312505 10405 312505 15317 10405 6290 34 34 10405 10405 15317 4369 6290 10405 34 34 4369 4369 4369 3411274 34 4369 4369 15317 4369 102154 4369 10405 276770 239434 34 6290 34 4369 970 6290 6290 34 653050 15317 10405 10405 34 34 8005 10405 34 136488370 4369 10405 34 4369 10405 10405 4369 34 4369 34 312505 1089010 15317 34 6290 10405 8005 239434 34 10405 4369 1174898 34 34 4369 4369 6290 10405 71978 34 34 4369 34 34 34 15317 34 8005 34 37970245 10405 4369 34 15317 10405 10405 10405 15317 4369 34 15317 34 276770 34 34 8005 15317 34 34 34 4369 
34 4369 34 34 276770 34 6290 10405 6290 34 312505 34 34 10405 4369 4369 34 4369 10405 34 34 10405 6290 15317 6290 34 34 8005 239434 312505 312505 34 34 910010 6290 34 15317 34 312505 34 34 5326865 4369 15317 15317 34 4369 15317 34 4369 15317 1089010 34 239434 4369 34 6290 34 10405 34 8005 3031865 4369 10405 34 34 34 15317 34 10405 6290 312505 34 3031865 34 6290 34 239434 4369 15317 34 34 34 34 6290 34 312505 6290 312505 4369 2036290 34 6290 34 34 15317 239434 34 34 34 3031865 34 34 970 34 10405 34 34 34 34 10405 4369 34 10405 34 15317 15317 34 15317 6290 15317 4369 10405 4369 10405 34 15317 34 240208810 34 312505 4369 34 312505 6290 10405 6290 34 34 4369 34 6290 4369 15317 6290 15317 10405 15317 34 34 6290 316850 4369 34 5551114 15317 4369 37970245 312505 6290 34 8005 239434 10405 34 6290 239434 4369 34 15317 8005 34 34 15317 10405 6290 34 34 4369 1512901 34 10405 15317 10405 34 15317 34 34 34 34 15317 34 10405 970 464290 15317 15904145 6290 10405 34 34 312505 15317 34 186325 34 4369 10405 10405 312505 15317 34 34 34 10405 10405 34 15317 8005 34 15317 34 186325 34 3031865 10405 34 71978 4369 15317 8005 15317 15317 34 4369 10405 10405 34 276770 4369 15317 239434 34 3031865 6290 10405 34 34 
6290 10405 34 34 34 10405 34 4369 34 15317 34 6290 15317 290 4369 34 15317 34 4357 4369 239434 34 34 34 4369 34 4369 34 6290 34 8005 8005 10405 188065 10405 10405 10405 1765 10405 15317 34 10405 71978 4369 10405 4357 6290 10730 34 10405 4369 34 6290 10405 34 15317 34 464290 239434 10405 15317 34 34 4369 36945845 34 15317 4369 10405 34 239434 34 239434 34 10405 4369 4369 1654865 34 6290 4369 15317 239434 10405 34 34 34 6290 34 1654865 4369 4369 4369 4369 290 15317 10405 10405 4369 4369 10405 10405 4369 8005 10405 34 4369 34 34 239434 4369 15317 71978 4369 10405 10405 10405 34 239434 4369 34 239434 8005 4369 6290 34 10405 34 188065 15317 6290 34 6290 18218050 4369 34 34 34 34 290 34 10405 15317 34 34 34 4369 34 188065 188065 6290 34 276770 15317 4369 729625 4357 239434 34 6290 34 34 1654865 15317 34 15317 34 4369 6290 15317 34 34 10405 34 34 34 15317 10405 34 6290 31945105 15317 34 34 10405 8005 1654865 34 1654865 34 34 15317 10405 4369 34 34 34 186325 34 96549410 34 34 15317 10405 34 6290 34 10405 15317 1654865 34 34 34 34 1654865 34 15317 239434 15317 34 35832197 239434 15317 10405 15317 4369 34 
202 1717 1717 8245 202 202 3737 1717 940325 843050 1717 202 2594 1717 202 940325 24650 202 505 202 202 2594 202 1717 1717 1717 77450 3737 505 505 505 1717 202 202 2594 1717 202 3737 8245 202 8245 3737 202 202 1717 202 202 1717 136085 3737 1717 1717 1717 202 17942090 202 1717 1717 55114 686450 202 1717 202 202 202 1717 8245 1717 2594 8245 2979925 1717 202 202 202 1717 202 2594 240101 2594 202 220505 202 1717 1717 136085 74 202 1717 3737 1717 136085 1717 63370 3737 3737 505 51296650 220505 202 202 202 202 202 1717 202 8245 202 1717 202 1717 1717 3737 1717 505 202 3737 202 3737 202 1717 505 202 2594 2594 3737 5270770 1717 1717 202 8245 1717 505 1717 202 202 77450 2594 1717 2594 8245 202 2594 
17 679225 17 45002 679225 17 17 17 45002 170 17 45002 45002 45002 45002 89725 9802 45002 17 17 170 17 9802 45002 679225 12325 679225 43690 45002 45002 3082729 126897605 45002 89725 17 441010 17 17 17 17 17 17 17 45002 170 17 17 170 17 30425 131665 884425 17 89725 17 9802 9802 17 170 89725 441010 170 45002 45002 45002 45002 17 17 17 89725 45002 170 17 170 17 17 12325 170 45002 17 9802 45002 17 89725 17 170 17 45002 720002 17 45002 17 17 17 10 3082729 45002 45002 9802 170 45002 12325 45002 17 45002 1924925 17 170 17 17 170 170 17 17 17 45002 45002 10 884425 9802 17 45002 17 17 170 17 9802 2106385 170 45002 17 679225 45002 1133458 170 17 9802 17 170 9802 17 9802 9802 17 170 17 17 17 45002 45002 45002 261994 170 17 45002 17 17 679225 9802 9802 17 17 21385802 45002 17 9802 170 17 679225 170 45002 45002 45002 9802 10 12325 45002 17 45002 45002 17 17 17 17 89725 170 3082729 45002 17 18434594 17 679225 17 17 17 45002 45002 17 17 17 45002 679225 17 17 261994 17 17 17 17 9802 
3925 1601 3925 272485 1601 1601 1601 1601 25925 1601 5185 1601 1601 3925 1601 1601 272485 1601 272485 1601 1601 1601 1601 1601 1601 3925 3925 1601 1601 5185 1601 5185 5185 272485 1601 1601 3925 272485 5185 1601 236197 1601 1601 3925 25925 112370 10 1601 3925 1601 1601 5185 25925 1601 1601 1601 3925 1601 272485 1601 1601 5185 1601 3925 1601 1601 1601 10 1601 5185 1601 10 3925 1601 1601 1179397 1179397 25925 25925 1601 1601 3925 236197 5867090 1601 5185 10 1601 1601 126243445 1601 5185 1601 272485 1601 1179397 1179397 72788825 1601 5185 8005 1601 236197 10 1601 1601 5185 1601 5185 236197 1601 1601 3925 1601 1601 3925 370 33802 1601 3925 1601 1601 3925 5185 25925 5185 5185 1601 1601 1601 1601 1601 1601 1601 1601 1601 1601 1601 1601 10 3925 3925 1601 
4369 72901 2425 72901 463114 72901 29045 3925 2425 29045 72901 29045 463114 72901 110245 72901 29045 29045 2425 142885 72901 2185625 3737 4369 72901 29045 72901 29045 4369 110245 29045 463114 29045 3925 72901 10293925 29045 72901 2425 2425 29045 51914 29045 29045 29045 4369 72901 876097 29045 4369 29045 184901 2425 72901 72901 29045 72901 72901 2425 2425 3925 3737 3925 876097 29045 29045 29045 72901 170 72901 463114 3925 29045 4369 2425 29045 2425 29045 29045 3925 29045 463114 72901 3925 72901 4369 29045 2425 714425 29045 184901 72901 72901 72901 72901 29045 29045 110245 29045 29045 29045 29045 29045 29045 170 29045 1919249 2425 29045 72901 142885 29045 1923545 459850 110245 170 72901 2425 29045 110245 3925 29045 29045 
29045 72901 2425 4369 4357 72901 72901 6843890 72901 29045 72901 4357 72901 4357 3925 3925 4369 184901 72901 16825 16825 4357 29045 2425 4357 3925 184901 72901 29045 3925 2425 4357 29045 4369 142885 72901 110245 16825 2425 184901 72901 16825 2425 72901 3925 72901 2425 4357 142885 142885 29045 72901 16825 4357 2185625 4369 3925 184901 2425 4357 184901 72901 4357 4369 4357 72901 72901 184901 2185625 16825 29045 4357 72901 714425 72901 72901 2425 29045 72901 184901 184901 72901 4357 4369 2425 2425 72901 2425 4802045 3925 4357 4357 29045 1654865 72901 16825 184901 142885 142885 4369 3925 3737 72901 4369 29045 110245 72901 29045 3925 3925 29045 72901 72901 4357 29045 3925 4369 3925 290 72901 72901 72901 29045 2425 3925 72901 4369 4357 72901 16825 29045 4357 4369 4369 2425 29045 876097 2244005 3925 4369 29045 2244005 29045 259875125 3925 3737 72901 2425 3925 1654865 4369 4369 72901 72901 29045 876097 184901 72901 72901 3925 463114 3925 876097 4357 5640209 4357 4357 142885 72901 4357 463114 4357 72901 3925 4357 29253025 184901 72901 72901 72901 16825 72901 29045 29045 4357 4369 72901 72901 4357 2425 4369 184901 72901 16825 29045 184901 4357 29045 72901 1654865 72901 2425 29045 110245 3925 72901 4369 290 29045 72901 3925 2425 4802045 2425 72901 2720017 72901 72901 4357 4369 10240490 3925 3925 7850 72901 3925 72901 4357 290 72901 463114 4357 4369 3737 29045 16825 4357 463114 29045 
4369 184901 2425 72901 72901 2425 29045 3925 876097 72901 4369 72901 72901 2185625 51914 8585 72901 463114 110245 29045 29045 3925 2425 72901 4369 4369 3737 3925 463114 72901 121215737 29045 2185625 72901 2425 7202 72901 202 2425 2425 29045 2425 3925 29045 4369 29045 72901 202 273205 29045 3925 72901 142885 2425 2425 3925 184901 463114 72901 3925 72901 3925 72901 72901 2425 3925 29045 72901 72901 202 29045 72901 202 2425 72901 29045 72901 72901 72901 4369 184901 72901 3925 2425 29045 72901 3925 29045 2425 29045 72901 4369 2425 72901 2425 110245 876097 2916010 463114 72901 3925 72901 72901 2425 29045 29045 110245 3925 29045 72901 72901 2425 72901 72901 3925 2425 3925 29045 3737 72901 72901 184901 72901 72901 184901 29045 2425 29045 3925 29045 29045 4369 4369 72901 3925 463114 2425 3925 3925 202 3737 170 4369 2425 184901 72901 4369 72901 184901 463114 463114 876097 72901 142885 110245 4369 184901 29045 3925 29045 29045 29045 72901 4369 29045 3925 170 202 72901 72901 29045 2425 2425 2425 3925 7850 72901 29045 2185625 72901 51914 3925 29045 29045 29045 202 29045 29045 3737 142885 29045 2425 29045 170 29045 72901 184901 72901 29045 2425 1923545 4369 8585 72901 29045 2425 4369 72901 3925 72901 4369 72901 8585 72901 72901 72901 29045 29045 29045 29045 72901 29045 2425 3737 72901 29045 3925 3737 29045 72901 72901 198324025 876097 29045 72901 29045 876097 3925 3925 3925 29045 3925 29045 72901 2425 29045 3925 110245 18546805 572050 2425 72901 72901 876097 29045 2425 72901 29045 2425 72901 4369 463114 3925 2425 184901 72901 202 2425 18742517 4369 72901 2425 142885 2425 184901 29045 202 72901 176290 29045 3925 463114 2425 29045 273205 810485 2425 3925 72901 72901 29045 3925 3925 3925 3925 3925 72901 170 184901 4369 4369 29045 29045 2425 72901 110245 2425 2425 72901 2425 2425 72901 72901 2425 3925 463114 72901 3925 29045 29045 29045 29045 3925 29045 3925 876097 72901 29045 4369 273205 29045 2916010 72901 4369 2425 2425 202 202 2425 29045 4369 29045 72901 72901 29045 3925 72901 29045 3925 876097 4369 876097 142885 72901 72901 184901 29045 3925 29045 72901 2425 184901 2425 4369 184901 29045 72901 2425 2425 72901 72901 29045 463114 72901 3925 2425 2425 4369 72901 72901 2425 29045 110245 3925 2425 29045 29045 2425 72901 273205 2425 29045 2425 2425 29045 110245 463114 29045 72901 72901 2425 72901 29045 2425 3925 29045 463114 29045 72901 29045 72901 2425 3925 3925 72901 72901 1664650 72901 72901 2425 72901 176290 2425 72901 110245 72901 2425 184901 463114 4369 72901 110245 3925 3925 72901 72901 4369 29045 72901 29045 2425 72901 184901 184901 2425 876097 72901 72901 29045 29045 4369 72901 8585 184901 29045 3925 29045 72901 29045 184901 29045 463114 72901 184901 29045 110245 29045 29045 184901 18546805 29045 72901 72901 29045 184901 29045 29045 110245 463114 29045 29045 2425 72901 29045 2425 29045 72901 110245 29045 2425 29045 3925 72901 72901 72901 3925 3925 3925 72901 72901 4369 202 29045 3925 72901 3925 4755530 72901 2425 463114 714425 72901 2425 72901 2425 29045 3925 3925 184901 463114 142885 72901 72901 273205 4369 29045 2425 463114 4369 72901 72901 2425 4369 72901 4369 463114 72901 72901 8585 4369 72901 29045 
45002 9802 30425 17 17 17 45002 45002 170 170 43690 17 17 45002 43658050 17 17 45002 9802 17 45002 170 17 720002 45002 2106385 2425 167276402 170 17 2425 679225 45002 170 17 17 170 43690 170 45002 18434594 45002 679225 45002 17 17 679225 17 2425 18434 2700490 2425 6356597 170 17 61217 17 17 112897 131665 45002 17 17 17 17 679225 17 61217 17 17 45002 45002 17 45002 21385802 720002 17 112897 17 45002 45002 720002 17 45002 170 17 170 45002 17 170 720002 17 112897 17 45002 112897 170 2425 61217 45002 10 679225 17 17 679225 9802 17 170 17 45002 112897 45002 45002 9802 261994 45002 17 112897 9802 45002 17 170 45002 17 45002 679225 45002 17 45002 17 17 112897 45002 170 45002 17 45002 17 9802 679225 345634634 17 
5185 1259557 1258 5185 5005450 1258 5410 5185 5185 5005450 1258 1258 1258 5185 1258 1258 5410 5185 833170 1258 5185 51077 1258 51077 4631105 1258 256330 5185 5185 1258 5185 381925 5185 5185 5005450 3889625 5185 1258 1258 1258 1258 1601 370 58325 1258 70519690 21756985 1258 5185 1258 370 31248101 882325 1258 1258 381925 1258 1258 1258 1258 1258 1258 51077 1258 1258 5185 1258 1258 3889625 5185 95225 1258 5185 1258 1258 95225 199714 1258 1258 58325 1258 1258 5185 1258 1258 5185 381925 1258 1258 5185 835250 5410 5185 58325 5185 1601 1258 1258 5185 1170325 5410 1258 30634 5185 1258 1258 5185 381925 5185 882325 5185 58325 95225 882325 1258 5185 1258 5185 51077 1258 1258 1258 1601 1258 58325 1258 1258 1258 5185 
74 2425 16825 74 4357 74 4357 16825 188065 74 188065 363701 16825 2425 74 4357 16825 2517770 4357 370 290 4357 370 188065 74 538645 2425 74 4357 4357 363701 74 74 4357 4357 4357 188065 74 74 188065 74 74 370 74 4357 16825 4357 74 74 74 16825 1654865 188065 74 74 74 4357 4357 538645 188065 4357 4357 16825 2425 74 74 74 74 2425 4357 1654865 188065 74 4357 4357 74257625 74 16825 74 74 4357 16193809 74 16825 4357 16825 1654865 16825 4357 74 1654865 4357 4357 1747250 9667730 74 74 4357 4357 74 74 538645 363701 538645 4357 74 74 2517770 4357 4357 4357 4357 188065 74 4357 74 188065 74 2720017 4357 188065 16825 188065 188065 2425 4357 1654865 16825 4357 16825 16825 74 74 1765 4357 74 74 74 74 4357 74 4357 4357 74 4357 538645 74 4357 188065 74 16825 74 4357 74 1765 6843890 29253025 4357 1654865 4357 74 4357 4357 74 538645 538645 16825 4357 16825 4357 4357 188065 1654865 4357 169010 4357 4357 4357 74 370 538645 74 74 188065 74 4357 16825 74 2244005 74 4357 4357 188065 74 290 16825 74 1765 74 74 74 74 450290 4357 1654865 74 74 16825 74 4357 188065 74 2517770 74 74 188065 538645 74 1765 6843890 74 4357 74 
1802 49010 4850 4850 46085 157625 49010 102154 49010 24050 49010 46085 49010 24050 4850 49010 49010 46085 46085 157625 24088465 1258 49010 46085 4850 49010 46085 1258 24050 1258 157625 46085 49010 4850 49010 1258 46085 46085 46085 46085 24050 46085 49010 102154 46085 49010 49010 46085 46085 1258 49010 24050 49010 46085 1258 46085 800005 3197105 49010 49010 49010 4850 1258 4850 49010 49010 46085 800005 24050 46085 49010 157625 46085 46085 46085 169209925 800005 1258 49010 24050 49010 49010 157625 46085 49010 46085 49010 46085 46085 46085 49010 309137 46085 46085 46085 49010 49010 6317650 8908402 49010 4850 46085 4850 49010 49010 49010 49010 157625 46085 49010 49010 49010 10 1258 49010 10 49010 49010 49010 49010 1802 49010 1258 46085 49010 157625 49010 49010 49010 49010 49010 51077 4850 102154 4850 49010 49010 51077 24050 46085 46085 4850 10 49010 49010 49010 49010 46085 1258 46085 46085 49010 49010 49010 30296125 1258 49010 157625 49010 49010 49010 4401605 46085 46085 49010 46085 1258 49010 49010 24050 49010 46085 49010 49010 49010 49010 1258 49010 1258 46085 46085 309137 24050 46085 46085 1258 157625 46085 46085 46085 51077 49010 49010 49010 46085 157625 49010 49010 49010 309137 49010 24050 49010 1258 157625 49010 49010 1802 35356985 24050 49010 24050 800005 49010 800005 49010 46085 46085 4850 49010 49010 1258 4850 102154 157625 1258 49010 49010 157625 49010 1258 46085 46085 24050 49010 49010 309137 3197105 46085 3197105 49010 46085 46085 8908402 46085 157625 49010 1802 46085 46085 46085 46085 49010 49010 309137 49010 157625 46085 49010 49010 1258 1258 46085 49010 49010 1258 49010 49010 1258 49010 309137 49010 1258 24050 49010 102154 4850 1258 49010 46085 49010 102154 49010 1258 49010 102154 51077 49010 49010 46085 1258 49010 46085 102154 309137 49010 10585 49010 46085 1258 49010 
190450 74 101 1018145 101 74 16825 456977 101 74 74 74 202 456977 8245 74 74 74 74 74 101 74 456977 74 74 74 16825 8245 74 74 4357 190450 4357 10730 8245 74 74 190450 74 74 74 74 74 101 16825 74 785 74 8245 370 8245 74 202 16825 4357 101 190450 74 101 74 4357 74 31754 8245 2720017 8245 74 363701 16825 16825 74 190450 74 74 74 202 4357 74 74 74 74 74 74 8245 8245 10730 10730 74 74 8245 74 290 74 363701 101 74 74 74 16825 74 74 456977 101 74 101 740690 16825 202 74 26293865 74 8245 74 74 74 74 4357 31754 74 4357 10730 16825 74 74 
74 74 101 51077 74 74 74 74 74 101 74 1746485 74 370 31754 74 31754 8245 101 903170 1570 456977 74 1570 101 74 1368778 74 101 74 2672930 74 101 74 101 74 2672930 101 74 74 10730 8245 74 4357 363701 8245 74 101 190450 8245 456977 16825 8245 74 74 202 74 10730 21353657 101 74 74 74 202 74 101 74 101 74 16825 11803445 8245 74 1010 74 363701 101 16825 51077 74 74 74 1018145 51077 1047370 8245 74 74 363701 74 456977 16825 74 101 74 456977 74 74 8245 74 74 74 74 74 74 74 74 101 101 51077 74 74 8245 363701 74 202 74 1010 74 74 74 74 74 10730 16825 8245 74 74 51077 74 74 74 456977 74 8245 190450 456977 363701 74 4357 74 101 2425 74 1570 51077 74 101 74 74 74 74 74 74 74 16825 16825 8245 74 101 101 903170 51077 74 8245 74 8245 74 101 8245 8245 8245 456977 74 139511810 74 101 2425 31754 101 456977 74 4357 74 101 74 74 74 74 370 74 74 74 101 903170 10730 4357 74 74 74 101 74 10730 74 51077 74 190450 74 74 8245 74 1010 1570 74 456977 456977 74 74 74 74 101 190450 8245 74 74 74 8245 74 363701 74 74 74 1010 74 74 456977 101 74 2672930 74 101 101 101 51077 16825 74 101 16825 8245 1010 74 8245 74 74 456977 8245 101 363701 101 74 74 74 101 74 101 8245 74 16825 1570 74 74 16825 2425 101 101 101 74 101 16825 74 74 4357 31754 202 74 74 74 51077 10730 16825 74 74 74 74 8245 1570 74 101 74 363701 74 74 1570 1570 74 74 8245 74 74 74 16825 74 51077 101 74 74 74 8245 16825 8245 74 74 74 8245 74 21353657 101 8245 456977 456977 74 4357 74 74 74 101 74 785 74 74 51077 1047370 74 101 74 74 74 74 16825 74 4357 74 74 74 101 456977 202 101 74 4357 74 74 8245 74 8245 51077 101 74 74 74 16825 1010 101 74 74 1010 74 74 74 74 101 74 74 74 74 74 2455330 74 101 74 74 74 1010 74 101 6283925 74 74 51077 10730 1570 74 74 74 8245 74 74 74 74 256330 8245 1018145 74 8245 16825 4357 16825 74 11803445 1570 74 1018145 74 74 74 74 190450 74 16825 51077 74 74 16825 74 74 391645 2425 202 1570 202 8245 16825 101 4357 74 74 74 74 74 1010 74 74 74 16825 74 
10405 37757525 15317 10405 10405 10405 10405 10405 102154 4369 10405 10405 29045 29045 29045 10405 121685 10405 10370 10405 459850 10405 170 10405 10370 10405 29045 10405 273205 10405 29045 10405 29045 459850 459850 10405 29045 10405 10405 10405 29045 10405 121685 10405 4369 170 29045 15317 10405 10405 15317 29045 10405 10405 10405 10405 10405 29045 459850 10405 10405 10405 29045 15317 3207154 29045 10405 10405 10405 10405 15317 10405 4369 4850 10405 29045 10405 10405 15317 10405 15317 10405 121685 187274 4369 1919249 4369 10405 4584485 10405 29045 10405 4369 12023845 29045 10405 10405 29045 10405 170 29045 10405 29045 459850 10405 29045 10405 29045 114551125 10405 29045 10405 29045 10405 10405 10405 10405 29045 29045 459850 29045 714425 15317 25398650 15317 15317 10405 10405 29045 15317 15317 29045 1116050 10405 10405 10405 276770 29045 29045 714425 10405 10405 29045 10405 10405 10405 15317 459850 459850 10405 
34 34 3638050 3530 3530 34 3530 34 485 34 34 72901 3530 485 3530 485 485 485 1331593 29045 3530 5 34 3530 5 485 3530 3530 1285 34 3530 3530 19018 5 62725 987530 3530 485 1665074 5365 1331593 3530 1331593 485 3530 485 485 3530 269125 485 34 34 485 18434 5365 485 3530 5618005 3530 1685450 3530 29045 4356010 3530 485 3530 3530 485 485 3530 3530 13577365 29045 29045 5365 1331593 5365 34 3530 485 34 143280901 34 34 29045 3530 34 34 34 34 2570 5365 19018 485 3530 485 485 3530 4850 650 1331593 29045 3530 34 485 62725 2036290 29045 34 34 3530 5365 3530 3530 3530 3530 34 5365 34 34 3530 485 3530 1331593 2036290 34 3530 29045 5365 3530 5365 1285 3530 3530 485 3959705 6472325 72901 2036290 485 3530 485 34 485 34 485 34 5365 72901 3530 3530 3530 62725 3530 29045 34 34 34 34 2570 5 6400901 3530 3530 3530 485 3530 485 3530 5365 3530 5 3530 3530 3530 5 34 3530 3530 485 62725 3530 3530 1331593 3530 485 34 3530 62725 5365 485 3959705 34 987530 34 5991050 1331593 34 19018 485 485 34 3530 5618005 34 19018 3530 77545637 3530 3530 485 1331593 3530 485 29045 5365 4850 3530 5365 34 3530 34 485 34 3530 3530 5365 5365 485 5 5 485 34 485 3530 485 3530 987530 34 485 269125 485 72901 34 5 19018 485 19018 3530 3530 4850 3530 3530 34 485 987530 34 34 34 3530 148138 485 29045 34 3530 485 34 29045 514 3530 485 29045 3530 485 485 3530 62725 34 3530 3530 3530 34 3530 34 34 34 485 485 485 3530 34 3530 29045 34 501265 3530 3530 34 3530 12970 2570 485 3530 8803210 3530 3530 4189225 29045 34 3530 34 3530 3530 
74 4357 4357 74 2425 4357 74 74 2517770 16825 74 74 74 16825 27217 27217 188065 74 188065 188065 188065 4357 188065 4357 188065 4761010 538645 4357 4357 1654865 74 16825 74 74 188065 188065 16193809 169010 16825 74257625 16825 290 74 27217 74 74 188065 74 188065 74 26293865 4357 188065 16825 74 4357 4357 188065 4357 4357 4357 4357 1654865 74 188065 4357 4357 188065 2876417 4357 74 188065 16825 312505 3154177 16825 74 4357 2269874 2517770 4357 4357 74 4357 74 16825 538645 1765 4357 1654865 74 538645 169010 188065 74 84406250 538645 169010 2425 4357 4357 4357 4357 74 4357 370 4357 188065 3154177 4357 370 4357 74 74 4357 74 188065 2720017 16825 74 188065 74 4357 74 4357 74 188065 1654865 16825 4357 16825 27217 538645 1765 4357 4357 74 290 16825 4357 74 4357 3946465 4357 74 1654865 4357 74 4357 
1010 46085 51077 51077 1258 51077 1570 51077 1258 51077 1258 1258 46085 51077 51077 51077 1258 157625 186267905 1570 46085 51077 46085 46085 157625 51077 51077 51077 1258 1258 11803445 370 1258 2570 51077 903170 970 970 46085 46085 2570 1258 51077 1258 51077 1258 51077 51077 46085 51077 1258 46085 1570 46085 51077 1570 309137 51077 110245 1258 51077 51077 51077 1258 157625 51077 46085 46085 157625 46085 16386305 1258 1570 46085 46085 1258 51077 51077 157625 46085 51077 51077 46085 46085 51077 51077 309137 1258 46085 51077 46085 157625 46085 51077 51077 51077 1258 1258 2397674 46085 2570 2570 157625 1258 46085 51077 46085 819202 239434 51077 6145850 46085 1570 10323970 46085 51077 819202 51077 22740770 46085 51077 1010 1010 51077 51077 46085 51077 51077 51077 1258 1258 51077 46085 46085 46085 46085 22474 51077 1258 309137 1570 51077 51077 51077 51077 1570 46085 1570 51077 1570 51077 1010 51077 46085 157625 1258 102154 157625 1258 22474 46085 46085 51077 51077 1570 2570 51077 51077 51077 1258 46085 51077 51077 1258 51077 51077 51077 157625 51077 157625 51077 51077 1258 51077 1570 51077 1258 29290 51077 1570 51077 51077 46085 1258 1258 51077 51077 157625 51077 46085 110245 51077 46085 46085 46085 1258 51077 51077 46085 903170 1258 1258 970 1258 46085 309137 51077 2570 46085 46085 51077 51077 51077 51077 1258 46085 1258 2570 46085 51077 51077 1258 309137 51077 46085 51077 46085 1258 46085 51077 51077 46085 46085 309137 1570 1258 46085 51077 51077 51077 46085 51077 2570 370 46085 370 46085 51077 46085 51077 51077 46085 46085 51077 51077 46085 51077 46085 51077 46085 1010 51077 51077 1258 51077 370 1258 157625 157625 46085 1258 46085 1258 51077 51077 1258 51077 1010 1258 51077 51077 1258 110245 51077 51077 679730 970 11803445 51077 51077 679730 157625 46085 46085 46085 46085 51077 903170 679730 157625 1570 51077 1258 51077 51077 1258 51077 51077 51077 51077 157625 903170 51077 1570 1010 21785 51077 1010 46085 51077 46085 1258 1570 51077 970 1570 11803445 51077 51077 46085 157625 51077 51077 157625 46085 1570 46085 1010 1258 46085 51077 51077 1010 46085 157625 186267905 51077 1570 51077 51077 1258 46085 2570 51077 21170 1258 46085 46085 51077 51077 157625 1258 1258 67250 51077 46085 51077 157625 1258 1258 46085 46085 51077 1258 1258 1258 51077 46085 1258 1258 46085 46085 1258 46085 46085 51077 46085 46085 1258 46085 51077 46085 51077 51077 157625 51077 46085 46085 51077 51077 51077 46085 1258 1258 1258 51077 51077 1258 51077 51077 1258 51077 60810425 51077 46085 51077 51077 29290 1258 46085 46085 46085 51077 46085 1570 51077 51077 1258 1258 157625 1258 21170 46085 1258 46085 51077 102154 51077 51077 51077 46085 51077 46085 102154 46085 51077 46085 1570 157625 157625 46085 51077 186267905 1258 51077 46085 51077 46085 1010 1258 157625 4401605 
3530 5 3530 34 34 3530 3530 34 5365 1258 19018 34 34 3530 2036290 485 3530 21257650 34 3530 3530 3530 1258 5 485 485 3530 19018 3530 19018 485 9063050 85 148138 1258 485 3530 3530 3530 34 3530 3530 3530 6394645 5365 34 17945 3530 17945 485 485 17945 34 3530 485 485 6492725 3530 29955250 3959705 485 17945 485 34 3530 485 3530 1285 3530 34 3530 34 3530 485 3530 5365 3530 85 1285 34 3530 3530 34 485 34 34 485 3530 3530 3530 3530 17945 3530 34 1331593 24799490 1331593 1331593 34 3530 485 34 34 17945 485 3530 3530 5 3530 85 485 3638050 3530 1285 5365 485 5 5365 5365 3530 3530 5365 19018 3530 34 17945 3530 1331593 62725 485 5365 5365 1331593 3530 19018 485 5365 34 5766410 485 17945 17945 3530 1258 1258 5 3530 85 5766410 34 485 5365 5365 5365 85 3530 3530 485 34 3530 3530 17945 12970 1331593 83466497 5365 485 1331593 5365 485 485 17945 3530 485 3530 3530 3530 3530 34 3530 34 3530 85 3530 3530 3530 17945 2551250 485 3530 485 3530 34 3530 34 3530 485 485 3530 5365 1331593 485 3530 3530 34 3530 34 3530 5365 34 1258 3530 34 3530 3530 34 485 34 19018 3530 3530 3530 3530 34 198642314 1665074 3530 3530 3530 1331593 3530 485 485 485 34 485 3530 5365 85 34 34 3530 1665074 3530 19018 3530 34 485 62725 34 34 85 5365 1258 485 3530 3530 3530 5365 34 3530 34 5365 3530 62725 5365 3530 34 3530 485 34 3530 34 34 3530 34 34 17945 1285 34 3530 3959705 85 5 34 5365 485 3530 13577365 
15317 10405 10405 10405 4369 1258 29045 10405 29045 464290 29045 485 15317 10405 15317 10405 485 276770 239434 10405 10405 10405 29045 10405 15317 10405 29045 10405 10405 10405 15317 10405 10405 120250 10405 3249010 15317 29045 273205 10405 15317 10405 29045 29045 10405 15317 239434 37970245 10405 10405 10405 10405 10405 10405 1258 29045 4369 29045 29045 29045 10405 10405 10405 239434 459850 531855845 170 4369 10405 4369 4369 10405 10405 10405 15317 10405 4369 10405 10405 4369 10405 15317 15317 10405 10405 10405 10405 10405 121685 10405 29045 10405 29045 29045 15317 10405 29045 10405 10405 10405 10405 10405 4369 29045 10405 15317 10405 102154 4369 10405 273205 29045 10405 485 10405 10370 239434 10405 15317 10405 10405 15317 10405 15317 10405 10405 10405 10405 276770 10405 10405 15317 10405 10405 10405 10405 10405 15317 29045 10405 10405 10405 459850 10405 29045 10405 459850 10405 10405 10405 10405 10405 1258 4369 15317 4850 1258 10405 29045 15317 170 10405 10405 10405 10405 10405 10405 4850 15317 15317 121685 29045 15317 4369 170 10405 10405 102154 10405 10405 10405 29045 485 170 10405 15317 15317 179450 10405 10405 239434 29045 10405 10405 15317 170 10405 102154 10405 10405 29045 29045 1258 239434 10405 4850 459850 15317 15317 10405 29045 120250 29045 29045 4369 1258 10405 10405 10405 15317 4369 10405 4369 102154 10405 29045 10405 10405 10405 10405 10405 10405 4369 10405 10405 10405 10405 1258 29045 29045 10405 10405 4369 10405 1258 10405 10405 4369 714425 10405 10405 10405 10405 10405 10405 4369 102154 10405 10405 10405 10405 10405 10405 10405 10405 10405 10405 10405 10405 15317 10405 29045 10405 15317 485 10405 15317 10405 29045 459850 10405 10405 4369 459850 10405 459850 10405 10405 273205 1258 239434 10405 10405 4369 485 459850 10405 15317 10405 4369 10405 121685 10405 459850 10405 29045 170 10405 459850 15317 10405 7911229 239434 7872938 15317 10405 4369 29045 10405 10405 10405 29045 102154 10405 15317 10405 10405 4369 29045 15317 459850 29045 1258 10405 4369 10405 10370 459850 29045 10405 10405 15317 459850 10405 8304517 4369 29045 4369 10405 273205 4369 29045 239434 10405 15317 10405 10405 10405 10405 10405 10405 1258 15317 15317 170 10405 4850 485 10405 10405 10405 10405 10405 10405 10405 10405 4369 10405 10405 10405 15317 10405 276770 10405 10405 4369 10370 10405 29045 10405 459850 10405 10405 10405 10405 10405 459850 18218050 4369 10405 29045 10405 8738 459850 10405 10405 29045 10405 4369 170 15317 10405 1258 10405 485 10405 4369 10405 10405 29045 4369 4369 10405 10405 239434 714425 10405 170 485 10405 29045 15317 29045 15317 4369 10405 10405 273205 10405 10405 10405 29045 10405 1066325 10405 29045 10405 10405 10405 10405 102154 10405 121685 10405 
179945 1258 1258 51077 11050 1258 1258 5185 1258 51077 1258 903170 5410 51077 95225 1258 1258 51077 1570 1258 5185 30634 1258 1258 1258 51077 1258 1258 1258 1258 5185 5410 51077 1258 1258 1258 1258 1258 1010 51077 51077 51077 51077 51077 51077 5185 5185 51077 1258 1570 1258 5185 51077 1570 1258 1258 29184802 1258 1258 1570 1258 1258 1258 51077 51077 58325 5185 1258 5185 51077 5133725 5410 1258 5185 51077 1258 51077 5185 1258 1258 2917265 903170 1258 1258 1258 51077 51077 5185 1258 51077 95225 5410 1258 1258 51077 30634 1570 51077 1258 51077 51077 51077 1258 5410 1258 51077 1258 1258 1258 1258 51077 1258 51077 5410 1258 5133725 1258 1258 1258 51077 51077 51077 51077 1258 51077 1258 51077 51077 1258 1258 1258 1258 1258 58325 1570 1258 1258 1258 58325 51077 58325 5410 1258 185 1570 1258 2917265 1258 1258 2917265 58325 1570 51077 1258 1258 1258 51077 1258 5185 1258 1031050 5410 166685 370 51077 1258 51077 1258 51077 1570 1258 1010 1258 51077 1570 5185 1258 1258 1570 381925 5185 192085 2917265 1258 1258 903170 1258 2917265 51077 1258 1258 1258 51077 1258 51077 5410 1258 1258 1258 1258 185 1258 1258 1258 51077 2017450 1258 5185 192085 2570 1258 1570 3889625 1258 1010 1258 5185 1258 1258 1465474 1570 1570 5185 51077 51077 5185 1258 1570 1258 1258 1258 51077 5185 51077 1258 51077 5185 51077 1258 51077 1258 1258 239434 58325 1258 51077 1258 58325 51077 1258 1258 1258 30634 5185 1258 58325 5185 1258 5410 51077 1570 5185 5185 1258 51077 1010 5185 51077 51077 1258 51077 1258 1258 51077 58325 1258 1258 1258 1258 1258 1570 1258 1570 1258 1258 1258 2917265 121685 5185 1258 1258 1570 51077 1258 51077 1570 51077 1258 1258 1258 58325 5185 1258 381925 51077 1570 1258 1258 1258 1010 1258 1258 1570 1258 1258 1258 1258 5185 381925 1258 1258 1010 51077 51077 51077 1258 30634 149817601 1258 58325 1258 51077 1258 58325 1570 51077 1258 1258 5410 1258 51077 1258 51077 51077 3250 51077 1258 1258 1258 1258 1258 1258 1258 179945 5185 58325 51077 1570 51077 5185 5410 5185 1258 1258 1258 51077 1258 1258 1010 51077 51077 51077 1258 1258 5185 1010 51077 1743625 1258 11803445 5410 51077 51077 1258 1258 166685 1570 58325 51077 5185 51077 1258 1258 51077 1258 370 51077 5410 5410 1258 1258 1258 2917265 1258 5410 51077 1258 1258 5410 1258 1258 51077 1570 51077 1258 1258 51077 370 1258 1258 1258 58325 51077 1258 51077 1258 5185 51077 903170 51077 1258 5185 1258 1258 5185 51077 51077 1258 51077 51077 1570 1258 1010 149817601 1258 1258 1258 1570 1258 1258 51077 1258 370 1258 1258 370 58325 51077 1258 51077 1258 5410 51077 1258 1258 51077 1258 5185 1258 51077 1258 1258 1258 51077 1258 58325 51077 5410 5410 1258 51077 1258 58325 1258 1258 1258 1258 51077 110245 1258 1258 1258 5185 1258 51077 1258 1258 51077 3802501 1258 5185 1258 1570 1258 1258 5185 1258 1258 1258 1743625 51077 
17 170 170 170 17 45002 170 170 17 45002 45002 17 170 170 170 17 170 17 43690 170 5301490 17 170 112897 170 112897 45002 45002 578017765 679225 170017 45002 61217 170 441010 170 170 170 45002 170 45002 170 45002 17 17 45002 17 45002 61217 61217 43690 45002 720002 61217 61217 112897 720002 45002 170 170 170 45002 170 45002 170 17 170 170 17 170 170 170 170 45002 17 36942085 112897 17 170 17 45002 170 45002 679225 170 170 17 170 45002 170 45002 45002 170 45002 17 170 170 45002 170 170 170 720002 45002 170 261994 170 170 170 170 170 170 679225 
34 15317 3925 34 34 3925 34 15317 34 3414002 34 239434 3925 2490914 34 312505 6290 3925 34 3414002 34 34 3925 34 4369 312505 312505 34 34 34 312505 6290 2679625 1174898 312505 6290 4369 15317 15317 4369 15317 34 34 34 34 34 34 34 34 34 34 6290 34 34 2490914 34 6290 4369 34 34 34 34 34 34 34 66725 10405 3925 4369 25925 15317 34 312505 34 312505 6290 34 15317 34 3925 34 312505 6290 34 8005 312505 34 34 34 2679625 15317 8568170 34 312505 34 34 34 312505 4369 34 34 34 316850 34 34 34 6290 3925 3414002 34 34 4369 3925 34 34 34 34 34 34 34 5551114 34 34 34 5551114 34 3925 3925 6290 3925 34 34 34 6290 910010 34 3925 468812825 3031865 34 34 1240025 119258570 1089010 25925 6290 34 3925 3925 3925 34 3925 8005 34 34 1240025 34 34 8005 34 34 34 34 312505 34 3925 34 34 8005 15317 34 4369 34 34 2679625 4369 34 6290 34 34 34 8005 34 312505 130610 34 312505 2679625 2490914 34 34 34 34 34 312505 312505 34 34 4369 3414002 34 15317 8005 5551114 34 34 4369 4369 34 34 34 3925 34 34 3925 4369 312505 
72901 72901 29045 714425 29045 463114 72901 72901 72901 72901 72901 29045 29045 3925 29045 3925 202 29045 2425 3925 29045 51914 3925 29045 184901 2185625 72901 72901 876097 2425 29045 72901 4369 4369 72901 170 29045 110245 110245 4369 29045 184901 72901 3925 2425 72901 29045 72901 29045 72901 72901 170 3925 72901 2425 29045 29045 72901 184901 72901 29045 51914 72901 72901 29045 184901 79868465 142885 72901 3925 2425 72901 184901 29045 72901 29045 29045 29045 3925 176290 110245 110245 29045 29045 29045 72901 170 72901 72901 29045 110245 3737 110245 29045 184901 2425 273205 876097 4369 72901 3737 184901 2425 3925 72901 72901 110245 176290 72901 72901 72901 51914 3925 29045 29045 110245 29045 29045 29045 29045 29045 29045 2425 72901 
1258 5185 1258 5185 1601 5185 1258 1258 1258 5185 1258 1258 51077 1601 58325 5185 1258 1258 1258 30634 1258 5185 185 1259557 5185 1258 1258 1258 5410 1258 1258 256330 370 1258 58325 1258 5185 1258 1258 1258 1258 1258 5185 5185 5410 1258 1258 5185 5185 5185 1258 1601 51077 1258 95225 1258 1258 1258 1258 1258 381925 1258 5185 381925 5185 381925 1601 1258 5185 5185 5185 58325 1258 5185 5185 51077 1258 5185 1258 1258 1258 1258 1601 370 1258 5185 51077 1258 1258 1258 5185 58325 5185 95225 381925 5185 5185 381925 1258 4631105 1258 5185 5185 1258 381925 1258 1258 1258 1258 5185 5185 5185 882325 5185 5185 381925 1258 1258 882325 5185 370 1258 5185 882325 5185 5185 256330 5185 381925 55114 1258 1258 1601 1258 1258 1258 5185 2917265 1258 1031050 5185 1601 3889625 5185 381925 381925 1258 1258 381925 1258 1601 1258 5410 5410 1258 5185 1258 5410 1258 882325 5185 1258 5185 58325 1258 5185 5185 5185 3802501 5185 5185 835250 58325 51077 1258 95225 1258 882325 5185 5185 51077 1258 5185 5185 1258 5185 1258 1258 51077 882325 5185 5185 1258 95225 1258 5005450 5185 5185 1258 1601 1258 89032565 882325 51077 5185 1258 1258 381925 58325 1258 5185 5410 5410 1258 1258 1258 1258 4631105 381925 2917265 1258 1258 5185 30634 2337194 381925 381925 1258 1258 5185 5410 1258 1258 1258 5185 1258 1601 1601 381925 5185 5185 1258 1601 5185 51077 1258 89725 1258 5410 1258 1258 882325 
74 286565 74 456977 12923530 456977 74 101 202 101 202 202 202 74 74 456977 101 101 8245 8245 101 202 286565 74 8245 1018145 8245 74 74 8245 74 202 31754 74 190450 456977 74 74 74 101 74 74 202 101 8245 202 202 286565 8245 202 1332970 2514725 202 202 101 74 101 74 8245 101 74 74 74 74 101 363701 8245 8245 8245 74 101 8245 202 8245 74 101 8245 456977 202 785 202 74 74 8245 74 8245 74 74 456977 74 202 101 74 101 8245 74 101 74 74 101 74 74 101 456977 74 8245 101 8245 456977 202 202 74 8245 101 101 286565 456977 8245 101 101 8245 202 8245 74 74 202 74 101 286565 202 8245 8245 456977 101 202 8245 74 74 74 8245 101 74 101 202 101 74 202 74 202 8245 8245 101 74 8245 1332970 8245 74 101 74 1450 101 74 286565 202 74 202 202 8245 74 8245 101 101 101 202 363701 8245 202 190450 456977 202 8245 286565 202 74 8245 101 101 74 8245 202 363701 286565 74 363701 1450 456977 74 101 74 74 202 8245 1018145 8245 202 74 8245 74 74 456977 286565 101 101 74 101 8245 8245 286565 170 101 8245 101 74 8245 8245 101 101 456977 456977 101 101 202 4369 74 8245 74 74 101 8245 74 8245 74 21353657 286565 456977 74 101 202 101 363701 785 101 74 101 74 74 8245 101 8245 101 190450 74 74 202 8245 101 101 31754 101 12923530 74 202 1450 74 1047370 202 74 101 1746485 31754 101 12923530 8245 456977 202 202 286565 74 8245 286565 101 74 202 74 31754 202 202 286565 101 74 286565 74 8245 10730 74 101 286565 202 8245 190450 8245 101 1332970 74 1368778 8245 74 8245 202 101 202 8245 1244125 202 101 8245 286565 202 74 74 74 8245 74 74 74 101 74 456977 8245 101 74 456977 363701 8245 363701 286565 456977 202 8245 74 8245 8245 286565 8245 8245 101 74 101 74 74 74 202 101 74 202 8245 202 74 370 74 456977 101 202 74 74 8245 74 1746485 101 10730 101 74 74 8245 74 1450 202 74 101 74 8245 456977 202 1421290 74 363701 8245 363701 
1258 3737 3737 3737 136085 3737 3737 3737 3737 24050 49010 3737 3737 24050 3737 1258 3737 49010 3737 1258 1258 1258 1258 2113145 3737 6290 3737 3737 136085 2113145 3737 24050 49010 1258 3737 3737 1802 3737 1258 49010 1258 3737 1258 136085 6290 49010 220505 1258 3737 3737 3737 1258 1258 3737 3737 3737 136085 49010 195365 3737 3737 3737 1258 3737 3737 1258 1258 3737 3737 1802 2737802 136085 49010 1258 3737 3737 1258 3737 2113145 3737 3737 3737 1258 3737 3737 24050 1258 1258 3737 49010 1258 3737 220505 3737 3737 49010 3737 1258 6290 24050 136085 49010 3737 3737 1258 24050 24050 49010 49010 6290 136085 1258 3737 1258 3737 3737 1258 1258 24050 3737 49010 3737 3737 3737 4850 3737 24050 1258 3737 3737 3737 1258 1983050 3737 468469 1258 3737 228698930 1258 49010 1258 49010 195365 49010 3737 1258 136085 3737 3737 3737 1258 3197105 55114 3737 1258 3737 1258 3737 1258 3737 1258 1258 4850 3737 1258 3737 24050 24050 3737 1258 49010 49010 1258 1258 49010 49010 1258 1258 3737 1258 6290 1258 1258 1258 1258 6290 49010 1802 2517770 1258 24050 1258 1258 1258 1258 3737 7968034 3737 1258 3737 1258 3737 49010 1258 3737 2737802 1258 185749525 3737 1258 3737 3737 3737 1258 3737 3737 195365 1258 136085 1258 3737 54434 3737 195365 3737 1258 3737 3737 1258 4850 1258 3737 49010 3737 3737 49010 1258 3737 1258 3737 220505 1258 1258 3737 49010 136085 1258 3737 24050 1258 2113145 3737 107650 1258 1258 1258 1258 3737 6290 4850 136085 3737 3737 1258 3737 3737 195365 3737 220505 3737 3737 3737 136085 49010 3737 1258 24050 6290 3737 1258 1258 1258 3737 262306885 3737 3737 3737 
170 170 170 679225 170 170 170 679225 170 45002 170 45002 45002 170 112897 170 49010 170 170 1358450 261994 170 170 45002 170 170 45002 170 61217 170 170 261994 170 170 170 170 679225 45002 170 170 170 170 170 170 170 679225 170 170 170 45002 170 170 170 679225 4654585 45002 170 45002 170 49010 170 170 55114 45002 170 170 261994 170 1258 1258 170 170 45002 170 45002 45002 170 170 170 170017 170 61217 170 61217 45002 170 170 45002 131665 45002 1258 170 170 45002 170 679225 45002 122434 61217 170 170 170 61217 679225 170 45002 170 2570 170 61217 170 170 1258 170 170 170 170 261994 170 170 170 170 170 170 170 49010 45002 170 170 25027250 170 1050905 45002 170 1258 170 112897 170 45002 61217 170 45002 59170 45002 36942085 61217 170 679225 170 45002 170 170017 170 170 170 170 170 170 170 170 112897 170 112897 679225 170 170 170 45002 170 170 45002 170 170 170 170 45002 45002 170 1050905 170 170 61217 170 170 510770 170 170 40269125 170 45002 170 45002 170 170 170 170 170 261994 45002 170 122434 170 170 170017 170 679225 170 170 170 170 45002 170 679225 1258 170 170 170 170 49010 61217 170 170 679225 49010 45002 49010 170 679225 170 170 170 170 170 679225 170 170 679225 61217 49010 112897 170 45002 170 170 45002 122434 170 170 170 170 1050905 170 170 170 1022125 170 170 170 36942085 45002 170 170 170 170 170 45002 170 112897 122434 4654585 40269125 170 4234 170 170017 170 170 170 170 170 170 170 45002 170 170 45002 11289601 45002 170 61217 170 36942085 170 170 61217 170 170 170 170 49010 61217 170 170017 170 170 170 170 170 1050905 170 170 170 170017 170 170 170 170 170 45002 1258 170 45002 170 261994 170 45002 49010 170 61217 170 170 170 170 170 170 170 170 1258 170 1258 45002 170 170 170 170 45002 45002 170 170 170 170 1258 61217 49010 45002 122434 170 61217 170 170 45002 170 1632025 170 18434594 112897 45002 679225 170 49010 170 112897 170 55114 170 170 170 45002 170 170 45002 170 170 170 170 170 170 59170 170 170 679225 170 170 170 170 170 170 45002 170017 45002 45002 1050905 55114 170 170 170 170 170 170 170 170 170 170 170 170 170 170 45002 61217 45002 49010 170 112897 767377 40269125 2570 170 11289601 1050905 170 170 45002 61217 170 170 49010 170 170 1258 1258 
34 170 34 34 170 170 145802 170 170 170 170 18685 170 170 170 170 170 170 170 170 170 170 170 170 18685 18685 170 18685 170 1450 170 18685 1050905 49010 206890 170 170 1050905 170 49010 170 18685 170 262450 206890 18685 170 49010 170 170 5896985 170 1050905 170 170 170 18685 170 170 170 170 18685 170 34 170 170 170 170 170 170 170 170 170 170 34 170 18685 170 170 170 1450 170 170 170 84366937 170 25985450 170 34 170 170 18685 18685 170 170 170 49010 170 170 49010 170 49010 170 463114 112370 112370 1450 170 18685 170 170 170 170 170 170 170 170 170 170 1050905 18685 1050905 170 1050905 170 170 18685 170 170 170 170 170 170 18685 170 170 34 170 170 49010 112370 170 170 170 170 170 34 34 170 170 1050905 145802 18685 61089857 170 34 170 1450 170 170 170 170 170 170 18685 170 170 170 170 18685 34 18685 170 170 170 34 18685 170 170 170 170 170 170 49010 34 170 170 170 170 170 170 170 170 170 188007125 18685 1258 170 18685 170 170 49010 170 18685 170 170 170 170 145802 170 170 170 170 34 170 170 34 18685 34 170 13450 170 1258 170 170 34 170 170 170 170 313378 170 170 102154 170 49010 170 170 49010 170 1450 18685 1450 170 170 25985450 34 170 170 170 170 170 49010 34 170 170 170 18685 49010 170 170 34 170 18685 170 170 170 34 72673570 34 170 170 720002 170 170 170 313634 170 170 49010 170 170 18685 34 961010 170 170 170 145802 170 170 170 262450 170 170 170 170 170 170 170 170 170 18685 170 170 18685 170 170 18685 206890 170 170 170 170 112370 170 18685 170 170 170 18685 170 34 49010 18685 49010 170 170 170 170 118474 49010 18685 170 112370 87290869 170 170 170 170 170 1258 1258 18685 170 18685 170 720002 34 170 170 13450 170 727402 170 18685 170 170 170 170 170 170 170 1258 170 206890 170 18685 170 170 49010 18685 170 31248101 170 170 18685 170 18685 34 170 170 2020202 49010 170 170 18685 49010 170 49010 145802 170 18685 14684225 18685 170 170 49010 170 18685 18685 170 170 18685 18685 170 170 18685 13450 170 170 170 170 170 18685 170 18685 31248101 170 170 170 49010 49010 170 170 18685 170 170 1258 18685 
170 170 18685 170 1570 46085 170 46085 170 903170 51077 46085 1258 170 46085 51077 46085 46085 18685 18685 170 2570 1258 1010 170 46085 170 49010 170 170 11803445 170 170 18685 1570 49010 46085 903170 170 46085 970 903170 157625 46085 46085 170 18685 51077 51077 403490 170 18685 170 903170 313634 170 18685 170 170 18685 170 51077 46085 1570 1570 170 51077 18685 46085 170 170 49010 170 46085 1570 18685 1570 170 46085 46085 46085 625010 46085 170 170 16386305 46085 110245 51077 1010 170 170 29184802 51077 18685 170 2570 60810425 170 18685 46085 49010 170 170 18685 49010 157625 46085 11050 46085 46085 149817601 18685 170 170 1258 170 170 18685 51077 22474 170 18685 46085 46085 46085 170 46085 170 13450 157625 170 1258 170 46085 51077 1258 170 170 18685 46085 9487370 157625 46085 46085 46085 170 18685 2570 49010 170 170 170 46085 11803445 46085 170 170 46085 51077 18685 21170 170 170 309137 1570 1010 1570 11803445 157625 51077 46085 46085 46085 170 49010 46085 1570 1570 170 1570 170 170 46085 1570 46085 18685 51077 157625 49010 46085 170 51077 51077 18685 49010 170 16386305 18685 1010 170 170 46085 170 51077 170 51077 170 157625 18685 18685 4401605 51077 49010 313634 1010 110245 1701445 157625 970 170 170 46085 170 46085 18685 170 170 33200050 170 18685 1258 18685 51077 170 170 49010 49010 170 1570 157625 46085 170 309137 170 1570 1570 309137 170 170 11803445 110245 46085 170 46085 2570 49010 157625 46085 170 49010 46085 46085 1570 170 170 179945 309137 51077 18685 46085 46085 170 1010 170 18685 170 13450 1570 170 46085 46085 46085 46085 309137 46085 18685 2570 16386305 46085 18685 46085 170 46085 170 170 51077 18685 1010 170 49010 46085 170 18685 170 46085 46085 1010 46085 18685 170 46085 170 46085 14945125 157625 49010 309137 170 49010 170 46085 46085 170 170 46085 46085 46085 170 170 18685 
46085 181337 2125765 46085 51077 18685 18685 18685 10370 170 903170 18685 46085 170 51077 46085 49010 170 46085 46085 170 170 18685 46085 170 49010 1010 1570 170 18685 170 46085 46085 2125765 170 170 9596245 170 46085 170 170 46085 18685 170 46085 46085 46085 46085 46085 47385650 170 46085 170 49010 2570 18685 46085 1010 110245 46085 170 170 170 170 22474 13450 49010 18685 10370 10370 10370 170 49010 903170 2125765 49010 170 170 46085 46085 2570 51077 170 170 49010 46085 46085 46085 170 46085 170 18685 46085 18685 1031050 18685 170 18685 51077 46085 49010 170 110245 10370 46085 46085 1570 46085 170 18685 1010 18685 10370 46085 18685 1570 1258 18685 18685 18685 170 46085 1570 181337 170 170 170 170 10370 18685 1258 10370 1258 2570 170 1227434 170 46085 18685 18685 239434 2125765 51077 170 170 16451137 18685 46085 170 170 10370 46085 18685 170 903170 46085 170 49010 10370 1258 170 10370 46085 51077 46085 170 170 170 18685 46085 18685 49010 46085 46085 18685 2570 18685 18685 1010 46085 46085 170 170 46085 170 46085 18685 170 51077 10370 170 18685 18685 13450 170 170 46085 46085 170 1258 49010 46085 46085 170 49010 2570 1570 170 51077 170 10370 170 10370 170 1570 170 170 170 46085 181337 46085 170 10370 46085 18685 46085 46085 1227434 46085 51077 46085 10370 170 18685 170 18685 170 46085 170 46085 18685 46085 2125765 170 10370 46085 170 170 46085 170 51077 170 46085 18685 18685 170 170 18685 46085 546410 10370 170 170 46085 170 18685 170 46085 51077 170 46085 18685 46085 170 18685 181337 170 170 11803445 170 2125765 1258 903170 2125765 46085 18685 170 170 170 69639125 351709810 1570 18685 170 51077 51077 13450 170 18685 10370 18685 170 18685 18685 18685 170 46085 170 1570 10370 18685 51077 1258 18685 170 10370 181337 1031050 46085 170 1570 170 903170 170 51077 170 1258 2570 170 46085 170 18685 18685 1116050 18685 170 170 170 181337 1570 1010 170 1258 170 170 46085 51077 170 170 51077 46085 170 46085 1570 170 46085 170 1258 11803445 170 46085 181337 170 1258 10370 49010 18685 10370 46085 51077 170 170 170 46085 170 46085 170 170 546410 49010 170 46085 18685 2125765 1570 46085 46085 18685 170 1010 170 1570 170 170 1143250 51077 49010 170 18685 170 13450 10370 46085 18685 51077 46085 46085 18685 170 170 170 46085 170 46085 11050 170 46085 46085 10370 18685 18685 170 170 46085 170 170 181337 170 1116050 170 10370 46085 170 170 10370 51077 181337 46085 46085 46085 2125765 10370 170 3872005 170 18685 170 546410 1010 170 1570 1570 51077 46085 51077 170 170 170 49010 46085 1570 46085 46085 170 51077 18685 14945125 46085 170 157625 1570 1143250 10370 49010 46085 170 170 49010 46085 46085 51077 18685 51077 1570 1570 18685 46085 170 181337 10370 170 46085 170 10370 1570 2125765 46085 170 1227434 170 170 18685 170 170 46085 18685 46085 
4357 188065 4357 188065 1654865 4357 4357 10370 188065 2876417 74 27217 10370 10370 188065 10370 27217 27217 188065 27217 1654865 4357 538645 4357 10370 4357 4357 4357 538645 188065 10370 10370 4357 27217 27217 10370 2876417 10370 4357 1227434 10370 5218405 188065 188065 188065 27217 4357 188065 10370 10370 4357 27217 10370 4357 4357 4357 27217 4357 4357 4357 10370 27217 4357 27217 74 188065 4357 4357 188065 4357 188065 4357 4357 4357 10370 1654865 188065 4357 4357 2876417 10370 10370 4357 188065 4357 188065 37829045 4357 4357 74 4357 4357 4357 169010 27217 546410 27217 2876417 4357 4357 4357 27217 4357 4357 538645 169010 188065 10370 370 188065 10370 74 74 27217 10370 1227434 27217 188065 10370 4357 27217 1227434 4357 27217 188065 27217 10370 4357 4357 10370 4357 4357 4357 4357 10370 538645 4357 1227434 1227434 4357 3946465 4357 188065 10370 1227434 2125765 2876417 188065 188065 188065 10370 4357 10370 4357 27217 188065 188065 188065 188065 74 4357 4357 4357 188065 1227434 4357 4357 4357 74 4357 10370 27217 188065 10370 27217 4357 10370 27217 4357 10370 1654865 4357 4357 4357 10370 10370 4357 74 27217 10370 4357 8453945 169010 4357 188065 10370 188065 10370 538645 10370 188065 188065 188065 188065 188065 538645 4357 4357 10370 27217 4357 188065 370 27217 10370 10370 10370 1227434 1765 4357 27217 10370 10370 1765 4357 27217 188065 188065 188065 10370 538645 188065 188065 74 4357 4357 4357 4357 188065 4357 4357 
188065 4357 46085 391645 188065 1570 188065 4357 1570 4357 3154177 27217 4357 4357 110245 4357 4357 4357 188065 1654865 4357 110245 1570 1010 27217 1654865 188065 4357 188065 51077 188065 4357 188065 4357 4357 4357 169010 21257650 188065 4357 74 110245 10370 188065 169010 4357 27217 10370 4357 4357 188065 110245 46085 188065 188065 2570 27217 169010 188065 4357 4357 169010 188065 46085 188065 188065 4357 2570 1570 46085 10370 4357 538645 11803445 4357 4357 10370 1570 10370 1570 4357 46085 188065 27217 4357 4357 1570 10370 4357 4357 46085 46085 27217 4357 188065 4357 4357 3946465 903170 27217 4357 188065 2570 1570 27217 2570 27217 188065 4357 1010 4357 188065 46085 188065 188065 10370 74 188065 188065 188065 4357 188065 188065 1570 46085 4357 4357 51077 4357 2517770 10370 4357 4357 1654865 4357 179945 4357 10370 169010 1570 10370 110245 1128970 188065 3872005 4357 4357 188065 538645 188065 903170 1654865 188065 903170 4357 188065 1570 46085 188065 188065 46085 188065 1570 188065 80735525 4357 10370 188065 4357 1570 4357 188065 188065 3946465 188065 188065 74 1010 46085 51077 4357 4357 10370 275570 188065 188065 4357 4357 10370 2570 188065 83525 1010 51077 169010 256330 188065 4357 4357 4357 188065 1010 4357 4357 188065 1570 188065 4357 27217 538645 46085 4357 538645 4357 27217 27217 1010 188065 10370 4357 2517770 27217 188065 4357 188065 188065 188065 46085 1765 2570 3250 188065 51077 4357 188065 188065 1570 4357 4357 188065 679730 4357 97259465 51077 1010 1570 1765 4357 4357 27217 4357 27217 27217 538645 1570 188065 4357 2570 46085 188065 46085 4357 169010 74 188065 46085 110245 4357 27217 4357 188065 4357 4357 188065 46085 4357 4357 2132650 188065 4357 110245 188065 4357 46085 188065 4357 188065 4357 1570 46085 51077 538645 1570 74 4357 188065 4357 188065 46085 538645 169010 1654865 188065 4357 110245 27217 1570 3946465 2570 1570 3946465 4357 2570 4357 4357 169010 188065 4357 188065 14945125 188065 46085 188065 110245 538645 538645 4357 74 27217 4357 188065 4357 188065 4357 538645 51077 1089290 4357 4357 4357 903170 51077 4357 538645 538645 51077 4357 188065 4357 1570 188065 188065 22474 51077 1701445 14945125 2517770 2570 4357 1010 2570 188065 188065 4357 1010 4357 46085 188065 4357 188065 538645 4357 188065 3946465 74 29184802 27217 1570 46085 4357 4357 903170 188065 4357 188065 1765 188065 51077 51077 74 4357 188065 2570 903170 1570 51077 903170 4357 1570 188065 903170 27217 538645 169010 1570 188065 4357 188065 1570 188065 4357 4357 22474 4357 4357 51077 2570 4357 1765 27217 1570 1570 188065 110245 4357 4357 188065 1570 188065 188065 1010 4357 4357 188065 27217 46085 4357 188065 74 188065 27217 4357 4357 1570 1570 903170 188065 188065 4357 4357 4357 1570 4357 1570 1654865 4357 46085 188065 188065 4357 188065 188065 169010 74 46085 1570 74 4357 188065 188065 169010 10370 4357 4357 4357 188065 1654865 46085 188065 46085 110245 6006085 4357 188065 188065 1570 51077 110245 10370 188065 27217 903170 4357 169010 188065 74257625 903170 4357 4357 2269874 46085 27217 27217 188065 188065 4357 74 1570 903170 4357 74 1765 46085 27217 1010 11050 1570 46085 188065 4357 1570 188065 188065 188065 188065 27217 10370 188065 27217 4357 188065 4357 46085 51077 4357 188065 4357 27217 188065 1010 2570 4357 2570 188065 21785 188065 10370 51077 46085 2517770 188065 4357 1570 188065 538645 188065 14945125 188065 4357 149817601 2517770 4357 4357 110245 8902645 4357 4357 4357 188065 46085 51077 4357 51077 188065 188065 1570 46085 188065 4357 4357 188065 1570 2570 4357 179945 1570 188065 
538645 74 74 16825 16825 27217 169010 188065 2269874 74 4357 4357 188065 4357 169010 4357 4357 4357 74 4357 74 74 4357 74 2244005 4357 4357 16825 188065 74 4357 4357 169010 4357 4357 16825 74 74 16825 4357 2876417 74 188065 74 74 188065 188065 4357 4357 4357 4357 4357 74 74 74 74 188065 27217 74 4357 188065 4357 4357 4357 169010 4357 188065 16825 1654865 74 4357 74 4357 188065 74 4357 26293865 74 188065 74 74 4357 4357 27217 7203530 27217 10730 188065 188065 188065 74 4357 698400485 74 188065 4357 4357 188065 16193809 74 3946465 4357 4357 538645 74 74 5674685 188065 1654865 538645 188065 4357 4357 188065 4357 169010 4357 188065 188065 4357 4357 4357 188065 2517770 188065 4357 169010 74 4357 538645 74 74 4357 4357 188065 4357 74 4357 1654865 2517770 4357 4357 4357 188065 538645 74 4357 16825 4357 4357 4357 4357 4357 4357 4357 4357 74 1654865 4357 4357 74 188065 27217 538645 188065 4357 188065 188065 188065 74 16825 74 4357 16825 2876417 4357 16193809 188065 74 4357 4357 74 27217 4357 188065 188065 4357 4357 4357 4357 16908125 2425 74 16825 1765 2517770 74 16825 4357 16825 4357 188065 4357 4357 169010 188065 4357 4357 27217 4357 188065 188065 16825 188065 188065 4357 188065 4357 538645 188065 4357 4357 188065 16825 4357 74 4357 74 4357 4357 4357 4357 74 4357 4357 188065 188065 16825 16825 1765 4357 4357 74 538645 4357 188065 74 4357 188065 16825 4357 4357 74 4357 1765 4357 4357 4357 4357 74 4357 188065 4357 4357 1765 74 74 74 27217 74 16825 4357 74 4357 74 188065 1654865 188065 1654865 188065 4357 16825 3946465 4357 74 4357 74 27217 188065 16825 4357 4357 26293865 4357 4357 4357 188065 16825 74 2876417 4357 4357 27217 74 4357 74 188065 16825 188065 4357 2517770 188065 4357 27217 74 4357 538645 4357 188065 4357 538645 74 4357 16825 4357 4357 74 4357 74 74 27217 188065 4357 16825 74 4357 4357 188065 4357 169010 4357 16825 188065 188065 
1601 253982837 1601 5185 370 5185 1601 272485 1601 10 1601 10 1601 1601 1601 1601 1601 5185 1601 3925 1601 3925 255385 3925 272485 1601 10 95225 1601 21653525 1601 1601 1601 1601 5185 95225 3925 1601 236197 370 5185 272485 255385 1601 5185 1601 1601 1601 5185 272485 312505 272485 312505 272485 31379114 1601 272485 3925 1601 1601 1601 1601 5185 1601 5185 3925 1601 1601 1601 3925 1179397 5185 3925 1601 312505 1601 1601 612170 1601 1601 10 255385 1601 1601 1601 1601 1601 25925 1601 10 5185 5185 5185 25925 5185 1601 1601 5185 5185 1179397 255385 1601 1601 1601 1601 1601 1601 1601 1601 1601 272485 1601 1601 370 17170 1601 5185 3925 1601 1601 1601 3925 1601 3925 1601 10 1601 272485 107650 5185 23188085 1601 255385 1601 3925 10 3925 5185 1601 1179397 5185 255385 272485 1601 272485 95225 1601 1880650 272485 1601 1179397 5185 1601 1601 1601 1601 1601 1601 1601 1601 1179397 1601 1601 1601 255385 381925 5185 1601 3925 1601 25925 272485 1601 1601 236197 1601 272485 1179397 1601 45002 1601 1601 5185 272485 10 1601 3925 1601 1601 312505 272485 8641625 381925 1601 1601 1601 1601 10 3925 1601 1601 5185 381925 5185 31969450 1601 1601 1601 8005 10 5185 10 1601 25925 3925 5185 25925 3925 1601 5185 5185 1138250 3925 5185 1601 3925 1601 1601 1601 1601 1601 1601 370 1601 3925 1601 1601 1601 33802 272485 1601 3925 5185 1601 25925 267914 1601 5185 1601 1601 5185 5185 5185 1601 1601 1601 1601 31379114 1601 1601 370 1601 255385 3925 25925 272485 1601 5185 612170 1601 1601 5185 255385 10 25925 1601 1601 236197 5185 1601 25925 3925 312505 6055202 5185 1179397 1601 1601 3925 1601 1601 1601 1179397 5185 1601 1601 1601 1601 3925 1601 5185 3925 5185 255385 370 3925 5185 3925 5185 25925 1601 1601 1601 1601 1601 1601 1601 3925 1601 1601 5185 1601 272485 1601 3925 1601 5185 8005 1601 5185 3925 3925 312505 272485 1601 5185 5185 1601 1601 1601 1138250 1601 5185 10 24505 1601 5185 1601 272485 10 1601 3925 1601 5185 1601 5185 1601 5185 1601 1601 1601 1601 10 1601 612170 3925 8641625 10 1601 272485 10 3925 1601 10 1601 1601 1601 272485 272485 5185 5185 1601 1138250 1880650 5185 3925 1601 272485 5185 1601 25925 5185 1601 1279625 1601 5185 33802 1601 1601 370 5185 1601 1601 5185 3925 5185 5185 5185 272485 5185 272485 10 5185 1601 1601 3925 10 3925 1601 5185 10 5185 1601 1601 5185 1601 1601 236197 5185 1601 5185 25925 10 1601 1601 1179397 
77450 8245 202 202 8245 101 101 202 202 202 286565 8245 77450 202 202 202 456977 286565 361010 101 202 202 505 4904714 456977 202 8245 8245 505 202 456977 202 202 1717 8245 24893570 1717 202 456977 202 202 8245 8245 286565 202 8245 202 202 2514725 8245 202 8245 202 202 202 8245 202 101 286565 8245 202 202 202 8245 202 202 202 202 101 202 8245 202 8245 101 8245 202 202 202 8245 101 1717 202 202 8245 202 74 202 202 202 8245 202 240101 8245 202 101 101 8245 202 202 101 202 8245 8245 505 202 505 4977785 286565 240101 202 8245 202 101 202 202 202 202 8245 202 202 101 202 202 8245 202 286565 202 202 202 202 202 202 202 77450 202 101 202 101 202 8245 505 202 202 8245 202 202 1717 202 101 8245 456977 202 8245 122434 101 202 286565 202 8245 202 202 286565 202 202 95484050 202 101 202 202 202 202 17617525 74 202 202 202 1717 240101 8245 202 505 202 8245 202 8245 202 202 286565 101 202 202 8245 202 202 8245 101 202 8245 202 286565 1717 202 8245 101 202 8245 202 202 8245 101 202 202 202 202 456977 456977 686450 202 8245 1717 202 8245 202 240101 101 202 101 202 202 1717 202 8245 1746485 202 202 101 202 202 202 286565 
51077 51077 51077 1570 51077 46085 46085 51077 1258 1570 51077 1570 51077 51077 46085 51077 46085 46085 110245 51077 46085 1258 46085 1570 46085 46085 157625 51077 46085 102154 157625 51077 46085 46085 51077 46085 1258 51077 1258 51077 157625 51077 51077 51077 1258 1258 1258 1258 1258 46085 51077 1258 46085 1570 51077 51077 1258 51077 1570 51077 1570 309137 1258 51077 51077 46085 51077 46085 46085 51077 1258 46085 51077 1258 1570 51077 46085 46085 46085 46085 51077 51077 46085 157625 46085 309137 819202 51077 179945 51077 51077 51077 1258 51077 625010 1258 1258 51077 1258 51077 51077 1570 46085 1570 51077 46085 46085 51077 46085 46085 46085 1010 309137 46085 102154 22474 51077 51077 1258 157625 309137 51077 51077 46085 51077 51077 1258 51077 1258 46085 149817601 46085 51077 68257930 46085 157625 51077 46085 46085 51077 110245 46085 51077 51077 1010 51077 51077 1258 1570 46085 1258 46085 51077 2570 1258 51077 51077 2570 1258 1570 46085 51077 51077 46085 51077 51077 1570 46085 1570 22474 51077 46085 51077 157625 1258 9507458 970 1258 46085 11050 157625 46085 2570 46085 51077 46085 46085 51077 51077 51077 51077 51077 51077 1010 1258 1258 17171717 16332850 24502501 46085 51077 51077 46085 46085 51077 46085 1570 46085 51077 51077 1258 110245 51077 1717 102154 2570 46085 51077 157625 46085 46085 1570 51077 51077 46085 46085 1570 46085 157625 157625 157625 1258 51077 1570 1570 46085 51077 157625 51077 51077 102154 157625 46085 46085 1701445 125559850 970 51077 51077 51077 51077 903170 46085 46085 1258 46085 24502501 110245 
18685 3145 170 170 229461905 18685 13450 118474 5657525 18685 13450 18685 170 170 170 170 170 13450 13450 170 170 18685 18685 13450 170 170 18685 170 18685 170 18685 170 18685 19018 170 170 170 170 170 18685 18685 170 18685 18685 13450 170 18685 43690 34 18685 19018 170 18685 60850 34 13450 170 34 18685 170 18685 170 18685 34 18685 18685 170 13450 6595805 34 18685 170 170 19018 18685 170 13525 18685 18685 18685 1018145 170 170 18685 18685 170 16035770 18685 18685 3145 720002 18685 18685 18685 170 18685 18685 170 18685 170 18685 34 18685 18685 18685 13450 18685 13450 13450 18685 18685 18685 170 34 170 18685 170 18685 13450 170 170 170 18685 727402 1450 727402 18685 18685 34 18685 18685 18685 18685 18685 18685 18685 18685 13450 18685 18685 13450 18685 170 18685 18685 170 18685 34 727402 18685 18685 18685 170 18685 34 262450 18685 13450 170 13450 170 36101 170 9241601 18685 170 170 18685 170 170 170 170 18685 18685 13450 170 170 17478578 18685 34 170 18685 18685 170 463114 18685 13450 34 18685 170 170 18685 206890 18685 170 18685 170 34 36101 170 170 36101 727402 170 18685 18685 18685 170 18685 170 18685 
485 34 485 3530 5365 485 1685450 34 485 485 3530 5365 987530 5365 3530 485 485 485 485 34 485 485 485 34 485 34 34 34 34 987530 62725 501265 485 5365 34 485 62504837 485 34 485 485 485 3530 485 3530 3530 5365 34 485 3530 5365 5365 5365 485 485 5365 1685450 3530 12513625 34 3530 2570 3530 34 34 3530 1665074 3530 485 3530 485 3530 3530 485 3959705 1685450 3530 485 34 3530 485 485 3530 485 3530 34 485 485 485 485 485 34 485 34 501265 485 485 485 3530 485 485 34 485 485 485 485 269125 485 514 34 5365 485 5365 34 485 485 34 1685450 3959705 34 34 62725 34 485 3530 485 485 62725 269125 34 501265 485 485 5365 34 34 485 62725 3530 3530 485 269125 34 3530 485 34 3530 1331593 485 34 34 34 34 34 485 34 485 5365 34 1685450 485 3530 485 485 485 5365 34 485 34 485 5365 3530 5365 485 485 485 485 34 485 485 485 34 987530 485 2570 34 34 62725 485 3530 485 485 34 485 485 34 19018 485 34 485 1685450 62725 485 34 5365 34 269125 485 269125 34 7527530 34 34 485 485 3530 34 62725 12970 485 485 485 5365 5365 10575505 
170 170 170 170 170 1666645 170 170 18685 34 170 170 18685 170 18685 170 170 31248101 170 170 11289601 18685 122434 1050905 18685 170 170 34 170 170 170 18685 170 170 170 170 170 170 170 170 18685 18685 13833025 34 170 18685 170 170 170 170 170 416940325 31248101 170 170 170 170 170 170 170 170 112370 170 170 18685 33724825 170 34 18685 170 145802 112370 170 170 170 170 170 34 170 18685 122434 170 18685 727402 170 18685 170 170 170 170 18685 170 170 170 18685 18685 170 18685 170 18685 170 170 170 31248101 170 170 170 170 170 170 170 34 170 170 170 18685 170 18685 170 170 170 170 170 170 170 170 18685 170 18685 18685 170 170 18685 18685 170 34 170 170 170 170 170 18685 170 1050905 170 11289601 170 18685 34 170 18685 
170 61217 17 17 17 17 170 45002 170 61217 9802 170 170 45002 112897 45002 170 61217 17 170 45002 170 112897 23343125 170 61217 170 112897 17 17 17 170 17 61217 17 45002 170 45002 45002 17 17 170 679225 170 170 45002 61217 43690 8140885 45002 170 17 9802 679225 170 17 45002 170 45002 17 17 170 45002 45002 112897 261994 170 170 170 45002 679225 170 45002 45002 17 45002 17 170 170 170 17 45002 61217 17 170 17 45002 17 170 45002 45002 170 17 170 170 170 170 170 170 720002 45002 170017 45002 464290 170 261994 45002 17 45002 170 17 17 45002 170 679225 170 170 17 170 170 45002 17 170 45002 170 679225 170 170 55114 17 261994 45002 170 17 17 17 261994 45002 170 45002 17 17 17 170 9802 17 45002 45002 61217 170 45002 17 45002 9802 170 10 720002 17 170 45002 679225 17 679225 2700490 441010 170 115202 170 45002 170 45002 17 720002 45002 17 61217 45002 170 112897 170 45002 17 261994 170 170 170 45002 170 45002 61217 170 17 170 45002 170 45002 45002 170 17 45002 170 17 45002 17 20848357 17 17 170 170 17 170 17 45002 45002 170 170 17 61217 43690 17 45002 17 45002 170 45002 261994 112897 3597217 9802 17 45002 17 17 17 17 17 45002 17 679225 170 112897 45002 720002 170 170 17 720002 115202 17 17 45002 170 720002 45002 170 170 61217 170 720002 17 17 61217 170 112897 17 45002 17 261994 170 45002 17 45002 720002 170 17 17 45002 17 17 61217 17 170 170 61217 170 17 45002 17 45002 170 61217 9802 170 884425 170 45002 17 170 720002 170 17 18434594 20848357 45002 170 17 679225 45002 45002 170 170 17 45002 17 17 170 17 170 17 17 45002 45002 45002 17 17 45002 17 679225 17 17 55114 17 61217 170 170 170 170 720002 170 720002 679225 679225 17 45002 679225 17 45002 45002 45002 170 9802 17 17 170 17 17 170 17 170 45002 720002 45002 170 17 45002 720002 170 9802 
46085 49010 46085 51077 46085 46085 102154 46085 157625 51077 51077 51077 49010 46085 157625 46085 46085 49010 51077 49010 157625 51077 46085 51077 970 46085 309137 49010 46085 46085 46085 157625 51077 46085 51077 309137 49010 49010 815813 46085 49010 46085 46085 22474 157625 46085 157625 46085 49010 309137 49010 49010 51077 46085 46085 51077 46085 46085 51077 46085 46085 51077 46085 46085 46085 46085 46085 46085 46085 49010 46085 46085 24088465 46085 157625 49010 46085 46085 49010 46085 157625 157625 46085 51077 51077 46085 46085 49010 102154 309137 46085 51077 51077 46085 51077 49010 157625 51077 46085 51077 10 49010 49010 17288965 46085 35356985 46085 2570 157625 46085 46085 3069505 46085 46085 51077 46085 49010 46085 102154 49010 49010 51077 46085 2570 157625 46085 46085 4850 46085 46085 46085 2570 46085 309137 49010 49010 51077 46085 51077 46085 102154 800005 157625 157625 309137 49010 800005 46085 
46085 46085 819202 51077 46085 239434 819202 46085 36101 465125 51077 3849850 51077 1570 46085 36101 36101 51077 51077 157625 51077 184325 36101 46085 1570 46085 51077 970 465125 46085 465125 157625 46085 157625 157625 46085 46085 465125 46085 2657525 46085 46085 110245 46085 51077 51077 465125 46085 157625 51077 157625 46085 157625 465125 157625 465125 51077 46085 46085 80813393 46085 157625 239434 157625 46085 51077 465125 51077 36101 157625 46085 465125 46085 465125 239434 46085 239434 51077 46085 46085 51077 65650 2570 465125 51077 465125 65650 36101 51077 36101 36101 465125 239434 46085 46085 51077 2657525 46085 46085 36101 46085 46085 46085 46085 51077 2570 51077 46085 51077 36101 1227434 46085 157625 465125 51077 51077 465125 51077 36101 46085 51077 465125 46085 46085 46085 16386305 46085 1258 465125 46085 3849850 465125 36101 465125 46085 46085 36101 465125 51077 51077 465125 157625 46085 157625 51077 51077 465125 239434 51077 157625 46085 36101 157625 46085 10730 46085 51077 51077 46085 2570 51077 36101 46085 46085 819202 46085 2570 1058005 46085 46085 46085 51077 46085 46085 465125 465125 46085 51077 110245 46085 46085 46085 465125 1570 51077 36101 157625 46085 46085 157625 46085 51077 465125 46085 51077 120438965 36101 46085 46085 51077 2657525 46085 46085 46085 46085 46085 46085 110245 465125 46085 46085 46085 46085 51077 465125 465125 51077 51077 46085 51077 36101 36101 51077 465125 46085 36101 46085 243370 36101 46085 36101 51077 46085 16386305 36101 14810434 46085 2570 65650 36101 46085 157625 46085 157625 46085 465125 46085 170 46085 46085 36101 51077 51077 46085 7086245 46085 46085 46085 46085 202 36101 51077 46085 51077 46085 1570 46085 36101 36101 46085 46085 46085 970 157625 465125 1058005 170 465125 51077 46085 157625 46085 46085 465125 1570 170 46085 46085 46085 46085 46085 51077 46085 157625 46085 51077 36101 46085 46085 36101 46085 1258 65650 36101 157625 46085 46085 51077 65650 46085 46085 157625 157625 465125 46085 51077 14810434 36101 51077 157625 46085 36101 1058005 46085 46085 46085 36101 157625 46085 36101 170 51077 65650 7654930 46085 46085 202 1258 46085 51077 36101 36101 157625 49010 46085 46085 695185 1990465 465125 46085 46085 157625 46085 56871865 51077 46085 465125 465125 46085 465125 46085 36101 8825 36101 157625 465125 51077 51077 51077 46085 51077 51077 46085 465125 51077 46085 46085 157625 1258 46085 157625 46085 46085 46085 465125 11259170 51077 46085 465125 202 46085 3849850 46085 36101 157625 51077 51077 46085 46085 465125 51077 46085 465125 465125 
239434 3145 465125 19018 36101 46085 202 51077 51077 36101 3849850 36101 36101 36101 13450 19018 13450 19018 19018 19018 51850 36101 36101 13450 239434 13450 51077 370 19018 65650 239434 46085 1570 202 13450 51077 2513570 51077 46085 46085 13450 2570 36101 19018 36101 13450 51850 51077 2657525 13450 13450 465125 51077 465125 13450 36101 36101 2513570 51077 19018 36101 19018 36101 465125 13450 51077 2513570 46085 36101 19018 36101 51077 13450 2570 1570 13450 51077 51077 36101 13450 465125 465125 36101 465125 34 19018 19018 51077 13450 465125 465125 13450 19018 46085 13450 19018 51077 13450 36101 36101 46085 465125 36101 1312202 19018 36101 36101 36101 13450 51077 51077 1258 19018 19018 36101 46085 36101 19018 34 19018 51077 36101 36101 51077 2570 19018 465125 19018 13450 51077 46085 19018 13450 36101 36101 465125 202 465125 3849850 51077 19018 13450 46085 36101 13450 19018 5657525 36101 465125 51077 13450 46085 13450 51077 36101 36101 51077 2570 170 170 51077 51077 36101 36101 19018 36101 465125 1570 19018 46085 13450 51077 19018 19018 202 19018 13450 51077 36101 13450 51077 36101 13525 51077 36101 1258 36101 19018 36101 51077 19018 19018 19018 13450 3145 51077 46085 13450 19018 36101 36101 13450 36101 51077 5657525 465125 465125 8825 46085 2513570 13450 19018 51077 46085 36101 36101 1570 46085 46085 51077 13450 370 19018 19018 46085 170 19018 19018 36101 19018 51077 36101 3849850 3145 19018 51077 13450 36101 19018 46085 46085 19018 46085 36101 13525 2570 46085 36101 36101 36101 313634 19018 51077 465125 19018 3145 465125 19018 36101 2570 19018 19018 19018 2513570 3145 46085 46085 36101 13450 19018 184325 36101 36101 51077 19018 36101 13450 36101 36101 19018 13450 51850 36101 5657525 36101 13450 36101 19018 19018 1258 465125 36101 51077 51077 19018 51077 36101 51077 36101 202 36101 46085 36101 370 19018 13450 13450 19018 36101 19018 13450 465125 46085 465125 46085 46085 19018 51077 19018 19018 36101 51077 36101 19018 51077 36101 19018 465125 46085 239434 19018 36101 465125 182002 19018 184325 36101 465125 19018 51077 46085 36101 51077 239434 19018 36101 13450 51077 2570 19018 13450 13450 370 46085 19018 13450 36101 13450 3145 19018 46085 51077 19018 19018 36101 170 36101 36101 13450 465125 36101 36101 50040010 13450 46085 46085 46085 1570 
485 85 3530 485 5365 3530 34 2036290 485 3530 3530 3530 1331593 3530 34 5365 85 3530 34 5 34 85 85 85 3530 34 85 148138 5365 485 5365 5365 485 2036290 85 34 4753970 3530 34 3530 36101 3530 3530 36101 85 5365 19018 85 3530 36101 3530 36101 3530 34 85 485 34 85 85 34 3530 34 3530 5 3530 3530 3530 485 3530 3530 3530 5365 85 3530 3530 19018 3530 148138 19018 3530 85 3530 34 485 3530 3530 3530 3530 3530 3530 987530 85 34 85 1331593 34 3530 3530 19018 485 3530 485 3530 85 623225 5365 85 85 3530 148138 3530 34 3530 34 3530 3530 17945 34 85 3530 34 34 36101 8294725 5365 3530 148138 34 5365 85 5 85 34 34 3959705 17945 3530 17945 3530 85 3530 5365 485 3530 34 5365 12970 485 85 3530 3530 485 3530 3530 85 1285 17945 3530 5 34 34 85 3959705 34 85 5 34 85 3530 85 3530 17945 3530 3530 5365 3530 3530 3530 3530 17945 4753970 485 34 3530 485 3530 17945 85 85 3530 34 485 3530 3530 34 5365 3530 85 1665074 3530 19018 17945 34 3530 3530 85 85 85 3530 5 34 3530 34 3530 485 3530 485 12970 1331593 3530 85 5 3530 5 6394645 3530 19018 485 184325 485 17945 485 19018 3530 85 485 85 3530 85 85 83466497 3530 85 15596425 5365 3530 17945 34 34 85 3530 1309970 34 3530 148138 85 6485 85 34 34 85 24799490 1331593 34 34 85 5365 85 34 19018 34 5365 485 85 3530 5365 1285 85 17945 3530 1331593 6472325 5365 3530 2036290 85 485 85 3530 17945 19018 85 34 3530 34 34 34 85 36101 3530 85 5365 3530 3530 5365 5365 17945 5365 34 5365 19018 85 34 12970 3530 85 34 34 3530 34 3530 34 18218050 34 5 3530 148138 85 7464565 17945 85 85 5 3530 3530 85 19018 3530 3530 3530 85 3530 3530 34 1349545 85 3530 3530 485 85 3530 3530 85 34 5365 253638425 34 485 19018 3530 3530 485 19018 3530 3530 34 3530 3530 3530 485 3530 3530 18434 148138 1331593 5365 85 485 3530 34 3530 3530 1331593 
15317 3530 485 485 34 5365 3530 170 10405 170 10405 3530 10405 4369 34 10405 34 3530 464290 10405 10405 15317 10405 15317 10405 10405 1665074 485 10405 4369 10405 10405 10405 3530 10405 10405 10405 10405 3530 485 102154 34 5365 459850 10405 5365 15317 3530 10405 10405 10405 485 459850 3530 10405 10405 10405 464290 5365 10405 34 102154 15317 1116050 3530 10405 10405 15317 85 10405 485 10405 10405 10405 10405 170 85 10405 4369 10405 85 102154 102154 3530 10405 5365 10405 3530 10405 121685 3530 170 10405 85 10405 3530 485 34 485 485 5365 10405 3530 10405 10405 34 3530 10405 10405 10405 10405 5365 10405 4369 34 102154 34 15317 15317 15317 10405 15317 5365 34 459850 15317 34 3530 10405 3530 10405 3530 10405 34 15317 10405 34 34 34 10293925 34 34 34 10405 10405 15317 10405 459850 5365 10405 3530 485 10405 10405 4369 10405 34 3530 485 4369 10405 15317 10405 4369 10405 485 10405 4369 5365 10405 3530 5365 4369 5365 170 10405 5365 34 10405 10405 10405 485 10405 3530 85 34 10405 714425 15317 34 10405 10405 10405 4369 485 485 15317 10405 459850 3530 4369 3197105 10405 4369 10405 4850 102154 5365 34 10405 1665074 5365 6393890 10405 5365 10405 3530 485 10405 34 248965 15317 10405 10405 10405 10405 10405 34 10405 34 10405 10405 4850 10405 10405 485 10405 34 485 10405 3530 15317 3530 10405 10405 10405 10405 3530 485 4369 34 15317 10405 34 3530 15317 170 10405 714425 3530 10405 5365 10405 485 34 4850 15317 121685 10405 10405 8908402 5365 34 102154 10405 10405 5365 10405 170 485 485 10405 8304517 5365 170 10405 3530 34 4369 459850 170 10405 10405 34 3530 34 4369 3530 485 4369 10405 34 34 15317 459850 34 10405 3530 5365 276770 10405 10405 10405 15317 485 34 10405 4369 5365 10405 10405 4850 3530 
142885 110245 110245 72901 2425 3737 72901 72901 72901 2425 72901 2425 3925 29045 4369 72901 29045 72901 72901 72901 2425 72901 110245 72901 8585 4369 72901 4369 202 2425 2425 72901 29045 72901 4369 110245 72901 202 72901 2425 2425 184901 202 72901 2425 72901 3925 2425 4369 72901 876097 714425 29045 876097 3925 72901 463114 29045 2425 876097 72901 29045 72901 72901 29045 1664650 184901 7850 142885 72901 72901 142885 213265 202 72901 142885 3925 72901 2425 4369 4369 3925 235625 4369 29045 110245 3925 202 1923545 184901 29045 72901 142885 4369 3925 72901 2425 72901 2425 72901 3925 110245 110245 72901 3925 3925 4369 2425 4369 3737 2425 72901 72901 184901 2425 72901 72901 3737 72901 3925 72901 184901 72901 72901 7106450 72901 110245 72901 72901 72901 4369 72901 184901 4369 3925 72901 72901 2425 2425 4369 72901 29045 17 4369 21365345 2425 72901 2425 463114 2425 29045 72901 29045 4369 184901 72901 72901 202 3737 3925 72901 4369 72901 29045 72901 29045 4369 3925 72901 72901 4369 184901 3925 110245 29045 29045 72901 142885 72901 4369 72901 29045 4369 2425 4369 72901 142885 4369 463114 4369 4369 1664650 4369 463114 10293925 2425 72901 4369 29045 142885 29045 184901 3925 3925 876097 3737 3925 110245 2425 2425 2425 72901 72901 2425 29045 29045 72901 72901 3925 29045 110245 4369 3925 72901 29045 2425 110245 29045 202 2425 2425 184901 4369 3925 3925 184901 876097 3925 202 43570 2425 72901 110245 4369 2185625 72901 4369 72901 463114 184901 1923545 3925 3925 4369 72901 29045 72901 142885 3925 4369 2425 72901 184901 3925 176290 72901 876097 29045 72901 72901 72901 8585 2425 2425 7850 463114 2425 72901 3925 3925 463114 72901 110245 3925 3925 72901 2425 202 2425 202 98000002 72901 29045 3925 2425 876097 2425 72901 4369 3925 29045 463114 3925 2425 3925 29045 3925 
18685 170 2425 34 18685 262450 4369 170 202 3925 170 170 2425 13450 18685 170 2425 170 18685 18685 18685 170 170 170 13450 202 170 18685 170 2425 61089857 170 3145 2425 18685 170 2425 18685 727402 18685 170 2425 170 34 2020202 18685 262450 32453525 18685 13450 170 18685 2425 170 34 19018 170 2425 18685 170 170 18685 18685 34 3145 170 170 18685 170 2425 18685 18685 13450 206890 170 170 170 4369 18685 18685 2425 18685 18685 18685 2425 170 34 18685 18685 112370 13450 18685 43690 18685 14160250 4369 170 18685 13450 170 170 2425 34 170 170 18685 3145 13833025 170 2425 170 4369 2425 18685 18685 18685 170 170 170 170 34 170 18685 18685 170 202 18685 34 4369 18685 170 2425 3145 3145 34 170 170 4369 4369 206890 2425 2425 4369 2425 4369 18685 2425 4369 1450 13525 170 18685 4930 13450 170 202 18685 3145 18685 18685 2425 18685 18685 18685 3145 170 1450 2425 4369 2425 34 13450 25456925 2425 170 18685 145802 4369 4369 18685 170 170 170 170 18685 4369 2425 2425 13450 4369 31248101 3925 313634 13450 4369 2425 2425 145802 43690 34 18685 18685 4369 202 51850 170 2425 18685 170 34 18685 170 18685 18685 202 34 3925 1018145 34 727402 18685 2425 18685 18685 170 170 3145 18685 4369 720002 18685 170 18685 170 13450 170 170 170 13450 4369 18685 18685 170 170 3925 3145 170 34 727402 2425 4369 18685 18685 34 34 170 18685 203394425 4369 170 18685 2425 2425 170 4369 170 2425 170 18685 2425 170 18685 19018 4369 170 18685 170 18685 170 18685 170 170 170 170 3925 34 34 18685 170 3925 2425 13525 2425 4369 170 18685 3925 18685 170 18685 3925 4369 18685 170 170 2425 4369 13450 3925 170 2425 170 2425 4369 4369 4369 4369 2425 18685 4369 18685 13450 18685 3145 18685 2425 18685 4369 170 4369 170 18685 170 18685 18685 34 4369 13450 170 34 2425 18685 18685 2425 13450 170 18685 18685 18685 34 2425 34 170 3925 2425 18685 2425 820837 2425 18685 170 170 18685 170 18685 18685 170 170 4369 170 170 13450 170 18685 170 3925 14684225 18685 18685 18685 1450 4369 3925 4369 170 170 34 34 11230250 3925 18685 170 2425 4369 18685 18685 2425 18685 18685 2425 202 2425 1450 4369 170 2425 18685 202 3925 170 170 4369 34 170 5657525 170 170 463114 170 9241601 170 19018 1450 2425 18685 2425 170 18685 18685 3925 4369 463114 19018 2425 34 18685 18685 18685 13450 170 1450 720002 170 170 170 18685 13450 34 18685 170 2425 18685 170 170 18685 2020202 2425 170 4369 4369 170 170 2425 170 18685 170 34 18685 170 18685 202 18685 4369 18685 18685 1450 18685 18685 170 2425 19018 18685 43690 3925 18685 170 13450 170 206890 18685 2425 18685 2425 170 170 2425 2425 18685 170 18685 18685 2425 170 720002 170 720002 2425 170 34 170 
202 240101 8245 8245 12923530 202 202 101 202 202 8245 4904714 101 3396125 190450 202 8245 286565 286565 202 456977 101 77450 286565 202 202 202 202 202 202 8245 202 202 8245 101 202 8245 8245 202 202 101 202 8245 202 8245 8245 240101 785 8245 202 202 202 202 8245 202 202 101 101 8245 101 202 101 202 101 101 456977 202 101 202 101 8245 101 8245 202 101 8245 201144025 202 8245 202 456977 202 8245 101 202 101 8245 202 202 456977 101 8245 202 202 456977 8245 8245 202 1450 101 202 190450 8245 202 8245 10936250 456977 24893570 101 8245 8245 101 8245 8245 202 101 101 8245 101 456977 361010 101 240101 202 456977 101 202 202 101 8245 202 202 202 286565 202 101 202 202 8245 286565 101 8245 361010 202 202 8245 101 202 202 202 202 202 202 202 101 286565 202 202 202 1018145 8245 
8245 3197105 1258 1802 1258 4978025 24050 1258 49010 1258 1258 202 202 1258 49010 24050 1802 1258 1258 202 202 202 202 1802 202 1258 24050 202 1258 202 202 1258 4850 202 1258 24050 1258 4850 202 202 202 1258 55114 24050 202 202 24050 202 55114 49010 800005 1258 202 1258 49010 202 202 1258 4850 1258 49010 202 1258 24050 202 1802 24050 1258 1258 202 202 77450 5834825 202 202 202 202 24050 202 1258 1258 10 202 1258 202 202 4850 202 202 202 202 202 202 1258 202 1258 4850 1258 202 202 202 24050 202 49010 202 202 49010 202 202 202 49010 4850 35356985 202 202 202 202 202 202 49010 1258 202 49010 4850 202 202 202 202 202 49010 49010 51456325 202 202 1258 24050 49010 202 1258 1258 240101 202 4850 202 1258 202 339865 4850 202 1802 49010 202 10 202 202 202 1258 1258 49010 49010 202 27311077 873970 1258 1258 202 1258 1258 24050 4850 1258 24050 1258 49010 1258 1258 1258 202 202 4850 4850 202 202 1258 4850 202 12325 202 202 202 1258 1258 8245 654985 24050 202 202 202 49010 24050 202 8245 49010 1258 202 202 4850 1258 202 1258 
202 202 4357 1258 202 2244005 202 202 4850 202 4850 49010 16825 202 202 202 49010 16825 202 202 10 654985 202 202 16825 800005 363701 202 1368778 8245 202 202 4357 202 4357 4357 10730 202 8245 202 16825 800005 202 4357 202 16825 202 202 202 202 4357 202 202 202 202 4357 4357 202 2425 16825 240101 202 8245 202 49010 290 49010 363701 202 4850 202 202 2425 202 363701 16825 202 202 363701 202 1258 202 16825 16825 202 4850 202 2425 202 202 202 202 2425 4850 4357 202 24050 202 4357 24050 24050 1258 202 202 202 4357 202 202 202 4357 202 4850 240101 202 202 202 202 202 10730 49010 1258 202 202 4357 49010 49010 16825 202 202 4850 49010 363701 26293865 202 4357 1258 16825 202 202 1258 202 1258 202 4357 4850 202 202 202 202 202 202 16825 4850 202 202 4850 10730 16825 202 1258 10730 202 49010 202 49010 202 363701 202 4357 202 240101 202 49010 49010 202 202 202 16825 202 1258 202 16825 1258 363701 240101 49010 363701 4850 49010 202 4357 202 202 49010 202 4357 202 202 202 49010 202 202 202 10 16825 4357 16825 4357 202 202 202 2244005 202 202 1258 1258 4357 202 4357 202 4357 10 202 4357 49010 49010 202 7022450 363701 202 49010 202 16825 1069085 202 654985 202 202 16825 202 4357 202 202 202 49010 4357 16825 4357 4357 202 202 49010 49010 202 202 290 49010 202 202 202 202 202 202 49010 4850 202 49010 4357 202 4850 202 49010 4357 202 49010 35356985 202 16825 1258 202 202 202 202 8245 1654865 4850 4357 4357 4357 202 202 202 202 202 202 290 202 49010 49010 202 35356985 16825 202 363701 49010 2425 202 202 4850 4357 16825 800005 202 4357 49010 4850 4357 1258 1654865 202 202 4357 202 8245 202 202 202 202 4357 202 4850 202 16825 202 202 4357 202 202 16825 49010 4357 16825 240101 202 16825 202 202 16825 202 24050 16825 202 49010 202 202 49010 202 202 202 202 4850 16825 1069085 16825 4357 16825 1258 202 363701 815813 49010 4357 202 49010 8245 4357 202 49010 202 800005 16825 202 202 363701 202 11101850 49010 202 4357 16825 202 1258 202 49010 1258 4850 202 4850 202 16825 49010 202 4357 202 202 49010 49010 4850 4357 202 202 363701 202 16825 202 16825 35356985 202 202 4357 10730 202 202 49010 4357 10 202 202 4357 16825 4357 4357 202 16825 4850 4357 16825 202 49010 1654865 49010 202 202 4357 16825 4850 1258 4850 202 202 363701 49010 4357 
202 240101 1717 202 1717 202 202 202 1717 202 8245 505 1717 1717 202 1717 202 202 1717 202 434314 1717 202 1717 202 77450 202 202 505 1717 202 1717 1717 1717 1717 361010 1717 202 202 202 202 1717 1717 1717 202 1717 1717 202 1717 202 77450 202 202 1717 1717 202 202 1717 1717 202 202 202 202 940325 202 2594 1717 1717 1717 240101 202 8245 8245 202 1717 1717 202 1717 202 55114 1332970 8245 202 1717 1717 1717 1717 1717 8245 202 505 1717 2594 202 505 202 202 202 1717 202 202 202 1717 505 1717 8245 1717 202 202 202 1717 202 202 202 1717 202 202 202 1717 202 202 202 2594 202 202 8245 202 1717 202 1717 202 1717 1240025 1935025 8245 202 202 202 2594 1240025 202 202 8245 505 1717 202 1717 202 202 8245 202 1717 202 361010 202 1717 202 202 1717 1717 202 202 202 22858489 55114 202 1717 202 202 1717 202 202 202 1717 1717 202 202 1717 1717 202 202 202 1717 122434 202 505 202 202 1717 202 202 1717 202 1717 202 202 1717 1717 1717 202 8245 202 1717 202 202 202 1717 1332970 202 202 1717 505 202 202 202 8245 202 202 8245 286565 202 1717 8245 202 8245 202 505 202 286565 202 202 202 1717 202 1717 202 505 8245 202 1717 1717 8245 1717 1717 202 202 1717 202 202 202 202 202 8245 1332970 8245 77450 1717 1717 202 202 202 202 286565 1717 202 1332970 202 1717 1332970 202 202 8245 1717 1717 202 202 202 202 8245 1717 202 8245 1717 1332970 202 202 1717 202 202 1717 202 1717 202 202 202 202 1717 202 8245 8245 2594 202 1717 1717 1332970 202 505 1717 1717 202 202 2594 505 4904714 202 2594 202 202 940325 1717 1717 1717 2594 202 1240025 1717 1717 202 1717 77450 202 202 202 1717 1717 202 1717 202 1717 1717 
34 3414002 1717 312505 8005 34 34 3925 3925 34 312505 312505 34 1717 34 34 3925 34 312505 24372050 3925 34 3925 1240025 202 34 1089010 6290 34 312505 1717 34 3925 34 202 312505 34 3925 25925 3925 34 34 2490914 3925 691269265 3925 34 3925 2490914 34 2594 6290 34 2679625 3925 34 34 34 34 34 2490914 202 34 34 3925 3925 3925 6528650 202 3925 3925 34 34 34 8158685 202 312505 8005 34 34 34 3925 34 34 3925 107314217 1089010 3925 34 3925 136085 8005 34 1717 34 6290 34 34 3925 34 312505 2594 1717 34 34 3925 1717 34 3925 2594 34 34 66725 3925 6290 1717 34 35832197 34 3925 34 34 34 34 3925 6290 34 34 3925 34 3031865 1717 3925 11430817 2594 1717 34 3925 2679625 34 202 202 34 1717 34 2679625 3925 3925 34 3925 6290 34 1240025 34 34 34 8005 34 312505 8005 34 8005 312505 34 1717 34 312505 3925 34 3925 8005 34 3737 8005 312505 34 34 34 312505 34 312505 3925 1717 34 3925 312505 2594 3925 25925 3925 34 34 3925 3925 34 34 34 6290 3925 136085 34 312505 3925 3925 34 34 243370 1717 34 25925 34 3925 34 1240025 2679625 3925 3925 34 8005 8005 1717 34 3925 202 6290 6290 1717 34 34 34 3925 34 1717 34 34 312505 25925 59241634 3925 34 3925 34 3925 136085 34 3925 34 34 34 6290 34 34 1717 3925 6290 8005 34 3925 202 34 6290 34 34 3925 25925 8005 3737 34 3925 8005 2594 136085 202 1240025 3925 34 93355925 3925 1717 2594 34 34 3031865 34 34 34 3925 34 5326865 25925 5551114 1717 34 103970 34 34 3925 34 3925 34 202 8005 6290 1240025 34 3925 8005 3925 8005 1240025 312505 8005 34 34 3031865 34 8005 34 1717 1717 1717 202 34 34 34 8005 243370 312505 3925 34 3925 1717 3925 312505 103970 34 34 3925 34 34 312505 202 34 34 34 34 34 1717 34 34 34 34 3925 34 2679625 34 3031865 312505 1717 34 3925 34 34 34 8005 34 312505 34 312505 34 202 3925 202 34 312505 34 312505 34 34 34 34 34 34 34 3925 34 1089010 8005 34 202 34 34 36945845 3925 3925 3925 3925 6290 34 3925 34 312505 3925 34 34 58263845 34 3925 34 1717 1717 25925 34 1240025 34 34 1717 34 2594 34 3925 312505 34 202 312505 312505 3925 6290 34 
9802 34 3925 10 6290 9802 34 12325 312505 34 34 34 34 312505 34 1717 34 34 12325 34 34 34 34 34 312505 34 34 34 202 312505 34 34 34 34 34 9802 34 34 8005 9802 34 89725 9802 34 34 312505 8005 89725 34 9802 34 3925 34 34 1133458 312505 34 8005 6290 34 9802 34 34 9802 34 115202 9802 316850 34 34 8005 9802 34 202 34 34 34 3411274 34 89725 89725 34 34 910010 312505 8005 9802 34 9802 202 34 9802 8005 2106385 34 9802 312505 202 415874 34 34 34 9802 8005 2594 9802 312505 34 34 34 34 34 9802 10 34 2106385 34 9802 1717 1717 2106385 9802 5326865 312505 34 34 312505 9802 115202 34 1717 202 34 312505 34 8005 34 34 202 202 6290 34 89725 34 3414002 9802 312505 9802 34 6290 34 312505 312505 34 34 34 34 100721297 34 34 34 8005 10 34 1717 3925 34 10 71978 34 6290 2594 34 8005 89725 34 9802 202 186325 9802 34 3031865 34 9802 9802 34 34 34 34 3925 1717 6290 9802 34 34 8005 415874 884425 1717 9802 8005 312505 34 34 34 8005 34 1717 34 9802 1717 3925 34 3031865 9802 10 312505 34 
3925 312505 20171114 312505 34 34 2594 34 6290 2594 19018 34 34 9802 19018 1717 34 370 8005 465125 34 8005 34 34 34 202 34 6290 312505 34 19018 1717 34 34 34 34 34 34 170 465125 6290 3925 34 3925 34 34 34 3925 34 3925 34 1717 34 34 34 34 6290 34 34 34 34 34 1717 1089010 8005 465125 34 3925 4460545 19018 8005 370 465125 34 312505 34 8005 465125 34 34 202 34 34 19018 6290 34 34 34 34 8005 34 34 8005 34 34 9802 34 8005 34 6290 2513570 34 34 202 6290 4460545 8005 34 34 34 465125 312505 34 34 34 19018 34 34 34 34 312505 9802 34 34 312505 312505 34 186325 9802 202 34 8005 34 312505 9802 1089010 3925 34 8005 170 34 34 34 34 34 34 3925 3925 34 34 31808290 465125 8005 3925 3031865 34 2594 6290 312505 19018 1717 34 6290 34 3925 34 9802 8005 5326865 34 34 34 1717 34 34 312505 1717 34 34 34 34 136085 34 34 202 8005 312505 3031865 34 2594 34 3925 34 34 34 9802 34 2513570 3925 170 2594 8005 34 34 9802 34 1174898 34 1717 316850 8005 34 465125 34 9802 8005 34 34 6290 34 312505 6290 34 6290 465125 34 34 3925 4460545 910010 312505 19018 19018 34 8005 136085 34 8005 34 34 34 34 34 9802 34 34 34 3925 9802 3849850 312505 34 370 312505 34 34 34 34 34 34 34 34 34 312505 34 1717 34 3925 34 136085 465125 34 465125 202 34 34 19018 19018 34 1717 34 26811685 202 312505 34 2594 34 8005 34 34 34 34 34 34 34 34 34 465125 1717 34 19018 312505 43690 202 9802 34 34 34 465125 34 34 34 34 312505 34 312505 8005 34 34 312505 9802 34 34 465125 34 9802 34 34 34 6639370 34 8005 3925 8005 34 34 34 34 34 465125 465125 34 3031865 34 202 202 34 3925 34 34 34 3031865 34 34 34 3031865 34 34 202 465125 19018 4460545 34 34 34 3031865 34 34 312505 34 8005 34 34 34 6290 136085 465125 312505 3925 34 312505 34 202 34 34 34 4460545 312505 34 34 6290 170 34 34 202 34 202 202 34 465125 170 34 1089010 34 316850 34 312505 34 34 34 19018 34 68079530 6290 34 34 34 34 370 34 312505 34 
29045 10405 29045 10405 110245 8328997 10405 10405 273205 72901 29045 176290 10405 29045 248965 13877785 714425 10405 10405 273205 72901 29045 29045 72901 72901 29045 10405 273205 10405 29045 29045 10405 110245 714425 29045 10405 29045 10405 10405 10405 10405 10405 72901 459850 3925 29045 463114 29045 29045 29045 10405 3737 10405 72901 29045 72901 10405 10405 29045 29045 29045 121685 10405 29045 10405 3925 273205 10405 3925 29045 29045 486725 29045 10405 29045 72901 2185625 15317 10405 170 72901 29045 29045 29045 3925 273205 29045 29045 10405 1116050 10405 29045 29045 10405 463114 72901 29045 3737 29045 29045 15317 10293925 72901 10405 29045 29045 110245 10405 463114 10405 714425 3737 72901 10405 29045 10405 15317 170 29045 29045 10405 72901 29045 110245 29045 29045 10405 29045 29045 72901 29045 72901 72901 10405 3925 15317 10405 29045 29768005 3396125 29045 29045 463114 72901 10405 10405 29045 10405 29045 459850 273205 10405 4850 29045 170 29045 10405 10405 29045 29045 29045 72901 3737 10405 10405 10405 72901 21159125 29045 72901 10405 29045 29045 29045 170 3925 1010 72901 10405 72901 463114 10405 29045 72901 176290 72901 29045 72901 714425 10405 10405 29045 176290 110245 104050 10405 29045 4850 15317 72901 72901 72901 10405 10405 72901 273205 10405 29045 72901 29045 29045 4850 29045 3737 72901 1919249 29045 29045 3925 10405 29045 10405 10405 10405 15317 29045 72901 29045 4850 72901 463114 176290 72901 10405 72901 10405 10405 29045 29045 29045 29045 10405 29045 29045 10405 10405 10405 29045 10405 29045 29045 29045 10405 10405 10405 10405 110245 273205 10405 29045 29045 273205 29045 10405 51914 10405 48312010 29045 10405 10405 10405 104050 10405 29045 15317 10405 3925 10405 10405 10405 29045 72901 10405 10405 3925 72901 29045 29045 463114 121685 10405 10405 72901 10405 10405 10405 3925 3925 29045 10405 10405 459850 10405 15317 170 10405 10405 29045 10405 14382085 15317 29045 15317 10405 3737 29045 273205 10405 72901 29045 29045 29045 10405 29045 29045 29045 10405 31192850 110245 10405 29045 714425 714425 121685 463114 
170 1010 18685 18685 18685 18685 170 1018145 18685 170 170 18685 170 170 18685 170 18685 18685 2020202 170 18685 170 170 14684225 18685 170 170 34 18685 18685 170 170 170 727402 170 18685 18685 145802 170 18685 3745450 18685 170 170 170 170 4930 170 18685 170 170 18685 170 170 18685 170 18685 170 18685 18685 18685 18685 170 170 18685 145802 18685 112370 18685 18685 18685 170 170 31248101 170 108574850 170 170 18685 118474 18685 18685 34 170 727402 18685 34 18685 4488010 18685 170 18685 170 463114 18685 31248101 170 148138 34 18685 164384714 34 170 18685 170 18685 18685 170 118474 18685 18685 170 170 170 34 170 34 170 170 34 170 1050905 170 170 18685 170 170 170 18685 18685 1050905 170 18685 18685 170 170 170 18685 18685 18685 170 727402 31248101 170 18685 170 170 18685 18685 34 170 18685 170 18685 170 170 170 170 18685 18685 18685 18685 18685 18685 170 170 170 170 170 34 18685 1632025 18685 727402 34 170 34 18685 170 170 170 170 170 18685 18685 34 170 18685 170 18685 112370 18685 170 170 18685 170 34 18685 170 18685 18685 18685 18685 18685 170 170 170 170 170 34 170 170 170 18685 18685 170 170 170 170 18685 170 170 18685 34 170 170 170 170 18685 18685 18685 18685 170 170 170 170 34 170 170 170 18685 170 18685 18685 19802501 1050905 170 170 170 34 18685 170 170 170 2020202 170 170 18685 170 170 18685 34 18685 170 18685 34 170 170 170 170 170 18685 170 18685 170 170 170 170 18685 170 170 170 18685 18685 18685 18685 18685 170 170 1632025 170 18685 170 18685 18685 170 170 170 1450 170 170 170 170 170 170 18685 170 18685 18685 170 18685 170 18685 1450 170 170 18685 170 170 34 170 18685 18685 18685 18685 18685 170 112370 34 18685 18685 170 170 170 34 170 170 170 18685 170 18685 170 18685 18685 170 18685 170 170 170 170 170 112370 170 170 18685 170 170 170 170 170 18685 170 170 18685 170 170530 170 18685 170 170 170 170 170 18685 18685 18685 170 170 18685 34 170 18685 170 18685 18685 18685 18685 170 170 34 170 18685 170 18685 18685 18685 170 170 170 18685 170 18685 18685 18685 170 18685 170 170 170 170 170 18685 170 18685 170 170 170 170 18685 170 170 18685 170 34 170 170 18685 170 18685 34 170 18685 1601 720002 170 18685 170 170 18685 18685 34 18685 170 206890 206890 170 170 170 18685 170 170 18685 170 170 170 18685 170 18685 18685 170 170 170 18685 170 170 170 170 34 170 18685 170 170 1050905 18685 170 170 170 34 170 18685 170 170 170 170 170 170 18685 170 18685 18685 170 170 170 170 170 18685 170 170 18685 170 2076497 18685 18685 170 727402 18685 34 170 18685 170 170 170 170 170 18685 1050905 170 170 170 112370 170 170 170 18685 18685 18685 170 18685 18685 170530 34 18685 34 18685 18685 18685 34 18685 18685 34 54434 170 170 170 1450 170 18685 18685 34 18685 206890 170 18685 170 170 18685 18685 150062501 170 170 18685 18685 34 170 18685 170 34 1050905 170 170 170 18685 18685 170 170 170 18685 170 18685 170 720002 18685 1050905 170 170 18685 170 170 18685 170 112370 34 18685 18685 4488010 112370 
170530 17 1717 9802 1717 865930 17 1717 1002530 12325 10 9802 17 9802 17 10 12325 17 12325 17 9802 1889849 17 12325 12325 1002530 1717 17 1717 12325 1717 9802 1717 9802 9802 1002530 9802 17 1717 10 17 17 12325 1717 17 17 884425 9802 12325 1924925 17 17 12325 12325 884425 9802 17 9509 17 17 1717 765034 17 12325 12325 1717 17 17 415874 1717 12325 17 12325 1717 1717 17 10 1717 12325 12325 1002530 884425 9802 9802 17 464165 17 1472330 10 17 12325 12325 12325 1002530 9802 10 17 17 12325 12325 1717 1717 17 9802 17 9802 17 17 17 17 9802 12325 1002530 17 1002530 1717 17 1717 10 12325 1717 865930 17 12325 12325 9802 17 17 9802 17 9802 17 1390370 12325 17 17 12325 21172117 9802 12325 9802 9802 9802 7474 9802 9802 1717 12325 10 1717 1002530 17 17 17 17 17 12325 9802 12325 12325 884425 1002530 865930 17 10 9802 1717 1002530 12325 1717 17 10 17 12325 1717 17 25989605 1717 1717 12325 17 10 17 1889849 9802 17 12325 10 17 17 9802 17 9802 865930 9802 17 12325 9802 17 1717 17 17 765034 26061925 17 1717 1717 1002530 17 12325 1717 17 1717 89725 10 17 1717 1717 17 1717 884425 17 17 10 9802 17 9802 9802 12325 12325 17 18685 17 2106385 12325 1717 3702634 1717 12325 9802 12325 12325 1717 12325 1717 17 1889849 9802 1924925 17 10 765034 1717 1717 17 1717 1717 865930 9802 9802 12325 10 12325 12325 9802 12325 10 12325 17 9802 10 9802 17 10 1717 17 653225 17 9802 10 9802 17 12325 9802 1717 17 1717 17 1717 1717 10 17 1717 12325 17 17 1717 17 1717 12325 26061925 17 9802 12325 1717 1717 12325 56070145 6492725 9802 17 1717 12325 12325 12325 17 17 1889849 10 17 287031365 1717 1717 1717 17 1717 1717 12325 1133458 9802 12325 17 17 17 12325 12325 17 9802 1717 1133458 1717 1717 1717 9802 9802 1717 10 89725 21172117 12325 17 12325 17 1717 12325 17 653225 12325 1002530 1002530 17 1889849 17 12325 9802 17 1002530 1717 12325 12325 17 15784490 1717 12325 1717 10 10 1002530 1002530 9802 17 17 323402 1717 12325 1717 17 9802 12325 1717 17 1002530 9802 17 12325 1717 9802 12325 1717 17 1717 12325 17 10 17 9802 1889849 17 1717 17 17 9802 1717 1717 1002530 12325 12325 1717 1717 9802 10 12325 21172117 17 9802 9802 9802 17 1717 1717 1717 1717 9802 9802 12325 12325 17 17 1717 17 17 12325 17 10 1717 12325 9802 9802 1002530 12325 9802 12325 1002530 89725 1717 12325 17 10 1717 1717 9802 12325 1717 89725 17 12325 12325 12325 9802 17 17 17 1717 865930 1717 17 1717 17 17 12325 17 12325 9802 12325 1717 1002530 2106385 9802 1717 17 1717 17 653225 9802 1717 17 17 7474 1717 9802 1002530 10 17 1002530 17 12325 1717 1717 10 12325 17 12325 12325 9802 1717 10 1717 653225 12325 17 12325 1717 17 17 1717 1717 12325 17 960409 12325 9802 1717 9802 17 12325 17 1889849 17 9802 1002530 12325 1717 17 9802 2106385 12325 1717 9802 1717 17 1717 89725 12325 12325 9802 1717 1889849 9802 12325 1717 12325 9802 17 12325 12325 1717 9802 12325 161209 10 17 1133458 9802 10 10 17 12325 17 1717 12325 9802 48674 
36101 36101 85 85 10730 36101 465125 85 19018 85 85 8825 85 85 85 36101 85 85 202 19018 465125 36101 85 695185 202 85 19018 85 36101 19018 36101 36101 19018 85 465125 85 370 85 85 239434 85 36101 36101 85 19018 85 85 370 19018 19018 465125 85 85 85 85 85 19018 85 465125 85 85 85 85 85 465125 19018 2513570 2513570 85 85 36101 85 85 17945 370 19018 85 85 36101 465125 239434 36101 85 85 85 85 85 36101 85 85 85 202 19018 85 19018 85 36101 465125 85 19018 85 17945 85 65650 465125 85 85 85 85 465125 85 85 85 19018 85 85 85 85 85 85 370 4460545 85 3849850 465125 85 85 85 85 85 85 85 19018 465125 19018 85 85 990002 3145 85 465125 19018 85 85 85 19018 465125 36101 465125 85 8825 85 85 36101 36101 85 85 36101 85 85 19018 19018 85 170 85 184325 465125 19018 85 465125 85 85 85 239434 85 17945 19018 19018 202 3145 85 85 85 170 85 239434 85 85 36101 85 465125 85 85 465125 85 465125 85 85 202 85 465125 85 170 85 85 465125 85 85 85 85 36101 85 85 170 85 85 85 85 36101 19018 85 14810434 85 36101 36101 4305925 465125 17945 85 465125 15596425 85 85 19018 85 85 36101 8825 85 202 85 85 36101 465125 17945 85 17945 36101 85 85 36101 202 31637125 85 465125 85 465125 19018 19018 85 36101 85 36101 17945 465125 202 85 544970 85 36101 19018 19018 19018 465125 85 85 19018 85 17945 85 85 202 36101 85 36101 2513570 184325 19018 85 36101 370 85 85 19018 85 85 85 202 36101 140057290 85 85 85 65650 239434 5008645 85 85 19018 465125 85 85 85 19018 2513570 239434 85 85 85 19018 85 85 85 7086245 19018 19018 19018 85 85 19018 85 36101 85 85 42807385 36101 85 202 85 85 465125 19018 465125 85 85 85 36101 85 85 19018 85 370 85 36101 85 465125 36101 85 19018 36101 65650 19018 85 85 17945 36101 85 19018 695185 85 85 36101 85 85 1058005 19018 85 85 465125 465125 85 85 36101 19018 85 465125 465125 85 85 85 10730 239434 465125 85 85 85 17945 465125 85 85 85 
85 85 85 170 85 170017 170 85 170 85 45002 85 85 170 170 170 85 85 85 85 679225 85 45002 85 85 85 85 85 85 85 85 61217 170 85 170 170 85 85 85 170 85 61217 85 45002 170 45002 45002 45002 170 85 170 112897 170017 45002 85 170 170 45002 17945 85 85 85 85 170 45002 112897 56380825 85 45002 170017 85 61217 85 61217 85 43658050 45002 170 85 85 170 170 170 85 170 170 122434 85 85 45002 85 170 170 85 45002 170 85 85 45002 85 85 112897 1812445 85 85 85 85 85 85 45002 5301490 170 11289601 85 85 85 170 85 45002 45002 85 45002 170 17945 85 85 170 170 170 85 45002 61217 170 85 170 170 112897 85 85 85 45002 85 1534754 170 45002 170 85 170 85 85 170 85 170 170 85 8140885 85 170 45002 170 85 85 85 85 45002 85 85 85 
46085 46085 46085 10 46085 51077 46085 46085 1570 46085 46085 51077 51077 1258 46085 49010 46085 46085 46085 1570 46085 51077 46085 51077 2570 157625 1570 1069085 46085 51077 46085 46085 157625 1570 51077 2570 157625 51077 1570 102154 3069505 157625 309137 46085 309137 46085 46085 819202 46085 51077 51077 51077 46085 2570 46085 46085 51077 46085 51077 157625 157625 5750405 46085 157625 49010 46085 1010 10 51077 49010 46085 46085 46085 1570 403490 157625 46085 46085 51077 157625 46085 1258 970 51077 1570 49010 46085 46085 51077 51077 49010 46085 51077 1258 1258 51077 1258 51077 51077 51077 29184802 49010 46085 51077 157625 46085 157625 49010 1258 46085 1258 46085 46085 110245 46085 51077 2570 157625 1570 2570 157625 51077 1258 157625 1570 51077 46085 49010 46085 1570 157625 46085 51077 51077 1570 46085 51077 51077 51077 46085 970 51077 51077 49010 309137 51077 46085 51077 102154 51077 46085 46085 51077 46085 51077 46085 46085 46085 24324625 51077 46085 970 1010 51077 2570 102154 46085 157625 46085 51077 22474 51077 110245 46085 157625 46085 51077 46085 102154 1069085 51077 1570 157625 51077 46085 1258 49010 309137 51077 46085 46085 102154 157625 46085 46085 51077 46085 102154 51077 46085 51077 1010 49010 46085 51077 46085 2570 51077 46085 51077 46085 49010 51077 46085 970 46085 110245 10 46085 102154 157625 46085 51077 51077 46085 51077 51077 819202 51077 309137 51077 49010 1258 51077 46085 51077 1258 46085 46085 46085 46085 46085 46085 49010 46085 51077 46085 679730 1010 46085 2570 46085 157625 157625 51077 819202 51077 51077 51077 51077 51077 157625 46085 49010 51077 46085 51077 46085 309137 309137 46085 2570 51077 51077 51077 51077 46085 46085 1258 1570 49010 51077 46085 51077 46085 46085 46085 46085 46085 51077 51077 46085 51077 46085 46085 102154 51077 1570 46085 51077 1570 51077 46085 51077 46085 51077 46085 1258 2570 157625 51077 1570 46085 51077 51077 157625 46085 46085 157625 51077 309137 46085 46085 46085 51077 157625 46085 1570 1570 1258 51077 110245 46085 46085 51077 46085 10 49010 1570 46085 51077 51077 46085 51077 51077 110245 1570 2570 51077 46085 2570 
5 85 85 19018 465125 202 2513570 202 85 85 85 3530 85 19018 3849850 85 85 85 85 85 85 85 85 85 19018 2513570 85 465125 85 3530 85 85 85 85 465125 5 85 85 85 695185 85 36101 85 85 85 85 129231425 65650 1285 65650 85 465125 85 85 19018 65650 85 36101 85 36101 990002 85 85 85 465125 5 85 17945 465125 85 465125 85 85 5 85 36101 85 465125 85 6394645 85 85 85 85 85 17945 85 85 36101 85 85 36101 85 85 85 85 85 85 85 85 85 85 36101 85 85 17945 36101 19018 3530 465125 3530 85 85 465125 36101 36101 85 85 36101 36101 85 465125 202 85 85 85 85 19018 36101 85 85 465125 85 36101 17945 85 17945 85 85 85 3530 85 19018 85 370 370 19018 85 85 85 85 85 85 85 19018 36101 85 85 3530 85 3530 19018 85 85 36101 3530 3530 3530 370 85 85 17195425 85 36101 465125 85 85 170 85 465125 465125 465125 3530 85 36101 85 362674 85 85 3530 85 465125 85 5 4460545 465125 85 36101 17945 85 36101 19018 85 65650 36101 85 36101 85 3530 85 5 370 2513570 3530 85 370 202 85 2513570 36101 85 3530 85 85 85 85 85 85 465125 85 465125 170 85 85 465125 19018 465125 85 5 85 18216650 695185 85 85 465125 8825 5 85 85 370 465125 465125 85 17945 85 202 85 202 990002 85 85 85 85 3849850 36101 29575325 85 85 85 85 5 51850 85 85 85 85 6394645 85 465125 36101 85 3530 36101 85 85 85 465125 85 85 85 170 3530 85 85 2513570 170 5 17945 17945 3530 85 465125 85 465125 85 3849850 85 85 85 85 5 85 370 17945 85 3530 85 85 85 85 85 85 3530 85 36101 36101 17945 40525957 19018 85 465125 85 85 465125 85 85 19018 17945 2513570 10582925 465125 85 85 239434 3530 465125 85 85 19018 36101 85 85 85 85 85 85 85 85 85 85 85 3530 85 36101 17945 202 85 170 85 36101 19018 85 465125 85 85 465125 465125 465125 36101 85 170 239434 19018 85 85 19018 85 370 85 85 85 3530 85 239434 85 85 19018 85 85 202 36101 85 85 85 85 36101 85 85 85 85 36101 85 85 85 85 85 19018 17945 85 85 85 85 170 36101 
98128837 7474 9802 9802 17 9802 10 17 12325 9802 89725 9802 1717 9802 12325 12325 17 17 1390370 12325 7474 1002530 1717 17 17 1717 17 17 17 9802 1002530 12325 17 1717 9802 9802 765034 17 17 12325 1717 89725 12325 1717 10 9802 12325 17 323402 9802 12325 17 1717 9802 1889849 9802 9802 9802 10 17 7474 17 1717 9802 17 17 17 17 17 17 1133458 1717 17 10 1717 9802 1717 884425 17 9802 1717 17 17 9802 10 10 10 1717 1002530 17 884425 9802 1889849 10 12325 1002530 12325 1002530 13686914 17 1717 415874 17 12325 17 9802 17 10 17 1002530 17 9802 1717 1717 17 1717 17 12325 17 10 3145 10 1002530 12325 10 12325 17 12325 9802 9802 12325 12325 1717 1002530 12325 17 17 17 12631765 7474 9802 1717 9802 1717 17 9802 1002530 
9802 29045 17 17 17 9802 29045 29045 17 7850 459850 9802 1813370 29045 273205 29045 29045 3737 29045 17 463114 29045 72901 17 29045 17 29045 29045 4850 459850 72901 9802 170 170 170 17 17 17 29045 110245 72901 17 29045 110245 29045 17 72901 72901 110245 9802 29045 17 29045 29045 3737 1923545 17 72901 72901 4251845 29045 29045 110245 17 17 29045 29045 72901 17 72901 9802 17 29045 17 17 273205 9802 17 328250 17 29045 72901 459850 29045 170 72901 17 9802 17 17 29045 29045 170 9802 17 17 110245 29045 9802 72901 17 72901 17 29045 9802 459850 51914 9802 459850 9802 17 9802 17 29045 72901 170 17 17 17 4850 17 29045 17 29045 9802 29045 17 9802 29045 72901 9802 29045 17 17 29045 17 17 9802 29045 17070010 9802 17 9802 29045 9802 176290 17 17 17 9802 29045 10405 3250 29045 29045 17 273205 110245 29045 72901 273205 17 10405 29045 9802 17 17 110245 17 17 110245 17 17 29045 72901 459850 9802 29045 110245 110245 9802 72901 17 29045 17 463114 17 72901 29045 9802 10405 17 29045 17 29045 17 17 51914 72901 29045 17 29045 170 17 29045 459850 29045 17 29045 9802 29045 29045 17 29045 17 110245 72901 72901 9802 29045 17 17 273205 9802 29045 
170 170 45002 170 45002 170 679225 170 61217 170 170 170017 679225 103433525 17 45002 17 112897 112897 679225 170 45002 45002 170 170 45002 45002 170 170 45002 45002 112897 170017 679225 112897 45002 170 2570 45002 17 170 61217 720002 170 679225 170 170 170 170 170 170 45002 170 170 261994 170 170 45002 679225 45002 17 170 17 45002 170 45002 170 17 17 679225 170 170 45002 170 17 17 720002 170 45002 170 61217 720002 170 17 679225 45002 45002 170 170 170 170 170 55114 61217 170 441010 170 9168970 170 170 45002 45002 170 170 679225 45002 170 170 170 170 170 112897 45002 170 61217 170 170 170 170 261994 170 45002 170 170 45002 720002 45002 45002 170 170 45002 170017 61217 45002 61217 61217 720002 170 720002 170 170 45002 170 45002 679225 170 170 45002 170 170 666658 679225 170 45002 26810645 1812445 170 170 170 112897 170 170 170 170 61217 170 45002 170 17 45002 679225 170 170 170 261994 170 170 170 170 170 170 
3530 17945 85 85 85 3530 85 3530 17945 34 85 3530 85 85 85 85 15596425 485 3530 85 85 485 3530 3530 1665074 3530 5 5365 3530 34 34 85 3530 5365 485 34 3530 485 5365 3530 3530 34 5365 85 3530 3530 85 5365 34 34 34 17945 34 85 3530 1331593 3530 85 3530 3530 85 34 3530 3530 5 168074201 85 485 5365 1331593 34 3530 3530 34 3530 3530 3530 85 5 3530 695185 34 3530 3530 17945 485 485 85 3530 3530 3530 5365 485 17945 17945 3530 485 3530 3530 3530 34 19018 990002 85 485 3530 3530 2590018 485 3530 34 34 19018 85 485 85 17945 5365 85 85 3530 85 85 34 17945 6492725 485 3530 3530 3530 34 17945 85 85 5 34 34 85 5365 5 1285 85 485 485 34 
34 1331593 12970 485 170 485 5365 5365 3530 29045 14128825 29045 3530 3530 485 34 34 3530 34 176290 170 29045 3530 29045 29045 34 3530 127058 3530 29045 3530 4850 29045 170 3530 34 34 34 485 4850 3530 3530 3530 12970 34 3530 3530 3530 34 34 3530 34 459850 5365 29045 3530 485 459850 485 485 3530 10405 34 3530 5365 34 1331593 34 29045 34 3530 3530 3530 3530 5365 4850 170 3530 4850 987530 485 5365 3530 29045 34 34 3530 3530 34 3530 29045 485 485 29045 3530 3959705 10405 3530 5365 10405 10405 3530 29045 987530 34 485 29045 5365 3530 34 3530 29045 485 29045 34 3530 85 34 34 485 485 170 34 485 3530 34 485 3530 34 29045 3530 3530 10405 34 3530 34 10405 34 34 3530 29045 10405 485 5365 10405 34 34 29045 4850 3530 485 29045 3530 5365 10405 459850 3530 3530 170 3530 34 485 34 3530 34 3530 3530 5365 485 10405 3530 12970 34 10405 29045 4850 485 3530 29045 3530 485 3530 3530 3530 29045 34 5365 4850 485 51914 3530 29045 29045 4850 485 3530 10405 34 3530 3530 3530 29045 273205 459850 485 485 485 34 17945 29045 34 29045 10405 85 1919249 29045 3530 170 3530 485 3530 29045 3530 3530 3530 485 485 3530 34 485 3530 170 5365 34 46774514 485 17945 13877785 10405 29045 485 29045 85 12970 3530 3530 3530 3530 273205 29045 17945 3530 485 5365 3530 5365 176290 5365 485 17945 170 485 34 34 29045 3530 3530 10405 5365 3530 3530 485 29045 3530 3530 34 485 179450 485 3530 3530 485 34 34 3530 459850 10405 34 29045 29045 29045 3530 3530 29045 3530 3530 29045 485 3530 5365 34 5365 987530 10405 5365 1331593 34 485 34 170 34 3530 34 34 34 485 3530 3530 5197090 34 3530 10625170 273205 3530 241022545 459850 3530 5365 485 34 3530 29045 29045 3530 3530 10405 5365 3530 4850 29045 485 3530 1331593 485 459850 170 10405 3530 1665074 5365 3530 85 3530 29045 10405 3530 34 485 170 10405 3530 3530 459850 3530 459850 459850 34 3530 3530 5365 34 3530 10405 1919249 485 485 3530 3530 5365 34 17945 29045 29045 18742517 170 3530 485 176290 485 5365 5365 3530 3530 34 34 3530 5365 29045 34 34 3530 85 34 3530 485 85 3530 10405 3530 3530 3530 485 273205 176290 34 3530 170 3530 5365 7744010 12970 34 5365 5365 3530 34 10405 5365 34 1919249 5365 34 29045 273205 29045 3530 459850 3530 3530 3530 3530 12970 273205 4850 3530 34 5365 34 10405 3530 34 3250 987530 34 3530 29045 485 273205 3530 29045 987530 51914 485 85 34 3530 5365 46774514 170 5365 485 170 3530 5365 4850 485 3530 485 170 34 3530 29045 3530 485 34 3530 3530 161209 987530 485 29045 34 3530 3530 485 3530 10405 29045 34 34 3530 34 170 34 34 34 4850 3530 3530 987530 5365 5365 85 3530 485 3530 3530 3530 29045 3530 10405 34 485 170 10405 3530 459850 10405 34 34 34 1143250 10405 4850 3530 3530 10405 485 34 485 3530 34 3530 34 170 10405 5365 3530 34 82831801 3530 10405 5365 85 176290 3530 5365 34 3530 10405 10405 714425 3530 29045 34 3530 85 273205 34 
25925 3925 34 3925 4369 25925 34 2679625 34 4369 34 15317 34 4369 312505 34 25925 34 34 34 1110185 4369 34 6290 3925 34 25925 312505 34 34 34 34 34 34 3925 34 34 34 34 34 34 3925 34 34 3414002 34 34 25925 34 3925 34 34 3925 34 3925 312505 2490914 34 34 2679625 34 103970 34 34 3925 34 1089010 34 34 3925 3925 34 34 312505 3925 8005 3925 34 3925 3925 34 3925 312505 34 312505 34 8005 3925 3925 34 3925 312505 3925 34 34 8005 3925 103970 34 34 34 34 312505 34 34 3411274 
18685 170 18685 170 18685 170 13450 170 170 170 18685 170 170 170 313378 18685 18685 18685 19018 170 170 170 18685 18685 170 170 18685 1450 112370 170 13450 170 18685 170 170 18685 170 18685 18685 170 13450 34 170 170 170 170 18685 18685 170 19018 170 34 145802 18685 170 170 170 170 18685 170 145802 170 18685 170 170 34 36101 13450 13450 13450 13450 18685 170 19018 170 18685 18685 18685 170 170 34 4802045 18685 18685 170 18685 18685 13450 18685 19018 4930 31248101 18685 170 170 13450 170 18685 170 18685 18685 18685 18685 18685 18685 262450 727402 18685 170 18685 170 170 13450 145802 18685 18685 18685 170 34 18685 18685 13450 170 170 18685 170 170 18685 18685 18685 170 18685 18685 18685 170 170 170 170 34 18685 170 170 170 170 170 18685 170 18685 18685 13450 18685 18685 34 
309137 18685 170 157625 46085 157625 34 46085 170 157625 157625 18685 157625 18685 157625 170 46085 18685 18685 13450 18685 18685 13450 18685 18685 16386305 18685 18685 18685 18685 18685 170 13450 18685 18685 970 18685 2570 18685 46085 46085 18685 18685 170 13450 18685 46085 170 18685 170 46085 46085 18685 170 170 46085 18685 46085 18685 18685 46085 157625 170 13450 18685 819202 13450 170 157625 13450 46085 145802 18685 170 13450 18685 157625 13450 46085 18685 46085 170 170 19018 18685 170 170 970 46085 170 18685 18685 18685 18685 18685 170 21785 157625 170 18685 18685 18685 34 18685 18685 18685 46085 170 13450 18685 13450 309137 46085 18685 13450 145802 22474 18685 13450 13450 18685 18685 13450 118474 2570 18685 157625 18685 18685 309137 403490 18685 157625 18685 18685 46085 18685 18685 18685 2570 13450 18685 18685 18685 18685 157625 13450 18685 170 4401605 170 18685 13450 46085 18685 13450 17171717 157625 157625 18685 46085 18685 46085 170 13450 18685 13450 170 18685 46085 157625 5657525 309137 18685 145802 18685 157625 309137 3145 18685 120438965 18685 157625 157625 18685 309137 46085 170 18685 18685 19802501 18685 18685 157625 46085 46085 157625 157625 3145 18685 18685 46085 819202 170 13450 18685 46085 18685 46085 18685 18685 46085 157625 145802 157625 18685 34 13450 157625 145802 13525 46085 13450 46085 18685 19018 102154 18685 18685 18685 170 18685 17171717 46085 13450 18685 34 18685 170 18685 309137 18685 18685 35356985 170 18685 34 157625 18685 18685 18685 46085 13450 18685 18685 18685 157625 46085 170 157625 17288965 30399125 18685 18685 18685 18685 18685 170 170 18685 46085 18685 46085 13450 13450 18685 819202 34 18685 170 18685 46085 18685 46085 46085 13450 819202 13450 18685 46085 18685 18685 309137 13450 46085 51850 18685 13450 18685 170 157625 18685 14160250 18685 170 46085 13450 157625 157625 18685 46085 18685 170 18685 18685 13450 19018 18685 18685 18685 46085 18685 170 157625 13450 46085 18685 170 34 18685 18685 13450 18685 170 3069505 13450 13525 19018 13450 17288965 18685 13450 157625 819202 19018 18685 3145 18685 18685 18685 170 18685 18685 157625 170 18685 19018 
1258 7518250 5185 1258 1258 882325 1258 5410 1258 1258 1258 95225 1258 1258 1258 5185 256330 5185 166685 1258 1258 1258 5185 5185 1601 765034 1258 51077 1258 882325 835250 1258 1258 1258 1258 1258 95225 1258 1258 1258 5185 58325 95225 1258 1258 51077 1258 1258 5185 1047370 882325 1258 1258 882325 381925 5005450 1258 1258 1258 5185 1601 5185 5410 185 58325 51077 381925 1601 1258 51077 5185 5185 1258 5185 1258 1258 51077 381925 1258 1258 1258 381925 20072450 1258 1258 5185 381925 1258 1258 5185 1258 1258 5185 381925 1258 58325 5185 5185 1258 1258 1258 5185 5185 1258 3492970 1258 51077 1258 58325 1258 55114 1258 370 1601 1258 1258 1258 58325 1258 1258 1258 1031050 381925 58325 58325 835250 5185 1258 5185 152352005 1258 5185 2917265 882325 835250 370 1258 1258 1601 95225 1258 1258 5185 1258 5185 1258 5185 1258 1258 370 835250 1258 5185 1258 1258 51077 5185 370 51077 1259557 5185 1258 381925 5185 1258 1258 1258 5185 1258 5185 1258 5185 1258 5185 58325 5185 5185 16830034 1258 1258 1258 5185 51077 1258 835250 2917265 1258 1258 5185 58325 5410 5185 5185 1258 1258 835250 166685 1258 5185 2917265 51077 381925 5185 1258 5185 1258 1601 58325 1258 5185 1258 51077 370 95225 5185 5185 381925 5185 5185 1258 1258 1258 4631105 5410 5185 5185 1258 5185 5410 835250 1258 192085 58325 1258 51077 1258 1258 51077 5185 1258 1258 1170325 58325 5185 1258 381925 95225 1601 5185 5185 1258 95225 1258 1258 51077 835250 5185 5185 1258 51077 5185 5185 1258 5005450 1258 1258 5185 5185 5185 1258 5410 5185 1258 5185 1258 5185 1258 51077 5185 5410 5185 1258 381925 1258 51077 30634 51077 5185 1258 1258 51077 1258 381925 882325 1258 5185 5185 5185 1258 1258 1258 1258 5185 1601 89032565 1258 185 5185 1258 1258 5185 1258 1258 1258 58325 1258 1258 1258 30634 1258 1258 370 1258 1258 1258 51077 1258 5185 5185 5185 1258 1258 1258 1258 5185 1258 51077 1258 5185 5185 381925 5185 370 882325 1258 1258 1258 1258 206877290 882325 1170325 51077 1258 51077 58325 370 1258 51077 1258 5185 5185 5410 1258 370 1258 1258 1601 1258 
51077 51077 51077 1258 46085 46085 51077 157625 157625 1570 46085 51077 157625 4401605 16386305 51077 51077 51077 46085 51077 1258 51077 51077 46085 46085 157625 1258 51077 46085 51077 1258 51077 51077 51077 51077 46085 970 46085 46085 51077 51077 2570 46085 51077 51077 51077 51077 51077 51077 51077 1258 51077 51077 51077 1258 51077 157625 51077 1258 157625 46085 1258 51077 51077 46085 309137 1010 102154 51077 51077 46085 46085 51077 1258 157625 46085 1570 51077 51077 51077 46085 46085 51077 46085 51077 102154 51077 157625 46085 309137 46085 51077 51077 51077 102154 51077 51077 51077 51077 51077 1258 46085 1570 46085 46085 51077 46085 51077 1258 157625 157625 51077 46085 51077 157625 51077 51077 46085 51077 1258 9596245 1258 1258 1010 51077 102154 2570 51077 1570 51077 46085 46085 51077 1570 1258 1570 1258 157625 51077 157625 46085 51077 157625 51077 46085 51077 46085 51077 51077 309137 1570 51077 46085 51077 51077 1570 51077 51077 51077 46085 1258 46085 51077 51077 46085 46085 102154 51077 51077 157625 1570 46085 51077 157625 51077 51077 73306525 46085 46085 1258 35356985 51077 46085 22474 1258 1570 51077 4401605 1570 51077 51077 157625 51077 157625 11803445 46085 46085 46085 157625 819202 51077 51077 46085 157625 211657225 51077 1570 46085 1010 51077 46085 2570 157625 51077 1258 1258 1570 46085 1258 51077 309137 157625 51077 1258 51077 51077 157625 157625 46085 46085 46085 46085 46085 1258 51077 51077 46085 51077 51077 51077 46085 970 46085 51077 51077 157625 46085 1258 1258 1258 46085 309137 46085 1570 51077 1570 46085 51077 51077 46085 51077 1258 51077 1258 51077 157625 46085 1258 46085 46085 51077 51077 1258 51077 46085 1570 46085 29290 46085 157625 51077 46085 46085 46085 51077 309137 51077 46085 11803445 51077 51077 157625 1258 21170 46085 51077 51077 46085 819202 1258 46085 51077 46085 46085 819202 51077 46085 1570 51077 1258 157625 51077 157625 46085 46085 46085 46085 46085 51077 1258 51077 110245 51077 51077 46085 51077 51077 46085 46085 1258 46085 51077 819202 1258 51077 46085 46085 46085 51077 46085 46085 51077 46085 51077 46085 2570 51077 1010 110245 51077 1570 1570 51077 51077 46085 1258 46085 2570 51077 2570 46085 51077 51077 46085 1570 1010 46085 1570 46085 46085 309137 51077 51077 51077 157625 51077 51077 51077 46085 51077 46085 46085 46085 51077 51077 1258 51077 1010 1258 903170 51077 51077 51077 46085 157625 51077 1258 51077 46085 51077 46085 157625 51077 51077 4401605 157625 51077 51077 51077 1570 51077 46085 51077 51077 46085 46085 110245 1570 1258 51077 22474 1258 46085 51077 46085 51077 157625 46085 1258 51077 157625 1258 51077 1570 2570 1570 46085 1258 102154 51077 51077 46085 51077 51077 679730 51077 46085 309137 51077 51077 46085 22474 970 51077 1258 157625 11803445 1258 1258 1570 46085 51077 1258 157625 51077 51077 46085 51077 21785 46085 110245 51077 1258 1258 51077 51077 46085 46085 1258 1258 51077 46085 29290 46085 157625 157625 970 46085 51077 51077 1258 309137 46085 46085 51077 51077 51077 51077 51077 46085 1570 2570 819202 309137 903170 309137 1258 102154 46085 1258 1570 110245 157625 157625 51077 157625 46085 51077 51077 51077 1258 46085 157625 51077 46085 51077 51077 46085 157625 46085 51077 46085 46085 46085 46085 1258 46085 2570 157625 51077 1010 51077 46085 46085 51077 51077 51077 51077 157625 51077 46085 102154 157625 51077 51077 1258 157625 1010 51077 46085 51077 1258 51077 46085 1258 29290 51077 1258 46085 1258 
1258 202 8245 202 51077 286565 51077 51077 77450 8245 51077 12923530 202 8245 51077 202 202 202 505 202 202 51077 202 8245 202 77450 202 202 202 51077 51077 8245 8245 505 1258 6820025 240101 8245 51077 51077 202 202 286565 51077 51077 8245 51077 202 1332970 8245 1258 8245 1258 202 202 51077 202 51077 1258 202 202 202 51077 1258 8245 51077 286565 51077 51077 1258 51077 505 505 51077 505 51077 903170 202 1258 202 202 1258 1258 51077 202 202 51077 202 505 202 51077 202 2724850 1258 1258 51077 505 51077 202 64128065 4977785 51077 202 51077 1258 202 8245 202 202 1244125 5270770 240101 51077 51077 940325 1258 51077 202 46085 202 286565 8245 202 51077 505 1010 202 51077 202 202 1258 202 1258 202 2178005 51077 3802501 1258 202 202 8245 202 202 202 3838498 202 202 51077 51077 202 2979925 8245 51077 286565 202 202 505 202 1258 202 202 202 202 202 202 202 51077 8245 51077 202 51077 1258 1258 202 51077 77450 202 8245 1935025 202 1258 202 1258 51077 51077 202 1258 51077 51077 202 77450 51077 51077 202 202 51077 1332970 51077 976825 1258 1935025 202 202 1258 1258 940325 202 361010 51077 51077 202 51077 51077 51077 505 51077 51077 202 8245 202 202 8245 202 8245 51077 202 8245 51077 8245 1258 202 240101 51077 51077 286565 51077 63370 202 51077 1258 505 51077 202 202 55114 51077 240101 1258 1258 51077 51077 51077 1258 202 505 202 8245 202 202 51077 202 202 202 202 202 51077 202 686450 202 808265 505 8245 8245 202 12923530 5270770 505 1295009 8245 202 202 1258 202 240101 686450 63370 202 8245 51077 202 51077 8245 8245 1258 202 1258 1258 940325 51077 3838498 202 505 51077 8245 286565 202 77450 202 202 505 505 202 1258 1258 202 286565 77450 1258 8245 51077 1258 51077 202 1258 51077 202 202 202 5270770 1258 202 202 202 286565 8245 505 51077 202 51077 202 51077 202 1258 1258 202 202 51077 51077 8245 8245 
1450 18685 2076497 31248101 87290869 1258 51077 727402 170 18685 18685 170 51077 1258 18685 18685 51077 170 170 51077 170 170 170 1450 18685 1018145 51077 170 170 13450 170 1450 2020202 19018 18685 18685 18685 1258 1258 170 170 170 19018 170 1258 34 18685 18685 51077 18685 1450 170 51077 51077 170 18685 1258 34 51077 18685 34 170 18685 51077 18685 51077 170 170 18685 18685 170 51077 18685 51077 170 1258 51077 51077 51077 51077 18685 1258 170 18685 51077 18685 1258 170 170 19018 18685 1258 1258 18685 170 170 1450 170 18685 18685 51077 18685 3145 51077 34 1258 51077 2076497 18685 51077 51077 51077 370 170 3145 18685 18685 170 51077 170 1258 18685 1258 51850 3145 51077 21578474 51077 1258 34 1018145 170 170 170 18685 18685 18685 170 51077 34 13450 51077 
51077 8245 101 1258 8245 101 101 101 74 101 74 1018145 74 101 74 51077 31754 101 101 10730 190450 8245 74 101 74 51077 8245 1258 101 74 101 101 8245 286565 74 74 74 8245 10730 74 8245 74 74 1018145 1258 31754 8245 74 101 74 8245 101 1450 101 74 101 456977 190450 74 1258 456977 456977 74 363701 8245 456977 8245 1450 74 8245 8245 101 8245 74 1258 101 8245 1258 8245 363701 74 1258 8245 74 74 74 74 8245 190450 74 101 74 51077 101 8245 74 8245 1258 51077 74 74 363701 8245 286565 101 101 8245 101 74 8245 101 8245 1450 74 74 74 74 190450 10730 101 74 190450 8245 1258 1258 456977 1258 1258 1332970 1258 101 74 51077 286565 101 1258 74 101 74 74 101 1258 101 980101 101 286565 74 286565 74 74 74 8245 8245 8245 74 74 8245 51077 8245 74 74 8245 74 74 74 456977 101 8245 101 74 101 101 101 101 363701 8245 74 1018145 74 74 1258 74 74 74 1421290 8245 74 74 456977 286565 74 456977 101 74 8245 8245 74 1258 74 1258 101 8245 74 74 1258 101 20950225 6283925 74 74 8245 8245 1258 363701 74 101 361010 363701 456977 74 101 101 74 8245 1450 8245 74 8245 51077 74 1258 1258 1295009 190450 74 1258 980101 8245 74 74 101 286565 74 101 74 74 8245 51077 74 101 8245 785 1018145 190450 1258 101 101 8245 363701 8245 101 8245 8245 8245 74 74 1018145 1258 74 74 456977 363701 101 74 1258 101 1258 1258 363701 456977 74 1258 74 74 1332970 101 8245 74 101 1258 74 74 74 74 74 74 101 74 74 190450 1258 1258 74 74 74 74 74 74 8245 74 8245 101 101 1258 101 8245 101 456977 101 74 1258 6352450 101 74 8245 190450 8245 74 785 286565 190450 8245 785 8245 1258 101 10730 51077 74 8245 74 74 101 8245 74 8245 456977 1258 74 363701 74 74 1258 8245 74 8245 74 1258 1258 101 8245 456977 8245 74 585370945 8245 1258 101 8245 8245 74 74 74 101 101 1047370 101 8245 101 8245 74 74 74 8245 74 8245 456977 101 74 286565 1258 101 101 145225 74 363701 101 8245 74 101 74 101 456977 101 363701 8245 8245 74 74 8245 8245 74 74 74 1258 1332970 101 51077 101 8245 101 101 8245 8245 51077 8245 8245 74 101 74 363701 1258 8245 74 456977 456977 286565 190450 8245 286565 1332970 8245 74 74 10730 8245 74 74 363701 8245 8245 8245 456977 74 101 74 1258 74 74 8245 74 101 74 363701 179450 101 1258 740690 74 8245 51077 8245 1258 456977 8245 101 74 101 1258 101 74 74 101 74 74 8245 8245 8245 74 74 101 12923530 785 8245 361010 8245 1258 101 101 8245 1258 286565 101 1746485 1258 101 456977 286565 8245 74 74 190450 456977 456977 286565 101 101 74 101 101 363701 8245 51077 8245 101 51077 8245 180505 101 101 101 74 51077 8245 363701 51077 8245 74 74 363701 29584010 74 286565 8245 1258 1258 96640325 51077 101 8245 1258 74 1258 101 8245 8245 8245 286565 74 101 74 286565 74 190450 8245 8245 51077 363701 101 190450 101 101 101 51077 1258 8245 101 8245 1258 74 8245 190450 8245 8245 101 8245 101 74 980101 74 74 8245 8245 286565 
4357 4357 188065 9439625 188065 188065 27217 27217 188065 4357 4357 188065 74 1765 538645 16825 4357 2876417 27217 4357 538645 188065 188065 1227434 74 74 4357 4357 188065 188065 188065 4357 1258 4357 4357 4357 188065 4357 2517770 4357 27217 4357 4357 4357 188065 4357 27217 4357 188065 4357 4357 27217 4357 188065 4357 4357 4357 188065 4357 4357 4357 188065 188065 4357 4357 27217 188065 3946465 4357 4357 4357 765034 4357 4357 4357 74 544505 4357 74 188065 27217 169010 544505 27217 4357 27217 4357 2517770 370 12595570 4357 4357 74 188065 74 188065 188065 4357 2517770 4357 27217 188065 188065 64980002 74 4357 4357 188065 74 188065 1654865 74 4357 2517770 3317890 4357 188065 4357 4357 538645 188065 4357 4357 4357 169010 2281250 169010 4357 188065 4357 74 4357 188065 188065 4357 188065 74 188065 1765 188065 1258 188065 370 4357 74 188065 4357 538645 74 1258 169010 4357 188065 74 1765 188065 4357 188065 188065 27217 4357 188065 188065 188065 74 188065 4357 27217 188065 188065 4357 2269874 4357 4357 4357 188065 4357 4357 4357 4357 538645 4357 27217 188065 4357 4357 27217 4357 27217 27217 27217 74 188065 188065 4357 4357 188065 4357 74 16825 3946465 4357 4357 27217 188065 538645 4357 27217 188065 4357 188065 4357 188065 188065 4357 188065 27217 4357 4357 4357 188065 27217 4357 74 1258 4357 74 4357 4357 4357 2281250 188065 1227434 188065 4357 188065 4357 188065 3154177 4357 74 188065 4357 188065 4357 4357 188065 188065 4357 4357 188065 4357 188065 188065 16825 27217 4357 188065 4357 74 4357 4357 4357 74 115304645 1765 188065 27217 4357 4357 4357 4357 4357 1701445 27217 4357 1654865 538645 1765 4357 188065 74 4357 1654865 188065 74 4357 74 27217 4357 27217 188065 1227434 4357 74 1765 4357 1654865 8453945 4357 188065 74 4357 4357 4357 538645 188065 74 188065 4357 27217 27217 4357 74 74 4357 4357 4357 188065 1258 4357 4357 4357 1654865 169010 74 4357 4357 27217 4357 74 74 4357 188065 4357 188065 4357 4357 27217 4357 4357 4357 4357 4357 4357 74 1654865 74 4357 27217 169010 27217 16825 4357 1654865 27217 188065 27217 74 74 27217 74 74 4357 2281250 27217 27217 1258 4357 188065 188065 4357 74 74 4357 27217 4357 27217 188065 188065 1765 169010 4357 4357 4357 188065 188065 188065 2876417 290 188065 538645 4357 4357 4357 27217 27217 74 4357 4357 4357 188065 4357 4357 1654865 538645 74 188065 4357 4357 169010 188065 74 188065 188065 27217 27217 4357 27217 188065 538645 169010 4357 16825 188065 4357 74 4357 4357 4357 4357 4357 188065 188065 188065 3946465 4357 4357 4357 74 4357 4357 188065 188065 4357 4357 188065 4357 2281250 1258 74 4357 27217 538645 2876417 188065 4357 538645 37829045 4357 4357 4357 4357 74 4357 188065 4357 74 3946465 188065 4357 4357 4357 188065 4357 188065 4357 4357 74 74 
202 1717 101 202 8245 202 1258 101 202 202 202 202 286565 202 8245 1717 202 202 8245 202 101 74 202 202 8245 202 202 101 8245 1258 8245 8245 202 202 202 202 202 8245 456977 8245 202 1717 202 202 505 202 456977 8245 202 202 202 202 202 8245 8245 202 202 286565 286565 202 202 202 8245 202 202 286565 8245 407523925 202 202 77450 8245 1244125 1332970 1450 202 101 202 202 202 202 202 8245 202 202 202 77450 240101 202 202 101 202 505 202 202 202 202 202 74 101 202 202 1717 101 202 8245 456977 286565 202 456977 202 1450 101 202 77450 202 101 202 8245 202 8245 8245 202 101 77450 202 202 8245 202 202 78410 202 8245 202 286565 8245 1717 202 101 202 8245 8245 202 202 202 202 8245 202 1258 1258 202 8245 1717 202 8245 8245 101 240101 8245 202 8245 202 1717 202 8245 1450 202 202 202 202 202 8245 505 8245 202 202 8245 202 202 202 8245 8245 202 202 202 8245 202 1717 202 8245 202 8245 202 785 202 202 
49010 8908402 24050 35731625 46085 51456325 1258 46085 1258 24050 1258 1258 49010 157625 1258 46085 1258 49010 24050 46085 46085 4850 1258 49010 46085 1802 24050 46085 49010 7527530 46085 4850 49010 49010 1258 24050 46085 49010 1258 49010 49010 1258 4850 24050 1258 49010 1802 74 74 49010 49010 1258 1802 24050 1258 24050 49010 49010 800005 49010 49010 49010 49010 49010 46085 49010 46085 1258 46085 1258 873970 49010 1258 1258 46085 157625 10 49010 1258 49010 4850 49010 49010 49010 4850 1258 1258 10585 49010 49010 49010 49010 49010 49010 49010 1258 46085 1258 49010 49010 10 1258 49010 49010 24050 46085 1258 1258 46085 46085 49010 1258 49010 1258 157625 46085 46085 49010 49010 1258 49010 157625 49010 1258 49010 49010 1258 1802 46085 49010 49010 55114 24050 24050 77450 4850 49010 4850 157625 49010 1258 49010 1258 46085 24050 1802 49010 1802 49010 49010 1258 1258 3197105 49010 49010 49010 1258 46085 1258 24050 49010 1258 1258 49010 1258 49010 49010 1258 49010 1258 1258 49010 77450 1258 10 49010 1258 4850 49010 49010 1258 10 4850 49010 4850 49010 49010 1258 46085 1258 49010 49010 46085 49010 49010 49010 1802 1258 46085 1258 1258 1258 1258 46085 1258 46085 49010 46085 49010 49010 49010 49010 572050 1258 49010 46085 46085 1258 1258 49010 49010 46085 49010 1258 1258 1258 49010 49010 49010 46085 1258 49010 1258 1258 1258 49010 46085 49010 46085 46085 1258 49010 1258 157625 24050 49010 49010 46085 46085 49010 49010 41225 24050 4850 49010 1258 49010 49010 49010 1258 49010 116650 49010 49010 49010 49010 1258 46085 49010 1258 49010 1258 1258 46085 49010 1258 49010 46085 49010 1658885 49010 1802 49010 24050 1258 1258 49010 4850 49010 102154 1258 49010 49010 1258 1258 4850 49010 1258 24050 46085 49010 49010 1258 49010 309137 1258 49010 49010 1802 49010 1258 1258 49010 49010 49010 3736505 49010 1802 46085 1069085 49010 46085 157625 55114 1258 24050 468469 157625 1258 1258 102154 49010 24050 49010 1258 49010 46085 1258 49010 49010 1258 1258 49010 49010 46085 1258 46085 1258 49010 1258 1258 1258 1258 157625 3197105 49010 49010 49010 24050 49010 24050 1258 24050 1258 49010 49010 157625 46085 1258 4850 1258 49010 46085 46085 1258 1258 1258 49010 49010 49010 49010 46085 49010 46085 4850 4850 1802 1258 49010 2284850 1258 1258 46085 1258 49010 1258 4850 49010 10 49010 49010 24050 46085 1258 1258 46085 1258 49010 1258 49010 1258 1802 49010 49010 46085 24050 49010 1258 
49010 49010 1258 206079365 5834825 1258 49010 157625 157625 49010 157625 49010 49010 49010 1258 1258 9507458 1258 157625 157625 49010 157625 157625 49010 49010 49010 46085 49010 49010 49010 24050 2442050 49010 1258 157625 24050 157625 1258 49010 46085 157625 1258 46085 49010 1258 46085 4850 49010 49010 49010 49010 49010 1258 15716585 46085 51456325 309137 1258 102154 49010 102154 24050 49010 49010 49010 49010 49010 49010 4850 3069505 49010 1258 157625 49010 1802 1258 49010 49010 24050 1258 46085 157625 4401605 4850 49010 157625 21548165 49010 1258 49010 49010 1258 1258 4850 1258 157625 46085 157625 49010 49010 49010 49010 157625 49010 49010 46085 46085 21170 49010 102154 49010 309137 46085 1258 46085 5834825 49010 1258 49010 49010 49010 49010 49010 49010 49010 49010 309137 49010 46085 157625 49010 49010 21189650 157625 3069505 46085 4850 819202 157625 46085 800005 49010 1258 49010 1258 24050 1258 157625 157625 49010 49010 49010 49010 815813 1258 1802 24050 157625 1258 10 49010 1258 30399125 1258 24050 1258 49010 46085 46085 46085 49010 24050 120438965 49010 49010 49010 49010 46085 157625 1258 49010 309137 1258 49010 49010 49010 1258 4850 1258 46085 49010 49010 49010 10 49010 970 1258 1258 49010 49010 49010 1258 1258 49010 1258 1258 49010 157625 157625 1258 49010 49010 157625 1258 49010 49010 49010 49010 4850 819202 873970 49010 49010 49010 4850 49010 49010 1258 
157625 49010 1450 49010 46085 46085 46085 49010 46085 1258 1050905 49010 170 46085 49010 49010 1258 170 1050905 170 10 49010 49010 49010 170 49010 46085 170 170 49010 170 170 170 10 170 170 170 170 170 170 1258 170 170 1450 49010 1632025 170 170 46085 10 49010 49010 170 49010 112370 170 4930 49010 170 49010 170 170 49010 46085 170 46085 46085 157625 1050905 1258 46085 49010 49010 112370 46085 170 46085 727402 170 170 1258 46085 170 49010 157625 170 49010 170 170 170 170 1258 49010 170 170 1601 170 170 2076497 2076497 49010 11289601 11289601 170 49010 1632025 1450 49010 170 49010 170 49010 46085 1050905 10 49010 170 49010 49010 49010 49010 170 46085 10 170 170 49010 170 170 49010 49010 157625 31248101 102154 49010 49010 10 49010 49010 46085 49010 49010 170 170 170 49010 11289601 46085 1050905 61505617 1450 170 49010 49010 49010 49010 170 49010 1050905 49010 49010 10 1258 46085 1258 49010 170 1258 157625 170 170 46085 1050905 727402 46085 170 170 170 170 49010 170 1258 49010 170 170 170 1258 170 4488010 49010 49010 46085 170 170 46085 102154 49010 49010 49010 46085 49010 17288965 46085 170 1050905 49010 17170 1050905 49010 49010 49010 1258 49010 10 49010 49010 46085 49010 170 49010 170 46085 170 112370 49010 46085 170 170 46085 170 170 49010 170 170 1258 112370 49010 46085 46085 170 170 46085 49010 170 170 170 170 170 49010 170 170 10 49010 49010 46085 49010 49010 170 1258 170 170 170 40269125 46085 170 170 49010 170 170 10 170 49010 49010 49010 49010 170 170 170 49010 49010 170 170 49010 2076497 170 49010 1258 46085 49010 46085 49010 46085 49010 49010 1258 170 170 170 170 538645 157625 170 170 170 170 170 49010 49010 1450 49010 1050905 49010 49010 46085 1050905 1258 170 49010 49010 170 170 46085 170 46085 46085 170 170 102154 49010 49010 49010 49010 170 170 170 170 170 800005 170 1050905 815813 170 170 170 46085 170 46085 1258 16035770 49010 170 170 170 170 170 49010 46085 170 170 46085 170 157625 170 46085 170 170 49010 170 170 49010 170 170 46085 262450 49010 46085 49010 49010 112370 49010 49010 49010 46085 170 49010 170 49010 1050905 49010 170 49010 11289601 170 49010 170 46085 170 170 49010 170 170 170 49010 170 49010 170 1450 49010 49010 49010 170 157625 49010 309137 727402 170 1450 46085 157625 46085 157625 170 170 170 170 49010 49010 170 4850 49010 46085 170 46085 727402 170 49010 49010 10 170 170 170 170 46085 46085 46085 170 46085 49010 49010 170 46085 49010 49010 170 49010 49010 10 49010 49010 46085 11289601 49010 49010 49010 49010 654985 46085 49010 46085 309137 49010 49010 170 170 170 46085 170 170 112370 170 170 49010 157625 49010 
85 8825 465125 36101 85 85 465125 85 46085 36101 36101 170 85 465125 46085 465125 370 36101 85 36101 85 85 85 36101 36101 85 85 19018 85 36101 85 36101 85 85 36101 85 465125 85 465125 85 36101 243370 36101 465125 36101 465125 85 85 85 85 465125 85 36101 36101 85 85 85 36101 85 85 243370 85 17945 85 465125 18685 85 85 370 85 85 19018 85 85 85 85 85 85 170 85 85 1450 85 85 46085 85 85 465125 465125 10582925 85 465125 85 85 3145 19018 465125 19018 465125 8825 3145 18685 36101 36101 85 85 85 85 85 85 85 465125 85 85 19018 85 85 465125 27711125 46085 85 85 465125 36101 85 202 36101 85 85 36101 85 85 85 36101 465125 85 85 85 85 170 85 85 465125 36101 36101 85 36101 36101 465125 1339570 85 85 85 85 465125 85 85 465125 17945 20171114 19018 239434 85 465125 85 17945 85 19018 85 85 85 85 36101 465125 85 85 85 17945 36101 18685 36101 85 85 85 465125 36101 85 370 170 85 465125 85 85 85 46085 239434 17945 85 46085 465125 19018 19018 85 65650 465125 19018 170 46085 85 19018 85 85 465125 36101 85 36101 85 85 85 85 36101 258624325 170 18685 85 85 465125 85 2513570 465125 19018 85 465125 465125 465125 465125 65650 465125 85 85 465125 17945 258624325 36101 85 36101 239434 85 85 19018 85 465125 36101 170 85 990002 85 19018 85 465125 19018 2513570 19018 36101 465125 239434 85 36101 36101 85 85 85 85 85 19018 36101 85 85 85 465125 17945 85 85 36101 202 465125 85 465125 19018 465125 95844101 85 19018 3145 19018 85 36101 19018 85 19018 36101 65650 3849850 85 36101 202 465125 85 36101 85 85 85 19018 85 85 85 19018 85 465125 85 465125 85 85 85 85 19018 85 85 85 85 85 85 36101 85 19018 85 85 85 85 85 85 85 85 85 85 19018 17945 17945 36101 465125 85 85 65650 695185 19018 36101 465125 36101 19018 85 85 2513570 85 85 
19018 3530 85 485 85 148138 34 3530 85 19018 85 3530 3530 85 85 3530 5 3530 987530 34 85 3530 3530 3530 85 34 506189125 85 34 19018 3530 12970 3530 3530 85 85 3530 3530 85 34 34 85 3530 85 85 3530 3530 3530 34 19018 85 3530 148138 34 5 39967685 5365 17945 5365 3530 85 5365 85 3530 36101 485 36101 3530 85 34 85 85 85 85 85 3530 3530 34 3530 485 3530 485 19018 3530 85 85 3530 5365 85 17945 3530 85 3530 3530 85 85 3530 5365 85 85 34 36101 3530 239434 85 85 3530 3530 5365 85 85 17945 34 3530 85 85 85 3530 85 85 17945 85 3530 36101 85 962965 85 3530 85 3530 5 3530 3530 85 5 85 85 34 85 34 85 3530 19018 5365 34 5365 85 85 1331593 85 485 3530 987530 34 85 3530 3530 34 3530 19018 3530 36101 85 85 85 36101 485 36101 85 19018 485 485 36101 3530 34 5365 3530 85 85 85 34 19018 34 85 85 34 3530 5365 19018 85 85 85 85 3530 3530 3530 3530 85 3530 36101 485 5365 3530 85 3530 3530 85 3530 184325 85 85 85 3530 3530 3530 485 85 148138 5 3530 34 3530 34 34 85 36101 3530 3530 34 3530 17945 85 3530 3530 3530 85 148138 85 3530 85 85 85 85 36101 34 34 85 85 3530 34 3530 3530 3959705 85 239434 3530 85 3530 239434 3530 3530 19018 3530 3530 85 3530 3530 85 85 36101 29575325 85 17945 3530 85 85 3530 3530 34 85 485 7086245 36101 85 85 85 17945 85 17945 3530 3530 34 85 19018 85 85 3530 85 3530 85 3530 485 36101 1331593 85 3530 695185 5365 3530 3530 3530 85 3530 85 85 1331593 3530 85 3530 3530 85 36101 239434 85 19018 85 3530 17945 3530 85 34 3530 3530 5365 85 5365 3530 34 3530 85 3530 34 85 
46085 51077 46085 51077 46085 1010 11803445 46085 46085 51077 51077 51077 819202 51077 1258 55114 51077 1258 58325 1258 1570 51077 51077 903170 1984505 1258 46085 1258 51077 51077 46085 51077 51077 46085 51077 1570 51077 1258 1258 1258 1258 157625 51077 46085 2570 1570 51077 51077 1258 1258 46085 51077 1258 1570 1258 46085 51077 58325 1258 1258 5185 1258 46085 2570 51077 1010 51077 903170 370 51077 1258 16386305 46085 1258 51077 1258 51077 51077 5185 51077 370 46085 1258 1258 51077 46085 46085 51077 51077 51077 1010 1258 46085 1258 1258 1258 1570 51077 1258 51077 1570 1258 51077 16386305 1258 1258 51077 21785 
202 202 55114 8245 8245 101 202 202 1717 202 202 8245 1717 202 202 8245 202 101 202 202 55114 8245 8245 1717 1717 1717 101 77450 101 202 202 1717 202 202 202 202 202 8245 202 8245 1499434 202 202 202 101 202 202 202 12923530 240101 202 286565 8245 202 202 55114 8245 8245 202 202 286565 286565 101 202 202 202 2514725 392005 2401010 1332970 202 202 202 55114 5270770 1717 202 202 202 202 202 202 3838498 202 1717 286565 505 1332970 505 101 8245 202 8245 202 202 5185 456977 1717 202 202 202 1258 202 202 202 8245 202 202 1717 202 8245 5185 202 8245 1717 202 202 202 78410 202 8245 202 240101 286565 1244125 1717 1717 1258 8245 202 202 101 1746485 286565 8245 202 1717 202 202 1717 202 202 202 8245 1717 202 202 202 202 456977 8245 202 8245 8245 202 8245 8245 202 101 101 202 1717 202 202 202 202 8245 202 202 202 202 202 202 202 1717 202 8245 8245 505 202 202 74 202 8245 101 202 1717 202 202 202 101 202 202 202 8245 505 202 202 8245 1717 8245 8245 505 8245 202 8245 202 202 456977 1450 202 1717 202 202 202 5270770 101 202 202 202 8245 202 202 286565 202 505 202 286565 202 8245 101 202 101 202 1258 202 22337930 4977785 8245 1717 202 8245 202 8245 101 4977785 1717 202 101 8245 101 8245 202 286565 202 8245 101 8245 202 156658 101 1717 202 202 202 240101 202 202 202 1258 286565 8245 286565 101 101 202 286565 1717 202 202 202 1258 505 8245 101 202 1332970 202 202 202 202 8245 202 505 202 202 77450 202 202 202 202 202 202 8245 8245 202 101 8245 
170 17 45002 170 45002 17 17 61217 17 170 45002 170 112897 170 170 170 17 170 45002 170 170 170 17 61217 17 170 45002 170 17 17 17 45002 170 45002 61217 170 170 170017 17 45002 61217 170 17 45002 17 17 17 170 9802 170 17 45002 45002 17 720002 17 45002 170017 170 170 45002 170 17 17 170 112897 170 45002 45002 17 112897 170 17 17 27111269 720002 45002 17 17 45002 720002 170 170 720002 45002 720002 112897 17 45002 45002 170 17 17 170 45002 261994 45002 9802 45002 17 17 6708101 17 112897 170 45002 884425 884425 17 45002 5957905 45002 6708101 170 45002 20848357 
51077 1258 1258 51077 1258 29290 1258 46085 51077 51077 679730 157625 22278401 1258 51077 46085 1258 1570 157625 46085 1258 46085 1258 51077 1570 1258 51077 51077 46085 51077 51077 819202 46085 1258 51077 58325 1258 51077 903170 51077 1258 51077 51077 46085 1258 51077 1258 51077 1258 46085 51077 1258 1258 51077 51077 51077 51077 51077 51077 1258 51077 1258 1010 51077 1570 46085 1010 46085 51077 51077 46085 51077 51077 51077 46085 46085 185 51077 51077 1570 51077 51077 1258 51077 1258 51077 51077 1258 51077 370 51077 51077 51077 1258 1258 2570 46085 51077 46085 1258 46085 1258 51077 1258 1258 51077 1258 51077 51077 46085 1570 1258 51077 1258 1258 46085 51077 46085 1258 1258 1258 970 1570 1258 51077 51077 51077 51077 51077 1258 1010 1570 1570 1258 370 51077 
5 3530 85 370 85 5 1258 3530 5 51077 17945 85 1258 3530 36101 1258 85 19018 2036290 3530 51077 1258 6492725 51077 1258 85 19018 3959705 3530 1258 85 1258 1258 85 1258 85 1258 29955250 3091370 3530 51077 51077 19018 3530 17945 17945 3959705 168074201 58325 51077 3530 1258 36101 85 51077 58325 3530 5 1258 1258 17945 85 58325 1285 2917265 1983050 3530 12970 1258 51077 3530 1258 19018 3530 1258 58325 1258 85 51077 1258 19018 58325 5 85 1258 1258 1258 1258 987530 3530 85 3530 3530 85 51077 1285 3530 3530 51077 85 3530 3530 990002 1258 1258 1258 85 1258 5 17945 85 85 85 12970 1258 51077 3530 1258 1258 1258 5 85 1258 1258 1258 85 58325 58325 85 1258 2917265 58325 3530 3530 51077 85 3530 3530 1258 51077 3530 1258 1258 51077 85 85 51077 85 1258 3530 1258 85 1258 370 85 85 1258 17945 85 3530 1258 1258 1258 3530 1258 85 3530 3530 85 85 1331593 990002 85 3530 3530 51077 2917265 51077 58325 1258 1258 3530 36101 1331593 3530 1258 1258 1258 3530 29575325 1258 85 17945 3530 1258 3530 1258 3530 1258 3530 3530 51077 3530 1258 3530 85 1258 3530 51077 1331593 85 3530 17945 3530 36101 3530 85 51077 1331593 695185 51077 36101 85 1258 85 1258 3530 85 1258 1258 51077 19018 36101 85 12970 987530 3530 1258 51077 1258 19018 51077 2036290 51077 1258 3530 51077 1331593 85 85 1258 51077 51077 51077 51077 85 85 5197090 85 3530 58325 85 85 85 3530 3530 5 1331593 3530 1258 3530 85 85 1258 5 1258 1258 51077 3530 3530 2917265 58325 3530 85 85 17945 17945 17945 3959705 3530 85 29575325 36101 85 85 51077 1258 17945 85 2036290 3530 1258 1258 19018 85 85 3530 370 17945 36101 17945 3530 1258 1331593 85 1258 4284085 1331593 85 5005450 3530 85 5 1331593 1258 85 85 1258 1258 1258 85 51077 12513625 1258 3530 58325 3530 179945 85 1331593 3530 1258 1258 85 85 3530 1258 3530 3530 1258 3530 1258 85 58325 3530 85 35120450 1258 51077 1258 17945 19018 1258 3530 19018 1258 1258 3530 3530 3530 17945 2917265 3530 1258 85 51077 85 1258 51077 85 85 29575325 1258 1258 51077 3530 51077 3530 51077 1258 3530 17945 85 36101 1331593 85 1258 1258 1258 3530 1258 5 1258 3530 3530 85 3530 1258 58325 1258 1258 85 85 3530 3530 3530 19018 85 36101 1258 695185 3530 2036290 85 58325 1258 51077 3530 21963250 3530 3530 1258 5 85 
202 136085 3737 2594 505 136085 1717 1717 202 1717 3737 1717 136085 1717 3737 202 1717 3737 2594 1717 3737 136085 1717 202 2594 202 505 1717 202 1717 202 202 1717 1717 136085 1717 3737 55114 1717 3737 2506325 3737 202 202 1717 1717 202 1717 49010 2594 3737 3737 202 202 505 202 1717 1717 1717 3737 1717 505 2594 202 202 1717 3737 1717 202 202 136085 2594 1717 2594 3737 202 2594 1717 1717 1717 1717 1717 5270770 940325 202 3737 1717 32035250 202 3737 1717 1717 3737 202 1717 1717 1717 202 1717 202 505 1717 3737 3737 24650 1717 1717 1717 3737 2594 2325625 3838498 1717 240101 3737 505 1717 74 1717 2594 1717 2594 3737 202 202 1717 1717 3737 1717 202 202 55114 136085 3737 3737 3737 202 202 1717 2594 136085 3737 1717 3737 202 202 434314 1717 202 2594 1717 202 202 1717 136085 1717 1717 1717 1717 202 505 1717 1717 2594 3737 202 1717 136085 202 3737 202 1717 1717 1717 1717 505 1717 1717 3737 5270770 1717 1717 1717 136085 1717 3737 2594 1717 202 202 505 1717 1717 202 2979925 2979925 2594 202 1717 3737 202 1717 1717 202 1717 49010 1717 1717 3737 1717 202 202 3838498 202 3737 2594 505 202 940325 1717 202 1935025 202 136085 505 1717 202 202 3737 1717 2594 1717 202 202 1717 505 202 1717 3737 2594 1717 136085 4904714 1717 202 3737 1717 1717 1717 1717 3737 202 2594 202 202 202 136085 3737 1717 1717 1717 136085 505 1717 220505 3737 1717 3737 202 1717 505 1717 1717 1240025 202 2594 136085 17942090 77450 202 1717 136085 202 1717 1717 1717 1717 1717 7527530 3737 1717 1717 202 1717 3737 1717 505 1717 3737 202 136085 1717 1717 202 3737 136085 940325 3737 3737 1717 1717 505 505 1717 1717 1717 202 1717 1717 202 202 1717 1717 3737 505 1717 1717 202 202 3737 1717 77450 1717 136085 5270770 1717 505 1717 3737 136085 3737 1717 4977785 1717 3737 3737 202 1717 1717 1717 2594 202 202 2594 202 505 1717 240101 505 1717 1717 1717 158773829 136085 3737 1717 2594 1717 3737 1717 136085 55114 3737 1717 202 202 1717 2594 2594 3737 202 1717 202 1717 202 1717 3737 240101 202 1717 202 3737 505 3737 3737 202 3737 202 2594 202 136085 1717 3737 202 202 77450 50181125 2594 1717 136085 202 202 3737 1717 2594 1717 3737 136085 202 505 220505 
3737 720002 261994 136085 61217 45002 1717 17 17 17 45002 112897 17 3737 1717 26810645 1717 136085 3737 3737 45002 2594 1717 3737 45002 261994 17 3737 2594 1717 1717 45002 261994 3737 1717 45002 3737 45002 3737 2594 720002 45002 17 261994 17 45002 170017 61217 3737 112897 2594 3737 17 17 1717 17 3737 2594 45002 679225 720002 17 17 45002 3737 202 17 45002 45002 17 43690 45002 17 170017 1717 45002 1717 2594 3737 45002 45002 679225 679225 679225 17 1717 9802 17 261994 3737 2594 17 3737 45002 45002 136085 2594 17 1717 45002 3737 1717 45002 45002 1717 1717 3737 170017 3737 679225 1717 679225 17 45002 679225 1717 17 1717 17 3030505 17 3737 17 207866185 45002 3737 17 17 2594 1717 17 679225 2594 1717 2594 1717 2594 45002 261994 3737 3737 45002 2594 17 3737 45002 679225 1717 3737 17 3737 17 9168970 17 17 45002 17 17 61217 136085 316012505 17 45002 1717 17 3737 3737 1717 45002 17 2570 45002 3737 1717 45002 112897 45002 3737 3737 112897 20848357 36942085 17 1717 9802 3737 17 45002 45002 1717 17 1717 3737 17 679225 3737 3737 17 112897 136085 679225 17 17 17 679225 112897 17 17 17 2594 2594 679225 17 1717 2594 45002 3737 45002 136085 170017 45002 112897 3737 3737 2594 3737 202 1717 720002 3737 10 3737 2594 1717 45002 1717 720002 2594 1717 17 17 17 2594 3737 45002 45002 1717 3737 23343125 1717 1717 679225 202 170017 45002 45002 2212405 170017 2570 17 45002 17 17 1717 45002 45002 2700490 1717 17 679225 170017 1717 17 17 45002 45002 17 45002 61217 679225 45002 24650 261994 136085 112897 1717 3737 17 1717 3737 720002 3737 3737 17 2594 202 136085 202 17 17 2594 45002 2594 17 45002 45002 17 17 3737 17 45002 61217 45002 115202 3737 2594 112897 45002 17 1717 3737 261994 679225 3737 45002 17 136085 170017 1717 1717 3030505 45002 261994 17 3737 3737 3737 202 1717 45002 2594 112897 1717 45002 202 3737 112897 3737 3737 2594 1717 55114 136085 679225 18434594 17 3737 720002 3737 45002 9802 45002 3737 45002 3737 1717 45002 3737 3737 1717 17 2594 45002 17 17 3737 2594 1717 45002 17 45002 1717 720002 17 3737 17 136085 17 3737 3737 3737 136085 3737 2594 17 1717 3737 45002 2700490 3737 8140885 679225 17 
61217 112897 45002 3737 3737 1717 3737 1717 2594 136085 157625 157625 157625 45002 170017 2594 3737 1717 2594 17 1717 49010 6708101 1717 2594 102154 45002 45002 45002 2594 3737 45002 61217 157625 17 112897 3737 45002 17 112897 3737 45002 112897 157625 136085 17 3737 17 45002 45002 45002 5185 2594 202 45002 49010 3737 157625 45002 136085 45002 3737 3737 49010 157625 45002 1717 45002 309137 3737 17 49010 3737 7022450 3737 49010 3737 1717 112897 1990465 1717 45002 2570 3737 112897 45002 112897 2594 3737 49010 45002 1717 3737 1717 112897 157625 1717 17288965 17 309137 261994 45002 202 45002 136085 2594 136085 45002 970 45002 1717 102154 2594 45002 1717 3737 3737 3737 1717 309137 2594 49010 45002 45002 202 45002 45002 3737 3737 49010 45002 45002 3737 136085 45002 157625 3737 3737 3737 1717 112897 49010 3737 970 2594 45002 3737 45002 157625 45002 120438965 1717 55114 2594 2594 112897 157625 49010 3737 45002 1717 2594 1717 202 309137 3737 17 2594 1717 45002 2594 45002 679225 45002 45002 136085 157625 45002 45002 49010 55114 45002 3737 49010 3737 3737 2594 157625 45002 3737 10 45002 309137 45002 2594 45002 45002 1717 45002 17 157625 3737 309137 1717 45002 45002 1717 970 261994 136085 6708101 45002 309137 3737 45002 2594 1717 136085 2594 45002 309137 45002 112897 49010 3737 45002 45002 112897 112897 3737 2594 3737 3737 45002 45002 3737 17 45002 17 17171717 102154 45002 3737 3737 157625 3737 45002 45002 45002 45002 17171717 3737 3737 112897 45002 49010 2594 45002 1717 3737 654985 17 3737 45002 3737 45002 45002 3737 3737 17 45002 17 1717 45002 157625 1717 17 309137 17 4234 157625 3737 45002 1717 309137 1717 45002 49010 1717 1717 49010 3737 170017 3737 49010 1717 3737 1717 45002 45002 261994 2594 17 136085 112897 17 1717 49010 49010 1717 45002 17 45002 3737 
3737 3737 3737 3737 1258 1258 1258 49010 2594 136085 49010 136085 3737 1258 2594 3737 6290 1258 1258 3737 3737 1258 24050 3737 136085 3737 1258 3737 1258 49010 3737 281238850 3737 2594 1258 3737 6290 1747250 1258 3737 3737 1258 3737 3737 1258 3737 49010 2594 1258 1258 3737 1258 3737 1258 3737 55114 3737 1258 3737 1258 11675498 1658885 136085 1258 3737 3737 3737 1258 1258 3737 136085 3737 49010 3737 2594 136085 1258 3737 1258 3737 3737 3737 2594 1258 7850785 2594 3737 2594 3737 136085 49010 3737 6290 1258 24050 49010 41225 1258 1258 1258 1258 1258 3737 3323690 3737 1258 3737 24050 3737 1258 3737 3737 3737 24050 1258 55114 2594 3737 6290 1258 3737 3737 3737 3737 49010 1258 3737 3737 2113145 1258 1258 3737 3737 1258 1258 3737 41225 3737 1258 1258 3737 6290 3737 3737 3737 3737 3737 2594 136085 3737 1258 3737 1258 1258 1258 24050 3737 1258 3737 3737 136085 24050 3737 24050 24050 3737 1258 49010 136085 55114 3737 1258 1258 136085 3737 1258 3737 3737 3737 1258 1258 1258 3737 1258 3737 3737 1258 1258 6290 1258 49010 3737 1258 136085 3737 1258 24050 3737 3737 3737 2594 3737 55114 1258 3737 3737 2594 1258 136085 1258 3737 49010 3737 1258 136085 3737 49010 136085 3737 3737 3737 3737 3737 3737 3737 136085 3737 24050 49010 1258 3737 3737 1258 3737 1258 3737 1258 1258 2594 1258 3737 1258 1258 1258 3737 107650 17942090 3737 2594 3737 3737 1258 3737 3737 3737 3737 1258 220505 3737 1258 2594 1258 136085 6290 24050 3737 1258 24050 1258 3737 2594 24050 3197105 3737 2113145 49010 3737 136085 1258 1258 1258 3737 1258 3737 1258 24050 49010 3737 3737 136085 3737 1258 3737 3737 1258 1258 3737 3737 3737 27766154 136085 136085 1258 3737 24050 1258 107650 3737 136085 3737 6290 12021337 3737 1258 1258 
5185 1258 5185 381925 1258 5185 1258 5185 1258 5185 5185 882325 1601 5185 5185 5185 381925 5185 5185 5185 5410 4631105 5185 370 5185 1258 1258 1601 1601 45002 882325 1601 5185 882325 30634 381925 1258 58325 3736394 381925 5185 381925 5185 5185 882325 1601 5185 5185 1258 5185 5185 381925 882325 5185 5867090 5185 5185 5185 5185 1258 5410 1258 1601 5185 381925 5185 1258 5185 1601 5185 5185 5410 5410 95225 1258 1258 5185 1258 381925 58325 1258 5185 95225 5185 3779698 1258 95225 1601 882325 381925 1170325 4077125 1258 1601 1258 5185 1601 1601 5185 5185 1601 1601 5185 1258 5185 1258 14326325 1258 5185 1258 1258 1601 1601 381925 5185 882325 381925 5185 1170325 1601 1258 58325 882325 1743625 17170 5185 5185 5185 5185 5185 882325 5185 1258 5185 1258 95225 381925 5185 5185 835250 1160725 1258 1258 5185 5185 1601 95225 1197170 28819234 95225 5185 1601 5185 5185 1258 1258 1601 5185 1601 5185 5185 1601 1258 5185 835250 5185 1258 89725 871202 381925 5185 1601 1258 381925 95225 23188085 1258 381925 30634 882325 5185 1601 5185 1601 5410 1601 5185 1258 5185 5185 5185 871202 5185 5185 1601 1601 1601 1258 1258 1601 381925 5185 5185 5185 1258 1258 5185 5185 58325 5185 5185 5185 882325 255385 1601 3779698 5185 89725 381925 5185 10 1601 1258 1258 1258 5185 5185 5185 5185 5185 5185 1601 1258 1601 255385 1258 58325 1601 5185 5185 5185 5185 1601 1601 370 5185 5185 5410 1601 1601 5185 381925 3736394 381925 1258 5185 1258 5410 5185 5185 5185 1601 1258 1258 1258 1601 1601 5185 1258 1258 1258 5185 5185 5185 5410 5185 1258 10 5185 5185 5410 1258 5185 58325 5185 5185 5185 5185 5185 5185 1258 5185 1258 5185 1258 5185 1601 1258 1258 1601 5185 95225 5185 1170325 1601 1601 1601 8005 5185 381925 95225 1258 1601 1258 5410 5410 5185 1601 1160725 381925 381925 5185 1258 1601 5185 1258 5185 5185 5185 95225 1258 1601 5410 1258 1601 1258 1258 5185 5185 1601 5185 5185 5185 5185 381925 1601 1258 5185 5185 5185 5185 5185 58325 1258 871202 5185 1258 1601 381925 5185 5185 5185 1031050 5185 5185 5185 1258 5185 381925 5185 1258 1601 5185 1258 5185 5185 10 10 1258 1601 5185 4631105 1601 5185 1258 1258 1258 5185 24878837 5185 1258 95225 5185 5185 1743625 5185 95225 5185 5185 1258 4077125 1258 5185 1601 1258 1601 5185 5185 381925 1601 1601 1258 5185 5185 
1258 1258 3889625 5185 5185 1258 1258 5410 1258 51077 391645 1258 5185 1258 5185 1258 51077 5185 1258 51077 51077 1258 381925 1258 1258 5185 3889625 51077 51077 1258 5185 1258 5185 58325 51077 1258 1258 1258 1258 1258 5185 51077 5185 58325 5410 370 1258 1010 5185 1258 51077 1258 5185 1258 1258 5410 5410 5185 11803445 1258 381925 1258 1258 1258 1258 51077 381925 1258 1258 1258 1258 5185 5185 381925 5185 5185 51077 1258 1258 51077 51077 5410 1258 1258 1258 1258 1258 1258 5185 1258 1258 5185 5185 1010 1258 1258 1258 1258 1258 51077 51077 5185 51077 5185 1258 1258 5185 275570 1258 51077 1258 1258 370 51077 1258 10323970 11803445 1258 2917265 381925 51077 1258 1258 1010 1258 1258 1258 1258 192085 1258 51077 1258 1258 903170 51077 5185 1258 51077 1258 1258 58325 51077 5185 1010 5185 5185 1258 5185 5185 882325 51077 95225 1258 1258 1258 51077 1258 51077 1258 381925 51077 51077 1258 2917265 1258 51077 2917265 1258 1258 1258 1258 5185 5185 51077 5185 5185 1258 5410 1258 1258 5185 5185 3736394 1258 1258 1743625 4900505 882325 381925 5185 1258 882325 1258 5185 5185 3736394 1258 5185 1258 1258 5185 1258 51077 5185 1258 1010 1258 1258 58325 370 5185 1258 51077 5185 2917265 1743625 1258 1258 5185 1258 5185 370 51077 51077 51077 5185 5185 1258 1258 1258 51077 5410 51077 1258 1258 1258 5410 1258 1258 1258 51077 1258 1258 51077 51077 1010 51077 370 1258 5410 5185 51077 1258 1258 95225 5185 1258 1258 5185 5185 1624505 5185 5410 1258 5185 1258 882325 1258 51077 1258 51077 5185 1258 1258 1258 1258 1258 5410 1258 1258 51077 1258 1258 5185 5185 58325 58325 5185 1258 1258 1258 5185 5185 58325 1258 2917265 1258 5185 5185 11803445 5185 5185 1258 51077 903170 5185 1258 1258 1258 5185 51077 370 1258 51077 5185 51077 1258 51077 5410 1258 882325 1258 882325 51077 1258 51077 1258 58325 1258 1258 51077 5410 58325 1258 192085 5185 95225 1258 1258 1258 
29045 72901 72901 2425 2425 29045 72901 4369 142885 2425 2425 72901 142885 2425 72901 4369 72901 29045 3925 142885 2425 5185 876097 3925 72901 2425 3925 463114 142885 110245 463114 5185 2425 4369 2425 1664650 3925 8585 72901 2425 72901 3925 72901 72901 72901 4369 4369 2425 72901 6290 2425 3925 4369 29045 4369 4369 4369 72901 463114 3925 72901 184901 4369 72901 72901 4369 4369 72901 72901 2425 72901 72901 3737 110245 29045 72901 72901 876097 142885 72901 142885 142885 110245 72901 3925 4369 3925 8585 1813370 3925 110245 876097 72901 2425 5185 876097 5185 876097 2425 29045 110245 4369 3925 876097 3925 2425 5185 3925 110245 2425 463114 4369 649802 72901 5185 4369 2425 51914 72901 3925 72901 3737 72901 72901 29045 142885 2425 8585 463114 72901 72901 184901 29045 4369 72901 72901 72901 72901 184901 3737 5185 72901 72901 176290 142885 29045 72901 5185 110245 1664650 72901 72901 72901 72901 3737 4369 72901 5185 29045 4369 2425 3925 184901 3925 2185625 2425 72901 3925 5185 2185625 4369 184901 2185625 2425 110245 2425 2425 72901 463114 29045 5185 72901 463114 72901 3925 2425 3925 142885 184901 72901 72901 2425 2425 876097 4369 72901 2425 2425 3723850 4369 110245 72901 72901 2425 4369 5185 72901 184901 2425 184901 2425 2425 72901 2425 4369 4369 2425 72901 5185 72901 29045 5185 3925 4369 72901 72901 2425 8585 5185 3925 72901 5185 2425 184901 463114 3925 184901 2425 72901 5185 3737 876097 5185 72901 2425 4369 4369 2425 4369 5185 213265 2425 72901 72901 4369 4369 72901 72901 72901 3925 4369 2425 5185 3925 72901 72901 9329785 3925 72901 300050 4369 3737 110245 2425 5185 3925 72901 3925 72901 72901 876097 72901 29045 2425 72901 72901 4369 4369 110245 1923545 876097 5185 463114 72901 72901 2425 72901 3925 72901 4369 110245 2425 72901 5185 2425 463114 72901 3925 72901 3925 5185 5185 876097 72901 4369 2425 4369 72901 72901 2425 72901 3925 4369 2425 4369 5185 5185 2425 184901 3925 4369 29045 5185 72901 3925 184901 2425 184901 72901 1664650 72901 5185 2425 2425 463114 5185 72901 110245 29045 72901 2425 3925 72901 3925 5185 4369 76187170 110245 2425 1040650 3925 110245 5185 5185 3925 72901 3925 2425 4369 463114 5185 3925 110245 72901 4369 2425 72901 176290 2425 3925 5185 876097 4369 2425 72901 2425 4369 714425 72901 110245 4369 3925 5185 110245 72901 184901 876097 29045 2425 4369 110245 72901 72901 3925 463114 2425 463114 5185 5185 3925 463114 72901 463114 72901 72901 72901 463114 72901 3925 72901 3925 2425 72901 29045 4369 4369 4369 72901 4369 4369 5185 72901 2425 72901 2425 72901 72901 3925 4369 72901 184901 5185 72901 403052834 876097 72901 4369 72901 463114 4369 4369 72901 4369 29045 72901 3925 3925 273205 142885 184901 4369 72901 72901 876097 72901 3925 184901 72901 4369 3925 2425 110245 4369 72901 4369 2425 3925 72901 2425 29045 110245 72901 4369 5185 2425 29045 2425 72901 4369 2425 72901 72901 2425 184901 876097 7850 72901 72901 5185 876097 2425 72901 4369 463114 3925 142885 3925 5185 2425 3925 72901 184901 4369 2425 184901 72901 4369 463114 110245 3925 2425 2425 5185 876097 3925 184901 4369 72901 29045 
4357 4357 363701 74 74 2132650 4357 16825 74 188065 4357 188065 74 4357 16825 4357 4357 4357 16825 4357 74 4357 4357 16825 74 74 4357 16825 188065 188065 74 4357 4357 4357 4357 74 2720017 74 16825 188065 27217 2425 74 16825 4357 16825 16825 16825 74 1654865 188065 1654865 370 4357 4357 16825 4357 4357 188065 4357 4357 2425 370 370 4357 74 4357 4357 74 4357 2425 74 188065 188065 4357 74 74 4357 4357 188065 4357 4357 74 16825 538645 74 74 4357 4357 188065 4357 74 74 4357 4357 4357 538645 4357 188065 188065 4357 188065 290 2244005 2517770 4357 4357 538645 74 4357 169010 188065 74 188065 4357 31754 16825 74 4357 4357 4357 4357 4357 188065 188065 4357 188065 4357 16010 74 1654865 4357 74 188065 4357 74 4357 4357 188065 188065 188065 538645 5674685 4357 4357 4357 188065 74 4357 27217 4357 16825 4357 4357 74 74 74 188065 4357 4357 2425 4357 169010 16825 188065 4357 16193809 188065 538645 4357 4357 1654865 4357 16825 1654865 74 4357 4357 16825 169010 16825 188065 16825 16825 4357 4357 4357 16825 3946465 4357 4357 74 74 74 74 24050 4357 74 74 363701 74 74 4357 74 169010 4357 74 4357 16825 4357 74 169010 1654865 188065 188065 27217 74 169010 16825 188065 16825 74 74 74 4357 4357 16825 74 16825 4357 74 1654865 4357 16825 1765 4357 74 4357 4357 188065 4357 4357 74 4357 169010 74 4357 538645 27217 370 4357 4357 74 74 2425 16825 4357 74 74 74 188065 538645 74 4357 538645 27217 74 4357 4357 27217 4357 16825 4357 74 4357 74 4357 4357 4357 74 74 74 188065 188065 3154177 74 4357 4357 4357 74 74 188065 188065 4357 74 363701 4357 74 16825 74 4357 74 7203530 74 1654865 188065 74 74 4357 370 4357 363701 188065 74 4357 4357 74 4357 188065 74 74 29253025 74 1654865 4357 2425 74 4357 74 4357 74 5674685 169010 16825 188065 4357 4357 4357 74 74 16825 74 4357 4357 74 1654865 4357 4357 4357 4357 4357 74 188065 4357 74 27217 544505 188065 74 4357 74 188065 74 4357 4357 74 188065 4357 4357 10730 4357 4357 188065 7850 3946465 4357 16825 4357 4357 188065 188065 74 188065 188065 4357 4357 74 16825 4357 74 74 188065 4505 4357 4357 1765 4357 1765 74 74 4357 16825 4357 16825 31945105 188065 188065 4357 74 4357 74 74 16825 188065 74 169010 188065 4357 74 4357 74 188065 188065 4357 188065 188065 1654865 4357 538645 4357 74 4357 1654865 4357 4357 4357 16825 188065 74 4357 1654865 4357 4357 4357 169010 363701 4357 4357 169010 74 188065 188065 4357 4357 16825 74 4357 188065 4357 4357 74 4357 74 4357 74 4357 74 74 74 4357 4357 4357 74 1765 4357 4357 16825 74 74 4357 4357 29253025 4357 74 4357 74 4357 188065 15350725 74 4357 74 188065 4357 59200370 4357 6823970 74 4357 74 4357 188065 16825 16825 74 4357 4357 79448209 4357 3946465 4357 188065 188065 1654865 16825 4357 74 4357 
485 10370 485 485 10370 485 485 4850 485 514 34 34 10370 34 485 485 485 485 2125765 1685450 485 10370 485 501265 10370 10370 10370 10370 34 485 5991050 10370 10370 10370 485 485 485 485 514 2125765 485 485 485 485 120250 181337 269125 485 10370 10370 34 62725 10370 10370 34 485 34 485 19423765 485 485 120250 485 485 485 2570 120250 485 34 485 34 10370 485 2125765 485 485 62725 34 501265 4850 485 269125 10370 501265 62725 34 485 485 10370 485 450290 485 485 10370 485 485 485 10370 10370 10370 485 2570 62725 485 485 10370 485 485 269125 10370 485 485 10370 34 34 269125 10370 10370 10370 485 34 10370 485 485 34 10370 2125765 10370 10370 65208202 62725 485 10370 10370 485 10370 34 34 485 34 485 10370 10370 485 10370 10370 2125765 10370 10370 34 485 485 10370 10370 10370 485 485 485 10370 485 34 10370 10370 485 34 10370 485 485 10370 485 10370 4850 120250 269125 485 10370 10370 
1258 41557157 49010 10370 873970 49010 49010 24050 485 49010 1258 49010 10370 49010 1258 4850 49010 1258 49010 10370 1069085 40841378 1258 157625 49010 10370 1258 10370 157625 10370 4850 485 17288965 10370 1258 1258 49010 1258 49010 49010 49010 1258 800005 309137 873970 1802 49010 24050 24050 116650 49010 19732325 800005 485 49010 4850 10370 1658885 10370 49010 1258 10370 157625 1258 654985 49010 102154 1258 10370 49010 49010 49010 10370 1258 309137 485 24050 1258 4850 1258 3197105 10370 49010 49010 10370 4850 10370 24050 1258 4850 49010 49010 49010 1258 10370 49010 49010 1258 74 8908402 1258 49010 1258 49010 800005 309137 157625 49010 10370 800005 24050 485 10 49010 1258 49010 49010 1258 1802 10370 1258 10370 10370 10370 10370 24050 10370 10370 1258 4850 10370 49010 485 1258 485 10370 157625 1258 49010 49010 1258 49010 485 12021337 1258 102154 49010 10370 10370 10370 1258 1258 10370 10370 49010 309137 49010 5834825 49010 157625 49010 10370 800005 485 24050 49010 49010 49010 1258 10370 7907125 49010 485 157625 10370 4850 49010 49010 49010 157625 10370 49010 1258 10370 49010 1258 309137 10370 49010 10370 102154 1258 49010 485 8908402 49010 1258 1258 49010 24050 49010 485 4850 49010 485 49010 10370 49010 4850 157625 1258 49010 309137 49010 49010 49010 49010 1258 49010 485 49010 49010 49010 4850 24050 49010 49010 703250 10370 10370 49010 4850 1258 10370 1258 49010 873970 4850 102154 1258 49010 24050 157625 10370 4401605 1258 10370 49010 49010 1258 1258 49010 157625 49010 49010 485 1258 1258 485 1258 24050 49010 10370 17288965 10370 157625 49010 10370 49010 10370 4850 1258 654985 49010 49010 24050 1258 10370 49010 132158017 49010 10370 10370 485 157625 49010 49010 12021337 49010 49010 4850 1258 24050 49010 1258 49010 4850 49010 5834825 49010 800005 10370 4850 157073185 10370 10370 1258 157625 10370 1258 49010 49010 24050 24050 49010 309137 49010 1258 10370 24050 49010 485 24050 10370 49010 10370 1258 49010 49010 1258 1802 1258 4850 10370 24050 49010 49010 24050 1258 49010 309137 485 4850 1258 49010 10370 102154 10370 24050 49010 49010 1258 4850 49010 49010 10 49010 49010 10370 10370 49010 485 309137 49010 1258 1258 10370 1258 1258 157625 309137 10370 49010 49010 49010 10370 49010 10 49010 10370 1258 157625 10370 10370 1258 49010 10 49010 24050 654985 157625 49010 1258 49010 1069085 1258 49010 1258 1258 157625 24050 309137 49010 49010 10370 1258 49010 49010 49010 1258 24050 485 49010 485 1258 49010 24050 1258 1258 485 49010 49010 1258 10370 49010 49010 1258 49010 4850 10370 49010 1258 47169425 49010 5834825 1802 485 49010 49010 49010 49010 1258 49010 10370 49010 1258 10370 49010 49010 49010 157625 10370 21548165 1258 24050 10370 1258 49010 49010 49010 49010 49010 157625 10 10370 49010 1258 309137 49010 1258 10370 49010 49010 157625 49010 485 1258 2022085 49010 1258 10370 10585 49010 485 10370 1258 49010 10370 49010 1258 49010 1258 49010 49010 49010 49010 485 1258 49010 10 49010 485 309137 49010 1258 1258 10370 49010 157625 49010 1258 1258 485 10370 10 4850 49010 1258 1258 49010 49010 10370 49010 4850 49010 1258 2022085 49010 49010 49010 49010 24050 49010 77450 10370 4850 10370 1802 49010 157625 49010 17288965 10370 485 49010 1258 157625 485 49010 10370 24050 309137 10370 1802 10370 1258 49010 49010 10370 49010 10370 1258 10370 49010 102154 654985 4850 10370 10370 49010 10370 
170 170 170 170 170 170 170 170 170 170 3030505 170 170 170 720002 170 170 112897 61217 170 17 170 61217 17 45002 45002 61217 17 17 170 45002 45002 170 261994 170 170 170 261994 170 170 170 45002 170 45002 170 170 9168970 679225 45002 17 170 170 17 45002 170 170 170 17 170 17 170 45002 170 45002 170 17 170 17 6708101 45002 17 170 170 112897 170 17 45002 170017 17 17 45002 170 170 170 115202 170 170 170 45002 19978825 170 679225 170 17 17 170 45002 45002 45002 679225 45002 170 17 170 170 170 170 170 679225 17 45002 45002 112897 17 45002 170 45002 43690 17 170 170 45002 170 170 17 170017 61217 170 45002 170 17 170 45002 1812445 170 61217 45002 170 261994 170 170 170 170 170 170 679225 170 170 261994 261994 45002 61217 170 170 45002 17 45002 170 45002 45002 170 170 170 679225 45002 170 112897 170 170 45002 45002 720002 170 170 17 45002 170 45002 170 170 17 170 17 45002 112897 45002 45002 170 45002 58064401 17 17 170 261994 170 679225 170 45002 112897 170 112897 170 45002 170 45002 170 17 170 170 679225 45002 61217 45002 1812445 170 720002 170 61217 170 43690 170 45002 170 170 45002 679225 170 17 170 170 43658050 61217 17 43690 45002 45002 170 45002 17 
17 17 61217 679225 115202 170 170 170 27111269 45002 170 17 17 17 720002 170 17 261994 17 170 17 17 170 170 45002 45002 17 45002 170 45002 170 45002 45002 4101250 17 61217 112897 9802 45002 17 45002 170 17 17 17 17 170 30425 679225 170 170 17 17 45002 261994 17 17 2570 45002 170 45002 261994 61217 45002 45002 17 45002 17 170 112897 112897 170 170 170 170 679225 45002 17 679225 170 45002 17 170 17 720002 17 3082729 45002 17 45002 17 17 61217 170 17 45002 679225 170 170 17 17 720002 679225 170 17 170 17 45002 17 17 17 170 679225 17 45002 261994 170 170 17 17 170 112897 45002 170 45002 17 45002 17 170 170 45002 45002 17 10 17 170 45002 45002 679225 170 17 17 45002 17 170 679225 170 45002 679225 61217 170 112897 17 170 17 45002 45002 45002 9802 170 17 17 17 17 679225 720002 170 9802 17 170 679225 9802 17 17 45002 17 45002 679225 170 9802 170 17 17 43690 
29045 714425 170 10405 72901 13877785 176290 10405 10405 72901 29045 29045 10405 29045 170 4850 29045 170 29045 170 10405 45002 463114 463114 110245 10405 29045 29045 29045 29045 170 463114 463114 110245 463114 29045 170 4251845 170 29045 170 10405 29045 29045 29045 17 29045 10405 170 170 10405 29045 10405 10405 463114 45002 170 170 170 29045 29045 170 45002 10405 110245 170 29045 170 29045 170 10405 273205 29045 72901 170 10405 29045 170 273205 72901 170 170 170 29045 29045 29045 10405 29045 10405 10405 3737 463114 29045 72901 29045 10405 170 29045 29045 112897 170 29045 10405 170 2979925 29045 29045 10405 110245 29045 29045 29045 170 29045 10405 29045 72901 10405 17070010 170 170 170 29045 29045 110245 170 110245 29045 29045 29045 45002 72901 170 10405 170 170 72901 110245 110245 29045 29045 10405 61217 51914 110245 29045 714425 714425 29045 170 10405 10405 170 17 170 170 120250 110245 29045 170 29045 29045 170 110245 61217 170 10405 10405 714425 10405 29045 170 170 170 170 10405 170 273205 273205 29045 110245 170 170 10405 2185625 459850 10405 29045 170 10405 170 17 72901 714425 170 170 110245 29045 10405 170 170 170 273205 10405 170 51914 110245 29045 72901 463114 10405 29045 72901 170 72901 170 29045 170 29045 10405 29045 72901 170 4850 300050 72901 10405 463114 29045 170 29045 29045 170 170 10405 72901 29045 10405 714425 170 170 1040650 29045 10405 170 714425 170 2185625 273205 72901 72901 
3737 1258 136085 3737 1258 1802 3737 49010 1258 3737 3737 3737 3737 49010 1272385 1258 1258 3737 27766154 136085 3737 3737 136085 3737 1802 3737 3737 3737 3737 7360405 3737 49010 55114 1258 49010 74442385 3737 1258 2113145 136085 3737 49010 1258 1258 49010 49010 3737 3737 3737 3737 24050 3737 3737 136085 3737 1258 1258 1258 49010 3737 6290 3737 3737 1258 1258 1258 1258 1258 3737 55114 49010 1258 3737 3737 1258 136085 3737 3737 49010 3737 3737 1258 3737 24050 1258 1258 3737 3737 49010 3737 3737 3737 1258 3737 3737 49010 1258 3737 49010 3737 1258 2113145 1258 3737 3737 1258 49010 1258 1258 24050 1258 1258 3737 6290 3737 1258 3737 1258 1258 3737 1258 3737 49010 1258 3737 3737 49010 49010 2979925 49010 3737 1258 3737 3737 3737 1258 3737 3737 41225 24050 3737 3737 1258 3737 1258 3737 468469 1258 136085 1258 3737 136085 3323690 24050 3737 1258 49010 49010 3737 3737 1258 2737802 3737 1272385 1258 136085 3737 1258 75994165 49010 49010 3737 3737 3737 3737 49010 1258 24050 3737 3737 2113145 1258 3737 24050 3737 1258 49010 24050 3737 3737 49010 116650 7850785 3737 3737 3737 3737 3737 1258 58982401 116650 
49010 1258 202 202 1332970 202 202 202 49010 202 1717 8245 505 202 1258 202 8245 1717 49010 202 8245 8245 1258 202 49010 350363525 202 8245 1258 286565 202 8245 1258 8245 49010 940325 8245 286565 202 77450 7527530 49010 202 202 202 202 8245 49010 1717 202 1717 202 505 202 202 8245 8245 202 202 202 286565 202 202 202 1717 1717 1717 49010 2178005 202 55114 202 202 202 49010 8245 101 202 202 202 202 202 1717 55114 1717 202 202 1258 361010 202 3737 8245 202 202 202 202 505 202 1258 202 170 202 505 202 55114 1332970 202 202 202 202 202 505 8245 2178005 202 101 505 202 49010 1717 55114 8245 1717 1717 202 8245 1717 202 505 8245 77450 202 8245 49010 1717 49010 8245 202 202 49010 1258 940325 156658 202 49010 4850 806045 28995829 202 4977785 63370 1717 202 77450 22858489 1258 361010 1717 202 202 49010 1258 1717 202 202 240101 8245 505 202 202 202 49010 505 1295009 202 8245 49010 8245 8245 202 202 202 505 202 202 202 1258 202 8245 8245 8245 202 202 1717 202 240101 202 202 505 1717 202 49010 8245 286565 202 50181125 202 8245 8245 8245 101 1450 8245 1717 8245 392005 8245 286565 49010 8245 286565 1717 1332970 49010 1258 49010 361010 49010 1258 49010 1717 49010 49010 1717 1332970 3737 202 49010 202 8245 202 940325 202 1332970 202 202 101 1717 202 1258 1258 202 8245 202 240101 8245 1258 202 8245 202 1717 8245 8245 505 1717 202 202 505 8245 202 1717 49010 202 8245 8245 505 40176650 
10370 485 485 34 34 485 485 485 485 34 485 485 62725 485 10370 485 485 10370 485 485 485 62725 485 485 49010 485 485 485 485 485 485 10370 485 485 485 4850 5991050 10370 485 485 10370 10370 2125765 2125765 1665074 485 34 10370 485 10370 10370 34 485 49010 10370 1685450 10370 34 485 10370 34 485 485 485 485 485 10370 5991050 485 485 10370 485 485 501265 10370 485 485 10370 485 485 485 485 10370 485 485 10370 49010 10370 120250 10575505 485 485 485 485 10370 485 120250 485 485 49010 485 485 485 34 10370 485 10370 2125765 485 485 10370 485 485 2570 485 485 269125 485 485 485 34 10370 10370 485 34296650 2125765 4162685 10370 15079850 49010 485 485 485 34 34 485 2125765 49010 485 34 181337 485 485 10370 10370 34 485 10370 485 485 485 10370 34 2125765 485 485 5365 1685450 485 34 485 10370 181337 485 2125765 4850 485 501265 49010 62725 10370 514 10370 2125765 485 485 485 10370 2125765 10370 4189225 269125 485 10575505 34 485 485 485 120250 2125765 485 485 485 485 485 485 485 120250 10370 485 120250 485 485 10370 485 49010 34 485 2125765 49010 485 5365 49010 34 485 10370 485 485 485 10370 485 10370 485 485 485 62725 485 10370 34 10370 10370 485 4189225 10370 485 34 49010 1685450 34 181337 10370 10370 34 181337 485 485 485 485 485 485 485 34 4424810 77545637 34 485 485 485 485 10370 485 34 485 514 10370 485 10370 34 485 485 485 34 34 2125765 485 485 485 485 10370 485 485 485 485 485 485 290450 4162685 485 485 485 10370 485 1685450 49010 485 485 34 34 485 2125765 10370 34 10370 485 34 485 501265 62725 10370 62725 10370 485 10370 1258 485 485 485 10370 181337 34 34 485 485 34 10370 10370 10370 485 10370 10370 1665074 485 485 269125 4850 485 34 485 485 485 485 485 10370 485 34 10370 10370 10370 10370 34 485 10370 49010 485 485 34 485 10370 62725 49010 34 485 10370 10370 485 501265 485 10370 10370 10370 1258 485 485 485 10370 485 34 485 485 485 34 485 34 485 1685450 2125765 62725 485 485 485 485 34 34 485 485 514 49010 485 485 485 485 485 485 1665074 485 62725 485 485 10370 34 5365 485 34 485 1685450 485 10370 49010 485 2125765 10370 485 62725 34 514 485 10370 49010 269125 485 485 485 16581185 34 34 10370 485 485 49010 485 1685450 485 4162685 485 485 10370 485 34 10370 485 485 7128901 34 485 49010 5365 2125765 485 485 485 12513625 15079850 485 485 49010 181337 485 34 485 49010 485 485 2125765 485 5365 485 485 485 10370 485 34 485 485 928330 34 485 485 485 485 485 49010 485 485 120250 10370 485 34 49010 485 10370 49010 120250 62725 485 34 485 269125 485 10370 485 485 485 34 10370 10370 485 34 485 485 10370 34 269125 485 1665074 485 485 2125765 34 120250 485 485 485 49010 10370 485 10370 10370 514 485 10370 485 485 77145925 5618005 485 34 108708965 485 194690 485 485 485 1685450 485 485 485 10370 34 485 485 5270770 485 485 34 1665074 49010 485 2125765 34 485 
1258 485 485 485 485 485 485 10370 181337 485 465125 2513570 501265 485 10370 485 485 465125 36101 465125 49010 10370 485 49010 501265 10370 465125 485 485 10370 485 485 65650 485 181337 485 485 485 485 485 485 485 202 10370 10370 485 10370 485 10370 2125765 290450 485 485 49010 8825 2125765 120250 36101 465125 465125 485 10370 465125 465125 485 10370 485 465125 485 253638425 36101 10370 485 202 49010 120250 485 485 1258 465125 2080802 36101 10370 36101 465125 170 485 3849850 485 485 170 485 184325 49010 465125 465125 290450 465125 36101 312617797 465125 10370 485 485 485 485 485 181337 465125 465125 485 485 65650 465125 3849850 485 4162685 10370 10370 465125 426530 10370 36101 10370 10370 485 65650 485 10370 485 10370 485 485 2125765 485 485 465125 485 34 485 485 49010 120250 65650 465125 120250 1685450 485 62725 49010 485 2125765 10370 10370 465125 485 2513570 465125 485 485 10370 202 485 485 485 120250 485 49010 1258 465125 485 485 465125 485 10370 2125765 485 465125 10370 485 465125 485 49010 485 10370 10370 10370 485 485 485 4753970 485 10370 2125765 485 485 465125 485 10370 26811685 485 485 485 485 2125765 485 485 10370 485 10370 10370 120250 485 1058005 465125 49010 10370 1116050 485 485 202 465125 485 485 170 485 1258 120250 10370 120250 202 10370 2125765 34 485 10370 465125 485 1258 4460545 8330017 485 120250 2125765 485 239434 65650 239434 485 36101 49010 10370 485 239434 485 465125 485 1258 485 485 465125 485 239434 36101 10370 465125 485 202 465125 485 465125 485 2513570 36101 485 49010 485 485 36101 10370 10370 10370 10370 485 1116050 485 485 485 239434 34 485 485 465125 181337 485 485 485 485 10370 181337 485 485 485 485 4162685 10370 501265 10370 2513570 485 485 10370 485 120250 465125 10370 485 49010 49010 2125765 10370 485 485 485 49010 485 10370 170 76336325 485 485 485 485 10370 181337 1685450 36101 485 36101 485 465125 485 2125765 49010 485 485 485 485 120250 49010 485 465125 485 485 485 465125 10370 485 465125 485 485 8825 485 10370 36101 485 4753970 10370 202 10370 202 10370 485 10370 36101 485 49010 485 485 485 485 10370 485 485 485 10370 36101 485 49010 485 12574117 239434 501265 485 485 485 465125 465125 564485 485 2125765 485 1258 485 74 485 485 485 36101 485 485 181337 485 485 485 1143250 465125 10370 465125 501265 10370 10370 485 202 465125 49010 485 
4850 51077 46085 46085 46085 4850 157625 51077 4850 4850 4850 51077 49010 157625 46085 157625 49010 46085 4850 51456325 46085 49010 51077 46085 51077 49010 49010 46085 8908402 46085 51077 157625 51077 46085 46085 51077 49010 46085 46085 46085 970 309137 46085 46085 157625 4850 309137 46085 49010 46085 102154 46085 800005 49010 970 46085 46085 46085 49010 51077 49010 46085 49010 46085 800005 49010 49010 102154 49010 214681105 49010 309137 46085 800005 10 46085 157625 49010 157625 46085 46085 46085 46085 49010 309137 49010 10 157625 46085 157625 157625 46085 49010 4850 49010 51077 49010 51077 49010 102154 157625 4850 49010 51077 46085 51077 10 46085 49010 157625 46085 157625 309137 46085 819202 10585 49010 46085 51077 46085 49010 49010 46085 51077 46085 1802 49010 46085 49010 46085 46085 51077 46085 49010 49010 46085 46085 46085 46085 51077 46085 49010 49010 46085 49010 51077 46085 1802 46085 51077 49010 51077 49010 51077 46085 46085 49010 51077 309137 873970 10 46085 49010 46085 46085 46085 49010 51077 157625 49010 46085 51077 46085 46085 46085 49010 51077 157625 49010 46085 46085 10 157625 49010 46085 49010 49010 46085 800005 157625 46085 46085 49010 49010 46085 873970 51077 46085 51077 49010 157625 46085 49010 49010 46085 10 49010 46085 157625 51077 157625 46085 49010 46085 51077 49010 46085 49010 815813 157625 46085 46085 46085 46085 46085 49010 46085 46085 51077 5834825 49010 49010 49010 51077 46085 157625 46085 46085 157625 46085 46085 46085 46085 49010 46085 51077 309137 46085 49010 46085 46085 46085 46085 49010 46085 46085 46085 46085 46085 4850 46085 800005 46085 4850 157625 49010 46085 49010 46085 46085 157625 35303530 49010 46085 309137 46085 46085 46085 49010 49010 46085 46085 49010 49010 49010 1802 46085 51077 4850 157625 46085 51077 46085 51077 10 157625 49010 49010 49010 46085 46085 49010 157625 4850 46085 157625 157625 46085 206079365 46085 49010 157625 4850 46085 309137 49010 49010 49010 46085 1802 46085 46085 49010 49010 46085 10 538645 46085 49010 49010 4850 49010 49010 46085 4850 49010 157625 120438965 46085 51077 49010 157625 49010 46085 46085 46085 49010 46085 157625 157625 46085 46085 49010 157625 46085 309137 46085 102154 49010 157625 49010 21170 46085 46085 46085 51077 4850 309137 51077 19732325 51077 4850 49010 46085 2022085 49010 333370 46085 49010 102154 49010 4850 46085 46085 157625 4850 51077 46085 4850 46085 46085 15716585 46085 62870585 49010 157625 157625 46085 46085 51077 46085 46085 49010 46085 4850 157625 46085 46085 4850 46085 46085 49010 157625 46085 49010 4850 157625 46085 46085 2022085 10 4850 49010 46085 1069085 49010 46085 46085 157625 4850 49010 49010 49010 157625 49010 46085 49010 49010 49010 51077 46085 49010 46085 46085 46085 4850 49010 49010 46085 157625 46085 102154 10 49010 46085 49010 51077 309137 49010 51077 49010 46085 46085 157625 46085 49010 46085 46085 51077 49010 49010 51077 102154 49010 157625 49010 157625 51077 46085 157625 46085 1802 51077 46085 46085 46085 102154 49010 819202 46085 49010 49010 46085 46085 49010 46085 49010 51077 49010 51077 16386305 49010 4850 49010 46085 309137 309137 4850 46085 157625 51077 46085 873970 46085 800005 819202 703250 46085 51077 49010 4850 46085 873970 49010 16386305 46085 157625 61899050 46085 51077 51077 46085 46085 46085 51077 49010 51077 51077 49010 49010 49010 49010 49010 
46085 1258 46085 49010 46085 46085 1258 46085 24050 46085 1258 49010 10 4850 49010 1258 102154 800005 4850 4850 46085 46085 4850 49010 1258 157625 1258 1258 1258 1258 49010 46085 51077 49010 49010 49010 1258 24050 46085 24050 49010 46085 49010 1258 46085 1258 51077 4850 49010 46085 10 309137 1258 24050 1258 157625 49010 49010 49010 157625 49010 51077 51077 49010 49010 49010 49010 309137 46085 1258 49010 49010 4850 49010 10 49010 10 1258 49010 49010 49010 49010 49010 1258 1069085 4850 49010 46085 46085 49010 4850 1258 1258 1258 49010 8908402 49010 1258 49010 49010 1258 24050 
4850 24464725 1089010 8005 103970 34 51077 46085 8005 312505 46085 49010 3414002 46085 49010 49010 1069085 1295009 49010 34 34 157625 51077 49010 49010 49010 46085 49010 1258 46085 49010 8005 51077 49010 51077 157625 46085 312505 157625 157625 49010 312505 49010 49010 654985 51077 1258 8005 35832197 34 312505 49010 49010 51077 46085 49010 34 312505 46085 51077 49010 103970 46085 49010 46085 309137 3031865 49010 46085 243370 49010 49010 8005 34 10 49010 51077 49010 34 49010 46085 573130 49010 34 103970 34 51077 49010 49010 34 49010 312505 51077 46085 46085 34 49010 3031865 46085 51077 49010 157625 49010 679730 49010 8005 49010 8005 51077 34 51077 8005 49010 49010 51077 8005 8005 1089010 3925 46085 49010 51077 34 46085 49010 49010 8005 49010 49010 103970 312505 2679625 8005 46085 102154 49010 5551114 8005 1258 51077 49010 157625 49010 34 49010 8005 3925 46085 46085 49010 51077 46085 1258 51077 8005 49010 8005 2679625 34 49010 49010 46085 49010 46085 46085 2490914 8005 46085 49010 49010 5551114 3414002 312505 800005 34 49010 312505 157625 49010 102154 34 157625 49010 49010 49010 49010 49010 8005 34 2679625 8005 34 49010 2679625 309137 309137 157625 49010 10 49010 8005 46085 49010 572050 312505 49010 5551114 34 6639370 34 8005 49010 309137 51077 654985 49010 49010 46085 49010 49010 49010 1089010 3031865 49010 49010 49010 46085 312505 102154 49010 49010 1258 49010 49010 8005 49010 312505 8005 49010 1089010 102154 102154 3414002 49010 157625 49010 49010 8005 49010 49010 46085 49010 10 8005 1258 312505 49010 46085 46085 10 49010 49010 3925 800005 46085 51077 49010 49010 51077 3925 49010 8005 49010 49010 3031865 312505 8005 157625 49010 49010 1258 2679625 34 49010 34 8005 1258 312505 312505 51077 51077 312505 8005 49010 102154 49010 34 312505 49010 49010 34 49010 46085 49010 157625 49010 15716585 51077 51077 46085 46085 2679625 49010 2036290 1258 34 14709890 51077 34 103970 34 49010 49010 34 3031865 34 49010 46085 34 49010 312505 312505 46085 2679625 51077 34 572050 46085 49010 2679625 1258 3031865 49010 312505 49010 3414002 19234450 49010 103970 49010 46085 51077 3031865 8005 46085 49010 34 157625 49010 46085 49010 49010 1258 34 3414002 34 34 312505 312505 49010 34 49010 157625 49010 46085 312505 49010 49010 49010 1258 46085 49010 49010 49010 49010 309137 34 312505 51077 51077 49010 49010 312505 34 1258 49010 49010 49010 8005 10 34 46085 46085 7022450 312505 102154 49010 309137 49010 157625 157625 
51077 49010 46085 46085 51077 46085 46085 22474 46085 46085 157625 2570 46085 4850 157625 51077 49010 157625 49010 49010 46085 157625 46085 46085 157625 1258 2570 1258 46085 46085 157625 46085 46085 46085 46085 800005 51077 49010 46085 46085 49010 51077 46085 49010 46085 46085 309137 46085 46085 157625 46085 51077 49010 51077 46085 46085 49010 51077 157625 157625 46085 51077 49010 46085 309137 309137 49010 157625 46085 51077 46085 4850 51077 46085 46085 403490 46085 309137 46085 49010 102154 51077 46085 51077 46085 46085 49010 46085 1570 46085 1570 51077 49010 46085 309137 157625 46085 49010 46085 51077 2570 1570 15716585 309137 49010 102154 157625 157625 46085 1258 1570 46085 46085 2570 46085 46085 51077 46085 800005 46085 157625 46085 800005 49010 46085 49010 46085 51077 46085 49010 51077 2570 51077 46085 49010 46085 4850 157625 46085 49010 157625 46085 46085 4401605 309137 46085 49010 49010 157625 46085 46085 46085 51077 46085 51077 800005 157625 46085 46085 46085 51077 1258 46085 157625 51077 46085 4850 46085 49010 800005 51077 51077 46085 4850 46085 51077 46085 51077 49010 46085 49010 102154 22474 49010 51077 49010 51077 49010 51077 46085 46085 110245 46085 51077 46085 157625 51077 49010 49010 46085 51077 49010 46085 49010 49010 51077 46085 50427785 46085 46085 110245 51077 4850 49010 157625 49010 51077 46085 46085 46085 4850 46085 46085 46085 51077 49010 46085 49010 46085 46085 46085 1570 157625 46085 46085 4850 46085 46085 46085 49010 4850 309137 309137 309137 46085 46085 51077 49010 46085 46085 309137 46085 51077 51077 51077 46085 49010 46085 10585 2570 157625 46085 46085 51077 46085 46085 49010 49010 46085 157625 815813 679730 10585 46085 46085 46085 46085 46085 157625 46085 49010 49010 51077 46085 102154 46085 46085 51077 157625 46085 51077 49010 51077 46085 46085 157625 46085 46085 46085 51077 4850 800005 46085 49010 46085 49010 873970 10 51077 49010 51077 4401605 51077 10 46085 46085 51077 157625 46085 46085 49010 49010 49010 46085 46085 46085 1069085 46085 46085 51077 51077 1258 1570 157625 49010 51077 51077 819202 157625 51077 46085 51077 1570 10585 157625 800005 49010 46085 46085 51077 49010 157625 46085 51077 46085 46085 49010 49010 51077 51077 46085 46085 49010 49010 157625 46085 51077 46085 46085 46085 46085 49010 46085 46085 46085 17288965 4850 2570 157625 49010 46085 49010 49010 157625 51077 157625 51077 49010 46085 49010 49010 51077 46085 51077 309137 22474 10 49010 46085 46085 46085 157625 49010 51077 1570 46085 51077 2570 51077 10585 
34 6290 239434 239434 312505 6290 34 4369 17371250 34 8005 276770 34 10405 34 4369 34 34 4369 312505 34 34 4369 34 34 34 34 4369 34 34 15317 15317 34 2490914 15317 34 239434 34 8304517 34 18218050 312505 4369 6290 34 5551114 239434 34 6290 10405 312505 34 10405 4369 3031865 6290 34 239434 34 6290 15317 4369 34 6290 34 8005 34 1089010 970 34 4369 34 312505 15317 10405 34 34 4369 34 34 1174898 4369 34 8005 34 34 312505 68079530 10405 34 34 10405 6290 4369 10405 4369 10405 1512901 34 34 6290 34 34 4369 34 34 312505 34 10405 10405 34 34 34 3031865 34 276770 15317 6290 10405 34 34 6290 6290 312505 10405 10405 34 312505 34 5326865 239434 8005 10405 34 10405 34 34 34 312505 8005 10405 4369 312505 34 8304517 34 34 312505 8005 34 34 312505 1512901 34 34 34 34 34 239434 2490914 34 34 4369 34 34 10405 5551114 6290 34 4369 239434 34 2679625 186325 34 15317 6290 239434 4369 4369 15317 34 34 10405 3414002 312505 34 15317 34 10405 34 34 10405 34 34 10405 186325 15317 34 15317 15317 4369 276770 4369 34 34 34 8005 34 15317 312505 3031865 8005 15317 10405 6290 10405 34 1089010 4369 239434 34 239434 71978 312505 34 8005 312505 4369 4369 34 10405 37970245 15317 34 34 
10370 34 5991050 485 485 5365 485 485 5365 10370 2247202 10370 485 485 485 485 10370 485 1685450 10370 485 485 485 34 34 485 10370 34 269125 485 485 485 62725 485 485 485 485 34 485 485 34 16581185 485 10370 5618005 485 10370 34 34 34 514 10370 10370 485 34 485 10370 485 485 485 34 485 485 120250 62725 501265 485 485 485 485 34 485 485 5365 485 34 120250 34 485 485 485 485 1685450 34 34 514 34 96640325 34 181337 485 485 485 34 2125765 485 485 34 485 485 10370 485 485 485 34 4162685 120250 43570 485 34 34 34 10370 485 290450 5365 5365 485 485 34 485 485 2125765 34 62725 485 5618005 10370 34 4189225 485 485 485 485 485 485 10370 485 485 10370 485 2125765 120250 1665074 10370 485 34 485 485 485 485 4162685 485 5365 290450 987530 34 34 4850 34 2125765 485 34 485 10370 10370 485 34 514 269125 12970 34 485 16581185 485 485 1331593 10370 10370 485 485 485 34 10370 485 62725 485 485 2125765 485 485 34 5365 34 34 485 485 34 10370 10370 5365 485 34 4850 34 485 485 485 485 1331593 10370 485 10370 34 1685450 485 485 485 34 1665074 485 34 485 485 485 514 5365 485 34 62725 485 34 2125765 1685450 34 485 10575505 485 34 485 5365 34 120250 485 485 10370 501265 485 34 
2506325 170 170 45002 2570 170 17 17 170 45002 17 17 61217 45002 61217 170 45002 45002 17 170 17 170 45002 17 170 170 45002 17 170 170 17 2570 170 170 112897 170 679225 170 170 679225 112897 170 45002 170 170 170 17 112897 45002 17 720002 9802 170 61217 17 45002 45002 45002 170 61217 170 45002 170017 45002 170 45002 170 170 17 17 61217 45002 170017 720002 45002 61217 17 45002 45002 61217 170 170 45002 17 170 170 720002 17 170 170 17 2171570 45002 17 17 45002 17 170 45002 170 170 170 17 112897 45002 61217 170 170 170 45002 170 45002 45002 6751225 45002 45002 170 17 112897 45002 9802 170 17 170 170 170 261994 17 45002 261994 170 45002 170 17 45002 17 170 17 17 45002 17 170 170 170 17 61217 45002 170 45002 45002 170 679225 679225 61217 45002 112897 45002 679225 45002 720002 112897 170 45002 17 170 170 170 170 170 441010 170 45002 170 45002 170 679225 45002 170 17 170 170 170 170 4234 55114 170 17 17 45002 3082729 45002 17 45002 45002 170 45002 45002 170 170 17 61217 17 170 55114 131665 170 45002 3536425 170 170 170 45002 45002 170 45002 45002 45002 767377 273205 45002 45002 170 6356597 679225 112897 17 170 720002 43690 679225 45002 17 45002 679225 720002 45002 45002 45002 261994 61217 45002 170 170 17 170 17 170 17 720002 170 17 170 17 170 170 17 17 45002 43690 17 170 45002 45002 61217 45002 45002 45002 17 17 17 45002 112897 170 170 9802 45002 61217 45002 170 45002 45002 170 61217 170 170 45002 17 170 17 45002 170 170 679225 170 45002 170 679225 170 17 17 679225 170 170 45002 17 112897 170 17 45002 17 17 170 17 45002 45002 170 170 17 17 170 45002 720002 170 17 112897 170 170 112897 55114 17 36942085 45002 17 45002 170 191268901 170 45002 17 61217 170 17 
1601 5410 1601 1601 5185 10 10 1601 5185 1601 1601 5185 1601 5185 10 1601 1601 1601 381925 1601 5410 5185 381925 1601 5185 5185 5185 1601 95225 1601 1601 5185 5185 5185 1880650 10 1601 10 5185 5185 255385 1601 5185 1601 1601 1601 10 1601 236197 5185 1601 5185 1601 5185 5185 5185 1601 1601 1601 370 1601 1601 1601 10 1601 255385 5185 10 370 381925 95225 1601 5185 1601 5185 381925 236197 255385 1601 1601 5185 5185 255385 10 530412725 1601 1601 10 5185 5185 1601 1601 10 95225 1601 1601 5185 5185 1601 236197 1601 255385 5410 1601 5185 1601 5185 5185 5185 882325 370 1601 5185 255385 1601 1601 5185 1601 1601 5185 10 871202 5185 5185 5185 381925 5185 5185 107650 381925 10 8005 882325 5185 5185 1601 5185 95225 1601 255385 5185 381925 5185 10 381925 1601 1601 1601 13219385 381925 5185 1601 882325 1601 5185 5185 95225 5185 1601 5185 1601 1601 1601 5185 1601 1601 5185 1601 5185 10 1601 5185 1601 10 1601 1601 5185 10 1601 1601 5185 5185 1601 1601 1601 95225 1601 882325 5185 5185 5185 95225 1601 835250 1601 1601 10 5185 10 1601 1601 236197 381925 
72901 29045 72901 10405 184901 176290 1601 2425 1601 72901 10405 29045 110245 29045 29045 29045 370 3925 3925 72901 273205 29045 10405 29045 72901 3925 459850 72901 463114 3737 72901 463114 29045 72901 4369 2425 72901 29045 51914 29045 72901 3925 29045 72901 3925 3925 29045 459850 110245 29045 72901 170 72901 72901 273205 72901 72901 29045 3737 72901 29045 463114 110245 29045 72901 4369 10405 29045 29045 110245 72901 29045 29045 72901 4369 72901 72901 29045 184901 110245 29045 3925 72901 29045 72901 3737 72901 29045 463114 3925 463114 72901 29045 170 29045 72901 184901 10405 3925 3925 29045 3925 273205 29045 10405 10405 142885 29045 4369 170 3925 72901 72901 459850 72901 72901 72901 72901 72901 29045 4850 72901 29045 459850 273205 72901 72901 110245 3737 72901 72901 273205 459850 29045 29045 3925 29045 110245 4369 10405 29045 29045 29045 29045 1601 463114 2425 29045 29045 29045 29045 72901 72901 72901 110245 29045 72901 29045 29045 72901 3925 29045 29045 72901 170 170 29045 72901 4369 29045 29045 10405 72901 29045 184901 4369 29045 72901 1601 142885 72901 2185625 3925 29045 184901 3925 72901 72901 3925 72901 3925 72901 72901 72901 
29045 300050 1601 29045 72901 72901 4369 3925 72901 19018 72901 72901 29045 273205 29045 72901 4369 72901 5 29045 29045 463114 176290 29045 29045 29045 148138 110245 5 29045 29045 29045 273205 29045 29045 29045 3925 8774210 29045 72901 5 29045 72901 29045 176290 110245 72901 4251845 148138 1601 72901 110245 3925 29045 1267234 3925 29045 29045 19018 2425 72901 72901 463114 179945 72901 273205 19018 29045 29045 29045 72901 72901 4369 29045 3925 72901 3925 29045 29045 29045 72901 72901 29045 29045 29045 463114 29045 463114 3925 72901 29045 273205 29045 72901 176290 72901 29045 72901 3925 176290 29045 72901 3925 3925 29045 29045 72901 72901 29045 29045 29045 9329785 29045 29045 72901 29045 110245 463114 3925 29045 463114 29045 19018 463114 72901 650 29045 29045 463114 72901 2185625 4369 3925 29045 5 2036290 10405 72901 10405 72901 1285 72901 463114 273205 4369 4369 72901 10405 10405 110245 72901 29045 29045 2036290 4369 29045 72901 29045 29045 29045 1923545 29045 184901 29045 29045 29045 29045 110245 29045 4369 3737 29045 29045 72901 29045 29045 5 463114 29045 72901 72901 29045 72901 3925 110245 29045 72901 176290 72901 72901 29045 5 3925 54363250 29045 29045 72901 29045 29045 72901 2425 2425 72901 110245 29045 29045 29045 463114 463114 29045 72901 29045 10405 29045 463114 3737 72901 72901 29045 72901 3925 72901 29045 29045 72901 10405 29045 10405 176290 72901 4369 72901 29045 110245 10405 72901 110245 29045 72901 29045 29045 3925 29045 29045 29045 29045 2036290 29045 72901 29045 29045 72901 72901 110245 29045 170 72901 29045 72901 72901 184901 29045 10405 110245 72901 72901 3737 29045 110245 72901 5 72901 72901 29045 6492725 29045 4369 29045 72901 29045 51914 72901 29045 5 3925 29045 72901 184901 72901 29045 29045 29045 19018 29045 72901 4369 72901 72901 72901 3925 72901 29045 110245 29045 29045 29045 29045 10405 3536425 72901 29045 184901 1601 110245 72901 10405 463114 29045 29045 29045 29045 463114 29045 3925 29045 4369 10405 29045 4369 29045 110245 29045 29045 10405 72901 29045 29045 29045 3925 72901 2425 72901 10405 10405 463114 29045 5 29045 3925 29045 29045 72901 72901 29045 3925 110245 29045 29045 29045 6394645 29045 4369 19018 72901 6394645 463114 1601 176290 2036290 4369 29045 29045 3925 72901 5 29045 29045 4369 4369 29045 10405 463114 72901 4369 29045 72901 1601 29045 4369 29045 2425 4369 184901 463114 72901 72901 29045 29045 29045 3925 463114 7850 4369 72901 72901 4251845 4369 72901 72901 29045 29045 3925 29045 24799490 29045 2425 4369 2916010 72901 29045 29045 2185625 29045 29045 29045 5 72901 110245 72901 29045 4369 4369 110245 72901 29045 110245 72901 29045 72901 72901 5 29045 29045 29045 72901 72901 29045 29045 10405 3925 2185625 72901 72901 29045 72901 3925 72901 184901 72901 110245 184901 148138 19018 29045 4369 29045 29045 463114 29045 29045 29045 72901 29045 29045 72901 29045 29045 29045 29045 72901 29045 72901 72901 29045 72901 19018 29045 29045 29045 29045 463114 29045 5 72901 5 29045 21829025 4369 29045 72901 72901 29045 6394645 1285 463114 29045 10405 72901 29045 19018 110245 4369 4369 2185625 72901 72901 29045 72901 29045 72901 72901 29045 5 29045 29045 29045 29045 29045 29045 110245 72901 29045 72901 72901 10405 110245 29045 1601 463114 3925 29045 29045 29045 29045 463114 72901 72901 29045 29045 3925 72901 3925 29045 72901 72901 2185625 29045 29045 29045 72901 29045 29045 72901 3925 4369 72901 29045 2036290 72901 29045 170 110245 72901 29045 3737 72901 72901 72901 10405 
170 170 170 4369 170 1601 3925 2425 170 170 1450 170 170 34 72901 170 727402 3925 3925 29045 72901 4369 1018145 72901 145802 34 170 170 72901 170 34 206890 34 72901 18685 2076497 18685 170 72901 1450 72901 3925 72901 3925 72901 72901 170 3925 170 4369 3925 72901 170 34 72901 3925 110245 29045 170 29045 4369 170 29045 3925 18685 170 72901 34 1601 3925 3925 29045 110245 29045 4369 72901 29045 170 4369 170 72901 34 18685 170 170 170 110245 10405 184901 29045 170 72901 170 29045 29045 72901 170 110245 3925 463114 34 112370 4369 170 3925 29045 18685 29045 170 1450 961010 72901 170 170 184901 72901 170 110245 18685 110245 170 72901 34 29045 184901 145802 3925 72901 72901 170 72901 313634 72901 170 72901 170 170 29045 72901 29045 72901 170 18685 72901 34 72901 72901 29045 34 34 29045 72901 29045 170 29045 184901 4369 170 34 
1258 5185 95225 1258 5185 1258 1258 5185 5185 236197 1258 5185 1258 381925 835250 5185 1258 5185 1258 5185 1258 5185 381925 5185 1258 882325 89725 835250 5185 5410 1258 1601 5185 5185 5185 5185 5185 1258 882325 882325 5185 835250 5410 5185 1601 381925 1258 5185 5185 381925 882325 381925 1258 1258 1258 5185 5185 381925 1170325 1258 5185 1258 58325 5185 58325 1258 5185 5185 882325 1258 1258 5185 95225 2425 1258 4369 2425 95225 381925 1258 5185 1258 5185 5185 5185 1258 5185 5185 5185 1601 5185 5185 89725 5185 95225 1258 5185 58325 89725 10 1601 1258 5185 5185 1601 5185 5185 1743625 1601 1258 381925 5185 5185 5410 4369 381925 5185 5185 5185 5185 1258 381925 60135125 5185 5410 1258 1258 255385 1601 5410 381925 5185 5185 5185 5185 5185 5185 1258 5185 381925 1601 381925 58325 5185 5185 1258 5185 10 5185 1258 1258 381925 5185 381925 1258 5185 5185 5185 5185 1258 835250 5185 5410 1601 5185 24505 1601 30634 1258 5185 4369 5185 835250 1601 5185 89725 5185 1258 5185 5185 1601 5185 1601 5185 1258 381925 1258 5410 381925 5185 1258 328250 89725 882325 5133725 5185 381925 5185 1258 1601 5185 95225 1258 3736394 5185 5185 5185 4416394 5185 5185 1258 882325 1601 5185 5185 5185 5185 5185 174929525 1601 10 5185 381925 5185 381925 882325 1601 1258 1601 5185 882325 1258 5185 5185 1258 1258 4369 5185 95225 381925 1047370 381925 1601 58325 30634 5185 5185 5185 5185 381925 882325 882325 5185 1258 5185 5185 1601 5185 5410 5185 2425 5185 882325 58325 58325 1601 1047370 5185 5185 5185 5185 58325 5185 1258 5185 5133725 5185 1258 5185 381925 5185 5185 5185 5410 882325 5410 5185 16035770 5133725 5185 381925 835250 255385 1258 5185 95225 5185 882325 95225 1258 1258 5185 5185 5185 5185 5185 95225 5185 5185 1258 5185 5185 5185 381925 1258 5185 5185 5185 1258 1258 5185 5410 882325 1258 1601 5185 1601 5185 5185 5185 5185 1258 5185 5185 882325 5185 95225 5410 1258 1258 5185 381925 1601 236197 255385 1601 5185 882325 1601 1258 5185 5410 882325 5867090 1258 5185 5410 5185 1601 1601 1258 1601 1258 5133725 5185 5185 5185 5185 1258 1258 428967001 5185 5185 5185 95225 1258 381925 5185 4369 5185 5185 5185 
3530 34 3530 85 3530 3530 3530 85 3530 34 34 3530 3530 85 19018 3530 34 5365 1285 3530 3530 3530 1331593 18216650 485 85 34 36101 34 85 85 3530 3530 85 5365 485 3530 485 6492725 184325 485 85 85 19018 5365 5365 85 85 3530 5 3530 3530 85 85 3530 695185 3530 34 485 3530 3530 3530 85 3530 85 3530 3530 3530 3530 85 85 85 85 34 85 3530 3530 3530 5 5365 85 5365 5365 34 19018 36101 85 19018 5 85 85 3530 3530 19018 34 17945 3530 85 3530 85 34 5365 5365 85 3530 5 36101 485 485 85 485 3530 3530 3530 85 85 85 3530 3530 12970 990002 3530 485 3530 485 85 3530 3530 36101 5365 85 17945 36101 5365 85 3530 3530 1331593 3530 3530 6394645 85 19018 3530 85 1331593 3530 34 5365 17945 85 85 3530 3530 17945 5365 19018 85 3530 85 3530 3530 85 17945 
2185625 29045 29045 10405 29045 10405 10405 4369 3925 10405 463114 72901 176290 4369 29045 3925 10405 10405 29045 29045 29045 10405 10405 10405 29045 29045 29045 29045 2185625 15317 72901 10405 463114 15317 29045 72901 10405 10405 29045 10405 72901 463114 72901 10405 110245 72901 72901 714425 459850 29045 110245 15317 29045 29045 29045 29045 10405 29045 463114 10405 72901 4850 29045 72901 10405 29045 29045 170 29045 29045 10405 10405 48927125 10405 29045 29045 3925 29045 72901 10405 29045 29045 29045 10405 72901 29045 170 46774514 72901 29045 3925 10405 29045 3207154 29045 10405 72901 72901 29045 10405 29045 29045 72901 10405 29045 10405 459850 10405 3737 29045 10405 29045 3925 29045 10405 10405 10405 72901 463114 29045 72901 29045 29045 10405 3925 10405 10405 714425 10405 10405 29045 29045 10405 29045 4369 29045 170 29045 72901 4850 29045 72901 72901 10405 29045 29045 10405 4369 4369 463114 10405 29045 170 72901 4369 29045 10405 29045 72901 463114 170 72901 110245 2185625 10405 10405 29045 170 29045 72901 273205 29045 3925 10405 10405 463114 29045 176290 29045 170 29045 29045 29045 10405 10405 10405 72901 72901 72901 176290 3925 29045 10405 10405 170 10405 29045 10405 10405 110245 29045 29045 29045 21159125 29045 10405 463114 29045 29045 176290 10405 10405 10405 29045 3197105 10405 29045 459850 10405 29045 29045 29045 10730 29045 10405 29045 72901 72901 29045 29045 72901 29045 29045 29045 29045 10405 29045 10405 104050 29045 10293925 29045 4850 72901 72901 29045 72901 714425 10405 170 4251845 10405 459850 10405 29045 72901 29045 273205 10405 29045 10405 72901 3925 3925 463114 29045 29045 29045 29045 29045 459850 463114 29045 8738 29045 459850 29045 10405 29045 10405 10405 3925 10405 10405 10405 72901 10405 10405 72901 10405 10405 15317 72901 10405 29045 72901 10405 29045 29045 
110245 10405 10405 15317 72901 4369 10405 3737 29045 463114 15317 15317 10405 10405 102154 10405 10405 4850 10405 37970245 29045 72901 10405 1116050 72901 4369 102154 463114 15317 4369 10405 10405 110245 4850 10405 4369 10405 15317 71978 10405 10405 72901 72901 29045 29045 10405 10405 10405 10405 72901 72901 2185625 15317 72901 10405 102154 72901 3925 110245 10405 29045 29045 102154 110245 29045 10405 72901 15317 72901 239434 239434 459850 10405 4369 10405 15317 463114 459850 72901 459850 10405 15317 239434 10405 29045 10405 12023845 10405 15317 72901 3925 10405 10405 29045 4369 3925 29045 15317 10405 72901 239434 72901 10405 10405 10405 15317 10405 10405 10405 15317 10405 10405 10405 10405 102154 4369 463114 72901 29045 10405 10405 10405 10405 1919249 72901 463114 15317 10405 72901 72901 72901 10405 10405 10405 459850 4369 15317 72901 463114 29045 10405 239434 239434 3250 10405 4369 10405 72901 29045 10405 110245 15317 4369 10405 110245 102154 10405 102154 10405 72901 10405 4369 15317 15317 120250 10730 10405 72901 10405 72901 72901 4369 4850 1624505 29045 4369 10405 464290 110245 29045 72901 10405 4369 15317 3197105 10405 15317 10405 72901 72901 72901 102154 29045 72901 10405 187274 4369 10405 4369 10405 10405 4369 15317 29045 102154 15317 10405 459850 15317 10405 10405 72901 29045 29045 15317 10405 3197105 72901 10405 10405 10405 72901 15317 72901 10405 15317 72901 29045 29045 10405 72901 714425 72901 10405 15317 15317 72901 239434 10405 4369 10405 10405 29045 29045 104050 10405 10405 10405 29045 10405 102154 2185625 15317 72901 15317 3925 29045 10405 714425 649802 148363445 3925 10405 15317 15317 4369 15317 3737 4850 10405 72901 10405 15317 10405 72901 29045 15317 10405 714425 10405 463114 4369 10405 110245 3737 15317 72901 10405 7911229 10405 29045 339877525 15317 10405 15317 10405 459850 4369 29045 121685 4369 4369 1116050 72901 10405 29045 187274 10405 110245 29045 15317 10405 29045 10405 4369 110245 29045 10405 10405 4369 10405 10405 10405 10405 10405 10405 102154 72901 72901 10405 72901 10405 15317 
74 74 16825 74 16825 1421290 74 2244005 74 74 8245 74 74 4357 74 8245 74 202 74 101 74 2425 74 74 4357 101 74 74 16825 8245 74 74 101 74 101 74 16825 74 74 101 74 74 456977 74 74 202 4357 101 2425 101 74 101 8245 74 74 74 101 74 74 74 16193809 74 74 74 74 4357 74 74 74 290 190450 74 101 101 74 74 101 101 101 8245 74 74 101 74 8245 10730 74 190450 74 8245 74 74 4357 74 101 74 2244005 74 74 16825 74 74 10730 74 101 4357 16825 4369 74 74 74 74 74 74 74 16825 16825 363701 103433525 74 290 74 8245 74 101 4357 74 190450 456977 4357 16825 16825 74 4357 101 370 16825 74 74 202 74 2244005 4357 4357 74 74 456977 785 101 101 74 370 74 74 456977 290 74 74 74 74 74 74 4357 74 101 101 8245 74 74 16825 74 8245 26293865 101 74 4357 16193809 101 29253025 456977 74 74 74 16825 74 101 456977 101 74 74 16825 16825 16825 74 8245 74 456977 4357 456977 74 74 101 2244005 363701 16825 74 202 74 74 16193809 4357 74 101 74 74 8245 101 74 16825 74 74 202 74 74 190450 74 101 8245 10730 456977 74 74 4357 456977 16825 74 74 2720017 16825 74 190450 190450 74 74 101 74 74 74 8245 74 8245 74 785 101 74 16825 101 16825 101 761770 456977 8245 4357 74 74 74 1018145 101 5640209 74 101 1018145 16825 5221450 74 8245 16825 74 74 8245 363701 74 74 74 74 101 74 74 16825 74 74 363701 10730 4357 16825 8245 456977 190450 74 2425 74 4357 74 74 16825 101 8245 74 74 74 8245 101 101 101 456977 74 2425 8245 74 101 74 363701 8245 101 101 101 1047370 101 101 101 8245 74 74 202 74 456977 74 74 8245 101 2425 101 17650 202 2425 8245 4357 16825 363701 8245 101 190450 74 101 8245 101 74 74 74 4357 74 74 4357 31754 363701 74 74 74 74 74 74 456977 16825 4357 74 74 16825 456977 74 101 6843890 101 74 74 74 101 101 8245 16825 363701 74 74 74 16825 74 74 74 456977 4357 74 74 74 74 74 4357 456977 16825 74 74 290 74 16825 363701 8245 74 190450 74 74 302377465 190450 74 101 74 4357 101 101 74 
170 170 1812445 170 170 170 170 170 170 170 170 170 170 170 170 170 170 3745450 61217 61217 61217 170 170 170 170 61217 170 1050905 170 170 170 61217 170 170 170 170 170 170 170 112897 170 170 170 170 170 112897 170 2020202 1050905 112897 170 170 170 170 170 170 170 170 170 1050905 170 170 1818505 112897 170 1050905 170 170 170 170017 170 112370 61217 170 170 170 55114 170 170 170 122434 170 170 61217 170 170 170 170 170 170 170017 170 1812445 170 11289601 170 170 170 170 170 59170 170 170 170 2570 170 170 170 170 170 170 61217 170 170 170 12446785 61217 170 112897 170 170 170 61217 1050905 1050905 170 170017 170 170 170 61217 
3925 3925 1279625 25925 1089010 34 34 34 43810 34 34 3925 3925 25925 34 34 34 34 3925 3925 34 34 3925 3925 34 3925 3925 3031865 34 34 34 103970 25925 34 34 51874001 3925 34 312505 34 3925 34 3925 25925 34 34 1240025 3925 5551114 34 3925 3925 25925 3925 3925 3925 34 34 3031865 8005 34 34 1179397 3414002 34 3925 34 1279625 8005 312505 34 34 34 34 666658 3925 34 3925 25925 1179397 910010 1179397 3925 34 34 1179397 34 910010 34 3925 3925 32672657 34 34 34 8005 3925 3414002 3925 3925 3925 25925 3925 3925 6639370 1089010 34 34 25925 8005 3925 34 25925 312505 1179397 3925 1179397 3925 34 1240025 3925 3925 34 3925 312505 3414002 34 34 3925 34 34 25925 3925 312505 3925 34 34 3925 8158685 1179397 2490914 312505 25925 3925 3925 34 1179397 34 34 34 312505 3925 3925 34 34 3925 3925 34 3925 312505 3414002 3031865 34 34 3925 312505 34 3925 34 34 34 34 3925 3925 34 3925 8005 34 1240025 312505 103970 312505 34 34 3925 103970 34 43810 3925 34 34 103970 34 2679625 3925 103970 25925 34 312505 3925 43810 3925 34 34 66725 312505 3925 34 3925 25925 34 3925 3925 312505 2679625 3925 34 34 3925 3925 3925 3925 243370 25925 1089010 3925 3031865 312505 34 103970 3925 34 34 25925 34 34 34 3925 34 34 25925 3925 3925 34 34 8005 34 1179397 34 34 34 8005 3925 34 25925 25925 3925 34 34 3925 34 3925 34 34 3925 34 3414002 3925 34 25925 32672657 312505 1279625 5551114 312505 8005 34 3925 34 3925 3925 34 3925 34 34 3925 34 34 34 3925 34 3925 2679625 34 8005 34 3925 34 34 34 3925 3925 3925 34 34 34 3925 1089010 3925 34 3925 3925 3414002 34 1179397 25925 34 34 34 3925 3925 34 25925 3925 103970 8005 103970 34 3925 34 6290 25925 34 3925 3925 34 103970 34 34 25925 3925 3925 3925 34 34 34 15904145 34 25925 34 3925 34 25925 3925 3925 1279625 3925 34 34 8005 3925 3925 25925 312505 34 1179397 312505 34 3925 312505 34 8005 3925 34 312505 3925 3925 103970 3925 25925 2679625 3925 34 312505 3925 8005 34 3925 25925 34 25925 3925 4411625 3925 34 5551114 3925 34 3925 8005 2679625 3925 3925 112370 103970 3925 25925 34 3925 34 34 34 34 3925 8005 98570 3414002 3925 3925 3925 3202 34 25925 43810 5551114 312505 3925 34 3925 34 1179397 25925 3925 34 34 34 1279625 3925 34 25925 312505 3925 3925 34 34 3925 8005 25925 34 34 3925 25925 3925 3925 3925 51874001 4960085 666658 25925 32672657 34 3925 25925 312505 34 3925 3414002 34 312505 3925 3925 312505 3925 312505 34 34 34 34 34 1179397 34 3031865 3925 34 15904145 3925 34 8005 34 98570 312505 3925 34 25925 3925 25925 34 34 34 25925 34 8005 32672657 25925 312505 25925 3925 
34 34 3925 25925 312505 34 3925 34 34 34 1179397 8005 8005 25925 1179397 34 34 272485 34 34 312505 4411625 34 272485 34 34 34 34 34 34 25925 8005 3414002 90386617 1601 1601 103970 3925 8005 34 3414002 15904145 312505 34 34 1601 34 34 34 272485 34 312505 1601 34 34 34 1601 1601 312505 272485 34 34 1601 1601 34 34 34 8005 1240025 15904145 1279625 8005 272485 34 3925 25925 34 1601 34 3925 272485 1601 34 3925 1601 34 272485 272485 8005 34 25925 3925 1601 25925 272485 34 34 34 34 1601 272485 25925 1279625 34 3925 272485 272485 312505 34 1179397 312505 312505 34 34 34 34 1089010 1601 8005 312505 34 103970 3925 3925 25925 25925 34 25925 34 3925 3925 34 34 103970 34 34 34 3925 34 34 34 3925 3925 103970 34 34 1179397 
3925 34 312505 3925 3925 1601 34 34 31379114 1601 6528650 3414002 3925 25925 130610 8005 25925 272485 34 34 3925 3925 1179397 1601 33802 3925 1601 3925 2679625 3925 3925 1601 34 312505 34 34 312505 34 1601 3925 112370 1601 272485 1601 8005 272485 3925 8005 3925 8005 666658 3925 3925 34 1279625 34 1601 3925 2679625 272485 3925 1601 1179397 34 3925 3925 312505 5551114 25925 1601 3925 3925 34 3925 3925 3925 34 2679625 1601 31379114 8005 312505 34 1601 272485 3925 34 1601 312505 8005 3925 3925 2679625 25925 3414002 1601 3925 34 8005 312505 3925 34 34 34 34 3925 312505 2679625 3925 3925 34 25925 312505 34 3925 272485 34 34 34 1240025 312505 25925 1601 34 272485 312505 272485 3925 25925 3925 16773634 103970 25925 3925 3925 3925 3925 2490914 1240025 1601 312505 1601 1240025 1240025 3925 3414002 312505 272485 1279625 34 8005 1601 3925 2679625 3925 8005 25925 3925 3925 1601 3925 34 3925 272485 66336425 312505 3925 3925 3925 6528650 103970 126243445 3925 25925 34 3925 3925 34 34 3925 1601 1601 34 34 272485 34 1601 25925 3925 312505 272485 3925 25925 312505 34 3925 272485 34 3925 3925 1240025 3925 25925 312505 3925 15904145 3925 3925 34 34 272485 25925 34 3925 3925 34 34 34 3925 3925 3925 34 8163434 3925 103970 312505 34 3925 312505 34 1601 3925 1601 34 1601 316850 34 1601 312505 25925 3925 3925 312505 312505 1601 3925 1601 34 272485 3925 3925 3925 272485 25925 15904145 312505 3925 3925 3925 1279625 8005 1179397 3925 3925 227650 3925 34 3925 1601 312505 272485 3925 34 312505 8005 
10405 239434 34 10405 10405 10405 15317 6290 10405 121685 15317 10405 34 4369 15317 10405 10405 15317 10405 10405 10405 10405 15317 15317 15317 15317 15317 714425 10405 970 10405 4369 4369 34 10405 71978 6290 10405 4369 6290 34 10405 15317 10405 15317 10405 4369 10405 10405 10405 10405 970 102154 10405 10405 121685 10405 10405 10405 10405 15317 6290 4369 10405 3411274 10405 5326865 10405 276770 15317 10405 276770 276770 10405 10405 10405 10405 15317 15317 4369 15317 34 34 10405 34 10405 34 10405 5326865 10405 10405 34 15317 10405 102154 10405 10405 10405 6290 10405 15317 4369 6290 239434 4369 10405 15317 10405 15317 10405 10405 10405 10405 10405 239434 10405 10405 10405 6290 970 10405 464290 15317 10405 4369 102154 15317 10405 6290 239434 34 970 10405 15317 4369 10405 34 6290 15317 34 15317 10405 3411274 1512901 15317 6290 34 15317 4369 15317 15317 6290 6290 34 34 4369 10405 4369 10405 10405 4369 10405 4369 10405 4369 15317 
17 17 12325 17 1002530 17 9802 17 17 17 17 9802 43690 9802 9802 17 17 9802 1002530 17 1002530 1002530 12325 12325 17 1889849 12325 9802 17 17 17 12325 17 17 17 17 17 10 12325 17 170 45002 17 12325 17 17 1002530 10 17 12325 17 1316650 12325 12325 17 17 17 15784490 12325 12325 17 45002 1002530 17 12325 17 17 17 12325 12325 9802 17 17 17 17 441010 17 17 12325 89725 17 12325 17 17 17 17 10 17 17 1002530 12325 441010 17 17 17 3702634 17 17 17 17 1002530 17 17 10 17 17 9802 17 9802 10 1002530 17 48674 17 17 17 17 17 884425 17 17 17 17 9802 10 17 12325 9802 17 12325 89725 653225 17 
29045 72901 10405 29045 29045 3925 29045 104050 10405 10405 29045 176290 10405 29045 29045 10405 29045 2185625 72901 459850 72901 2425 72901 29045 72901 110245 110245 10405 459850 72901 72901 72901 110245 10405 10405 38344025 29045 72901 10405 459850 72901 29045 10405 29045 72901 29045 17070010 459850 29045 3925 3925 10405 29045 29045 72901 72901 72901 29045 29045 3925 29045 29045 29045 10405 714425 29045 29045 10405 29045 72901 29045 29045 29045 29045 72901 29045 4369 459850 29045 29045 10405 29045 110245 29045 72901 10405 3925 29045 3925 72901 29045 72901 10405 29045 10405 29045 29045 4369 72901 29045 29045 10405 29045 29045 170 110245 29045 29045 10405 72901 72901 10405 72901 29045 10405 72901 29045 110245 3925 29045 10405 29045 10405 10405 72901 29045 3925 29045 29045 72901 110245 110245 714425 72901 29045 10405 3925 4850 72901 51914 29045 29045 13877785 29045 29045 72901 714425 72901 459850 459850 72901 29045 10405 29045 72901 72901 2185625 463114 10405 72901 10405 29045 72901 110245 29045 72901 110245 72901 3737 29045 300050 2425 273205 10405 72901 10405 463114 4369 4850 29045 10405 459850 2425 29045 273205 29045 29045 29045 10405 72901 29045 10405 29045 29045 29045 459850 3925 29045 158927225 3925 29045 459850 110245 72901 10405 72901 29045 10405 10405 29045 110245 10405 72901 1143250 72901 29045 29045 29045 4369 4369 48312010 10405 29045 2916010 170 72901 176290 3925 72901 10405 463114 273205 3925 10405 72901 463114 463114 10405 29045 29045 3925 110245 273205 3925 10405 10405 3925 3737 4850 273205 29045 29045 29045 29045 714425 72901 10405 29045 72901 463114 3925 29045 10405 72901 463114 463114 3925 170 3737 29045 10405 3737 3925 3925 29045 463114 29045 170 29045 273205 459850 3925 10405 10405 10405 459850 10405 72901 72901 72901 29045 110245 3925 72901 29045 29045 72901 463114 29045 10405 110245 29045 10405 10405 10405 110245 29045 10405 3737 29045 29045 29045 72901 273205 29045 29045 463114 29045 29045 10405 72901 29045 29045 10405 273205 10405 29045 10405 29045 72901 3925 2425 72901 29045 4251845 29045 10405 29045 29045 1919249 72901 29045 463114 29045 10405 3925 29045 72901 10405 10405 72901 10405 29045 10405 72901 29045 72901 176290 10405 29045 29045 110245 12023845 714425 110245 459850 3207154 170 459850 29045 72901 29045 29045 459850 29045 170 29045 29045 200320130 29045 176290 29045 72901 29045 72901 4369 10405 72901 72901 72901 17070010 10405 3925 10405 29045 29045 463114 29045 29045 10405 72901 10405 29045 29045 29045 10405 29045 4802045 72901 72901 110245 72901 72901 29045 10293925 29045 72901 
170 122434 170 45002 170 679225 170 170 61217 170 170 170 45002 170 170 170 55114 45002 170 679225 45002 61217 170 170 170 170 112897 170 170 170 45002 170 170 1050905 112897 170 170 170 170 170 45002 170 170 170 170 5301490 170 170 170 170 170 11289601 45002 4488010 170 45002 170 170 45002 45002 170 170 170 170 61217 170 170 170 170 170 261994 679225 41835025 112897 122434 170 170 170 170 61217 170 170 170 170 170017 170 170 170 45002 45002 170 170 170 261994 170017 170 170 61217 170 170 679225 170 170 170 112897 170 170 2570 170 45002 45002 170 45002 170 170 45002 45002 170 170 45002 45002 170 170 170 170 170 170 45002 170 45002 170 170 4900505 170 170 45002 170017 170 170 170 170 122434 170 170 61217 170 170 45002 170 170 170 170 61217 170 61217 170017 4234 45002 170 170 170 170 45002 170 170 170 170 61217 170 45002 170 45002 170 170 679225 170017 45002 170 45002 170 45002 170 170 45002 170 170 45002 112897 1050905 170 58064401 170 170 45002 170 767377 170 170 45002 170 45002 1050905 170 170 170 170 45002 43658050 45002 170 170 170 170 55114 45002 61217 170 170 170 170 170 45002 170 45002 45002 61217 61505617 170 36942085 679225 170 170 170 170 170 170 45002 45002 45002 170 131665 170 170 59170 170 170 12446785 170 767377 170 261994 170 170 170 61217 45002 170 170 170 170 170 170 45002 2570 61217 170 45002 170 61217 170 170 170 61217 679225 170 170 170 170 170 61217 170 170 170 679225 112897 170 170 170 112897 170 170 45002 170 45002 170 170 170 170 170 170 170 170 112897 170 170 45002 170 1050905 170 45002 170 170 122434 45002 170 2212405 170 170 170 170 170 45002 170 170 170 170 170017 45002 61217 170 170 170 170 170 170 40269125 2570 170 170 170 170 170 170 170 45002 679225 61217 170 170 170 170 170 45002 170 261994 170 45002 170 170 170 170017 170 679225 170 170 170 2570 170 170 170 45002 170 170 170 45002 170 170 679225 170 45002 170 170 59170 170 170 170 170 170 170 170 45002 170 45002 170 679225 170 170 170 112897 170 122434 170 170 45002 122434 170 45002 170 170 170 170 61217 170 45002 170 170 170 170 45002 170 170 45002 45002 170 170 170 4488010 170 170 170 1050905 45002 170 679225 170 170 45002 170 170 170 170 170 170 170 61217 112897 170 170 170 170 170 170 112897 3434 170 170 170 45002 170 170 170 45002 170 170 61217 61217 170 170 261994 2570 170 170 112897 122434 170 170 170 170 112897 45002 170 45002 170 170 61217 170 170 170 61217 61217 170 170 170 170 170 170 679225 170 170 45002 170 170 61217 170 61217 170 112897 61217 170 170 679225 112897 170 122434 112897 679225 1812445 170017 61217 61217 170 170 170 170 170 170 1050905 170 45002 170 170 170 170 170 170 170 170 61217 170 45002 112897 122434 170 59170 170 61217 170 170 45002 170 170 261994 45002 170 170 55114 
18685 170 18685 170 720002 18685 170 727402 170 1050905 170 18685 18685 18685 18685 18685 34 170 18685 170 170 170 18685 18685 18685 18685 18685 170 170 170 170 170 18685 18685 18685 18685 34 34 170 18685 18685 170 43690 170 170 170 18685 18685 170 170 18685 170 170 170 18685 18685 1050905 170 170 18685 170 18685 18685 18685 170 170 170 170 18685 170 18685 170 18685 170 32453525 170 170 170 170 206890 170 170 18685 463114 170 34 18685 170 170 170 170 170 18685 18685 18685 170 18685 170 18685 170 170 170 18685 18685 18685 170 18685 170 18685 18685 18685 463114 170 170 18685 34 112370 170 170 1050905 170 18685 170 170 18685 170 1050905 170 170 40269125 18685 170 18685 18685 170 34 34 18685 18685 34 18685 170 170 18685 262450 18685 170 170 18685 170 170 170 18685 170 170 18685 18685 170 18685 170 18685 18685 18685 170 170 170 170 18685 170 170 18685 170 18685 170 164384714 18685 17170 170 170 170 170 34 18685 18685 170 170 18685 18685 170 18685 18685 18685 18685 18685 18685 170 170 18685 170 170 18685 145802 18685 18685 34 170 18685 170 18685 18685 170 170 170 170 170 18685 18685 170 18685 18685 18685 34 34 170 170 1018145 1050905 18685 170 34 170 1050905 170 170 170 18685 170 170 18685 170 170 170 170 170 170 206890 170 18685 170 34 170 170 18685 108574850 1050905 170 170 170 34 170 18685 170 170 18685 18685 18685 18685 170 170 170 18685 170 170 170 18685 18685 170 170 18685 18685 18685 18685 34 170 170 170 18685 170 18685 18685 170 170 18685 18685 170 170 18685 18685 170 170 18685 18685 170 1450 170 18685 18685 170 170 
17 89725 884425 18685 17 17 17 17 17 45002 45002 12325 17 17 17 679225 17 666658 17 679225 170 17 17 17 45002 9802 45002 17 17 45002 170 170 9802 1133458 45002 17 17 12631765 720002 17 17 45002 18685 45002 89725 720002 45002 45002 679225 9802 17 17 135825002 17 45002 17 45002 17 18685 17 17 17 9802 17 17 679225 17 17 17 45002 17 45002 10 9802 884425 17 679225 17 17 17 17 5301490 9802 9802 17 45002 170 17 720002 9802 679225 45002 45002 45002 9802 17 45002 17 17 17 12325 17 33331594 17 45002 89725 9802 679225 170 17 43690 2138170 17 17 720002 720002 17 9802 17 17 9802 9802 17 45002 17 17 21172117 17 9802 170 679225 17 45002 45002 12325 17 89725 13450 89725 45002 17 17 45002 464290 9802 17 17 17 17 12325 45002 17 9802 17 9802 18685 45002 10 17 45002 17 17 9802 17 17 17 679225 45002 45002 45002 45002 17 17 679225 17 17 12325 45002 45002 45002 45002 45002 17 12325 45002 5301490 10 17 9562517 45002 17 679225 45002 17 45002 17 92734025 17 679225 261994 17 9802 45002 45002 17 17 17 679225 9802 45002 17 17 45002 17 170 12325 17 17 17 45002 415874 45002 12325 17 45002 17 9802 45002 17 17 17 45002 17 45002 17 18685 89725 261994 170 17 17 17 170 17 17 45002 17 17 45002 17 45002 170 45002 10 17 17 43690 9802 18685 45002 18685 884425 17 17 17 17 45002 10 17 679225 17 261994 17 17 17 10 17 45002 720002 45002 45002 17 17 45002 45002 17 720002 89725 45002 115202 17 9802 17 45002 45002 17 17 17 170 9802 261994 17 17 17 45002 17 18685 17 45002 884425 9802 45002 17 17 17 45002 17 45002 17 9802 45002 17 9802 17 17 45002 45002 17 17 17 17 170 170 45002 679225 17 17 17 261994 17 314146370 12325 17 45002 17 17 17 89725 720002 17 17 17 45002 679225 45002 45002 17 45002 170 45002 9802 17 45002 45002 17 17 17 9802 261994 17 884425 45002 89725 45002 9802 45002 17 17 21172117 17 679225 45002 17 12325 
10405 18685 276770 18685 45002 10405 10405 170 4369 10405 276770 45002 17 970 4369 10405 17 10405 15317 45002 17 10405 17 10405 10405 18685 970 4369 15317 261994 15317 679225 4369 18685 17 17 10405 4369 15317 45002 239434 170 10405 10405 17 45002 15317 4369 45002 17 15317 45002 10405 17 4369 17 17 17 17 10405 4369 679225 17 10405 15317 18685 102154 17 17 17 45002 37970245 239434 170 10405 45002 45002 15317 45002 102154 10405 317766277 170 10405 10405 17 10405 15317 15317 15317 15317 170 10405 10405 170 10405 15317 15317 679225 4369 15317 45002 4369 17 45002 714425 45002 10405 17 45002 4369 17 45002 45002 17 18685 10405 18685 4369 17 45002 17 4369 15317 170 15317 17 170 17 45002 17 170 15317 10405 45002 10405 170 17 18685 18685 17 45002 10405 17 45002 17 45002 15317 4369 12023845 10405 10405 45002 45002 17 45002 69092369 15317 45002 45002 45002 192598885 10405 10405 45002 276770 15317 17 10405 45002 45002 8738 15317 4369 45002 10405 45002 239434 17 15317 71978 10405 15317 170 170 15317 45002 17 17 10405 45002 17 141853490 17 15317 45002 45002 10405 121685 17 15317 10405 679225 15317 15317 10405 4369 4369 15317 10405 10405 15317 17 17 170 102154 17 45002 464290 45002 15317 4369 3207154 17 170 17 15317 4369 17 121685 170 10405 45002 4369 170 15317 4369 17 447959317 679225 17 17 17 15317 170 8304517 45002 10405 45002 17 17 45002 17 15317 10405 170 45002 45002 10405 45002 17 10405 17 4369 18685 45002 45002 10405 15317 17 45002 679225 45002 10405 17 10405 4369 17 10405 45002 239434 10405 15317 45002 10405 45002 17 10405 17 239434 17 45002 10405 1116050 45002 17 45002 15317 4369 17 45002 10405 17 18685 15317 10405 170 239434 10370 45002 10405 4369 102154 15317 714425 4369 15317 15317 8304517 17 45002 10405 45002 10405 970 10405 17 4369 10405 17 45002 15317 170 17 17 45002 17 45002 15317 276770 17 10405 17 17 10405 15317 45002 15317 45002 131665 10405 170 17 17 4369 17 4369 62317225 45002 170 10405 17 10405 45002 45002 4369 17 4369 15317 17 45002 17 45002 10405 170 45002 170 679225 18685 45002 17 12023845 10405 4369 17 15317 15317 45002 239434 15317 15317 10405 4369 10405 17 45002 17 45002 4369 10405 45002 45002 170 45002 4369 679225 45002 4369 17 45002 17 10405 17 17 15317 102154 45002 17 4369 17 17 15317 17 45002 45002 17 679225 714425 17 15317 17 17 17 29215370 45002 10405 45002 15317 45002 15317 15317 170 45002 10405 10405 45002 276770 239434 10405 38054090 45002 15317 15317 10405 17 10405 45002 45002 15317 45002 45002 15317 104050 4369 15317 45002 8304517 45002 71978 10405 45002 17 4369 17 13450 464290 45002 170 10405 10405 10405 15317 102154 4369 45002 17 45002 45002 17 15317 17 15317 10405 45002 679225 10405 45002 679225 121685 10405 10405 45002 10405 10405 17 170 17 17 45002 170 239434 679225 10405 170 45002 15317 15317 45002 15317 4369 45002 10405 15317 45002 10405 4369 17 10405 17 679225 170 15317 45002 17 3082729 17 45002 102154 10405 276770 15317 10405 45002 4369 17 18685 45002 45002 15317 4369 17 170 45002 15317 15317 45002 10405 15317 17 45002 15317 170 10405 4369 679225 45002 10405 45002 45002 714425 15317 17 15317 45002 10405 45002 45002 45002 10405 10405 45002 45002 170 170 10405 10405 17 45002 15317 10405 170 45002 4369 45002 10405 
74 74 4357 328250 4357 370 4357 74 2425 4357 74 74 16825 40752490 74 4357 74 16825 74 4357 16825 74 363701 101 4357 16825 74 101 74 74 74 4357 74 16825 4357 190450 16825 74 74 74 74 74 74 74 1654865 31754 10730 74 74 74 74 74 74 8245 74 74 4357 74 74 363701 4357 74 74 1654865 74 4357 2425 4357 74 1654865 4357 74 4357 4357 74 74 74 2425 4357 4357 74 16825 74 4357 4357 16825 190450 74 4357 74 1701445 8245 74 74 29253025 16825 190450 74 4357 1654865 1765 4357 74 4357 4357 74 2517770 74 74 2517770 190450 190450 2425 74 74 26293865 4357 74 74 74 2425 101 74 16825 4357 74 74 74 74 74 101 190450 4357 16825 16825 74 74 74 74 74 4357 74 10730 8245 74 4357 101 290 4357 74 4357 4357 363701 101 74 8245 74 74 74 4357 74 74 60092825 16825 4357 74 74 74 74 74 74 74 74 16825 2425 4357 74 10730 16825 74 16825 4357 74 101 16825 74 74 74 101 4357 74 370 10730 74 4357 1654865 74 74 74 4357 74 16825 190450 74 74 74 1654865 74 74 10730 4357 74 74 74 74 74 74 
170 145802 170 13450 18685 18685 19018 18685 18685 170 18685 13450 18685 13450 13450 34 170 19018 34 170 1128970 18685 170 3145 170 170 18685 18685 1450 19018 18685 18685 170 170 170 13450 18685 18685 19018 13450 170 34 170 170 19018 5896985 13450 170 13450 170 18685 18685 18685 18685 170 55701650 18685 18685 18685 18685 18685 18685 36101 13450 36101 18685 18685 170 19018 18685 18685 19018 19018 170 170 170 34 18685 170 170 18685 13450 170 463114 170 18685 170 170 18685 36101 170 18685 34 18685 36101 18685 13450 34 18685 18685 19018 19018 1018145 18685 170 36101 170 18685 19018 34 13450 18685 18685 19018 18685 18685 13450 145802 103162370 18685 170 170 13450 170 19018 170 34 3145 19018 34 18685 170 18685 170 18685 170 18685 18685 18685 170 18685 13450 170 18685 18685 18685 36101 18685 170 170 3145 170 727402 170 18685 13450 170 19018 19018 13450 13450 18685 18685 34 18685 170 18685 18685 13450 145802 13450 463114 18685 19018 13450 170 170 1018145 170 18685 18685 18685 18685 170 18685 13450 170 170 170 18685 18685 170 3145 170 18685 18685 3145 170 13450 170 18685 170 18685 1601 170 18685 31248101 170 262450 170 18685 36101 13450 170 13450 34 13450 18685 170 13450 112370 170 13450 170 34 170 18685 34 18685 18685 18685 36101 19018 3145 18685 18685 170 18685 170 18685 34 206890 18685 170 18685 18685 170 3145 18685 31248101 3145 18685 3145 170 34 13450 13450 463114 170 36101 170 19018 13525 18685 13450 19018 19018 18685 19018 112370 18685 170 13450 34 34 170 170 19018 170 170 34 18685 18685 170 96294817 170 170 18685 170 13450 19018 18685 18685 19018 170 170 170 170 18685 170 170 18685 463114 13450 18685 18685 18685 18685 170 34 313378 34 18685 3145 
13450 13450 465125 465125 85 18685 18685 19018 465125 370 19018 36101 36101 465125 36101 19018 13450 36101 18685 19018 118354085 13450 54434 370 18685 3145 19018 18685 36101 36101 18685 465125 13525 19018 8825 19018 18685 36101 13450 18685 19018 18685 19018 465125 3145 85 36101 3145 18685 19018 18685 19018 13450 36101 465125 13450 13450 19018 465125 4460545 13450 370 85 19018 19018 19018 18685 19018 465125 18685 19018 465125 465125 36101 2513570 18685 18685 36101 18685 13450 19018 3145 465125 19018 170 18685 2657525 3145 19018 19018 18685 13450 18685 19018 13450 13450 36101 13450 36101 36101 19018 19018 465125 19018 465125 19018 19018 36101 18685 19018 19018 36101 19018 239434 465125 18685 13450 36101 465125 465125 465125 465125 18685 19018 36101 3145 19018 19018 19018 
15317 10405 10405 29045 10405 29045 10405 29045 10405 29045 10405 4369 15317 734474 170 15317 29045 102154 29045 29045 29045 29045 10405 10405 10405 10405 29045 10405 29045 170 29045 29045 15317 10405 29045 10405 29045 170 4850 29045 29045 4369 10405 14382085 10405 276770 10405 10405 4369 10405 970 459850 10405 10405 10370 459850 10405 10405 10405 169010 10405 10405 29045 15317 29045 714425 29045 4369 29045 121685 29045 10405 10405 29045 273205 10405 3207154 102154 459850 29045 29045 15317 10405 714425 4369 10405 10405 10405 370 4369 4369 10405 10405 29045 29045 29045 29045 29045 10405 15317 29045 15317 10405 4369 10405 10405 10405 15317 10405 10405 102154 10405 29045 10405 29045 10405 29045 276770 29045 29045 29045 29045 10405 29045 10405 29045 273205 459850 15317 29045 15317 29045 102154 29045 10405 29045 1143250 10405 486725 29045 10405 10405 4369 29045 4369 10405 29045 29045 29045 10405 29045 
17 170 17 9802 17 17 17 170 45002 9168970 17 45002 9802 17 45002 17 170 17 17 1036325 45002 112897 9802 679225 9802 17 170 61217 9802 261994 45002 17 170 112897 61217 17 170 9802 9802 170 17 17 261994 17 170 17 17 9802 45002 261994 9168970 170 170 170 170 45002 17 17 170 17 17 9802 170 45002 9802 17 45002 45002 17 170 45002 45002 17 112897 170 679225 17 720002 17 9802 170 170 170 17 170 17 17 17 17 9802 170 170 720002 17 17 45002 170 17 45002 17 43690 17 170 17 170 45002 17 170 9802 10 170 9802 170 17 17 17 9802 17 9802 21385802 17 17 17 17 45002 170 170 17 17 45002 17 45002 45002 170 45002 45002 17 720002 17 17 45002 17 45002 17 170 170 679225 17 170 17 17 17 17 9802 45002 112897 45002 679225 17 679225 17 17 61217 45002 17 170 17 170 17 43658050 61217 112897 9802 1133458 45002 679225 45002 61217 720002 679225 6356597 112897 720002 17 
112897 45002 45002 18685 19018 19018 45002 3849850 112897 13450 18685 45002 60792850 45002 170 170 45002 19018 45002 18685 18685 170 3145 18685 45002 19018 13450 18685 170 112897 18685 34 112897 19018 112897 45002 17 45002 45002 170 18685 45002 170 18685 463114 112897 13450 45002 18685 170 18685 170 18685 463114 45002 18685 170 112897 2570 19018 3145 170 18685 18685 45002 18685 170 170 1450 18685 18685 19018 19018 17 45002 9010 45002 170 170 361010 19018 170 19018 34 170 18685 17 34 170 18685 45002 18685 18685 170 13450 18685 170 18685 19018 18685 45002 45002 17 45002 45002 51850 45002 17 13450 19018 170 19018 13450 45002 18685 18685 112897 18685 61217 170 170 17 170 19018 45002 17 18685 18685 145802 18685 19018 13450 18685 170 170 170 13450 3849850 17 18685 45002 170 45002 45002 45002 170 19018 18685 45002 170 18685 170 170 3145 17 18685 45002 170 370 170 19018 170 170 3145 170 170 45002 170 45002 45002 1450 45002 45002 170 112897 45002 370 34 544970 17 45002 18685 170 45002 170 18685 34 45002 45002 3145 19018 45002 18685 112897 18685 34 170 170 18685 170 34 13450 45002 45002 34 170 170 145802 170 18685 19018 19018 45002 45002 18685 18685 170 45002 45002 112897 45002 45002 34 112897 18685 18685 165399065 18685 18685 2480725 45002 18685 45002 13450 170 112897 19018 3849850 13450 18685 18685 18685 13450 45002 17 18685 170 51850 170 18685 112897 45002 170 13450 19018 21234250 45002 170 34 18685 45002 170 18685 45002 2570 170 18685 45002 45002 170 170 170 13450 19018 18685 13450 170 19018 170 170 170 18685 45002 45002 268644505 170 170 45002 18685 45002 170 18685 170 13450 18685 170 19018 18685 45002 34 170 18685 45002 18685 170 45002 112897 17 18685 45002 3145 45002 170 17 370 170 45002 19018 18685 45002 19018 18685 1227434 370 45002 170 2570 2570 170 170 17 2513570 18685 145802 19018 170 18685 45002 275570 13450 19018 18685 17 170 170 45002 170 18685 170 18685 170 18685 170 18685 34 45002 170 170 170 170 18685 13450 61217 17 13450 45002 170 170 45002 
1717 136085 1717 1717 505 505 240101 136085 1717 1717 1717 202 77450 2594 17942090 1717 1717 202 505 1717 1717 202 2594 1717 3737 1717 1717 202 1717 1717 3737 3737 202 34077170 202 7393285 2594 1717 240101 1717 3838498 2594 2594 202 940325 202 202 9751250 3737 1717 1717 3737 1717 3737 3737 202 3737 1717 1717 202 136085 2594 202 202 1717 202 202 505 1717 2594 2594 240101 1717 202 1240025 202 136085 202 505 202 1717 1717 1747250 1717 202 1717 202 3737 136085 202 55114 202 202 202 1717 202 1717 1747250 1717 1717 
4357 5140514 27217 538645 10370 188065 4357 4357 4357 10370 27217 4357 188065 188065 11333957 181337 4357 4357 4357 188065 27217 27217 27217 188065 4357 4357 4357 10370 4357 4357 10370 188065 188065 188065 188065 4357 27217 10370 169010 4357 188065 4357 538645 27217 4357 4357 2517770 4357 4357 1654865 169010 4357 4357 188065 4357 4357 4357 10370 27217 4357 546410 188065 10370 4357 27217 188065 538645 1227434 4357 188065 4357 10370 27217 4357 3737 27217 4357 188065 188065 4357 10370 4357 4357 3737 188065 10370 4357 1654865 10370 4357 10370 4357 188065 27217 4357 74257625 188065 10370 4357 188065 188065 2281250 4357 188065 169010 4357 4357 188065 538645 538645 10370 188065 4357 188065 4357 188065 188065 4357 188065 27217 2281250 4505 4357 4357 188065 188065 4357 4357 188065 188065 4357 4357 188065 27217 1654865 10370 4357 10370 4357 188065 4357 2281250 27217 10370 4357 4357 4357 4357 27217 1654865 10370 4357 65403845 4505 4357 188065 37829045 188065 169010 4357 10370 188065 4357 188065 188065 4357 4357 4357 4357 4357 27217 4357 27217 4357 188065 188065 27217 3737 4357 4357 16908125 546410 188065 4357 10370 27217 538645 4357 188065 4357 4357 1765 10370 4357 1654865 4357 188065 188065 4357 4357 4357 188065 4357 544505 188065 4357 188065 188065 4357 4357 4357 1765 10370 3737 188065 10370 4357 188065 188065 27217 
6290 3737 3737 1258 3737 3737 41225 2594 2113145 136085 77450 1717 1258 2594 3737 195365 1258 1258 3737 3737 1258 1258 1258 1258 2113145 24050 195365 3737 6290 1258 3737 1258 1258 3737 136085 1258 3737 2594 3737 1258 49010 3737 136085 3737 3737 24050 49010 3737 3737 3737 1258 2594 3737 3737 136085 3737 136085 3737 1258 1258 3737 136085 3737 3737 24050 3737 3736394 3737 1272385 3737 3737 136085 136085 3737 3737 3737 24050 3737 1258 3737 2594 24050 136085 2594 3737 3737 24050 2113145 3737 2594 3737 1258 3737 3737 1258 1717 3737 1717 2594 3737 3737 1258 3737 24050 1258 3737 3737 3737 1258 1258 1258 220505 3737 3737 1258 3737 24050 3737 136085 3737 1258 2594 3737 3737 3737 3737 3737 1258 24050 1258 3737 18727202 3737 1717 2594 3737 2594 3737 2594 1258 3737 3737 3737 2113145 6290 49010 3737 3737 3168085 136085 6290 1717 136085 2594 2594 3737 3737 1258 2113145 1258 49010 1258 1258 7850785 3737 3737 1747250 3737 2594 3737 24050 3737 3737 1258 24050 3737 2594 3737 3737 1258 3737 1258 3737 136085 3737 1717 1258 3737 24050 3737 136085 1258 2594 3737 3737 1717 3737 3737 3737 3737 2594 2594 3737 3737 3737 3737 77450 3737 3737 49010 1258 3737 1717 136085 2594 3737 3737 6290 3737 3737 10738730 3737 3737 2594 3737 3737 49010 3737 3737 3737 18727202 55114 1717 1258 3737 136085 3737 1258 1717 1258 1717 3737 1258 3737 3737 24050 136085 49010 3737 3737 3737 49010 3737 3737 1258 3737 3737 3737 3323690 1258 2979925 3737 3737 1717 3737 1258 2594 1258 3737 3737 3737 1983050 24050 3737 3737 1717 3737 136085 3737 3737 136085 3737 24050 1258 3737 3737 3737 49010 1258 1258 24050 3737 1258 3737 1258 3737 3737 2594 3737 3737 3737 1258 6290 3737 3737 1258 90747394 136085 2594 3737 3737 136085 24050 3737 3737 3737 3737 3737 1258 2113145 6290 3737 3737 3737 3737 3737 3737 3737 136085 3737 136085 3737 1258 3737 3737 3737 3737 24050 2594 2979925 3737 136085 3737 2594 1258 1747250 136085 3737 1258 1717 3737 3737 136085 136085 1272385 3737 1258 3737 3737 1258 24050 1258 3737 3737 1258 3737 77450 3737 468469 136085 220505 136085 1258 49010 3737 3737 2113145 1717 220505 24050 1258 6290 1717 3737 1258 1258 49010 3737 3737 136085 3737 3737 2594 136085 136085 1258 16017625 2325625 3737 3737 1717 3737 24050 220505 3737 1258 1258 136085 136085 3737 3737 3737 2113145 1258 3737 3737 7360405 2594 3737 55114 1258 1258 3737 1717 3737 7850785 195365 3737 136085 1258 3737 3737 1717 1258 2594 1258 49010 3737 136085 3737 1258 195365 1258 41225 1258 3737 3737 24050 136085 2517770 220505 1258 3737 3737 49010 1258 1258 3737 1258 136085 3737 25648325 24050 1717 1258 6290 136085 3737 3737 1258 24050 3737 2594 1258 220505 1258 49010 2594 3737 195365 136085 1258 220505 1258 1258 1258 2594 3737 7850785 3737 1717 3737 3737 3737 3737 2594 3737 136085 1258 3737 3737 3737 1258 2594 3737 3737 2113145 24050 6290 3737 7850785 3737 3737 24050 3737 1258 1258 136085 1258 1258 3737 3737 3737 3737 7850785 2594 2737802 49010 1258 6290 2594 1258 49010 3737 3737 3737 2594 12517445 77450 1258 1258 24050 1258 3737 136085 1258 3737 3737 220505 24050 3737 24050 49010 3737 1258 3737 1258 1717 1258 3737 49010 2113145 3737 49010 3737 50824405 3737 1717 3737 3737 24050 6290 1258 3737 3737 
5365 3530 485 485 34 4850 485 485 3530 5365 485 269125 5766410 34 485 49010 485 485 485 3530 485 485 485 485 2570 485 34 485 485 485 485 485 3050650 3530 485 485 485 3530 5365 34 34 3530 2036290 5618005 485 3530 3530 485 501265 34 485 10575505 3530 34 485 485 485 485 485 5365 485 34 49010 1685450 19018 3530 3530 485 5365 3530 3530 485 485 34 3530 3959705 485 3530 34 3530 3530 3530 3530 34 485 485 49010 2570 34 485 1331593 3530 5365 485 485 485 18434 485 987530 34 34 3530 485 62725 146450 34 34 34 34 485 485 4850 3530 485 485 19018 19018 2036290 485 1983050 987530 3530 3530 987530 3530 485 514 3530 987530 34 485 485 485 3530 485 3530 3530 485 62725 485 3530 1258 34 3530 3530 5365 34 485 3530 3530 485 3530 485 34 1258 34 485 5365 1331593 485 34 34 1331593 34 485 3530 485 34 34 485 514 3530 5365 12970 485 3530 34 2036290 485 34 485 5365 49010 485 34 3530 34 5365 485 485 3530 485 34 485 485 501265 485 485 34 5365 4850 1331593 5365 485 485 485 3530 485 485 34 3530 485 3317770 485 3530 485 485 5618005 34 34 485 485 1331593 485 485 19018 3530 485 12970 34 34 485 5365 3530 34 485 34 485 62725 3530 21257650 10575505 485 485 485 485 3530 485 5365 485 34 62725 485 1331593 34 34 3530 3530 485 34 3530 485 34 3530 19018 49010 34 34 2036290 485 485 5365 34 485 485 3530 34 3530 3530 3530 269125 4189225 3530 3050650 34 49010 34 34 34 485 34 3530 34 5365 485 34 3530 485 3530 485 62725 62725 3530 3530 485 3530 1331593 62725 485 485 1331593 485 485 34 485 485 3530 485 34 3530 34 3530 34 485 485 3530 3530 485 34 3530 485 3530 1331593 485 485 3530 1685450 485 2570 34 5365 485 34 34 485 34 49010 1258 3530 485 3530 3530 16581185 34 34 5365 3530 3530 3530 3530 34 485 485 485 485 5365 34 34 77145925 10575505 1331593 5365 3530 1665074 34 485 1685450 485 485 485 3530 485 4189225 34 485 5766410 34 1331593 5365 34 3530 1331593 19018 485 34 62725 485 34 21257650 485 34 3530 485 62725 5365 485 3530 5365 3530 485 34 485 34 3530 485 3530 485 485 34 485 1665074 34 34 485 485 485 34 485 3530 1331593 3530 485 34 3530 485 34 49010 5365 49010 485 3530 5365 485 485 34 34 6472325 3530 3530 34 3530 485 485 485 34 19018 34 485 3530 34 485 34 34 3530 34 3530 485 269125 5365 485 34 3530 5365 3530 485 3530 485 1331593 3530 485 62725 34 34 1685450 3530 485 3530 485 
8245 2594 1717 202 202 1717 1717 1240025 1717 202 3737 8245 202 202 202 1717 2594 1717 202 1717 1717 240101 202 505 202 202 202 156658 8245 1717 1717 1717 202 3737 434314 1717 1717 1717 1717 202 202 202 77450 1717 202 1717 202 1240025 202 3737 940325 202 202 202 202 240101 202 686450 1717 1717 1717 202 1717 1717 1717 202 1717 202 202 1717 74 1717 3737 3737 1717 202 202 74 2594 1717 505 3737 202 202 202 202 74 136085 1717 1332970 3737 202 1717 8245 1717 8245 202 202 1717 1717 202 1717 1717 202 505 202 202 8245 2594 202 202 202 77450 1717 202 1717 1717 202 1717 202 202 3737 1717 3737 202 1717 1717 3737 202 3737 1717 202 1717 202 55114 1717 202 2594 202 1717 1717 2594 1717 8245 1717 3737 202 1717 202 8245 1717 202 1717 1717 3737 1717 8245 202 8245 3737 1717 1717 202 202 1717 1717 1717 202 202 1717 202 1717 1717 434314 1717 55114 202 940325 3737 1717 1717 1717 3737 202 202 1717 1717 202 1717 1717 1717 202 2594 940325 1717 202 1717 3737 2594 202 505 1717 8245 11704505 1717 505 202 202 77450 505 505 1717 505 505 202 202 1717 1717 202 202 1717 74 202 202 202 3737 1717 3737 202 1717 5270770 202 202 202 3737 1717 3737 1240025 1717 202 1717 505 1717 202 1717 202 202 202 202 202 202 202 202 1717 202 1717 1717 1717 202 3737 3737 2594 202 55114 2594 1717 202 202 1717 1240025 202 202 240101 3737 2594 2594 17942090 2594 1717 1717 505 1717 1717 240101 1717 2594 202 2594 1717 202 3737 1717 1332970 1717 202 240101 8245 3737 8245 1717 1717 505 202 202 202 3737 1717 940325 1717 202 156658 1717 1717 202 8245 2594 202 202 202 202 1717 1717 1717 1717 1717 1717 1717 202 1717 8245 181337 505 1717 202 8245 1717 202 202 2594 202 1717 202 3737 1717 202 8567609 1717 8245 202 940325 202 1717 202 505 1717 1717 8245 2594 202 1717 1717 3737 1717 1717 1717 2506325 1717 3737 505 
10405 10405 1717 10405 1717 10405 4369 10405 3737 15317 10405 3737 1717 2594 4369 10405 15317 4369 1717 3737 4369 3737 102154 459850 15317 1717 1717 10405 1717 15317 1919249 1717 1717 2594 2594 10405 15317 15317 202 4369 10405 3396125 15317 15317 1717 10405 10405 10405 10405 15317 1717 1717 1717 1717 1717 3737 1717 202 71978 1717 15317 1717 71978 10405 239434 10405 3737 10405 1717 10405 1717 239434 1717 15317 4369 1717 1717 4369 2594 4369 15317 2594 4369 3737 1717 3737 1116050 15317 239434 10405 2594 10405 3737 970 2594 464290 15317 1717 1717 8304517 10405 459850 10405 15317 294396965 4369 1717 202 1717 1717 10405 714425 202 2594 4369 4369 202 10405 3737 10405 202 202 2594 4369 10405 2594 1717 3737 2594 1717 1717 464290 4369 4369 1717 4369 3207154 121685 4369 1717 2594 1717 459850 10405 1717 10405 1717 10405 3737 10405 1717 10405 4369 4369 4400570 1717 102154 1717 10405 10405 714425 1717 4369 4369 10405 10405 15317 4369 10405 15317 3737 71978 15317 10405 3249010 10405 714425 10405 1717 1717 10405 10405 10405 4369 1717 1717 15317 239434 1717 4369 1717 4369 136085 4369 173068585 102154 10405 1717 10405 10405 4369 10405 10405 1717 10405 1717 15317 1717 4369 10405 10405 2594 10405 3737 239434 15317 6393890 2594 459850 15317 4369 10405 464290 4369 1717 10405 1717 459850 1717 4369 202 15317 202 10405 2594 2594 3737 3737 2594 1717 202 4369 1717 3737 10405 15317 10405 4369 1717 3737 1717 4369 3737 464290 1717 2594 15317 2594 202 1717 10405 4369 2594 2594 1717 10405 15317 10405 1717 1717 15317 10405 4369 15317 1717 4369 4369 4369 10405 10405 15317 3737 15317 10405 970 4369 10405 10405 10405 104050 239434 1717 2594 4369 121685 1717 104050 1717 10405 4369 4369 3737 4369 15317 15317 15317 4369 37970245 10405 10405 1717 3737 1717 104050 2594 10405 1717 4369 10405 1010 4369 1717 4369 239434 10405 202 102154 1717 970 1717 4369 4369 15317 10405 1717 10405 1717 1717 121685 10405 102154 1717 4369 1717 1717 1717 4369 10405 4369 1717 202 202 239434 1717 15317 15317 1717 4369 239434 10405 15317 1717 1717 10405 1717 2594 10405 1717 10405 4369 4369 15317 15317 15317 10405 10405 15317 1717 10405 10405 202 202 2594 2594 239434 1717 10405 10405 1717 15317 4369 10405 10405 1717 15317 2594 10405 
5365 3530 1331593 4356010 1331593 2594 5365 485 485 2594 1717 34 1717 485 3638050 34 1331593 1717 19018 485 34 485 34 3530 3530 3530 3530 5365 3737 2594 1717 1685450 485 501265 485 485 3530 3530 4850 34 3530 485 3530 485 485 3530 3530 485 34 3530 2594 485 3530 485 3530 1717 987530 34 34 485 514 3530 485 485 34 5365 1717 269125 1331593 34 34 2594 5365 1717 3737 3530 3530 485 987530 485 1717 485 485 1717 2594 485 34 3737 485 3530 5365 1717 34 987530 485 62725 34 34 485 34 62725 3530 1685450 485 3737 5365 34 34 485 485 485 5365 34 514 3530 3530 10575505 3530 485 19018 485 34 34 269125 3737 269125 987530 485 3530 4189225 485 3530 34 1685450 3530 34 3530 18434 3530 34 485 987530 3530 34 485 34 3530 1717 3530 5365 485 34 2570 485 485 485 62725 485 485 34 34 62725 1717 485 34 1331593 34 485 34 3530 3530 485 485 34 34 3530 34 1685450 2594 34 3530 1331593 3530 34 485 34 485 34 34 3530 34 34 34 34 34 3530 3530 34 3737 485 1717 485 34 34 3530 501265 136085 34 485 34 485 19018 485 485 485 3530 1331593 34 1665074 34 62725 3530 485 34 34 34 13577365 485 3530 34 485 4850 3530 3530 485 34 12513625 3530 34 485 5365 62725 3530 2594 1717 34 34 34 485 485 34 34 485 4850 5365 34 3530 485 34 5618005 2594 3530 501265 3530 3530 5365 485 34 34 485 485 2594 485 3530 3530 3530 34 1331593 34 485 3530 34 5991050 485 34 1717 485 269125 3530 485 1717 3530 34 62725 3530 62725 34 34 485 34 34 1717 34 34 34 3530 5365 1331593 5365 485 2036290 34 5365 34 3737 3530 1717 3737 485 2594 485 485 1717 3737 269125 34 485 3530 485 4356010 4284085 1717 1665074 2594 1717 3737 3530 485 3530 485 485 485 485 485 2594 3737 1717 485 34 3530 34 3737 485 1685450 34 485 34 34 485 485 2594 1331593 34 34 1717 485 34 1685450 12970 4356010 2570 34 485 34 485 485 3530 34 485 3530 5365 485 485 485 3530 1717 485 3530 3737 3530 3530 1717 34 1685450 5365 34 485 34 4189225 485 485 3530 3530 34 34 34 485 34 19018 485 34 3737 5365 3530 34 5365 3530 62725 3530 3530 485 34 19018 3530 34 3530 3737 3530 34 34 5365 34 
1717 195365 136085 485 1717 485 3737 3737 2594 3737 485 174061130 485 136085 136085 485 1717 1717 1258 1717 2594 6290 485 1717 2594 3737 136085 3737 485 136085 1717 485 1258 485 1717 2594 1717 666185 485 485 3737 1717 3737 1717 3737 1717 485 485 3737 3737 1717 1258 3737 1717 1258 1717 485 1717 136085 6290 3737 1258 2594 1717 3737 3737 136085 1717 1717 136085 3737 3737 485 3737 485 1717 1258 1717 3737 3737 2594 136085 3737 3737 3737 2594 485 3737 3737 485 3737 1717 220505 1717 485 3737 3737 136085 2594 136085 1717 136085 136085 3737 3737 3737 1717 3737 6290 1258 3737 1717 3737 3737 3737 3737 485 3737 1717 485 1717 1717 1717 3737 3737 1717 2284850 3737 485 1717 1258 3737 3737 468469 6290 3737 3737 485 3737 1717 1717 485 2113145 3737 6290 1717 3737 1717 3737 41225 1717 2594 1717 485 3737 136085 3737 485 485 1717 485 1717 3737 485 7850785 3737 3737 1717 3737 485 2594 3737 2594 2594 485 1717 6290 3737 220505 2325625 136085 3737 1267010 
72901 3737 25398650 3737 72901 184901 72901 72901 3925 1717 1717 72901 184901 142885 1717 184901 3925 72901 3925 273205 184901 3925 3925 184901 72901 4802045 3925 110245 110245 29045 72901 29045 3925 1717 29045 2594 1717 29045 184901 3737 3925 1717 184901 29045 21825970 3925 29045 29045 1717 29045 72901 72901 1717 72901 18546805 3925 72901 18742517 3925 72901 3925 29045 29045 1717 3925 29045 3737 72901 184901 29045 2361970 3925 72901 463114 29045 72901 72901 3925 1717 29045 72901 176290 876097 3925 72901 29045 29045 29045 72901 29045 3925 72901 3737 4369 72901 142885 3737 72901 72901 29045 29045 4369 29045 3925 29045 43570 2594 29045 184901 3925 72901 72901 72901 72901 3925 3737 3737 72901 3737 184901 142885 3925 184901 29045 184901 29045 3925 3737 29045 72901 72901 72901 29045 142885 29045 72901 110245 29045 29045 72901 72901 12091417 72901 51914 2594 3925 29045 72901 72901 72901 142885 29045 876097 51914 463114 184901 3925 3737 29045 876097 72901 184901 72901 3737 3737 72901 72901 72901 29045 3737 184901 1717 72901 4369 72901 1717 463114 2979925 72901 72901 29045 29045 110245 29045 72901 29045 184901 3737 142885 29045 29045 72901 29045 1717 3925 184901 72901 72901 136085 3737 29045 1923545 1717 2594 1717 29045 2594 1717 72901 3925 110245 29045 3737 29045 29045 72901 
1717 3925 3925 463114 720002 29045 29045 29045 2594 3737 29045 72901 72901 72901 720002 184901 3737 72901 3925 29045 72901 1717 110245 876097 72901 29045 679225 184901 3925 29045 29045 72901 679225 29045 72901 3925 72901 72901 72901 2594 649802 876097 1717 3737 1717 29045 72901 3925 463114 324360901 72901 3925 3925 29045 3737 720002 3737 29045 142885 72901 29045 679225 72901 72901 9168970 3925 72901 463114 3737 2185625 72901 72901 29045 72901 3925 72901 720002 29045 72901 463114 29045 72901 2185625 876097 3737 876097 3737 142885 110245 72901 72901 3737 110245 1717 29045 29045 3737 3925 720002 29045 3925 72901 463114 3737 3925 72901 679225 72901 3925 72901 110245 
12325 3737 29045 12325 10 2594 12325 12325 89725 72901 12325 12325 8585 4369 12325 1717 12325 3737 7474 72901 3737 72901 112370 12325 9802 44098 1717 10 3737 72901 89725 29045 9802 1717 12325 89725 9802 9802 3925 72901 3737 89725 72901 72901 2594 1717 10 12325 1002530 12325 12325 3925 3925 3737 1664650 1717 72901 1002530 1717 10 12325 1664650 17541925 10 12325 3925 3737 12325 1002530 12325 3925 3737 3925 876097 1717 1717 3925 7474 3925 1002530 12325 1717 89725 3925 10 12325 1717 10 184901 1717 1717 3737 3925 1717 10 12325 3925 2594 72901 184901 1133458 9802 72901 9802 29045 72901 184901 9802 9802 9802 3737 12325 1717 4461650 31900345 12325 72901 10 3737 72901 184901 1717 12325 9562517 3925 12325 48674 12325 10 12325 29045 8585 4181834 3925 10 184901 12325 10 10 12325 10 876097 72901 10 89725 3925 3925 2106385 72901 89725 89725 3925 12325 12325 876097 29045 72901 72901 1717 10 2594 142885 12325 72901 3925 12325 184901 2594 72901 29045 3737 184901 72901 72901 12325 2106385 3925 9802 12325 3737 12325 12325 72901 2594 10 12325 12325 1002530 72901 3737 72901 3925 3737 89725 2594 72901 4369 12325 184901 12325 3925 12325 1717 12325 12325 7474 3925 1002530 1717 10 184901 3925 1002530 12325 1717 3925 9802 72901 2594 1717 12325 12325 1717 1717 3925 1717 72901 2594 3737 9802 1002530 72901 884425 2594 876097 9802 12325 7474 7474 29045 1717 10 3925 72901 12325 1717 184901 1002530 3925 95844101 72901 9802 12325 10 1717 1002530 3737 1717 72901 2594 3925 876097 10 142885 184901 884425 3737 884425 7474 9802 12325 72901 865930 72901 10 29045 9802 72901 29045 1002530 1133458 9802 48674 10 12325 1002530 1472330 3925 72901 1002530 72901 29045 9802 876097 184901 3925 884425 9802 72901 89725 3737 3737 1717 1002530 72901 10 1717 10 1717 2594 89725 1717 3737 4369 12325 4369 10 3925 72901 72901 1717 1717 184901 72901 9802 1002530 3925 2594 3925 10 9802 7474 2594 12325 12325 72901 1717 4369 12325 1002530 10 29045 72901 3737 1664650 
4369 29045 3925 29045 10405 10405 29045 29045 72901 72901 51914 29045 29045 4802045 4369 72901 273205 3396125 29045 29045 10405 29045 463114 29045 12240034 10405 10405 10405 10405 463114 4369 219632401 72901 72901 29045 72901 10405 29045 29045 10405 29045 29045 72901 29045 29045 29045 3737 10405 29045 29045 110245 10405 29045 10405 72901 10405 29045 110245 10405 10405 459850 72901 29045 72901 110245 29045 29045 72901 10405 72901 3925 3925 72901 463114 29045 463114 10405 110245 29045 72901 170 463114 110245 2425 10405 10405 10405 3925 72901 72901 29045 29045 10405 72901 3925 29045 463114 72901 72901 459850 29045 29045 10405 10405 29045 29045 29045 10405 72901 29045 4369 72901 4755530 29045 72901 72901 29045 110245 10405 170 463114 29045 29045 10405 72901 463114 72901 29045 10405 72901 459850 176290 4369 170 29045 4369 72901 72901 10405 29045 29045 110245 29045 4251845 72901 3723850 72901 29045 10405 29045 110245 10405 72901 72901 10405 72901 273205 29045 273205 29045 29045 29045 29045 4369 29045 72901 459850 72901 72901 29045 459850 29045 72901 170 29045 10405 29045 714425 459850 29045 3925 463114 72901 29045 3925 29045 29045 29045 72901 29045 72901 29045 72901 176290 4369 170 4369 72901 72901 8738 72901 10405 72901 29045 29045 4850 10405 10405 10405 4850 29045 10405 4369 29045 4251845 4369 29045 72901 459850 29045 2425 72901 10405 29045 9329785 273205 29045 110245 72901 51914 3925 72901 110245 2185625 10405 29045 10405 72901 29045 51914 29045 29045 29045 176290 29045 4369 72901 10405 29045 10293925 463114 3925 72901 72901 29045 4369 72901 10405 29045 10405 463114 72901 72901 3925 4369 72901 29045 29045 4369 29045 459850 72901 72901 3925 29045 72901 29045 10405 29045 110245 10405 72901 72901 463114 72901 72901 29045 29045 10405 29045 3737 10405 29045 72901 29045 10405 459850 72901 72901 170 29045 29045 8738 72901 273205 3925 10405 463114 72901 29045 10405 72901 72901 29045 72901 29045 72901 72901 72901 170 29045 29045 29045 4369 72901 29045 29045 29045 10405 29045 3925 29045 29045 29045 72901 29045 10405 72901 170 29045 72901 3249010 4850 463114 72901 4369 110245 29045 72901 4251845 2185625 176290 72901 4369 10405 72901 29045 459850 29045 72901 29045 734474 10405 72901 29045 463114 4850 29045 29045 29045 4369 29045 10405 10405 12023845 3925 29045 463114 29045 72901 29045 4850 3925 72901 10405 10405 29045 4369 29045 72901 170 10405 29045 459850 10405 72901 4369 110245 10405 29045 2425 29045 29045 72901 170 72901 29045 29045 72901 72901 4369 29045 10405 29045 72901 176290 10405 459850 72901 10405 3925 10405 29045 29045 29045 4369 72901 29045 463114 29045 10405 29045 29045 10405 4802045 463114 72901 10405 72901 29045 3925 29045 10405 29045 10405 29045 10405 29045 110245 29045 29045 3925 29045 3737 29045 463114 72901 29045 10405 3925 51914 72901 1919249 10405 29045 29045 29045 29045 72901 29045 29045 170 72901 72901 29045 29045 29045 29045 72901 10405 29045 110245 72901 463114 29045 3925 10405 10405 72901 10405 29045 72901 72901 29045 10405 10405 72901 10405 29045 29045 10405 72901 3925 72901 72901 29045 72901 273205 29045 4369 72901 10405 10405 29045 29045 10405 4850 4369 10405 10405 51914 170 4251845 72901 110245 29045 170 72901 29045 29045 29045 463114 72901 72901 72901 29045 29045 72901 72901 3737 29045 72901 72901 2185625 29045 4369 10405 1306178 10405 10405 72901 10405 72901 734474 10405 29045 3925 4369 10405 72901 72901 72901 10405 
29045 72901 72901 29045 2425 157625 29045 29045 463114 72901 170 110245 248965 29045 2425 72901 2185625 29045 157625 10405 29045 21170 102154 72901 3925 10405 10405 2425 29045 3925 819202 170 110245 3925 309137 72901 10405 72901 72901 3925 72901 10405 10405 72901 29045 10405 3737 29045 29045 3925 29045 72901 157625 29045 10405 29045 10405 29045 3536425 29045 29045 29045 10405 72901 4369 29045 72901 10405 10405 4369 157625 214681105 3737 10405 3925 29045 29045 29045 72901 72901 10405 110245 29045 10405 29045 29045 72901 29045 273205 3925 110245 110245 309137 29045 29045 72901 17288965 29045 72901 29045 29045 110245 176290 29045 2185625 309137 72901 29045 10405 157625 3925 72901 29045 29045 157625 309137 29045 22278401 29045 72901 72901 29045 72901 29045 102154 72901 72901 72901 29045 24502501 72901 29045 72901 29045 3925 463114 3737 3737 72901 72901 72901 157625 29045 3925 29045 29045 72901 29045 72901 157625 29045 72901 72901 157625 72901 29045 2425 29045 72901 
1258 157625 1258 1258 46085 51077 370 2570 51077 1258 1258 1258 1258 46085 51077 51077 46085 46085 51077 51077 46085 1258 1258 51077 5185 51077 46085 1258 1258 51077 1258 1258 370 51077 51077 51077 58325 1258 51077 46085 1258 51077 46085 51077 370 51077 46085 1258 51077 51077 22474 51077 1258 51077 1010 1010 51077 51077 1570 51077 1258 1258 11803445 51077 51077 58325 17171717 51077 1258 1258 1570 51077 1258 51077 51077 16386305 22474 1258 1258 1258 46085 1570 51077 1570 51077 1258 1258 51077 1258 1258 1258 11803445 46085 1258 51077 51077 1570 46085 46085 1258 1258 51077 1258 51077 46085 480048101 51077 51077 1258 46085 51077 51077 51077 1258 51077 1258 51077 1258 1258 51077 46085 51077 51077 58325 370 51077 51077 1258 51077 51077 51077 1258 1258 51077 1570 46085 46085 51077 46085 1258 1258 58325 1570 51077 58325 51077 1258 2570 51077 46085 51077 51077 51077 1570 51077 1258 1258 1258 1258 46085 1258 110245 1258 1258 46085 51077 51077 51077 51077 1258 51077 1258 58325 58325 51077 970 51077 51077 1258 1258 861909625 157625 51077 1258 1258 51077 51077 1258 1258 51077 51077 51077 2570 58325 51077 1010 903170 1258 157625 51077 970 2917265 1258 51077 51077 1258 1258 51077 157625 1258 1258 1258 1258 46085 46085 58325 370 51077 51077 58325 46085 51077 58325 1258 51077 46085 1010 51077 46085 51077 1258 819202 51077 46085 46085 51077 46085 1089290 110245 1258 16451137 46085 15693002 46085 51077 51077 1258 51077 1258 46085 1258 1258 51077 51077 1258 46085 51077 
8005 34 8005 3925 34 34 8005 1240025 34 34 3925 34 8005 8005 3925 3925 34 34 2679625 34 34 3925 34 34 3925 34 3925 34 15317 1089010 312505 3925 35832197 34 34 34 34 34 34 34 34 34 3925 4369 34 34 34 3925 34 6290 3925 312505 34 3925 8005 34 34 34 34 1240025 25925 34 34 25925 3925 6528650 34 8005 3925 34 8005 3925 312505 34 34 34 6290 34 25925 312505 34 34 34 8005 15317 34 34 34 6528650 25719317 34 3031865 34 8005 8005 34 1240025 3925 34 3925 312505 3925 34 34 1089010 34 34 34 34 6528650 3925 8005 34 34 34 34 3925 1089010 2679625 34 3031865 34 34 34 34 34 25925 653050 34 6290 1240025 3925 34 34 3031865 1240025 34 653050 3031865 34 34 15317 3925 25925 34 8005 130610 34 34 34 34 25925 34 34 3925 25925 34 34 34 34 312505 34 34 1089010 34 34 34 34 312505 8005 312505 34 3925 34 3925 34 3925 312505 34 25925 312505 34 34 34 
3925 312505 34 34 3414002 3925 3925 272485 3925 3925 312505 2679625 34 3925 34 34 34 34 3925 3925 34 2679625 34 3925 1179397 2679625 34 3925 1179397 3925 3925 25925 3925 3925 8005 34 50097010 3925 312505 34 1179397 34 1179397 3925 34 3925 8005 3925 3925 3925 34 34 1179397 34 103970 272485 3925 272485 312505 34 103970 66725 1601 34 3925 3925 272485 3925 3925 1601 34 2679625 1601 1601 34 1601 103970 3925 34 3925 3925 8163434 3925 34 34 3925 34 312505 2679625 25925 3925 3925 312505 3925 34 34 103970 27936485 34 312505 272485 34 3925 3414002 3925 1601 3925 272485 34 25925 3925 8005 34 3925 3925 8005 25925 34 3925 34 1601 3925 34 3925 25090 3925 3925 34 272485 1179397 34 34 8005 3925 3925 34 3925 316850 3925 34 3925 8005 8005 34 1601 34 3925 3925 312505 3925 3925 1179397 34 3925 3925 312505 34 1601 3925 3925 3925 2699090 3925 3925 3925 3925 34 34 3925 3925 3925 8005 3925 3925 3925 34 5551114 8005 3925 3925 3925 34 103970 3925 1601 3925 8158685 312505 34 3925 312505 272485 25925 34 3925 312505 34 34 3925 1279625 25925 1601 34 34 312505 5551114 3925 3925 312505 1601 34 34 3925 272485 25925 34 8005 2490914 272485 3925 1601 1179397 1601 1601 103970 8005 34 272485 3414002 316850 3925 3925 3925 3925 3925 2679625 3925 3925 34 8005 1601 312505 1601 34 8005 1601 272485 25925 25925 3925 3925 34 3925 1601 312505 1601 312505 3925 3925 3925 34 25925 3925 34 3925 34 103970 312505 8005 1240025 312505 272485 34 8005 312505 1179397 34 34 1601 3925 3414002 3925 3925 3414002 34 1601 3925 25925 3925 25925 1601 3925 25925 272485 1601 34 3925 3925 1179397 1601 3925 3925 34 3925 3925 1601 34 3925 34 103970 8005 3925 1179397 312505 34 272485 272485 34 3925 34 272485 25925 25925 3925 3925 34 312505 1601 3925 34 3925 1601 34 272485 1601 34 34 34 3925 103970 66725 3925 34 3925 1601 34 3925 34 34 3925 25925 3925 8005 3925 3925 1240025 34 666658 8005 1179397 34 33802 8005 34 103970 34 272485 3925 3925 3925 3925 272485 34 25925 3925 312505 1601 34 3925 272485 272485 312505 1601 1240025 272485 8005 3925 103970 34 312505 3925 3925 272485 8005 243370 272485 1601 312505 312505 3925 3925 34 8005 3925 1601 3925 8005 3925 25925 3925 3925 312505 34 1601 3925 3925 3925 34 34 34 34 
45002 223280714 170 170 170 170 170 170 45002 170 170 170 170 43658050 170 45002 170 170 170 61217 112897 170 170 170 112897 170 170 170 170 170 170 170 45002 55114 1050905 170 170 720002 61217 122434 170 170 170 170 61217 1116050 45002 45002 170 170 21385802 170 18434594 170 170 45002 170 45002 170 11289601 170 170 170 45002 45002 45002 170 170 170 45002 170 170 170 261994 45002 170 4234 61217 45002 61217 170 45002 170 170 170 170 45002 170017 170 170 170 170 170 170 61217 45002 170 170 170 170 170 170 170 170 45002 170 170 679225 170 679225 45002 170 170 1534754 170 170 45002 170 170 170 170 170 11289601 170 170 170 170 679225 45002 170 170 45002 45002 170 45002 170 170 61217 45002 112897 2570 170 170 45002 45002 170 45002 170 170 170 45002 170 170 1050905 170017 59170 170 170 170 170 170 170 
170 74 170 170 74 170 170 6352450 74 170 74 170 170 170 74 16825 170 74 16825 2672930 74 74 170 170 74 170 74 363701 74 74 74 74 16825 16825 170 170 170 74 74 170 74 74 170 74 170 74 170 74 363701 16825 170 16825 16825 74 74 170 74 456977 74 170 122434 15948985 170 74 1050905 74 74 74 74 170 170 170 74 170 218390650 170 74 170 74 26293865 170 170 74 170 122434 456977 74 170 16825 170 74 170 170 16825 170 74 170 74 4357 170 11289601 170 170 10730 170 170 4357 170 74 2425 74 74 74 170 363701 74 170 74 190450 456977 190450 16825 74 1047370 2672930 29253025 122434 74 74 74 122434 170 363701 170 16825 74 4761010 170 170 74 170 74 170 122434 170 74 29253025 4357 74 4357 74 74 170 59170 122434 122434 170 74 74 170 16825 122434 170 328250 122434 170 170 4357 74 170 170 4357 170 1421290 190450 170 4357 170 456977 74 170 170 170 170 170 190450 74 31754 170 2244005 1018145 74 16825 4357 74 170 16825 2425 170 74 74 74 456977 170 74 363701 1050905 74 16825 170 363701 170 170 363701 170 10730 74 4357 170 170 170 4357 170 170 170 2244005 74 170 4357 170 31754 170 170 74 74 74 170 170 74 4357 170 74 170 363701 170 190450 980101 74 2425 170 74 170 16825 363701 74 170 170 74 74 74 170 74 170 74 170 74 1632025 74 170 74 170 363701 456977 363701 57636970 456977 170 170 170 74 16825 170 16193809 170 1018145 74 170 170 74 74 74 4761010 74 
16825 170 170 16825 74 4357 101 363701 4357 456977 74 456977 16193809 1018145 74 170 31754 101 170 74 74 4357 74 74 16825 74 16193809 363701 74 2425 170 16825 1746485 170 74 16825 74 101 74 74 170 74 74 170 370 74 170 2425 101 10730 74 190450 31754 2425 1018145 74 74 74 74 74 170 74 74 170 170 170 16825 170 74 74 170 170 74 170 170 370 101 170 170 101 74 74 370 74 74 74 74 456977 74 16825 16825 74 16825 363701 74 370 74 16825 74 74 170 74 170 74 170 1018145 170 74 74 101 101 170 170 170 74 74 74 31754 74 456977 74 2720017 170 74 370 170 74 74 170 74 367182245 16825 74 101 101 74 16825 170 101 74 2425 2244005 74 74 74 74 190450 16193809 74 29253025 170 4357 74 74 74 785 170 370 74 170 4369 4357 
72901 10405 29045 4369 463114 10405 29045 72901 29045 110245 72901 72901 72901 4369 29045 72901 29045 29045 10405 72901 72901 3925 29045 72901 29045 29045 4369 29045 10405 2185625 29045 29045 72901 29045 463114 29045 72901 29045 2425 29045 29045 29045 72901 184901 110245 29045 10405 110245 170 72901 10405 29045 2425 72901 459850 72901 72901 29045 29045 72901 72901 72901 459850 29045 2425 72901 42902501 72901 72901 72901 3925 110245 29045 10405 29045 3925 72901 4369 463114 29045 72901 72901 110245 3925 110245 2425 3737 10405 29045 29045 184901 29045 649802 120250 4850 110245 72901 29045 72901 463114 29045 2425 459850 29045 10405 3925 72901 72901 72901 29045 72901 72901 29045 2425 3925 2425 2425 463114 72901 3925 110245 72901 29045 3925 29045 29045 2185625 110245 29045 4850 29045 3925 29045 72901 72901 72901 72901 10405 29045 29045 110245 72901 29045 3737 72901 29045 72901 459850 29045 463114 3925 72901 459850 72901 10405 29045 3925 29045 72901 2425 72901 29045 29045 72901 110245 10405 72901 29045 29045 29045 110245 29045 110245 72901 29045 10405 29045 3925 110245 29045 72901 72901 72901 153170 3396125 7106450 4850 72901 273205 29045 110245 29045 4369 3925 72901 29045 29045 110245 72901 72901 72901 72901 10405 72901 3925 72901 29045 29045 3925 29045 29045 4369 29045 72901 29045 29045 29045 4369 29045 2425 72901 29045 3925 72901 29045 273205 72901 29045 29045 4850 3925 72901 3925 2425 176290 29045 29045 72901 29045 29045 170 29045 4369 184901 72901 10405 1813370 463114 2185625 72901 29045 29045 463114 72901 29045 29045 184901 72901 72901 110245 72901 72901 29045 10405 72901 10405 29045 29045 459850 29045 
463114 72901 29045 3737 72901 2570 463114 112897 29045 29045 112897 72901 29045 29045 72901 4369 463114 72901 4874410 72901 72901 72901 45002 29045 4369 29045 3925 72901 72901 72901 29045 4251845 29045 2425 2425 29045 29045 29045 29045 10405 29045 112897 112897 10405 112897 72901 4369 3925 3925 29045 3925 463114 463114 3925 110245 29045 29045 3925 10405 29045 110245 72901 72901 110245 61217 29045 72901 72901 72901 29045 29045 29045 29045 29045 29045 29045 2185625 4369 90601010 29045 72901 72901 4369 72901 72901 29045 29045 72901 110245 3925 3925 176290 72901 463114 4251845 61217 61217 29045 72901 27111269 29045 29045 184901 29045 29045 72901 72901 10405 29045 463114 29045 112897 72901 72901 110245 29045 4369 3925 29045 29045 29045 2425 29045 29045 29045 2425 72901 10405 112897 61217 72901 29045 29045 110245 72901 29045 72901 29045 110245 110245 29045 72901 10405 72901 29045 170017 2425 72901 72901 2185625 72901 2425 4369 72901 112897 10405 72901 72901 72901 4369 72901 29045 72901 2185625 72901 2425 29045 61217 72901 112897 29045 2185625 2185625 170017 72901 110245 61217 3309730 29045 29045 29045 3925 29045 112897 3925 72901 2425 110245 72901 29045 72901 3925 29045 29045 170017 10405 72901 3925 72901 2185625 463114 72901 463114 72901 2425 72901 3925 29045 29045 10405 112897 72901 29045 3925 72901 72901 3925 29045 29045 72901 170017 61217 29045 29045 72901 72901 29045 29045 4369 36942085 10405 4369 72901 72901 176290 3737 72901 29045 29045 72901 463114 29045 29045 29045 72901 3925 110245 29045 10405 3925 649802 72901 463114 72901 72901 29045 72901 72901 38344025 72901 29045 112897 3737 72901 8140885 2570 3925 72901 72901 72901 72901 3925 4369 29045 55114 10405 61217 29045 72901 55114 29045 72901 72901 110245 72901 29045 55114 72901 184901 3925 3737 29045 463114 29045 29045 463114 29045 110245 3925 61217 29045 10405 4369 463114 72901 29045 4369 61217 29045 29045 61217 72901 4369 463114 29045 72901 72901 72901 72901 72901 72901 29045 29045 3925 110245 29045 463114 10405 72901 29045 3925 112897 45002 29045 112897 72901 29045 3925 184901 29045 184901 112897 72901 29045 2425 112897 29045 3925 29045 29045 61217 142885 72901 29045 72901 2425 72901 61217 72901 3925 110245 29045 4369 61217 29045 29045 29045 463114 72901 72901 184901 29045 72901 45002 61217 72901 72901 5874490 110245 10405 29045 3925 29045 72901 3925 463114 3925 112897 29045 184901 3925 72901 110245 3925 110245 463114 3737 29045 463114 29045 72901 112897 72901 176290 110245 29045 4369 61217 27111269 6708101 29045 463114 112897 29045 29045 3737 463114 112897 55114 176290 29045 61217 4369 72901 29045 72901 3925 29045 72901 72901 29045 29045 72901 72901 110245 110245 29045 29045 72901 8140885 4369 4369 10405 61217 112897 72901 29045 2425 55114 72901 2425 29045 29045 51914 29045 184901 72901 29045 29045 10405 72901 61217 463114 29045 4369 4369 3536425 29045 72901 3925 72901 72901 110245 72901 29045 72901 112897 3925 72901 463114 72901 72901 72901 110245 3925 112897 112897 4369 72901 3925 72901 29045 61217 184901 29045 29045 2570 29045 2425 29045 61217 72901 29045 110245 72901 10405 2185625 29045 72901 10405 3925 72901 72901 29045 72901 29045 3925 463114 112897 170017 176290 45002 72901 29045 2425 463114 29045 10405 29045 61217 29045 3925 170017 
145802 18685 18685 18685 170 36101 18685 13450 18685 19018 18685 18685 34 19018 727402 18685 170 18685 18685 170 13450 170 18685 727402 18685 34 170 170 13450 19018 18685 34 182410 18685 170 170 19018 13450 170 170 13450 18685 19018 170 19018 18685 18685 18685 170 18685 170 98077565 18685 170 36101 170 18685 18685 170 19018 170 170 112370 19018 18685 170 170 18685 13450 182002 18685 13450 2020202 19018 19018 18685 170 13450 18685 170 727402 18685 19018 170 34 19018 170 19018 18685 170 18685 170 18685 18685 13450 19018 13450 19018 18685 18685 170 19018 18685 720002 18685 36101 13450 34 13450 
46085 51077 51077 51077 679730 157625 1258 51077 1258 51077 1570 16386305 51077 46085 46085 51077 46085 970 46085 309137 51077 1570 51077 2570 51077 157625 1258 51077 51077 51077 903170 51077 51077 51077 46085 51077 46085 46085 46085 51077 51077 970 157625 1258 1258 51077 1570 46085 1570 46085 51077 51077 46085 51077 157625 51077 51077 46085 157625 51077 819202 46085 51077 46085 29290 157625 157625 157625 51077 157625 51077 46085 46085 1570 1258 51077 51077 46085 157625 46085 51077 1570 819202 51077 51077 51077 1570 51077 46085 1570 110245 1570 970 51077 51077 2570 51077 51077 46085 46085 46085 46085 46085 46085 46085 51077 1258 46085 46085 1258 51077 46085 2570 309137 46085 46085 46085 157625 51077 46085 1258 51077 51077 46085 46085 1258 1258 46085 1258 46085 51077 1258 46085 46085 51077 157625 46085 46085 51077 51077 157625 21785 51077 51077 46085 309137 46085 46085 51077 46085 51077 51077 51077 1010 110245 46085 46085 51077 157625 239434 157625 1258 46085 51077 51077 51077 35356985 1570 51077 51077 46085 46085 309137 157625 1010 51077 51077 11050 46085 51077 46085 46085 1258 1258 51077 1258 46085 51077 46085 903170 33200050 46085 1258 51077 51077 51077 1258 46085 1258 46085 1570 46085 1570 51077 157625 903170 51077 46085 46085 46085 46085 46085 51077 46085 309137 11259170 46085 1258 51077 46085 157625 46085 46085 51077 51077 46085 51077 16332850 46085 102154 51077 46085 51077 51077 51077 2570 51077 309137 1570 1570 46085 51077 51077 110245 1258 51077 169010 51077 51077 51077 1570 46085 1010 157625 1258 51077 51077 51077 46085 46085 46085 51077 1258 46085 51077 157625 51077 51077 46085 46085 1258 903170 51077 46085 51077 51077 46085 51077 51077 46085 1258 1570 51077 309137 1258 51077 46085 309137 51077 1570 157625 46085 1258 51077 51077 51077 51077 51077 51077 309137 46085 1258 46085 46085 903170 46085 46085 46085 46085 51077 46085 46085 51077 46085 157625 391645 51077 46085 51077 51077 157625 157625 51077 46085 46085 51077 46085 157625 1570 51077 51077 46085 51077 970 51077 46085 46085 46085 46085 309137 51077 46085 1258 51077 46085 11803445 157625 46085 51077 157625 17288965 46085 51077 1570 157625 51077 46085 46085 1570 51077 46085 157625 46085 157625 51077 
29045 29045 72901 51077 170 463114 29045 72901 29045 29045 4251845 29045 72901 142885 72901 4251845 72901 29045 72901 29045 29045 72901 51077 72901 72901 51077 29045 51077 1258 459850 29045 1258 72901 72901 29045 29045 29045 72901 72901 29045 51077 1258 72901 72901 1919249 29045 4850 2185625 51077 29045 72901 184901 1258 51077 72901 29045 51077 29045 29045 29045 370 714425 1258 72901 29045 29045 184901 176290 51077 29045 29045 72901 2185625 1258 29045 1258 72901 72901 29045 72901 29045 463114 72901 29045 29045 29045 184901 51077 110245 4850 463114 110245 72901 72901 1258 51077 29045 463114 29045 29045 150267125 72901 29045 72901 72901 29045 29045 29045 29045 72901 72901 72901 1919249 72901 29045 72901 184901 29045 110245 170 463114 3737 72901 29045 1923545 29045 51077 29045 1258 1258 1258 29045 72901 273205 29045 4755530 29045 72901 4850 72901 170 29045 1258 51077 7850 459850 110245 72901 72901 184901 29045 463114 1258 463114 1258 29045 184901 142885 1258 72901 72901 72901 1258 184901 72901 3737 110245 1258 29045 876097 184901 29045 184901 72901 13877785 1258 29045 29045 72901 1258 72901 463114 21753625 29045 72901 7605002 72901 72901 72901 1258 1258 72901 72901 110245 29045 29045 110245 29045 72901 463114 51077 1258 1258 29045 51077 72901 29045 1258 72901 29045 72901 29045 72901 72901 463114 184901 184901 29045 72901 273205 29045 29045 39714265 273205 463114 29045 1258 29045 29045 72901 29045 29045 29045 29045 184901 110245 38344025 51077 29045 51077 18546805 29045 72901 72901 29045 29045 72901 72901 1258 72901 72901 72901 142885 72901 51077 29045 29045 29045 51077 72901 29045 29045 1258 3737 176290 72901 463114 29045 1258 1258 72901 72901 51077 29045 3737 29045 29045 2185625 29045 29045 29045 29045 1258 1258 72901 1258 72901 72901 51077 463114 110245 29045 72901 463114 29045 29045 110245 29045 370 110245 51077 29045 72901 72901 1258 1258 72901 29045 876097 29045 29045 29045 72901 17541925 29045 29045 1258 51914 51077 142885 51077 72901 29045 51077 110245 72901 72901 51077 1258 29045 142885 29045 110245 29045 4850 72901 29045 72901 29045 29045 72901 72901 72901 51077 72901 72901 29045 29045 72901 51077 72901 29045 72901 72901 29045 51077 72901 29045 72901 184901 29045 2185625 29045 72901 72901 72901 72901 121215737 1258 1258 29045 170 29045 29045 1258 29045 29045 72901 29045 29045 29045 273205 184901 29045 72901 72901 29045 72901 72901 184901 51077 72901 29045 72901 29045 463114 51077 4850 29045 29045 2185625 29045 72901 463114 110245 170 876097 72901 51077 72901 29045 51077 463114 72901 72901 1258 184901 72901 72901 29045 1258 51077 29045 29045 29045 29045 4850 463114 51077 29045 29045 29045 3737 72901 72901 29045 51077 1258 1258 1258 29045 876097 29045 72901 72901 463114 72901 29045 161209 1258 1258 29045 29045 1258 1258 29045 51077 51077 110245 72901 572050 51077 2185625 72901 29045 51077 184901 29045 1258 110245 3737 72901 463114 29045 1258 29045 29045 51077 72901 72901 29045 2185625 51077 29045 72901 29045 463114 72901 463114 370 29045 184901 612170 1258 170 29045 29045 110245 29045 72901 273205 29045 176290 142885 783290 29045 110245 51077 29045 72901 29045 72901 72901 29045 72901 3924985 184901 29045 29045 72901 51077 29045 1258 176290 
51077 51077 51077 1570 1258 2917265 51077 1258 1258 51077 51077 1258 51077 1258 1258 51077 51077 1258 51077 1258 30634 1010 1570 46085 51077 1258 51077 1258 46085 1258 51077 51077 51077 51077 370 51077 51077 1258 1258 1258 1570 51077 58325 1258 1258 51077 819202 275570 46085 1258 51077 1258 46085 51077 1570 51077 46085 1258 1010 1258 51077 51077 51077 51077 1258 1258 1258 1258 1258 51077 903170 1570 46085 46085 1258 1258 51077 1258 1570 1258 2917265 51077 46085 1258 1570 1258 51077 1258 1258 51077 1258 51077 51077 1258 1570 46085 1258 51077 1258 51077 46085 58325 1258 51077 51077 51077 1258 51077 1258 1258 1258 51077 46085 51077 1258 1258 1258 1258 2917265 46085 1258 51077 2570 51077 51077 1258 3250 186267905 2570 903170 1258 1258 1258 51077 1258 51077 51077 51077 51077 51077 1258 46085 149817601 370 1570 46085 1258 1258 51077 51077 51077 51077 58325 58325 1258 3802501 30634 51077 46085 58325 51077 1570 1465474 51077 1010 1258 51077 51077 51077 46085 1570 58325 51077 1258 46085 51077 51077 1258 1258 1258 1258 1258 1570 1258 1258 1570 1258 46085 46085 1258 1258 51077 46085 2570 51077 110245 46085 1258 51077 51077 51077 51077 1570 51077 46085 46085 51077 51077 46085 58325 1258 1258 1258 370 46085 51077 370 1258 1570 370 51077 51077 51077 51077 46085 1258 1258 51077 1258 51077 46085 51077 1258 1258 58325 51077 51077 370 46085 55114 1258 58325 46085 1258 58325 679730 51077 51077 51077 51077 51077 1258 51077 1010 51077 51077 1258 1258 51077 58325 51077 1358450 51077 1258 1258 51077 1258 51077 51077 51077 5005450 58325 51077 51077 1570 51077 51077 1258 1570 1258 46085 51077 51077 51077 16386305 2917265 1258 51077 51077 51077 1010 1010 51077 1258 1258 51077 51077 51077 1258 1258 3872005 903170 1258 51077 1570 1258 46085 1258 51077 1258 1258 1258 1258 46085 51077 51077 58325 51077 1258 1258 1258 58325 51077 1258 51077 58325 1258 1258 51077 1258 1258 51077 58325 1258 51077 46085 1258 169010 51077 1258 1258 51077 51077 46085 1258 1570 51077 51077 1570 51077 46085 2570 51077 11803445 58325 58325 1570 1258 
1258 17 17 17 1258 58325 17 51077 1258 1133458 17 2106385 17 1258 1258 17 17 58325 1258 1258 51077 17 17 17 51077 17 1258 1258 1258 679225 1258 1258 720002 5005450 10 17 1258 1258 1258 2106385 17 370 679225 1258 45002 17 51077 1258 1258 51077 884425 1258 1258 17 58325 370 58325 1258 370 1258 1258 17 17 17 1258 370 51077 1258 1258 1258 1258 1258 43690 17 1258 1258 17 17 17 370 1258 1258 9802 1258 1258 1258 1258 1258 17 1258 1258 1258 1258 1258 1258 1258 1258 1258 1258 45002 51077 45002 17 51077 17 17 1258 1258 17 51077 17 1258 2106385 1258 17 1258 51077 17 1258 1258 1258 17 5005450 1258 1258 17 884425 679225 1258 58325 1258 1258 1258 1258 17 1258 30634 679225 720002 51077 17 370 17 2106385 45002 17 370 1258 30634 17 17 2212405 17 58325 1258 17 1258 9802 51077 1258 1383850 1258 1258 1258 679225 20848357 45002 17 51077 17 261994 17 261994 1258 1258 370 51077 10 58325 45002 1258 1258 58325 17 17 1258 58325 45002 17 17 1258 17 58325 9802 17 679225 1258 51077 370 1258 1258 1258 1258 51077 58325 261994 370 1258 17 51077 17 17 370 9802 17 17 17 17 1258 1258 679225 1258 1258 10 1258 17 10 17 370 679225 17 1258 9802 58325 720002 679225 17 9802 17 17 1258 30634 58325 1258 17 9802 1258 17 1258 17 1258 17 17 58325 1258 17 679225 51077 17 17 1258 17 10 720002 30634 58325 17 17 1258 131665 17 45002 17 9802 17 58325 1258 1258 17 1258 1258 17 30634 17 1258 51077 720002 17 1258 17 17 370 1258 51077 1258 1258 1258 58325 51077 1258 1258 720002 17 2106385 720002 51077 10 1133458 1258 17 1258 17 1258 17 17 17 1258 1258 20072450 720002 51077 51077 679225 17 17 10 1258 1258 679225 17 51077 1258 58325 51077 720002 1258 1258 17 17 1258 2917265 51077 1258 45002 1258 1258 1258 370 17 1258 1258 1258 679225 17 679225 370 370 17 1258 1258 1258 51077 1258 45002 1258 1258 17 9802 1258 1258 17 1258 1258 58325 17 9802 17 45002 58325 9802 1258 679225 1031050 17 679225 1258 1258 17 17 9802 51077 17 1258 58325 17 9802 17 1258 51077 261994 1258 17 1258 17 17 17 1258 1258 58325 1258 1258 1258 9802 1258 1258 17 17 17 1258 1258 17 2917265 1258 1258 17 9802 1258 51077 679225 1258 1258 17 1258 1258 679225 261994 51077 1258 1258 720002 1258 58325 720002 1258 43690 17 17 1258 45002 17 9802 9802 1258 17 17 17 370 51077 1258 1258 51077 1258 17 58325 1258 17 51077 1258 9802 679225 17 2106385 1258 17 51077 1258 17 17 1258 1258 2506325 58325 679225 370 1258 1258 9802 370 17 45002 720002 51077 58325 1258 9802 1258 1258 1258 1258 1258 17 58325 17 17 1258 1258 1258 1258 1258 1258 58325 2106385 6356597 43658050 17 51077 679225 1258 679225 1258 1258 261994 17 679225 1258 884425 720002 1258 51077 1258 1258 20848357 261994 1258 1258 51077 
3925 1601 10 1601 272485 10 1601 1279625 1601 272485 25925 10 1601 3925 1601 1601 3925 33802 510770 1601 272485 1601 1601 1601 3925 34 272485 3925 3925 3925 3925 3925 272485 1601 10 3925 1601 3925 10 1601 25925 1601 25925 1601 25925 25925 1601 3925 25925 10 272485 349450 3925 612170 1880650 1601 612170 1179397 8005 25925 1601 3925 1179397 1601 10 3925 3925 1601 1601 3925 370 272485 1601 10 25925 3925 272485 66725 1601 3925 8005 1601 25925 612170 10 1601 25925 1601 236197 8005 3925 3925 3925 25925 8641625 107650 25925 1601 3925 1601 666658 3925 3925 227650 1601 1601 1601 1601 1601 272485 1601 3925 272485 298455385 25925 1601 8005 255385 3925 1601 1601 3925 3925 3925 8005 25925 34 3925 3925 25925 3925 1601 8005 3925 3925 3925 1601 1601 3925 10 3925 272485 3925 236197 236197 3925 3925 1179397 3925 5491525 3925 8005 3925 1601 3925 1601 10 272485 3925 1601 1601 25925 236197 1601 272485 25925 25925 1654865 1601 3925 3925 1601 1601 1601 3925 1601 3925 10 3925 1601 1601 272485 1601 3925 3925 3925 1601 3925 10 1601 3925 3925 25925 1601 1601 1240025 1654865 1601 1601 1576250 10 3925 3925 1601 370 3925 3925 3925 10 1601 236197 1601 936938 1601 8005 1279625 1179397 1601 1601 1179397 3925 25925 1601 8005 3925 1601 1601 1601 
10370 4357 10370 169010 538645 27217 27217 10370 188065 3946465 10370 188065 4357 538645 4357 4357 4357 27217 3946465 4357 2281250 1227434 2876417 4357 27217 27217 2125765 538645 4357 4357 188065 10370 10370 181337 4357 188065 10370 188065 188065 4357 4357 10370 188065 188065 188065 188065 27217 1654865 188065 10370 188065 188065 27217 10370 1227434 188065 4357 4357 188065 188065 538645 10370 4357 2125765 188065 4357 10370 4357 188065 10370 10370 188065 27217 188065 3946465 538645 188065 169010 10370 4357 538645 10370 4357 10370 4357 188065 4357 1227434 538645 4357 2876417 10370 188065 4357 7203530 10370 188065 27217 4357 188065 2281250 10370 188065 10370 4357 27217 74 1765 4357 188065 4357 188065 188065 27217 2876417 188065 188065 188065 4357 4357 4357 4357 10370 74 4357 188065 27217 4357 10370 188065 74 188065 188065 5218405 1654865 188065 10370 2125765 52200145 1227434 4357 188065 10370 4357 188065 10370 4357 10370 10370 4357 4357 27217 188065 188065 2876417 188065 188065 4357 1654865 188065 188065 10370 10370 4357 
74 101 74 456977 1746485 101 2425 74 8245 8245 4357 2672930 74 74 190450 8245 74 4357 74 74 74 4357 74 4357 2244005 74 101 101 16825 8245 2425 4357 74 74 4357 10730 74 10730 190450 74 29253025 16825 74 8245 74 74 74 74 4357 16825 74 101 74 16825 74 8245 16825 74 16825 101 2672930 74 101 4357 74 16825 2425 74 74 305065 101 74 74 74 16825 2672930 363701 74 101 74 290 101 4357 74 202 74 16825 4357 456977 370 101 101 74 16825 101 16825 202 456977 74 74 16825 74 74 2425 4357 74 74 7001317 290 74 190450 4369 2244005 74 74 8245 74 74 74 2425 456977 101 74 101 74 74 74 456977 4357 8245 8245 19412402 8245 74 74 285616825 456977 101 74 10730 74 
170 170 170 170 170 170 170 170 170 170 170 170 170 170 170 170 170 170 170 170 170 170 170 170 170 170 170 170 170 170 170 170 170 170 170 170 61217 31248101 170 13833025 170 170 170 170 170 170 170 170 170 170 170 170 170 170 170 170 170 170 170 170 170 170 170 170 170 170 170 170 170 170 170 170 170 170 170 170 170 122434 170017 170 170 170 170 170 170 112370 170 170 11289601 170 12446785 170 170 170 122434 170 170 61217 170 61217 170 170 170 170 170 170 170 170 170 3030505 59170 1050905 170 170 170 170 206890 170 170 170 170 170 170 170 170 170 170 170 1018145 170 170 170 1601 170 170 170 170 2076497 170 170 170 170 170 170 170 170 170 170 170 170 170 170 1050905 170 170 170 170 61217 170 170 170 61217 122434 1050905 170 170 170 61217 170 170 170 4900505 170 112370 170 170 170 1050905 170 18685 170 170 170 170 170 170 170 170 170 170 170 170 1050905 170 170 170 170 170 170 170 170 170 112370 170 170 18685 170 170 170 170 1050905 1211050 1050905 170 170 170 170 170 170 170 170 170 170 170 170 170 1050905 170 34 170 170 170 170 170 170 170 61217 40269125 170 1018145 61217 1601 170 170 170 1050905 170 170 170 170 170 170 1812445 206890 170 170 170 170 170 170 170 170 170 170 170 1050905 170 170 
170 170 170 9548405 170 170 170 170 170 170 170 170 485 170 170 170 170 170 170 485 170 170 170 170 59170 170 170 170 485 170 485 19423765 4162685 12574117 170 170 181337 170 170 485 170 170 170 170 170 170 170 170 170 170 170 170 170 170 170 1601 170 170 170 181337 181337 170 170 170 170 1050905 1050905 170 170 170 170 170 170 170 170 170 170 170 170 170 170 170 170 170 31248101 170 170 170 170 170 181337 2125765 170 170 485 170 11289601 170 170 170 170 112370 170 170 170 170 170 170 170 170 170 170 170 170 170 170 170 170 181337 61505617 170 170 170 170 170 7430450 170 973450 170 170 170 170 170 170 12574117 170 170 170 170 170 120250 170 170 170 170 170 170 170 170 2125765 120250 112370 181337 170 170 170 170 170 120250 170 170 170 170 170 170 170 170 170 170 170 170 170 
4357 170 35751970 170 27217 27217 170 170 170 27217 170 4357 170 4357 188065 188065 1654865 4357 170 170 4357 103433525 188065 4357 4357 3946465 170 188065 4357 4357 4357 4357 169010 170 12902465 4357 27217 188065 170 188065 188065 4357 1654865 3154177 1654865 170 170 170 170 16825 170 27217 4357 4357 1654865 188065 170 4357 188065 16825 4357 170 170 188065 170 27217 4357 170 4357 188065 170 4357 4357 4357 4357 170 170 4357 4357 188065 538645 188065 1654865 188065 170 170 4357 188065 170 538645 188065 4357 4357 188065 4357 170 170 5674685 170 170 4357 34 169010 16825 27217 4357 4357 4357 170 4357 170 188065 4357 188065 188065 4357 4357 538645 170 16825 170 4357 4357 188065 7480969 16908125 170 27217 16825 4357 4357 4357 188065 188065 4357 3154177 4357 16825 188065 4357 4357 170 170 4357 4357 188065 27217 170 27217 188065 1654865 4357 170 4357 16825 4357 1654865 188065 4357 170 4357 4357 16825 4357 27217 170 538645 188065 4357 3946465 4357 170 4357 4357 170 4357 4357 2517770 188065 4357 169010 4357 188065 1654865 1654865 4357 170 1765 170 538645 188065 4357 170 170 170 27217 4357 188065 170 4357 4357 16908125 170 188065 170 4357 27217 538645 188065 169010 188065 538645 27217 4357 170 170 4357 4357 27217 170 27217 169010 4357 188065 16825 3946465 4357 4357 170 188065 765034 188065 170 170 4357 4357 538645 188065 18685 170 188065 1128970 4357 170 170 170 170 4357 170 170 4357 188065 4357 170 188065 4357 4357 4357 170 4357 188065 4357 26293865 170 188065 1654865 188065 188065 4357 188065 169010 4357 170 4357 765034 4357 170 188065 4357 188065 169010 4357 170 4357 2517770 3154177 170 3946465 188065 1654865 4357 4357 188065 170 188065 188065 170 188065 538645 16825 188065 11333957 290 170 170 27217 170 169010 16193809 765034 4357 538645 170 170 170 4357 2876417 4357 4357 170 170 8702794 170 8453945 188065 4357 4357 1654865 188065 188065 4357 4357 170 27217 4357 3946465 4357 4357 170 4357 170 3946465 1765 4357 538645 170 2876417 188065 188065 169010 16825 16825 4357 4357 188065 188065 170 4357 188065 4357 4357 4357 6724010 170 4357 24054050 16825 1765 4357 170 4357 188065 188065 188065 27217 16825 538645 4357 4357 170 170 188065 170 188065 2720017 417625 170 27217 4357 4357 188065 27217 188065 4357 4357 4357 170 188065 4357 188065 4357 18685 188065 170 4357 170 188065 170 4357 27217 27217 188065 4357 188065 4357 170 4357 188065 170 4357 170 4357 170 16825 16825 188065 4357 1765 4357 170 4357 4357 188065 4357 538645 1654865 170 188065 170 170 4357 170 4357 4357 40301969 170 106145650 4357 4357 169010 188065 188065 18685 188065 4357 188065 4357 170 3154177 170 4357 170 4357 170 170 27217 170 170 4357 170 188065 4357 188065 4357 170 170 170 4357 4357 188065 188065 188065 188065 2517770 170 2517770 170 170 188065 188065 188065 170 170 170 4357 4357 170 170 170 188065 
1258 1880650 1601 1601 882325 5185 5185 1601 381925 5185 5185 95225 1601 381925 1258 236197 1258 5185 1258 882325 408850 5185 5185 2679125 1258 5185 5185 5185 1258 5185 5185 1601 5185 1258 1601 5185 255385 1601 95225 5185 381925 14326325 1258 5410 1601 1258 882325 5185 1258 882325 381925 1258 95225 1743625 5410 1258 1601 5185 1601 381925 5185 381925 1258 10 5185 8005 5185 1601 5185 5185 255385 1601 5185 5185 5185 1258 95225 255385 5185 882325 5185 1258 5185 1258 1601 95225 5185 95225 1258 5185 5185 381925 5185 89725 5185 5185 5185 1601 1601 1258 5185 5185 255385 5185 255385 381925 882325 30634 5185 1601 5185 1866250 1258 5185 1258 5185 5185 5185 1601 1258 5185 1601 5185 5185 5185 30634 5185 10 1258 835250 89725 1601 95225 1258 1258 1601 5185 835250 1601 95225 5185 5185 1258 5185 1601 1601 5185 4631105 5185 1258 1601 1258 1601 95225 835250 5185 1601 5410 30634 5185 370 5185 882325 1170325 5185 1258 1258 1601 882325 1258 1601 1601 5185 5185 5185 1601 5185 1601 10 5185 5410 1601 5185 255385 1601 95225 5410 5185 5185 5185 1258 1258 1258 5185 255385 199714 5185 1601 5185 30634 1743625 5185 5185 1601 381925 1258 10 5185 835250 1601 1601 1601 1258 5185 882325 1601 381925 95225 5185 5185 5185 5185 1601 5185 5185 1258 1601 95225 5185 370 1601 5185 5185 1601 5185 10 1601 5185 5185 1258 5185 1601 882325 5185 381925 1047370 1601 1601 370 1258 15301514 1258 5185 5185 1258 1258 1601 2559265 1601 236197 5185 5185 5410 1601 5185 1258 882325 5185 10 1258 1258 5185 1258 95225 1258 5185 5185 5185 255385 5185 5185 835250 5185 5185 5185 1258 1601 5410 1258 5185 1601 5185 370 1601 882325 5185 16035770 5185 5185 1601 5185 5185 5410 1258 1601 1601 1601 1601 5185 5185 5185 5185 27667601 835250 1601 5185 5185 1601 1258 381925 370 1601 95225 236197 835250 1601 1601 381925 5185 5185 1258 5185 882325 882325 1258 1601 5185 1601 1601 5185 1601 5185 381925 5185 5185 381925 5185 5185 1258 1258 5185 10 5185 1258 5185 255385 5185 1258 381925 5185 1601 1258 10 5185 835250 381925 5185 22984085 1601 5410 5410 1258 255385 5185 1258 1601 5185 1258 5185 1258 5185 1601 1601 5185 5185 1258 1258 5185 5185 381925 882325 882325 5185 5185 5185 95225 5185 1258 10 381925 5185 5185 5185 95225 5185 1258 5185 255385 5185 1601 5185 5185 5185 1258 24505 1601 381925 370 5185 1258 5185 5185 5185 5185 5185 5185 5185 1601 5185 1258 5185 871202 5185 8005 89725 381925 255385 10 4631105 381925 381925 5410 255385 5185 1601 5185 5185 5185 1601 882325 1259557 5185 882325 1258 1601 1601 5410 236197 199714 33162370 1258 1258 5185 5185 835250 1258 1601 5185 1601 5185 5185 5185 882325 5185 10 835250 381925 
1050905 61217 170 45002 45002 43658050 170 170 170 170 170 170 170 170 170 45002 679225 170 170 170 61217 170017 45002 45002 170 170 45002 170 170 1812445 12446785 170 170 45002 170 61217 170 61217 170 170 414366737 112897 131665 170 170 170 170 45002 170 61217 170 170 170 170 170 679225 170 170 45002 170 170 170 170 170 61217 170 679225 170 170 112897 170 170 45002 170 170 170 45002 170 170 45002 170 45002 170 170 45002 679225 170 170 170 170 170 170 45002 170 170 55114 112897 170 170 170 170 45002 170 170 170 1812445 170 170 170 170 40269125 170 170 61217 170 170 170 679225 170 112897 170 170 45002 170 170 45002 170 170 45002 112897 170 170 170 170 170 170 45002 170 170 61217 170 61217 170 1050905 170 170 45002 170 170 170 170 170 170 170 25027250 170 679225 170 61217 170 170 170 122434 170 
170 10370 485 485 10370 120250 485 170 485 170 485 485 485 10370 10370 170 170 485 10370 170 10370 170 485 485 2125765 485 170 485 10370 10370 170 170 10370 485 10370 10370 501265 2125765 170 170 10370 10370 485 485 2125765 170 10370 170 170 181337 485 485 1227434 514 10370 2125765 1685450 170 2125765 1227434 170 1227434 485 170 10370 27217 485 514 269125 485 170 2876417 10370 10370 10370 181337 485 485 62725 485 170 120250 485 10370 485 34 485 485 485 485 485 170 170 10370 10370 170 485 2570 170 485 485 485 1227434 2876417 485 485 10370 5618005 10370 170 10370 170 10370 485 27217 170 10370 62725 485 120250 485 485 10370 485 170 170 10370 10370 485 170 170 485 10370 501265 10370 170 10370 485 501265 485 485 170 10370 181337 170 501265 10370 170 170 170 485 485 10370 62725 2876417 10370 170 62725 485 170 485 485 485 485 485 485 27217 10370 501265 485 216031205 10370 10370 170 485 485 170 485 2125765 485 514 485 10370 485 10370 170 485 485 10370 269125 485 485 62725 170 62725 2125765 170 10370 514 10370 10370 170 10370 485 485 485 2125765 450290 34 10370 485 62725 27217 485 170 485 10370 170 485 10370 170 10370 170 65208202 1685450 170 10370 170 10370 170 170 10370 170 10370 15079850 10370 120250 10370 170 170 2876417 485 485 10370 2125765 269125 2125765 170 10370 485 485 10370 27217 170 170 485 170 10370 485 2125765 170 485 485 2125765 27217 485 1685450 62725 1227434 485 170 1227434 10370 120250 485 485 485 170 485 485 10370 170 10370 485 485 485 170 10370 10370 485 10370 4162685 485 485 170 10370 485 170 1227434 170 269125 485 4162685 485 485 501265 485 10370 10370 485 170 170 10575505 120250 485 485 485 485 1685450 10370 1227434 170 170 501265 4189225 485 27217 181337 485 170 485 170 170 5618005 10370 485 10370 10370 485 2876417 120250 485 170 485 290450 485 10370 485 10370 485 514 485 10370 10370 2876417 485 170 170 485 181337 485 1685450 
2517770 10370 170 4357 485 170 485 10370 485 170 16825 170 4357 485 170 170 485 170 170 485 4357 170 170 170 27217 16825 188065 27217 485 170 170 170 4357 10370 10370 170 485 1654865 170 4357 170 10370 10370 1765 10370 485 485 485 170 10370 4357 188065 16825 392476501 170 170 485 4357 4357 4357 188065 10370 485 4357 10370 10370 485 10370 4357 485 10370 4357 3015970 10370 170 16825 10370 170 10370 10370 16825 170 485 181337 485 10370 4357 170 328250 170 485 188065 10370 485 4357 10370 4357 170 2876417 10370 16825 16825 485 181337 170 2125765 485 10370 485 170 4357 485 10370 170 485 10370 16825 170 170 16825 10370 10370 170 1765 16908125 485 170 4357 10370 170 2425 188065 10370 10370 10370 485 485 10370 1654865 4357 1227434 4357 10370 4357 170 4357 4357 10370 170 10370 485 10370 4357 1654865 170 1654865 485 188065 170 181337 4357 188065 188065 485 170 10370 170 1227434 10370 170 16825 485 10370 170 485 485 485 103433525 10370 26293865 4357 170 4357 485 485 485 170 16193809 4357 485 16825 485 2125765 170 10240490 4357 181337 10370 170 1765 10798450 4357 10370 16193809 1765 10370 188065 170 5674685 10370 170 170 10370 485 4357 485 170 10370 188065 170 27217 170 10370 10240490 10370 16825 4357 2125765 4357 170 10370 485 4357 485 10370 10370 16825 10370 170 2244005 2720017 40301969 170 485 485 181337 170 10370 16825 10370 2425 4357 10370 188065 1654865 170 4357 4357 10370 6283925 10370 4357 328250 170 4357 16825 170 170 10370 170 2876417 4357 1227434 1227434 170 170 10370 10370 170 485 170 485 15079850 1227434 10370 1654865 1654865 10370 10370 4357 10370 10370 4357 4357 188065 4357 181337 170 170 4357 170 10370 170 10370 16825 4357 4357 2517770 4357 10370 485 170 1765 170 4357 170 10240490 4357 485 4357 170 10370 170 2876417 10370 4357 4357 485 485 170 16825 485 170 10370 170 170 10370 188065 485 2517770 27217 1654865 10370 181337 4357 485 10370 4357 10370 188065 10370 1654865 188065 170 10370 10370 2517770 48932537 188065 485 10370 10370 4357 188065 485 188065 10370 485 2125765 188065 10370 16825 485 16825 170 4357 485 538645 10370 538645 4357 16825 485 170 4357 4357 10370 485 10370 485 1765 485 450290 10370 4357 485 170 1654865 10370 10370 1654865 10370 170 4357 170 
170 170 122434 170 170 170 170 170 170 170 122434 170 64449125 170 170 170 122434 170 170 170 170 170 170 122434 1812445 61217 170 170 170 170 170 170 1632025 170 170 170 170 61217 170 170 170 170 170 170 170 170 170 1050905 170 170 170 170 170 61217 11289601 170 170 170 170 170 170 170 170 170 170 170 170 170 170 170 170 170 170 170 122434 170 170 170 170 170 170 170 170 170 31248101 170 170 170 4900505 170 170 61217 170 170 170 170 170 170 170 170 170 170 170 170 170 170 170 170 170 170 170 170 170 170 170 170 170 170 170 170 170 1050905 170 170 170 170 170 170 170 170 170 170 170 170 170 170 170 61217 4488010 170 170 170 170 170 170 170 170 170 170 170 61217 170 170 61217 170 170 170 170 170 170 170 170 170 1050905 170 9241601 170 170 170 55114 170 170 1812445 170 40269125 170 170 170 170 170 170 170 170 170 170 170 170 170 170 170 170 170 170 170 170 170017 170 170 170 170 170 170 170 170 170 170 170 170 170 170 170 170 170 170 170 170 170 170 170 170 170 170 170 170 170 170 59170 11289601 170 170 170 170 170 170017 170 170 170 170 170 170 170 170 55114 170 170 170 170 170 170 170 122434 122434 170 9548405 170 170 170 170 170 170 1050905 170 170 170 170 170 170 170 170 170 170 170 170 170 170 170 170 170 170 170 170 122434 4654585 3745450 170 170 170 170 170 36942085 170 170 170 170 170 170 170 170 170 170 170 170 170 170 170 170 170 170 170 170 61217 170 170 170 170 61217 170 170 61217 170 170 206890 170 170 170 170 170 170 170 122434 170 170 122434 170 112370 170 170 170 170 170 170 170 112897 170 170 170 170 170 170 1050905 170 170 170 12446785 170 170 170 61217 170 170 170 61505617 170 170 170 170 3030505 170 170 170 170 170 170 170 170 170 170 170 170 170 170 170 170 170 170 170 170 170 170 170 108574850 170 170 170 170 170017 61217 170 170 170 170 170 170 170 170 170 170 170 170 170 122434 170 170 7623317 170 170 170 170 170 170 170 170 170 170 7623317 122434 170 170 170 170 170 170 170 122434 170 170 170 170 170 170 1812445 170 170 170 170 170 59170 170 1812445 170 170 170 112370 170 170 170 61217 61217 59170 170 170 170 170 170 12446785 170 170 170 170 170 170 170 170 170 170 170 170 170 170 170 1812445 170 170 112897 170 170 170 170 26810645 170 170 170 170 170 170 
136085 170 386657749 1717 1717 170 170 170 6137170 505 1717 2113145 170 170 2594 136085 2594 170 2594 940325 1717 2594 1717 63370 6290 220505 1717 170 170 170 1717 136085 170 170 806045 1267010 170 170 136085 136085 1717 49168145 2594 170 170 2113145 1717 1717 170 1717 170 170 1717 1717 170 1717 3737 170 6290 170 170 136085 170 2594 170 1717 1717 2594 18727202 170 170 170 505 170 170 1717 170 505 170 170 1717 1717 1717 6290 170 170 170 170 170 1717 1717 2594 170 136085 7850785 170 170 6290 170 170 170 170 2594 136085 170 170 1717 1717 170 2594 170 170 170 6290 2594 170 170 170 2594 170 
58325 58325 1258 1258 1258 51077 903170 1258 1258 1258 1258 1258 5185 5185 58325 51077 5185 58325 5185 1258 1258 51077 5410 1258 51077 1258 1258 1258 21057625 1258 1258 58325 1258 51077 51077 1258 5185 1258 51077 5185 51077 1010 1258 1258 1258 51077 5410 51077 51077 1258 1258 30634 370 1258 1258 1258 1570 1258 51077 1258 58325 51077 1570 51077 5185 1258 1258 5185 185 903170 1258 5185 58325 10317554 5410 1258 1570 1258 1258 1258 1258 1258 1258 51077 1258 2917265 51077 5410 370 1258 5185 51077 1258 882325 51077 58325 1258 51077 1258 58325 51077 1258 5185 1258 1258 1258 1258 1258 1258 51077 1258 1258 338130325 5410 51077 51077 1258 1258 5185 1258 1258 58325 1258 882325 51077 1258 51077 1258 1258 2917265 1010 51077 1258 51077 1258 51077 1258 5185 5185 5185 51077 51077 1258 1258 1258 1258 1258 1031050 51077 1258 1258 5185 30634 95225 51077 1258 1258 1258 51077 1258 58325 1258 51077 1010 51077 1258 1258 1258 1258 1258 1258 903170 1258 1258 5185 1258 51077 1258 51077 51077 95225 51077 51077 2917265 1258 1258 1010 1258 51077 1258 1258 1258 1258 1258 51077 1258 1258 1743625 51077 1258 1570 1258 5185 
202 3266570 1717 202 202 202 202 505 8245 1717 1717 1717 202 1717 202 1717 2178005 5270770 202 1717 505 136085 3737 202 202 505 202 2594 1717 505 202 505 1717 4977785 3737 2594 1717 3737 202 1717 202 3737 2594 202 1717 1717 1717 202 1717 1717 1717 1717 1717 1717 1717 202 202 2594 1717 202 1717 2594 1717 240101 1717 202 1717 505 202 3737 202 55114 202 202 202 1717 202 202 202 240101 1717 8245 1717 202 8245 1717 1717 202 202 3737 1717 202 202 1717 8245 505 202 1717 202 3737 8245 1332970 1717 1717 1717 1717 1717 505 2594 8245 202 2594 2594 940325 77450 1717 1717 1717 1717 2594 202 1717 202 202 1717 1717 55114 202 1717 136085 1717 2594 505 1717 2594 1717 202 202 1717 3737 202 202 2594 2594 8245 202 1717 1717 1717 1717 1717 77450 1935025 202 1717 202 1717 202 1717 505 3737 202 2594 77450 8245 202 202 2594 2594 8245 2594 1717 55114 202 1717 77450 3737 202 1717 940325 202 202 202 202 1717 2594 202 202 1717 1717 1717 2979925 1717 1717 202 1717 202 202 505 3737 505 1717 1717 202 505 1717 202 1717 1717 1717 202 202 2594 505 202 2594 1717 2594 1717 3737 1717 1717 1717 202 2594 202 1717 1717 1717 202 1717 63370 202 202 3737 505 202 2594 8245 1717 8245 1717 1717 505 55114 202 1717 55114 240101 1717 1717 202 202 202 1717 1717 1717 1717 202 8245 1717 1717 1717 1717 202 202 1717 3737 1717 202 1717 1717 2594 3737 202 1717 2594 1717 1717 1717 199714 77450 1717 1717 202 1717 1717 3737 1717 1717 202 1240025 63370 202 202 1717 3737 202 3737 2594 1717 202 1717 3737 1717 74 202 202 63370 55114 202 202 202 1717 1717 202 2594 202 1717 505 202 2594 1717 3737 1717 77450 1717 2594 1717 806045 202 1717 202 1717 1717 2594 1717 1717 1717 8245 1717 3737 1717 1717 3737 202 1717 1717 202 202 202 156658 156658 202 1717 77450 1717 1717 1717 2594 1717 2594 202 505 1717 202 1717 202 55114 505 8245 202 2594 3737 1717 202 202 202 202 1717 2594 1717 1717 940325 1717 3737 1717 136085 686450 2594 1717 1717 1717 63370 3838498 1717 1717 202 202 202 1717 202 1717 1717 8245 505 202 505 202 202 1717 1717 1717 202 202 1717 1717 202 202 202 505 2594 1717 2594 505 202 2594 5270770 1717 202 202 202 1717 3737 240101 202 1717 202 1717 202 202 1717 202 63370 8245 77450 202 1717 2594 74 1717 940325 202 77450 202 202 2594 202 202 202 202 1717 202 77450 202 1717 505 202 202 1717 1717 8245 1717 3737 
505 1717 202 202 2594 1717 1240025 202 1717 202 3737 1717 3737 1717 202 2594 136085 2594 1717 1717 1717 1717 202 1717 202 202 2594 1717 77450 1717 136085 1717 3737 202 3737 202 2594 202 202 1717 1717 202 1717 202 202 202 202 1717 2594 202 202 505 2594 136085 3737 202 202 240101 3737 505 202 202 940325 1717 202 202 202 202 202 202 202 1240025 202 202 1717 1717 202 202 202 1717 2178005 202 202 136085 202 505 202 77450 202 202 202 1717 1717 136085 202 136085 22858489 1717 2594 1717 2594 1717 3737 136085 1717 2506325 1717 1717 1717 1717 1717 136085 55114 220505 505 202 202 202 1717 1717 1717 202 202 1717 202 1717 1717 2594 1717 202 202 1717 202 1717 1717 1717 1717 202 1717 1717 1717 202 202 505 3737 1717 1717 1717 202 505 1717 1717 3737 220505 55114 2594 202 202 2594 156658 49010 1717 1717 1717 202 1717 1717 2594 505 202 202 77450 1717 202 940325 202 136085 3737 202 505 686450 3737 202 2594 1717 1717 1717 202 74 3737 136085 136085 1717 240101 202 1717 202 2594 202 2594 1717 202 505 505 202 1717 1717 202 77450 202 2594 77450 2594 202 202 505 1717 1717 505 434314 202 1717 3737 202 202 2594 1717 1717 202 202 1717 202 3737 505 240101 202 3737 505 202 18050005 1717 1717 63370 2594 1717 3737 136085 1717 1717 9802 1717 136085 136085 1717 2594 77450 1717 202 202 1717 136085 5270770 74 202 1717 2594 3737 202 1717 940325 202 1717 3737 2594 1717 202 1717 202 1717 1717 202 1717 505 1717 202 202 202 1717 3737 136085 1717 3737 1717 202 202 1717 202 202 3737 505 3737 240101 202 1717 1717 505 434314 202 1717 3737 1717 1717 3737 1717 202 1717 1717 202 202 3737 202 3434 3737 2594 240101 1717 1717 136085 3737 202 505 2594 1717 3737 202 2594 202 202 1717 2594 202 202 505 686450 1717 202 1717 3737 1717 63370 202 1717 3737 1717 2594 
170 112897 170 170 170 170 2212405 61217 45002 170 1812445 170 170 170 170 170 170 129785 112897 170 112897 170 112897 11289601 170 170 1050905 112897 170 170017 170 45002 170 170 170 170 170 170 170 112897 59170 170 119953045 170 170 170 170 170 170 170 249010 2570 61217 170 1632025 170 170 170 170 170 170 170 170 170 2570 170 170 170 61217 170 170 170 170 170 170 1812445 170 170 170 170 170 170 170 170 170 170 112897 45002 11289601 170 170 170 61217 170 61217 55114 61217 223681937 170 112897 170 170 10287650 170 170 11289601 170 170 170 170 170 61217 170 170 170 170 170 170 40269125 170 8140885 1812445 170 170 170 170 170 170 170 45002 170 170 61217 170 170 170 1812445 170 40269125 170 45002 45002 170 170 170 170 170 112897 170 170 170 1050905 45002 61217 170 45002 170 170 170 170 45002 61217 170 170 61217 170 61217 170 45002 170 170 170 61217 170 45002 170 170 45002 170 170 170 170 170 170 45002 170 170 170 1050905 170 170 170 170017 170 170 45002 170 170 45002 170 45002 170 170 170 170 59170 112897 170 170 170 170 170 170 170 170 170 
170 170 170 170 1717 170 1717 202 202 170 1717 170 1717 170 202 202 170 2076497 2594 1717 170 202 170 170 1717 170 136085 170 1717 170 202 1717 2594 2594 1717 170 170 1717 505 1717 170 34544674 6290 2594 136085 1717 1717 170 1717 202 170 1717 505 1717 656999425 170 202 170 170 1717 2594 2594 202 6290 170 170 136085 1717 55114 1717 136085 55114 1717 1717 170 1717 1717 202 136085 63370 1717 1717 170 170 170 1717 136085 1747250 63370 170 2594 170 6290 170 2594 1717 170 170 170 1717 505 170 6290 170 170 170 1717 1272385 6290 6290 170 940325 202 1717 2594 1717 1717 170 940325 63370 202 2594 170 136085 136085 170 202 170 1717 1717 1717 1717 170 202 1717 136085 1717 170 170 2594 1717 505 55114 6290 170 1717 170 1717 1717 1717 170 1717 2594 1717 202 170 170 2594 2594 505 1717 170 136085 505 1717 170 170 170 202 202 2594 136085 202 170 170 202 202 1240025 170 1717 170 220505 1717 1717 170 49010 170 170 2594 1717 1717 1717 170 1717 202 170 3737 1717 170 1717 2594 170 170 170 170 1240025 6290 170 505 1717 1717 170 136085 1717 170 1717 2594 170 170 170 1717 2594 170 1717 3838498 1717 505 505 940325 202 1717 170 170 1717 6290 69227434 202 1747250 202 136085 170 170 202 1717 2594 1717 505 170 1717 170 202 1717 1717 2594 63370 202 170 170 1717 6290 1717 2594 7527530 170 170 49010 1717 170 170 1240025 1717 202 69227434 170 1717 63370 2594 170 170 202 2594 1717 170 170 1717 1717 1717 202 1717 1717 1717 170 1717 202 1717 1717 505 1717 1717 170 1717 170 202 1717 505 170 2594 6290 63370 170 136085 1717 6290 170 136085 2737802 170 1717 1717 1717 1717 2594 170 170 940325 1717 1717 170 1717 1717 106620025 170 170 170 2506325 202 170 170 1717 170 97561945 1717 202 136085 1717 1717 202 940325 170 1717 170 1717 170 6290 220505 170 1717 505 1717 1717 1717 170 170 2594 170 1717 136085 170 1717 1717 170 1717 202 1717 170 1717 505 170 170 170 220505 1717 505 1717 170 170 170 170 170 170 1717 20217170 1717 6290 170 202 2594 202 505 2594 202 1717 170 170 1717 170 1717 1717 170 1717 240101 170 170 1717 1717 1717 170 2594 505 170 202 170 202 202 1717 170 1717 1717 505 1717 170 1717 170 1717 1717 2979925 170 202 2594 170 107650 170 940325 202 2594 1717 202 170 1717 136085 1717 202 1717 136085 6290 170 170 170 170 1717 2594 3737 170 1717 1717 107650 505 1717 1717 170 202 240101 3838498 170 1717 17942090 170 202 1717 136085 1983050 1717 2594 170 1717 1717 202 170 1717 170 505 1717 170 2594 1717 202 170 202 170 1717 170 170 170 170 170 3819250 170 170 1717 1717 170 2594 1717 136085 202 1717 202 220505 240101 170 434314 940325 170 49168145 6290 1717 202 170 202 2594 
8245 8245 101 74 101 101 190450 74 456977 202 74 363701 74 8245 101 101 370 456977 74 101 74 456977 202 74 74 202 286565 202 101 1018145 74 8245 74 74 202 74 74 101 101 8245 74 456977 202 8245 370 74 74 74 101 74 202 74 74 202 2425 370 8245 101 456977 74 74 74 74 101 4369 74 101 74 8245 101 8245 202 74 8245 202 101 101 456977 8245 74 101 3396125 202 8245 74 8245 8245 101 101 363701 101 8245 74 202 74 74 328250 8245 8245 74 101 8245 74 74 363701 74 74 8245 8245 74 74 286565 202 74 74 8245 456977 456977 1244125 74 74 8245 101 202 202 190450 101 456977 
16825 74 4357 169010 188065 27217 16193809 4357 74 4357 188065 16193809 74 16908125 2876417 188065 4357 74 1765 4357 4357 188065 74 4357 16825 4357 4357 74 1654865 2244005 202 4357 1765 1654865 74 4357 4357 4357 4357 16825 4357 74 4357 188065 4357 188065 4357 4357 4357 4357 4357 4357 188065 4357 4357 538645 74 4357 188065 188065 74 4357 4357 4357 74 4357 74 74 169010 4357 202 16825 4357 16825 188065 4357 4357 4761010 74 4357 4357 188065 188065 1654865 4357 74 4357 27217 4357 74 4357 4357 16193809 188065 202 5218405 1654865 1654865 74 74 4357 188065 74 4357 4357 16825 188065 74 4357 202 74 4357 4357 16825 538645 635220001 4357 74 2517770 4357 16825 74 4357 4357 4357 188065 202 450290 74 74 188065 4357 1654865 3154177 188065 188065 2517770 188065 1654865 4357 74 4357 538645 4357 188065 1789834 27217 74 4357 16825 188065 188065 74 290 74 188065 74 74 188065 16825 74 2876417 74 74 538645 4357 26293865 1654865 3946465 4357 4357 74 74 188065 188065 4357 4357 4357 4357 4357 188065 74 16825 4357 74 74 16825 74 74 4357 4357 4357 202 4357 74 4357 74 4357 16825 188065 188065 4357 16825 74 202 4357 16825 74 16825 4357 4357 16825 74 2244005 4357 74 4357 4357 188065 2517770 27217 74 188065 4357 16825 4357 4357 188065 4357 4357 74 4357 4357 188065 538645 538645 188065 4357 4357 4357 74 74 27217 16825 74 74 74 27217 4357 16825 370 27217 4357 4357 74 16825 4357 27217 538645 4357 290 4357 8702794 4357 4357 4357 4357 74 4357 74 4357 74 4357 4357 4357 74 4357 188065 4357 74 74 188065 188065 16825 188065 202 4357 202 4357 538645 169010 4357 4357 4357 4357 538645 74 16825 16825 4357 4357 1765 4357 188065 188065 74 4357 4357 16825 74 188065 4357 4357 4357 4357 27217 1654865 188065 16825 2269874 74 4357 1654865 4357 188065 2244005 188065 4357 188065 74 188065 4357 4357 188065 4357 16825 16825 188065 4357 188065 16825 16825 27217 
89725 10 10 17 1002530 9802 89725 12325 12325 161209 1717 2106385 17 89725 17 17 1889849 17 9562517 10 12325 1002530 765034 9802 12325 17 17 17 17 9802 12325 10 12325 17 17 1717 17 1002530 17 1717 17 17 1717 17 9802 17 2106385 12325 1717 1717 17 89725 17 9802 151580185 9802 9802 1889849 1717 12325 17 17 9802 17 12325 12325 17 9802 17 1889849 9802 161209 17 17 1717 17 10 1717 10 9802 1717 10 1717 12325 9802 17 1717 12325 1717 9802 7474 12325 1717 884425 9802 17 9802 17 17 10 1717 9802 17 17 17 12325 1002530 17 17 17 1717 1717 1717 12325 1717 12325 12325 765034 12325 17 1133458 12325 1717 1133458 1717 2106385 10 1717 1717 1717 17 1002530 17 1717 17 17 17 17 89725 17 9802 12325 18434 17 9802 17 17 17 9802 17 17 12325 9562517 17 22124050 89725 17 17 12325 12325 17 17 17 10 12325 12325 10 17 9802 2742337 17 1717 1717 12325 12325 17 1717 12325 1717 17 10 1717 12325 12325 1717 12325 5834825 1717 9802 17 9802 17 1717 17 17 7474 12325 9802 17 9802 17 17 1717 9802 1717 12325 9802 10 65650 9802 10 9802 12325 17 17 17 12325 10 12325 12325 17 17 10 9802 1717 9802 1889849 17 17 12325 17 17 17 17 1717 12325 17 12325 9802 17 89725 12325 1717 12325 9802 1717 1717 17 17 1002530 1717 12325 7474 1717 190450 17 1717 9802 17 9802 12325 12325 865930 9802 884425 12325 17 1717 17 9802 17 12325 89725 1717 17 12325 17 9802 48674 9802 12325 89725 12325 17 17 17 10 1717 17 10 1133458 17 12325 12325 9802 17 9802 161209 7474 17 1002530 17 17 17 1717 87194885 17 9802 17 17 9802 12325 17 17 12325 17 12325 17 17 9802 1717 1717 17 865930 9802 17 17 12325 1717 1717 10 10 17 17 12325 12325 1889849 9802 17 9802 113537645 17 1002530 89725 17 17 17 17 17 10 17 17 1002530 17 17 17 10 17 10 10 10 10 12325 17 1717 9802 17 9802 1717 12325 17 7474 10 12325 17 9802 17 1002530 17 9802 12325 12325 17 10 12325 17 17 17 10 12325 17 1002530 17 9802 17 1717 17 1717 9802 12325 17 89725 10 9802 17 1889849 17 10 17 17 17 17 9802 17 10 17 17 17 17 17 12325 17 9802 12325 12325 10 12325 89725 1002530 884425 12325 12325 17 1717 17 12325 9802 12325 9802 10 9802 17 17 1717 1002530 12325 12325 89725 17 17 1889849 12325 10 17 12325 12325 12325 9802 1717 17 12325 5866085 17 17 9802 12325 17 17 17 17 17 12325 17 12325 89725 17 1889849 89725 17 12325 17 17 12325 17 9802 1002530 17 17 89725 17 12325 12325 12325 17 12325 17 48674 17 17 17 17 12325 17 1717 1717 17 12325 10 17 12325 17 1717 9802 17 12325 9802 17 10 9802 17 56070145 17 17 884425 17 17 1717 12325 
1601 25925 1279625 1601 1601 319694401 34 25925 3925 8005 272485 34 3925 272485 34 3925 3925 25925 3925 8005 3925 3925 34 3925 312505 312505 34 25925 38090 666658 34 8005 1601 3925 3414002 25925 272485 1601 272485 1601 1179397 272485 3925 3925 25925 272485 8005 34 3925 3414002 3925 3925 1601 1179397 33802 3925 1601 1601 8005 596234 3925 25925 8005 3925 3925 3925 34 1601 272485 3925 34 3925 1601 34 34 25925 3925 34 34 272485 272485 2679625 1601 3925 1601 3925 3925 3925 34 34 3925 25925 1601 2490914 1179397 34 1179397 34 3925 8005 1601 3925 3925 3925 5551114 34 1601 1601 3925 3925 3925 34 1601 3925 1601 103970 1240025 8158685 34 34 1601 1279625 272485 272485 1601 34 34 3925 135531650 1601 3925 3925 1601 3925 25925 3925 33802 3925 8005 312505 1601 8158685 1179397 272485 34 103970 25925 3925 25925 
29045 4369 2185625 29045 72901 29045 29045 29045 10405 3925 170 72901 29045 734474 463114 3925 3925 72901 72901 72901 29045 110245 72901 29045 3925 72901 72901 29045 72901 29045 29045 10405 10405 29045 4850 72901 29045 72901 170 3925 72901 3925 72901 3925 29045 10405 72901 10405 1919249 29045 4850 29045 170 72901 72901 72901 10405 273205 176290 29045 29045 72901 3925 29045 459850 3925 3925 10405 72901 72901 29045 4369 10405 29045 10405 10405 10405 72901 110245 72901 72901 4369 4369 29045 29045 463114 72901 29045 110245 463114 29045 72901 29045 29045 3249010 72901 51914 4369 29045 3925 29045 3737 4369 29045 3925 734474 459850 29045 72901 72901 29045 3737 3925 170 29045 72901 273205 29045 29045 29045 29045 34 17070010 34 3925 72901 10405 29045 29045 10405 110245 10405 29045 72901 10405 29045 72901 72901 3925 3737 29045 29045 29045 4369 29045 29045 463114 29045 72901 72901 29045 3309730 4369 72901 10405 72901 72901 72901 29045 29045 4850 10405 29045 29045 34 463114 463114 10405 72901 29045 29045 4369 10405 3925 72901 10405 463114 29045 10405 29045 10405 29045 29045 29045 10405 29045 29045 463114 29045 459850 10405 463114 29045 29045 29045 72901 10405 4369 110245 10405 29045 3925 10405 29045 4369 72901 3925 72901 29045 72901 29045 29045 72901 3737 3737 29045 734474 29045 29045 10405 10405 29045 34 3925 72901 72901 4369 4850 29045 459850 3925 3737 72901 72901 29045 72901 29045 3925 3925 29045 29045 72901 29045 29045 34 72901 72901 29045 29045 29045 72901 72901 72901 72901 29045 72901 10405 10405 4850 72901 170 29045 29045 29045 72901 4369 72901 4369 110245 29045 463114 3737 10405 29045 72901 72901 463114 10405 29045 29045 29045 29045 29045 29045 29045 72901 29045 29045 29045 29045 29045 29045 72901 29045 29045 29045 10405 29045 72901 10405 10405 29045 10405 2185625 10405 29045 3925 4369 72901 29045 29045 29045 10405 29045 29045 29045 3925 29045 3925 72901 29045 110245 72901 29045 3925 29045 463114 17070010 29045 29045 1919249 29045 29045 10405 10405 29045 72901 463114 4369 29045 72901 29045 109816202 72901 110245 3925 170 29045 170 29045 29045 29045 29045 72901 72901 72901 34 4369 29045 72901 29045 29045 72901 3925 29045 2185625 72901 10405 3737 29045 29045 29045 72901 29045 72901 2185625 29045 110245 72901 72901 29045 10405 72901 72901 29045 72901 463114 72901 29045 3207154 176290 170 72901 10405 72901 2185625 72901 3925 72901 4369 72901 29045 72901 10405 72901 29045 72901 3536425 29045 29045 463114 714425 29045 72901 29045 10405 176290 4369 3925 72901 29045 72901 72901 3925 170 29045 463114 110245 72901 72901 29045 29045 72901 34 29045 10405 170 29045 3737 34 29045 463114 170 29045 3250 4369 72901 29045 72901 72901 463114 459850 29045 29045 29045 4369 4369 10405 10405 72901 29045 29045 10405 29045 3925 29045 29045 3925 29045 29045 72901 72901 29045 29045 72901 72901 29045 34 72901 72901 176290 10405 29045 29045 463114 72901 72901 29045 34 3638050 72901 72901 110245 72901 273205 10405 72901 10405 29045 72901 29045 29045 10405 170 29045 72901 29045 72901 176290 29045 3925 29045 72901 170 10405 29045 29045 29045 176290 273205 10405 10405 29045 463114 72901 110245 29045 3925 463114 110245 34 463114 42902501 2185625 29045 10405 72901 3925 29045 273205 29045 29045 10405 29045 72901 29045 3925 72901 10405 29045 72901 29045 10405 29045 10405 29045 29045 10405 29045 72901 3737 29045 110245 10405 4369 12023845 72901 3925 29045 10405 72901 72901 29045 29045 29045 29045 10405 29045 29045 
188065 27217 188065 27217 188065 27217 4357 4357 1765 10370 27217 4357 27217 188065 188065 4357 4357 10370 188065 27217 4357 1227434 4357 4357 4357 4357 188065 188065 10370 188065 4357 4357 538645 4357 10370 10370 10370 188065 27217 27217 188065 188065 27217 27217 27217 10370 27217 188065 181337 27217 188065 181337 4357 4357 27217 27217 169010 4357 10370 4357 4357 8702794 188065 10370 1227434 188065 4357 188065 188065 74 188065 3946465 169010 10370 188065 188065 188065 4357 546410 27217 188065 74 15079850 1654865 188065 538645 4357 188065 10370 10370 10370 188065 13811225 27217 188065 188065 610130 27217 538645 4357 188065 4357 4357 188065 4357 10370 1116050 188065 27217 188065 1765 10370 10370 188065 6283925 188065 4357 188065 2281250 546410 10370 4357 27217 10370 35751970 10370 27217 4357 10370 2876417 10370 4357 4357 2281250 10370 188065 2281250 4357 4357 4357 10370 1227434 10370 188065 188065 22049 10370 27217 188065 27217 188065 27217 4357 188065 188065 10370 10370 4357 2281250 188065 4357 4357 4357 27217 10370 10370 10370 4357 10370 27217 4357 188065 4357 4357 10370 1010 188065 10370 10370 3154177 538645 4357 4357 10370 10370 1227434 4357 27217 10370 10370 2281250 4357 188065 74 188065 4357 27217 4357 188065 10370 3946465 27217 10370 4357 188065 765034 4357 10370 4357 188065 4357 188065 4357 188065 10370 10370 4357 27217 188065 4357 1227434 188065 10370 4357 4357 4357 188065 188065 10370 4357 4357 4357 188065 2876417 188065 10370 
4357 3925 3925 188065 312505 4357 4357 188065 10370 4357 3925 3925 4357 3925 188065 188065 169010 4357 188065 4357 3925 2679625 4357 188065 3925 312505 4357 312505 188065 312505 3414002 8005 4357 1765 312505 10370 3925 1765 538645 4357 4357 312505 312505 3925 4357 4357 4357 4357 3031865 3925 312505 169010 4357 43810 169010 188065 3925 188065 188065 312505 2490914 6290 312505 4357 10798450 3925 312505 8005 4357 1654865 188065 4357 188065 3925 182580425 27217 188065 4357 312505 3925 3925 10370 188065 4357 3925 188065 3925 3925 188065 312505 10370 4357 8005 74 188065 8005 3925 3925 4357 4357 4357 188065 2679625 312505 10370 538645 1240025 4357 4357 188065 188065 188065 10370 188065 4357 4357 169010 188065 188065 1654865 312505 8005 3925 27217 3414002 10370 312505 188065 4357 312505 4357 538645 103970 8005 450290 3414002 3925 4357 4357 169010 3925 4357 3925 4357 312505 3925 3925 3925 188065 3925 188065 1654865 4357 3925 3031865 4357 4357 3925 4357 188065 188065 8005 312505 4357 188065 3925 3925 538645 3925 4357 538645 10370 10370 312505 8005 188065 4357 4357 3925 188065 103970 4357 4357 4357 3925 4357 312505 188065 312505 538645 312505 10370 188065 312505 8005 188065 4357 4357 312505 103970 188065 1240025 10370 74 4357 188065 10370 3925 10370 188065 3925 188065 3925 3925 188065 3925 8005 4357 188065 4357 10370 4357 188065 4357 312505 4357 312505 188065 2679625 4357 188065 27217 10370 4357 3154177 4357 4357 4357 1174898 3925 3925 312505 3925 1654865 8005 312505 188065 312505 2679625 8005 4357 8005 312505 312505 43810 4357 188065 4357 4357 2490914 2679625 4357 4357 312505 3925 188065 4357 188065 8005 4357 188065 32672657 8005 4357 169010 10370 103970 10370 312505 188065 188065 188065 8005 4357 3925 4357 188065 4357 3154177 8005 27217 4357 8005 3925 312505 4357 3925 538645 4357 538645 188065 2679625 3925 8005 8005 4357 538645 103970 188065 3925 4357 188065 4357 370 4357 188065 4357 312505 188065 538645 312505 188065 4357 4357 10370 4357 188065 3925 1240025 4357 188065 188065 312505 4357 4357 188065 312505 4357 2132650 188065 8005 3925 3925 27217 4357 312505 3925 312505 188065 188065 4357 4357 4357 10370 3925 188065 10370 188065 10370 188065 1654865 188065 188065 4357 4357 10370 188065 10370 4357 188065 4357 10370 188065 4357 4357 312505 188065 188065 188065 3925 188065 103970 538645 4357 8005 3031865 4357 4357 4357 3414002 169010 74 4357 188065 169010 3925 4357 3925 188065 312505 188065 188065 312505 188065 4357 4357 538645 4357 27217 4357 188065 169010 4357 4357 4357 188065 3925 10370 188065 4357 312505 1089010 4357 10370 15904145 4357 
27217 1765 27217 188065 4357 188065 4357 169010 4357 27217 2281250 188065 188065 35751970 2876417 4357 4357 1654865 188065 4357 4357 4357 4357 4357 4357 4357 4357 188065 4357 538645 4357 1654865 4357 1227434 188065 74 4357 4357 188065 2281250 188065 4357 538645 188065 27217 4357 4357 10370 4357 4357 4357 188065 4357 4357 4357 27217 27217 1765 538645 4357 765034 4357 4357 27217 188065 13811225 10370 27217 4357 188065 4357 4357 4357 188065 4357 74 188065 4357 450290 188065 4357 4357 8702794 188065 27217 4357 4357 4357 4357 4357 4357 4357 4357 188065 4357 74 1654865 9439625 188065 4357 4357 4357 27217 188065 4357 4357 27217 188065 4357 4357 4357 4357 10370 188065 4357 538645 4357 27217 4357 4357 10370 188065 4357 4357 4357 37829045 1654865 10370 31945105 538645 4357 188065 188065 188065 27217 4357 1227434 188065 4357 188065 188065 4357 4357 27217 4357 4357 188065 74 4357 27217 4357 4357 538645 27217 188065 188065 4357 4357 188065 188065 
46085 49010 157625 49010 102154 51077 35356985 51077 157625 157625 3069505 1464125 46085 309137 819202 46085 49010 46085 46085 49010 49010 46085 46085 49010 46085 1258 46085 49010 49010 46085 49010 46085 49010 49010 46085 1258 157625 46085 46085 1802 800005 46085 4850 654985 10 1258 51077 46085 46085 46085 46085 51077 1258 5834825 49010 49010 46085 49010 157625 46085 4850 4850 309137 46085 49010 157625 46085 819202 46085 46085 1258 46085 46085 46085 102154 49010 49010 157625 51077 49010 46085 49010 46085 46085 970 46085 309137 46085 46085 46085 46085 51077 1802 46085 46085 51077 4850 49010 1258 4850 49010 46085 49010 51077 10 102154 49010 46085 46085 49010 24502501 46085 51077 654985 46085 10 1258 49010 51077 51077 49010 51077 51077 51077 157625 46085 46085 157625 157625 49010 46085 4850 49010 5834825 49010 49010 46085 49010 309137 157625 46085 49010 46085 49010 46085 49010 157625 49010 49010 46085 49010 49010 51077 157625 51077 49010 46085 46085 46085 49010 1802 46085 49010 17288965 46085 49010 1069085 1258 51077 49010 49010 309137 46085 46085 49010 49010 102154 46085 157625 970 46085 49010 46085 49010 46085 49010 49010 4850 49010 157625 49010 46085 46085 1802 46085 46085 46085 49010 1258 49010 49010 49010 49010 819202 1258 46085 51077 49010 19732325 
18685 157625 18685 18685 18685 157625 18685 145802 18685 46085 49010 18685 46085 46085 46085 3145 46085 51077 46085 18685 18685 970 51077 157625 1450 145802 18685 46085 18685 18685 46085 157625 13450 51077 46085 51077 46085 157625 18685 49010 46085 46085 34 970 46085 18685 18685 46085 46085 18685 3145 118474 51077 9519250 46085 46085 49010 46085 18685 157625 46085 157625 51850 157625 46085 18685 46085 13450 18685 46085 362674 51077 157625 34 18685 51077 13450 157625 46085 18685 18685 157625 18685 18685 18685 46085 18685 46085 46085 51077 309137 18685 18685 46085 157625 18685 46085 18685 46085 34 46085 34 18685 46085 18685 18685 18685 18685 46085 51077 19018 46085 46085 34 49010 51077 463114 13450 18685 46085 18685 46085 46085 13450 46085 46085 18685 18685 157625 34 46085 46085 18685 18685 46085 157625 46085 157625 3145 18685 18685 46085 46085 49010 19018 46085 19018 46085 18685 51850 19018 18685 46085 46085 157625 18685 46085 46085 46085 13450 46085 18685 46085 18685 13450 46085 51850 18685 46085 46085 970 46085 46085 157625 46085 46085 18685 18685 51077 16386305 18685 46085 18685 49010 1018145 18685 13450 3145 13450 18685 18685 49010 13450 46085 18685 46085 157625 13450 51077 51077 157625 18685 463114 18685 44975125 309137 49010 3145 46085 46085 18685 157625 46085 49010 51077 18685 18685 51077 46085 18685 18685 46085 46085 46085 18685 18685 18685 46085 46085 18685 34 46085 18685 49010 18685 51077 46085 18685 34 18685 46085 46085 46085 46085 18685 46085 18685 46085 46085 13450 46085 18685 34 51077 18685 51077 46085 46085 46085 18685 18685 46085 46085 3145 46085 46085 18685 18685 970 46085 51077 18685 16386305 46085 46085 46085 157625 51077 46085 46085 34 18685 157625 18685 51077 18685 46085 18685 18685 46085 46085 13450 18685 13450 18685 13450 18685 19018 18685 34 18685 46085 46085 18685 46085 13450 46085 46085 46085 46085 1018145 51850 46085 46085 46085 18685 18685 392005 157625 18685 145802 46085 3145 46085 18685 46085 51077 18685 51850 49010 46085 13450 157625 46085 34 34 19018 18685 34 46085 157625 34 46085 34 19018 46085 18685 157625 18685 34 51077 46085 18685 46085 46085 19018 18685 34 1450 157625 13450 157625 51850 18685 819202 46085 18685 46085 49010 182002 46085 46085 157625 46085 34 145802 46085 51077 46085 463114 46085 18685 51077 18685 18685 46085 51077 18685 46085 34 14153129 13450 34 13525 46085 18685 46085 157625 46085 18685 46085 18685 18685 18685 46085 18685 18685 13450 46085 18685 157625 18685 18685 49010 46085 18685 34 18685 18685 46085 34 18685 51077 18685 18685 46085 18685 19018 18685 46085 18685 46085 34 13450 18685 46085 46085 49010 727402 13450 34 157625 157625 46085 18685 510770 157625 34 19018 157625 46085 46085 46085 157625 46085 46085 51077 18685 18685 819202 18685 18685 13450 13450 18685 46085 46085 18685 761770 970 18685 46085 19018 18685 34 13525 51077 49010 18685 18685 46085 13450 157625 46085 46085 46085 46085 46085 18685 18685 18685 46085 13450 18685 13450 46085 46085 18685 18685 3145 157625 118474 46085 510770 18685 18685 46085 18685 18685 1450 46085 18685 18685 18685 157625 18685 46085 18685 13450 18685 18685 51077 157625 18685 34 46085 18685 46085 18685 46085 18685 18685 51077 46085 46085 34 18685 157625 18685 18685 157625 34 51077 157625 970 1018145 46085 46085 51077 34 157625 51077 43690 18685 51077 18685 145802 727402 18685 18685 13450 157625 13450 18685 
74 74 74 74 74 46085 101 1654865 101 74 74 4357 4357 16825 4357 74 74 74 74 16825 16825 1654865 83525 74 16825 74 16825 74 74 74 190450 74 74 74 74 74 2720017 4357 74 51077 4357 51077 74 4357 46085 4357 190450 4357 4357 4357 1765 74 74 74 74 74 74 4357 101 5674685 74 74 4357 74 74 4357 4357 74 74 74 51077 74 16908125 74 26293865 1765 74 101 101 4357 74 74 46085 74 74 4357 456977 2425 74 74 74 74 4357 4357 16825 74 4357 74 7850 101 1654865 74 4357 74 51077 101 4357 74 74 74 74 4357 74 190450 74 1654865 4357 74 74 4357 101 4357 74 74 74 4357 4357 4357 4357 74 16825 74 74 101 16825 363701 74 74 16825 10730 4357 74 363701 456977 74 74 456977 4357 74 74 16825 74 74 74 74 4357 74 74 363701 74 363701 74 74 51077 74 74 190450 74 4357 74 31754 74 74 74 74 51077 51077 101 4357 74 16825 190450 101 6283925 4357 74 74 16825 4357 4357 363701 74 74 74 74 11237 4357 16825 16825 4357 74 4357 4357 4357 74 456977 51077 363701 74 74 4357 4357 16825 74 4357 74 74 74 2425 74 4761010 456977 190450 74 115628305 51077 74 4357 74 4357 4357 74 74 74 101 74 16825 74 190450 190450 290 51077 74 74 74 4357 74 51077 6843890 4357 74 4357 51077 4357 74 74 74 4357 4357 74 74 1654865 74 51077 74 74 74 74 74 290 29253025 74 4357 74 74 74 46085 51077 74 74 74 51077 74 101 1765 101 2720017 74 16825 74 74 101 74 74 4357 74 2342345 74 16825 4357 4357 26293865 74 190450 74 74 4357 74 16825 74 16825 101 16825 74 74 74 51077 74 74 74 74 4357 4357 74 74 74 74 74 74 74 74 74 46085 1654865 74 1654865 74 51077 74 74 4357 363701 16825 16825 74 4357 4357 4357 74 101 1789834 74 363701 2425 4357 74 51077 51077 74 74 4357 4357 101 74 74 51077 4357 4357 4357 370 1765 1654865 1765 4357 4357 74 31754 74 74 74 1765 29253025 74 74 74 16825 51077 4357 74 74 4357 218390650 74 74 51077 10240490 16825 74 4357 16825 74 290 74 980101 16825 101 190450 74 46085 4357 4357 16825 74 74 4357 31754 74 74 101 16908125 4357 51077 4357 74 74 74 74 101 4357 46085 74 46085 456977 46085 4357 2517770 74 74 101 74 51077 190450 16825 16825 74 370 290 74 16193809 2425 74 4357 101 74 456977 31754 74 74 16825 74 4357 1765 190450 74 16825 51077 4357 51077 363701 74 74 74 1789834 16825 74 51077 74 16825 16193809 4357 74 4357 4357 4357 1654865 363701 101 74 190450 74 370 74 51077 1654865 74 1654865 74 51077 74 4357 1570 363701 74 16825 190450 74 2425 74 5674685 74 
170 45002 74 45002 170 170 170 170 45002 112897 170 170 170 74 170 170 74 51077 45002 170 51077 170 74 101 170 170 46085 170 170 5957905 170 170 45002 170 74 170 46085 170 74 51077 170017 2570 170 1050905 249010 74 74 74 101 61217 74 74 61217 46085 170 51077 170 170 36942085 170 1050905 170 170 170 74 101 170 170 170 170 61217 170 170 170 112897 170 61217 74 170 170 170 170 46085 74 679225 170 170 170 61217 101 46085 61217 170 74 74 170 170 101 101 74 170 170 170 170 112897 74 170 170 74 170 170 122434 170 45002 170 170 61217 61217 4234 170 45002 74 46085 74 74 74 170 170 170 170 46085 170 51077 170 4488010 61217 51077 170 74 51077 61217 170 98737717 74 45002 112897 74 45002 45002 170 170 74 61217 170 74 170 7623317 170 170 74 170 170 170 1050905 101 112897 170017 45002 1050905 61217 45002 74 101 74 74 170 2032130 59170 101 170017 74 101 170 112897 170 74 1050905 170 74 61217 170 170 112897 51077 61217 170 74 74 74 45002 101 101 45002 4488010 45002 51077 45002 59170 170 45002 51077 74 170 1632025 170 61217 59170 170 170 170 74 170 23155525 45002 74 170 170 5301490 170 170 170 45002 170 170 74 101 170 170 170 74 170 170 170 3434 170 101 74 45002 170 45002 767377 
485 485 3530 5365 34 3530 485 485 987530 34 485 34 485 34 34 34 485 34 485 269125 1331593 3530 485 485 3530 485 485 485 269125 485 485 485 34 3530 3530 5365 269125 3530 485 34 485 485 485 4850 3530 34 3530 485 485 34 34 1685450 5365 501265 485 485 34 3530 5365 485 5618005 34 3530 3530 34 485 34 269125 485 34 34 485 485 34 34 485 485 485 485 987530 485 1685450 485 5365 62725 1331593 485 7527530 34 3530 34 34 485 485 485 485 34 34 485 34 485 5365 3530 4850 34 3530 485 3530 5365 485 5365 485 485 3530 485 485 485 485 34 485 485 34 485 485 485 3530 485 485 485 2570 485 3530 1685450 62725 8274325 485 485 485 485 5365 4850 485 485 485 485 485 5365 34 485 485 501265 34 485 5365 485 485 485 485 3530 8274325 501265 485 485 485 62725 485 485 485 485 19018 34 5365 485 3530 485 34 3530 485 5365 485 485 485 485 485 5365 485 34 485 1665074 34 485 3530 485 485 34 485 485 34 485 485 485 987530 5618005 34 485 485 485 485 485 485 62725 485 485 485 34 485 16581185 5365 485 485 485 4850 485 67535525 485 34 485 485 5365 34 485 485 485 485 485 485 485 485 485 34 485 485 485 5365 34 62725 62725 5766410 485 4850 1331593 485 485 987530 485 3530 5365 3530 3530 5365 485 485 269125 2942425 485 485 269125 485 485 485 485 485 485 485 3530 485 34 3959705 485 485 485 485 485 485 62725 5365 34 485 485 485 34 485 5365 485 501265 3530 485 34 485 3530 34 501265 34 1685450 485 3530 3530 485 501265 485 485 5365 3530 485 269125 21257650 1685450 34 62725 485 485 5365 485 485 485 5365 485 3530 485 34 485 485 485 485 5991050 34 34 485 485 34 485 34 485 5365 5365 485 5365 34 485 485 3530 485 3530 485 5766410 485 34 3530 34 77145925 34 62725 34 3530 485 3530 485 34 485 485 485 485 5365 34 34 485 485 485 34 485 485 5618005 485 485 4850 485 485 5365 485 485 485 485 34 5365 485 485 485 34 485 34 34 5618005 485 3530 485 485 1685450 10575505 485 5365 485 
34 34 485 34 485 1685450 5365 485 485 485 485 34 1685450 34 485 4850 34 34 485 34 485 485 485 34 3030505 485 34 5365 485 485 485 485 485 5365 485 485 269125 78447785 485 34 485 5270770 34 485 485 1590265 501265 34 485 269125 501265 485 485 485 485 485 34 61217 34 485 485 485 485 34 3530 485 61217 485 485 485 485 34 485 485 62725 269125 485 34 34 485 34 5365 485 10575505 3530 61217 3530 485 485 485 4189225 485 485 34 485 34 4850 10575505 269125 485 34 485 514 5365 3530 62725 3530 34 62725 112897 34 485 485 34 62725 34 485 34 485 485 5365 485 5365 485 3530 34 34 485 485 1812445 501265 485 485 34 61217 61217 485 485 4356010 269125 34 485 34 34 485 485 485 485 485 485 34 485 485 34 3530 485 61217 61217 485 485 485 485 485 34 61217 485 485 34 5365 485 5365 485 501265 34 5365 485 61217 3530 34 485 485 3530 34 485 61217 485 485 485 485 112897 485 39427202 34 61217 485 485 1685450 485 61217 34 5365 2570 5991050 34 485 34 34 3530 485 485 485 485 514 485 485 485 485 34 485 485 485 61217 269125 514 34 485 485 61217 3530 4189225 485 485 485 501265 485 485 485 485 34 485 170017 485 485 3050650 34 485 485 112897 170017 62725 485 34 3530 485 485 485 170017 34 61217 5365 34 485 485 4850 34 34 485 485 485 9010 485 3530 34 485 61217 34 34 485 34 269125 34 34 485 485 485 485 34 485 485 34 485 1685450 485 485 485 4234 485 485 34 485 5365 485 34 485 485 5618005 61217 485 3530 485 34 61217 34 485 34 34 485 485 5365 485 1685450 34 514 485 485 485 485 485 5618005 485 485 34 485 34 485 5365 485 485 34 61217 485 485 78447785 34 61217 4850 34 34 485 34 10575505 485 485 34 485 62725 34 5365 61217 485 269125 3530 485 1812445 
1717 77450 485 485 485 202 202 101520185 8245 202 505 22858489 485 286565 8245 202 505 202 1717 1717 485 485 485 1717 202 485 286565 202 8245 202 1717 202 202 240101 8245 485 8245 202 8245 202 8245 286565 485 485 202 505 202 485 202 202 1717 202 55114 1717 1717 1717 485 202 505 485 124813585 485 485 8245 202 1717 202 1717 1717 202 202 1717 202 202 286565 1717 8245 28995829 1717 202 202 77450 202 240101 8245 485 4977785 10447945 1717 1717 202 1717 485 485 1717 202 202 202 55114 1717 202 202 505 202 940325 485 1717 190108945 202 202 202 1332970 202 286565 202 55114 202 1256785 286565 202 202 286565 286565 485 202 1717 202 55114 1717 485 202 8245 1717 202 202 202 1717 202 202 8245 505 202 202 202 1450 40176650 434314 485 202 8245 202 286565 940325 202 202 202 8245 202 1717 202 1717 55114 202 286565 8245 485 202 202 7527530 202 202 202 202 8245 202 202 202 202 286565 77450 202 286565 8245 485 202 485 202 202 8245 1717 505 1717 55114 1717 202 202 485 202 505 505 485 202 202 202 1717 1717 202 485 1717 202 1717 8245 202 202 202 1717 202 361010 1717 202 1717 8245 485 505 202 202 485 485 505 1717 202 1717 202 485 202 505 505 202 69227434 202 202 1717 77450 202 1717 202 505 202 505 202 202 202 4904714 202 202 202 202 202 1717 202 1717 8245 202 202 202 202 1717 202 77450 485 12923530 202 202 202 202 202 202 240101 202 202 202 202 1717 202 505 202 1717 202 202 202 8245 505 505 77450 286565 485 286565 202 1717 1717 505 8245 940325 485 8245 485 1717 202 8245 202 505 202 202 8245 77450 485 485 1717 202 202 55114 8245 1717 55114 202 1717 485 202 485 202 505 485 1717 202 202 1717 202 1717 202 1717 8245 202 1450 202 202 202 1717 202 202 202 485 8245 202 77450 485 202 1450 485 8245 485 202 8245 202 286565 1717 8245 485 202 505 202 202 202 1717 1717 202 202 1332970 202 55114 5270770 485 1332970 8245 1717 202 202 1717 1717 1717 202 361010 485 202 202 202 485 202 8245 286565 202 1717 485 1717 202 202 240101 202 1450 202 1717 1717 8245 202 485 1717 202 202 202 202 202 8245 202 202 77450 202 1717 1717 202 202 8245 202 1717 202 1717 8245 505 505 202 202 202 1332970 202 202 202 202 1717 286565 8245 286565 485 286565 485 202 202 1717 485 202 202 485 202 485 202 202 1717 77450 240101 240101 202 202 485 505 1717 74 202 202 940325 202 434314 202 202 485 202 1717 1717 202 77450 1717 8245 202 202 202 8245 286565 202 1717 286565 505 8245 8245 8245 8245 1717 286565 202 1717 202 485 1717 286565 1450 202 55114 202 1332970 202 240101 286565 
1258 3737 49010 136085 3737 3737 136085 3737 49010 1258 49010 1258 1258 1258 3737 1258 74 1258 2284850 136085 3737 3737 49010 1258 6290 24050 1258 3737 3737 1258 3737 3737 24050 3737 41225 49010 3737 136085 3737 3737 3737 3737 3737 3737 3737 1258 10983050 3737 136085 3737 49010 49010 1258 1258 136085 1258 3737 49010 3737 3737 3737 1258 136085 6290 1258 6290 7850785 41225 3737 55114 1258 49010 1258 3737 3737 1272385 6290 24050 136085 1258 1258 1258 3737 1258 49010 1258 49010 24050 1258 24050 12021337 49010 195365 136085 1258 1258 3197105 1258 3737 1258 3737 1258 3737 220505 136085 49010 24050 1258 6290 1258 3737 3737 3737 49010 1258 1258 49010 3737 1258 1258 1272385 1258 
8245 456977 74 74 74 74 2425 980101 74 74 74 8245 74 8245 74 74 10730 74 2425 74 190450 74 74 27889745 74 1654865 456977 8245 4357 74 74 74 74 101 8245 74 74 74 74 74 456977 74 74 74 456977 74 363701 16825 4357 8245 4357 16825 74 74 49010 74 74 74 74 74 74 4357 74 74 101 101 16825 74 49010 101 74 74 456977 74 74 370 4357 74 29253025 74 8245 74 74 74 74 74 101 2342345 8245 4357 16825 8245 74 183782794 4357 74 4357 363701 74 2425 4357 74 74 74 74 74 74 74 8245 101 8245 4357 101 101 1654865 101 49010 74 74 4357 74 16825 16825 4369 363701 101 4357 74 74 363701 16825 74 74 74 16825 363701 74 49010 74 4357 101 74 190450 74 16193809 74 101 370 4357 49010 49010 74 74 74 74 74 4357 74 2425 74 16825 74 74 4357 101 74 74 74 74 101 74 101 456977 101 16825 2244005 74 101 74 74 29253025 74 4357 74 74 74 74 74 74 74 4357 4357 2455330 74 74 29253025 74 4357 2425 74 74 16825 8245 456977 74 456977 101 101 74 4357 190450 8245 74 74 101 74 74 2244005 4357 456977 74 74 74 74 74 74 49010 4357 49010 74 74 74 16825 4357 16825 4357 190450 74 74 456977 74 74 74 4357 101 74 16825 2425 101 74 74 74 74 74 74 16825 16825 74 370 74 101 1654865 74 74 74 103433525 74 74 8245 74 74 4357 59200370 456977 74 4357 74 101 74 74 370 74 74 370 101 456977 101 74 74 74 456977 74 74 74 74 74 101 74 74 16825 74 16825 74 8245 74 74 74 2244005 101 74 190450 1421290 74 74 74 101 74 16825 74 16825 4357 456977 4357 190450 456977 101 4357 10730 74 74 74 4357 4357 1654865 190450 74 16825 74 8245 4357 4369 2999825 8245 101 190450 4357 74 456977 74 101 363701 74 74 74 74 4357 10240490 2342345 49010 74 74 74 74 16825 74 74 74 74 16825 74 4357 2425 74 74 16825 31754 74 16825 4357 16825 74 101 74 74 4357 101 74 74 4357 4357 16825 4357 74 74 74 74 456977 74 8245 101 74 74 74 74 74 74 74 74 10730 74 74 10730 21630545 49010 74 74 49010 74 101 74 4357 74 8245 74 101 74 8245 74 74 31754 3396125 101 74 212868101 74 74 74 74 16825 74 74 74 101 16825 74 74 74 74 4357 456977 101 4357 16825 74 74 8245 129549925 101 101 456977 16825 190450 74 16825 1654865 74 190450 2720017 16908125 4357 74 74 74 49010 2672930 74 74 
13450 18685 18685 18685 19018 18685 465125 18685 961010 18685 18685 13525 18685 18685 85 465125 18685 170 13450 85 19018 18685 85 13450 18685 511470425 13450 85 18685 85 13450 18685 5657525 19018 13450 36101 18685 19018 18685 34 18685 18685 18685 13450 18685 19018 18685 85 18685 18685 34 18685 19018 19018 18685 18685 85 36101 85 18685 19018 5657525 465125 18685 85 85 18685 36101 13450 85 19018 18685 19018 36101 18685 19018 2513570 13450 18685 465125 361010 18685 36101 18685 36101 3145 19018 18685 36101 18685 13450 727402 19018 85 3145 85 85 465125 19018 18685 465125 18685 85 18685 465125 465125 34 1450 13450 13450 13450 19018 34 34 18685 85 18685 370 465125 36101 18685 69040409 18685 34 34 18685 21234250 18685 18685 13450 85 36101 3145 18685 85 85 19018 465125 13450 370 19018 18685 13450 465125 4802045 85 85 85 465125 13450 18685 13450 18685 85 13450 36101 18685 13450 19018 727402 465125 34 111392005 18685 13450 19018 13450 13450 19018 170 19018 370 18685 18685 370 36101 13450 36101 18685 18685 13450 13450 465125 13450 3849850 19018 18685 18685 18685 18685 18685 85 18685 19018 13450 13450 19018 13450 465125 465125 13450 85 19018 18685 18685 85 19018 727402 18685 13450 85 18685 13525 85 19018 5657525 19018 85 170 727402 170 18685 18685 
34 1665074 85 3959705 485 485 39427202 34 81043385 485 485 85 5365 11220025 485 34 485 485 485 485 485 5365 485 485 34 6400901 5365 485 485 4356010 1331593 485 85 269125 485 1983050 34 34 5365 501265 34 485 485 485 5365 485 485 85 34 485 485 34 485 485 485 485 34 5365 485 5365 5365 34 5365 1331593 10575505 34 485 3959705 5365 85 1665074 34 5365 485 34 485 485 1331593 62725 485 485 4162685 485 485 485 485 34 485 5365 485 485 501265 566450 85 485 485 3530 85 34 485 485 3530 5365 485 34 5365 34 485 36101 485 485 21963250 485 5365 34 34 485 485 485 485 485 34 62725 3530 1665074 485 485 485 34 36101 485 485 485 485 34 34 485 34 485 85 485 34 987530 485 485 10370 485 485 3530 34 485 485 485 485 485 485 5365 485 485 1685450 485 485 485 34 485 34 269125 485 485 485 485 34 34 34 34 62725 485 5365 34 485 485 485 34 485 485 18434 485 5365 485 485 34 1331593 485 485 3530 485 34 85 34 485 269125 34 485 485 34 501265 34 485 34 34 3530 34 34 5365 485 485 485 3530 485 5365 485 485 485 485 62725 485 485 485 34 34 34 485 5365 34 34 485 3530 485 34 34 485 485 5618005 485 485 485 485 485 143280901 485 269125 1331593 34 34 34 34 485 34 485 485 34 62725 34 501265 9802 485 485 2125765 485 3530 1685450 485 485 485 34 485 485 34 485 485 34 485 485 450290 34 3530 485 2570 34 3530 34 485 514 34 34 485 485 485 485 1331593 34 485 34 485 34 485 34 5365 485 
101 74 2425 74 74 16825 456977 8245 8245 74 74 1450 101 74 74 10730 101 16825 16825 16825 101 8245 74 74 74 74 74 101 190450 456977 101 85 16825 74 74 101 101 363701 8245 85 74 10730 74 101 74 16825 101 101 74 74 74 101 101 85 74 74 74 74 74 8245 85 8245 456977 74 74 74 126085529 101 74 456977 101 85 456977 16825 370 74 74 8245 101 74 176984825 74 74 74 74 456977 1018145 1450 74 101 74 74 2244005 74 101 74 74 101 2425 74 101 8245 16825 101 101 74 16825 85 101 74 74 74 74 85 1746485 101 74 16825 1746485 74 8245 2514725 101 8245 170 85 74 190450 74 74 8245 74 74 16825 74 74 190450 8245 456977 101 8245 16825 74 74 8245 74 74 16825 101 74 74 456977 16825 10730 74 74 74 101 8245 74 8245 74 101 85 74 8245 456977 74 101 8245 8245 101 8245 74 370 74 74 74 2425 101 74 74 74 8245 785 101 74 101 74 74 74 74 74 8245 74 101 74 190450 190450 16825 74 101 74 85 74 74 8245 74 74 101 363701 74 85 101 74 74 74 10730 456977 74 74 8245 363701 74 101 456977 74 74 74 101 8245 74 16825 74 2342345 74 74 370 74 16825 8245 101 74 74 74 1450 74 101 101 74 74 190450 85 74 85 456977 74 74 8245 370 101 74 101 74 16825 74 74 74 456977 85 74 74 321196837 74 74 85 74 74 85 74 74 74 74 8245 101 74 74 74 74 201144025 74 
21785 5185 5185 1601 8005 95225 882325 5185 95225 5185 1601 5185 1601 5185 5185 1258 1601 1601 1601 5185 835250 381925 5185 5185 1258 5185 5410 1601 882325 1601 5185 882325 5185 1601 1601 5185 5185 1601 882325 5185 5185 882325 1601 5185 1601 1601 1601 236197 89725 1601 5185 5185 5185 17170 1601 5185 5185 1047370 5185 1601 1601 1601 5185 5185 1601 5185 1601 882325 1601 1601 5185 5185 5185 1601 5185 5185 10 5185 5185 5185 381925 5185 1601 5185 1601 1601 882325 1601 236197 5410 1601 1601 255385 1258 5410 5185 5185 255385 5185 5185 1601 1601 381925 381925 5185 5185 370 1258 10 10 381925 1601 1258 1258 5185 5185 5185 1601 5185 236197 5185 5185 1601 255385 5185 1601 5185 1258 882325 5185 1601 5185 381925 1880650 1601 5185 1601 5185 5185 1601 5185 5185 882325 1880650 5185 5185 381925 5185 5185 5185 5185 255385 1601 8005 5185 5185 5185 1601 255385 5185 1601 1258 1601 236197 1601 5185 5185 5185 255385 1601 1170325 5185 5185 1258 835250 1601 10 10 5185 5185 1258 1601 5185 1601 5185 1601 5185 5185 5185 5185 5185 255385 8005 95225 5185 5185 5410 5185 185 1601 130356185 5185 5185 1601 3736394 5185 5185 1601 1601 5185 1601 5185 1601 5185 1258 95225 1601 5185 1258 5185 5185 5185 5185 5185 5185 1601 1601 5185 1601 835250 882325 1601 381925 1601 10 1258 1601 1170325 255385 835250 1601 1258 882325 5185 5185 1601 1601 5410 5185 1258 10 5185 95225 10 5185 5185 5185 5185 1601 17170 5185 1601 1601 1258 5185 1601 5185 1258 1601 5410 5185 5185 5185 18316565 5185 5410 882325 882325 5185 1047370 5185 255385 381925 5185 381925 1601 1258 5185 5185 1258 5185 1601 255385 1601 5410 1258 5185 1258 1601 5410 5185 1601 5185 5185 882325 5185 5185 5185 1601 370 1601 1601 5185 5867090 5185 381925 1601 199714 5185 1601 236197 5185 17170 1601 5185 5185 835250 5185 10 1601 381925 255385 5185 10 185 5410 5185 1601 1258 5185 1258 1170325 1258 1258 370 1047370 5185 5185 1258 1601 5185 255385 1601 5185 5185 10 5185 1601 5185 95225 381925 5185 5185 3779698 1601 5410 1258 1601 5185 1601 1601 1601 5185 1258 370 5185 5185 5185 5185 5185 381925 1601 1601 381925 5185 5185 5867090 5410 5185 5185 1601 5410 1601 5185 5185 882325 10 5185 10 5410 1601 5410 10 
185 51077 370 46085 1258 1258 1258 46085 51077 1258 1258 1258 1258 51077 51077 22474 51077 30634 1570 5185 51077 1570 51077 58325 1258 51077 1258 1570 1258 51077 51077 1258 1258 1258 1570 51077 51077 51077 1258 51077 46085 1258 370 51077 1258 51077 1258 1258 1258 51077 2570 1258 1570 1258 10323970 46085 46085 1570 46085 46085 1258 1258 1570 1570 51077 1570 5185 51077 1258 5185 58325 2570 1010 51077 1258 1010 51077 185 51077 1570 1258 2337194 903170 58325 5185 1258 51077 58325 51077 1258 1258 51077 51077 1258 1258 1010 51077 1258 1258 51077 51077 58325 1258 51077 1258 51077 1258 17642090 1258 51077 1258 275570 51077 51077 370 1258 1258 51077 51077 51077 1258 370 22474 58325 51077 1258 46085 51077 110245 46085 30634 1258 1258 51077 46085 46085 58325 51077 186267905 1010 1258 110245 51077 1258 46085 185 51077 1258 46085 51077 46085 1258 1258 1258 370 51077 1258 51077 1570 51077 30634 46085 1258 51077 58325 51077 51077 51077 1258 51077 110245 51077 1258 58325 46085 51077 51077 1258 46085 1258 51077 34877785 51077 370 1258 51077 1258 51077 30634 903170 51077 51077 1258 1258 1570 1258 51077 58325 51077 51077 51077 51077 51077 51077 46085 51077 1258 1258 51077 51077 1258 51077 1258 51077 1465474 51077 903170 1570 370 22474 51077 51077 46085 1258 1258 58325 58325 58325 239816597 1258 51077 1258 51077 51077 1258 51077 51077 51077 51077 1258 5005450 1258 1570 1258 51077 51077 51077 51077 1258 1258 1258 51077 903170 1570 1258 370 1258 46085 1258 1258 46085 2917265 1258 46085 51077 51077 1258 51077 51077 51077 51077 1258 51077 1258 51077 1570 1570 51077 46085 46085 51077 1258 1258 51077 51077 1570 1258 1258 46085 1258 1258 1258 58325 51077 51077 30634 46085 51077 30634 5005450 1258 1258 1258 51077 15693002 58325 1570 51077 46085 46085 51077 51077 1258 1258 1258 51077 1258 58325 1258 1570 51077 51077 1258 903170 1570 903170 1258 1570 51077 51077 1258 11803445 51077 1258 1258 1258 2917265 1258 58325 46085 1258 1258 51077 1258 1258 1570 51077 58325 1258 1570 1258 20072450 51077 51077 51077 1258 1258 1258 51077 51077 1258 1258 51077 1258 51077 11803445 110245 1258 1258 1258 1258 51077 1258 46085 58325 51077 46085 30634 1258 51077 1258 1258 51077 1010 1258 51077 1258 16386305 1258 51077 1258 1570 5185 51077 1258 1010 51077 51077 51077 1258 51077 1258 2570 51077 5185 51077 51077 51077 51077 51077 1258 1258 51077 51077 46085 1258 51077 58325 51077 24324625 1570 1258 1258 51077 46085 30634 1258 46085 51077 1258 46085 51077 51077 51077 1258 1258 1570 51077 51077 1570 1258 46085 1258 46085 51077 16386305 51077 30634 46085 1570 46085 1258 1258 58325 58325 51077 1570 1258 1258 51077 58325 51077 1258 1010 1258 46085 1258 1258 16386305 1010 1570 51077 1258 51077 1258 1258 51077 3889625 58325 1258 51077 58325 51077 51077 1258 58325 1258 1570 51077 1258 1258 1570 1570 1258 1258 51077 1258 
34 3530 695185 485 34 3530 5 85 3530 34 19018 485 5365 485 34 3530 17945 5365 3530 9063050 3530 3530 85 4850 19018 19018 3530 485 3530 3530 85 3530 34 34 18434 1665074 34 3530 485 3530 3530 34 3530 34 5365 1285 5365 1331593 34 3530 34 1331593 3530 3530 34 485 2036290 19018 85 17945 34 5 3530 3530 3530 34 5365 1331593 19018 3530 5365 85 3530 5365 3530 485 3530 3530 85 1331593 17945 3530 85 3530 3530 1665074 148138 34 485 2036290 3530 34 85 5365 4850 3530 5365 85 17945 3530 485 34 85 3530 3530 85 6394645 485 3530 34 16019705 19018 3530 85 4850 3530 85 34 485 17945 5 34 34 3530 485 5365 3530 34 3530 987530 2036290 3530 17945 34 987530 34 5365 3530 34 85 18434 85 5 485 34 3959705 3530 3530 485 3530 85 34 3530 5365 85 213004802 987530 485 4284085 2036290 3530 695185 5365 85 34 3530 3530 3530 34 3530 5 34 485 3530 5365 3530 3530 5365 3530 85 34 485 3530 3530 987530 34 34 485 5365 485 34 34 5365 5365 3530 34 1665074 3530 3530 3530 85 85 148138 343177385 3530 
58325 34 34 3530 34 1258 58325 34 34 1258 1258 370 20072450 5365 485 12970 5365 485 17945 2917265 1465474 17945 485 34 485 1258 3530 3530 5365 34 3530 485 3530 5365 1331593 1259557 17945 3530 34 3959705 1258 1331593 3530 1258 3530 1258 85 85 3530 3530 3530 3530 485 1331593 3530 3530 1258 1258 1258 5365 5410 3530 34 5365 3530 5365 3530 34 1258 5365 85 3530 34 1258 3530 1258 34 3530 3530 3530 5365 370 3530 58325 34 5365 1258 485 34 3530 1465474 1258 1258 85 10656185 34 3530 1258 3530 58325 3530 1258 34 485 987530 85 34 3530 3530 12970 1258 370 34 34 34 3530 1258 3530 5365 3530 1258 485 5410 3530 1258 2917265 3530 3530 1258 408850 3530 3530 5365 85 3530 485 34 3530 485 1258 3530 1258 3530 2917265 58325 3530 1258 485 85 2917265 3530 3530 1258 1258 34 58325 3530 3530 58325 34 1258 4850 34 3530 3530 34 485 1258 3530 3530 5410 1258 34 485 3530 34 370 34 3530 3530 34 3530 1258 5365 1258 485 34 34 85 1258 21257650 1258 485 34 34 3530 5005450 58325 1258 1258 5365 3530 34 3530 463114 987530 3530 1258 1258 485 5410 485 3530 1258 1258 3530 1258 34 1258 3530 3530 3530 5410 1258 34 3530 3530 34 3530 1258 485 3530 3530 1258 485 5410 34 34 1258 1258 34 1258 34 3530 1258 1331593 23328005 34 3530 1258 17945 3530 485 34 3530 485 3530 1258 3530 5365 34 1258 34 34 1258 3530 3530 5365 30634 1665074 987530 5365 485 5365 3530 3530 987530 1258 5410 34 3530 34 5365 3530 34 3530 3530 3530 485 1665074 58325 17945 1170325 13577365 17945 3530 3530 1258 58325 3530 3530 1258 3530 485 485 1258 5365 34 1665074 34 5005450 34 3530 34 3530 485 34 3530 3530 58325 3530 3530 3530 30634 34 5365 3530 485 3530 1258 1258 485 3530 34 1259557 1743625 192085 58325 1258 485 17945 1258 34 485 1258 3530 3530 1258 3530 5365 5365 1258 5365 370 485 370 1258 370 3530 3530 3530 3530 485 58325 1258 34 34 3530 3530 485 1170325 34 34 5133725 3530 5365 58325 34 58325 8728810 485 485 30634 58325 3530 3530 1258 5365 485 485 3530 3530 3530 3530 3530 34 5365 1258 34 17945 3530 3530 34 485 3530 3530 1258 34 5365 34 58325 3530 3530 3530 12970 485 5410 5365 1258 34 3530 1258 156802 34 34 3530 155151937 34 1743625 34 58325 58325 85 2917265 3530 3530 3530 3530 34 3530 370 58325 5365 1258 34 
46085 1069085 157625 157625 46085 49010 46085 46085 46085 46085 46085 51077 51077 51077 29184802 49010 51077 46085 49010 49010 51077 46085 46085 1570 1570 51077 51077 49010 1570 46085 46085 51077 309137 2570 46085 51077 1570 46085 51077 51077 49010 1570 46085 51077 46085 51077 51077 157625 46085 51077 1570 46085 46085 1570 49010 46085 46085 46085 157625 46085 46085 51077 51077 10 51077 46085 1258 49010 970 46085 157625 2570 1570 157625 157625 157625 46085 51077 51077 46085 1570 51077 46085 46085 46085 1570 157625 49010 51077 46085 46085 46085 1570 46085 1570 51077 51077 49010 51077 51077 51077 970 49010 51077 51077 10 46085 46085 46085 49010 46085 309137 2570 157625 51077 970 16386305 46085 46085 46085 49010 1570 46085 51077 51077 51077 49010 1570 49010 46085 309137 157625 35356985 51077 51077 46085 46085 102154 51077 46085 46085 46085 46085 49010 46085 46085 46085 46085 157625 46085 46085 10 110245 157625 46085 46085 51077 51077 46085 46085 51077 49010 46085 3069505 157625 157625 46085 157625 49010 1570 46085 51077 51077 51077 49010 51077 46085 46085 157625 51077 46085 46085 46085 49010 309137 102154 157625 2570 1570 51077 49010 49010 579364901 51077 46085 49010 46085 51077 2570 49010 51077 46085 51077 970 46085 46085 46085 157625 46085 46085 157625 46085 2570 46085 51077 157625 51077 46085 51077 51077 49010 46085 51077 51077 51077 1570 46085 49010 51077 49010 46085 46085 1258 49010 1570 46085 51077 46085 46085 49010 1570 46085 46085 309137 49010 46085 157625 51077 49010 46085 46085 157625 51077 46085 49010 46085 51077 51077 49010 46085 46085 49010 46085 46085 46085 46085 157625 51077 2570 51077 46085 157625 157625 157625 309137 46085 46085 49010 51077 51077 102154 46085 51077 46085 46085 46085 51077 49010 1295009 46085 46085 110245 157625 49010 157625 49010 51077 49010 157625 51077 51077 51077 157625 51077 46085 157625 46085 49010 49010 51077 51077 46085 46085 51077 46085 51077 51077 51077 2570 309137 1570 1258 1570 51077 1258 46085 309137 102154 46085 157625 51077 46085 46085 51077 24502501 157625 51077 46085 1570 51077 46085 46085 157625 157625 46085 51077 1570 157625 46085 51077 51077 51077 49010 51077 51077 51077 51077 49010 46085 46085 157625 46085 5639225 309137 51077 46085 51077 157625 46085 1570 309137 51077 46085 51077 49010 1570 102154 1570 102154 654985 49010 49010 46085 46085 157625 46085 29184802 51077 2570 51077 51077 309137 46085 51077 51077 49010 572050 654985 157625 46085 49010 49010 46085 46085 51077 46085 46085 51077 46085 46085 46085 51077 46085 102154 46085 49010 1570 46085 51077 49010 51077 51077 51077 46085 51077 51077 51077 51077 46085 46085 46085 1570 49010 51077 49010 157625 1570 17288965 51077 309137 309137 46085 51077 46085 10 46085 46085 51077 51077 46085 46085 10 46085 51077 49010 46085 157625 29290 46085 46085 157625 51077 1570 51077 309137 46085 51077 2570 46085 157625 51077 49010 46085 46085 46085 46085 1570 46085 1990465 157625 1570 46085 22474 46085 309137 49010 157625 157625 1570 51077 46085 800005 46085 1570 
188065 4357 4357 9439625 188065 4357 188065 188065 16908125 4357 4357 2281250 4357 4357 188065 3946465 4357 4357 4357 27217 188065 1258 4357 27217 4357 188065 4357 37829045 4357 9439625 4357 4357 4357 4357 4357 4357 4357 27217 188065 1654865 2281250 169010 188065 4357 1654865 169010 188065 4357 188065 188065 27217 4357 169010 4357 27217 169010 27217 51077 4357 2876417 27217 4357 4357 538645 2517770 4357 188065 27217 3946465 1765 188065 4357 1654865 27217 188065 2281250 188065 4357 27217 51077 37829045 27217 2281250 188065 417625 27217 4357 188065 4357 4357 4357 3154177 4357 4357 4357 27217 1258 1227434 4357 4357 4357 2876417 188065 4357 4357 51077 4357 27217 188065 4357 2132650 27217 188065 4357 188065 188065 4357 188065 51077 27217 51077 4357 4357 188065 1654865 27217 1765 4357 4357 4357 1654865 188065 2876417 188065 4357 4357 188065 188065 1654865 188065 4357 4357 4357 2876417 27217 2876417 4357 4357 4357 4357 188065 52200145 1227434 4357 1654865 4357 188065 4357 27217 1654865 4357 1765 27217 1227434 51077 4357 188065 188065 1258 4357 4357 27217 27217 4357 4357 27217 4357 4357 188065 4357 1258 188065 188065 188065 4357 4357 27217 4357 4357 450290 188065 4357 188065 4357 4357 4357 188065 188065 4357 4357 27217 538645 4357 4357 188065 27217 4357 4357 188065 169010 4357 4357 4357 4357 188065 4357 188065 4357 188065 538645 188065 9439625 4357 188065 4357 4357 27217 188065 27217 4357 188065 4357 4357 4357 4357 27217 4357 4357 188065 188065 4357 2876417 188065 1654865 4357 27217 188065 115304645 4357 4357 4357 4357 188065 4357 4357 4357 188065 1227434 169010 4357 4357 538645 4357 4357 4357 4357 27217 4357 4357 4357 27217 27217 188065 4357 188065 4357 4357 1765 4357 4357 290 1258 51077 27217 4357 188065 4357 188065 4357 4357 188065 4357 27217 4357 4357 2281250 188065 11530402 4357 16825 4357 4357 4357 169010 188065 538645 188065 188065 4357 5640209 4357 4357 4357 4357 188065 1258 4357 188065 538645 1258 188065 4357 538645 27217 3154177 4357 188065 27217 4357 4357 4357 2876417 188065 1258 4357 188065 538645 4357 2517770 27217 188065 1654865 4357 188065 4357 4357 4357 188065 544505 4357 4357 4357 27217 188065 
13450 19018 85 85 19018 170 36101 170 19018 85 465125 13450 19018 85 85 18685 5657525 19018 18685 36101 19018 170 18685 19018 18685 85 85 1450 18685 13450 118474 18685 18685 19018 18685 36101 18685 18685 18685 13450 18685 3145 34 18685 13525 18685 18685 18685 18685 5657525 19018 13450 36101 18685 13450 18685 3145 18685 19018 13450 85 34 13450 18685 19018 19018 18685 170 19018 18685 85 34 19018 36101 18685 19018 85 465125 19018 18685 85 85 13450 34 19018 18685 34 19018 19018 34 19018 170 18685 13450 13450 19018 19018 85 370 18685 170 13525 18685 13450 3145 85 85 13450 18685 18685 18685 19018 19018 463114 85 18685 18685 13450 18685 13450 18685 19018 170 18685 465125 18685 85 36101 18685 13450 36101 18685 13450 170 465125 18685 34 19018 18685 13450 18685 18685 51850 13450 18685 19018 18685 43690 18685 18685 34 1018145 18685 13450 13450 18685 18685 44975125 18685 85 19018 170 13450 19018 34 13450 13450 18685 19018 18685 85 18685 18685 18685 19018 465125 465125 18685 19018 13450 34 18685 18685 13450 465125 18685 18685 13450 170 34 18685 34 19018 18685 118474 465125 18685 19018 13450 18685 18685 18685 19018 170 18685 18685 13450 18685 18685 34 5657525 18685 18685 19018 34 19018 19018 85 18685 18685 170 19018 19018 18685 18685 18685 34 3145 19018 170 19018 13450 18685 85 19018 19018 34 145802 18685 19018 19018 465125 85 36101 18685 13450 18685 18685 19018 18685 465125 13450 465125 18685 13450 85 19018 18685 18685 18685 18685 13450 13450 19018 18685 18685 18685 361010 465125 19018 19018 13450 13450 13450 18685 18685 36101 19018 18685 170 5657525 18685 465125 18685 19018 18685 18685 1018145 18685 19018 18685 34 19018 18685 18685 170 34 18685 18685 13450 465125 13450 18685 18685 18685 18685 34 85 3145 36101 18685 18685 36101 19018 13525 13450 19018 13450 18685 18685 19018 13450 19018 34 18685 18685 19018 18685 18685 85 18685 170 13450 170 18685 1450 34 36101 170 18685 34 18685 19018 85 118474 19018 170 118474 18685 85 19018 170 36101 18685 18685 465125 19018 18685 18685 170 18685 465125 
18685 19018 19018 13450 29045 170 19018 13450 72901 19018 184901 18685 51914 29045 13450 72901 170 19018 72901 85 72901 19018 13450 19018 19018 29045 465125 36101 19018 13450 463114 19018 29045 110245 72901 13450 29045 170 72901 29045 36101 370 85 19018 13450 29045 72901 19018 85 85 110245 18685 13450 19018 19018 36101 18685 110245 19018 184901 19018 72901 85 110245 465125 72901 18685 18685 85 18685 72901 72901 72901 13450 72901 19018 85 72901 465125 85 29045 29045 29045 18685 19018 72901 29045 19018 19018 19018 463114 36101 176290 19018 18685 463114 13450 85 19018 3536425 18685 36101 29045 18685 19018 13450 463114 13450 29045 4251845 72901 29045 72901 29045 170 19018 176290 29045 29045 19018 8005 13450 19018 170 18685 51850 85 19018 29045 18685 19018 13450 370 72901 19018 36101 13450 19018 19018 72901 463114 72901 370 19018 19018 170 19018 85 18685 18685 18685 85 19018 2513570 18685 18685 51914 3737 3737 36101 18685 72901 184901 19018 29045 19018 463114 72901 36101 13450 19018 170 72901 72901 29045 10293925 463114 72901 19018 72901 110245 19018 184901 72901 29045 72901 19018 72901 72901 612170 110245 248965 463114 19018 19018 29045 29045 170 36101 19018 465125 170 19018 463114 18685 13450 19018 176290 19018 72901 36101 463114 125833250 13450 29045 19018 18685 18685 465125 18685 29045 184901 29045 72901 110245 13450 29045 19018 176290 463114 29045 85 72901 13450 19018 72901 19018 29045 13450 465125 29045 18685 72901 18685 72901 465125 13450 19018 18685 36101 463114 19018 18685 19018 13450 110245 36101 36101 72901 19018 18685 29045 19018 85 29045 72901 36101 2185625 463114 29045 29045 29045 72901 36101 72901 3737 36101 36101 463114 85 19018 29045 29045 36101 19018 19018 463114 85 72901 3536425 72901 13450 85 72901 72901 29045 19018 18685 29045 72901 36101 72901 19018 19018 29045 72901 176290 29045 72901 72901 463114 85 170 29045 72901 465125 18685 72901 465125 72901 4380485 19018 72901 370 465125 19018 29045 36101 18685 18685 465125 13450 36101 85 72901 72901 72901 465125 19018 463114 19018 72901 72901 465125 85 465125 184901 72901 72901 72901 29045 19018 18685 72901 184901 72901 184901 19018 19018 176290 463114 72901 29045 176290 13450 25398650 85 36101 85 465125 19018 465125 19018 19018 51914 19018 72901 72901 13450 29045 19018 19018 29045 18685 19018 18685 85 19018 72901 19018 29045 13450 72901 13450 18685 29045 85 18685 170 13450 19018 170 4755530 19018 463114 29045 176290 72901 19018 3737 18685 463114 13450 19018 36101 300050 72901 465125 463114 4802045 72901 18685 19018 85 85 273205 9553450 29045 72901 72901 29045 72901 72901 72901 36101 18685 85 19018 19018 3737 13450 19018 72901 72901 110245 463114 72901 29045 29045 612170 18685 13450 72901 18685 18685 13450 
1601 10 5185 1601 1601 272485 5185 1601 1601 17170 272485 1601 3925 1601 1601 1601 272485 1601 1601 1601 5185 1601 1601 25925 1601 1601 10 1601 1601 1601 1601 1601 3925 1601 5867090 1601 1601 31379114 1601 25925 1601 1601 1601 1601 1601 1601 370 10 1601 5185 1601 1601 1601 1601 1601 5185 25925 5185 3925 10 95225 1601 1601 25925 10 1601 272485 1601 3925 272485 1601 31379114 1601 1601 1601 1601 1601 10 272485 1601 1601 1179397 1601 1601 272485 8005 3925 25925 1601 236197 272485 3925 1179397 1601 1601 25925 5185 1601 25925 1601 3925 5185 8005 5185 5185 1601 25925 1279625 1601 10 1601 10 1601 1601 381925 3925 1601 3925 1601 3925 10 1179397 1601 25925 1601 272485 5185 45002 255385 3925 1601 1601 5185 5185 3925 3925 33802 272485 1601 1601 10 1601 1601 3925 1601 1601 1601 1601 1601 1601 1601 5185 3925 1601 1601 236197 370 5185 1179397 1601 1601 95225 3925 1601 10 1601 5185 3925 1601 1601 1601 255385 3925 3925 5185 5185 3925 1601 1601 1601 1601 1601 1601 1601 272485 1601 1601 8005 1601 370 3925 1601 1601 1601 1601 10 5185 1601 1601 5185 1601 3925 70576025 5185 1601 255385 1601 1601 10 272485 3925 1601 10 1601 1279625 45002 370 1601 1601 5185 33802 1601 1601 1601 272485 1179397 3925 1601 58081010 5867090 25925 236197 95225 1601 3925 5185 272485 612170 5185 1601 1601 3925 5185 1601 1601 5185 272485 1601 5185 1601 3925 1601 5185 1601 3925 1601 25925 1601 25925 370 1601 1601 1601 5185 255385 3925 1601 5185 1601 1601 10 3925 3925 1601 10 1601 1601 1601 25925 1601 1601 3925 1601 1601 1601 1601 5185 1601 3925 1601 1601 1601 236197 5185 1601 1601 5185 1179397 5185 5185 5185 312505 3925 1601 3925 3925 3925 3925 5185 1179397 3925 1601 1601 1601 1601 3925 1601 1601 1601 1601 1601 5185 10 1601 272485 3925 1601 1601 1601 272485 1601 5185 135531650 1601 1601 25925 612170 1601 1179397 1601 5185 1601 3925 1601 1601 1601 1601 1601 1601 1601 1601 255385 1601 10 5185 1601 3925 236197 3925 1601 1179397 1601 1601 10 612170 1601 33802 1601 3925 95225 5185 1601 10 3925 1601 10 5185 1601 255385 3925 1601 1601 3925 370 1601 1601 1654865 1601 3925 3925 5185 1601 1601 3925 197215889 370 272485 236197 1601 10 1601 5185 1279625 370 236197 1601 3925 3925 1601 3925 236197 5185 272485 5185 871202 107650 272485 5185 8641625 1601 10 1601 1601 1601 1601 1601 272485 3925 3925 370 1601 25925 4416394 1601 10 1601 312505 1601 8005 5185 25925 1601 25925 1601 5185 1601 1601 5185 5185 1601 272485 3925 1601 1601 5185 1601 1601 3925 1601 1601 1601 1601 381925 272485 1601 3925 1601 5185 1279625 1601 1601 1601 1601 236197 236197 1601 1601 1601 10 5185 3925 1601 95225 3925 1601 1601 3925 25925 1601 1601 3925 1601 25925 1654865 5185 1601 612170 3925 1601 272485 10 3925 25925 1601 255385 1601 1601 3925 1601 3925 5185 1601 1601 10 1601 10 1601 5997634 3925 1601 312505 1601 1601 1601 
1717 1717 1717 1717 136085 136085 1717 1717 1717 1717 63370 1717 1717 202 1717 3737 202 202 1717 202 1717 1717 55114 1717 3737 2594 202 202 1717 136085 1717 202 1717 2594 5270770 3737 1717 202 202 1717 2594 1717 1717 1717 3737 202 202 1717 202 4977785 1717 940325 940325 686450 2594 202 1717 202 1717 1717 202 505 220505 1717 202 202 202 940325 1717 3737 3737 10447945 202 1717 1240025 2594 1717 1717 1717 202 202 1717 202 1717 1717 202 505 202 1717 202 202 2594 202 1717 202 6843890 1717 24650 202 202 2594 22858489 8245 202 3737 505 1717 6137170 202 202 202 63370 202 1717 202 1717 806045 1717 1332970 202 2594 3737 240101 3737 3737 1717 202 202 202 1717 202 202 505 202 1717 1717 202 202 2594 505 49010 1717 202 3737 202 1717 8245 202 2594 202 77450 202 202 1717 1717 202 2594 22858489 3737 136085 1717 202 3737 220505 1717 77450 1717 2594 202 1717 940325 202 1717 202 1717 1717 3737 2594 3737 202 202 1717 202 202 202 1717 1717 1717 202 1717 202 1717 434314 2178005 240101 2594 202 1717 202 202 
1717 3737 2594 34 1717 1717 1331593 2036290 1717 1717 1717 3530 1717 3530 5365 1331593 34 3530 3530 1717 2594 3530 1717 1717 1717 5365 155151937 5365 1331593 1665074 2594 1717 12970 2594 2594 202 1717 1717 3530 1717 1717 3737 1717 3530 1717 202 1717 6472325 19018 3530 1717 3737 34 136085 1717 202 3530 3530 2594 1717 3530 1717 1717 1717 3737 19018 2594 2594 19018 9802 1717 5365 5 1331593 1717 34 3530 1717 202 1717 202 1717 5365 1717 1717 3530 136085 136085 17942090 1717 5365 3530 1717 2594 3737 2594 3530 136085 3530 1717 5991050 3737 1717 1717 3737 3530 3737 3530 1717 1717 1665074 21829025 1717 1717 1717 1717 1717 3530 1717 34 2594 1717 1717 4284085 3737 4850 1717 1717 1717 3530 19018 1717 3530 19018 3530 1717 202 1717 3737 1717 1717 3530 34 202 3737 1717 12513625 1717 1717 202 1717 1717 1717 19018 1717 202 3737 1717 3530 3530 343177385 1717 3530 1717 2594 3737 1717 1717 2594 1331593 1665074 3530 202 1717 202 1717 1717 202 34 1717 3530 1240025 1717 202 2594 3530 5365 1717 1331593 1717 3737 3530 1240025 19018 3530 1717 3530 136085 1717 3737 3737 19018 1717 2594 3530 202 1717 1331593 3530 1717 461390401 34 2036290 5365 2594 3638050 34 1331593 1331593 1717 1717 1717 202 34 1717 12970 3530 5365 1717 1717 1717 5365 3530 1717 1717 1717 21829025 19018 3530 136085 5365 3530 1717 1717 1717 202 987530 136085 3530 2594 1717 5365 1717 1717 3737 1717 1717 3530 1717 3530 2594 1717 987530 1717 1717 1717 202 3530 1717 3530 1717 34 2036290 3530 202 2594 1717 3530 3737 2594 1717 5365 1717 12970 1717 3530 148138 1717 1717 1717 3530 3737 3737 2594 5365 3530 3530 5365 1717 4850 2594 1717 2594 5365 5365 5365 202 1717 3530 3530 1717 3530 220505 3530 1717 3530 3530 1717 1717 1717 1717 1331593 3530 5365 1717 3530 2594 1717 1717 3530 2594 1717 1717 1717 34 1717 3737 1717 1717 1717 1717 1331593 2594 1717 1717 3530 3530 3737 202 1717 5365 1717 136085 148138 2594 1717 2594 2594 3530 2594 3530 2594 1717 34 3530 2594 3530 1717 34 2594 2594 1665074 1717 2594 3530 1717 1717 1717 1717 136085 1717 3530 1717 34 3737 3530 1717 202 5365 1717 5365 3737 5365 3737 3737 5365 179945 3737 4850 1717 3530 2594 1717 3737 3737 34 1717 148138 2594 5365 1717 148138 1717 2594 1331593 3737 1717 1717 1717 1717 5 5365 5365 2594 1717 5991050 3530 5365 5365 1717 3530 3530 3530 1717 3737 1717 1717 1717 1717 3530 1717 1717 3530 77145925 34 3530 2594 3530 18434 1717 1717 1717 5991050 1717 2594 987530 3530 3530 5365 3737 1717 1717 3530 1717 1717 3530 3737 1717 3530 3530 1717 1717 1717 1717 2594 1717 1717 2594 3530 2594 1717 1717 5365 5365 3737 3530 1717 1717 34 3530 2594 3530 1717 3737 1717 1717 3737 3530 3737 3530 3530 3530 1717 136085 3737 5365 202 3530 202 5365 3530 220505 3530 2594 1717 3530 202 3737 3530 1717 5365 2594 220505 34 3530 19018 1717 1717 1717 1717 2594 34 3737 1717 1240025 1717 1717 1717 1717 1717 3530 3530 1717 148138 1717 1717 
17945 3530 19018 85 3530 85 85 85 85 3530 3530 85 85 85 85 3530 3530 85 85 3530 3530 17945 3530 5 85 36101 85 85 3530 465125 85 17945 3530 36101 3530 85 85 85 17945 29955250 3530 3530 85 85 3530 3530 36101 36101 202 85 3530 85 85 85 85 85 85 2657525 85 3530 3530 85 38504050 3530 5 85 85 85 85 85 85 85 85 3530 465125 465125 19018 85 465125 3530 85 85 3530 85 3530 36101 85 85 85 85 85 3530 85 3530 65650 85 85 85 3530 36101 3530 3530 3530 202 3530 3530 3530 213004802 118354085 85 1058005 85 85 5 3530 19018 
5185 1601 1601 5185 381925 5185 1601 1601 236197 1601 1601 8641625 3925 4631105 10 1601 5185 1601 1601 1601 3530 1601 1601 272485 236197 5185 381925 1601 1601 1601 1601 5185 5185 1601 1601 255385 1601 1601 1601 1601 1601 5185 8005 1601 1601 370 95225 3925 5185 5185 1601 89725 5185 1601 1601 1601 5185 381925 5185 272485 1601 3925 1601 1601 1601 272485 272485 1601 10 3925 1601 1601 1601 1601 1601 272485 4631105 1601 1601 381925 1601 1601 381925 1601 1601 1601 1601 1601 1601 1601 1601 1601 95225 10 5185 5185 1601 5185 1601 1601 272485 5185 5185 6055202 1601 255385 1601 1601 10 1601 5185 1601 1576250 272485 95225 3925 1601 272485 10 1601 255385 3925 1601 1601 5185 1601 5185 1601 272485 1601 10 5185 1601 5185 1601 1601 1601 272485 1601 1601 1601 1601 95225 3530 1601 1601 370 5185 1601 1601 612170 1601 5185 1601 5185 1601 1601 5185 1601 95225 3925 3925 1601 1601 1601 1601 1601 5185 5185 5185 255385 272485 5185 5185 1601 1601 255385 1601 1601 5185 1601 5185 10 3925 1601 5185 1601 1601 1601 1601 1601 1601 1601 1601 1601 3925 5185 1601 1601 272485 1601 1601 5185 1601 1601 8005 1601 1601 5185 5185 5185 1601 1601 5185 1601 381925 95225 5185 370 1601 381925 1601 381925 255385 1601 5185 24505 8641625 5185 10 10 5185 1601 370 485 1601 370 1601 5185 13219385 1601 5185 10 5185 10 1601 5185 3925 1601 1601 381925 612170 1601 272485 3530 1601 5185 1576250 5185 3925 5185 1601 1601 1138250 5185 5185 1601 3925 170197625 1601 1601 236197 1601 272485 10 1601 1601 1601 95225 5185 107650 5185 1601 1601 1601 5185 1601 5185 1601 8641625 5185 5185 3530 1601 272485 1601 10 3925 5185 1601 95225 1601 1601 5185 1601 3925 236197 1601 1601 5185 10 272485 1601 3925 5185 1601 255385 1601 381925 1601 1601 10 5185 1601 1601 1601 1601 1576250 1601 3925 5185 3530 1601 272485 272485 3925 272485 1601 1601 5185 4631105 272485 1601 1601 26820650 272485 370 236197 1601 5185 5185 1601 1601 1601 1601 272485 10 1601 1601 163537525 5185 448846645 1601 5185 381925 1601 5185 5185 1601 1601 5185 1601 17170 1601 1601 1601 5185 1601 1601 1601 1601 1601 165200185 381925 1601 5185 10 95225 5185 5185 1601 1601 1601 5185 1601 89725 255385 1601 5185 45002 1601 5185 272485 381925 95225 1601 1601 1601 1601 5185 1601 1601 255385 1601 1601 1601 236197 5185 272485 255385 89725 1601 1601 1601 1601 1601 1138250 89725 10 272485 1601 24505 5185 1601 1601 1601 381925 5185 1601 1601 1601 1601 1601 5185 3925 1601 5185 1601 272485 1601 1601 1601 1601 1601 5185 272485 272485 1601 236197 10 95225 5185 5185 1601 5185 381925 3925 272485 1601 1601 1601 1601 1601 1601 1601 1601 
17 272485 45002 272485 17 1601 1601 1601 17 17 1601 1601 17 45002 1601 9802 9802 1601 272485 1601 1601 17 272485 1601 1601 17 89725 17 1601 9802 17 1601 1601 17 1601 45002 1601 1601 1601 679225 6751225 3925 9802 17 17 679225 17 1601 17 17 884425 272485 9168970 1601 1601 17 1601 1601 1601 884425 17 17 17 272485 17 3925 17 679225 1601 1601 1601 17 3530 1601 9802 1601 3925 17 261994 1601 720002 679225 1601 1601 261994 1601 884425 1601 9802 720002 1601 17 1601 17 272485 1601 9802 17 1601 17 1601 1601 720002 9802 17 17 1601 679225 17 3925 1601 272485 3925 17 1601 17 1601 1601 131665 17 1601 89725 17 10 272485 17 272485 272485 1601 1601 1601 17 1601 38864725 17 17 261994 17 679225 17 485 1601 3925 9802 9802 17 1601 1133458 679225 1601 272485 3925 17 1601 1601 17 1601 3925 272485 17 1601 17 17 17 17 1601 1601 45002 1601 17 17 1601 89725 1601 9802 10 2106385 17 261994 10 17 17 17 45002 6290 2106385 17 3925 1601 45002 1601 9802 1250674 17 17 17 1601 1601 1601 45002 17 45002 272485 1601 17 3925 10 9802 17 1601 1601 1601 1601 1601 1601 1601 17 17 3530 720002 1601 1601 17 679225 17 17 1601 17 1601 1601 5301490 679225 3925 1601 884425 17 1601 10 1601 1601 1601 1601 1601 12631765 272485 679225 1601 272485 1601 17 17 1601 272485 272485 17 1601 30425 1601 1601 1601 261994 17 1601 1601 272485 17 1601 272485 1601 272485 679225 1601 272485 17 89725 884425 17 10 17 89725 1601 679225 17 1601 272485 261994 20848357 1601 1601 9802 3530 9802 1601 1601 1601 9802 1601 1133458 1601 17 17 1601 3925 17 1601 272485 17 1601 1601 17 17 3925 22638565 261994 17 1601 9802 3925 1601 272485 720002 1601 653225 1601 3925 261994 17 1601 10 1601 9802 1601 17 17 9802 1601 1601 1601 1601 89725 17 1601 1601 10 3530 3925 1601 1601 1601 1601 17 45002 1601 1601 1601 1601 884425 1601 1601 89725 272485 1601 17 17 17 17 1601 17 679225 1601 884425 1601 9802 17 1601 1601 1601 1601 272485 1601 441010 272485 17 679225 1601 272485 17 1601 17 1601 1601 272485 1601 679225 20848357 5957905 9802 272485 720002 17 1601 1601 1601 261994 17 1601 1601 17 17 272485 1601 17 45002 1601 1601 261994 261994 3925 45002 9802 2106385 131665 272485 1601 272485 272485 9802 10 1601 3925 17 1601 17 17 17 17 720002 1601 1601 9802 1601 17 1601 17 1601 43690 45002 17 17 9802 1601 17 17 89725 17 9802 1133458 272485 1601 17 17 1601 10 1601 1601 17 1601 272485 1601 1601 1601 720002 20848357 1601 1601 9802 17 679225 1601 1601 1601 1601 1601 1601 1601 272485 1601 17 17 679225 17 272485 1601 45002 17 17 272485 1601 1601 1601 17 17 45002 1601 17 1601 1601 272485 1601 3925 679225 17 17 17 6356597 45002 9802 1601 18434594 1601 1601 1601 17 17 17 9802 1601 1601 17 1601 272485 1601 1601 1601 578017765 
5365 85 3530 485 34 3530 85 485 34 85 3530 85 34 34 3530 85 34 485 3530 85 3530 3530 1331593 485 12970 19018 17945 3530 2036290 85 987530 3530 5365 34 12970 36101 5 85 3530 34 85 29955250 85 3530 485 17945 85 85 3530 85 34 1285 3530 3530 3530 1331593 34 3530 36101 5 85 3530 3530 34 5365 34 5365 3530 34 17945 34 3530 85 3530 3530 3530 9063050 3530 5304505 3530 85 485 85 485 3530 5 34 34 85 36101 85 3530 485 85 85 3530 85 5 17945 34 85 3530 5 17945 3530 85 3530 17945 485 34 34 34 3530 3959705 3530 3530 3530 3530 85 85 85 34 34 5365 17945 17945 485 19018 5365 85 34 17945 34 695185 5365 85 5365 34 34 34 85 3530 85 85 19018 3530 34 85 85 695185 987530 3530 34 34 19018 3530 85 3530 5365 2036290 3530 34 3530 34 3530 85 2036290 3530 3530 5365 485 3530 5365 695185 485 85 5365 85 3530 3530 3530 3530 17945 34 3530 485 17945 3530 85 6492725 485 3530 3530 3530 5365 485 34 3530 15596425 3530 34 5365 24799490 17945 3530 3959705 148138 3530 485 987530 3530 85 85 34 5365 85 485 1331593 3530 5365 485 4753970 3959705 19018 3530 3530 3530 34 3530 3530 19018 2036290 85 85 3530 1331593 3530 485 34 3530 85 85 17945 17945 3530 485 3530 3530 17945 85 17945 34 34 85 3530 85 695185 34 85 12970 34 18434 5365 3530 3530 34 3530 3530 3530 3530 19018 485 3530 34 5365 3530 34 3530 85 34 34 3530 34 5365 3530 34 17945 3530 3530 85 12513625 19018 3530 85 19018 3530 3530 3530 485 85 34 485 3530 3530 85 34 34 19018 3530 3530 3530 19018 3530 17945 34 5365 3530 3530 85 3530 85 485 5365 85 485 3530 3530 3530 3530 17945 85 1331593 34 85 12970 17945 34 5 85 1665074 34 85 3530 34 3530 1331593 5 34 34 3530 85 34 34 85 987530 36101 3530 34 85 85 485 3530 83466497 3530 3530 34 3530 3530 85 3530 3530 5365 987530 85 5 29575325 485 34 3530 85 5365 3530 3530 3530 12970 485 85 34 85 3530 18434 85 5365 34 3530 5365 3530 29955250 3091370 485 34 485 3530 1349545 485 3530 3530 987530 85 85 485 34 85 3530 13577365 5365 34 34 5 5 5365 17945 85 3530 19018 3530 1331593 85 34 85 3530 34 3530 85 85 3530 85 85 34 85 990002 85 3530 34 85 3530 85 34 34 3530 17945 1331593 3530 34 85 85 5304505 17945 485 3530 34 3530 3530 3530 3530 485 85 1285 12970 485 3530 485 3530 17945 3530 3959705 85 3530 3530 5365 34 3530 5 1285 485 85 17945 
1258 381925 2017450 149817601 1258 58325 5185 1258 1010 95225 5185 1258 51077 1258 1258 51077 1258 1258 5185 1570 1258 1258 1258 3802501 381925 1258 5185 381925 381925 882325 1258 1258 95225 903170 903170 51077 95225 5185 5185 51077 5185 5185 51077 1258 882325 5410 5185 51077 51077 1258 1258 1258 5185 51077 5185 5410 1258 51077 58325 58325 1258 5185 1258 1258 5185 1258 1258 58325 5185 5185 5410 1258 882325 5185 381925 1258 381925 1258 381925 1258 51077 5185 5185 1258 1258 1258 1743625 5185 1258 5185 1258 51077 5185 5185 1258 58325 1258 51077 1258 5185 1258 51077 1258 1258 5185 882325 51077 5410 51077 1258 5185 51077 51077 1624505 1258 1258 1258 1258 882325 1258 51077 1258 1258 95225 1258 1258 51077 1258 1258 882325 1258 1258 1258 1258 381925 381925 1258 5185 51077 1258 1258 1258 1010 51077 1258 5185 5410 5185 1258 5005450 1258 30634 11803445 58325 30634 1258 1258 1258 1258 5185 1258 1258 1258 5185 1258 51077 5185 1570 1258 185 
13450 170 19018 19018 18685 18685 170 18685 465125 13450 36101 145802 18685 18685 85 18685 18685 3145 19018 18685 18685 34 18685 19018 18685 19018 465125 13450 13450 18685 19018 19018 19018 85 18685 18685 18685 18685 18685 19018 1018145 19018 18685 19018 13450 13450 18685 18685 170 19018 18685 13450 170 3145 18685 36101 13450 18685 170 370 1450 85 727402 19018 13450 18685 18685 18685 42807385 170 18685 36101 19018 13450 34 13450 19018 19018 18685 13450 13450 42807385 18685 145802 19018 19018 18685 18685 18685 19018 13450 13450 85 34 18685 25456925 18685 13450 18685 19018 18685 36101 262450 85 13450 170 51850 36101 465125 18685 19018 170 18685 19018 170 18685 170 13450 170 85 19018 13450 18685 19018 34 19018 313634 18685 36101 13450 36101 465125 34 18685 34 36101 18685 34 18685 465125 1450 19018 13450 170 85 18685 18685 34 19018 465125 36101 13450 18685 170 463114 18685 18685 18685 19018 1450 465125 18685 18685 3145 19018 18685 34 18685 19018 170 19018 19018 18685 13450 19018 18685 18685 13450 36101 36101 18685 18685 18685 13525 13450 170 18685 18685 18685 19018 18685 463114 18685 18685 18685 13450 170 13450 19018 2635385 170 19018 465125 19018 370 19018 36101 370 170 19018 13450 18685 18685 18685 18685 18685 19018 19018 170 18685 19018 19018 18685 18685 34 19018 19018 19018 13450 170 13450 19018 13450 18685 18685 18685 19018 18685 18685 19018 34 13450 182002 170 18685 144761945 19018 13450 19018 18685 18685 170 18685 18685 1601 170 13525 13450 85 13450 34 1018145 13450 118474 19018 19018 18685 18685 18685 36101 18685 34 18685 18685 19018 13450 170 19018 13450 465125 18685 34 18685 19018 19018 19018 18685 18685 19018 19018 18685 36101 13450 170 18685 13450 170 18685 18685 18685 170 36101 34 170 18685 1018145 13450 36101 18685 18685 18685 18685 36101 19018 18685 170 170 170 36101 19018 170 18685 18685 170 13450 19018 18685 13450 18685 18685 18685 18685 18685 170 18685 13450 19018 18685 19018 13450 18685 34 43690 370 19018 18685 18685 34 18685 18685 13450 18685 18685 465125 170 465125 18685 18685 34 18685 34 465125 18685 727402 19018 170 19018 18685 18685 1450 18685 36101 85 18685 18685 13450 18685 465125 19018 13450 18685 170 465125 85 170 36101 13450 19018 34 36101 36101 13450 145802 19018 18685 85 19018 463114 25456925 19018 36101 18685 36101 1450 13450 13450 18685 18685 34 18685 13450 170 85 170 18685 18685 170 19018 19018 34 13450 13450 18685 36101 18685 18685 18685 170 85 18685 18685 13450 13450 18685 370 13450 18685 18685 18685 18685 19018 18685 18685 85 18685 18685 18685 18685 18685 19018 18685 34 36101 34 85 19018 1450 19018 34 18685 18685 13450 19018 18685 19018 19018 18685 19018 170 170 13450 34 34 13450 34 18685 361010 4802045 85 18685 19018 13450 19018 36101 18685 18685 13450 465125 34 19018 18685 19018 85 18685 19018 18685 18685 18685 13450 18685 361010 170 18685 727402 85 18685 18685 13450 18685 18685 18685 19018 18685 13450 18685 18685 13450 85 36101 18685 18685 145802 34 13450 18685 85 19018 19018 13450 727402 36101 465125 18685 13525 19018 18685 19018 18685 19018 18685 170 19018 18685 18685 258624325 
19018 85 465125 170 18685 18685 170 13450 36101 13450 34 13450 19018 465125 36101 170 34 18685 19018 18685 170 85 13450 34 18685 4850 13450 19018 19018 19018 18685 18685 19018 4850 36101 3145 18685 18685 3145 18685 145802 85 18685 13450 13450 13450 13450 18685 18685 18685 370 85 18685 18685 5834825 3145 18685 18685 13450 36101 85 34 13450 18685 13450 18685 18685 4850 18685 313634 19018 34 34 19018 18685 4850 13450 170 13450 13450 18685 18685 370 18685 36101 36101 18685 7907125 61899050 18685 85 13450 19018 170 19018 19018 170 18685 5834825 19018 13450 18685 465125 13450 18685 13450 18685 19018 4850 36101 19018 18685 4850 19018 13450 19018 34 18685 4850 85 170 18685 800005 5657525 18685 18685 170 170 19018 18685 18685 13450 8908402 18685 34 19018 34 19018 170 18685 36101 170 19018 18685 13450 34 18685 18685 19018 18685 18685 465125 18685 18685 13450 18685 19018 170 3145 18685 51456325 34 18685 19018 18685 18685 36101 18685 3145 13450 34 18685 18685 463114 18685 85 145802 36101 18685 13450 19018 18685 18685 19018 19018 18685 544970 19018 18685 85 18685 18685 18685 118474 170 12970 19018 18685 13450 18685 13450 18685 18685 370 19018 465125 19018 36101 19018 18685 19018 85 19018 19018 13525 13450 4850 19018 18685 18685 18685 18685 19018 18685 18685 18685 36101 18685 18685 18685 4850 18685 370 465125 800005 18685 170 13450 465125 18685 800005 18685 34 4850 3145 36101 19018 18685 463114 4850 34 18685 36101 34 85 4850 18685 19018 18685 19018 18685 18685 18685 18685 85 19018 13450 18685 36101 18685 18685 18685 18685 34 19018 654985 170 18685 19018 13450 800005 19018 18685 3145 18685 36101 19018 19018 19018 170 34 19018 19018 36101 19018 170 36101 18685 18685 19018 19018 
3737 3737 3737 1717 1717 1717 505 18685 3737 136085 136085 19018 7850785 1717 36101 18685 1717 505 6290 2594 3737 3737 2594 2325625 136085 136085 85 434314 1717 3737 3737 2979925 85 1717 3737 3737 3737 36101 1717 36101 505 40176650 1717 55114 1717 1717 1717 3737 1717 136085 3737 3737 85 2594 3737 3737 3737 1717 1717 136085 1717 3737 2594 1717 465125 3737 36101 1717 1717 1717 2594 2594 36101 1717 465125 3737 136085 3737 1717 1717 3737 3737 6290 36101 85 3737 3737 107650 1717 3737 6290 3737 3737 3737 1717 36101 2113145 1717 136085 1717 1717 7850785 3737 1717 36101 3737 3737 1717 3737 3737 36101 18727202 18685 2113145 3737 220505 63370 1717 1717 1717 36101 1717 3737 3737 136085 220505 3737 3737 36101 3737 36101 3737 3737 505 19018 3737 2113145 2594 3737 136085 3737 136085 136085 2594 3737 2178005 1717 3737 136085 3737 1717 1717 434314 3737 1717 136085 2113145 1717 36101 13450 1258 55114 1717 136085 1717 1717 3323690 136085 18685 3737 63370 36101 505 136085 1717 1717 3737 136085 136085 505 3737 1717 2594 1717 1717 1717 465125 2594 1717 36101 136085 1717 2113145 3737 85 36101 1717 18685 1717 1717 3737 136085 1717 36101 1717 6290 19018 1717 3737 136085 3737 85 3737 1717 6290 1717 3737 1717 136085 3737 3737 85 1717 136085 63370 3737 3737 85 940325 2979925 85 136085 220505 3737 3737 1717 3737 1717 36101 19018 136085 19018 1717 136085 3737 19018 3737 1717 18685 2594 3737 136085 36101 3737 2594 940325 2594 2594 1717 3737 3737 3737 3737 3737 3737 3737 3737 19018 2506325 3737 2594 940325 1717 6290 1717 3737 1717 1717 1717 3737 63370 1717 1717 1717 3737 3737 18685 3737 3737 1717 3737 136085 1717 136085 3737 107650 3737 85 1717 3737 85 1717 1717 55114 3737 3737 85 3737 1717 1717 3737 3737 6290 19018 3737 2113145 1717 3736394 136085 3737 2594 19018 1717 2594 2594 19018 1717 3737 2594 136085 1717 2594 36101 1717 2594 3737 1717 3737 136085 1717 1717 18685 13450 2594 3737 1717 7850785 505 1717 3737 136085 3737 1717 3737 136085 3737 2113145 13450 2113145 3737 3737 19018 1717 1717 3737 19018 1717 434314 3737 3737 3737 1717 36101 3737 18685 2594 465125 1717 136085 6290 3737 1717 1717 36101 6290 1717 3737 85 136085 3737 1717 85 36101 2594 2594 3737 3737 36101 3737 136085 3737 3737 1717 2737802 3737 1717 3737 1717 1717 2594 3737 1717 220505 1272385 1717 1717 1717 3737 3434 3737 2594 3737 3737 19018 1717 1717 1717 1717 36101 3737 2113145 3737 2594 1717 136085 3737 136085 63370 3737 1272385 1717 3737 1717 3737 2594 18685 3737 3737 
4357 544505 10370 4357 10370 4357 10370 4357 188065 10370 10370 4357 10370 181337 538645 10370 2125765 27217 10370 181337 10370 188065 27217 538645 27217 4357 188065 4357 10370 1227434 4357 10370 13811225 2125765 2125765 181337 4357 10370 4357 10370 188065 188065 188065 188065 1143250 188065 10370 188065 188065 538645 27217 10370 4357 188065 10370 181337 188065 188065 188065 27217 188065 188065 10370 188065 4357 27217 10370 188065 10370 10370 4357 10370 4357 188065 188065 188065 188065 10370 188065 188065 544505 1227434 10370 10370 4357 188065 10370 4357 188065 10370 538645 27217 188065 188065 188065 10370 4357 188065 27217 4357 538645 188065 10370 4357 10370 4357 4357 4357 10370 188065 10370 10370 10370 10370 188065 290 4357 4357 27217 10370 188065 4357 188065 1143250 188065 3154177 10370 181337 27217 4357 10370 188065 10370 1227434 188065 4357 10370 10370 27217 10370 188065 188065 188065 10370 4357 4357 538645 188065 4357 27217 4357 10370 10370 188065 10370 10370 4357 188065 188065 188065 10370 27217 10370 27217 188065 188065 4357 27217 10370 181337 4357 1227434 169010 10370 4424810 27217 27217 10370 10370 538645 4357 27217 123787625 4357 188065 10370 10370 27217 4357 10370 10370 10370 188065 2876417 10370 10370 10370 181337 188065 10370 10370 3154177 4357 4357 4357 188065 10370 188065 10370 2876417 10370 4357 10370 10370 10370 4357 188065 74257625 27217 10370 4357 10370 10370 538645 2281250 188065 188065 169010 4357 188065 4357 188065 10370 27217 188065 181337 10370 169010 10370 2125765 10370 27217 188065 2876417 10370 120250 4357 2281250 188065 4357 10370 115304645 188065 10370 27217 188065 188065 188065 188065 10370 188065 10370 10370 188065 188065 169010 4357 10370 27217 188065 4357 10370 10370 188065 2125765 2876417 10370 10370 188065 4357 4357 4357 4357 10370 188065 188065 10370 188065 3946465 4357 10370 10370 37829045 4357 10370 10370 188065 1227434 188065 188065 4357 188065 188065 
27217 188065 10370 2876417 4357 188065 27217 10370 188065 10370 27217 4357 188065 2281250 538645 4357 61217 10370 61217 188065 27217 4357 510770 27217 10370 4357 538645 10370 10370 4357 27217 4357 10370 169010 4357 4357 10370 188065 10370 4357 3946465 188065 4357 10370 188065 1227434 27217 10370 188065 2876417 4357 188065 538645 27217 188065 188065 188065 10370 2281250 4357 4357 188065 4357 10370 10370 10370 188065 4357 4357 188065 27217 10370 290 188065 4357 188065 3154177 10370 170 538645 4357 188065 10370 10370 188065 10370 4357 4357 10370 10370 4357 27217 27217 10370 27217 10370 10370 4357 188065 2876417 27217 170017 188065 10370 188065 10370 61217 27217 188065 10370 27217 10370 10370 170 4357 27217 10370 10370 4357 188065 10370 4357 4357 10370 10370 10370 10370 10370 188065 188065 10370 27217 4357 2876417 3154177 170 10370 188065 10370 10370 188065 4357 4357 10370 3154177 10370 188065 27217 10370 27217 10370 4357 538645 2281250 1227434 10370 10370 10370 10370 10370 10370 10370 27217 4357 188065 188065 10370 188065 4357 4357 10370 538645 1812445 10370 27217 10370 27217 4357 188065 27217 4357 27217 4357 30889802 10370 27217 10370 2281250 27217 188065 188065 10370 1031050 4357 4357 10370 10370 10370 10370 27217 10370 10370 27217 10370 10370 27217 188065 10370 188065 188065 10370 10370 188065 112897 188065 4357 10370 4357 27217 546410 170 4357 4357 188065 27217 4357 10370 188065 4357 27217 188065 1227434 3946465 2876417 10370 27217 4357 188065 27217 4357 61217 4357 10370 4357 112897 188065 4357 538645 10370 10370 188065 10370 188065 10370 4357 1227434 10370 188065 170 4357 4357 4357 188065 10370 10370 4357 10370 10370 10370 4357 10370 10370 188065 27217 188065 1227434 10370 2281250 188065 188065 112897 169010 27217 10370 27217 61217 1227434 1227434 61217 27217 10370 188065 55114 61217 188065 10370 10370 10370 188065 10370 538645 4357 1812445 10370 10370 4357 188065 188065 188065 4357 544505 188065 188065 188065 
3925 1601 5185 1601 10 1601 236197 1601 1601 1601 1601 25925 1601 1601 10 8005 1601 1880650 10 3925 272485 1601 3925 1601 370 10 3925 1601 1179397 1179397 1601 272485 1601 1601 25925 1601 1179397 3925 1601 3925 3925 255385 1654865 1179397 3925 1601 1601 3925 3925 1601 3925 612170 1601 1601 255385 1601 1601 255385 10 3925 1601 3925 1601 272485 1601 25925 272485 3925 83227985 3925 25925 1601 1601 1601 1601 25925 1601 1138250 25925 1601 25925 477070085 3925 272485 3925 1601 1601 1601 3925 3925 3925 1601 10 1601 1601 272485 1601 1601 10 1179397 1601 1601 1601 1601 1601 3925 272485 1601 10 25925 272485 3925 25925 25925 1279625 1601 1601 1601 3925 1601 3925 1601 1624505 1601 1601 3925 3925 1601 1601 1601 3925 3925 25925 312505 1601 1601 3925 1601 255385 666658 25925 1601 3925 272485 3925 1601 3925 3925 3925 3925 107650 3925 3925 25925 1601 1179397 3925 3925 1601 3925 236197 3925 1601 3925 1601 272485 33802 612170 3925 1601 1601 34 1601 3925 510770 272485 1601 38090 3925 3925 10 5185 3925 272485 267914 1601 1601 1601 1601 1601 1601 842725 3925 10 3925 3925 1601 3925 1601 272485 1601 370 1601 25925 1601 1601 1601 1601 3925 3925 28819234 1601 255385 8005 1601 33802 1601 3925 3925 236197 1601 1601 1601 272485 1601 1601 1601 5185 8005 272485 1601 1601 1601 1601 1601 1601 1654865 1601 3925 3925 1601 10 3925 1601 10 3925 255385 1601 3925 1601 1601 25925 3925 1601 1601 1601 3925 1601 1179397 10 3925 37601794 25925 1601 25925 1601 272485 1179397 1601 10 1279625 3925 3925 10 3925 1601 1601 1601 25925 3925 1601 3925 255385 3925 1601 10 1601 25925 272485 1601 1601 3925 1601 1601 1880650 272485 1601 1601 10 1601 10 1601 3925 236197 3925 3925 1601 3925 10 3925 1279625 1601 10 1601 312505 1279625 1601 1179397 3925 3925 1601 1601 10 10 1601 1601 1601 1601 1601 5185 3925 2883205 1601 3925 272485 1601 10 8005 3925 1601 10 1601 1601 10 3925 3925 1601 3925 3925 1601 1601 5185 272485 1601 3925 1601 3925 25925 272485 1179397 1601 8641625 3925 3925 612170 370 3925 1138250 255385 10 3925 1601 3925 1601 3925 10 1601 1601 272485 1601 1601 1601 1279625 1601 1601 1601 1601 3925 10 3925 612170 272485 1601 1601 6290 1601 1601 3925 1601 1601 1601 10 1601 871202 1601 25925 1601 1601 1601 236197 1601 1179397 1601 3925 1601 25925 87912610 3925 1601 3925 3925 3925 34 3925 107650 1601 1601 1179397 1601 1601 370 3925 24505 1601 1601 1601 236197 1601 1179397 3925 10 1601 3925 1601 1601 3925 1601 1601 1601 1601 272485 1601 1601 255385 10 3925 1179397 370 1601 1601 1179397 10 272485 236197 1279625 3925 1601 1601 1601 25925 25925 1601 1601 1601 272485 3925 1601 272485 25925 272485 10 272485 1179397 3925 1601 1601 1601 272485 1601 3925 1601 1601 1601 272485 3925 1601 25925 3925 5185 272485 1179397 1601 3925 1601 3925 3925 3925 1601 8005 8005 3925 10 25925 3925 1601 1601 272485 370 1601 1601 1601 1601 1601 5185 871202 3925 1601 1880650 3925 1601 1601 8641625 1601 272485 1601 1601 1601 1601 1601 3925 1601 1601 3925 
1601 3925 1601 170 1601 1601 3925 1179397 40269125 3925 1601 1601 170 1601 11289601 1601 170 1601 272485 1601 3925 3925 510770 3925 25925 272485 1601 25925 170 170 1601 1601 1601 1601 170 25027250 1601 272485 1050905 3925 1601 1279625 112370 170 170 1601 34 1601 59170 1601 1179397 170 170 1601 170 170 170 3925 3925 1601 3925 3925 3925 3925 170 1601 1050905 25925 25925 170 59170 1601 1601 61505617 3925 3925 1179397 8005 112370 1601 112370 272485 1601 3925 1601 170 1601 1601 1279625 1601 3925 1601 3925 11289601 1601 3925 1050905 1279625 1601 1601 3925 1601 3925 1601 170 1601 170 272485 34 170 98570 1601 1279625 1601 3925 1179397 3925 1601 1601 1601 3925 1601 25925 3925 25925 170 533101985 170 1179397 170 61505617 3925 170 1050905 170 170 1050905 272485 170 25925 1601 1601 3925 272485 441504145 1601 1601 1601 34 25925 1601 1601 8005 1601 3925 1601 206890 3925 1601 2020202 1601 1601 59170 3925 170 25925 272485 1601 1601 170 3925 170 4488010 170 459850 510770 3925 3925 1601 1601 1601 1601 170 1050905 25925 1601 1601 170 1179397 170 170 3925 170 3925 272485 170 272485 3925 25925 1179397 170 122434 1601 170 3925 170 1601 1601 1601 170 170 3925 170 1601 3925 1601 170 3925 170 170 1601 1601 272485 1601 112370 3925 170 170 1601 1601 272485 1601 1601 272485 170 25925 1601 3925 272485 170 1601 170 1601 1601 1601 1601 3925 272485 3925 3925 272485 25925 3925 1179397 1601 3925 3925 3925 1601 3925 1601 1601 170 3925 170 272485 36176725 3925 3925 3925 1601 8005 122434 1601 170 272485 1601 1601 170 3925 1601 3925 170 3925 1601 170 3925 170 3925 1601 1601 170 1601 1601 112370 272485 3925 3925 1601 1601 170 3925 170 25925 1601 1050905 3925 1601 11289601 25925 25925 3925 1601 170 11289601 3925 1179397 1179397 3925 1601 170 25925 272485 1601 3925 3925 3925 1601 170 25925 8005 170 510770 25925 1601 3925 3925 3925 1050905 3925 170 170 3925 3925 1601 8005 170 8005 170 170 3925 1601 3925 1601 272485 1179397 170 170 3925 170 3925 170 146450 1601 3925 3925 25925 3925 1179397 3925 3925 3925 170 1601 1601 272485 2020202 1601 1601 3925 25925 1601 1601 3925 
381925 95225 34 272485 95225 1601 3925 3925 1601 272485 4077125 1601 3925 5185 3925 25925 1601 1601 3925 1601 170 835250 1601 1601 1601 1601 882325 5185 1601 95225 25925 3925 381925 1601 8005 3925 5185 1601 25925 3925 1601 272485 170 5185 3925 3925 272485 1601 170 3925 381925 3925 3925 1601 6290 1601 5185 3925 835250 272485 3925 272485 1179397 25925 5185 2101810 272485 882325 25925 8005 5185 3925 5185 3925 1601 5185 3925 4631105 1601 4416394 1601 272485 3925 25925 1601 3925 5185 3925 272485 1179397 1601 3925 3925 3925 272485 3925 882325 95225 170 5185 382058 3925 5185 1601 1601 1601 1279625 3925 105101650 1601 41225 1601 6290 1279625 25925 1601 1601 1179397 25925 1601 3925 1179397 1601 170 1601 882325 3925 170 1601 1601 1601 170 3925 25925 3925 3925 25925 1601 510770 1601 272485 1601 1601 3925 170 381925 170 882325 3925 3925 3925 1601 3925 3925 1601 170 25925 3925 1601 1601 8005 835250 1601 1601 24505 1601 4411625 3925 510770 871202 1601 272485 1601 3925 381925 95225 3925 3925 25925 272485 1179397 3925 3925 835250 5185 272485 1601 3925 5185 5185 5185 1179397 5185 381925 3925 381925 5185 25925 3925 5185 1179397 1601 25925 5185 3925 170 5185 5185 1601 3925 1601 1880650 5185 3925 1880650 1601 272485 3925 1179397 5185 1601 8005 25925 3925 25925 3925 1601 25925 25925 3925 381925 95225 882325 170 1601 5185 1601 272485 882325 5185 381925 1601 170 1601 170 3925 1601 1601 1601 3925 1601 8005 5185 3925 34 835250 3925 5185 170 170 3925 272485 3925 5185 34 25925 1601 1601 272485 3925 272485 5185 3925 3925 1601 1601 170 25925 1601 3925 1601 1601 95225 3925 1601 3492970 3925 5185 1601 5185 1601 1601 1601 170 3925 1601 1601 5867090 5185 3925 1601 1601 3925 95225 3925 95225 25925 3925 
1601 2657525 36101 1601 3925 34 25925 36101 25925 1601 465125 3925 25925 8005 36101 1601 3849850 3925 36101 272485 1601 65650 1601 3925 85 25925 272485 85 36101 1601 25925 243370 465125 85 85 3925 85 3925 3925 1601 1601 56871865 3925 510770 85 272485 1601 1179397 1601 3925 1601 3925 36101 3925 3925 3925 85 1601 36101 272485 1179397 85 3925 85 36101 1601 85 184325 36101 2513570 3925 3925 3925 85 1601 1601 85 272485 1601 1601 1601 25925 3925 3925 85 272485 25925 85 85 1601 65650 465125 85 36101 1601 17945 202 85 465125 3925 3925 3925 3925 465125 3925 3925 1601 85 85 56871865 85 25925 17945 85 3925 25925 1601 36101 36101 85 25925 465125 465125 85 1179397 3925 36101 36101 3925 65650 2513570 3925 1601 465125 85 3925 465125 1601 1601 29955250 3925 65650 465125 3925 3925 85 272485 8005 36101 202 1601 4460545 36101 1601 1601 25925 695185 3925 3925 25925 1601 85 3925 3925 25925 36101 1601 3925 3925 1179397 85 85 1601 36101 85 3925 3925 85 25925 1601 3925 85 465125 3925 1601 3925 1601 85 85 85 3925 85 3925 1601 3925 3925 85 8005 239434 1285 8005 34 8825 36101 15596425 3925 1601 1179397 3925 85 8005 3925 3925 3925 85 3925 465125 202 3925 184325 36101 202 3925 3925 3925 36101 85 85 85 25925 3925 1179397 85 272485 36101 25925 85 239434 1601 3925 85 10951202 1601 239434 85 465125 465125 3925 1601 85 85 3925 85 3925 239434 8005 3925 8005 465125 8158685 85 25925 1179397 34 3925 3925 36101 3925 85 17945 85 695185 85 170 3925 36101 1601 1601 85 25925 25925 85 1601 1179397 465125 36101 465125 85 465125 25925 36101 465125 3925 202 1179397 3925 3925 85 1179397 465125 25925 85 36101 8158685 3925 465125 239434 3925 465125 465125 1601 465125 1601 3925 1601 272485 1601 3849850 3925 85 3925 3925 8158685 3925 36101 3925 85 1179397 1285 65650 85 3925 3925 17945 36101 1601 1179397 36101 3849850 465125 3925 465125 12236005 1601 36101 1285 1601 1601 3925 2513570 34 25925 85 239434 1601 3925 36101 85 85 3925 25925 85 85 14810434 3925 3925 1601 3925 1601 3925 8005 85 85 36101 202 85 1601 1312202 5008645 3925 8005 1601 1601 3925 34 1601 24087050 3925 202 1601 25925 85 465125 1601 25925 36101 3925 3925 17945 1601 85 3925 1179397 3925 272485 85 25925 85 36101 3925 465125 1058005 184325 239434 34 21234250 1601 36101 85 3925 36101 465125 3091370 25925 36101 239434 3925 239434 
987530 62725 34 3530 485 34 485 514 34 485 485 4284085 485 485 34 501265 3530 3530 16581185 5365 12513625 3530 485 34 485 485 34 34 485 485 3530 485 34 987530 145180802 3530 34 3530 485 34 485 485 485 34 485 34 485 485 3530 4850 1331593 34 485 34 5365 485 3530 34 3530 485 485 3530 485 19018 485 62725 34 485 3530 485 34 3530 34 3530 485 34 34 485 485 485 3530 485 34 34 485 485 6472325 485 987530 4850 485 34 485 34 5365 485 485 501265 485 3530 485 1685450 485 485 34 3530 62725 485 1685450 485 34 485 62725 5618005 485 485 34 3959705 1685450 485 34 485 485 485 34 1685450 485 485 3959705 34 3530 485 485 485 485 2570 485 21257650 34 485 34 3530 34 3530 485 485 11333186 485 3530 501265 5365 485 3530 34 485 485 485 485 485 34 485 485 485 5365 485 5365 34 5365 3530 269125 34 62725 485 485 485 34 514 34 3530 4850 34 485 3530 34 5365 34 5365 485 3530 485 485 485 1331593 485 485 5365 3530 62725 514 62725 3530 34 485 1685450 3530 34 3959705 485 485 34 485 34 34 34 34 34 501265 485 3530 485 485 34 485 485 485 34 485 485 485 485 485 5365 485 485 485 5365 485 34 3530 5365 485 5365 34 34 16581185 1685450 19018 34 3530 3530 485 485 485 485 485 485 485 34 485 485 3530 34 34 485 2570 485 485 62725 3530 3530 5365 3530 485 3530 485 62725 3530 485 485 485 34 1685450 485 19018 1331593 485 34 269125 1685450 34 485 514 34 269125 34 485 3530 34 485 5365 485 269125 485 34 485 485 1331593 34 34 34 3530 485 485 485 213004802 485 5365 3530 34 485 1685450 485 3530 34 1685450 485 485 34 62725 485 485 485 485 485 34 3530 485 1331593 5365 2171570 3530 485 5365 485 485 34 485 5365 34 34 269125 3530 485 485 5365 34 485 485 485 987530 1331593 3530 485 34 485 485 34 485 3959705 485 485 501265 34 3530 485 34 485 485 6724945 34 3530 485 485 485 485 485 485 19018 485 34 34 3530 34 485 16581185 34 5365 1685450 34 5991050 5365 5365 485 1331593 485 1331593 485 3530 485 34 485 13577365 485 485 485 485 3530 34 34 34 3530 7543625 485 1685450 485 34 485 485 1665074 34 987530 485 485 485 34 16581185 485 485 1665074 34 34 987530 3530 3530 485 485 62725 485 485 34 62725 34 13577365 485 34 485 485 485 485 3530 485 34 485 485 383690 34 3530 34 34 485 485 19018 34 485 485 62725 34 485 485 3530 485 5365 3530 485 485 3530 5365 5365 485 34 34 34 1665074 485 3530 1685450 3530 5365 485 485 269125 34 
485 485 485 485 34 1331593 3530 34 987530 485 485 485 34 485 3530 485 485 485 485 485 269125 3530 3530 1331593 1685450 485 485 3530 3530 514 3959705 34 3530 13577365 3530 485 5365 3530 5365 485 485 485 3530 485 485 485 485 485 485 5365 1331593 3530 34 34 62725 3530 3530 485 5365 485 34 485 4850 34 485 34 65045825 485 3530 34 485 485 34 34 485 485 34 3530 34 485 3530 3530 485 3530 3530 34 269125 3530 3530 485 62725 485 485 19018 3530 34 485 485 3530 3530 485 3530 3530 485 34 501265 3530 269125 485 34 3530 62725 34 3530 3530 485 485 485 485 62725 485 485 1331593 3530 485 3530 485 485 485 485 485 485 34 34 34 62725 485 3530 987530 3530 485 3530 12970 3530 3530 501265 3530 485 5365 3530 485 3530 34 485 485 34 62725 5365 485 34 34 34 34 501265 485 485 5365 6297785 485 34 485 3530 485 485 485 3530 485 485 3530 485 3530 3530 485 485 485 3530 34 485 5766410 485 485 514 1665074 485 485 485 34 485 3530 485 34 4850 1685450 34 485 3530 5365 485 34 485 485 3530 62725 34 485 485 5365 3530 34 34 34 40612505 3530 485 62725 34 987530 21257650 485 3530 5365 34 485 485 485 62725 34 3530 485 485 501265 34 34 62725 485 34 34 485 485 5766410 34 34 485 34 3530 485 485 485 34 34 485 34 485 485 3530 34 485 1665074 269125 34 1685450 485 485 485 269125 485 485 269125 485 485 485 485 34 485 485 34 34 1331593 269125 34 514 34 485 3530 34 34 3530 34 62725 485 514 485 1685450 987530 485 67535525 34 1331593 34 34 3530 77145925 5365 485 5365 3530 485 485 485 485 485 485 1331593 485 485 269125 34 34 3530 987530 485 5365 485 485 485 1665074 34 
785 101 361010 202 202 8245 8245 8245 202 101 9223730 12923530 202 202 101 190450 202 8245 8245 77450 202 202 77450 202 202 202 202 8245 240101 8245 202 8245 8245 202 101 202 101 202 202 1332970 785 202 8245 202 202 8245 202 202 101 202 8245 202 8245 8245 202 456977 286565 8245 101 101 101 8245 8245 8245 202 202 202 8245 456977 8245 202 8245 202 202 202 101 8245 202 202 101 8245 8245 101 8245 202 202 8245 384985 8245 190450 8245 202 101 8245 202 202 202 77450 202 101 8245 202 101 101 202 101 101 8245 8245 8245 1450 202 101 101 361010 202 8245 456977 101 202 202 202 202 202 101 202 74 240101 101 202 101 101 202 202 8245 8245 202 101 1450 101 202 101 101 202 1332970 8245 8245 202 202 101 202 202 456977 1332970 202 202 286565 8245 101 8245 8245 101 202 1018145 8245 202 202 202 202 202 8245 202 202 202 202 101 202 202 8245 101 8245 202 456977 8245 156658 456977 28995829 202 101 202 101 202 8245 77450 286565 8245 202 202 101 101 1256785 456977 101 202 202 202 202 202 286565 8245 101 202 202 8245 8245 101 240101 8245 202 101 1746485 8245 8245 8245 8245 101 202 8245 101 202 202 8245 202 101 286565 240101 101 202 286565 202 101 202 202 8245 202 202 77450 101 202 286565 202 202 286565 202 202 12923530 286565 202 8245 202 286565 101 8245 8245 8245 101 8245 8245 101 202 12923530 101 202 202 201144025 202 202 101 8245 202 202 1332970 8245 456977 8245 202 456977 8245 202 456977 101 8245 202 8245 101 8245 101 785 1450 202 202 202 8245 202 202 202 202 156658 202 190450 74 202 202 101 8245 101 8245 202 286565 101 202 8245 101 101 675685 101 240101 202 8245 202 101 8245 8245 77450 202 202 74 8245 286565 8245 101 8245 8245 202 202 101 202 202 101 8245 202 101 101 8245 202 202 202 202 8245 101 202 202 202 202 101 8245 8245 101 202 202 202 202 8245 101 202 8245 8245 202 190450 8245 202 202 8245 8245 202 101 202 202 202 8245 202 202 101 286565 202 240101 202 202 101 202 202 101 8245 101 286565 202 8245 202 77450 8245 202 202 247810 101 202 202 202 77450 202 8245 101 101 8245 8245 202 202 8245 202 202 202 101 202 202 101 202 8245 202 384985 202 202 8245 2465 8245 202 202 8245 8245 8245 202 202 202 8245 240101 202 8245 101 202 202 202 8245 8245 8245 202 8245 202 202 202 286565 202 202 202 361010 101 8245 202 8245 240101 2048005 202 101 8245 202 101 8245 202 202 8245 286565 202 8245 202 101 8245 74 101 8245 202 8245 202 202 8245 8245 8245 202 456977 202 101 202 456977 202 101 202 202 101 5270770 74 202 101 202 202 202 8245 202 8245 202 8245 8245 1332970 202 202 8245 456977 77450 202 202 8245 8245 202 286565 202 101 361010 202 101 202 101 202 202 8245 202 190450 202 456977 202 202 202 202 101 101 202 202 202 8245 8245 202 8245 8245 101 202 456977 202 
8245 202 101 8245 202 202 202 202 8245 202 202 8245 74 8245 190450 8245 202 77450 101 286565 8245 202 202 101 8245 202 202 202 74 202 8245 101 202 202 202 202 202 202 202 8245 12923530 8245 8245 202 202 247810 202 28995829 8245 202 202 202 1256785 286565 202 101 101 202 202 74 202 202 202 202 202 8245 202 392005 202 202 8245 202 8245 202 202 101 8245 1332970 101 8245 101 202 202 74 202 101 101 8245 8245 202 202 101 202 101 101 8245 8245 202 361010 202 202 202 8245 202 8245 202 202 101 202 101 190450 202 101 101 101 8245 8245 12923530 101 8245 202 74 74 202 202 202 74 101 8245 8245 101 202 202 101 202 202 77450 202 202 101 202 202 202 202 101 202 202 1450 361010 101 202 202 202 202 202 202 202 202 74 1047370 8245 101 202 202 8245 202 202 202 202 8245 8245 286565 101 8245 8245 202 8245 202 202 8245 202 286565 286565 28995829 8245 101 101 101 202 8245 1018145 202 8245 202 101 202 202 240101 8245 202 8245 8245 101 8245 202 190450 24893570 8245 8245 8245 8245 8245 202 202 8245 8245 202 8245 1332970 101 202 8245 8245 202 8245 202 1018145 202 101 101 202 101 1256785 286565 202 202 8245 8245 202 202 8245 202 202 101 8245 74 74 202 202 202 101 202 202 101 8245 202 202 8245 8245 202 8245 240101 74 202 202 202 77450 202 8245 202 202 101 202 202 202 8245 202 8245 101 8245 202 8245 202 74 101 202 286565 202 202 202 8245 8245 202 12923530 202 202 74 28995829 77450 21353657 202 101 202 74 4977785 202 202 8245 202 101 8245 101 202 202 202 74 101 361010 202 74 202 202 202 74 
34 34 34 34 34 34 4369 34 34 5551114 10405 34 4369 34 34 6290 34 34 312505 34 15317 243370 3031865 15317 34 312505 34 8005 34 34 1512901 34 1174898 34 34 34 4369 34 34 2957314 3414002 3925 6290 34 239434 34 34 34 34 34 34 34 3925 34 8005 312505 103970 34 34 4369 34 6290 34 34 34 6290 34 4369 34 18218050 4369 34 6290 34 15317 312505 3925 4369 34 312505 4369 239434 34 3925 8005 34 34 34 34 8005 34 34 8005 3031865 6290 43810 34 34 8005 4369 34 34 6290 34 34 6290 34 6290 6290 34 34 8005 4369 3031865 3925 
202 202 1332970 1717 1717 202 8245 202 202 202 505 202 1717 1332970 202 202 202 202 202 202 202 22858489 8245 32426089 202 101 202 505 1332970 202 505 8245 202 940325 202 202 202 8245 1450 202 202 202 8245 1717 202 55114 202 940325 5270770 505 8245 202 505 202 202 1717 202 8245 1717 77450 1450 202 77450 202 202 202 247810 202 202 202 202 202 1717 202 1332970 202 202 202 202 202 8245 202 1717 202 286565 202 202 202 202 1717 8245 202 2401010 55114 202 202 286565 505 505 8245 202 202 1717 202 8245 202 1717 361010 202 8245 1717 1295009 1717 202 202 202 1717 202 286565 202 202 202 67018954 202 202 202 202 202 202 1717 1717 55114 392005 202 101 202 77450 202 202 202 202 202 202 505 202 8245 240101 74 202 202 202 
34 10405 15317 4369 4369 239434 34 34 141853490 34 10405 15317 34 10405 34 15317 34 15317 4369 8005 10405 239434 10405 4369 34 34 4369 4369 15317 10405 10405 239434 8005 10405 10405 15317 34 34 10405 34 10405 15317 34 239434 10405 10405 10405 34 43810 10405 10405 239434 15317 102154 6290 34 970 10405 15317 10405 10405 4369 4369 1089010 10405 34 15317 6290 10405 10405 10405 10405 34 15317 1089010 10405 4369 4369 15317 34 10405 34 34 4369 34 10405 10405 10405 4369 4369 34 15317 15317 34 34 6290 10405 4369 4369 239434 15317 10405 4369 4369 464290 10405 4369 10405 10405 10405 10405 10405 6290 6290 10405 10405 34 10405 34 4369 102154 34 15317 2130050 10405 4369 10405 15317 34 186325 15317 239434 10405 4369 4369 4369 121685 34 15317 6290 4369 71978 10405 276770 15317 10405 6290 4369 10405 239434 4369 8005 4369 10405 15317 239434 4369 10405 10405 10405 34 4369 10405 34 126594410 102154 10405 34 10405 15317 34 15317 6290 6290 10405 186325 1116050 121685 15317 34 15317 34 15317 10405 4369 970 15317 10405 102154 15317 34 10405 10405 34 10405 102154 4369 15317 34 4369 15317 6290 239434 34 10405 34 34 15317 34 10405 6290 4369 102154 10405 4369 15317 10405 10405 10405 34 4369 6290 15317 4369 1089010 10405 4369 10405 4369 4369 4369 34 34 10405 34 15317 10405 34 10405 10405 34 15317 121685 15317 1174898 4369 6290 464290 10405 239434 8005 10405 102154 34 10405 4369 10405 34 10405 34 10405 10405 6290 10405 4369 10405 15317 4369 1174898 15317 10405 10405 34 15317 10405 6290 10405 10405 34 1089010 6290 6290 10405 102154 34 34 34 15317 239434 4369 43810 15317 34 10405 8304517 10405 15317 10370 15317 34 10405 10405 34 10405 34 239434 15317 10405 4369 15317 15317 15317 83146474 34 15317 10405 10405 37370 6290 10405 34 34 34 34 34 15317 35120450 10405 10405 10405 34 6290 6290 34 10405 4369 15317 10405 10405 15317 34 10405 10405 34 34 653050 6290 34 276770 4369 15317 15317 239434 10405 34 4369 10405 4369 34 4369 10405 10405 10405 4369 15317 15317 34 5326865 10405 10405 10405 4369 6290 15317 4369 10405 10405 10405 10405 6290 10405 10405 4369 34 34 34 4369 4369 15317 10405 34 10405 10405 10405 1089010 15317 6290 239434 34 4369 15317 34 6290 4369 4369 4369 34 34 34 102154 
3197105 10405 10405 734474 4369 15317 10405 10405 10405 10405 72901 10405 10405 29045 3925 72901 29045 29045 10405 10405 10405 10405 10405 3925 176290 72901 29045 72901 10405 29045 29045 10405 10405 29045 29045 10405 15317 10405 10405 29045 29045 29045 29045 29045 29045 15317 10405 3737 72901 29045 110245 10370 10405 463114 273205 10370 29045 8908402 10405 72901 72901 72901 10405 29045 370 4802045 29045 29045 10405 29045 4369 10405 463114 29045 273205 10405 29045 29045 29045 3925 273205 10405 463114 10405 29045 463114 29045 72901 10405 72901 29045 10405 29045 72901 463114 72901 10405 29045 12023845 10405 29045 10405 10405 72901 10405 29045 22147645 273205 10405 10405 72901 24050 170 29045 16548650 463114 29045 29045 110245 29045 29045 10405 29045 29045 10405 29045 10405 29045 10405 29045 10405 10405 10405 170 29045 10405 10405 10405 3925 10405 29045 29045 463114 10405 29045 29045 10405 10405 29045 734474 10405 29045 29045 29045 72901 10405 72901 463114 10405 29045 29045 29045 10405 29045 29045 29045 29045 10405 29045 29045 463114 463114 29045 72901 29045 10405 29045 463114 29045 29045 29045 10405 3925 29045 110245 3737 29045 10405 10405 29045 463114 29045 29045 3207154 29045 29045 10405 10405 29045 29045 3925 29045 10405 4369 29045 72901 29045 10405 273205 72901 29045 10405 29045 29045 10405 170 29045 10405 714425 10405 10405 10405 10405 10405 15317 459850 29045 29045 29045 29045 10405 10405 29045 10405 29045 4850 72901 10405 170 10625170 29045 176290 29045 72901 29045 10405 29045 176290 2185625 3737 3737 10405 72901 10405 29045 10405 10405 29045 10405 72901 10405 3925 3925 176290 10405 10405 29045 29045 170 29045 10405 72901 3737 110245 29045 10405 15317 72901 170 10405 10405 3925 29045 10405 10405 10405 29045 29045 29045 1919249 29045 459850 72901 10405 10405 10405 110245 72901 10405 4369 29045 29045 5874490 29045 29045 10405 72901 29045 10405 10405 10405 29045 72901 3925 10405 29045 10405 10405 29045 29045 3925 72901 10405 10405 10405 10405 10405 72901 10405 29045 29045 10405 72901 29045 72901 29045 10405 29045 29045 29045 10405 29045 29045 10405 10405 72901 72901 72901 29045 10405 29045 10405 72901 10405 4802045 29045 29045 464919845 72901 
85 5 5 85 85 85 85 85 465125 85 170 85 85 202 85 465125 85 36101 19018 3530 3530 85 202 85 19018 85 36101 36101 85 3530 85 465125 239434 36101 17945 85 202 85 3530 465125 3530 24799490 85 2513570 465125 5 85 85 8825 17945 3530 3530 85 85 85 3530 85 3849850 65650 465125 3530 239434 3530 3530 465125 36101 85 465125 85 85 3530 36101 85 36101 3530 85 85 17945 85 3530 85 85 3530 85 3530 85 3530 85 85 17945 85 85 85 85 5 19018 85 85 3530 17945 85 85 36101 85 85 85 85 85 85 85 85 3530 3530 85 85 85 1285 3530 85 85 202 36101 4460545 85 85 85 85 85 3530 19018 85 85 3530 85 239434 36101 85 239434 85 85 85 6394645 3530 85 85 36101 465125 85 85 1285 17945 465125 85 36101 
202 202 1332970 2665090 8245 77450 202 8245 202 202 240101 202 1717 202 8245 505 101 1717 8245 1717 202 101 1746485 202 202 202 8245 101 202 8245 202 202 101 202 1717 240101 1717 202 101 202 202 240101 101 202 202 8245 202 202 2514725 202 286565 1295009 202 202 8245 7527530 1717 8245 202 202 202 1717 202 202 202 202 1450 202 8245 286565 32426089 202 202 202 202 1717 505 202 8245 202 1717 202 505 101 202 202 202 202 202 101 202 202 240101 1717 156658 240101 8245 202 8245 202 1717 286565 202 8245 101 202 1717 202 1717 505 202 156658 101 202 286565 8245 202 202 8058674 101 202 202 202 202 1717 12923530 12923530 286565 8245 202 202 1717 202 1332970 101 202 1717 202 202 8245 1717 505 1717 8245 202 101 1717 202 55114 202 202 1717 101 202 202 101 202 202 202 505 202 1717 8245 2724850 505 202 202 8245 1717 8245 202 202 74 202 8245 8245 202 74 101 101 202 202 202 1717 202 202 202 1717 77450 202 1717 101 8245 1717 202 202 101 202 202 8245 55114 286565 202 202 202 240101 1746485 1717 8245 77450 202 1717 202 101 8245 202 202 1450 8245 1717 1717 202 202 240101 202 286565 1332970 202 202 8245 101 101 4977785 202 361010 101 202 202 1717 202 202 202 1717 202 286565 101 202 8245 122434 202 101 202 202 202 1717 202 202 286565 202 74 202 5270770 202 101 1717 8245 202 202 202 202 202 202 202 202 101 202 202 202 202 1717 202 202 202 8245 202 240101 202 8245 101 202 202 1717 1717 28995829 8245 202 101 8245 8245 202 286565 202 202 202 101 8245 505 202 505 8245 202 202 1717 202 505 286565 202 240101 202 8245 8245 286565 202 202 101 1450 
370 95225 1258 95225 1258 1601 5410 51077 1258 1258 5185 1258 1258 1258 30634 370 51077 1258 51077 58325 1258 1258 1258 5410 5410 5185 166685 5185 1258 1258 1258 370 903170 1258 58325 1258 882325 1258 5185 1031050 5185 903170 5185 1258 1258 903170 1258 1258 5185 51077 1258 1258 1258 1258 1258 370 51077 5185 1258 1258 5185 1258 5185 370 1258 381925 882325 5410 51077 1258 1258 51077 5185 1258 1258 381925 1258 5185 1258 5185 95225 5185 882325 33625930 1258 51077 882325 5410 1258 1258 1258 5185 1258 5185 5185 51077 5185 5185 5185 5185 11803445 58325 1258 51077 1258 1258 1258 1258 1258 882325 1258 1258 1258 1258 5410 11803445 1258 1258 58325 381925 1258 5185 1258 5410 381925 1258 5185 381925 1258 51077 51077 51077 1258 2917265 1258 51077 95225 5185 5185 1258 5185 370 2917265 58325 1258 5185 381925 1258 21057625 5185 95225 1258 51077 51077 2917265 903170 5185 5185 51077 1258 51077 1258 882325 1258 5410 1258 1258 58325 5185 1258 1258 1258 9596245 1258 5185 5185 95225 5185 1258 5410 1258 11803445 1258 185 1258 5185 1258 5185 1258 1258 1258 51077 2917265 5185 1258 51077 58325 1258 1258 5185 1258 1258 1258 1258 1258 1258 1258 1258 1258 882325 95225 58325 5185 835250 882325 882325 1258 1258 1601 51077 1258 5185 381925 5410 1258 381925 1258 5410 58325 5185 1258 5185 1258 5185 5185 5410 1258 1258 5185 5185 5185 5185 51077 1258 381925 1258 903170 1258 5410 1258 51077 1258 5185 5185 1258 51077 5185 51077 1258 1259557 5185 1031050 1258 5185 95225 5185 1258 381925 1258 1258 5410 5185 58325 1170325 51077 370 5410 51077 51077 1258 5185 5410 1258 5410 2559265 328250 1258 5185 1258 51077 1258 
10370 485 485 10370 485 485 485 485 13811225 62725 10370 485 27217 485 188065 485 485 485 10370 10370 485 485 1227434 10370 485 181337 5618005 2171570 485 485 188065 188065 181337 5797493 10370 485 485 1685450 10370 485 27217 485 27217 9439625 485 10370 10370 10370 10370 485 120250 10370 27217 10370 485 1227434 10370 485 10370 27217 485 538645 10370 538645 269125 1227434 27217 10370 10370 2281250 485 485 10370 10370 501265 485 485 4357 10370 485 1685450 485 10370 4357 269125 485 10370 10370 485 10575505 188065 27217 485 10370 269125 10370 10370 2570 485 485 485 181337 10370 10370 10370 485 10370 485 485 269125 485 485 10370 10370 485 27217 1227434 485 485 10370 10370 485 485 10370 485 10370 181337 485 10370 2125765 188065 4162685 10370 485 1227434 485 10370 485 10370 10370 10370 10370 10370 10370 10370 269125 485 501265 10370 485 1685450 485 1227434 485 10370 10370 485 10370 485 10370 485 10370 2125765 485 188065 485 485 485 3433970 10370 485 485 2570 485 27217 13811225 485 501265 27217 10370 10370 10370 485 485 27217 485 485 485 78447785 269125 501265 181337 10370 10370 10370 2125765 485 10370 27217 10370 485 4357 485 120250 10370 1685450 2125765 10370 485 485 538645 2125765 485 485 485 485 10370 10370 10370 10370 485 485 10370 188065 27217 501265 485 485 485 485 10370 501265 10370 10370 10370 485 485 485 485 10370 2125765 6063730 10370 1116050 485 485 10370 485 2125765 485 485 10370 67535525 10370 485 10370 485 181337 27217 10370 27217 10370 10370 120250 485 10370 10370 10370 485 2125765 10370 10370 62725 181337 10370 10370 485 62725 10370 188065 27217 485 501265 485 2125765 10370 485 10370 485 538645 485 485 2125765 62725 485 62725 27217 10370 2125765 485 2125765 10370 485 501265 10370 10370 1685450 485 485 10370 10370 
10370 27217 2125765 27217 485 10370 10370 10370 1272385 10370 27217 136085 2594 10370 485 181337 181337 485 10370 485 485 485 485 485 181337 220505 1227434 10370 485 485 181337 10370 485 10370 485 181337 485 485 1227434 10370 485 10370 10370 485 2594 10370 2594 485 485 485 4424810 10370 1227434 485 10370 485 485 10370 2125765 10370 10370 10370 136085 1227434 10370 10370 136085 2281250 1227434 136085 485 485 485 10370 181337 188065 485 10370 10370 10370 10370 485 10370 10370 2113145 2594 1227434 485 220505 10370 485 10370 136085 485 485 10983050 10370 10370 2594 136085 485 10370 10370 485 10370 485 2281250 120250 7850785 1227434 10370 485 10370 7850785 10370 2594 6290 181337 188065 10370 25648325 485 181337 485 10370 27217 485 485 10370 10370 27217 27217 485 10370 2125765 485 7850785 27217 485 485 538645 10370 485 181337 136085 485 10370 10370 485 10370 2125765 136085 485 485 485 10370 27217 485 136085 10370 6290 27217 10370 10370 10370 10370 2594 485 
170 170 170 170 170 170 170 170 170 170 1050905 170 170 18685 170 34 170 170 170 170 18685 61217 170 34 170 170 18685 170 34 170 170 170 59170 170 170 170 170 170 170 170 170 170 31248101 1450 170 170 170017 170 2635385 170 1050905 170 122434 59170 170 170 170 170 170 170 59170 170 170 170 170 170 1018145 112370 170 170 170 170 170 170 170 170 122434 170 170 170 170 170 170 170 170 170 170 170 170 170 170 170 170 170 170 170 1450 170 11289601 170 18685 61217 170 170 170 727402 170 170 170 170 170 170 727402 170 170 122434 170 170 170 170 170 170 170 170 170 170 170 170 18685 170 170 170 170 18685 170 170 170 164384714 112370 170 2020202 170 170 170 170 170 34 170 1450 170 34 170 170 170 170 170 170 170 170 170 1450 170 122434 103162370 170 170 170 170 170 13833025 170 18685 170 170 170 170 170 170 170 18685 170 170 170 170 34 170 34 170 170 170 170 1812445 206890 170 170 170 170 170 170 170 170 170 170 170 170 170 170 170 170 40269125 170 170 170 170 170 170 170 170 727402 170 170 170 170 170 170 170 170 727402 34 170 170 59170 170 122434 34 5896985 170 170 18685 170 170 18685 170 170 170 170 170 170 170 170 170 170 18685 170 18685 170 170 170 170 170 170 170 170 170 170 170 170 170 170 112370 170 170 170 59170 170 170 223280714 170 170 112370 170 18685 112370 170 170 170 170 170 170 170 170 170 112370 18685 170 122434 170 170 12221570 1050905 170 170 170 170 170 170 170 170 170 18685 1818505 170 170 170 206890 170 170 170 170 170 170 170 170 170 170 170 170 170 59170 170 170 170 18685 170 170 11289601 1812445 170 11289601 170 18685 170 170 18685 2076497 170 13833025 170 170 170 170 170 170 170 170 170 170 170 170 170 170 170 170 170 170 170 249010 170 170 170 170 170 170 170 170 170 170 170 170 170 170 122434 170 170 59170 18685 170 170 170 170 170 170 170 170 170 170 170 170 170 170 18685 170 170 170 170 170 1050905 170 170 170 170 170 18685 170 170 170 170 170 170 170 170 170 170 170 1450 18685 170 170 170 122434 7623317 170 18685 18685 170 170 170 170 18685 1812445 170 59170 170 170 170 170 170 170 1050905 170 170 170 170 170 34 170 170 170 170 170 170 170 1050905 122434 170 170 170 170 170 170 170 170 170 170 1018145 61217 170 170 170 170 1018145 34 170 170 170 1050905 170 170 170 
5185 1601 5185 58325 1258 95225 1258 1258 381925 5185 5185 185 5185 1258 5185 5185 381925 5185 5185 1601 1258 5410 58325 5185 5185 381925 5185 5185 4631105 5185 1601 1258 58325 5185 5185 5185 381925 5410 381925 58325 1601 95225 381925 1601 5185 5185 5185 5185 1258 5185 5185 1601 1601 5185 381925 5185 24878837 1601 835250 882325 1258 5185 5185 381925 1258 1258 381925 5185 1258 370 5185 1258 5185 1258 5133725 5185 1258 1258 381925 5185 5185 5185 1031050 381925 5185 1601 5185 1601 1601 1258 5185 5185 5185 1258 381925 1258 1258 199714 5185 5185 5185 95225 5410 1170325 381925 1258 5185 1601 5185 1258 1601 5185 1258 5185 1601 5185 5185 5185 871202 1601 882325 1258 1258 1601 5185 1601 5185 1258 95225 381925 5185 5185 5185 5185 1258 58325 5185 1258 5410 1601 5185 835250 1170325 1258 1258 1601 1601 5410 1258 95225 408850 1601 58325 5185 5185 5185 1258 381925 24505 5185 95225 1258 5185 5185 58325 1258 5185 5185 1170325 1601 1258 381925 1601 1601 381925 1601 882325 255385 5185 1258 381925 1258 5410 5185 30634 5185 5185 1601 5185 835250 5185 5185 5185 5185 5185 5185 1880650 1601 5185 1258 882325 1601 1258 1258 1258 5185 5185 1258 5185 5185 5185 1258 882325 5185 5185 5185 871202 5185 5185 1601 5185 1601 10 
95225 1601 5185 5185 60135125 5185 5185 5185 5185 5185 1601 1258 505 1717 882325 381925 2178005 2101810 5185 5185 5185 1258 5185 1717 2178005 5185 1601 1240025 1601 1601 835250 5410 95225 505 370 1258 1601 89725 1717 1258 5185 1601 5185 5185 381925 940325 1717 882325 5185 5410 5185 4077125 882325 1717 5185 1258 5185 95225 1258 5185 5185 5185 1258 5185 5410 1258 1601 1258 5185 1601 882325 5185 5185 1601 1601 1601 1601 5185 5185 5185 5185 5185 5185 1717 1258 5185 5185 381925 5185 835250 5185 5185 5185 370 1258 1258 5185 1258 95225 5410 5185 5185 4416394 1258 5185 882325 1258 89725 381925 1601 1258 45002 940325 5185 871202 381925 5185 5185 835250 5185 5185 5185 1601 5410 5185 1601 5185 1601 5185 1601 1258 5185 5185 45002 95225 10 1601 5185 1601 5185 1259557 882325 5185 1601 1258 1258 381925 5185 505 89725 882325 5185 5185 5185 1601 381925 5185 882325 835250 5185 4631105 1258 505 940325 1601 5410 5410 5185 5410 5185 381925 5185 5185 5185 1601 5185 1601 5185 4077125 95225 1258 1258 882325 5185 5185 1258 5185 381925 5410 5185 5185 381925 1258 1258 5185 1601 5185 1717 5185 5185 1601 1240025 5185 5185 1601 1601 95225 5185 1601 5185 5410 1258 1717 1258 1601 1717 1258 1258 1601 63370 434314 1601 1258 1258 5185 1258 505 5185 95225 5185 1601 1258 1601 5185 5185 381925 5185 5185 5185 5185 1258 
85 85 36101 85 85 85 85 85 85 19018 85 36101 36101 85 85 36101 85 19018 85 85 85 85 85 1058005 36101 465125 85 2513570 695185 85 1058005 36101 85 19018 19018 202 465125 370 65650 36101 85 85 19018 85 170 85 85 85 85 85 56871865 85 85 465125 85 465125 85 85 85 85 36101 695185 85 36101 85 465125 85 85 85 3145 85 170 465125 85 465125 85 85 19018 85 36101 85 85 85 36101 85 85 85 465125 36101 85 85 85 465125 465125 85 36101 85 85 85 2657525 465125 85 465125 85 85 19018 85 85 465125 85 19018 85 85 85 4460545 370 36101 36101 85 85 370 170 184325 85 8825 36101 85 1058005 85 85 85 85 85 184325 202 85 85 239434 19018 695185 36101 85 370 85 19018 85 239434 118354085 85 
2594 136085 136085 3737 1258 3737 3737 49010 3737 1258 49010 55114 3737 3737 1258 1258 3737 1258 49010 2594 1258 2594 3737 3737 1258 1258 3737 3737 1258 1258 3737 136085 12021337 24050 136085 3737 24050 3737 1258 24050 2594 24050 6290 49010 1258 3737 3737 1258 3737 6290 3737 2594 49010 3737 1258 3737 12021337 1258 49010 2594 1747250 1258 3737 1258 3737 3737 3737 1258 49010 3737 3737 1258 3737 3737 3737 6290 3737 3197105 1258 3737 3737 24050 3737 55114 3737 49010 136085 1258 2594 1258 3737 3737 136085 3737 3737 24050 3737 3737 3737 3737 136085 3737 3737 1258 49010 3737 3737 2594 1258 3737 666185 3737 1258 136085 3737 3737 2594 3737 3737 3737 3737 136085 3737 3737 24050 1258 24050 2594 1258 3737 3737 3737 2594 3737 3737 2594 3737 1258 136085 3737 24050 3737 2594 3737 1258 136085 136085 3737 1272385 3737 3737 3737 24050 3197105 49010 4246850 3737 3737 3737 3737 1258 2594 3737 2594 220505 1258 3737 49010 1258 1258 1258 3737 3737 3737 1258 49010 136085 3737 2594 1258 2594 49010 3737 24050 1258 6290 2113145 24050 3737 1258 3737 6290 136085 1258 3737 3737 24050 1258 3737 1258 1258 1258 3737 2594 3737 468469 3737 3737 686450 3737 3737 3737 136085 3737 49010 3737 24050 3737 3737 102154 49010 2594 49010 1258 3737 3737 3737 1258 1258 3737 136085 3737 1258 2490914 49010 3737 3737 3737 2113145 396610 2594 3737 2594 2594 3737 3737 2594 24050 3737 3737 136085 1258 1258 2594 24050 3737 136085 6290 1258 3737 2594 6290 3737 1258 3737 3737 136085 24050 2594 3737 2113145 1258 1258 3737 2594 1258 3737 3737 136085 2594 1258 1258 220505 3737 3737 468469 1258 3737 3737 3737 3737 220505 3737 136085 2594 3737 10738730 3737 3737 136085 3737 136085 3737 3737 3737 24050 55114 3737 1258 24050 136085 1258 3737 3737 1258 3737 136085 6290 3737 1258 1258 220505 468469 49010 3737 1258 136085 3737 3737 3737 1258 136085 2594 1258 24050 1258 1240025 2594 3737 1258 3737 49010 3737 3737 3737 1258 136085 2594 1258 3737 136085 3737 3737 3737 3737 3737 195365 3737 3737 1258 3737 49010 3737 2594 3737 3737 3737 136085 2113145 3737 3737 3737 49010 24050 3737 2594 3737 136085 3737 1258 1258 1272385 3737 3737 136085 3737 1258 3737 3323690 1258 1258 24050 3737 24050 3737 1258 2594 1258 24050 3737 3737 136085 3737 55114 6290 3737 461390401 6290 2594 49010 3737 2594 2594 2594 3737 3737 24050 1258 3737 3737 3737 3737 3737 1272385 136085 136085 3737 3737 3737 2594 3737 1258 3737 2113145 49010 3737 136085 1258 220505 3737 3737 2594 1258 49010 3737 3737 3737 2594 3737 3737 2594 3737 3737 3737 220505 2594 3737 1258 24050 1258 6290 1258 3737 3737 136085 3737 1258 49010 1258 1258 3737 3737 3737 1258 1258 49010 6290 2594 468469 49010 49010 2594 49010 1258 2594 3737 24050 1258 3737 1258 1258 24050 1258 3737 2594 136085 24050 1258 24050 3737 12021337 6290 1258 49010 1258 24050 24050 3737 49010 3737 3737 3737 
3737 3737 3737 1258 1258 3737 17070010 3737 10405 1258 3737 29045 49010 10405 1258 49010 176290 3737 734474 24050 1258 10405 3737 29045 3737 29045 29045 1258 137264657 1258 459850 24050 1258 24050 10405 13877785 3737 10405 1258 24050 49010 179450 1258 10405 3737 24050 3737 10405 3737 3197105 3737 1258 29045 1258 1258 29045 1258 1258 3737 3737 3737 1258 55114 29045 49010 49010 55114 3737 273205 49010 459850 1258 24050 3737 176290 51914 1258 1258 10405 10405 3737 1258 3737 1258 49010 3737 10405 3737 1258 170 170 24050 3737 3737 29045 3737 1258 1258 10405 49010 1258 24050 1258 29045 3737 3737 1258 1258 41225 3737 3737 3737 459850 1258 3737 1258 1258 10405 1258 1258 1258 714425 3737 3737 1258 3737 3737 29045 29045 24050 1258 3737 3737 1258 3737 29045 10405 10405 49010 3737 10405 459850 170 176290 10405 49010 29045 3737 24050 1258 3737 3737 25398650 3737 3737 3737 176290 3737 714425 29045 170 1258 1258 3737 29045 3737 463114 459850 3737 12021337 1258 3737 3737 459850 3737 3737 24050 3737 1258 1258 3737 1258 195365 4850 24050 1258 459850 1258 3737 3737 170 1258 10405 3737 10405 170 1258 195365 3737 1258 170 170 1258 1258 3737 74 1258 3737 24050 29045 3737 3737 1258 3737 3737 49010 10405 1258 3737 1258 3737 1258 3737 29045 3737 3737 3737 10405 10405 1258 29045 29045 3737 3737 49010 49010 10730 29045 1258 3737 24050 49010 134292425 24050 1258 24050 49010 29045 3737 1258 3737 734474 24050 666185 459850 29045 1258 3737 3737 29045 3737 3737 24050 10405 1258 170 3737 1258 3737 3737 1258 3737 5497834 1258 10405 3737 1258 3737 3737 3737 24050 1258 1258 248965 3737 29045 10405 1258 10405 3737 3737 3737 3737 273205 3737 3737 29045 1258 3737 105926005 29045 1258 24050 1258 3737 1258 29045 3737 666185 3737 3737 3737 1258 24050 29045 29045 273205 3737 3737 49010 170 3737 3737 1258 29045 1258 459850 10405 29045 12023845 24050 3737 49010 3737 3737 29045 3737 3737 459850 10405 1258 4755530 1258 29045 3737 1258 10405 170 29045 1258 3737 49010 10405 29045 3737 10405 3737 3737 3737 3737 3737 29045 10405 1258 1258 1258 1258 29045 3250 3737 1258 49010 49010 29045 176290 3737 1258 10405 7605002 3737 29045 3737 24050 51914 10405 3737 4850 3737 55114 3737 3737 29045 3737 1258 1258 29045 29045 10405 3737 3737 29045 248965 1258 3723850 1258 3737 3737 1258 3737 3737 3737 3737 3737 1258 1258 29045 3737 29045 29045 29045 195365 3737 3737 49010 3737 3737 1258 1258 273205 1258 195365 12021337 714425 13877785 459850 49010 49010 10405 1258 3737 1258 3737 1258 29045 1258 
85 85 4460545 36101 85 202 85 85 85 1258 202 3530 465125 465125 3530 3530 85 85 19018 3530 36101 3530 85 85 465125 19018 19018 36101 56871865 85 17945 85 49010 695185 239434 85 85 11888705 17945 3530 85 3530 3530 465125 3530 465125 1258 3530 36101 3530 3530 85 85 3530 3530 465125 85 85 12236005 1258 36101 36101 5 15596425 3530 85 85 85 465125 85 5 3530 3530 85 85 85 85 29575325 85 3530 85 85 85 36101 85 85 85 85 85 85 36101 36101 85 85 239434 1258 85 85 21829025 17945 85 85 85 36101 36101 85 3530 3530 465125 36101 85 3530 184325 3530 465125 36101 85 36101 465125 19018 85 85 5 85 85 85 85 36101 85 85 465125 2036290 465125 465125 3530 85 3530 3530 3530 85 7464565 3530 5 85 85 85 85 1258 148138 36101 85 85 4460545 3530 85 3530 85 85 695185 3530 85 3530 3530 85 5 202 49010 17945 5 17945 85 85 17945 3530 3530 3530 49010 465125 8825 85 36101 36101 36101 3530 85 3530 3530 85 19018 3530 85 239434 3530 3530 65650 239434 36101 17945 3530 3530 1258 85 85 3530 85 85 85 85 36101 85 85 85 85 85 85 85 85 36101 36101 85 3530 85 3530 85 36101 5 85 85 85 239434 695185 85 5 3530 85 85 85 85 3530 36101 1285 85 85 19018 8825 465125 17945 85 5 36101 85 1258 85 5 3530 85 36101 465125 85 85 85 85 85 85 85 3530 465125 1351370 695185 85 465125 85 49010 85 49010 2036290 85 85 85 5 85 85 202 3530 85 465125 85 85 36101 85 85 36101 3530 36101 3530 3530 85 239434 118354085 85 5 3530 3530 85 85 85 5 17945 3530 239434 85 36101 465125 36101 85 5 8825 85 85 7086245 85 19018 85 85 85 3530 85 3530 85 465125 85 36101 85 85 85 465125 85 85 465125 3530 695185 65650 85 85 85 36101 36101 3530 239434 85 14810434 85 85 49010 3530 3530 85 85 85 3530 1285 85 19018 3530 85 85 19018 19018 3530 85 85 85 36101 3530 2513570 85 36101 85 85 85 465125 465125 19018 1285 17945 85 4753970 85 36101 85 85 15596425 85 85 85 17945 85 85 36101 85 85 3530 85 184325 85 17945 85 36101 85 85 85 465125 85 85 36101 85 3530 85 202 3530 85 85 85 85 85 85 24799490 85 85 85 85 17945 1267234 85 85 465125 85 85 1058005 85 85 465125 49010 1258 239434 3530 239434 36101 85 202 85 17945 3530 85 465125 49010 3530 85 85 3530 3530 85 3530 85 36101 3530 239434 3530 2513570 85 5 239434 85 36101 85 3530 85 3530 85 4305925 85 85 3530 85 85 3530 239434 1351370 695185 85 85 85 85 65650 3530 3530 202 85 3530 17945 36101 465125 85 1258 17945 85 85 3530 4753970 85 3530 465125 3530 36101 85 85 85 85 24799490 19018 3530 5 85 1258 3530 85 85 36101 1258 3530 85 85 85 85 85 85 17945 85 17945 3530 36101 85 85 85 465125 2513570 85 85 3530 85 17945 3530 85 465125 2590018 85 85 5 85 3530 85 85 85 6394645 85 5304505 85 85 3530 2513570 3530 465125 85 85 3530 85 3530 85 36101 36101 36101 3530 85 36101 85 3530 465125 17945 36101 3530 
1717 202 101 1717 202 101 1717 505 202 202 202 202 202 1717 202 686450 505 202 361010 202 505 77450 505 1717 505 1717 202 8245 202 77450 202 8245 8245 202 1717 202 1717 101 202 505 202 202 505 1717 202 1717 202 1717 8245 1717 505 202 505 202 202 202 202 101 505 202 1717 202 202 202 202 286565 1717 202 101 202 1717 8245 361010 202 202 8245 202 202 202 1717 202 1717 55114 8245 1717 202 202 202 202 55114 8245 77450 8245 202 8245 144313850 202 202 202 202 202 202 202 8245 286565 8245 74 505 101 202 1746485 202 202 8245 202 202 202 240101 202 8245 8245 202 202 202 202 202 202 202 202 8245 1332970 202 77450 8245 8245 202 8245 202 202 101 202 202 202 8245 8245 8245 286565 8245 202 202 8245 202 202 202 202 1717 202 286565 101 101 286565 505 77450 8245 202 1717 8245 505 202 1717 202 1717 202 202 202 202 202 8245 202 202 202 505 8245 505 202 202 50181125 202 101 202 8245 1717 286565 101 1717 1717 101 8245 8245 8245 505 101 202 202 8245 202 202 202 202 1717 202 5270770 202 202 8245 202 1717 286565 202 202 202 101 8245 8245 8245 1332970 240101 101 1717 202 1717 202 202 1717 202 2465 202 202 202 77450 202 202 8245 8245 202 202 202 202 1717 202 202 202 202 202 505 1717 1717 202 202 1717 8245 505 8245 202 8245 8245 1717 8245 286565 202 202 202 1717 202 202 202 8245 202 202 202 202 202 8245 202 202 240101 202 202 202 202 286565 1450 505 101 202 286565 8245 74 505 202 74 101 1717 101 202 1717 202 202 8245 202 8245 202 101 202 202 1746485 74 505 78410 8245 8245 8245 686450 1717 202 202 202 202 74 8245 202 202 202 64128065 8245 202 202 202 202 12923530 202 8245 1717 101 202 1717 202 202 505 202 1717 202 202 1717 202 8245 202 202 202 202 505 202 101 202 202 101 286565 286565 8245 202 202 202 202 202 8245 202 1450 202 202 1717 8245 202 8245 8245 202 202 202 8245 1332970 202 8245 202 202 286565 101 202 202 202 202 8245 8245 1717 202 286565 505 202 202 202 1717 202 4977785 202 1717 505 202 361010 202 202 202 202 202 202 202 101 1717 20171114 505 202 202 202 202 8245 202 202 286565 202 8245 1717 1717 202 1717 1717 505 202 202 202 202 1717 101 505 55114 101 101 202 55114 101 8245 505 1717 505 202 202 202 101 8245 8245 156658 202 202 1450 202 202 1717 202 7527530 101 4977785 1717 202 202 55114 202 101 202 202 202 202 8245 8245 202 8245 202 1717 202 8245 202 202 101 1717 202 202 202 202 202 8245 505 202 8245 202 1717 1717 202 101 202 202 240101 74 101 202 8245 1717 202 202 8245 101 202 5270770 202 505 202 202 101 286565 202 101 286565 202 202 7527530 202 8245 202 202 1717 8245 3838498 8245 1717 286565 202 8245 8245 8245 202 101 1717 2506325 202 202 1717 1717 202 202 55114 8245 286565 202 
1570 46085 1258 46085 110245 157625 1258 51077 1069085 35356985 51077 1258 51077 157625 51077 4401605 1570 10 1570 11803445 46085 309137 51077 51077 819202 157625 46085 46085 51077 46085 309137 1570 157625 46085 1258 157625 46085 51077 46085 46085 1258 309137 157625 51077 51077 157625 46085 157625 46085 51077 157625 51077 46085 51077 1258 1010 1570 1570 1570 46085 102154 157625 51077 51077 110245 51077 1010 46085 51077 46085 51077 815813 51077 10 46085 275570 46085 51077 1258 46085 1570 51077 51077 46085 46085 51077 819202 51077 51077 46085 51077 1570 46085 1010 157625 10 1570 46085 46085 4401605 1258 51077 1570 51077 51077 102154 1570 157625 157625 46085 157625 1258 1258 51077 51077 51077 67250 51077 10 1570 46085 157625 1570 46085 46085 46085 51077 46085 46085 46085 157625 51077 51077 1258 819202 51077 2570 46085 102154 1258 2570 51077 46085 46085 46085 16386305 46085 51077 51077 1258 46085 51077 51077 51077 51077 46085 46085 51077 51077 46085 46085 
8245 202 202 8245 202 1717 101 1244125 7527530 8245 1717 505 202 1717 202 101 156658 505 202 1717 8245 1332970 8245 8245 1717 1717 1717 8245 1717 240101 202 202 202 202 240101 8245 1717 1717 202 1717 202 101 202 1717 202 202 202 1332970 202 8245 240101 55114 8245 202 202 118630165 8245 202 286565 1717 8245 1717 1717 1717 2178005 1717 505 1717 202 202 202 202 1717 202 202 202 1450 202 202 202 505 1717 202 202 505 8245 202 240101 202 202 1450 202 1717 202 202 8245 202 202 202 202 202 101 1717 1717 286565 1717 202 202 202 1717 202 8245 202 202 8245 101 286565 202 1450 202 5270770 1717 202 202 1717 8245 202 101 286565 1717 1717 202 202 8245 8245 286565 1717 1717 8245 202 77450 1717 202 202 505 202 202 202 1717 505 202 202 1717 202 202 1717 247810 202 202 8245 8245 8245 63370 1717 202 202 8245 1717 8245 202 202 1717 1717 202 202 202 8245 8058674 8245 8245 8245 202 74 1717 8245 286565 1717 202 202 202 202 286565 202 50181125 122434 8245 202 1717 202 202 286565 1717 202 202 202 202 202 202 202 202 202 8245 1717 286565 202 1717 202 286565 202 202 8245 1717 202 202 286565 940325 1450 1717 202 2724850 1717 202 202 101 202 8245 1717 202 1717 202 202 1717 202 2178005 202 202 202 1717 286565 202 202 1717 286565 202 286565 8245 202 940325 202 202 202 77450 202 202 286565 202 1717 1717 202 202 202 202 202 8245 505 1717 202 202 8245 202 505 1717 202 202 202 202 202 101 202 202 202 8245 2048005 29584010 202 202 202 202 505 240101 202 202 202 202 202 1717 8245 8245 202 202 202 202 77450 202 286565 8245 202 1717 202 202 202 202 1717 8245 74 202 202 8245 1717 202 202 286565 202 202 1717 8245 1717 505 202 202 8245 202 200170 8245 1450 202 202 202 202 202 8245 1717 1717 940325 240101 8245 8245 8245 202 8245 202 8245 202 1717 202 101 240101 202 505 202 202 8245 202 1332970 202 1717 202 1717 55114 8245 8245 1717 101 156658 1717 202 101 202 202 202 286565 1717 202 1717 202 202 202 8245 202 8245 202 8245 202 202 2178005 202 1717 202 8245 505 202 1717 202 202 8245 8245 202 1717 202 202 202 202 8245 202 202 286565 202 286565 1717 286565 202 286565 101 1717 202 8245 202 202 202 1717 9073802 202 202 1717 77450 202 202 1717 8245 1717 286565 1717 202 686450 8245 101 202 8245 8245 202 1717 202 202 202 286565 202 202 202 202 8245 202 202 202 202 63370 8245 8245 202 202 202 202 8245 8245 1717 8245 202 1717 202 202 8245 63370 505 202 202 202 202 202 1717 202 1717 202 202 202 202 202 55114 202 1717 8245 202 1717 8245 8245 202 8245 202 1717 202 202 202 202 8245 1717 505 202 202 1717 202 1717 202 1717 202 1717 1717 101 202 202 202 202 202 1717 8245 202 202 505 202 1717 8245 361010 1717 1332970 8245 202 8245 202 202 202 63370 1332970 286565 8245 202 8245 202 
202 202 1717 2979925 120250 1717 505 202 1717 202 2125765 202 202 202 202 8245 77450 202 8245 1717 10370 240101 156658 1717 202 202 202 1717 240101 286565 181337 202 202 202 202 505 8245 202 1717 8245 4162685 202 1717 202 202 8245 202 202 74 202 202 1717 8245 202 1717 202 202 202 5270770 202 1717 202 312617797 8245 202 8245 202 1717 202 505 8245 1717 202 1717 202 202 202 202 67579525 202 1717 202 1717 202 202 120250 202 202 8245 10370 202 181337 202 202 8245 202 3838498 202 2125765 290450 8245 202 202 202 202 202 686450 1717 202 1717 202 8245 202 77450 202 202 202 1717 8245 8245 240101 181337 240101 8245 202 1717 1717 1717 202 202 1717 202 1717 8245 8245 202 120250 202 202 1717 202 202 240101 686450 1717 505 8245 202 202 1717 202 202 1717 8245 10370 202 8245 202 202 202 8245 8245 202 8245 202 1717 1717 202 505 202 1717 8245 202 8245 10370 2125765 2125765 1116050 202 202 202 202 1717 202 1717 202 202 1717 10370 202 202 202 1717 1717 202 1717 505 202 202 202 8245 1717 1717 202 202 202 1717 8245 202 202 202 202 202 181337 1717 8245 1717 505 202 202 202 202 202 1717 202 202 202 202 202 1717 202 240101 240101 202 202 181337 1717 202 1717 290450 1717 8245 202 202 202 202 202 202 202 202 202 8245 8245 202 77450 1717 8245 202 77450 202 202 202 202 202 1717 8245 120250 202 202 181337 8245 2125765 202 1717 202 202 202 202 10370 8245 202 202 202 120250 202 202 202 1717 202 1717 202 202 202 77450 202 1717 202 1717 202 2178005 202 181337 505 1717 1717 1717 202 505 1717 202 202 202 202 8245 8245 8245 10370 202 202 202 1717 1717 202 202 202 1717 202 8245 202 202 505 202 8245 1717 8245 1717 202 1717 8245 2125765 63370 120250 1717 202 202 1717 202 8245 1717 505 202 8245 505 1717 181337 120250 202 202 2125765 202 1717 202 1717 202 8245 202 202 202 15079850 4977785 202 202 202 10370 202 202 202 202 8245 8245 202 8245 202 202 202 1717 15152525 1717 10370 202 202 8245 1717 202 202 8245 202 8245 202 202 120250 202 202 202 202 505 10370 505 1717 181337 55114 1336465 202 202 8245 202 202 202 1717 202 202 8245 67018954 202 120250 202 1717 202 202 202 505 202 8245 202 1717 202 202 202 505 63370 8245 505 10370 1717 8245 1717 202 77450 8245 202 202 940325 10370 1717 202 1717 202 202 202 202 120250 202 202 202 202 2125765 39405925 202 202 202 610130 10370 8245 202 202 940325 1717 202 202 1717 8245 202 202 1717 505 8245 8245 181337 2125765 202 202 8245 202 10370 202 10370 202 202 202 1717 8245 202 202 202 8245 202 64128065 202 202 1717 74 1717 202 1717 202 8245 202 202 202 8245 202 1717 202 202 202 181337 10370 10370 202 202 2125765 202 202 202 202 1717 202 1717 1717 202 202 202 202 202 202 202 8245 202 8245 202 181337 202 202 202 202 8245 1717 1717 8245 
485 485 3530 485 485 269125 485 485 485 485 34 485 485 3530 5365 485 62725 485 485 3530 485 81043385 485 485 485 485 1685450 34 485 34 485 485 987530 3530 485 5365 34 485 485 485 34 501265 1685450 62725 34 34 485 485 3530 485 485 62725 62725 485 34 3530 3530 3530 34 485 34 485 3530 485 34 1685450 485 485 34 34 3530 1665074 5365 485 62725 485 34 485 485 485 34 987530 1685450 485 269125 485 485 485 485 485 485 34 3530 501265 3530 3530 62725 3530 5365 1331593 34 485 485 485 485 485 485 485 514 269125 9063050 485 5365 34 5365 485 62725 3530 485 485 
2125765 485 2570 485 485 1371170 485 485 10370 485 10370 485 5766410 485 485 485 4424810 485 34 485 485 10370 34 34 485 485 485 34 62725 485 485 485 485 10370 2570 485 120250 10370 485 34 1685450 39427202 34 485 10370 485 485 485 10370 485 10370 485 485 1116050 485 485 34 485 10370 485 485 34 10370 485 4850 2125765 501265 10370 2125765 485 485 514 485 485 10370 2125765 10370 485 485 485 485 34 62725 485 485 10370 485 120250 2125765 485 10370 34 10370 501265 34 10370 485 10370 485 485 485 62725 34 120250 1665074 485 485 10370 10370 181337 34 485 34 485 1143250 485 485 485 485 485 34 485 10370 10370 10370 10370 8158130 485 485 485 485 485 2131237 10370 485 10370 485 
51077 370 1258 1258 51077 51077 51077 51077 110245 51077 58325 51077 1258 51077 46085 51077 46085 1258 46085 1258 1258 51077 51077 10370 370 1258 1258 51077 51077 46085 10370 1010 10370 1258 46085 51077 1258 1570 51077 51077 1258 1258 51077 51077 1258 1258 1258 46085 1258 51077 51077 110245 46085 51077 157625 1570 1258 1258 1258 55114 370 51077 1570 51077 46085 51077 51077 51077 1570 51077 51077 51077 51077 1258 51077 51077 2570 2570 51077 58325 51077 1570 51077 51077 1258 1258 11803445 970 1258 51077 1570 46085 46085 679730 51077 51077 1258 1258 1258 46085 1010 1258 1010 51077 51077 51077 11803445 58325 51077 46085 51077 51077 1258 46085 51077 1258 1258 51077 275570 1258 1258 1258 970 51077 51077 51077 1010 46085 51077 1258 370 186267905 58325 51077 1570 1010 46085 1258 1258 10370 58325 485 1258 1010 1258 58325 1258 51077 1258 51077 51077 51077 51077 51077 2570 16386305 51077 46085 10370 1258 10370 1258 51077 2917265 1010 51077 1258 51077 10370 51077 903170 3889625 2570 2570 157625 1258 1570 51077 51077 46085 1258 1258 1258 1258 51077 1258 1258 46085 46085 51077 51077 51077 51077 1258 1258 46085 1258 1570 903170 1258 1258 391645 11803445 1010 1570 46085 51077 51077 1570 1258 51077 1258 51077 1258 51077 1570 1258 370 1258 179945 485 51077 51077 1258 485 1258 1258 2917265 46085 58325 46085 1258 1258 1258 1258 51077 58325 51077 51077 1258 46085 370 46085 51077 1258 1570 1258 485 51077 51077 51077 46085 46085 1010 51077 46085 10370 51077 51077 1258 110245 51077 51077 1258 51077 10370 51077 10370 51077 1258 58325 1258 51077 1258 1258 51077 46085 1570 51077 51077 51077 51077 1570 1258 46085 51077 1258 46085 1258 51077 51077 370 46085 1258 1570 51077 1570 51077 1258 1570 51077 51077 1258 51077 1258 1570 1258 1258 51077 51077 51077 51077 51077 370 1258 51077 51077 1258 370 1570 51077 51077 51077 51077 1258 46085 46085 46085 1258 370 51077 4101250 51077 46085 1258 1258 1010 370 51077 46085 1570 1258 51077 1570 51077 1258 1258 903170 110245 51077 1258 51077 485 46085 485 1258 1258 485 46085 1258 51077 46085 1258 1258 51077 51077 51077 51077 46085 58325 46085 2570 51077 58325 51077 51077 1258 1258 58325 1258 10370 51077 46085 46085 485 2917265 1258 1010 2570 51077 51077 1258 51077 1258 51077 819202 1570 46085 51077 819202 1258 1258 46085 16386305 46085 2570 819202 51077 51077 1258 46085 157625 46085 51077 51077 1570 2570 46085 10370 51077 46085 51077 51077 46085 51077 51077 970 46085 46085 51077 46085 1258 275570 485 1717 46085 46085 51077 51077 58325 1570 51077 51077 1258 46085 46085 1570 370 485 1570 22474 46085 1258 1010 1258 370 51077 51077 46085 1258 1570 51077 625010 46085 1258 46085 903170 51077 1258 1258 51077 51077 58325 1258 1570 46085 1258 46085 51077 46085 1258 51077 58325 46085 51077 51077 51077 1258 51077 2917265 51077 51077 1258 51077 970 970 51077 51077 1258 51077 11803445 1258 46085 1258 1258 51077 51077 46085 51077 51077 51077 1258 485 1258 46085 1010 46085 51077 1258 1010 46085 51077 46085 58325 46085 1258 51077 51077 22474 51077 51077 51077 370 1258 1258 1010 51077 51077 46085 1570 11803445 1258 
157625 49010 262021834 46085 157625 4850 51077 49010 46085 46085 46085 10 970 309137 51077 46085 46085 46085 10370 46085 46085 46085 46085 46085 49010 157625 49010 49010 46085 49010 157625 49010 46085 49010 49010 309137 46085 51077 49010 46085 46085 46085 49010 46085 49010 4850 485 10370 17288965 4850 46085 46085 49010 309137 49010 157625 4850 49010 49010 157625 309137 4850 10370 49010 49010 800005 49010 10370 49010 46085 102154 51077 46085 46085 49010 157625 102154 16386305 309137 800005 49010 49010 46085 46085 7527530 46085 572050 46085 49010 46085 46085 49010 49010 4850 49010 4850 49010 157625 51077 46085 46085 157625 46085 157625 7907125 46085 46085 46085 46085 46085 46085 46085 49010 49010 46085 157625 46085 46085 46085 5834825 49010 49010 46085 49010 800005 309137 49010 46085 46085 
1601 1601 272485 3925 8641625 1601 1601 1601 1601 25925 1601 272485 1601 3925 1601 10 107650 1601 5185 1601 272485 5185 1601 272485 5185 272485 1179397 1601 3925 312505 272485 1601 25925 10 1601 25925 272485 1601 1279625 1601 24505 1601 1601 3925 1601 1601 1601 3925 3925 1601 10 612170 3925 1601 5185 3925 1601 370 1601 1179397 45002 1601 1601 3925 3925 1601 1601 1601 1179397 5185 272485 1601 25925 272485 1179397 8080202 1601 1601 272485 1279625 10 3925 5185 1601 3925 5185 5185 1601 1601 3925 1179397 5185 1601 10 3925 33802 10 1601 3925 5185 236197 3925 8005 1601 3925 1654865 1601 1601 5185 1179397 10 3925 1601 52955170 272485 25925 1601 3925 1601 10 8005 255385 1601 1601 3925 1601 25925 1601 5185 1601 272485 1601 5185 272485 1601 26438770 5185 272485 10 1601 1601 3925 10 3925 1601 1601 612170 1601 3925 179450 5185 1601 3925 1601 1601 1601 1601 3925 1601 255385 3925 1179397 842725 1601 370 1601 29172650 1601 1601 1179397 3925 3925 255385 1601 3925 1601 5185 5185 1601 272485 5867090 1601 1601 3925 1601 1601 1601 1601 5185 3925 3925 272485 25925 5185 1179397 370 2740553 1601 1179397 5185 1601 236197 25925 236197 1601 3925 1601 10 1601 1601 5997634 272485 3925 3723850 25925 1601 1601 3925 1601 1601 1601 255385 5185 3925 1601 1601 255385 1601 10 3925 5185 25925 1601 1601 1601 10 272485 1601 370 370 
272485 1601 272485 1601 202 1601 202 1601 8245 3925 1601 3925 1601 1601 272485 1601 202 3925 1601 272485 202 202 38801170 1601 202 1601 1601 1601 202 3838498 202 1601 3925 1601 1601 1601 24893570 202 202 1601 1601 1601 1179397 25925 202 1601 1601 1601 8245 1179397 1601 505 1601 3925 272485 1601 202 1601 1601 505 202 202 1601 1601 3925 202 202 1601 1179397 8245 1601 202 1601 3925 3925 3925 1601 1601 202 1601 25925 3925 1601 202 25925 202 202 1601 1601 1179397 1279625 1601 1601 3925 77450 1601 202 202 8245 1601 1332970 1601 25925 
188065 27217 27217 188065 188065 4357 1227434 27217 370 188065 188065 4357 188065 4357 188065 10370 4357 2876417 169010 3154177 4357 4357 188065 27217 4357 188065 4357 538645 4357 4357 2281250 1654865 28910410 115304645 450290 27217 4357 10370 1227434 188065 10370 10370 4505 4357 188065 10370 1227434 188065 188065 158937301 27217 188065 10370 4357 27217 538645 4357 27217 10370 1227434 169010 4357 27217 4357 1654865 74 188065 4357 10730 74 4357 10370 188065 4357 4357 169010 181337 4357 4357 2281250 169010 188065 2281250 4357 188065 4357 27217 188065 188065 4357 27217 4357 188065 538645 4357 188065 4357 4357 4357 188065 4357 188065 4357 188065 10370 4357 2876417 4357 27217 188065 10370 2876417 10370 4357 2281250 74 10370 74 2281250 1227434 2517770 2876417 10370 188065 9439625 4357 27217 4357 27217 538645 188065 538645 4357 10370 188065 188065 188065 10370 169010 188065 4357 27217 10370 1227434 188065 1654865 1654865 2876417 27217 10370 4357 370 188065 2876417 4357 4357 27217 10370 4357 188065 27217 4357 10370 4357 27217 4357 4357 1227434 188065 27217 10370 10370 188065 74 188065 27217 27217 4357 27217 74 4357 4357 188065 188065 4357 188065 188065 4357 188065 2281250 10370 1227434 4357 4357 27217 538645 74 27217 4357 27217 8702794 2517770 188065 188065 27217 4357 10370 188065 188065 4357 10370 4357 74 4357 188065 27217 188065 27217 188065 10370 4357 4357 188065 10370 188065 10370 4357 2876417 4357 1227434 4357 27217 10370 188065 10370 188065 10370 4357 765034 10370 538645 10370 27217 74 188065 4357 1654865 188065 188065 4357 27217 123787625 4357 27217 74 10370 188065 3154177 188065 27217 188065 188065 188065 169010 4357 4357 1227434 188065 4357 4357 188065 10370 10370 10370 4357 74 27217 188065 27217 27217 10370 4357 4357 4357 74 10370 27217 4357 1654865 6283925 4357 10370 188065 4357 27217 4357 188065 10370 10370 27217 188065 4357 2517770 4357 4357 27217 188065 4357 188065 4357 188065 10370 10370 4357 4357 1654865 4357 4357 4357 188065 10370 10370 4357 188065 188065 4357 10370 10370 10370 4357 188065 188065 74 10370 10370 1227434 10370 10370 4357 188065 188065 10370 188065 4357 188065 188065 4357 4357 4357 188065 10370 27217 10370 188065 10370 74 27217 4357 4357 1227434 10370 188065 10370 10370 4357 74 1654865 27217 538645 27217 4357 188065 4357 27217 27217 10370 4357 10370 188065 74 4357 188065 10370 4357 10370 10730 10370 1227434 188065 4357 27217 4357 4357 27217 2876417 10370 27217 4357 538645 4357 4357 4357 27217 4357 4357 4357 188065 4357 27217 1227434 10370 4357 188065 4357 74 188065 188065 188065 4357 27217 4357 10370 4357 2876417 188065 10370 27217 188065 1227434 188065 4357 74 1765 27217 188065 4357 188065 4357 188065 4357 169010 4357 1227434 2281250 10370 27217 4357 188065 4357 188065 4357 27217 2281250 27217 4357 10370 4357 27217 1654865 188065 188065 10370 188065 188065 188065 538645 4357 188065 8702794 10370 188065 188065 169010 188065 27217 27217 84406250 188065 2517770 1654865 188065 4357 27217 4357 2876417 4357 2517770 4357 10370 188065 188065 188065 4357 4357 188065 188065 10370 4357 4357 188065 
74 74 74 74 3600010 4357 4357 4357 74 74 74 74 74 74 74 4357 4357 785 74 74 74 4357 74 74 363701 101 4357 74 74 4357 101 74 74 101 74 4357 4357 16825 74 16825 12595570 4357 74 74 16825 4357 4357 4357 456977 4357 74 74 74 4357 74 74 74 16825 4357 74 2425 4357 4357 16825 4357 1654865 4357 370 74 74 4369 16825 74 16193809 4357 1654865 74 74 74 74 4357 74 290 4357 16825 4357 4357 74 74 4357 74 4357 4357 190450 4357 4357 21131450 4357 74 456977 456977 4357 4357 363701 190450 4357 4357 74 4357 16825 74 4357 4357 74 74 74 74 74 190450 74 4357 74 74 4357 4357 74 456977 4357 16825 74 74 4357 74 4357 2244005 
1332970 4357 101 1746485 8245 286565 456977 8245 8245 74 74 8245 101 8245 1332970 4357 4357 74 4357 101 286565 74 8245 74 8245 101 101 74 1018145 74 74 101 1256785 8245 4357 8245 8245 101 74 8245 190450 12923530 4357 8245 74 8245 4357 74 74 74 286565 785 101 363701 74 101 1047370 4357 8245 101 190450 101 74 4357 4357 4357 101 101 101 74 101 74 74 4357 74 785 8245 101 4357 8245 8245 4357 4357 101 60092825 74 4357 4357 1450 101 17617525 8245 74 8245 8245 8245 8245 101 8245 8245 4357 4357 8245 1450 4357 8245 456977 101 456977 101 8245 456977 74 74 74 286565 74 8245 4357 101 8245 8245 4357 74 74 8245 370 8245 4357 74 101 74 216580325 74 101 286565 456977 8245 190450 4357 4357 8245 101 785 74 8245 4357 
4357 112897 4357 74 101 2570 101 101 4357 74 2514725 8245 101 4357 74 4357 8245 101 4357 4357 74 101 8245 8245 8245 45002 74 101 45002 4357 8245 45002 101 8245 61217 8245 4357 4357 8245 4357 1332970 8245 4357 61217 4357 4357 101 101 8245 101 101 8245 4357 8245 8245 286565 8245 170017 4357 61217 101 101 8245 286565 8245 112897 4357 101 1450 4357 101 4357 74 8245 4357 4357 8245 101 74 8245 74 74 4357 74 456977 112897 61217 2570 101 4357 4357 4357 8245 286565 4357 4357 1332970 8245 74 101 101 61217 74 101 4357 8245 74 74 101 101 101 4357 8245 4357 101 45002 61217 45002 1332970 45002 4357 4357 4357 101 74 8245 8245 2570 8245 8245 101 101 4357 61217 45002 74 74 1332970 45002 8140885 74 101 101 101 4357 8245 45002 4357 8245 101 74 101 4357 4357 261994 8245 101 74 4357 74 4357 74 8245 4357 8245 101 8245 4357 4357 101 4357 101 101 8245 370 4357 45002 4357 4357 4357 101 101 101 101 101 4357 8245 45002 112897 45002 4357 4357 101 4357 101 2514725 4357 74 45002 26810645 4357 4357 74 61217 101 8245 4357 286565 170017 112897 4357 101 4357 112897 61217 8245 456977 101 4357 8245 112897 101 8245 45002 61217 4357 101 101 8245 8245 4357 101 101 8245 4357 45002 4357 8245 61217 74 45002 45002 45002 101 74 8245 456977 8245 45002 8245 4357 8245 101 45002 74 4357 101 4357 101 45002 101 8140885 45002 45002 101 74 8245 101 101 8245 4357 45002 112897 261994 74 101 4357 4357 8245 101 286565 101 4357 361010 101 8245 4357 8245 101 4357 8245 101 101 101 8245 112897 74 112897 76737601 45002 247810 101 370 8245 101 74 2570 74 45002 8245 8245 61217 101 61217 101 74 4357 112897 101 4357 101 101 286565 61217 74 112897 4357 101 45002 101 101 74 61217 112897 101 4357 8245 61217 74 101 4357 286565 101 8245 74 4357 8245 101 74 74 61217 101 4357 8245 74 101 4357 4357 101 4357 4357 112897 112897 8245 101 4357 4357 74 45002 4357 8140885 8245 101 74 101 286565 61217 4357 74 101 8245 286565 101 4357 4357 101 4357 101 4357 8245 74 4357 8245 74 74 4357 74 101 112897 286565 101 8245 8245 8245 101 8245 4357 101 101 8245 8245 8245 8245 8245 4357 8245 8245 112897 101 8245 4357 4357 27111269 4357 74 55114 74 101 8245 101 101 4357 74 4357 61217 74 8245 4357 101 101 4357 8245 4357 8245 4357 101 101 8245 
8245 170 170 170 57851237 1812445 4357 61217 170 4357 170 4357 170 170 61217 59170 170 4357 4357 170 59170 170 4357 4357 170 4357 170 4357 170 170 4357 170 8245 170 170 170 61217 170 4357 4357 4357 170 170017 8245 61217 223280714 170 8245 45002 4357 112897 170 1050905 45002 45002 74 170 8245 1116050 170 4357 4357 55114 7623317 170 4234 170 8245 170 170 170 8245 170 170 170 4357 170 170 74 61217 61217 112897 170 170 8245 4357 112897 8245 4357 4357 112897 170 170 59170 45002 1050905 8245 4357 4357 4357 170 170 170 122434 4357 4357 170 170017 170 170 4357 1632025 170 4357 8245 4357 59170 74 8245 1050905 170 170 45002 
1717 1717 202 202 1717 1717 2594 220505 3737 1717 202 3737 2594 1717 240101 1717 2594 505 434314 202 505 202 202 136085 3737 240101 90176585 136085 3737 202 202 2594 1717 3737 202 1717 202 1717 1717 1717 2594 1717 505 2594 1717 202 202 1717 1717 1717 505 202 3737 1717 3737 1717 202 1717 136085 2594 3737 2594 136085 3737 1717 2594 3737 2594 1717 1717 136085 505 202 220505 2594 1717 202 202 202 22858489 940325 3737 2594 2594 3737 55114 3737 3737 1717 1717 136085 1717 3737 505 1717 1717 136085 202 202 202 1717 3737 1717 2594 240101 2594 136085 136085 3737 202 202 1717 505 3737 1717 1717 940325 1717 136085 1717 202 202 202 202 1717 3737 1717 202 3737 17478578 1717 1717 202 1717 220505 1747250 202 3737 505 202 1717 1717 1717 202 1717 1717 3737 1717 136085 202 1717 202 1717 202 1717 1717 202 240101 3737 3737 202 1717 3737 1717 136085 1717 1717 1717 2594 1717 1717 202 1717 1717 2594 136085 2594 3737 202 3737 1717 1747250 2594 
202 1717 1717 3737 1717 1717 3737 1717 136085 2594 3737 1717 3737 1717 136085 1717 1717 3737 2594 1717 1717 1717 1717 1717 1717 1717 1717 1717 3737 1717 136085 1717 1717 1717 1717 1717 1717 1717 1717 136085 1717 3737 1717 1717 136085 3737 1717 3737 3737 1717 1717 3737 1717 2594 3737 220505 2594 136085 1717 2594 2594 2594 1717 1717 1717 2594 136085 1717 136085 1717 1717 1717 1717 1717 1717 1717 136085 2594 1717 1717 1717 940325 136085 1717 1717 1717 1717 1717 3737 1717 220505 2594 1717 2594 3737 1717 1717 3737 1717 1717 3737 6137170 1717 1717 1717 1717 1717 1717 136085 2594 1717 3737 1717 1747250 1717 1717 1717 1717 220505 1717 3737 2594 1717 1717 434314 136085 220505 3737 2594 1717 1717 2979925 3737 136085 1717 1717 136085 2594 3737 202 3737 3737 1717 3737 3737 1717 3737 1717 1717 136085 1717 1717 1747250 1717 1717 3737 1717 1717 1717 2594 2594 1717 1717 3737 63370 1717 1717 1717 3737 1717 1717 220505 1717 1240025 1717 3737 434314 2594 1717 3737 1717 2594 1717 3737 1717 136085 1717 136085 2594 1717 1717 1717 1717 136085 1717 1717 3737 1717 1717 1717 1717 1717 1717 1240025 1717 1717 2594 9802 136085 1717 1717 1717 202 1717 1717 136085 3737 1717 136085 1717 1717 136085 136085 2594 2594 3737 3168085 2594 1717 1717 1717 1717 2594 1717 202 3737 3737 1717 2979925 1717 1717 136085 3737 2979925 1717 202 1717 1717 3737 1717 1717 1717 1717 1717 2594 3737 3737 202 136085 136085 2594 1717 1717 3737 1717 1717 1717 202 3737 1717 1717 136085 1717 1717 136085 3737 136085 1717 1717 1717 1717 6290 1717 18727202 1717 1717 220505 1717 220505 1717 1717 136085 202 3737 136085 220505 1717 202 1717 1717 1717 1717 6137170 1717 1717 1747250 2594 1717 1717 136085 136085 280719925 1717 1717 3737 3737 202 1717 1717 1717 1717 1717 3737 1717 2594 202 2594 1717 1717 136085 2594 1717 1717 1717 1717 2979925 1717 136085 3737 3737 3737 1717 136085 1717 2072650 1717 49010 1717 1717 1717 3737 1717 3737 1717 136085 3737 1717 3737 136085 1717 1717 1717 2594 1717 3737 1717 136085 2594 1717 3737 1717 434314 3737 1717 1717 1717 202 3737 4246850 136085 1717 202 
1601 10 34 1601 1601 1601 1601 3925 272485 1601 272485 272485 236197 10 3925 272485 612170 1601 33802 1601 3925 272485 612170 34 1279625 272485 25925 1601 1601 1601 1179397 34 1279625 1601 25925 3925 3925 1601 1601 3925 83670050 1601 1601 3925 34 1601 34 3925 1601 10 34 3925 612170 1179397 8005 3925 3925 1179397 1601 3925 1601 34 1601 1601 25925 236197 3925 34 25925 3925 272485 3925 3925 1601 25925 3925 3925 1601 3925 3925 1601 1601 272485 1601 3925 34 612170 1601 3925 3925 3925 272485 34 3925 1601 3925 312505 272485 34 10 3925 3925 272485 1179397 1601 1601 3925 1601 272485 3925 1601 3925 3925 1601 52955170 34 1601 3925 1601 255385 3925 1240025 25925 1601 1601 3925 1601 1601 272485 3925 107650 1601 1601 25925 1179397 76834 1179397 3925 1601 1601 1601 3925 3925 1601 1601 1601 3925 3925 3925 1601 3925 272485 370 1601 1601 8005 3925 1601 1601 1179397 3925 25925 3925 25925 8641625 25925 1601 3925 1179397 25925 1601 3925 1143250 3925 1601 3925 1601 3925 25925 8005 1601 25925 272485 3925 1601 3925 312505 3925 1601 1601 1179397 25925 1601 272485 236197 3925 1179397 6528650 370 3925 1179397 3925 3925 3925 272485 10 25925 1601 272485 1601 1601 3925 3925 3925 3925 1601 25925 8005 3925 34 1601 10 370 8005 272485 25925 1601 1601 3925 1601 1601 38090 3925 1601 3925 3925 10 1179397 272485 1601 25925 1601 612170 25925 3925 1601 1601 3925 1601 1601 272485 3925 1601 3925 255385 3925 236197 1601 66725 3925 3925 34 1601 34 370 3925 107650 3925 3925 1601 3925 3925 1601 25925 25925 1138250 272485 25925 1601 1601 34 34 10 1601 3925 1601 3925 3925 3925 8005 3925 3925 3925 1601 1601 8005 1601 1601 1179397 3925 1601 1601 8005 312505 3925 3925 34 1601 10 8005 272485 3925 10 34 25925 3925 8641625 34 1601 236197 1601 272485 272485 3925 1179397 1601 25925 34 272485 1601 1601 25925 272485 3925 3925 3925 1601 3925 3925 1179397 1601 34 1601 3925 1601 25925 3925 1601 3925 1601 1601 1601 3925 3925 3925 1601 3925 3925 1601 3925 8005 34 1601 3925 1601 1601 3925 1601 3925 1601 1601 1601 1601 272485 34 1601 312505 1601 3925 1601 1601 34 3925 3925 25925 510770 272485 1601 1601 10 10 3925 3925 1601 1601 1601 10 34 3925 3925 1601 1601 3925 3925 3925 1601 25719317 1601 3925 1279625 3925 3925 1601 1601 3925 272485 1601 10 25925 236197 3925 1601 236197 3925 1601 34 1601 3925 33802 3925 1601 1601 3925 3925 10 1601 3925 1601 25925 1601 3925 236197 3925 1601 272485 3925 1601 1601 1601 25925 25925 1601 1601 1601 3925 272485 10 1601 1601 3925 1601 3925 3925 3925 1601 34 1601 34 8641625 3925 1601 1240025 1601 1601 25925 3925 3925 236197 272485 1601 1601 25925 3925 1601 3925 1601 
1258 5185 51077 1258 5185 1258 5185 1258 58325 5185 1258 51077 5185 1258 882325 1258 1258 58325 51077 882325 5185 1258 1258 58325 1258 5410 51077 835250 1258 95225 95225 1258 1258 1601 1258 1258 5185 5185 1258 1258 381925 5185 1258 1258 1258 1258 2917265 89032565 1258 5185 5185 5185 14326325 381925 882325 2917265 1258 95225 5185 51077 5185 58325 5185 1258 5185 185 370 5185 1258 1258 1258 30634 51077 5185 1031050 1258 1258 1258 882325 1258 1258 5185 5185 5185 1258 882325 1258 370 1258 5185 5185 4631105 1258 5185 381925 256330 882325 5185 5185 1263530 58325 5185 1258 1258 381925 1258 1258 5185 51077 5185 1258 5185 1258 1258 1258 95225 1258 5185 1258 1258 1258 381925 1258 5185 1258 1258 381925 1160725 5185 5185 1258 1258 51077 903170 1258 1258 1258 5410 1258 1258 1258 1258 58325 1258 5185 381925 1258 5185 882325 370 1258 5185 1258 5410 1258 1258 1601 835250 14164298 30634 3736394 1258 370 381925 5185 1258 1258 156802 1258 5410 1258 51077 1258 1258 5185 1258 1047370 1258 1258 381925 30634 370 1258 5410 882325 5185 5410 51077 5185 1258 5185 1258 5185 1258 882325 882325 58325 5185 1258 1601 51077 1258 5185 1258 1258 125009674 370 381925 5185 1258 1258 1258 835250 882325 5185 1258 5185 5185 5185 1601 30634 51077 882325 1258 1258 903170 1258 58325 370 5185 5185 1258 5185 1258 14164298 5185 1258 5185 1258 58325 5185 381925 882325 381925 1258 89725 1258 1258 5185 1258 5410 5185 5185 370 1258 95225 5185 381925 95225 5185 95225 1258 5185 1258 5185 14326325 5410 192085 51077 381925 1258 5185 58325 1259557 381925 5410 5185 5410 1258 1258 5410 5185 5185 51077 51077 1258 58325 5185 5185 5185 1601 5185 835250 381925 5410 5185 3492970 51077 882325 1258 5410 835250 381925 1258 1258 
5410 5185 49010 157625 1258 157625 1258 381925 157625 5185 1258 5410 1258 309137 1258 5185 1258 1258 157625 5185 5185 1258 5185 1258 1258 1258 49010 1258 5185 46085 5185 1258 95225 381925 46085 882325 5185 46085 1258 18316565 309137 10 1258 5185 882325 1258 157625 1601 157625 1258 46085 5185 882325 157625 1258 95225 89725 46085 1170325 309137 46085 5410 5185 5185 46085 381925 1258 426890 46085 1258 882325 5185 5185 1258 1258 5185 5185 1258 157625 46085 1258 1258 46085 5185 5185 1258 1258 5185 1258 1258 5185 5185 679730 1258 882325 1258 309137 10 157625 1601 1258 49010 1601 1258 1258 157625 1258 5410 5185 5185 5185 46085 1258 95225 1258 970 1258 882325 882325 5185 5185 89725 157625 1258 1258 5185 5185 5185 1601 1601 1258 381925 1258 679730 1258 1258 157625 381925 1258 49010 5185 5185 5185 5185 5185 1258 157625 1258 1258 5185 1258 1258 5410 157625 5185 882325 46085 49010 5185 46085 1258 5185 157625 1258 882325 381925 5185 10 5185 46085 381925 1258 102154 5185 882325 679730 49010 309137 157625 5410 5185 157625 5185 2032130 95225 1258 5185 5185 835250 5185 309137 46085 5185 10 46085 1258 1069085 49010 1258 1258 5185 1258 5185 835250 882325 46085 882325 157625 5185 46085 46085 1258 1258 157625 5185 46085 5185 381925 882325 1258 157625 5185 5410 157625 1258 381925 1258 882325 1601 46085 5185 1258 10 157625 46085 835250 1258 1258 1601 309137 1258 5410 309137 1258 5185 1601 5185 5185 1258 157625 381925 1258 102154 309137 882325 1170325 5185 3069505 5185 1258 89725 5185 157625 882325 157625 1258 1258 5185 157625 1258 1258 5185 381925 5185 309137 5410 5185 1258 1047370 46085 5185 5185 1258 5185 5185 5185 5185 46085 1258 5185 157625 309137 10 835250 5185 309137 1258 46085 1258 5185 5185 1258 157625 157625 5185 309137 49010 5185 1258 1258 819202 882325 1258 5185 882325 1258 46085 5185 1258 882325 5185 46085 1258 5185 95225 157625 46085 1258 835250 157625 1601 46085 5185 1601 1258 1258 1601 5185 5410 309137 5185 1258 16332850 5185 1258 5185 1170325 882325 157625 1258 1258 5185 1258 5185 10 16386305 1258 49010 835250 1258 35356985 381925 1258 381925 5185 5185 17171717 46085 5185 46085 95225 46085 1258 46085 1258 1258 5185 309137 46085 46085 5185 5185 4401605 1258 49010 1258 1258 1258 157625 1258 381925 381925 1258 1258 1258 5185 381925 1258 4077125 1258 157625 309137 5185 1258 5185 5185 1601 157625 5185 309137 157625 5185 1258 1258 1258 882325 1601 5185 1259557 5185 1258 5185 95225 1258 309137 1258 46085 5185 5185 1258 1258 46085 1258 5185 157625 5185 5185 1258 1258 1258 5185 381925 46085 1258 46085 102154 5185 1258 46085 1601 1258 46085 882325 
5185 1258 5410 5185 1258 5185 835250 5185 5185 1258 5185 239434 882325 157625 5185 1258 5185 5185 5185 36101 46085 95225 1258 95225 5185 5185 1258 4631105 95225 381925 5185 36101 36101 5185 157625 5185 5185 5185 882325 5185 1258 381925 381925 5410 60625970 157625 381925 1601 5185 199714 1170325 239434 1258 1258 5185 202 5185 5185 1170325 5185 157625 882325 157625 5185 36101 5410 36101 1258 5185 239434 1258 36101 882325 381925 1258 1258 5185 157625 1258 1258 5185 5185 1258 5185 5185 157625 5185 1258 46085 157625 239434 1258 5185 95225 5185 882325 1258 1258 1258 882325 882325 36101 1258 381925 381925 23188085 882325 5185 1258 1258 5185 5185 1258 1258 46085 95225 1258 239434 36101 5185 5185 5185 1258 36101 5185 5185 5185 5185 157625 5185 46085 1258 882325 1258 202 5185 970 5185 5185 5410 46085 5185 46085 1258 1258 1258 1258 202 1170325 46085 882325 36101 36101 695185 970 5185 1601 1258 46085 679730 157625 157625 1601 381925 882325 15596425 46085 5185 1258 1258 1258 46085 1258 1258 1258 1258 1258 1601 1258 5185 36101 202 835250 819202 36101 5185 1258 4753729 1258 1258 5185 46085 5410 882325 202 882325 157625 5185 695185 5185 1258 1258 36101 5185 239434 157625 16386305 1258 381925 5185 1258 5185 5185 5185 46085 5185 95225 5185 5185 157625 5185 1258 381925 5185 5185 36101 36101 5410 5185 2657525 1258 36101 46085 381925 157625 5185 1047370 1258 36101 36101 1258 46085 157625 5185 1258 381925 46085 1258 5185 202 5185 1258 1258 5185 426890 1258 1258 202 36101 695185 46085 5185 5185 1258 157625 819202 5185 46085 1258 5185 5185 5185 5185 5185 5185 1601 5185 5008645 882325 157625 882325 239434 5185 36101 381925 1258 426530 1258 157625 5185 5410 5185 239434 1258 36101 1258 1258 1258 819202 970 157625 46085 46085 5185 5185 46085 1258 1258 5185 1258 5185 36101 95225 157625 46085 5185 239434 46085 89725 882325 1258 1601 1258 36101 65650 1601 5185 1258 5185 5185 1258 202 5185 1258 
72901 29045 29045 72901 29045 4369 463114 4369 15317 463114 29045 72901 459850 10405 72901 29045 170 29045 170 29045 72901 29045 29045 29045 72901 10405 10405 10405 29045 3737 10405 29045 72901 104050 29045 29045 29045 29045 29045 29045 29045 29045 29045 29045 72901 29045 29045 4584485 29045 29045 29045 15317 463114 29045 72901 10405 463114 10405 10405 4369 29045 463114 459850 10405 29045 3925 15317 10405 459850 10405 4369 29045 29045 29045 459850 10405 170 463114 10405 10405 170 110245 10405 4369 72901 29045 29045 459850 29045 110245 10405 29045 170 29045 3737 29045 3925 29045 10405 15317 29045 459850 10405 29045 7744010 10405 29045 29045 10405 72901 10405 29045 72901 110245 72901 29045 72901 10405 29045 29045 29045 3536425 459850 10405 29045 10405 10405 29045 10405 29045 10405 72901 10405 10405 29045 29045 29045 10405 4369 29045 110245 29045 29045 463114 72901 29045 10405 10405 72901 10405 10405 72901 463114 463114 273205 29045 104050 10405 4850 29045 72901 10405 10405 10405 29045 29045 29045 29045 10405 29045 72901 10405 10405 176290 10405 3925 29045 72901 4369 110245 734474 29045 29045 10405 72901 29045 72901 10405 10405 10405 459850 10405 10405 3925 4251845 29045 110245 72901 29045 29045 463114 4369 72901 72901 10405 29045 72901 29045 10405 2185625 72901 29045 29045 3925 170 72901 3925 29045 463114 29045 29045 72901 29045 10405 463114 29045 29045 29045 10405 72901 110245 46774514 459850 
1601 1601 29045 1601 1654865 3925 1601 72901 29045 1601 1601 72901 3925 25925 3925 1601 1601 72901 10 8158685 1601 3925 1601 3925 72901 1601 1601 236197 1601 3925 25925 10 3925 1601 1601 1601 272485 72901 3925 72901 272485 1601 3925 3925 1240025 236197 72901 3925 8641625 1601 25925 1179397 72901 72901 272485 1601 3925 1601 1601 29045 72901 3925 1179397 1601 29045 10 3925 1179397 3925 1601 3925 72901 272485 1601 272485 1601 3925 1601 1601 10 272485 370 1601 72901 10 272485 1601 72901 1601 3925 25925 1601 3925 1240025 8641625 25925 1601 3925 3925 29045 1601 1601 1601 3925 25925 3925 3925 3925 272485 72901 3925 10 1601 1601 1601 25925 272485 1601 1601 1601 1601 10 72901 272485 272485 107650 1601 1601 25925 72901 1601 25925 272485 25925 1179397 25925 1601 25925 10 29045 4369 52504517 3925 10 4369 25925 1601 3925 10 3925 72901 1601 1601 72901 1601 1179397 1601 72901 72901 1601 72901 72901 29045 66725 72901 3925 1179397 3925 1601 1601 1601 29045 3925 1601 72901 1601 3925 1601 1601 1601 1601 1601 1601 3925 1601 3925 272485 1179397 1601 1601 1601 3925 1601 3925 1240025 3925 3925 1601 370 3925 272485 3925 3925 10 76834 612170 1179397 72901 29045 1601 3925 1601 1601 3925 72901 10 1279625 3925 3925 339874594 3925 1601 1601 3925 1601 72901 612170 1601 72901 1601 10 1601 
15317 10405 15317 10405 15317 10405 1116050 4369 10405 239434 10405 239434 10405 10405 15317 273205 10405 4369 10405 10405 10370 4369 10405 10405 10405 4369 15317 4369 10405 10405 4369 10405 170 10405 10405 4369 10405 4369 4369 10405 10405 121685 239434 10405 15317 10405 6290 29045 102154 10405 4369 10405 459850 4369 4369 4369 239434 10405 4369 10405 4369 10405 276770 186325 4369 10405 10405 10405 10405 10405 15317 10405 10405 4369 15317 10405 10405 10405 15317 276770 121685 6290 10405 10405 10405 4369 6290 10405 10405 15317 239434 15317 15317 10405 4369 10405 10405 15317 15317 10405 10405 459850 10730 10405 15317 4369 10405 239434 10405 15317 10405 10405 15317 4369 239434 464290 10405 10405 10405 10405 239434 10405 10405 15317 10405 10405 10405 10405 10405 10405 714425 10405 10405 4369 4369 10405 239434 10405 15317 10405 4369 15317 10405 10405 10405 170 6290 10405 4369 10405 10405 239434 10405 10405 239434 10405 4369 10405 4369 10405 10405 6290 10405 239434 10405 102154 10405 10405 10405 10405 6290 10405 10405 15317 15317 15317 10405 15317 10405 4369 10405 29045 15317 10405 10405 29045 239434 10405 10405 10405 10405 10405 4369 10405 10405 10405 4369 10370 15317 15317 4369 15317 29045 4369 10405 10405 10405 4369 10405 15317 15317 239434 121685 4369 15317 10405 4369 15317 10405 120250 10405 10405 8304517 276770 4369 170 15317 29045 15317 10405 10405 4369 273205 10405 10405 10405 6290 10405 10405 10405 6290 141853490 10405 10405 10405 4369 10405 10405 10405 10405 10405 276770 104050 4369 4369 10405 15317 15317 6290 10405 15317 15317 10405 15317 714425 15317 10405 10405 10405 15317 10405 10405 4369 10405 4369 15317 15317 4369 10405 15317 4369 10405 10405 15317 10405 15317 10405 4369 121685 8738 10405 15317 10405 10405 10405 10405 4369 10405 10405 10405 4369 10405 102154 10405 10405 10405 10405 10405 10405 102154 10405 10405 10405 15317 10405 6290 102154 71978 10405 10405 10405 15317 10405 4369 459850 10405 10405 4369 4369 15317 15317 121685 15317 121685 15317 10405 10405 10405 10405 4369 4369 10405 15317 10405 4369 10405 102154 10405 4369 170 4369 239434 459850 10405 4369 10405 10405 15317 4369 276770 29045 10405 10405 10405 29045 10405 459850 4369 10405 10405 10405 6290 276770 10405 4369 15317 4369 15317 4369 464290 10405 15317 10405 10405 4369 10405 15317 4369 15317 714425 10405 10405 29045 8304517 4369 10405 10405 10405 10405 10405 4369 10405 10405 10405 10405 15317 10405 10405 10405 4369 10405 15317 15317 10405 4369 10405 10405 4369 10405 15317 10405 10405 10405 10405 10405 459850 239434 15317 15317 4369 4369 
18685 170 170 170 18685 170 170 170 34 18685 18685 170 18685 170 170 170 170 170 18685 18685 18685 18685 18685 170 18685 18685 170 170 18685 170 170 170 1050905 170 170 170 170 170 34 170 4930 170 18685 18685 18685 34 170 170 170 170 727402 18685 18685 170 170 170 170 170 18685 170 112370 18685 170 18685 18685 170 170 463114 18685 18685 34 18685 18685 170 170 34 206890 170 145802 170 170 18685 18685 249010 170 170 170 170 18685 18685 170 170 170 170 720002 40269125 170 12221570 170 18685 170 18685 1450 18685 18685 34 170 170 34 170 34 170 170 170 170 170 170 170 170 170 18685 1450 18685 18685 18685 170 170 170 18685 34 170 18685 18685 170 18685 170 34 18685 170 170 1018145 170 170 170 170 170 34 170 18685 170 170 170 18685 170 18685 170 18685 170 18685 170 170 18685 170 34 170 170 170 170 170 727402 18685 170 18685 54434 18685 170 170 18685 170 170 170 170 18685 170 170 18685 34 170 170 170 1018145 170 170 170 18685 170 170 170 59170 170 18685 170 170 170 145802 18685 170 170 170 170 170 170 170 170 18685 170 145802 170 18685 18685 170 170 18685 18685 40269125 18685 18685 170 170 18685 170 170 18685 170 170 18685 170 170 727402 170 170 170 170 31248101 170 170 170 18685 170 170 170 18685 34 170 170 170 18685 170 170 170 170 170 18685 170 170 18685 18685 18685 18685 170 170 170 18685 170 170 18685 170 170 170 170 18685 170 170 34 170 170 170 59170 18685 18685 1050905 18685 170 170 170 18685 18685 18685 170 170 18685 18685 18685 170 170 170 18685 18685 170 18685 170 170 170 619910525 170 170 18685 14684225 170 170 170 170 18685 170 170 18685 170 170 18685 170 170 34 170 18685 170 170 170 170 18685 170 18685 170 18685 170 18685 170 170 18685 170 34 170 170 11289601 262450 170 18685 170 170 1050905 170 170 170 170 170 18685 34 170 18685 18685 18685 170 1050905 18685 170 170 170 727402 170 18685 170 112370 18685 170 170 34 18685 34 170 170 170 18685 18685 170 1450 18685 18685 18685 170 18685 170 18685 18685 18685 170 170 170 170 18685 170 170 170 170 170 170 170 170 18685 18685 18685 170 18685 18685 170 170 18685 170 170 170 1018145 170 18685 170 18685 170 170 170 170 170 18685 18685 170 170 18685 170 170 18685 18685 170 170 18685 34 34 18685 34 34 170 170 170 170 18685 31248101 1450 18685 170 18685 170 18685 170 170 170 170 4488010 34 170 118474 18685 170 18685 170 1450 170 18685 18685 170 18685 18685 34 34 170 
85 36101 85 170 19018 13450 18685 19018 19018 13450 85 85 36101 370 13450 370 2657525 3145 465125 13450 13450 13450 19018 85 19018 85 19018 465125 544970 13450 19018 19018 3145 13450 465125 13450 465125 85 19018 13450 36101 19018 18685 465125 36101 170 19018 18685 13450 19018 202 13450 13450 18685 19018 36101 44975125 19018 85 13450 2657525 85 34 85 85 19018 465125 465125 17170 36101 465125 465125 19018 19018 85 85 85 19018 13450 36101 465125 239434 5008645 4460545 36101 19018 36101 18685 19018 85 85 36101 5657525 465125 85 18685 18685 18685 18685 13450 65650 85 36101 85 85 85 85 85 465125 34 85 3849850 370 19018 3145 465125 170 85 1450 85 18685 19018 85 19018 19018 85 85 13450 19018 85 85 85 465125 465125 36101 85 36101 85 85 18685 85 85 18685 13450 85 10585 85 465125 19018 36101 85 19018 85 36101 36101 3145 19018 13525 370 36101 85 13450 85 85 18685 18685 85 36101 465125 18685 13450 13450 36101 465125 85 38253785 239434 18685 465125 85 465125 465125 13450 74 13450 13450 85 13450 85 13450 85 18685 19018 36101 18685 85 13450 19018 18685 36101 13450 36101 19018 85 18685 19018 19018 85 19018 85 9487370 19018 85 19018 85 19018 36101 13450 36101 19018 36101 85 13450 85 85 19018 85 85 4460545 36101 85 19018 13450 85 465125 3145 465125 36101 85 85 85 51850 107164802 85 19018 465125 13450 370 36101 85 36101 36101 85 85 19018 19018 13450 19018 8825 85 36101 18685 19018 19018 19018 18685 85 85 85 36101 465125 19018 13450 18685 465125 85 19018 13450 85 13450 85 85 13450 36101 19014425 19018 36101 18685 18685 13450 18685 19018 19018 19018 85 13450 465125 19018 465125 19018 85 85 19018 19018 13450 85 18685 85 85 18685 19018 19018 85 36101 85 85 13450 19018 13450 19018 19018 36101 13450 465125 85 243370 426530 85 239434 85 3849850 85 85 18685 85 85 465125 85 85 36101 18685 3145 18685 85 85 19018 18685 13450 85 8825 13450 465125 36101 370 19018 18685 85 465125 19018 85 85 34 18685 85 465125 13450 13450 36101 19018 465125 465125 19018 85 19018 465125 19018 85 85 
51077 46085 46085 46085 157625 46085 157625 51077 49010 46085 1258 102154 46085 49010 157625 157625 10 51077 46085 46085 46085 46085 157625 46085 46085 49010 49010 157625 46085 51077 51077 4850 51077 46085 46085 46085 10 2570 46085 46085 309137 46085 49010 46085 51077 46085 2570 1625 800005 46085 51077 3069505 102154 49010 1069085 46085 1069085 51077 51077 46085 46085 46085 46085 157625 46085 46085 309137 49010 49010 51077 46085 49010 51077 51077 800005 46085 46085 1570 46085 157625 46085 51077 51077 46085 51077 46085 46085 46085 51077 51077 46085 46085 51077 51077 46085 46085 49010 46085 1570 46085 46085 46085 51077 102154 46085 46085 157625 49010 46085 46085 46085 46085 46085 49010 31897970 46085 51077 46085 157625 309137 46085 4850 46085 46085 49010 819202 46085 46085 157625 46085 49010 46085 49010 309137 2570 49010 46085 49010 49010 51077 46085 800005 51077 49010 17288965 46085 46085 10 49010 22474 309137 51077 46085 51077 46085 49010 46085 46085 309137 51077 49010 51077 49010 157625 46085 49010 46085 46085 68257930 51077 102154 46085 46085 51077 46085 309137 46085 46085 51077 49010 46085 49010 1258 815813 309137 800005 46085 46085 
74 74 16825 370 74 1258 370 74 2517770 51077 16825 1258 51077 51077 16825 46085 1570 16193809 2570 1570 2425 46085 16825 51077 16825 74 74 2425 4357 4357 16825 74 51077 74 16825 2720017 16825 74 4357 74 1570 46085 16908125 74 4357 2570 1765 1570 4357 74 74 4357 4357 16825 4357 74 4357 1765 4357 51077 4357 1654865 2517770 74 74 16825 4357 16825 188065 74 74 1570 46085 51077 51077 4357 46085 74 46085 4357 16825 4357 46085 1654865 51077 321196837 2425 1765 46085 4357 51077 46085 16825 46085 74 4357 74 1570 51077 74 74 74 74 74 4357 4357 2244005 980101 74 51077 51077 51077 4357 10240490 51077 51077 4357 4357 4357 74 74 16825 4357 74 51077 4357 1570 4357 46085 290 4369 4357 74 16825 51077 
8245 8245 101 202 101 8245 101 8245 8245 101 77450 202 202 8245 202 8245 8245 101 202 74 456977 74 101 8245 74 8245 202 8245 8245 202 8245 202 233356177 456977 8245 101 8245 8245 202 1018145 202 8245 101 101 785 101 101 190450 8245 240101 8245 8245 202 101 101 1332970 8245 202 8245 202 286565 8245 202 202 202 8245 8245 202 8245 74 8245 8245 456977 202 202 202 1450 286565 8245 202 202 202 101 8245 8245 8245 8245 74 202 1295009 8245 202 202 74 240101 101 8245 8245 8245 456977 190450 202 202 202 101 202 202 8245 8245 456977 1450 8245 74 202 74 286565 202 8245 101 8245 101 8245 8245 101 202 101 74 8245 202 202 286565 8245 202 1746485 202 202 101 101 8245 202 8245 202 8245 8245 190450 202 202 8245 101 202 240101 8245 101 202 2672930 202 202 101 202 74 202 8245 202 8245 101 74 101 8245 1450 2672930 202 202 101 8245 456977 12923530 8245 202 8245 77450 202 8245 1018145 240101 202 202 286565 8245 202 202 202 8245 202 202 190450 456977 1450 8245 8245 202 361010 202 202 202 190450 202 190450 202 202 101 8245 202 286565 202 8245 202 8245 202 101 240101 1450 202 8245 456977 8245 202 126085529 202 8245 8245 8245 8245 202 101 202 8245 8245 202 202 202 8245 202 8245 202 202 202 202 190450 202 202 202 202 101 202 202 202 74 101 202 101 202 8245 1244125 202 202 202 8245 202 456977 202 74 74 8245 8245 74 101 101 101 101 8245 202 1450 456977 74 286565 286565 8245 286565 202 202 202 202 8245 202 8245 101 8245 8245 101 8245 456977 8245 202 202 101 202 8245 101 8245 8245 202 8245 74 286565 190450 101 202 202 74 202 101 456977 202 8245 202 8245 8245 190450 2048005 286565 8245 8245 202 2672930 456977 240101 361010 190450 8245 8245 122434 202 785 202 202 202 8245 202 101 202 202 202 785 8245 202 101 202 456977 202 456977 456977 1746485 8245 202 74 8245 74 2672930 101 8245 101 8245 8245 8245 202 202 8245 101 202 8245 202 202 202 74 202 8245 8245 8245 77450 74 202 77450 202 456977 8245 286565 456977 101 101 202 1450 101 101 8245 202 8245 8245 202 101 202 202 202 74 8245 202 101 8245 202 101 8245 8245 101 202 202 1746485 202 101 8245 202 456977 202 202 202 8245 8245 8245 8245 202 202 202 8245 202 456977 202 202 202 101 101 8245 8245 101 74 1450 202 286565 202 101 8245 456977 101 8245 101 456977 202 202 202 8245 2342345 8245 101 202 101 74 77450 101 8245 202 8245 8245 101 101 202 202 1332970 8245 1450 202 202 8245 8245 202 101 202 202 202 190450 8058674 101 101 202 202 202 8245 1018145 202 8245 202 101 202 
239434 34 4369 2679625 34 34 10405 34 34 8005 4369 4369 34 10405 34 34 312505 910010 34 15317 910010 34 34 34 34 4369 312505 34 6290 34 312505 34 10405 34 4369 34 3414002 34 1174898 34 34 34 15317 6290 34 34 34 239434 8005 186325 34 10405 4369 34 316850 15317 8005 34 34 34 4369 312505 34 4369 34 33190417 15317 34 15317 4369 34 15317 34 34 4369 34 260047877 34 8005 34 71978 15317 312505 34 10405 4369 34 4369 34 34 4369 8005 10405 6290 34 34 4369 34 4369 34 729625 103970 34 10405 4369 34 3031865 34 10405 6290 10405 34 8005 239434 312505 34 4369 34 6290 34 2679625 4369 34 312505 10405 34 312505 312505 34 4369 8005 34 34 34 4369 4369 10405 34 4369 34 239434 34 34 34 10405 10405 15317 10405 34 34 6290 312505 34 6290 15317 8005 6290 4369 10405 34 10405 6290 312505 8005 34 34 34 34 15317 34 4369 4369 8005 10405 34 34 34 34 34 312505 186325 15317 34 3414002 34 34 34 312505 34 15317 276770 34 10405 239434 653050 970 34 6290 4369 10405 34 15317 239434 464290 6290 15317 34 34 34 34 6290 2679625 18218050 8005 34 34 34 34 34 34 3031865 34 34 34 276770 312505 34 34 34 10405 34 34 34 83146474 312505 34 3031865 4369 4369 34 10405 1089010 15317 4369 34 34 34 15317 34 10405 464290 312505 1512901 186325 15317 34 34 239434 3031865 34 312505 312505 34 34 34 8005 239434 34 10405 4369 34 3414002 34 8005 4369 34 34 34 34 15317 6290 34 34 15317 4369 10405 239434 34 4369 312505 6290 34 6290 34 4369 6290 6290 34 103970 6290 37370 4369 34 15317 34 4369 34 15317 6290 970 34 239434 34 4369 312505 10405 4369 10405 6290 103970 10 312505 10405 4369 6290 15317 276770 6290 34 4369 34 34 6290 103970 34 34 312505 8005 34 2679625 464290 34 34 34 10405 4369 34 34 10405 4369 103970 10405 15317 4369 34 34 10405 34 8005 34 15317 8005 34 239434 34 34 34 239434 34 71978 34 6290 276770 34 34 34 34 34 312505 2679625 10405 4369 34 6290 34 15317 15317 34 34 10405 10405 15317 239434 4369 34 15317 10405 34 34 312505 34 239434 3031865 34 34 34 34 34 34 6290 4369 4369 34 34 34 34 276770 186325 34 10405 34 10405 312505 34 312505 34 4369 15317 8005 34 34 312505 6290 34 6290 276770 6290 10405 34 10405 34 6290 4369 6290 29290 8005 6290 464290 15317 8005 312505 4369 6290 10405 103970 34 4369 34 7512650 15317 6290 34 3031865 34 34 34 34 6290 34 34 34 10405 34 34 15317 312505 103970 239434 4369 15317 3031865 2679625 34 6290 653050 34 239434 34 43810 8005 34 15317 4369 239434 34 34 4369 10405 34 312505 34 34 6290 10405 34 34 2490914 10405 34 1512901 34 10405 34 34 34 34 6290 34 8163434 239434 4369 34 239434 34 15317 239434 34 3031865 34 6290 34 34 34 34 15317 729625 2490914 34 34 34 186325 34 34 4369 34 37970245 34 4369 34 34 15317 8005 2679625 10405 10405 34 34 15317 34 10405 2036290 34 1089010 4369 15317 2679625 16773634 34 1089010 10405 10405 34 10405 4369 4369 312505 4369 3414002 34 
3737 3737 3737 6290 1717 136085 3737 3737 3737 3737 24050 3737 136085 136085 40841378 3737 1258 1717 10405 7968034 1717 1258 41225 1258 1258 1258 1258 3737 3737 468469 136085 1258 3737 1258 2594 10405 1258 6290 136085 3737 3737 3737 136085 77450 3737 1717 2113145 3737 1258 3737 1258 3737 24050 136085 1258 1258 3737 1258 3737 2594 136085 3737 3737 1717 1258 1258 2594 3737 3737 1717 10405 136085 3737 6290 3737 1258 3737 3737 1258 1258 1258 1717 3737 3737 3737 3737 1717 3737 136085 3323690 1258 3737 1717 1258 3737 3737 1717 3737 3737 1717 1258 3737 3737 1258 27766154 3737 1272385 1258 1258 2594 10405 1258 3737 1258 1717 2594 1717 1717 3737 2594 3737 3737 3737 1258 6290 1983050 3737 1258 3737 136085 3737 1258 3737 136085 3737 24050 3737 3737 2594 1258 1258 2594 1258 136085 3737 1258 6290 3737 3323690 3737 136085 3737 3737 6290 3737 195365 3737 136085 3737 136085 3737 3737 1717 3737 2594 1717 136085 220505 1258 1258 1717 3737 3737 1717 1258 3737 1717 3737 2594 1717 1258 2594 1258 3737 666185 3737 3737 2594 2594 2113145 3737 3737 2594 2594 3737 1258 3737 1717 2594 1258 1240025 1717 3737 3737 2594 1258 24050 1717 2594 3737 1258 3737 10405 1258 1258 2594 3737 1258 136085 3737 3737 136085 2594 136085 195365 77450 1272385 10405 3737 3737 3737 1258 434314 3737 3737 1258 3737 1258 77450 2594 3737 6290 3737 10405 10405 3737 1258 3737 1258 3737 1717 3737 1717 1272385 1258 1258 3737 3737 10405 195365 1717 3737 1717 3737 3737 6290 3737 1717 3737 136085 1258 1258 55114 1717 3737 1258 1272385 1258 3737 3737 3737 3737 3737 1258 3737 136085 3737 3737 3737 7850785 3737 1258 3737 3737 3737 1258 136085 3737 1258 2517770 1258 1258 3737 10405 77450 136085 3737 1717 3737 2594 1258 1717 1258 2594 3737 7850785 3737 3737 3737 3737 10405 1258 2594 7850785 3737 1258 3737 3737 1258 1258 1258 3737 1258 3737 3737 2594 136085 3737 3737 3737 136085 3737 3737 3737 1258 2737802 686450 3737 3737 3737 10405 3737 434314 220505 6290 1717 1258 1258 3737 1717 3737 1258 3737 55114 3737 1258 2594 3737 1258 136085 1717 1717 1935025 3737 1717 3737 666185 3737 3737 1717 3737 3737 1717 136085 136085 2594 3737 3737 3737 3737 3737 1258 10405 3737 2594 3737 7850785 3737 1258 6290 1272385 3737 1258 3737 3737 10405 1258 41225 220505 3737 3737 3737 1258 3737 3737 3737 3737 3737 1258 3737 3737 2594 3737 136085 1258 1258 2594 3737 3737 456025 1717 195365 1258 1258 3737 1258 3737 1258 136085 136085 6290 1258 3737 10405 107650 3737 3737 3737 3737 3737 6290 2594 2594 1258 49010 3737 
170 170 170 170 61217 170 170 170 170 170 170 170 170 170 170 170 170 59170 170 18685 170 170 170 1018145 18685 170 170 170 170 170 170 170 170 170 170 1050905 122434 170 170 170 170 170 170 170 18685 170 170 170 170 170 18685 170 170 18685 170 18685 170 170 18685 170 170 170 170 170 170 170 170 170 170 1450 170 170 170 170 112370 170 61217 170 18685 170 170 170 170 170 727402 170 170 170 249010 1050905 1450 170 170 170 18685 170 170 170 170 170 170 170 34 1050905 170 170 170 170 170 170 170 170 170 170 170 40269125 170 170 61505617 170 170 40269125 170 40269125 18685 170 170 170 1050905 18685 170 170 170 170 170 170 170 170 170 18685 170 170 170 170 170 170 18685 170 170 170 170 170 170 170 170 18685 170 1018145 170 170 170 170 1450 170 170 170 170 170 170 170 1812445 170 4654585 170 170 170 170 170 170 170 170 170 34 170 170 170 170 170 170 170 170 170 170 170 170 170 170 18685 2635385 18685 170 112370 34 4654585 18685 170 170 170 112370 170 170 170 170 170 170 170 170 170 18685 170 170 170 170 170 170 170 727402 5640209 170 170 34 170 1050905 170 170 112370 170 122434 170 170 43690 170 1450 18685 170 170 170 18685 170 727402 170 170 59170 170 112370 170 170 170 170 170 170 170 170 206890 170 170 170 1632025 170 170 170 18685 170 170 170 170 1050905 170 170 170 170 170 18685 170 170 170 170 170 170 170 170 170 170 170 170 1450 170 170 727402 170 170 170 170 170 170 170 170 170 40269125 1812445 170 170 170 170 170 170 1632025 170 170 170 170 170 170 170 170 
202 505 136085 240101 3737 202 1717 686450 2594 1717 1717 1717 136085 806045 1717 1717 136085 1717 2594 22858489 158773829 1717 1717 1717 1717 136085 136085 1717 940325 1717 1717 3737 1717 1717 2325625 1717 1717 202 202 2594 2594 5270770 3737 240101 1717 505 202 1717 2594 1717 202 136085 1717 202 1717 1717 1717 1717 136085 3737 202 1717 434314 505 202 1717 1717 202 1717 1717 1717 202 63370 1717 1240025 3737 202 3736394 202 1717 1717 202 3737 55114 1717 202 2594 202 202 136085 1717 136085 1717 505 1717 3737 1717 3737 136085 1717 202 3737 1717 202 505 1717 3737 3737 3737 1717 136085 202 202 1717 136085 1717 1717 3737 3737 202 1717 202 202 2594 1717 505 1717 202 136085 940325 1717 3168085 1717 202 202 2594 2594 202 1717 202 202 136085 202 1717 202 63370 3737 1717 1717 202 1717 3737 1717 1717 1717 63370 1717 1717 1717 1717 202 1717 202 3737 202 505 202 136085 202 3737 136085 220505 36079625 1717 136085 202 3737 3737 1717 3737 2594 1717 3737 3737 202 1717 1717 202 202 202 1717 1717 136085 2594 136085 1717 63370 1717 202 3737 3737 202 1717 1717 1717 202 49010 136085 2594 136085 136085 77450 1717 2594 202 60010 202 3737 1717 202 1717 3737 202 1717 202 2594 202 136085 1717 202 686450 202 505 202 202 1717 1717 1717 5902450 1717 3737 940325 136085 1717 1717 1717 1717 2594 2594 1717 240101 1240025 202 3737 505 1717 1717 3737 1717 1717 77450 1717 1717 1935025 202 3737 3737 1717 3737 1717 3737 202 3737 202 136085 55114 2594 202 1717 2594 1717 202 202 2594 3737 202 3737 1717 3737 202 386657749 55114 2594 1717 3737 1717 3737 3737 202 202 3737 202 3737 505 505 202 202 1717 1717 1717 1717 202 1747250 940325 55114 1717 202 3737 3737 1717 136085 202 1717 202 1717 63370 3737 2594 202 1717 3737 3737 1717 1717 3737 1717 1717 1717 
202 202 101 456977 202 202 456977 8245 202 202 361010 55114 101 101 8245 8245 286565 1717 8245 202 202 202 202 202 8245 8245 202 202 505 8245 505 202 77450 8245 202 202 202 202 8245 202 202 202 202 202 361010 8245 101 8245 101 8245 1717 8245 77450 202 101 1717 505 202 202 202 1717 12923530 202 202 202 8245 202 101 202 8245 505 202 77450 1717 8245 101 202 202 5270770 286565 202 202 101 202 77450 101 202 202 202 101 202 1332970 202 505 8245 202 286565 101 8245 202 456977 5221450 361010 202 202 202 202 202 202 202 202 505 1717 8245 202 8245 202 1717 202 77450 202 74 202 1717 8245 101 202 202 1717 202 101 8245 202 202 202 202 202 101 77450 1717 202 202 74 1717 8245 202 202 8245 202 202 74 1717 101 8245 202 686450 202 202 101 101 1332970 202 202 202 8245 202 286565 8245 1717 1746485 202 202 202 202 202 101 101 202 101 202 202 202 202 202 286565 202 202 202 286565 77450 505 286565 505 286565 8245 202 202 286565 202 202 361010 8245 202 101 202 101 202 8245 8245 202 202 202 202 202 202 202 202 456977 202 202 202 101 202 8245 202 12923530 8245 202 202 8245 202 202 202 202 101 202 202 202 202 202 
202 202 202 8245 1717 202 202 202 202 8245 202 202 286565 8245 202 202 1717 1717 202 202 202 1717 77450 286565 74 202 202 202 202 1717 1332970 202 202 202 202 202 8245 49010 505 202 240101 202 202 202 202 1717 8245 1717 202 202 1717 1332970 434314 1717 202 202 202 434314 1717 202 14214290 240101 1717 8245 202 202 202 8245 202 14214290 202 1717 8245 3838498 202 202 1717 1717 505 1717 202 202 202 1717 1717 8245 8245 1717 8245 3838498 434314 202 1717 202 202 202 202 240101 202 202 202 8245 202 286565 202 202 1717 1717 63370 202 1717 202 1717 8245 202 1717 202 202 505 202 202 202 202 1717 202 202 202 202 1717 202 202 1717 202 8245 1717 1717 202 8245 202 202 8245 202 202 286565 77450 202 8245 63370 202 505 50181125 202 202 202 1717 1717 202 202 240101 361010 1717 1717 202 202 1717 505 1450 202 1717 202 1717 202 202 202 1717 202 1717 505 202 1717 202 202 1717 8245 63370 50181125 8245 1717 202 1717 505 202 202 8245 1717 202 202 1717 1717 202 202 8245 8245 77450 202 8245 202 8245 505 505 202 1717 202 1717 1717 55114 8245 15152525 8245 202 1717 505 1717 202 202 8245 202 202 202 202 1717 8245 1717 202 1717 1717 202 202 202 1717 505 202 1717 202 1717 1717 1717 202 77450 202 202 1717 202 1717 202 202 202 1717 202 202 1717 202 1717 1717 202 505 505 202 202 202 202 1717 1717 74 8245 940325 202 8245 1717 202 8245 505 1717 202 8245 202 1717 505 1717 1717 286565 202 202 202 202 1717 202 202 77450 202 202 8245 1717 8245 1717 77450 1717 202 8245 202 8245 202 1717 63370 202 202 202 1332970 202 202 202 202 55114 1717 202 1717 202 1717 202 202 1717 1717 202 202 1717 1717 1717 202 286565 202 202 202 202 55114 1717 1717 1717 1717 8245 202 286565 240101 202 202 202 202 8245 202 202 1717 55114 1717 8245 202 1717 202 202 1717 505 202 202 1717 1717 202 202 202 8245 1717 286565 1717 505 686450 202 202 202 1717 202 202 1717 8245 202 1717 1717 202 156658 361010 202 1717 1332970 1717 1717 505 1717 1717 1717 202 202 202 202 1717 202 1717 202 286565 202 202 1717 12923530 202 1717 202 1717 286565 505 202 202 202 202 1717 1717 202 1717 1332970 1717 505 202 202 202 202 202 286565 1717 202 1717 1332970 202 286565 202 1717 286565 1717 202 505 1717 1717 202 1717 202 202 2072650 1717 505 77450 1717 1717 8245 202 1717 202 202 202 8245 1717 202 202 202 1717 1717 202 1717 202 202 505 49010 505 1332970 202 202 1717 940325 2506325 8245 202 1717 1717 202 202 12923530 8245 202 1717 505 1717 286565 55114 202 361010 202 202 202 202 1717 202 1717 8245 202 202 202 8245 1717 8245 505 1717 202 240101 1717 1717 505 686450 940325 2178005 202 202 202 202 
1717 1717 9802 202 9802 89725 202 9168970 202 1717 17 1717 17 9802 1717 1717 1383850 1717 202 48674 17 1717 9802 1717 202 202 17 202 12325 9802 17 1717 1717 202 202 9802 17 17 1717 202 9802 1717 202 1717 1717 12325 1717 202 202 1717 17 1717 17 17 10 202 1717 720002 1717 17 17 17 1717 17 12325 1717 1717 115202 202 202 1717 1717 202 17 202 9802 17 17 1717 505 1717 17 10 1717 1717 17 720002 17 202 17 9802 1717 202 1717 17 89725 1133458 10 720002 1717 1717 17 202 1717 17 1717 1717 202 17 9802 202 9802 1717 202 17 10 1717 17 17 1717 202 2106385 54641665 17 17 1717 202 202 1717 10 940325 17 1717 17 10 202 7474 43690 12325 1717 1717 9802 17 1717 17 1717 89725 17 3380002 17 1717 1717 89725 720002 9802 17 9802 1717 17 17 43658050 17 1717 1717 12325 17 1717 202 720002 1717 17 17 1717 9802 17 17 1717 9802 17 17 2106385 1717 17 1717 17 434314 17 1717 1717 9802 9802 10 9802 89725 1717 202 1717 1717 17 202 12325 9802 1717 1717 12325 17 1717 7474 9802 9329785 17 1717 9802 89725 17 10 1717 17 1717 10 17 17 1717 1717 202 43690 1717 17 202 884425 884425 89725 202 17 12325 10 89725 1717 9802 1717 17 1717 720002 1717 1717 884425 17 12325 202 1717 1717 202 1717 17 1717 1717 1717 9562517 10 1717 12325 202 9802 1717 1717 2106385 17 261994 1717 1717 103433525 17 202 17 7474 720002 9802 1717 1717 17 10 1717 9802 202 1717 1717 202 1717 17 884425 17 1717 1717 17 9802 720002 202 202 1717 12325 1717 202 9802 1717 9802 202 17 9802 9802 1717 1717 89725 17 1717 9802 1717 1717 17 1717 12325 1717 1717 17 17 9802 9802 1717 1717 1717 17 1717 1717 202 17 17 89725 202 1717 9802 653225 1717 1717 720002 17 17 13686914 1717 1717 1717 1717 115202 7474 1717 1717 1717 1717 17 1717 10 1717 17 1717 17 1717 30425 89725 1717 1717 1717 17 17 1717 720002 10 17 1717 17 17 1717 202 1717 1717 202 10 1717 17 1717 9802 12325 9802 9802 17 17 202 202 17 1717 1717 17 1717 9802 1717 1717 1717 202 1717 1717 17 17 202 1717 10 1717 9802 17 3597217 12325 1717 9802 17 9802 1717 18434594 1717 202 202 17 12325 9802 1717 202 202 1717 12325 17 9562517 10 1717 1717 1717 1717 1717 17 1717 1717 17 202 1717 9802 9802 1717 17 83670050 202 202 9802 10 1717 9802 1717 17 17 1717 1717 1717 1717 17 9802 1717 17 17 1717 1717 1717 202 17 1717 17 1717 1717 1717 720002 202 17 202 17 1717 295496101 17 1717 1717 1717 1717 202 1717 1717 1717 89725 1717 9802 12325 12325 9802 17 1717 9802 43690 9802 720002 1717 9802 1133458 48674 10 1717 202 10 12325 1717 1717 17 1717 1717 17 10 1717 17 1717 202 940325 89725 17 1717 2106385 261994 1717 9802 17 9802 1717 17 17 10 1717 17 884425 1717 720002 1717 1717 1717 1717 1717 12325 202 17 12325 1717 1717 89725 17 10 1717 12325 170615845 1717 17 1717 884425 89725 1717 1717 10 17 202 17 1717 10 1717 1717 1717 1717 17 1717 1717 720002 1717 
51077 51077 51077 46085 22474 1570 51077 46085 51077 1258 51077 157625 46085 46085 157625 46085 1570 51077 51077 46085 46085 51077 51077 15693002 1258 46085 51077 1258 51077 46085 46085 157625 46085 2570 1258 46085 903170 1570 51077 51077 309137 1258 46085 46085 1717 1258 51077 46085 51077 29184802 1258 46085 149817601 1570 51077 51077 51077 46085 51077 46085 46085 1570 46085 51077 51077 51077 157625 1010 1258 51077 903170 46085 1570 1258 309137 51077 51077 51077 1258 157625 46085 51077 1258 46085 46085 51077 46085 51077 51077 46085 46085 46085 309137 51077 102154 51077 51077 46085 51077 46085 51077 1258 46085 51077 157625 46085 46085 51077 1010 1258 1258 1010 46085 51077 46085 51077 40752490 1258 46085 51077 1717 46085 1570 51077 51077 51077 46085 51077 1570 1258 309137 51077 51077 46085 51077 2570 1717 819202 51077 46085 51077 1258 102154 51077 51077 51077 1258 1570 46085 51077 51077 51077 51077 51077 1717 1717 1258 51077 51077 46085 46085 51077 51077 157625 51077 1570 970 51077 51077 51077 51077 1010 51077 46085 46085 51077 51077 51077 4401605 1570 157625 1717 46085 2570 51077 46085 46085 46085 51077 46085 46085 1258 1717 309137 157625 51077 46085 186267905 1258 1570 239434 51077 51077 573130 46085 46085 1258 1717 
9802 48674 17 17 17 17 1717 1002530 6492725 17 12325 9802 17 12325 9802 12325 17 17 1717 1717 9802 12325 17 9802 17 17 1002530 12325 1717 1717 89725 9802 323402 1717 17 89725 1002530 12325 1717 9802 17 17 1717 89725 1717 12325 17 1889849 26061925 12325 9802 12325 89725 12325 9802 17 17 9802 323402 17 12659365 9802 17 9802 9802 12325 1889849 12325 9802 1133458 17 12325 17 1717 1717 17 9802 9802 12325 323402 12325 17 17 1717 1717 1717 1717 1717 170530 17 9802 17 17 17 12325 9802 12325 17 17 17 17 10 17 12325 1717 17 161209 9802 17 1717 17 1717 1717 161209 17 17 12325 10 12325 1717 1717 17 12325 1717 9802 17 161209 1717 12325 1717 89725 1002530 17 17 17 12325 12325 1717 1002530 9802 12325 17 9802 1717 111548125 12325 1002530 1002530 12325 12325 1002530 9802 17 17 1717 9802 9802 9802 1717 17 12325 1717 1472330 9802 12325 1717 9802 884425 17 89725 12325 1717 1002530 1002530 10 10 56070145 10 1717 12325 17 1717 1889849 17 9802 17 17 1889849 323402 17 17 17 17 1002530 1717 161209 17 1002530 10 1717 1717 1717 89725 17 1717 12325 17 89725 323402 323402 9802 1717 17 1717 89725 12325 48674 12325 17 12325 17 1889849 1717 12325 9802 9802 1717 17 10 17 12325 17 17 17 12325 1717 9802 10 1002530 17 12325 17 1002530 1717 1717 89725 6492725 884425 48674 12325 9802 17 9802 17 884425 12325 9802 17 1717 17 17 17 1717 17 17 12325 17 1717 1889849 7474 17 1717 17 884425 1717 10 10 12325 1717 9802 1717 10 7474 17 1717 1717 12325 1002530 1717 12325 7474 9802 17 9802 12325 1717 1717 10 12325 323402 9802 1717 17 1717 9802 1133458 12325 884425 2106385 17 1717 17 17 1717 9802 1717 1002530 12325 9802 1717 324010 12325 17 17 17 17 1717 865930 10 1717 12325 
1258 1258 49010 1258 654985 49010 49010 49010 4850 49010 49010 1258 800005 468469 49010 49010 1258 46085 3737 3737 49010 46085 49010 49010 1258 1258 3737 1802 49010 1258 46085 1258 1258 1258 24050 24050 3737 3737 1258 1258 3737 1258 4850 49010 1258 46085 49010 49010 1258 49010 24050 1258 46085 1258 3737 1258 49010 1258 7527530 46085 46085 46085 49010 195365 49010 1258 49010 24050 49010 24050 1258 49010 49010 1258 49010 3737 46085 49010 24050 49010 46085 49010 3737 49010 10 49010 49010 49010 49010 77450 49010 1258 1258 3737 1258 49010 49010 49010 35731625 1258 1258 49010 49010 49010 46085 1258 1258 49010 49010 1258 49010 49010 1258 3737 49010 3737 1258 55114 49010 1258 24050 1258 49010 49010 1258 1258 1258 1258 4850 49010 1258 46085 1258 8908402 46085 49010 1258 1258 1258 49010 24050 1258 3737 4850 49010 49010 1258 24050 49010 74 1258 49010 24050 49010 4850 3737 8908402 49010 49010 24050 49010 10 49010 49010 1258 49010 49010 49010 4850 3323690 49010 46085 49010 49010 49010 46085 3737 46085 49010 1258 1258 49010 46085 1258 46085 46085 49010 3737 1258 49010 49010 24050 49010 49010 49010 4850 3197105 1258 49010 55250 49010 49010 49010 4850 3737 4850 1258 3737 468469 873970 1258 49010 4850 46085 1258 55114 49010 49010 2284850 49010 49010 4850 800005 55114 1258 1258 24050 49010 1258 319615249 3737 1258 49010 3737 49010 49010 49010 1802 49010 4850 55114 49010 1258 49010 46085 1258 49010 49010 49010 1258 1258 3737 24050 1258 1258 1258 49010 4850 24050 4850 49010 49010 49010 49010 46085 1802 1258 1258 55114 1258 1258 46085 4850 49010 49010 49010 1258 46085 49010 49010 49010 1258 49010 49010 1258 1258 1258 1258 49010 1258 49010 1258 49010 49010 1258 24050 1258 49010 1258 49010 1258 46085 3737 49010 49010 49010 49010 49010 49010 1258 7907125 49010 1258 24050 10585 24050 49010 49010 49010 49010 49010 49010 7527530 49010 49010 1258 24050 24050 1258 49010 1258 46085 1258 46085 1258 24050 1258 49010 49010 1258 1258 49010 49010 49010 4850 49010 24050 49010 49010 1258 24050 2113145 46085 1258 1258 1258 1258 49010 46085 49010 49010 49010 49010 46085 49010 49010 1258 3197105 1258 572050 49010 3737 49010 49010 49010 1258 3737 1258 49010 49010 46085 1258 46085 49010 
51077 58325 1258 1258 5185 1258 51077 1258 5185 5185 1258 5185 1258 1010 51077 179945 58325 51077 1258 5185 5185 1258 1258 1258 1258 1258 1258 51077 5185 5410 5185 1258 1258 5410 1258 5185 1258 51077 882325 5185 1258 5185 1258 1010 5185 1258 20072450 1258 5185 1258 381925 1258 381925 51077 1258 1258 1258 1258 5185 51077 1258 1258 1258 1258 5185 46085 5185 1258 1258 5185 1258 1258 1258 51077 51077 51077 1258 1258 1258 51077 58325 381925 1258 5185 1258 1258 5185 5185 5185 51077 1258 1258 58325 58325 46085 51077 1258 1258 51077 58325 1258 5410 30634 1258 1258 51077 5185 58325 185 5185 51077 95225 1258 186267905 1258 51077 46085 835250 51077 185 381925 1258 1258 1258 1258 95225 5185 5185 1258 1258 370 1258 1258 1258 5410 1258 1258 381925 5185 381925 51077 30634 51077 1258 1258 2917265 58325 51077 1258 58325 1258 1258 5185 30634 5185 5185 51077 882325 381925 1258 1010 5410 5185 1258 1258 51077 381925 882325 51077 1258 370 5185 5185 1258 51077 5185 5185 882325 51077 1258 1258 370 5410 1258 1258 381925 1258 882325 5185 1258 5410 1258 1258 1258 1258 1258 1258 5185 370 51077 1010 1258 95225 1258 381925 1258 1258 5185 51077 46085 1258 1258 1258 2917265 5185 882325 1258 1258 51077 5185 1258 5185 1258 58325 5185 1258 58325 1258 1258 51077 58325 1258 58325 5185 46085 5185 51077 1258 1258 58325 5185 185 1258 86044177 51077 46085 5185 5410 46085 5185 903170 20644885 51077 1258 370 46085 381925 5185 835250 46085 46085 1258 46085 51077 835250 51077 1258 882325 1258 1258 1258 51077 1258 1258 1258 1258 5185 1258 882325 1258 1258 46085 1258 381925 46085 51077 1258 1258 1258 1258 1259557 58325 903170 1258 1258 381925 58325 882325 5185 1258 1258 370 51077 46085 5185 1258 1170325 1258 58325 5185 51077 1258 46085 51077 51077 882325 1258 5185 5185 1258 1258 1170325 1258 1258 46085 1258 5410 5185 1258 95225 1258 46085 5410 1258 51077 46085 1258 4077125 
1258 5185 1258 58325 1258 1258 15317 1258 46085 1258 1258 102154 882325 1258 1258 1258 1258 1258 1258 882325 46085 5410 4369 1258 1258 882325 1258 1258 5185 185 5185 15317 381925 1258 15317 5185 714425 1258 1258 1258 1258 5185 15317 1258 1258 5185 1258 5185 1258 1258 4369 121685 882325 15317 1258 121685 15317 1258 1258 15317 1258 5410 1258 1258 370 1258 714425 1258 5185 381925 1258 1258 5185 1258 15317 5410 1258 4369 1258 5410 4369 1258 5185 381925 1258 15317 1258 46085 1258 381925 4177189 71978 5410 46085 5185 4369 1258 5185 1258 1258 4369 1743625 15317 1258 51077 1258 5185 1258 5185 1258 5185 1258 5185 1258 1258 1258 104050 15317 1258 15317 7911229 185 1258 15317 4369 15317 1258 4369 46085 1258 1258 5185 15317 1258 1258 1258 1258 1258 15317 1258 104050 381925 46085 1258 381925 1258 1258 1258 1258 381925 1258 1258 276770 5185 1258 4369 169010 1258 4369 381925 1258 1258 5185 1170325 1258 5185 1258 95225 5410 882325 95225 1258 381925 5185 1258 882325 185 1258 5185 5185 1258 5185 5185 1258 15317 121685 1258 29215370 5185 1258 5185 882325 714425 1258 5185 15317 1258 1258 1258 1258 4369 15317 46085 5185 15317 102154 1258 4369 4369 1258 1258 15317 5410 1258 1258 1258 15317 1258 381925 1258 1170325 1258 4369 95225 1258 15317 5410 1258 1258 1258 1258 102154 1258 5185 1258 5410 381925 882325 15317 1258 1258 5185 1258 1258 1258 1258 1258 1258 1258 15317 5185 1258 46085 5410 173068585 15317 1258 15317 4369 882325 15317 15317 5185 1258 8908402 1258 5185 4369 46085 5185 1258 1258 1258 5185 102154 46085 185 1258 1258 1170325 381925 15317 1258 8738 1258 381925 102154 15317 1258 1258 714425 1258 15317 276770 5410 381925 4369 95225 4369 5185 1258 4369 381925 5185 1258 1258 4369 121685 46085 5185 1258 102154 370 1258 1258 5410 1258 5185 1258 15317 882325 882325 1258 5410 15317 1258 46085 1258 1258 102154 882325 15317 1258 4369 4369 5185 464290 5185 15317 46085 4369 1258 1258 1258 1258 882325 5185 1258 882325 1258 1258 1258 1258 1258 5185 5185 95225 714425 1258 1258 15317 15317 1258 1258 1258 15317 381925 1258 102154 1258 882325 1258 46085 1258 5185 1258 1258 4369 1258 1258 1258 15317 95225 104050 5185 1258 46085 15317 5410 102154 1258 15317 5185 15317 1258 4369 5185 1258 1258 1258 1258 4369 1258 1258 5185 5185 5185 1258 5185 1258 51077 5185 882325 1258 1258 
1258 5410 5185 1258 1258 1258 185 5185 5185 1258 5185 89725 882325 5185 5185 1258 1258 5185 1258 5185 381925 835250 5185 1258 46085 1258 95225 5185 1258 5185 381925 5410 95225 58325 381925 5185 1258 1258 30634 1258 5185 46085 381925 2917265 1170325 5185 5185 882325 381925 30634 3736394 1258 1258 381925 5185 1258 5185 5410 1258 5185 89725 5185 5185 1258 1258 1258 95225 5185 381925 5185 381925 5185 2917265 1258 5185 1258 163537525 5185 5185 46085 5185 5185 1258 5185 1258 1258 5185 1258 5185 5185 5185 95225 882325 5185 5185 5185 5185 30634 1258 58325 5185 5185 5185 1258 1258 5185 5185 5185 5185 58325 5185 1258 1258 835250 5185 381925 1258 49010 5185 1258 58325 95225 381925 1258 381925 1258 5410 46085 1258 5185 8728810 5185 381925 5185 5185 5185 5185 5185 381925 381925 5185 1258 5185 5185 382058 1258 1258 381925 1258 5410 1258 166685 1258 381925 1258 5185 1258 835250 381925 5185 95225 5185 1258 5185 381925 1258 5410 5185 1258 1258 1258 5185 199714 46085 1258 95225 5185 5185 1258 1258 5185 46085 1258 5410 882325 5185 1258 1258 882325 381925 95225 1258 1258 5185 5185 5410 5185 5185 5185 5185 1258 5185 30634 328250 1258 5185 882325 5185 882325 58325 1258 5185 1258 5410 46085 1258 5185 5185 5185 882325 95225 1258 1258 5185 5185 882325 46085 1258 1258 882325 46085 5185 1258 1258 1258 882325 5410 5185 835250 5185 1258 95225 5185 5185 5410 46085 1258 5185 58325 5410 5185 1258 835250 5410 1258 1258 5185 1258 46085 5185 5185 1258 1258 95225 1258 1258 46085 5185 5185 5185 1258 46085 1258 1258 2917265 1258 58325 5185 5185 5185 5185 5185 1258 5185 1258 381925 5185 5185 1258 5185 1258 1258 1258 5185 5185 5185 882325 5185 23188085 381925 1258 381925 1258 5185 5185 1258 5185 1258 5185 5185 46085 1258 5185 5185 5185 5185 5185 1258 1258 1258 5185 30634 1258 5185 5185 882325 5185 1258 1258 5867090 1258 5185 381925 5185 5185 1258 1258 5185 1258 5185 46085 882325 95225 381925 5185 46085 3889625 381925 30634 1258 1258 5185 5185 381925 5185 1258 5185 5185 882325 5185 1258 5185 1258 5185 381925 1258 1258 882325 1258 1258 5410 1258 5185 5410 5410 35680025 5185 46085 5410 381925 95225 1258 5410 5185 5185 1170325 58325 8728810 1258 1258 381925 1258 1258 381925 1258 58325 46085 1258 5185 95225 1258 5185 1258 835250 5185 5185 1258 5185 95225 5410 5185 58325 2917265 58325 95225 95225 1258 5410 5185 1258 5185 30634 1258 1258 5185 5185 5185 1258 5185 1258 1258 5185 5185 5185 1258 5185 95225 5185 5185 1258 5185 5185 5185 5410 1258 882325 882325 2017450 1258 5185 5185 1258 5185 5185 5185 381925 835250 1258 5185 1258 2337194 1258 5410 5185 1258 381925 5185 5185 5185 5185 46085 1258 5185 408850 5185 5185 5185 1258 5185 5185 58325 1258 381925 46085 5185 381925 1258 1258 1258 5185 1258 381925 1258 5185 14326325 5185 1258 5185 1258 5185 5185 1258 381925 1258 89725 5185 381925 5185 58325 5185 95225 5410 30634 
46085 51077 46085 102154 110245 51077 1010 10 309137 2570 46085 46085 157625 51077 51077 46085 46085 51077 51077 51077 1258 46085 1570 51077 46085 51077 51077 46085 46085 1570 51077 51077 1570 46085 17288965 60810425 157625 46085 1010 46085 46085 49010 309137 970 51077 46085 46085 1258 46085 46085 309137 51077 51077 157625 46085 46085 1069085 51077 46085 51077 46085 51077 46085 51077 819202 46085 46085 51077 49010 46085 51077 67250 46085 157625 51077 157625 51077 46085 46085 51077 51077 51077 51077 51077 157625 46085 1570 46085 46085 51077 46085 46085 46085 51077 46085 970 51077 46085 46085 46085 46085 51077 51077 11803445 46085 49010 46085 51077 51077 1570 9507458 51077 309137 309137 51077 51077 46085 157625 46085 46085 1570 46085 51077 51077 1258 157625 1258 51077 110245 46085 46085 46085 46085 46085 157625 46085 46085 1258 1258 51077 10 1010 46085 46085 46085 17288965 51077 51077 1258 46085 157625 46085 2570 46085 51077 1010 46085 46085 46085 46085 157625 157625 51077 46085 2570 51077 46085 46085 1570 46085 51077 1570 51077 46085 51077 46085 157625 46085 157625 1258 46085 51077 68257930 46085 51077 51077 51077 51077 1258 1258 46085 1258 46085 46085 157625 46085 46085 51077 46085 1258 1570 157625 1258 51077 46085 51077 51077 51077 46085 51077 46085 1258 970 46085 46085 51077 46085 46085 157625 46085 46085 51077 51077 1258 46085 46085 46085 51077 1570 51077 46085 1010 46085 1570 102154 51077 1258 51077 51077 46085 102154 51077 46085 309137 1258 51077 46085 1258 903170 46085 51077 46085 51077 46085 46085 309137 2570 1570 46085 46085 46085 46085 2570 51077 49010 17171717 1010 2570 46085 51077 51077 46085 102154 46085 46085 46085 1570 46085 51077 51077 46085 51077 157625 819202 819202 46085 51077 51077 51077 903170 16386305 157625 46085 46085 51077 46085 1570 51077 51077 102154 51077 46085 46085 1570 157625 51077 1010 51077 51077 102154 41992669 157625 
120250 34 485 485 34 10370 10575505 485 10370 485 10370 485 121044005 485 485 10370 485 485 34 15079850 181337 485 485 62725 485 34 2125765 39427202 485 485 10370 485 10370 4850 485 34 485 485 485 485 485 485 485 485 485 501265 485 1685450 10370 485 485 34 10370 5618005 10370 62725 485 1685450 10370 501265 485 485 485 485 2125765 34 501265 10370 34 10370 5618005 485 34 485 485 485 485 485 10370 10370 485 1116050 10370 5991050 485 1685450 485 485 10370 485 485 34 485 1685450 485 34 501265 485 485 2570 65045825 10370 485 485 485 10370 10370 485 269125 485 120250 485 485 485 485 485 10370 10370 485 34 2125765 485 485 485 485 10370 184965625 10370 34 10370 485 4162685 10370 485 485 485 10370 485 34 485 10370 10370 34 2125765 34 34 485 485 181337 485 34 10370 4189225 1685450 10370 34 34 485 1685450 2125765 10370 485 10370 485 34 269125 485 10370 4850 485 2570 485 485 10370 485 10370 62725 485 485 4850 485 34 485 485 34 485 485 62725 485 485 10370 2570 485 485 10370 10370 485 10575505 4189225 485 10370 485 1685450 485 181337 10370 485 501265 120250 10370 4162685 501265 10370 10575505 501265 485 34 10370 34 34 485 34 62725 485 10370 485 485 485 10370 10370 10370 485 485 10575505 485 5365 485 485 34 485 62725 485 10575505 485 10370 485 485 485 485 485 10370 485 485 34 485 10370 181337 4162685 10370 10370 10370 485 34 269125 485 2125765 10370 34 485 62725 485 485 485 485 485 10370 485 485 10370 485 10370 485 485 485 485 485 10370 514 485 5618005 485 
17945 17945 85 85 19018 85 85 36101 85 465125 85 85 10370 85 19018 3849850 19018 485 465125 85 36101 202 36101 465125 465125 465125 85 239434 202 465125 465125 239434 85 85 60792850 1285 36101 17945 19018 36101 465125 465125 85 85 18685 370 19018 85 85 85 85 1058005 10370 85 85 36101 85 36101 10370 1312202 85 465125 85 85 36101 19018 85 465125 85 19018 36101 36101 465125 85 85 36101 239434 85 85 36101 465125 10370 85 85 5120245 85 465125 465125 465125 19018 85 239434 1058005 85 695185 85 170 85 85 85 85 85 85 19018 11888705 17945 85 170 1227434 465125 85 85 19018 85 36101 85 85 85 10370 85 202 85 85 10730 36101 19018 85 465125 85 85 85 370 85 465125 85 85 19018 170 85 85 85 42807385 485 370 36101 85 85 695185 34128965 85 19018 85 85 202 85 17945 36101 85 465125 465125 36101 36101 36101 85 85 85 465125 85 544970 85 85 85 85 85 485 465125 19018 85 239434 85 85 85 239434 170 85 85 85 202 36101 19018 465125 202 239434 85 85 85 85 85 85 85 4460545 426530 85 19018 36101 85 36101 36101 17945 85 36101 2513570 85 85 465125 19018 85 485 36101 485 465125 19018 85 36101 85 85 36101 85 465125 85 85 85 85 85 10370 85 19018 85 19018 85 19018 465125 10370 465125 85 8825 85 85 426530 1058005 19018 36101 85 85 19018 36101 36101 465125 36101 85 85 85 26811685 19018 85 85 85 19018 465125 36101 10370 202 85 19018 85 19018 85 36101 85 85 85 465125 202 10370 19018 19018 85 465125 85 85 85 36101 85 19018 85 26811685 36101 85 465125 2657525 85 85 85 465125 85 544970 85 85 85 65650 465125 19018 2513570 85 11888705 1339570 85 85 10370 19018 85 85 85 85 85 85 19018 465125 465125 485 85 485 465125 85 465125 85 85 85 85 85 36101 36101 85 36101 10370 85 85 19018 36101 239434 85 85 85 10370 85 85 465125 18685 19018 485 36101 85 85 485 85 85 85 85 36101 85 36101 17945 19018 85 85 85 10370 485 10370 85 85 85 465125 85 465125 370 85 85 85 10370 19018 85 85 85 465125 17945 36101 465125 465125 10370 36101 65650 85 85 36101 465125 8825 85 85 85 85 36101 85 36101 239434 85 36101 202 36101 36101 85 85 465125 19018 36101 85 85 36101 465125 465125 85 85 85 17945 85 85 85 85 36101 19018 36101 36101 17945 85 1960202 36101 85 1312202 17945 10370 19018 85 36101 85 10370 85 36101 85 85 85 95844101 17945 85 465125 85 465125 19018 85 85 19018 184325 465125 19018 85 465125 485 85 36101 36101 85 465125 85 36101 85 202 85 85 85 465125 465125 85 17945 85 10370 85 36101 17945 85 544970 36101 85 465125 85 202 19018 990002 85 85 465125 85 202 36101 85 19018 85 202 85 85 85 2513570 19018 465125 465125 19018 85 19018 85 3530 85 85 85 85 85 85 36101 465125 36101 170 17945 202 36101 85 465125 36101 36101 17945 10370 85 85 465125 370 36101 36101 85 485 85 170 485 10730 85 465125 85 85 10370 85 85 36101 85 85 85 85 19018 85 85 36101 19018 85 
34 485 485 10370 10370 485 3530 10370 10575505 62725 10370 10370 2125765 485 10370 485 485 485 10370 10370 485 10370 34 81043385 10370 34 10370 10370 10370 34 485 485 485 485 501265 485 485 10370 10370 485 10370 3530 485 10575505 10370 485 485 485 34 34 485 485 10370 10370 485 3433970 2125765 10370 485 269125 10370 34 10370 485 485 485 485 10370 485 501265 485 10370 5991050 485 34 485 514 10370 10370 485 485 485 34 485 34 514 485 34 34 485 34 34 485 485 485 10370 10370 485 485 10370 485 485 485 34 485 485 485 485 34 485 10370 62725 485 485 34 120250 10370 485 10370 10370 501265 10370 485 485 485 2125765 485 564485 485 34 19423765 10370 485 485 485 485 485 485 181337 34 5365 485 34 34 485 30208825 485 10370 485 34 501265 10370 485 485 10370 485 34 485 485 34 1665074 485 181337 485 10370 485 34 2125765 485 485 10370 485 485 485 34 485 485 485 34 514 485 534805625 485 5365 1331593 10370 62725 34 485 
485 13450 485 18685 13450 720002 485 485 485 18685 54434 485 10370 485 19018 18685 485 18685 120250 485 10370 10370 485 1143250 1116050 19018 10370 18685 10370 3145 34 10370 2125765 485 10370 34 34 18685 10370 34 13450 18685 13450 13450 19018 485 34 485 18685 34 10370 34 10370 18685 485 18685 13450 10370 485 10370 19018 485 19018 485 485 485 10370 34 485 34 485 10370 10370 34 18685 485 34 10370 485 18685 485 10370 485 34 10370 3145 181337 13450 10370 10370 10370 145802 961010 19018 18685 10370 10370 485 485 51850 485 19018 13450 18685 50040010 485 485 10370 485 18685 10370 10370 485 18685 10370 10370 485 10370 485 10370 485 17475874 18685 485 485 10370 18685 13450 10370 10370 10370 485 485 146615690 51850 10370 485 10370 19018 485 10370 485 13450 18685 13450 18685 2125765 3145 485 18685 10370 34 120250 10370 19018 485 485 10370 10370 10370 485 18685 10370 10370 485 18685 485 19018 18685 13525 18685 18685 10370 485 19018 34 485 10370 18685 485 145802 485 485 510770 370 2125765 18685 18685 10370 18685 18685 18685 10370 10370 485 485 1450 10370 485 13450 10370 3145 2125765 18685 10370 120250 485 3530 485 18685 485 10370 10370 485 2125765 485 18685 3145 18685 485 10370 10370 1116050 13450 485 34 485 10370 485 370 18685 485 10370 10370 485 370 18685 13450 485 485 485 18685 34 18685 485 13450 18685 18685 10370 10370 485 485 181337 312617797 10370 485 485 2125765 18685 1450 10370 10370 485 18685 485 18685 170 10370 1450 485 19018 19018 10370 18685 25456925 10370 485 485 10370 14196530 18685 18685 485 10370 510770 1143250 18685 485 485 10370 485 485 13450 19018 485 10370 485 18685 485 18685 18685 18685 19018 10370 485 19018 10370 485 13450 18685 10370 19018 18685 13450 18685 18685 3145 485 18685 13450 485 34 173238245 485 485 485 485 485 19018 485 10370 18685 19018 34 10370 485 485 10370 18685 3145 485 485 10370 19018 19018 10370 485 485 18685 2125765 1450 9519250 10370 18685 18685 18685 485 485 485 485 485 485 18685 18685 13450 18685 485 485 1116050 181337 13450 34 10370 485 18685 485 10370 10370 485 485 18685 18685 10370 485 18685 485 18685 18685 485 485 10370 10370 18685 10370 485 10370 485 485 485 34 10370 485 10370 13450 18685 10370 485 485 10370 485 10370 485 18685 18685 485 10370 485 13450 485 18685 19018 485 10370 10370 10370 485 485 10370 485 13450 2125765 485 2125765 10370 485 19018 10370 18685 13450 10370 95844101 10370 18685 485 54434 485 485 120250 10370 18685 313634 9487370 18685 485 10370 34 10370 485 18685 485 10370 485 485 18685 18685 13450 18685 10370 10370 10370 18685 10370 485 18685 42807385 485 10370 18685 10370 485 18685 10370 485 485 10370 18685 51850 10370 10370 13450 19018 10370 13450 485 1450 485 10370 485 485 485 18685 485 34 2125765 485 485 18685 18685 485 10370 145802 10370 485 485 13450 43690 485 10370 10370 170 10370 10370 120250 13450 485 18685 2125765 485 10370 18685 18685 19018 18685 18685 5657525 485 2125765 10370 485 339282634 10370 34 485 34 485 10370 485 485 
1018145 34 170 170 18685 249010 170 170 1450 170 170 170 170 170 170 170 18685 170 18685 182002 18685 170 170 18685 170 170 18685 170 170 170 170 18685 170 170 170 170 1050905 170 18685 170 18685 170 18685 170 18685 170 170 170 170 11289601 18685 34 170 727402 170 170 170 170 18685 34 18685 170 170 170 34 18685 170 170 170 170 18685 170 170 170 18685 170 18685 170 170 18685 170 170 170 170 170 170 170 170 18685 170 10287650 170 170 170 170 170 170 34 170 170 18685 18685 34 170 170 170 146615690 170 170 18685 18685 18685 18685 170 170 170 170 313378 18685 170 170 31248101 18685 18685 170 170 18685 353028505 170 170 170 34 170 170 170 170 170 170 18685 170 170 34 727402 170 18685 18685 170 170 170 170 170 170 170 170 31248101 34 170 34 170 170 59170 170 170 112370 18685 170 170 59170 262450 18685 170 170 170 18685 34 170 170 170 170 170 170 170 170 170 170 170 170 170 170 18685 25027250 18685 206890 170 170 18685 170 170 170 18685 170 18685 170 727402 18685 170 170 18685 1050905 18685 18685 18685 170 170 170 1018145 188490065 18685 170 170 170 170 170 170 170 170 18685 170 170 170 170 18685 170 18685 34 170 18685 18685 34 18685 18685 1450 122434 170 170 18685 34 18685 170 170 170 170 170 170 122434 34 18685 122434 34 170 55950401 170 170 170 170 170 170 170 1050905 170 1050905 170 18685 170 18685 170 170 1450 18685 170 18685 170 170 170 170 34 18685 170 170 170 170 145802 18685 170 170 18685 18685 170 170 170 170 34 170 170 170 18685 170 170 170 40269125 170 18685 18685 170 170 18685 170 18685 18685 170 170 
19018 3849850 85 18685 19018 170 19018 18685 19018 465125 465125 85 85 34 25456925 18685 18685 85 36101 36101 19018 85 202 36101 370 36101 19018 85 13450 85 85 19018 85 173238245 85 19018 13450 13450 85 465125 36101 85 85 465125 19018 465125 465125 19018 19018 18685 85 36101 18685 13450 18685 19018 19018 2513570 85 85 18685 36101 19018 85 18685 13450 85 202 18685 465125 18685 85 85 36101 19018 13450 85 465125 36101 13450 465125 19018 85 3145 85 19018 19018 19018 85 18685 426530 19018 85 85 19018 19018 18685 85 36101 85 19018 36101 13450 202 19018 85 2513570 465125 465125 18685 13450 85 18685 465125 85 36101 18685 85 13450 18685 18685 85 18685 465125 19018 19018 85 19018 19018 85 19018 465125 19018 13450 13450 19018 19018 465125 85 239434 19018 13450 19018 3145 239434 19018 19018 18685 18685 19018 19018 85 19018 18685 19018 36101 19018 85 19018 19018 34 465125 19018 85 465125 36101 18685 13450 820837 85 36101 13450 18685 36101 2657525 85 36101 85 3849850 370 85 19018 85 13450 36101 85 85 36101 85 18685 13450 85 465125 85 18685 18685 85 19018 85 370 85 19018 19018 465125 19018 56871865 85 36101 85 19018 465125 85 465125 19018 13450 465125 202 85 465125 85 85 18685 85 19018 18685 19018 19018 36101 19018 13450 85 36101 370 3145 3145 85 13450 
34 34 6290 8005 6290 8005 3414002 34 8005 3925 85 34 34 3925 34 34 34 85 3925 34 34 34 34 34 312505 34 34 34 3925 34 34 34 34 3925 316850 3925 34 3925 3530 6290 34 34 34 85 312505 3925 34 312505 5551114 34 34 35832197 3925 85 85 85 34 3414002 34 34 3925 6290 8005 25925 2679625 34 34 34409957 5551114 34 68079530 3925 34 85 3925 312505 85 34 4369 3031865 34 312505 3925 4369 312505 34 8005 34 3925 8005 103970 34 34 34 3925 25925 8460050 3925 2679625 85 3925 34 34 8005 3925 3925 85 34 34 34 3925 34 3031865 3925 3031865 34 3031865 34 8005 34 3925 5326865 312505 85 34 34 34 34 3925 34 34 34 3925 34 85 312505 34 312505 34 8005 3925 34 85 34 34 34 34 34 8005 34 3925 34 34 8005 85 3925 34 3925 6290 6290 103970 6290 34 85 34 8005 85 2490914 8005 34 8005 3925 3925 8005 2490914 85 34 3925 312505 3925 6290 34 34 34 34 34 34 8005 6290 25925 34 34 85 34 3414002 34 34 34 25925 6290 3925 34 34 6290 3925 85 3925 34 312505 34 34 2490914 3925 34 34 2679625 34 8005 34 34 34 85 312505 34 312505 3925 3925 3925 3925 34 312505 34 34 34 3925 34 85 3925 34 130610 8005 468812825 34 3031865 3925 34 34 25925 312505 6290 34 34 34 85 85 3925 34 3925 34 312505 34 34 103970 34 312505 312505 34 2679625 34 34 34 3925 85 4369 34 34 3925 34 3925 34 3925 1089010 6290 2679625 8005 34 85 34 85 312505 34 6290 6290 85 34 34 34 34 34 3925 8005 312505 34 1240025 34 85 34 34 34 34 3925 291850 312505 3925 8005 85 85 34 85 85 312505 34 34 34 34 34 34 312505 34 34 34 34 34 6290 312505 34 1240025 6290 34 6290 3925 3925 34 34 2679625 6290 34 3925 34 
34 103970 202 34 312505 34 34 85 34 34 103970 202 312505 34 6290 34 3925 3925 505 505 34 6290 34 34 34 34 6290 34 34 34 34 312505 34 4369 202 8005 6290 34 85 8005 34 34 202 8005 6290 312505 85 312505 34 6290 34 34 34 8005 34 1089010 3031865 85 55114 85 34 17945 55114 34 3031865 34 34 3925 8005 312505 34 202 312505 202 34 34 34 34 3925 85 34 8005 6290 34 37370 2679625 34 6290 505 312505 34 6290 8005 34 34 202 3925 312505 87044165 34 34 202 34 34 34 34 85 34 34 34 3925 312505 8005 34 34 6290 34 6290 34 5270770 202 1336465 34 8005 34 34 8005 85 312505 63370 34 85 8005 6290 34 6290 5326865 8005 34 312505 85 34 505 43810 6290 34 6290 34 8005 34 103970 34 202 34 34 202 34 202 202 312505 34 6290 34 653050 4369 34 16864289 240101 3031865 8005 202 202 85 34 6290 34 34 910010 8005 202 8005 34 6290 34 34 85 103970 34 34 202 34 3925 6290 34 85 6290 202 17945 34 85 312505 1174898 85 8005 34 910010 8005 202 34 8005 34 34 34 34 910010 6290 202 85 34 8005 34 34 6290 34 3925 505 8005 35832197 6290 85 34 34 34 34 34 34 505 202 202 6290 34 85 8005 8005 34 34 34 85 34 202 34 34 8005 85 34 34 8005 8005 34 34 202 6290 202 202 34 34 34 34 3414002 202 2679625 34 240101 1089010 202 8005 85 34 202 34 71482858 186325 34 3925 85 4369 505 34 5326865 55114 34 202 34 34 202 202 312505 34 3925 34 34 85 34 3925 34 34 34 34 8005 55114 34 312505 34 202 202 34 3925 34 34 505 34 34 34 85 34 186325 34 103970 505 34 7527530 34 34 34 34 3925 3925 34 8005 85 312505 85 34 34 3925 34 312505 34 34 34 6290 43810 34 505 34 6290 34 34 34 34 312505 202 312505 34 202 312505 34 34 34 3031865 85 34 34 34 34 85 34 202 34 1089010 505 3031865 8005 34 103970 34 34 34 103970 34 34 8005 34 34 34 34 34 34 3925 77450 34 34 202 6290 34 34 55114 8005 34 34 34 3925 34 34 312505 6290 8005 34 34 5270770 85 103970 34 55114 34 85 34 3925 34 34 202 3031865 85 34 34 312505 3925 6290 202 34 34 34 85 6290 312505 8005 8005 8005 24464725 3414002 34 34 3838498 240101 8005 505 34 34 202 34 34 202 8005 34 34 34 34 686450 34 85 34 6290 34 34 34 4977785 17945 6290 8005 34 34 202 34 34 202 34 
34 1258 24050 34 34 3737 34 34 6290 34 3737 34 34 1258 1258 34 34 34 3737 85 34 24050 34 1258 34 85 34 3737 34 3737 34 34 34 74 1258 2113145 34 34 34 3737 41225 34 1258 34 85 24050 34 3737 34 8005 34 1258 8005 34 34 34 34 3737 85 3737 1258 1258 34 34 6290 24050 85 2113145 34 34 50409845 1258 85 8005 1258 34 34 34 34 1258 34 3737 34 85 1258 34 34 34 3737 85 6290 34 85 34 1258 3031865 3737 34 85 2113145 3737 24050 85 34 41225 8005 1258 34 34 24050 1258 34 34 85 34 195365 34 34 34 34 85 43810 34 1258 8005 1089010 34 1258 8005 34 34 34 3737 34 34 3737 186325 3737 85 34 34 34 34 34 24050 85 34 3737 6290 24050 34 195365 34 1258 85 34 1258 3197105 24050 34 85 17945 24050 3737 85 34 8005 1258 120104405 34 8005 34 116650 3737 34 1258 3737 3737 34 34 3737 3737 1258 8005 3737 34 3737 3737 34 8005 85 27766154 2284850 85 1258 34 312505 34 34 85 1258 3411274 34 3737 34 34 85 3737 34 34 85 24050 34 34 3737 34 34 85 34 3737 34 34 34 34 34 1258 61370017 34 85 85 85 1258 3737 34 34 8005 34 105926405 34 34 3737 6290 85 34 85 34 34 85 34 8005 34 34 8005 1258 85 85 85 34 6290 186325 85 85 34 85 34 34 3737 34 1258 34 85 3737 34 1258 85 1258 34 186325 8005 34 
9802 170 45002 17 7474 17 12325 9802 17 17 17 170 17 17 9802 9802 12325 17 45002 10 1002530 865930 89725 12325 415874 17 17 17 17 9802 17 17 89725 17 9802 9802 12325 89725 17 17 17 17 17 190450 45002 6356597 17 12325 170 89725 12325 17 17 17 12325 9802 17 9802 10 12325 17 17 12325 9802 12325 17 9802 9802 1002530 17 45002 13686914 89725 10 45002 17 17 17 17 17 17 9802 17 17 653225 10 17 43690 17 1002530 17 1002530 12325 17 17 9802 17 48674 17 1133458 17 17 12325 720002 9802 441010 12325 7474 17 17 17 17 9802 45002 10 17 17 10 720002 720002 17 17 17 12325 45002 12325 17 17 17 17 12325 17 17 17 17 17 17 17 17 48674 1002530 17 17 12325 17 9802 17 17 17 170 17 12325 17 89725 17 17 9802 9802 884425 13686914 89725 17 17 17 17 17 17 17 10 17 9802 17 1133458 170 17 17 17 45002 17 17 7474 17 17 17 17 17 9802 17 17 17 9802 17 1002530 17 6356597 12325 45002 89725 9802 48674 89725 17 45002 89725 17 9802 17 17 17 45002 45002 12325 17 17 17 17 17 17 17 17 12325 17 17 17 12325 7474 17 17 17 17 12325 12325 17 9802 720002 170 884425 17 89725 17 17 17 45002 45002 17 1133458 17 17 17 17 17 17 17 17 17 1472330 45002 17 9802 12325 10 17 1002530 9802 12325 17 7474 12325 9802 9802 17 12325 17 2106385 170 45002 17 17 9802 12325 17 17 45002 9802 17 12325 17 10 10 7474 17 17 9802 12325 17 45002 17 720002 3597217 45002 12325 170 17 12325 720002 9802 17 17 17 9802 89725 273205 17 17 17 17 17 17 12325 17 17 17 17 12325 17 17 17 9802 12325 17 17 1002530 9802 12325 17 17 17 10 17 17 45002 89725 12325 12325 45002 1034450 415874 17 89725 9802 1002530 17 17 89725 17 720002 17 12325 720002 12325 17 9802 17 45002 98608330 12325 43690 17 17 17 9802 10 441010 10 17 17 89725 17 89725 17 12325 17 12325 7474 720002 17 9802 17 17 1924925 31900345 17 17 12325 17 2506325 17 9802 17 17 17 89725 12325 89725 45002 17 17 10 441010 17 1472330 17 12325 9802 17 17 10 9802 17 12325 17 17 12325 17 17 12325 17 12325 9802 17 9802 45002 9802 17 6356597 1472330 17 17 12325 115202 17 17 17 17 17 17 17 17 17 190450 12631765 9802 17 17 17 9802 17 9802 43690 17 45002 884425 17 45002 89725 9802 89725 17 170 17 12325 7474 89725 17 17 17 12325 9802 679225 884425 89725 17 1002530 
29045 29045 29045 10405 29045 17 17 10405 72901 45002 45002 463114 29045 72901 29045 10405 10405 10405 29045 29045 29045 714425 10405 45002 110245 15317 29045 10405 10405 3737 10405 10405 45002 170 170 29045 29045 10405 10405 10405 29045 72901 463114 17 17 10405 370 10405 273205 273205 72901 29045 45002 10405 17 29045 104050 2185625 10405 29045 10405 29045 29045 17 10405 15317 110245 29045 10405 29045 459850 72901 72901 110245 714425 273205 10405 10405 72901 45002 29045 10405 459850 10405 463114 29045 17 12023845 72901 110245 29045 10405 2185625 10405 10405 10405 29045 45002 3207154 10405 45002 72901 110245 29045 4850 29045 170 72901 10405 170 176290 29045 29045 45002 10405 10405 10405 10405 10405 29045 29045 4850 148363445 459850 29045 110245 72901 45002 10405 72901 29045 29045 45002 45002 10405 17 45002 29045 10405 10405 29045 110245 29045 29045 29045 29045 10405 72901 29045 29045 29045 45002 17 10405 3250 273205 10405 29045 176290 10405 121685 45002 10405 72901 170 45002 45002 110245 72901 170 29045 10405 72901 72901 10405 10405 72901 15317 72901 10405 29045 17 3250 10405 463114 72901 10405 29045 72901 17 17 10405 459850 110245 110245 110245 72901 29045 463114 3737 29045 10405 10405 15317 10370 10405 29045 15317 15317 29045 29045 72901 459850 170 176290 29045 29045 29045 273205 4251845 29045 72901 29045 29045 15317 29045 29045 170 17 1919249 15317 17 459850 72901 
3925 3925 1601 1601 3925 25925 34 34 3925 1179397 34 34 3925 3925 34 3925 8005 34 3925 1240025 3925 1179397 34 312505 3925 25925 3925 25925 25925 312505 312505 312505 25925 1601 34 3925 1179397 3925 3925 34 34 3925 3925 34 3925 34 34 3925 3925 25925 312505 3925 34 272485 25925 3925 1601 8005 3414002 1179397 25925 3925 3925 3925 312505 3925 25925 34 3925 272485 3925 34 272485 34 8005 34 8005 3925 25925 25925 2490914 25925 3414002 446165 3925 3925 34 25925 34 3925 34 3925 34 27050 272485 3925 5551114 1179397 25925 272485 34 1179397 8005 3925 312505 25925 3925 34 3925 34 25925 1179397 25925 3925 34 1179397 34 3925 8005 25925 34 34 3925 3925 95090 34 3925 3925 1179397 34 3925 34 3925 3925 312505 3925 25925 312505 1279625 
3925 8005 8005 3925 2657525 239434 239434 25925 34 3925 36101 3925 272485 25925 3925 3925 8005 34 4753970 85 3925 85 36101 25925 25925 34 3925 36101 85 8005 2679625 34 34 3925 1240025 239434 8005 8005 272485 3925 8005 34 85 3925 34 3925 3925 3925 3925 3925 3414002 34 3925 272485 65650 34 85 3925 3925 3925 34 34 312505 3925 34 3925 312505 34 3925 3925 272485 3925 3925 312505 34 272485 3925 36101 312505 34 3925 3925 3925 34 3925 3925 272485 32672657 3925 3925 3925 34 66725 3925 34 312505 272485 353770 3925 34 3925 2679625 25925 8005 34 1601 34 2679625 34 34 36101 36101 3925 3925 3925 34 34 65650 2679625 312505 3925 34 312505 25925 239434 3925 32672657 34 3925 272485 3925 34 3925 85 3925 36101 3925 1240025 34 25925 34 34 8005 15904145 34 243370 34 3925 25925 3925 34 3925 3925 3925 3925 3925 34 3925 34 3925 3925 25925 3925 3925 312505 3925 272485 312505 3925 36101 8005 3925 34 3925 34 3925 3925 3925 34 312505 3925 34 85 272485 2590018 34 34 103970 103970 184325 312505 36101 3925 34 8005 3925 25925 3925 3925 312505 239434 85 8005 3925 34 34 272485 3925 3925 239434 34 3925 312505 8005 312505 34 3925 36101 34 3414002 5551114 34 3925 85 3925 36101 3925 312505 3925 239434 34 239434 3925 3925 34 65650 25925 34 34 3925 8005 3925 34 272485 3925 34 3925 3925 272812985 3925 34 3925 36101 3925 3925 272485 2679625 695185 34 34 65650 8005 3925 3925 25925 3414002 25925 312505 3925 3925 3925 8005 25925 2679625 3925 25925 3925 3925 3925 3925 36101 272485 3925 3925 34 36101 85 3925 34 3925 3925 34 25925 190863538 103970 2679625 8005 3925 3925 3925 312505 34 34 3925 34 8005 3925 34 8005 3925 312505 25925 85 85 3925 3925 34 34 3925 6528650 34 37867525 3925 34 3925 34 34 25925 3925 66725 2679625 1240025 8005 3925 2679625 8005 3925 34 36101 1240025 312505 85 25925 3925 3925 36101 34 8005 34 3925 34 2657525 3925 3925 34 34 34 3925 3925 3925 3925 8005 3925 3925 1240025 3925 3925 3925 36101 3925 3925 3925 3925 34 34 312505 1601 3925 36101 3925 3925 3925 85 34 3925 3925 85 3925 3925 3925 272485 85 25925 3925 8005 8005 3925 3925 34 3925 312505 25925 85 3925 3925 625600145 3925 25925 34 85 3925 34 312505 272485 312505 34 3925 3925 34 3925 312505 3925 3925 312505 34 3925 8005 34 34 34 34 3925 695185 25925 8158685 25925 3925 34 3925 25925 41265205 25925 34 34 3925 8005 3925 3925 3925 3925 312505 34 34 3925 3925 3925 25925 3925 3925 103970 3925 3925 3925 34 25925 25925 312505 3925 3925 85 34 8005 3925 3925 8005 34 36101 34 3925 36101 34 
34 34 34 312505 3031865 34 6528650 34 103970 34 34 6290 3925 3925 34 6639370 34 34 34 3925 34 3925 34 34 103970 34 3925 34 25925 34 8005 34 34 8005 3414002 34 3925 34 34 3925 34 3925 34 25925 33190417 34 34 5326865 34 3414002 34 34 3031865 34 34 312505 34 34 34 34 3925 3925 34 34 229159045 3925 32672657 34 312505 2679625 8005 312505 3925 34 34 3031865 34 3925 34 8005 6290 34 34 3925 2679625 66725 3925 35832197 312505 2679625 3925 34 34 34 34 34 34 34 34 3925 34 1089010 3925 34 34 3925 34 3031865 34 3925 132750865 32672657 34 34 34 34 34 34 34 34 34 34 34 8005 8005 3925 8005 3925 1240025 34 34 3925 34 3925 34 3925 1089010 34 3925 34 666658 34 34 3925 34 34 8005 25925 34 312505 3414002 3031865 186325 3925 8005 312505 34 34 25925 312505 3925 3925 25925 312505 2679625 3925 34 34 18050005 34 34 8005 312505 3925 34 34 3925 3925 34 3925 3925 3925 34 34 34 3925 34 3925 34 34 34 34 3411274 25925 8158685 34 6290 312505 34 34 34 34 8163434 103970 6290 3925 3925 6290 312505 34 34 34 8005 312505 8005 34 3925 3925 34 34 34 34 34 3414002 3925 34 34 34 6290 8005 25925 312505 34 6290 6290 34 3925 312505 34 34 6290 34 34 25925 3925 25925 
36101 19018 19018 19018 19018 85 465125 19018 36101 19018 36101 36101 85 85 85 820837 36101 36101 85 19018 19018 465125 19018 85 13450 36101 85 85 13450 202 85 465125 36101 85 36101 34 2657525 85 465125 19018 85 85 36101 36101 465125 85 13450 13450 34 465125 170 13450 13450 34 85 36101 85 85 85 85 19018 465125 36101 36101 3145 85 239434 36101 85 34 85 34 36101 13450 85 465125 19018 19018 85 465125 465125 19018 85 34 465125 34 85 2513570 85 65650 13450 85 36101 85 34 36101 19018 3145 18685 465125 34 465125 19018 85 170 36101 3145 8825 36101 36101 465125 34 19018 13450 3849850 19018 85 36101 36101 34 19018 34 34 13450 13450 202 19018 34 34 13450 19018 465125 85 465125 19018 202 36101 
3737 1717 3737 3737 3737 3737 2594 3737 3737 136085 3737 1717 1717 3737 136085 3737 136085 3737 3737 2594 3737 1717 1717 3737 1717 3737 136085 136085 3737 3737 136085 1717 1717 1717 2594 3737 3737 3737 3737 3737 3737 1717 1717 3737 1717 3737 136085 1717 1717 3737 2594 136085 3737 1717 1258 1258 3737 1717 1717 3737 1717 3737 3737 2594 2594 3737 3737 3737 3737 1717 2113145 1258 3737 3737 3737 3737 940325 1717 1717 1717 3737 3737 6290 3737 3737 6290 3737 1717 505 1258 3737 1258 1717 3737 1717 1717 3737 3737 3737 1258 3737 3737 3737 3737 3737 136085 2594 1717 3737 1717 1717 1717 3737 3737 3737 1272385 940325 3737 63370 1717 3737 3737 1717 1717 3737 3737 136085 195365 6290 3737 2594 3737 3737 1717 3737 3737 3737 7360405 3737 9751250 3737 1717 3737 2113145 1258 3737 1717 1717 2594 3737 1717 940325 1717 3737 3737 1258 3737 6290 3737 3737 3737 1258 2594 136085 3737 1717 1258 3737 3737 195365 1717 1717 3737 2594 
101 101 74 101 202 202 101 202 202 8245 202 8245 74 8245 202 202 8245 202 74 101 202 202 202 8245 12923530 101 101 202 8245 456977 286565 202 202 202 202 8245 8245 101 77450 8245 202 202 8245 8245 8245 202 8245 202 202 202 202 202 202 77450 202 286565 202 2665090 456977 8245 286565 8245 202 101 101 202 202 202 785 202 286565 202 6283925 101 202 202 8245 8245 785 101 202 101 8245 74 74 202 202 8245 8245 8245 202 456977 8245 202 202 101 74 8245 101 202 8245 101 8245 101 202 202 202 202 202 456977 240101 101 202 8245 74 8245 8245 101 202 202 8245 8245 202 101 8245 286565 8245 8245 8245 101 8245 202 101 101 8245 101 8245 101 202 101 8245 202 101 202 202 202 101 8245 8245 202 1746485 8245 1018145 202 101 202 77450 8245 8245 202 202 202 101 202 202 240101 101 101 202 202 202 8245 8245 202 101 202 8245 202 2665090 101 240101 74 101 74 101 202 202 74 8245 202 190450 202 1332970 74 202 286565 202 8245 101 101 8245 74 8245 202 202 286565 74 202 202 190450 202 77450 101 101 202 101 201144025 74 8245 101 202 202 286565 8245 74 286565 8245 74 229159045 202 202 8245 202 8245 190450 101 8245 101 101 202 202 202 8245 8245 101 202 202 202 8245 101 8245 101 101 202 286565 190450 785 101 8245 101 74 202 808265 202 101 8245 8245 202 2672930 8245 101 8245 202 1018145 8245 286565 8245 785 202 15152525 101 74 202 1332970 8245 785 202 286565 202 202 202 456977 202 101 8245 145225 2514725 8245 202 8245 77450 8245 101 74 202 2514725 202 202 202 156658 101 8245 8245 202 101 202 101 101 202 456977 202 202 101 202 8245 101 74 101 202 202 101 202 101 8245 101 202 28995829 202 202 202 101 202 202 101 202 202 202 202 202 456977 8245 8245 101 202 101 74 202 8245 202 286565 202 456977 8245 8245 456977 8245 8245 145225 202 202 202 202 202 8245 8245 8245 8245 286565 202 286565 101 202 8245 74 8245 74 286565 202 202 101 8245 8245 190450 101 8245 202 202 202 202 202 202 8245 8245 8245 202 202 190450 456977 202 101 202 1450 74 8245 12923530 8245 8245 101 1746485 202 202 202 8245 202 8245 202 8245 202 202 1332970 202 8245 8245 8245 202 202 202 101 74 101 202 202 101 6283925 190450 202 8245 74 8245 101 101 202 12923530 286565 202 190450 202 74 456977 8245 8245 8245 202 202 8245 101 286565 202 202 286565 8245 1450 8245 202 286565 74 202 190450 202 202 202 202 202 202 8245 202 286565 202 202 101 101 77450 202 8245 74 190450 785 101 119596097 8245 286565 74 202 74 456977 101 456977 74 8245 456977 202 8245 8245 456977 8245 202 456977 202 202 180505 74 202 392005 101 202 101 8245 202 
10 12325 7474 17 1002530 9802 1717 1717 10 10 9802 17 10 9802 12325 10 1717 17 9802 12325 12325 865930 12325 17 9802 1717 17 12325 17 17 17 89725 1717 9802 1002530 1002530 16268005 1717 12325 9802 12325 9802 1717 17 12325 17 1717 12325 1717 10 12325 12325 1717 10 9802 17 1717 1717 12325 1717 12325 17 9802 1002530 17 12325 17 17 12325 1717 17 1717 9802 1002530 12325 17 12325 1002530 17 12325 1717 1717 10 6492725 12325 12325 10 9802 17 1717 10 12325 1717 12325 9802 1717 12325 9802 17 17 1717 1717 12325 12325 1717 12325 884425 1002530 17 1717 12325 1717 17 1717 1889849 1002530 12325 1717 17 17 1717 12325 323402 17 9802 17 323402 1717 9802 12325 1002530 9802 9802 1717 17 12325 12325 12325 12325 1002530 12325 17 1717 12325 1717 1717 1717 17 12325 1717 1717 12325 1717 10 17 10 1383850 9802 17 1390370 12325 9802 9802 1002530 1002530 89725 1002530 7474 10 1002530 17 12325 10 17 9802 17 17 1924925 1717 12325 1717 89725 9802 1717 12325 1717 12325 9802 323402 1002530 12325 89725 12325 17 12325 12325 1717 1717 1717 10 12325 1717 17 12631765 12325 17 9802 12325 1717 9802 12325 12325 1717 89725 12325 1717 1002530 17 17 1717 12325 12325 323402 1717 17 10 12325 1717 17 1717 1717 9802 12325 9802 17 12325 12325 9802 9802 1717 1717 95844101 12325 1002530 12325 1717 9802 323402 1717 1717 9802 12325 12325 9802 9802 17 17 12325 17 17 1717 1717 323402 1717 1717 1924925 89725 89725 12325 1889849 12325 89725 17 1717 71978 1889849 17 9802 17 1717 190450 17 1316650 17 9802 17 1717 12325 12325 1717 17 1717 1717 12325 1717 10 12325 17 9802 1889849 17 9802 9802 9802 1717 1717 12325 1717 17 10 1889849 1717 1717 17 17 1717 7474 16268005 1717 9802 89725 1133458 12325 9802 17 2742337 1002530 12325 12325 1717 9802 1717 10 12325 17 17 10 89725 9802 1717 1002530 1002530 17 17 1717 653225 10 1002530 1316650 9802 12325 1717 323402 1717 323402 17 1717 9802 1717 1717 9802 17 17 17 9802 1717 12325 884425 1717 10 1717 2106385 1717 17 1717 1717 323402 12325 12325 1717 1717 17 1717 12325 17 1717 17 17 17 17 1717 1717 1717 1717 12325 12325 2106385 17 17 17 17 1717 17 17 9802 9802 9802 17 17 17 9802 1002530 9802 17 17 17 3411385 1717 12325 1717 17 10 1717 17 9802 12325 12325 1002530 1717 17 9802 10 12325 7474 12325 10 12325 653225 12325 17 1717 9802 12325 10 1717 1002530 10 12325 1717 17 17 89725 89725 1717 9802 9802 9802 12325 17 765034 1717 17 12325 17 17 17 17 12325 1717 9802 1717 9802 17 1717 12325 1717 1002530 17 17 9802 12325 12325 17 17 1717 161209 17 17 1717 9802 1002530 12325 17 1717 1717 10 12325 1717 17 1717 12325 17 1717 10 7474 1717 1390370 17 9802 10 9802 10 12325 89725 9802 415874 17 1717 89725 1717 1717 17 12325 17 12325 1002530 1717 17 17 1717 1717 1717 1002530 12325 1717 1717 9802 12325 12325 17 17 17 1002530 17 4181834 1717 1717 1717 9802 12325 17 1717 89725 89725 17 1717 12325 323402 1717 12325 1717 1717 12325 17 12325 7474 1002530 1002530 17 17 17 9802 71978 17 10 17 1889849 1717 10 17 17 17 17 12325 
10405 15317 10405 10405 15317 10405 15317 29045 10405 15317 104050 10405 10405 276770 29045 10405 29045 4369 29045 29045 4369 10405 4369 10405 10405 10405 71978 8908402 29045 29045 10405 1624505 15317 459850 4369 10405 10405 4369 121685 10405 10405 29045 29045 29045 10405 10405 121685 10405 29045 15317 29045 4369 15317 4369 10405 273205 10405 10405 10405 29045 10405 464290 29045 29045 10405 10405 10730 10405 10405 4369 15317 10405 29045 10405 29045 4369 170 29045 29045 10405 29045 10405 10405 10405 459850 10405 273205 10405 10405 10405 29045 10405 15317 10405 29045 10405 10405 29045 10405 10405 10405 29045 10405 29045 10405 10370 10405 29045 29045 29045 4369 459850 10405 10405 170 10405 10405 170 29045 10405 1919249 10405 29045 71978 4369 15317 10405 10405 276770 170 15317 10405 29045 29045 10405 10405 273205 29045 170 10405 15317 10405 10405 4369 170 4369 10405 10405 15317 10405 15317 29045 29045 10405 10405 29045 29045 10405 10405 10405 10405 10405 15317 10405 10405 121685 10405 10405 10405 63718265 273205 29045 29045 10405 15317 464290 71978 10405 29045 102154 29045 29045 10405 10405 170 29045 10405 29045 10405 10405 4369 10370 15317 29045 10405 714425 10405 10405 10405 29045 464290 10405 10405 29045 10405 29045 4369 10405 10405 4584485 10405 10405 29045 10405 29045 714425 459850 10405 15317 4369 4369 10405 10405 10405 10405 4369 10405 10405 10405 10405 10405 15317 714425 10405 29045 10405 10405 714425 15317 8304517 15317 29045 29045 4369 10405 10405 29045 10405 4369 4369 29045 15317 10405 15317 10405 29045 10405 29045 10405 370 121685 10405 10405 10405 10405 10405 370 29045 4369 10405 29045 170 10405 29045 10405 10405 10405 29045 15317 29045 10405 273205 10405 29045 10405 10405 10405 10405 4369 10405 10405 10405 10405 10405 29045 29045 15317 170 10405 10405 170 50658725 62317225 10405 4369 10405 273205 10405 464290 4369 10405 10405 29045 276770 10405 170 141853490 276770 10405 29045 10405 1919249 10405 170 10405 276770 10405 15317 10405 10405 29045 10405 10405 170 10405 734474 29045 10405 10405 29045 10405 10405 10405 10405 10405 29045 4369 29045 29045 726971449 29045 10405 29045 273205 15317 10405 10405 10405 4369 10405 10405 10405 29045 
2679625 312505 10405 29045 370 29045 3925 10405 170 6528650 10405 10405 29045 3031865 10405 312505 29045 27050 29045 273205 312505 3925 1089010 6528650 29045 5525 10405 29045 10405 103970 10405 10405 10405 29045 10405 10405 3925 3925 10405 103970 10405 5551114 312505 10405 29045 10405 10405 10405 10405 10405 273205 10405 312505 3925 10405 10405 10405 3925 10405 170 103970 10405 29045 29045 29045 10405 29045 29045 10405 10405 10405 10405 10405 10405 29045 103970 10405 10405 3925 29045 29045 10405 29045 10405 3925 103970 10405 10405 10405 3925 29045 10405 312505 10405 312505 29045 15317 29045 29045 3925 3925 29045 3925 29045 312505 29045 10405 29045 2679625 3202 103970 3925 29045 10405 1240025 10405 29045 3925 29045 3925 10405 10405 10405 29045 10405 29045 10405 2490914 10405 29045 312505 312505 10405 10405 2679625 10405 10405 10405 312505 29045 10405 29045 10405 10405 29045 2490914 29045 10405 29045 10405 10405 43810 29045 10405 10405 3925 29045 10405 10405 3925 3925 4850 29045 10405 29045 29045 273205 2679625 10405 29045 312505 3925 10405 29045 10405 29045 170 10405 10405 29045 29045 29045 3031865 15317 170 10405 3925 312505 312505 3925 10405 3925 10405 10405 29045 10405 3925 29045 312505 22147645 10405 170 10405 459850 10405 10405 312505 29045 3396125 29045 10405 29045 29045 29045 29045 10405 10405 312505 10405 10405 29045 10405 10405 10405 29045 29045 2679625 10405 10405 10405 10405 3925 29045 10405 10405 29045 312505 10405 10405 3925 29045 10405 10405 5551114 10405 10405 29045 10293925 29045 312505 10405 3925 10405 10405 29045 10405 29045 10405 29045 10405 29045 29045 10405 1089010 10405 10405 459850 10405 29045 29045 29045 10405 10405 29045 29045 29045 10405 29045 3925 370 3197105 10405 3925 170 170 3925 459850 3925 10405 10405 29045 29045 10405 10405 10405 10405 10405 10405 10405 10405 10405 29045 10405 10405 10405 10405 29045 10405 10405 29045 10405 2490914 312505 10405 29045 29045 29045 10405 1240025 29045 29045 312505 10405 10405 29045 3925 103970 714425 10405 10405 29045 312505 12023845 10405 10405 10405 10405 10405 29045 3925 29045 3031865 10405 103970 10405 29045 10405 10405 10405 10405 312505 3925 29045 3031865 29045 3925 10405 29045 10405 312505 15904145 3925 10405 3925 29045 10405 3396125 29045 29045 10405 10405 29045 10405 459850 29045 10405 10405 29045 10405 29045 10405 3925 170 3925 3925 29045 10405 170 3925 10405 10405 15317 10405 312505 29045 312505 1240025 10405 29045 312505 3925 29045 10405 10405 29045 3925 10405 29045 29045 312505 10405 10405 10405 29045 170 3925 29045 3925 29045 10405 10405 10405 3925 29045 10405 29045 10405 10405 10405 10405 10405 10405 29045 10405 10405 10405 29045 29045 29045 29045 29045 10405 29045 29045 29045 29045 170 29045 10405 10405 3925 10405 29045 3237650 29045 10405 10405 29045 10405 10405 29045 6528650 10405 10405 10405 5551114 10405 10405 10405 29045 29045 103970 312505 10405 312505 10405 10405 10405 29045 1240025 3925 29045 29045 312505 10405 312505 3925 29045 312505 10405 29045 29045 29045 459850 1089010 10405 29045 10405 10405 3925 10405 10405 10405 29045 29045 29045 29045 273205 10405 10405 10405 10405 29045 29045 29045 2679625 10405 10405 2679625 459850 10405 10405 3925 10405 459850 29045 10405 10405 10405 10405 3414002 130610 10405 29045 10405 29045 10405 10405 10405 312505 2679625 29045 10405 29045 10405 10405 10405 10405 29045 29045 10405 
10405 10405 29045 1717 29045 29045 434314 1717 136085 29045 4850 2594 29045 10405 1717 10405 459850 29045 29045 10405 10405 1717 5525 29045 6290 10405 1717 10405 29045 1717 10405 273205 29045 459850 29045 2594 29045 10405 1267010 10405 10405 29045 10405 1717 9802 2113145 1717 29045 29045 10405 10405 10405 29045 29045 49168145 1717 10405 1717 29045 10405 6290 29045 10405 29045 10405 29045 220505 29045 10405 2979925 29045 2113145 29045 29045 29045 29045 29045 2594 29045 29045 10405 10405 29045 459850 10405 940325 136085 29045 273205 6290 29045 1717 10405 29045 29045 29045 10405 220505 940325 29045 10405 940325 29045 29045 10405 10405 6290 2113145 136085 10405 10405 1717 10293925 10405 29045 1717 806045 136085 6290 2113145 220505 10405 220505 29045 2594 10405 1717 29045 1717 1717 940325 1717 2594 29045 10405 10405 10405 1717 459850 1717 29045 10405 1717 10405 459850 136085 2113145 2594 10405 29045 29045 29045 2113145 2113145 29045 7360405 10405 2113145 29045 3250 1717 136085 10405 10405 29045 136085 10405 10405 10405 136085 29045 10405 170 
45002 45002 2570 170 45002 29045 170 45002 61217 170017 29045 170 122434 45002 170 170 170 170 170 29045 170 10405 170 61217 170 58064401 170 170 170017 170 170 112897 61217 170 170 170 170 170 170 10405 29045 170 170 29045 29045 29045 170 170 45002 61217 170 170 170 29045 170 170 4488010 170 112897 170 170 170 45002 2570 170 29045 170 170 170 112897 170 10405 170 61217 170 170 170 45002 170 170 170 61217 170 45002 170 45002 29045 1050905 61217 170 170 170 170 170 170 170 170 170 170 10405 2212405 45002 1050905 112897 170 170 170 170 679225 170 10405 45002 170 170 29045 45002 170 45002 170 170 170 170 29045 170 170 170 45002 170 61217 170 1812445 29045 59170 29045 29045 170 170 29045 10287650 170 170 170 170 45002 29045 170 55114 170 170 61217 170 170 170 170 170 170 170 170 170 170 170 170 2570 170 170 170 170 170 29045 170 170 29045 170 45002 170 170 170 122434 112897 170 45002 61217 170 170 170 170 170 7623317 170 10405 170 170 29045 170 170 170 170 170 10405 170 170 170 29045 170 59170 170 170 170 170 112897 45002 170 170 170 170 170 29045 170 170 10405 170 170 29045 170 29045 170 61217 61217 170 170 45002 170 29045 61217 170 61217 4654585 170 55114 29045 170 29045 170 170 440725 170 29045 40269125 170 1050905 170 29045 45002 61217 10405 170 170 170 29045 170 170 1812445 170 12221570 10405 45002 170 61217 45002 45002 170 11289601 170 32004505 61217 112897 170 1050905 45002 170 10405 170 170 170 29045 170 170 12221570 170 170 170 170 29045 679225 170 112897 29045 29045 170 61217 45002 61217 59170 45002 170 170 170 45002 170 10405 29045 170 170 112897 29045 170 170 170 170 170 170 112897 10405 170 170 112897 45002 122434 61217 170 170 45002 45002 170 29045 170 112897 29045 170 170 170 29045 20848357 61217 170 170 170 170 29045 170 170 170 29045 1050905 170 45002 170 11289601 170 170 29045 170 29045 170 61217 61217 170 170 170 170 170 61217 170 170 45002 45002 170 10405 29045 170 170 45002 2570 45002 61217 170 170 10405 170 170 170 29045 29045 45002 170 45002 1050905 170 170 170 679225 170 61217 29045 170 170 170 170 170 10405 45002 3030505 29045 45002 170 170 55114 170 61217 170017 29045 10405 170 170 170 170 170 170 170 61217 10405 170 10405 29045 61217 122434 170 170 170 170 29045 29045 170 112897 170 29045 170 45002 170 10405 61217 170 45002 45002 29045 170 170 112897 112897 29045 45002 45002 45002 170 170 61217 170 10405 11289601 170 29045 10405 45002 61217 170 112897 170 170 170 170 45002 170 170 510770 29045 170 170 170 10405 10405 170 10405 170 170 170 170 170 170 45002 170 2570 2570 1050905 61217 170 170 170 170 
170 170 485 181337 10405 170 485 485 29045 13811225 29045 10370 485 10370 10370 29045 170 170 170 485 29045 485 485 120250 485 1685450 2125765 29045 170 10405 10405 485 170 10370 1685450 485 170 181337 170 2125765 485 170 29045 485 1685450 10370 485 170 485 181337 170 181337 485 1050905 485 170 485 485 485 10405 10370 170 485 29045 170 170 1031050 10370 10405 181337 485 10405 1116050 170 485 485 10370 120250 485 485 29045 170 170 485 170 485 485 485 2125765 170 65208202 2125765 485 170 1685450 485 485 29045 485 29045 29045 29045 170 10370 1116050 10405 501265 14257802 170 170 5618005 485 485 485 485 485 10370 485 29045 485 170 10405 2125765 10370 29045 485 10370 170 29045 485 485 485 10405 181337 181337 170 170 170 1227434 29045 1685450 485 181337 485 170 10370 10370 501265 170 29045 485 1050905 10370 170 29045 170 10370 29045 10370 485 29045 10370 10370 29045 485 170 181337 1116050 170 170 29045 485 485 29045 29045 10370 29045 170 10370 10370 170 1227434 10370 10370 485 485 181337 29045 10370 170 1050905 485 485 10370 501265 120250 170 10370 10370 29045 170 29045 10370 10405 10370 10370 170 29045 10370 10370 170 485 2125765 170 10370 10370 485 170 170 485 10370 485 485 514 29045 170 170 10370 485 485 170 485 485 485 170 181337 170 170 29045 485 170 29045 170 181337 170 10370 170 485 120250 170 485 29045 485 501265 29045 10405 29045 29045 485 10370 170 170 485 170 2125765 29045 485 485 485 29045 29045 170 485 485 39405925 29045 1050905 485 170 2125765 269125 29045 170 485 10370 10370 10370 485 170 170 485 10370 170 10370 485 501265 29045 170 170 10370 170 501265 29045 485 501265 485 181337 2125765 10370 10370 485 10370 29045 10405 10405 29045 485 170 485 170 485 485 10370 485 170 170 29045 29045 10405 170 29045 170 2125765 10370 170 4162685 170 10370 170 170 485 170 485 485 485 10405 485 485 29045 2125765 1050905 10370 546410 485 10370 29045 170 29045 10370 170 170 29045 29045 10370 29045 485 485 501265 170 269125 485 29045 120250 485 10370 485 1050905 170 485 485 170 170 29045 10370 170 485 1116050 1685450 485 170 1685450 7080125 485 170 170 485 485 2125765 1227434 485 170 269125 10575505 485 1685450 170 10370 485 170 10370 485 170 29045 485 485 13811225 170 2125765 170 181337 10405 170 120250 485 16308125 10370 485 29045 485 10405 170 120250 485 10405 10370 1050905 170 10370 170 269125 10370 485 170 2125765 2125765 170 120250 485 485 120250 10370 290450 10370 485 9439625 39427202 10405 10370 10370 485 29045 29045 29045 10370 485 485 181337 485 170 485 485 170 10405 485 170 485 170 485 10370 170 485 485 485 10370 2125765 485 485 485 2125765 249010 170 170 485 10405 485 170 29045 485 170 170 170 29045 1267010 10370 170 10370 170 170 10370 485 10405 485 1227434 120250 501265 485 120250 10405 170 170 485 170 485 2125765 170 10370 29045 1227434 120250 170 170 17976010 485 485 485 485 1050905 29045 485 485 10370 485 29045 170 10370 514 485 170 10370 29045 29045 29045 10370 170 10370 485 485 29045 485 9010 485 485 29045 1227434 10370 170 10405 10370 485 485 170 485 170 10370 170 170 2125765 170 29045 10370 170 10370 485 10370 485 485 170 29045 485 10370 5618005 10370 10370 170 170 170 485 501265 
485 170 4850 1227434 170 10370 10405 29045 181337 485 485 29045 170 485 1050905 29045 9439625 170 1031050 10370 29045 10370 2131237 29045 485 170 2125765 170 170 10370 1802 485 170 4850 485 10405 29045 170 29045 485 170 170 485 485 170 170 546410 21385802 485 485 485 10370 485 29045 546410 170 170 29045 10370 170 10370 170 170 28910410 485 485 170 10405 29045 170 485 485 485 485 485 1258 170 10370 10405 485 170 29045 181337 170 485 29045 610130 170 485 170 29045 485 485 181337 29045 10405 170 485 2125765 485 485 29045 485 10370 10370 5834825 485 10370 4850 170 10370 4850 873970 4850 485 10370 170 4850 170 10405 170 2125765 485 10370 29045 485 170 10370 10370 10370 485 2125765 29045 485 485 485 800005 485 29045 4162685 4850 170 800005 29045 2125765 485 485 10370 116650 10370 485 170 181337 10370 10370 10370 170 10370 485 170 29045 10370 170 170 29045 485 10370 485 29045 610130 10370 170 485 10370 485 170 29045 29045 10370 485 2125765 4850 654985 4850 29045 4850 10370 170 29045 170 10370 2125765 485 170 10370 1802 10370 485 10370 485 485 170 485 10370 2125765 485 181337 170 4850 170 10370 29045 10370 4850 4850 5639225 485 1050905 485 29045 170 1258 4850 485 485 10405 10405 10370 485 485 10405 10370 10370 170 7128901 1227434 1116050 485 1802 546410 485 170 10370 485 1802 10370 170 29045 4850 485 10370 485 10370 485 
3925 10 3925 3925 3925 1601 3925 1601 5185 312505 1601 1601 1601 272485 3925 25925 10 272485 272485 272485 5185 272485 5185 312505 1601 5185 25925 272485 1601 3925 3925 1601 10 3925 272485 1601 3925 3925 1601 3925 1601 1601 31379114 1601 3925 272485 1601 272485 871202 3925 5185 1601 25925 3925 1601 236197 1601 272485 1601 1601 10 1601 1601 3925 5185 272485 3925 1601 255385 3925 1601 1279625 3925 1601 1601 1601 3925 8005 1601 255385 1601 1601 1601 3925 3925 1601 1601 5185 1601 1601 1179397 1601 3925 1601 3925 370 1601 272485 1179397 5185 10 1601 1179397 1601 1601 107650 272485 3925 1601 1601 1601 272485 33802 3925 370 1601 1601 10 
4369 10405 10405 239434 10405 10405 10405 10405 10405 10405 10405 10405 10405 10405 4369 4369 10405 239434 10405 10405 10405 10405 10405 8738 10405 10405 4369 10405 10405 15317 10405 10405 10405 729625 10405 4369 10405 10405 239434 10405 6290 6290 10405 4369 10405 6290 10405 10405 10405 10405 4369 10405 239434 4369 239434 4369 15317 10405 10405 10405 4369 10405 10405 15317 15317 239434 15317 6290 239434 4369 10405 15317 10405 10405 15317 10405 15317 4369 10405 276770 10405 10405 18218050 10405 8304517 15317 10405 10405 10405 10405 10405 4369 18218050 10405 10405 4369 239434 10405 10405 239434 10405 10405 15317 10405 10405 239434 10405 10405 10405 4369 10405 10405 10405 10405 4369 10405 4369 239434 4369 15317 10405 186325 10405 10405 141853490 121685 10405 15317 15317 10405 4369 6290 10405 10405 10405 4369 10405 10405 10405 10405 10405 10405 10405 15317 10405 10405 10405 10405 6290 10405 15317 15317 10405 4369 8738 15317 6290 4369 15317 4369 4369 15317 239434 4369 4369 15317 10405 15317 6290 15317 15317 15317 15317 10405 10405 6290 4369 10405 4369 10405 4369 169010 10405 15317 4369 10405 10405 10405 169010 4369 6393890 6290 10405 10405 4369 10405 10405 4369 10405 10405 10405 10405 10405 10405 10405 10405 10405 6290 4369 15317 10405 4369 4369 6290 10405 239434 4369 15317 10405 6290 10405 10405 10405 10405 10405 71978 4369 10405 239434 10405 10405 10405 239434 4369 10405 6290 10405 10405 15317 15317 10405 4369 10405 239434 276770 10405 10405 10405 10405 10405 15317 15317 464290 10405 15317 15317 4369 15317 10405 276770 10405 239434 15317 10405 15317 4369 10405 15317 10405 10405 10405 15317 3197105 10405 10405 10405 10405 10405 15317 10405 4369 6290 10405 10405 10405 10405 15317 4369 15317 10405 15317 10405 10405 239434 186325 10405 10405 10405 10405 10405 239434 276770 10405 10405 10405 10405 10405 15317 10405 239434 4369 10405 10405 15317 10405 10405 4369 10405 15317 10405 4369 10405 4369 10405 10405 4369 10405 15317 10405 10405 10405 15317 10405 10405 4369 10405 4369 10405 15317 239434 4369 10405 10405 15317 4369 10405 4369 10405 15317 10405 10405 10405 10405 10405 10405 10405 10405 10405 15317 10405 10405 10405 15317 6290 239434 276770 10405 10405 10405 15317 6290 239434 10405 6393890 10405 464290 15317 10405 121685 239434 6290 10405 10405 10405 10405 4369 6290 15317 15317 4369 10405 10405 10405 239434 10405 4369 10405 10405 10405 10405 4369 10405 6290 10405 10370 102154 4369 10405 10405 15317 10405 4369 6290 10405 4369 10405 71978 15317 10405 102154 10405 10405 10405 10405 4369 10405 10405 10405 10405 10405 15317 10405 15317 1512901 10405 
46085 49010 1258 49010 1258 49010 24050 1258 49010 49010 4850 49010 1258 1258 24050 49010 49010 10 4850 49010 7527530 46085 1258 46085 10 49010 46085 49010 49010 27311077 1258 1258 49010 46085 49010 46085 4850 49010 102154 49010 309137 49010 46085 49010 1258 49010 49010 4850 800005 654985 46085 1258 46085 46085 46085 1258 49010 3197105 49010 1258 1258 49010 49010 4850 24050 4850 49010 49010 4850 1258 46085 49010 49010 24050 49010 49010 49010 24050 49010 49010 4850 1258 46085 24050 49010 10 4850 24050 49010 46085 157625 49010 49010 49010 49010 49010 49010 24050 1258 46085 1258 1258 262306885 49010 17288965 49010 46085 46085 1258 102154 24050 800005 49010 46085 1258 49010 46085 46085 800005 46085 24050 49010 49010 1258 46085 102154 4850 49010 49010 46085 49010 157625 49010 157625 468469 49010 1258 49010 49010 4850 77450 49010 1258 4850 24050 46085 46085 1258 46085 1258 1258 46085 1258 49010 49010 4850 49010 1258 49010 49010 46085 49010 49010 46085 49010 49010 46085 49010 49010 1258 49010 49010 46085 4850 1258 40841378 1258 49010 49010 1258 1802 1258 49010 4850 49010 49010 1258 46085 4850 1258 49010 49010 102154 46085 49010 24050 24050 4850 49010 4850 1802 1258 49010 49010 24050 49010 46085 49010 1258 49010 49010 49010 49010 46085 46085 49010 46085 46085 1258 49010 1258 46085 49010 49010 49010 1258 1258 49010 49010 1258 1258 49010 1258 49010 49010 157625 49010 1258 1258 1258 1258 10 46085 654985 157625 49010 1258 8908402 49010 49010 46085 46085 46085 1258 46085 1258 46085 49010 1258 49010 49010 4850 1258 1258 49010 102154 49010 49010 24050 46085 24050 49010 49010 1258 4850 4850 49010 
85 18685 13450 19018 18685 85 18685 36101 85 36101 85 36101 13450 19018 1227434 36101 85 85 13450 85 85 34 36101 18685 3145 65650 18685 18685 18685 19018 85 85 170 85 10730 36101 85 19018 13450 19018 85 19018 85 19018 465125 18685 21234250 36101 13450 4802045 18685 19018 19018 465125 3849850 18685 19018 465125 19018 13450 463114 13450 19018 18685 19018 1450 51850 18685 465125 13450 13450 85 85 85 13450 13450 36101 85 19018 13450 465125 85 36101 18685 18685 19018 36101 1058005 3145 170 465125 36101 85 465125 85 18685 85 19018 8825 18685 13450 18685 85 19018 85 18685 170 36101 85 85 85 3145 85 19018 19018 13450 13450 1058005 465125 18685 36101 36101 85 85 18685 2513570 13450 18685 85 18685 13450 18685 85 202 465125 85 465125 13450 4802045 85 19018 2513570 85 18685 19018 3145 36101 465125 85 19018 18685 19018 18685 36101 18685 18685 13450 13450 85 465125 18685 13525 13450 13450 19018 1058005 36101 36101 18685 85 36101 19018 465125 2514725 26811685 13450 370 18685 3145 18685 
5410 1601 5185 882325 5185 1601 5410 370 10 5185 5185 236197 5185 5185 5185 5185 882325 1601 5185 1601 5185 89725 1601 5185 1601 1258 1601 5410 8005 5185 1601 5410 5185 5185 1258 1601 95225 5185 1601 5185 1601 882325 5185 882325 1601 5185 1601 95225 5185 882325 1601 1601 835250 1601 1601 1601 1601 5185 1601 1601 1601 5185 5185 5185 5410 1601 1601 5185 1601 5185 1601 95225 1601 10 5185 381925 1601 1601 1601 89725 8005 1601 5410 959225 1258 1576250 1601 1601 5185 1601 370 1601 5185 5185 1601 5185 1601 5185 5185 5185 1601 10 5185 95225 1601 95225 1601 1601 5185 1601 1601 5185 5185 5185 835250 5185 1601 1601 1601 10 1601 5185 5185 1601 882325 1601 1880650 5185 1601 5185 1601 1601 5185 5185 5185 5185 5185 1601 
1601 3870050 3925 1601 5185 1601 236197 8641625 10 1601 1601 1601 1601 1601 1601 5185 1601 6290 1601 1601 1601 1601 1601 2101810 1601 272485 1601 1601 95225 1601 1601 10 5185 4631105 3925 272485 1601 1601 5185 1601 1601 255385 5185 1601 95225 5185 5185 1601 1601 272485 5185 1601 272485 3925 1601 236197 1601 5185 1601 1601 5185 1601 3925 3925 8005 1601 95225 3925 1601 1601 272485 3925 1601 3925 1601 5185 10 1601 255385 1601 5185 5185 272485 1601 1601 1601 236197 5185 1601 370 10 10 272485 272485 1601 1601 1601 1601 1601 5185 14326325 272485 1601 5185 1601 1601 5185 1601 1601 33802 255385 10 5185 95225 612170 3925 5185 1601 1601 1601 10 1880650 5185 5185 5185 272485 1601 3925 236197 272485 10 3925 381925 1601 370 1601 1601 1601 1601 272485 1601 236197 1601 381925 10 1601 3925 95225 5185 5185 17170 1601 1601 3925 1601 1601 1601 1601 95225 1601 10 1601 1601 10 1601 5185 1601 382058 1601 1601 1601 1601 1601 1601 1601 5185 1601 10 1601 5185 1601 3925 1576250 1601 3925 1601 33802 1601 272485 1601 5185 1601 10 1601 107650 272485 1601 5185 1601 5185 10 1601 1601 3925 1601 1601 5185 3925 1601 1601 5185 236197 5185 8005 3925 8641625 1601 272485 1601 1601 1601 10 3925 10 1601 1601 8641625 3925 1601 1601 1601 1601 1601 1601 370 1601 1601 1601 1601 1601 33802 272485 1601 1601 1601 23188085 255385 1601 1601 3925 5185 272485 17170 5185 5185 5185 5185 1601 1601 2740553 5185 10 5185 1601 1601 272485 3925 5185 1601 5185 3925 1601 1601 1601 1601 255385 1601 1601 1601 10 1601 272485 1601 1601 272485 3925 10 1601 1601 1601 1601 5185 5185 272485 1601 381925 1601 1601 3925 1601 10 95225 5185 5185 17170 5185 1601 5185 1601 1601 1601 3925 1601 10 10 5185 1601 1601 272485 1601 272485 5185 5185 5185 5185 272485 1601 5185 1601 1601 1601 10 1601 95225 10 5185 1601 1576250 1601 5185 1601 1601 1601 1601 1601 10 5185 15701570 10 255385 1601 272485 1601 1601 3925 1601 5185 370 1601 1601 10 1601 5185 381925 8641625 1601 5185 5185 1601 5185 10 10 272485 1601 3925 95225 1601 1601 1601 1601 370 272485 5185 1601 5185 5185 1601 5867090 3925 1601 255385 45002 3925 5185 1179397 1601 1601 255385 45002 1601 1601 10 1601 381925 1601 5185 10 1601 272485 1601 370 5185 5185 1601 95225 5185 1601 5185 90433570 3925 1601 5185 3925 1601 3925 1601 10 5185 370 1601 236197 1601 
3925 17945 1601 1601 3925 272485 85 1601 14810434 1601 1601 1601 85 85 1601 1601 465125 465125 1601 1601 1601 1601 85 36101 85 272485 272485 272485 85 5 1601 1601 1601 65650 1601 85 1601 1601 36101 1601 202 465125 1601 146450 3925 1601 17945 1601 1601 36101 1601 272485 272485 36101 1601 272485 85 1601 3925 1601 272485 1601 1601 85 25925 272485 1601 1601 1601 1601 1601 1601 1601 36101 1601 202 3925 3925 85 1601 1601 85 465125 1601 465125 18218050 85 85 272485 1601 85 85 207014545 1601 1601 465125 36101 36101 1601 1179397 3925 56972305 85 85 85 36101 239434 1601 85 36101 1601 85 1601 85 85 1601 1601 1179397 85 85 36101 85 1601 85 1601 1601 85 85 1601 1601 1601 3925 
538645 4357 188065 4357 4357 27217 4357 188065 538645 538645 4357 4357 74 4357 27217 4357 4357 4357 188065 4357 10370 27217 188065 27217 1765 188065 1654865 27217 4357 4357 188065 27217 27217 538645 290 4357 4357 188065 4357 4357 188065 188065 74 188065 188065 10370 27217 2517770 1654865 169010 27217 188065 16908125 188065 74 188065 538645 27217 4357 188065 4357 188065 4357 3154177 4357 188065 4357 74 27217 4357 188065 10370 4357 188065 4357 2876417 188065 8453945 10370 188065 188065 1227434 4357 4357 74 4357 2517770 188065 27217 188065 1654865 188065 4357 3154177 188065 188065 74 188065 4357 4357 188065 4357 74 4357 188065 188065 4357 27217 2876417 4357 27217 4357 4357 4357 4357 27217 4357 10370 10370 27217 188065 4357 4357 4357 188065 188065 27217 538645 27217 3946465 4357 188065 188065 4357 10370 4357 74 188065 1227434 37829045 188065 4357 1227434 4357 27217 2876417 188065 4357 4357 188065 4357 4357 188065 74 188065 3946465 188065 10370 4357 538645 74 27217 74 4357 188065 4357 4357 188065 27217 9439625 188065 188065 188065 4357 4357 4357 290 27217 538645 4357 188065 1654865 27217 27217 10370 188065 188065 188065 74 1654865 27217 4357 188065 4357 115304645 4357 4357 4357 4357 4357 27217 27217 4357 765034 188065 27217 4357 27217 4357 27217 27217 4357 10370 188065 27217 10370 4357 74 4357 4357 2517770 4357 4357 4357 6290 74 1654865 10370 27217 10370 27217 4357 4357 2281250 546410 10370 169010 4357 4357 2281250 10370 2281250 4357 4357 4357 370 4357 10370 188065 4357 188065 188065 4357 188065 2876417 538645 4357 4357 4357 4357 4357 27217 4357 1654865 4357 4357 9439625 27217 27217 27217 4357 10370 2876417 4357 4357 4357 4357 188065 10370 4357 3946465 4357 74 169010 4357 2876417 4357 4357 27217 74 27217 4357 4357 188065 10370 27217 2876417 4357 5218405 538645 765034 4357 188065 27217 4357 4357 4357 765034 188065 10370 4357 74 188065 1654865 188065 74 27217 4357 10370 74 188065 4357 8702794 4357 4357 4357 4357 4357 10370 4357 538645 74 4357 4357 188065 4357 4357 2281250 188065 188065 10370 4357 188065 169010 4357 4357 188065 4357 4357 30889802 74 4357 4357 74 188065 188065 10370 188065 188065 4357 27217 188065 4357 169010 4357 74 4357 4357 4357 4357 4357 1654865 538645 74 4357 4357 188065 188065 1227434 74 538645 10370 27217 10370 4357 188065 4357 27217 188065 4357 27217 188065 188065 538645 4357 4357 538645 10370 188065 538645 188065 3946465 538645 4357 4357 4357 188065 4357 1654865 10370 4357 4357 188065 1227434 10370 4357 4357 27217 3154177 538645 1765 188065 188065 2876417 27217 74 4357 188065 188065 4357 3946465 188065 188065 4357 4357 1654865 4357 27217 4357 2876417 74 1227434 538645 188065 10370 10370 4357 27217 
19018 19018 19018 239434 465125 85 85 1058005 85 85 85 85 8330017 85 19018 85 36101 85 19018 85 465125 36101 51850 85 3145 85 36101 36101 19018 36101 85 85 465125 36101 85 85 170 18685 85 19018 56871865 85 36101 85 85 36101 465125 465125 9487370 19018 36101 85 465125 13450 465125 85 85 19018 85 19018 36101 36101 170 85 85 19018 85 85 85 8825 85 36101 465125 19018 85 85 85 85 3145 85 3145 36101 170 85 36101 465125 465125 19018 85 19018 36101 36101 13450 85 19018 465125 19018 13450 36101 85 465125 13450 85 13450 544970 85 465125 13450 4460545 465125 74 36101 19018 85 85 19018 85 85 239434 85 85 85 85 85 85 85 36101 465125 85 13450 36101 465125 9487370 36101 85 3145 36101 36101 3145 13450 36101 465125 19018 85 465125 65650 85 465125 36101 202 36101 465125 19018 85 36101 8330017 85 85 85 85 10730 13450 19018 85 465125 85 85 36101 19018 465125 36101 19018 85 25456925 36101 85 19018 85 465125 2513570 202 85 239434 202 19018 85 36101 13525 85 19018 19018 85 19018 85 26811685 13450 19018 85 13450 3849850 85 85 19018 465125 85 36101 465125 85 85 2657525 19018 170 85 19018 19018 13450 19018 36101 13450 36101 170 13525 36101 36101 1450 85 19018 465125 25456925 85 85 465125 19018 19018 19018 3145 85 13450 14810434 465125 13450 13450 85 85 85 85 85 85 19018 36101 85 85 19018 13450 13450 19018 13450 36101 3145 85 4424810 13525 19018 95844101 13450 7086245 85 36101 465125 42807385 85 19018 465125 85 85 465125 19018 85 85 465125 19018 85 19018 36101 36101 85 19018 13450 85 384243301 13450 85 
25925 3925 25925 272485 85 3925 85 3925 85 85 25925 85 98570 1279625 36176725 3925 85 85 312505 1279625 3925 85 85 5551114 85 3414002 3925 25925 85 3925 85 3925 1601 8005 8005 3925 8005 25925 85 1601 312505 3925 85 272485 8005 312505 85 3925 272485 3925 37867525 3925 1601 85 272485 8005 85 25925 85 25925 3414002 3925 3925 85 3925 3925 3925 1240025 3925 66725 312505 25925 85 1179397 17945 1240025 85 3925 3925 3925 312505 85 3925 3414002 85 3925 25925 3925 3925 89229634 8005 85 85 3925 3925 3925 85 3925 1179397 25925 85 3925 8005 312505 3925 312505 3925 272485 85 1601 25925 85 25925 3925 3925 3925 3925 2679625 85 1601 3925 3925 312505 312505 85 85 3925 312505 85 312505 3925 3925 3031865 3925 3925 3925 85 312505 25925 85 3925 3925 85 66725 3925 3925 85 25925 25925 85 
505 202 505 15152525 202 1717 1717 202 202 8245 1717 286565 1717 1717 1717 77450 202 202 8245 1717 1717 1717 286565 202 202 202 1717 202 940325 202 63370 1717 202 202 1717 202 63370 8245 202 1717 286565 1717 8245 202 1717 202 69227434 8245 74 202 1717 202 202 202 202 202 202 8245 1717 1717 240101 202 202 1717 202 505 202 505 202 202 202 1717 202 1717 202 1717 1717 1717 202 505 1717 8245 202 1717 8245 202 240101 202 1717 202 1717 202 202 202 1717 286565 202 1717 202 1717 1717 1717 240101 202 1256785 1717 202 77450 202 202 8245 1717 202 8245 202 202 1717 74 202 8245 505 1717 8245 202 202 976825 202 202 505 202 1717 202 202 1717 202 434314 1935025 202 202 8245 202 202 1717 202 505 8245 1717 1717 202 7527530 1717 505 202 8245 8245 1717 8245 1717 202 202 202 1717 4977785 1717 1717 8245 1717 202 202 55114 202 202 1717 1717 202 1717 202 202 1717 202 505 202 202 146450 1717 1717 1717 505 8245 202 202 202 202 202 1717 202 1717 202 202 202 202 1717 1717 2178005 1717 202 1717 1717 940325 202 202 202 202 1717 202 1717 202 1717 1717 202 1717 1717 202 202 1717 202 505 202 202 505 202 8245 1717 1717 1717 1717 202 8245 505 8245 1717 202 1717 202 202 202 1717 8245 202 202 202 8245 1717 202 1717 1717 1717 1717 202 1717 505 202 1717 202 202 1717 202 202 505 286565 1717 1717 8245 1717 77450 202 1332970 1717 202 1717 156658 202 202 202 202 202 202 202 202 1717 505 286565 940325 8245 202 202 8245 1717 1717 505 1717 8245 1717 202 1717 1717 202 1717 202 1717 202 1717 1717 1717 8245 202 9063050 247810 1717 1717 8245 1717 202 202 1717 202 202 77450 1717 1717 202 202 286565 1717 240101 1717 1717 202 202 202 1717 202 202 202 202 1717 240101 1717 202 240101 63370 202 202 1717 1717 202 202 202 1717 202 8245 202 1717 202 202 202 940325 24893570 1717 202 1717 1717 202 202 202 202 202 8245 202 202 202 202 1717 63370 156658 202 8245 434314 8245 202 2724850 8245 202 1717 505 55114 202 77450 940325 1717 202 202 1717 202 63370 1717 202 202 28995829 8245 1717 1717 202 1717 202 202 505 1717 202 202 1717 1717 
170 170 170 578017765 170 170 170 170 170 45002 45002 170 59170 170 170 170 679225 170 170 170 59170 4488010 122434 170 122434 170 170 170 170 27111269 170017 170 45002 45002 170 170 170 45002 170 1050905 170 170 45002 112897 61217 170 170 170 170 170 170 170 170 170 1050905 170 61217 170 112897 45002 170 170 61217 170 170 170 170 170017 170 170 170 61217 45002 170 170 45002 170 45002 170 112897 170 170 45002 12221570 170 170 170 45002 45002 170 1717 170 170 1050905 122434 170 61217 170 170 170 170 1050905 170 170 170 112897 170 1717 122434 170 170 45002 170 170 170 1050905 170 170 170 170 170 170 170 170 170 1717 170 170 170 170 2212405 170 170 170 1717 1717 170 61217 170 45002 170 170017 170 59170 170 4654585 170 122434 170 170 170 170 45002 170 170 170 45002 61217 45002 112897 61217 170 170 170 170 1717 1050905 122434 5301490 170 679225 45002 170 170 45002 61217 170 170 45002 170 170 170 19978825 88791625 170 170 170 170 170 170 12446785 170 61217 170 170 170 170 45002 45002 59170 170 170 1717 40269125 45002 170 170 2570 45002 45002 170 61217 170 1717 61217 170 1717 45002 170 170 112897 1717 45002 45002 170 170 170 1812445 170 170 170 59170 170 170 170 61217 261994 170 170 61217 170 45002 170 170 40269125 45002 170 170 170 170 170 170 1717 61217 767377 170 170 170 353942885 170 170 170 61217 170 11289601 170 170 45002 170 45002 61217 170 61217 170 112897 170 170 45002 170 112897 170 170 170 45002 170 170 170 170 170 45002 170 170 170 165005417 170 45002 170 122434 122434 45002 170 1717 170 45002 45002 170 170 3434 170 45002 170 170 1717 170 170 170 170 170 170 170 170 170 170 45002 1812445 170 170 170 170 1050905 170 112897 170 170 170 45002 170 170 170 170 170 45002 45002 45002 170 170 170 170 170 1717 170 170 170 170 61217 1717 170 3030505 170 170 1717 170 170 45002 1717 170 170 170 170 170 170 170 1717 36942085 27111269 59170 170 170 170 170 170 170 170 170 11289601 170 45002 8140885 170 170 170 170 1717 170 170 12221570 170 170 170 1717 170 61217 1050905 170 45002 170 170 170 1050905 170 170 122434 679225 170 170 1717 7623317 170 170 170 170 170 4900505 170 170 170 170 170 170 170 170 45002 170 170 1050905 1812445 61217 170 170 170 170 170 170 131665 170 170 170 170 1717 170 170 170 170 45002 170 61217 170 170 170 
273205 10405 29045 3925 463114 29045 459850 10405 29045 29045 29045 10405 3925 3925 29045 110245 10405 29045 10405 29045 10405 72901 10405 29045 10405 29045 10405 72901 10405 459850 3925 29045 10405 10405 29045 3925 29045 29045 10405 29045 29045 170 463114 29045 10405 170 170 29045 29045 29045 72901 4755530 463114 72901 72901 10405 110245 10405 10405 29045 29045 29045 29045 10405 72901 29045 10405 459850 29045 10405 10405 72901 10405 72901 200320130 10405 15317 10405 29045 29045 10405 29045 10405 10405 29045 29045 10405 29045 714425 10405 10405 10405 29045 3925 29045 10405 10405 72901 463114 29045 10405 72901 463114 72901 459850 29045 4369 72901 10405 29045 29045 10405 459850 2185625 29045 72901 29045 29045 15317 10405 10405 3925 29045 72901 29045 15317 4251845 29045 72901 72901 29045 29045 110245 29045 3925 4369 29045 10405 29045 273205 29045 29045 10405 14382085 29045 29045 29045 29045 15317 10405 10405 29045 29045 29045 29045 29045 29045 10405 29045 72901 29045 10405 29045 10405 29045 170 29045 10405 29045 72901 29045 29045 10405 51914 29045 72901 29045 10405 4369 10405 463114 72901 459850 4369 170 29045 29045 2185625 29045 29045 463114 72901 29045 29045 72901 29045 72901 10405 29045 3925 29045 29045 10405 170 72901 29045 29045 29045 4584485 72901 72901 72901 29045 29045 15317 10405 29045 72901 29045 72901 459850 72901 29045 459850 10405 72901 4251845 29045 29045 10405 104050 72901 29045 104050 110245 72901 29045 110245 10405 10405 29045 72901 10405 10405 5525 29045 72901 72901 72901 72901 72901 72901 10405 72901 72901 29045 29045 10293925 29045 10405 29045 72901 72901 463114 72901 29045 29045 15317 3737 10405 29045 273205 29045 29045 72901 29045 29045 4369 29045 4251845 72901 29045 10405 29045 72901 176290 29045 29045 10405 29045 29045 734474 10405 463114 29045 370 29045 29045 72901 29045 10405 72901 72901 13877785 463114 463114 110245 3723850 29045 29045 29045 
9802 720002 17 17 17 17 1924925 12325 5301490 17 89725 9802 45002 45002 9802 12325 884425 17 9802 1133458 9562517 2106385 45002 679225 9802 170 17 17 45002 12325 17 17 170 17 17 17 10 17 17 17 12325 17 17 17 17 17 17 17 1924925 45002 17 17 17 9802 45002 45002 17 45002 17 720002 170 18434594 17 45002 170 45002 17 17 45002 45002 17 17 17 17 45002 17 170 17 17 170 17 12325 17 17 17 17 17 17 17 9802 679225 9802 45002 17 17 720002 17 17 170 9802 170 170 45002 12325 7474 12325 89725 17 17 12631765 17 261994 17 45002 1133458 17 170 45002 17 17 17 17 17 17 17 884425 17 9802 12325 9802 17 17 17 17 17 9802 17 17 17 170 17 9802 17 17 12325 10 45002 17 9802 45002 17 45002 17 170 17 261994 170 9802 720002 17 17 170 17 170 45002 17 17 17 7474 261994 9802 17 17596885 17 17 45002 12325 2106385 17 261994 9802 17 17 17 12325 170 9802 45002 17 23343125 17 17 45002 43690 17 17 17 45002 17 21172117 3597217 720002 9802 17 679225 17 17 17 17 9802 17 89725 17 17 679225 12325 17 17 9802 17 17 17 261994 89725 170 45002 9802 9802 17 9802 17 17 170 17 261994 17 17 17 9802 261994 720002 17 17 12325 17 17 89725 720002 884425 17 
10405 10405 29045 10405 29045 4369 15317 170 15317 10405 10405 29045 10405 276770 29045 10405 4850 10405 10405 10405 4369 459850 10405 9363601 10405 15317 121685 10405 29045 10405 10405 29045 15317 10405 10405 15317 29045 15317 459850 29045 10405 29045 4369 260047877 29045 10405 10405 10405 10405 276770 29045 29045 10405 10405 29045 10405 464290 15317 15317 10405 10405 29045 29045 8304517 4369 10405 15317 10405 276770 10405 10405 15317 459850 10405 10405 10405 10405 15317 29045 10405 10405 15317 10405 4369 10405 10405 7911229 29045 29045 10405 15317 15317 10293925 10405 10405 10405 10405 29045 10405 10405 15317 29045 15317 29045 10405 10405 10405 10405 10405 10405 10405 10405 10405 29045 4369 
170 170 170 1050905 170 122434 170 170 170 170 170 170 122434 170 170 170 170 170 170 170 170 61217 1050905 2020202 170 170 108574850 170 55114 170 170 170 170 170 170 170 170 170 170 170 122434 170 170 170 170 170 170 170 170 170 170 170 55114 170 170 170 170 170 170 170 170 170 170 170 170 4654585 170 170 170 170 170 170 170 170 170 170 170 170 170 170 170 170 61217 170 170 1812445 170 170 61217 170 170 170 122434 1050905 170 61217 170 61217 170 170 170 170 170 55114 170 170 170 170 61217 170 1050905 170 170 170 170 170 170 170 170 170 4654585 170 170 170 170 61217 170 170 170 170 170 4234 170 170 170 1050905 170 170 170 170 170 61217 170 170 61217 170 170 170 170 170 170 170 170 61217 170 4234 170 170 170 170 1316650 170 59170 112370 170 170 170 25027250 1050905 170 170 170 170 170 170 170 170 112370 170 170 170 170 170 1050905 170 170 170 170 170 170 61217 170 59170 170 170 170 170 170 59170 170 170 170017 170 170 170 170 170 170 170 170 170 170 170 170 170 170 170 170 170 170 170 170 170 170 40269125 170 170 170 170 170 170 170 170 61217 170 170 170 61217 1050905 170 170 170 170 170 170 170 170 170 170 170 170 170 170 170 9117725 170 170 1050905 170 170 170 61217 170 170 170 170 170 170 170 170 170 170 170 170 170 170 170 170 170 170 170 170 170 170 170 170 170 
170 272485 370 18685 25925 170 1601 1601 3925 272485 1601 170 170 18685 1601 170 1601 170 3925 25925 3925 25925 25925 3925 18685 3925 170 1601 1601 1601 1601 1601 1601 170 1179397 3925 170 272485 3925 227650 3925 170 4411625 272485 1601 170 370 1601 1179397 1601 170 1601 272485 1601 3925 1601 1601 25925 90433570 272485 1601 1880650 3925 3925 170 272485 370 3925 1601 170 1601 1601 18685 170 3925 1601 1601 1601 1601 1601 170 1179397 1601 1601 1179397 25925 1601 170 1601 25925 1601 170 170 236197 3925 18685 3925 170 1601 18685 272485 170 25925 1601 10 1240025 1279625 1601 3925 1601 1179397 10 25925 1240025 1601 1601 1601 3925 170 272485 18685 1601 10 18685 255385 10 1601 25925 272485 1601 1601 1601 1138250 1601 1601 170 170 3925 170 25925 8641625 1179397 236197 272485 170 170 1601 272485 34 1601 1601 272485 3925 170 18685 170 25925 1601 25925 272485 1179397 170 236197 1601 3925 1601 1601 10 3925 1179397 1601 1601 1601 1601 170 18685 18685 170 1601 26820650 1601 1601 18685 272485 18685 3925 1279625 3925 18685 1601 170 170 18685 1179397 3925 3925 170 272485 3925 170 1601 1601 3925 272485 272485 25925 272485 1601 1576250 1601 170 3925 3925 1601 170 1601 1179397 1601 170 1601 170 170 1601 3925 3925 1601 170 170 18685 1601 1279625 1601 1601 1601 1279625 272485 370 25925 1601 170 1601 1601 1601 1601 1601 312505 3925 272485 272485 236197 170 18685 1601 272485 170 170 1179397 1601 312505 170 272485 236197 312505 1601 1601 170 3925 3925 1601 34 1601 170 3925 170 1179397 170 18685 170 1601 1601 1601 1601 1179397 1601 18685 25925 170 170 170 3925 1601 170 1601 1179397 1601 1601 3925 25925 1601 18685 272485 312505 1601 1240025 18685 1601 1601 1601 25925 272485 3925 10 272485 170 236197 1179397 25925 170 1179397 236197 170 1601 1601 1601 170 1601 34 272485 1601 1179397 1601 1601 18685 25925 370 170 10 272485 3925 8158685 170 1601 3925 170 1601 1601 1601 1601 3925 3925 1601 1601 34 1601 66725 18685 3925 3925 3925 3925 170 1601 25925 1601 1601 1601 1601 1601 1179397 170 3925 1601 170 3925 25925 25925 1601 1601 3925 3925 1179397 1601 170 3925 1601 1601 1601 1601 1601 1601 18685 25925 1601 3925 25925 272485 18685 25925 170 370 25925 170 1601 170 1601 1601 3925 170 3925 3925 18685 1601 3925 25925 25925 1179397 25925 3925 3925 3925 18685 8641625 272485 1601 
46085 51077 49010 46085 46085 46085 46085 49010 46085 102154 49010 46085 49010 46085 46085 46085 46085 815813 26193925 51077 51077 46085 49010 49010 46085 51077 51077 800005 46085 35356985 46085 4850 309137 46085 46085 49010 800005 51077 46085 46085 46085 157625 51077 46085 679730 1069085 1258 51077 46085 49010 49010 46085 51077 46085 309137 10 970 46085 49010 102154 16332850 2570 46085 157625 51077 51077 49010 46085 49010 309137 309137 46085 46085 49010 49010 49010 46085 51077 46085 46085 800005 49010 46085 46085 51077 1570 46085 46085 157625 46085 800005 49010 49010 46085 49010 309137 2570 49010 102154 46085 4850 46085 51077 46085 4850 157625 46085 4401605 10 157625 51077 46085 157625 46085 157625 46085 243370 51077 46085 49010 46085 51077 51077 49010 46085 46085 46085 46085 46085 1570 51077 46085 49010 46085 49010 49010 51077 46085 49010 46085 51077 46085 46085 49010 51077 51077 46085 46085 49010 46085 1570 819202 46085 51077 49010 46085 1570 46085 49010 49010 46085 51077 49010 46085 46085 49010 60810425 49010 46085 51077 51077 51077 51077 309137 49010 46085 46085 51077 51077 309137 49010 49010 49010 800005 102154 309137 46085 46085 46085 51077 654985 49010 46085 51077 49010 46085 22474 49010 49010 157625 51077 49010 46085 49010 46085 51077 46085 46085 51077 51077 46085 157625 49010 46085 46085 46085 46085 46085 51077 46085 102154 157625 51077 49010 157625 51077 654985 
286565 190450 202 8245 74 101 74 101 101 363701 8245 74 74 74 202 202 101 31754 202 74 456977 74 74 202 74 74 456977 101 74 8245 8245 392005 190450 74 74 202 74 202 8245 101 101 101 101 202 286565 8245 202 101 456977 456977 101 74 202 74 74 247810 456977 74 74 74 101 74 202 202 74 202 8245 8245 1450 8245 8245 74 74 8245 74 101 202 202 202 101 8245 74 202 202 10730 8245 202 202 2425 74 101 980101 74 202 101 74 101 8245 8245 8245 8245 675685 101 202 101 8245 8245 8245 286565 202 74 74 129549925 202 190450 2425 202 101 8245 202 74 202 74 101 74 74 202 286565 74 74 202 8245 202 74 8245 363701 8245 74 8245 456977 785 8245 202 363701 363701 8245 202 8245 456977 74 101 74 74 101 74 74 74 101 202 74 202 8245 74 363701 202 456977 8245 74 101 202 202 202 317645 202 74 74 74 
3737 1258 3737 136085 3737 6137170 3737 1258 3737 3737 1258 1258 3737 1258 3737 666185 1258 136085 24050 3737 1258 1272385 3737 49010 2979925 2594 3737 55114 3737 1258 2979925 3737 3737 1258 3737 3737 3737 3737 1258 3737 49010 3737 3737 1258 6290 49010 3737 136085 1258 1258 136085 55114 3737 3737 3737 3197105 1258 3737 1258 1258 49010 136085 7360405 6290 3737 3737 136085 3737 6290 1258 1258 3737 3737 49010 3737 24050 2594 3737 1258 24050 136085 3737 3737 3737 3197105 24050 3737 1258 1258 2594 3737 1258 3737 1258 136085 1258 2979925 3737 49010 3737 2284850 1258 136085 3737 1258 1258 136085 3737 3737 3737 3737 1258 24050 136085 1258 1267010 74 3737 3737 24050 1258 49010 1258 3737 220505 1258 3737 3737 74 136085 24050 3737 3737 136085 220505 3737 6290 1258 3737 3737 3737 1258 3737 3737 1258 3737 3737 3737 1258 49010 3737 3737 2594 24050 3737 3737 3737 1258 1258 3737 3737 3737 2594 3737 1258 1258 1258 220505 6290 1258 49010 3737 3737 3737 2594 1258 3737 6290 24050 3737 3737 2594 3737 24050 24050 1258 2594 136085 195365 3737 1258 1258 1258 3737 3737 3737 3737 4246850 1258 3737 1258 1258 1258 24050 1258 1258 1258 3737 1258 3737 3737 3737 136085 3737 1258 3737 136085 136085 24050 3737 3737 1258 1258 3737 12325 3737 136085 1258 6290 49010 3737 49010 49010 3737 136085 3737 3737 3737 6290 220505 3737 3737 3737 1258 3737 3737 3737 6290 3737 136085 3737 1258 3737 3737 1258 1258 3737 1258 3737 3737 1258 3737 3737 1258 1258 
1258 1601 272485 1258 370 1601 24050 1601 1258 255385 1258 1258 3737 3737 1601 1601 3737 1601 1258 1258 1601 24050 1601 3737 1601 1601 3737 3737 1258 1258 49010 339865 1601 3737 3737 1258 1601 1258 1601 1601 24050 1601 255385 1258 3737 1601 10 49010 1601 370 1601 1601 1601 49010 1601 1601 871202 3737 3737 49010 255385 10 1258 1601 1601 370 49010 236197 1601 236197 255385 1258 1601 1601 272485 1601 1601 107650 1258 24505 1601 1601 1601 1601 3737 3737 312505 24050 49010 3737 3737 10 3737 49010 3737 1601 1258 1258 1601 98570 1601 1601 1601 8005 1258 1258 1258 1258 1601 24050 1601 3737 236197 1601 3737 3737 10 1258 1258 3737 1601 236197 74 49010 1258 1601 49010 1601 1601 49010 1258 3737 27050 3737 3737 1258 1258 3737 3737 1258 1601 49010 1258 3737 3737 24050 1601 1601 1258 1601 1601 3737 1601 31379114 1279625 1601 49010 1258 1601 3737 24050 10 1258 3737 1258 3737 3737 1258 10 1258 33802 1258 1258 1601 3737 1601 10 1601 1601 1601 3737 1601 3737 1601 6317650 272485 1601 49010 1601 1601 3737 24050 49010 3737 1601 1601 1258 1258 1601 3197105 8005 1601 3737 1601 1601 1258 255385 1601 1601 236197 3737 49010 255385 1601 1258 49010 1601 24050 1258 1601 3737 3737 1601 1258 24050 3737 1258 3737 3737 1601 1601 1601 3737 1258 1601 1258 1258 3737 3737 1601 1601 1279625 1258 1258 3737 24050 1601 1601 1601 1601 24050 1258 49010 3737 1258 1258 370 3197105 49010 272485 24050 1601 1601 10 1601 3737 1601 1601 1258 1258 1601 3737 272485 24050 1601 1601 1258 3737 1601 49010 1601 1601 3197105 3737 49010 236197 49010 32387618 24050 3737 236197 1601 10 1601 1258 10 1601 38090 1601 1601 1601 24050 1601 236197 1601 1258 24050 24050 49010 3737 236197 272485 1258 1601 3737 1258 1601 1601 1601 3737 1258 370 1601 236197 1601 1258 1601 3737 370 1601 1601 3737 3737 1258 236197 49010 10 3737 1258 1258 370 24050 10 1258 3737 3737 10 3737 49010 10 1258 24050 1258 1258 1601 1601 1258 255385 1258 1258 1601 1601 10 1601 1601 1258 1601 1258 1258 272485 49010 
85 3530 34 85 85 1331593 5365 85 5365 36101 17945 85 34 3530 85 5365 85 85 19018 85 5365 239434 34 85 3530 485 85 3530 3530 3530 85 5365 36101 5 34 5365 485 34 34 85 36101 85 85 85 34 4753970 987530 3530 239434 3530 85 85 485 24799490 34 17945 85 85 34 85 6394645 17945 85 85 34 3530 34 3530 5365 85 19018 85 19018 85 85 3530 3530 3530 85 3530 3530 3959705 394101905 3530 5 3530 85 3530 34 3530 85 85 695185 3530 239434 85 3530 3530 3530 3530 4753970 6492725 85 3530 85 85 5 85 85 3530 85 3530 85 29955250 3530 3530 3530 85 1285 239434 19018 3530 5365 85 3530 485 85 85 5365 85 17945 3530 36101 17945 19018 34 19018 12970 3530 3530 3530 18434 17945 3530 85 5 3530 85 3530 85 3530 2036290 19018 3530 3530 17945 3530 3530 3530 3530 5365 3530 3530 3530 85 3530 3530 3530 3959705 3530 85 2036290 695185 17945 3530 485 85 85 85 85 5 3530 5365 3530 3530 3530 5 85 485 3530 85 3530 85 34 34 3530 987530 85 34 3530 485 85 85 5365 85 3530 85 5365 85 85 85 85 34 85 148138 34 34 34 85 36101 3530 34 34 3959705 5365 85 239434 485 85 85 14810434 3530 695185 3530 85 85 3530 3530 85 34 19018 85 3530 36101 6394645 3530 987530 987530 36101 1331593 85 3530 19018 5365 85 85 34 3530 85 85 85 3530 3530 36101 85 34 19018 36101 3530 19018 17945 3530 3530 85 5365 3530 3530 36101 34 85 3530 85 3530 85 34 21257650 5365 3530 5 85 85 34 3530 85 85 19018 36101 17945 3530 3530 3530 3530 85 85 3530 85 34 3530 485 85 85 17945 85 485 485 5304505 34 3530 85 85 3530 3530 34 3530 3530 85 36101 3530 85 5 3530 85 3530 3530 5 3530 85 85 17945 85 85 85 3530 485 184325 3530 85 36101 8330017 5365 3530 34 5365 85 5 85 36101 5 85 3530 85 19018 5 85 3530 17945 34 3530 85 85 34 5 3530 
202 202 202 8245 202 77450 101 8245 202 1018145 202 190450 1018145 202 202 1450 101 1450 1018145 286565 74 202 202 1332970 74 202 202 8245 101 202 101 202 202 101 456977 202 8245 74 2672930 101 1332970 202 8245 202 8245 156658 8245 77450 202 101 456977 74 202 202 202 2665090 202 74 202 1332970 202 101 190450 202 202 8245 8245 74 456977 1047370 101 8245 202 74 1450 74 8245 202 202 8245 202 456977 74 8245 202 1018145 8245 8245 8245 74 101 101 2455330 202 101 8245 456977 74 202 8245 8245 286565 8245 202 101 101 101 8245 1018145 8245 74 286565 202 74 202 101 1450 101 202 74 101 8245 202 60092825 1746485 101 101 202 456977 101 286565 202 8245 74 456977 74 456977 202 8245 216580325 74 8245 202 101 8245 8245 1450 74 8245 74 190450 202 202 145225 101 456977 101 8245 202 8245 74 8245 74 190450 101 202 8245 202 202 202 74 101 286565 8245 101 202 202 8245 202 101 8245 202 8245 74 202 74 74 190450 202 202 101 202 202 286565 202 74 101 202 2048005 202 2455330 180505 202 101 101 8245 101 202 8245 8245 8245 101 74 8245 101 202 202 74 202 202 8245 8245 202 101 286565 8245 202 1332970 202 8245 1256785 202 101 101 74 202 202 8245 1018145 74 101 101 202 202 785 456977 202 8245 8245 8245 74 8245 202 74 8245 74 2455330 8245 74 101 21353657 456977 1450 74 8245 202 8245 190450 1256785 202 101 202 740690 8245 101 202 101 202 456977 101 456977 456977 202 1332970 8245 8245 240101 202 74 1018145 247810 101 202 101 456977 202 101 74 
1179397 3925 34 3925 25925 1601 1179397 312505 272485 34 3925 3925 3925 1179397 27050 34 312505 3925 3925 3925 34 312505 1601 3925 1601 3925 3925 3925 1601 1240025 3925 3414002 25925 1601 272485 34 3925 3925 34 3925 34 1601 272485 34 25925 34 3925 3925 34 25925 3925 3925 103970 34 8005 1179397 272485 3925 25925 3925 3925 34 272485 3925 312505 8005 3925 34 8005 272485 3925 34 3925 1240025 34 3925 2679625 1279625 25925 34 3925 312505 1601 3925 272485 3925 34 312505 34 3925 3925 34 34 34 1240025 25925 3925 1601 1601 25925 34 1240025 34 1601 272485 3925 3925 3925 1179397 3925 1601 3925 3925 25925 1179397 8005 34 34 312505 3925 1240025 2268025 3925 34 272485 25925 3925 1179397 3925 1601 34 3925 3925 34 3925 3925 
485 10370 485 34 485 269125 485 485 1143250 4162685 485 485 34 34 62725 485 10370 10370 485 34 485 485 62725 120250 10370 485 10370 10370 485 290450 10370 10370 10370 10370 485 34 485 485 10370 10370 485 10370 485 34 10370 34 181337 34 10370 485 10370 485 120250 34 485 485 485 34 485 10370 10370 485 485 10370 485 181337 10370 10370 10370 34 485 10370 10370 10370 485 485 181337 485 485 485 485 34 10370 34 10370 5991050 485 2125765 485 485 485 2125765 2570 10370 10370 10370 485 485 485 5618005 485 181337 34 120250 485 10370 10370 34 
51077 51077 51077 2570 5185 51077 51077 51077 1258 1258 51077 1258 1258 2570 11955250 51077 1258 46085 1258 1258 1258 51077 51077 1258 1258 1258 149817601 1258 275570 51077 1258 1010 1258 2570 2570 1570 149817601 51077 51077 555435169 20072450 51077 5185 1570 1258 1258 1258 1570 1258 3889625 1010 51077 1258 58325 1258 1258 51077 58325 1258 370 1570 20072450 1258 1258 1258 1570 1258 1258 51077 3069650 1258 1258 51077 1258 58325 2570 51077 51077 1258 1258 51077 51077 243370 1570 5185 1570 51077 1258 46085 51077 1258 1258 51077 51077 1258 1258 58325 903170 51077 51077 1258 1258 1258 1258 29184802 1258 2570 51077 1258 1258 46085 51077 51077 51077 51077 51077 58325 1258 51077 51077 51077 51077 1570 1258 1258 5185 51077 1258 51077 51077 51077 1258 5185 1258 58325 51077 51077 51077 1258 1258 51077 1010 22474 1258 1258 58325 190450 1258 1258 51077 5185 1258 1258 1258 51077 1258 1258 51077 58325 1258 58325 1258 2570 1258 1258 51077 1570 1258 58325 275570 51077 1258 1258 51077 1258 1258 1570 58325 1258 1570 46085 5185 1258 51077 1258 51077 5185 5185 1258 1258 1258 51077 51077 51077 1258 5185 46085 1258 1258 51077 1258 1258 370 1258 1258 1258 1258 51077 1570 51077 51077 1258 1258 370 1258 1570 1258 51077 1258 1258 51077 1010 1258 46085 51077 51077 1258 1258 51077 1258 1258 5185 1258 51077 51077 1258 1258 51077 5185 5185 1258 4900505 1258 46085 1258 1258 1570 1010 51077 1258 51077 51077 30634 370 51077 1570 1258 1258 1258 1258 51077 1258 596191445 2917265 1258 1258 51077 58325 1258 1258 1258 51077 1570 58325 1010 51077 1258 51077 5185 1258 5185 51077 1258 110245 1258 51077 51077 1570 1258 51077 51077 51077 58325 1258 1258 1570 1258 51077 51077 1010 1570 
170 45002 112897 170 61217 170 1258 170 61217 4488010 45002 12325 61217 170 5185 170 170 170 59170 5185 170 170 122434 1258 1812445 61217 61217 1258 170 170 170 1258 170 170 170 170 170 170 170 1258 45002 1258 170 170 170 170 170 170 170 170 1258 45002 170017 170 170 170 1258 170 170 6708101 170 170 170 170 170 1258 1258 1258 170 170 170 112897 5185 170 5185 1258 170 45002 170 8140885 170 1258 5185 45002 1258 45002 1050905 5185 45002 45002 1258 1258 45002 1258 170 170 45002 10738730 170 170017 5185 170 
3925 8005 25925 25925 1179397 3925 312505 5185 272485 3925 3925 8005 3925 4850 8005 3925 3925 8005 3925 25925 3925 3925 25925 25925 25925 3925 5185 5185 25925 25925 3925 272485 312505 312505 25925 8005 3925 34 312505 3925 5185 3925 34 1279625 1179397 25925 1258 34 272485 25925 5185 272485 8005 3925 3925 34 5185 272485 103970 3925 5185 6528650 33802 15904145 25925 3925 34 2490914 3925 272485 1601 3925 3925 8005 8005 34 3925 3925 25925 3925 3925 3925 312505 272485 25925 34 1179397 1601 1258 1279625 3925 312505 1601 25925 3925 1258 3925 34 5185 8005 312505 34 25925 3925 34 3925 3925 8005 3925 1601 3925 5185 272485 3925 3925 3925 25925 34 3925 1601 3925 3925 3925 25925 25925 3925 272485 25925 3925 34 1601 1601 3925 1179397 1601 3925 8163434 3925 34 1240025 1279625 25925 8005 3925 34 3925 3925 381925 3925 108701477 1179397 312505 8005 312505 1601 1601 3925 25925 3925 103970 5185 3925 8005 272485 272485 1601 3925 312505 3925 3925 34 3925 3925 1240025 5185 3925 34 3925 1258 3925 1240025 34 272485 3925 3925 3925 272485 381925 8005 3925 3925 3925 1279625 34 3925 3925 3925 3925 3925 3925 3925 34 3925 1179397 3925 312505 3925 25925 1179397 1601 1601 3925 381925 312505 3925 3925 3925 1601 34 3925 1258 3925 25925 3925 5185 8005 3925 3925 3925 3925 3925 34 3925 1601 1240025 3925 3925 25925 3925 25925 25925 3925 3925 3925 34 34 5185 25925 103970 33802 312505 272485 3925 272485 3925 34 34 25925 34 3925 25925 25925 25925 3925 34 3925 272485 34 34 1601 1179397 3925 8005 25925 3925 3925 25925 25925 34 66725 34 34 3925 103970 34 3925 3925 312505 25925 3925 8005 25925 3925 3925 3925 1601 3925 1601 5185 272485 3925 3925 272485 272485 8005 34 3925 5185 272485 272485 34 312505 34 16864289 312505 1601 1601 34 3925 3925 312505 25925 5185 34 33802 1601 3925 272485 3925 3925 3925 2679625 8005 1179397 1601 381925 3925 34 2679625 25925 272485 3925 34409957 3925 1601 25925 2679625 3925 381925 103970 3925 3925 272485 1179397 312505 95225 3925 8005 3925 25925 103970 3925 8005 25925 510770 272485 34 1258 272485 272485 3925 34 8005 90433570 8005 666658 312505 3925 3925 103970 3925 8005 272485 2679625 312505 34 3925 34 3925 3925 3925 1601 3925 34 5185 1601 34 5185 34 25925 34 1601 34 25925 272485 312505 3414002 8005 3925 272485 8005 25925 1601 8005 1601 3925 3925 3925 34 3925 381925 3925 3925 34 34 3925 3925 34 3925 3925 3925 3925 25925 34 34 3925 1240025 3925 3925 1601 1258 3925 8005 510770 3925 3925 3925 8005 8005 3925 312505 272485 3925 1601 1601 3925 3925 34 34 34 3925 34 25925 272485 2490914 1601 3925 8005 3925 1258 3925 1258 272485 316850 3925 2679625 5185 312505 8005 34 3925 34 3925 1601 3925 3925 25925 349450 3925 3925 312505 8005 8005 25925 272485 1179397 312505 1258 312505 3925 1601 34 3925 103970 8158685 3925 34 1258 272485 
17 10 17 45002 17 9802 679225 17 720002 45002 45002 112897 17 10 8140885 17 170 56070145 170 17 2570 170 61217 61217 17 61217 61217 5185 45002 170 170 17 170 17 679225 170 679225 170 17 170 679225 679225 720002 17 17 170 45002 170 679225 17 9802 17 17 17 9802 5185 170 10 17 17 61217 17 112897 17 17 45002 45002 17 5185 45002 5185 17 17 17 17 17 17 45002 170 720002 17 1258 45002 170 45002 45002 17 17 17 5185 261994 17 9802 45002 45002 45002 17 17 679225 679225 112897 45002 170 112897 61217 61217 17 45002 61217 170 170 170 17 17 170 170017 170 170 45002 17 9802 112897 720002 17 45002 45002 170 720002 45002 61217 17 17 17 45002 61217 61217 170 45002 170 9802 170 17 17 45002 5185 170 17 17 45002 17 9802 45002 45002 17 61217 17 45002 170 17 17 17 17 17 45002 45002 45002 17 17 170 17 5185 170 45002 17 45002 170 679225 5185 720002 45002 45002 1258 112897 17 17 17 261994 170 170 170 45002 17 5185 17 45002 45002 17 666658 17 45002 45002 17 170 17 17 45002 43690 17 170 170 17 45002 17 17 112897 17 170 9802 5185 170 45002 170 17 720002 5185 17 17 170 61217 170 45002 170 170 9802 170 17 10 61217 9802 45002 17 45002 45002 43690 170 17 560154725 261994 170 45002 170 17 170 61217 9802 17 45002 170 5185 45002 17 17 9802 17 45002 17 45002 170 9802 17 9168970 170 17 170 45002 45002 45002 17 17 170 61217 173448901 17 17 170 170 45002 5185 17 45002 170 45002 261994 170 170 45002 17 679225 17 17 1534754 17 17 170 1258 170 17 61217 17 720002 5185 17 679225 17 17 45002 170 170 45002 170 17 45002 17 679225 1258 170 17 2106385 26810645 61217 45002 45002 17 9802 5185 61217 720002 45002 170 45002 45002 17 17 17 170 720002 45002 441010 112897 720002 170 170 170 45002 170 43690 45002 45002 61217 17 45002 112897 17 17 170 17 17 17 679225 17 17 61217 720002 679225 45002 170 170 45002 2570 45002 767377 720002 45002 261994 1258 45002 720002 17 61217 61217 679225 170 170 170 17 17 170 5185 17 170 17 720002 261994 17 170 261994 9802 679225 2570 679225 45002 17 45002 170 45002 43690 17 170 45002 170 17 17 17 170 261994 17 170 45002 61217 61217 61217 17 17 17 45002 5185 112897 17 5185 170 112897 170 45002 170 61217 17 17 112897 45002 45002 170 170 441010 17 170 17 45002 17 45002 170 45002 45002 17 17 112897 17 17 17 170 112897 61217 112370 9802 17 17 45002 17 17 17 9802 679225 26810645 170 1258 17 17 45002 17 17 9802 170017 2570 170 17 45002 61217 170 45002 17 720002 9802 17 17 170 679225 17 45002 45002 17 17 9802 5185 17 17 170 45002 17 17 55114 170 170 170 45002 17 170 170 170 45002 5185 45002 170 5185 170 5185 720002 170 170 170 45002 17 45002 17 170 720002 45002 45002 5185 45002 720002 17 45002 170 170 45002 
1717 1258 5185 170 202 202 8245 170 202 170 202 202 1717 202 170 505 1717 170 170 202 170 170 202 202 202 8245 202 202 1717 505 1717 202 286565 10447945 1717 8245 170 77450 202 8245 1717 1717 505 505 61217 202 1717 202 170 202 505 286565 170 286565 170 202 202 61217 202 202 505 202 202 505 1717 202 202 55114 1258 202 44824865 202 1717 1258 55114 202 202 286565 5185 202 202 170 5185 202 1717 1717 202 202 55114 202 5185 170 170 202 202 170 202 202 202 55114 170 8245 202 170 8245 202 202 202 202 202 202 202 505 202 170 202 202 202 202 170 8245 202 202 5185 8245 55114 202 505 202 202 8245 170 202 202 1717 202 170 286565 202 63370 940325 8245 202 170 1717 1717 170 286565 202 8245 8245 202 202 202 1717 202 170 170 2178005 8245 8245 1258 361010 202 202 202 202 202 202 170 505 202 170 170 505 170 202 170 1717 8245 1717 77450 1717 61217 1717 170 8245 8245 1332970 202 505 202 8245 505 202 170 170 170 8245 170 202 5185 202 202 202 1717 170 5185 170 940325 1717 2048005 8245 240101 170 170 202 8245 240101 202 170 202 63370 1717 202 170 202 202 1717 170 55114 1258 1717 170 8245 286565 202 77450 5185 202 170 8245 202 202 202 202 202 202 1258 202 1332970 202 202 8245 74 170 5185 1258 5185 170 940325 202 4977785 202 202 202 202 5185 202 202 202 1450 1717 3838498 1258 202 202 170 1258 240101 202 202 8245 202 202 202 8245 170 77450 3838498 202 202 4904714 170 286565 202 202 202 202 1717 202 202 170 202 170 170 8245 202 202 202 202 170 202 202 361010 5185 202 505 505 8245 61217 1717 61217 1332970 8245 1717 202 1717 240101 170 202 202 1258 202 1332970 202 1717 202 240101 202 74 170 8245 170 202 505 505 202 170 8245 202 202 202 202 202 202 202 202 202 240101 55114 170 170 940325 170 505 202 202 202 8245 1258 1450 55114 61217 170 5185 202 202 286565 202 202 202 170 8245 8245 286565 1332970 202 170 202 202 1717 202 170 1717 1717 8245 202 505 202 202 202 202 202 202 202 202 1717 63370 1258 9751250 202 202 286565 202 505 5185 170 61217 1244125 202 12923530 202 170 170 202 202 1717 5185 202 170 202 940325 1258 202 286565 202 170 1717 286565 1717 5185 202 202 202 505 286565 170 202 202 202 202 170 1717 8245 202 8245 1717 202 202 1717 202 8245 77450 5185 1717 202 286565 202 202 63370 286565 202 202 170 202 202 202 8245 202 8245 170 202 202 202 1717 170 202 940325 170 202 170 202 8245 1717 5185 202 202 8245 170 170 202 61217 202 8245 202 5185 202 202 170 170 1717 202 202 202 202 202 1717 202 170 202 
239434 85 3530 36101 85 5185 85 3410290 3530 3530 36101 85 36101 131074 85 36101 3530 85 3530 3530 85 170 17945 3530 465125 34 85 3530 5185 85 85 85 29955250 85 3530 3530 85 3530 5185 85 3530 85 170 17945 36101 170 6394645 5 85 5 85 17945 85 36101 1285 3530 85 85 695185 85 85 3530 85 19018 17945 3530 7086245 3530 3530 85 202 5 5 465125 85 3530 5185 85 19018 19018 36101 85 74 85 5185 85 85 85 85 85 85 3530 85 1267234 5 85 5185 3530 1258 5 3530 3530 65650 2036290 85 7086245 3530 85 85 695185 85 85 85 85 148138 3530 85 85 17945 170 3530 1349545 3530 3530 170 3530 3530 85 85 85 65650 85 17945 18434 5365 85 3530 465125 36101 202 85 85 3530 1331593 5 85 85 3530 3530 5185 85 3530 85 85 3530 5 3530 3530 17945 65650 85 5185 1258 85 85 3530 85 85 5185 148138 65650 19018 5 85 5185 85 2036290 85 85 465125 36101 3530 19018 85 85 170 85 5410 3530 85 85 17945 85 5185 695185 85 85 85 85 170 85 3530 2657525 40525957 5365 85 85 987530 5 85 85 3530 3530 85 118354085 3530 85 1258 5185 85 17945 17945 36101 19018 85 5008645 3530 987530 170 85 3530 85 85 3530 3530 1258 3530 3530 85 85 36101 3530 3530 3530 65650 1309970 85 85 36101 202 85 3530 17945 202 85 3530 3530 85 85 85 85 36101 85 85 124545601 3530 36101 1258 85 2036290 3530 170 85 36101 5185 17945 170 85 184325 85 1258 85 148138 3530 85 3530 85 85 36101 85 3530 3530 3530 36101 3530 3530 170 3530 3530 3530 6394645 170 85 85 5185 85 85 239434 85 202 3530 85 184325 3530 85 3530 85 85 85 85 3530 3530 381925 3530 170 85 3530 170 3530 5410 990002 3530 3530 36101 85 2657525 85 3530 85 3530 5365 239434 85 85 3530 3530 3530 3530 5 202 85 65650 85 3530 85 85 17945 85 65650 85 148138 85 5185 1258 3530 85 202 17945 381925 3530 3530 36101 85 3530 85 170 5185 15596425 85 85 202 3530 36101 85 85 3530 85 2657525 36101 85 3530 3530 2657525 2036290 3530 3530 36101 85 3530 85 85 5185 85 1258 85 85 36101 85 85 85 85 1349545 3530 3530 3530 85 170 3530 85 3530 1258 85 381925 5185 85 17945 85 85 36101 3530 3530 85 
34 485 485 34 485 3530 1331593 485 3530 485 10370 1331593 485 1685450 5365 34 5365 34 485 485 1685450 485 485 62725 485 34 3530 501265 4850 5365 34 4850 13577365 34 485 485 485 485 62725 485 485 485 34 485 5991050 485 485 485 485 34 1685450 485 34 34 5365 34 485 34 5365 34 485 34 485 1685450 5365 485 485 485 485 485 485 485 485 5618005 62725 485 5365 62725 34 34 67250 34 485 34 5365 34 485 34 485 485 5365 10370 34 1685450 34 485 34 485 10370 501265 485 3530 3530 485 485 34 485 10370 5365 485 485 485 34 34 108708965 485 1685450 485 485 485 2125765 485 485 34 485 485 34 485 5365 34 34 34 485 10370 485 485 34 34 501265 34 62725 5365 4850 269125 485 34 485 485 5365 485 34 1685450 485 485 10370 34 485 501265 485 485 485 485 485 34 485 34 34 485 485 10370 
3530 85 3530 5 36101 19018 465125 3530 3530 3530 3530 85 19018 202 3530 3530 85 85 3530 3530 3530 85 85 34 118354085 19018 85 202 5 36101 17945 2657525 3530 3530 85 3530 85 2036290 17945 3530 3530 3530 3530 21829025 3530 3530 85 3530 3530 85 17945 239434 3530 34 3530 5 3530 85 3530 85 85 85 3530 3530 85 85 3530 5 85 3530 85 3530 85 3530 3530 3530 36101 3530 3530 85 3530 3530 3530 85 85 3530 3530 85 3530 17945 85 85 85 3530 465125 85 19018 17945 34 3530 
85 85 85 85 3530 3530 15317 19018 15317 15317 102154 34 15317 85 85 85 5 990002 85 85 695185 15317 3530 3530 85 85 85 3530 15317 3530 85 85 85 85 19018 1285 85 85 15317 10405 85 17945 85 10370 3530 3530 85 85 3530 85 19018 85 3530 85 85 3530 3530 15317 118876885 85 85 19018 85 15317 15317 10405 3530 15317 3530 714425 85 17945 85 17945 15317 85 3530 85 85 987530 3530 85 5365 3530 21829025 5365 17945 85 85 3530 31651178 85 3530 85 85 5 3530 85 17945 3530 3530 85 17945 3530 3530 5 121685 3530 3530 85 19018 85 85 85 19018 5365 3530 85 85 5 3530 3530 5 85 3530 85 85 3530 85 85 3530 3530 3530 3530 3530 85 3530 3530 85 3530 85 85 3530 6394645 85 2130050 3530 85 85 3530 3530 15317 3530 3530 10405 85 85 10405 85 3530 85 3530 15317 3530 3530 85 85 3530 15317 85 85 3530 85 85 15317 85 85 85 85 85 85 34 3530 3530 17945 85 3530 485 85 3530 19018 3530 85 85 85 3530 85 485 85 3530 3530 3530 5 3530 1010 102154 3530 85 85 10405 85 85 85 85 3530 3530 19018 3530 85 85 34 17945 85 15317 85 85 10405 3530 85 987530 1331593 15317 15317 15317 15317 3530 85 15317 3959705 15317 15317 5 85 5365 3530 5 485 85 3530 15317 3530 85 85 3530 3530 85 3530 85 85 3530 85 85 3530 3530 3530 15317 17945 15317 3530 8738 3530 148138 85 85 3530 85 85 19018 85 85 3530 85 3530 5 85 85 17945 85 3530 85 85 3530 3530 3530 3530 17945 17945 85 5 3530 3530 17945 102154 3530 3530 85 85 85 102154 85 85 85 3530 85 85 5 3530 34 3530 85 987530 85 85 85 2036290 2036290 3530 85 5365 85 3530 3530 3530 3530 2036290 85 3530 85 3530 85 5 121685 85 85 3530 3530 85 85 17945 3530 85 85 3530 3530 85 85 15317 85 3530 3530 3530 85 85 85 3530 85 85 3530 85 3530 85 10405 19018 695185 5 85 85 85 1285 5 102154 17945 121685 2036290 85 5365 15317 85 3530 3530 85 5 3530 485 3530 3530 34 17945 3530 85 85 85 3530 5 3530 3530 5365 17945 3530 85 3530 85 3530 3530 85 85 85 85 85 3530 34 85 34 85 19018 85 3530 85 85 17945 3530 85 5 85 1624505 85 85 85 3530 3530 15317 85 3530 102154 18216650 5 3530 85 3530 3530 85 3530 85 15317 3530 15317 3530 17945 85 3207154 5 3530 85 85 85 3530 85 85 85 5 85 85 10370 3530 85 121685 85 85 85 3530 17945 85 485 5 15317 85 104050 85 3530 3530 5 85 3530 3530 
10370 3530 3530 485 3530 3530 10370 181337 10370 3530 4162685 3530 1331593 485 10370 3530 3530 485 485 19018 85 10370 485 2125765 85 3530 3530 34 85 5365 485 485 10370 3530 501265 501265 1685450 10370 485 3530 3530 485 485 485 3530 485 485 3530 120250 10370 269125 17945 485 3530 3530 5618005 3530 485 4162685 3530 3530 10370 17945 10370 3530 485 485 485 10370 3530 3530 120250 485 269125 485 3530 987530 85 10370 485 34 85 5365 485 485 10370 3530 3530 10370 1227434 485 3530 10370 3530 5365 3530 85 12970 3530 3530 10370 10575505 987530 485 3530 10370 485 17945 1685450 3530 1685450 485 987530 5618005 10370 501265 3530 34 10370 3530 485 3530 3530 3530 3530 3530 3530 485 3530 485 485 3530 3530 485 85 3530 85 3530 181337 485 485 10370 10370 3530 3530 485 40792537 485 3530 269125 269125 3530 10370 3530 120250 485 3530 3530 3530 15079850 485 3530 3530 85 34 3530 485 10370 485 485 485 85 3530 3530 3530 3530 3530 67535525 19018 34 3530 3530 3530 10370 485 3530 485 485 10370 10370 3530 3530 85 3530 485 485 3530 3530 485 485 3530 485 485 10370 85 
213919877 112897 170 170 61217 170 122434 170 170 3530 170 170 1050905 170 122434 3530 170 170 170 170 59170 170 170 170 61217 170 61217 170 61217 170 170 170 170 170 61217 170 170 34 170 170 170 170 170 170 170 170 112370 59170 170 170 1050905 170 170 170 4900505 45002 170 485 170 170 170 170 170 170 170 170 170 170 170 45002 170 170 170 55114 170 170 170 170 61217 61217 170 61217 170 170 11289601 170 170 170 45002 170 170 9548405 170 170 170 170 170 170 170 170 170 61217 1050905 170 122434 11289601 170 170 170 170 112897 170 61217 45002 170 170 170 170 170 61217 170 170 170 170 170 45002 170 170 112370 170 170 170 61217 170 170 170 170 45002 170 170 170 170 170 170 170 170 170 170 34 1534754 170 170 170 170 170 170 170 170 170 112897 170 170 170 170 170 1050905 170 112897 170 170 112897 170 170 170 170 1812445 112897 170 170 170 170 112897 170 170 170 170 170 112897 170 112370 170 170 170 1050905 170 170 61217 170 170 170 170 170 170 170 170 170 170 170 170 170 2020202 170 170 170 170 170 170 170 170 1812445 170 12221570 170 170 170 170 170 170 59170 34 170 170 170 170 170 170 112370 112897 170 170 170 170 170 55114 170 170 170 61217 170 170 170 170 170 170 170 170 170 170 170 170 170 170 1050905 170 170 170 170 170 170 170 11289601 170 55114 112897 
170 170 170 170 170 170 170 170 45002 4488010 3745450 170 170 1010 170 170 170 61217 170 170 170 170 170 170 170 309137 170 170 170 170 61217 170 170 170 170 170 61217 1050905 170 170 485 170 485 170 309137 170 170 170 970 170 61217 170 61217 170 170 170 170 170 61217 59170 157625 170 170 170 170 24502501 170 170 170 170 170 61217 61217 170 170 170 170 170 170 170 170 573130 170 170 170 170 1050905 170 170 61217 170 112897 170 170 170 170 61217 170 170 170 61505617 170 16332850 170 170 170 170 170 170 170 170 170 2076497 170 1050905 170 170 170 170 170 170 45002 3530 170 170 170 61217 170 170 170 170 170 170 170 170 12221570 61217 170 170 170 170 170 170 170 170 170 170 170 170 170 61217 84366937 170 3530 170 170 170 170 170 170 7623317 170 170 170 61217 170 170 170 170 157625 170 170 170 170 170 170 170 170 1050905 157625 170 170 170 170 170 61217 170 170 170 170 170 112370 170 170 112370 170 170 170 170 170 170 170 170 170 170 170 170 170 170 170 170 170 170 170 170 170 309137 170 170 170 170 3530 170 170 170 170 170 170 170 45002 170 170 61217 170 170 170 15716585 170 170 170 170 170 61217 170 59170 170 170 170 170 170 17171717 170 170 170 309137 170 170 170017 170017 309137 170 170 170 170 170 170 170 112897 170 61217 170 170 112897 170 170 170 170 170 170 170 61217 170 170 170 170 170 170 170 12221570 170 
45002 170 170 170 170 170 170 45002 170 170 45002 170 170 1812445 170 170 170 170 170 170 170 61217 61217 170 170 45002 170 170 170 170017 45002 170 45002 170 170 170 170 170 170 61217 170 170 170 45002 45002 170 61217 349615225 170 170 170 170 170 170 170 170 8140885 112897 45002 170 170 45002 170 170 170 170017 45002 170 170 170 122434 170 45002 170017 45002 170 170 8140885 170 170 170 170 45002 170 43658050 170 170 170 170 170 170 170 170 170 170 170 170 45002 170 170 170 170 45002 170 45002 1632025 170 170 170 170 170 170 170 170 170 1812445 45002 170 170 170 170 170 170 170 45002 170 170 45002 170 170 170 170 61217 170 170 170 112897 170 170 112897 170 170 1050905 61217 45002 170 170 112897 170 59170 170 55114 170 170 170 170 59170 170 11289601 170 45002 45002 11289601 170 45002 45002 45002 170 170 61217 170 170 170 170 170 170 45002 170 45002 170 170 11289601 170 45002 230614597 5301490 170 61217 170 170 45002 170 20848357 
485 485 485 485 34 485 77145925 34 34 5365 485 501265 34 485 269125 485 62725 1685450 485 1685450 34 485 5365 62725 485 485 34 1331593 34 485 485 3530 269125 62725 485 485 485 34 34 485 1665074 485 1685450 159050 485 5365 485 485 485 485 485 5365 34 3530 485 34 485 485 34 14257802 5365 485 485 34 34 34 485 485 34 485 485 485 34 485 12970 485 485 34 485 485 485 485 34 3530 485 514 34 485 485 485 485 485 485 485 485 485 1331593 34 5365 3530 485 485 3530 34 34 485 269125 485 269125 34 485 34 485 485 62725 10370 34 5365 485 485 485 485 485 485 485 485 485 485 3530 4189225 485 501265 62725 485 34 485 34 5365 485 2570 269125 34 269125 5365 5270770 485 34 485 485 514 485 1331593 485 1331593 485 485 44098 10575505 269125 3530 34 34 62725 485 1331593 485 485 34 3530 485 34 501265 485 485 34 1685450 34 5365 34 485 485 2570 485 62725 3530 3530 485 4850 3530 34 485 485 12970 34 485 1685450 34 34 34 485 485 34 987530 34 485 34 485 34 485 5365 485 485 485 485 3530 34 485 12970 1685450 485 485 83466497 34 485 485 485 34 485 34 485 485 34 34 34 485 485 2125765 5365 34 485 501265 485 485 485 3530 34 34 143280901 485 34 485 34 485 485 485 485 3530 485 485 34 181337 34 34 485 485 485 34 34 5365 485 485 269125 485 1665074 34 34 485 3530 485 485 34 34 3959705 485 485 485 485 3530 485 5365 34 34 3530 485 485 485 485 34 987530 34 485 34 1665074 1309970 485 485 485 485 34 34 485 485 485 34 34 485 34 485 485 3530 34 485 485 485 987530 485 485 485 485 62725 34 485 1331593 1685450 1685450 5365 485 34 62725 485 5365 34 5365 485 485 485 485 62725 485 485 4850 485 485 3530 10370 485 485 485 485 5618005 485 485 34 485 485 485 485 34 21257650 34 1331593 3530 34 34 3530 485 485 34 485 62725 987530 485 269125 485 485 485 34 485 485 485 77128202 3530 34 485 485 485 34 34 12970 485 7543625 485 485 485 485 485 485 485 62725 485 485 485 485 34 34 485 4850 485 5365 485 5991050 485 34 2125765 5365 1331593 485 485 485 485 485 485 485 485 485 485 485 501265 34 34 485 485 34 485 501265 34 1665074 1685450 485 485 485 3530 485 34 485 485 5365 3530 485 485 485 34 5365 4284085 34 1665074 5365 3530 485 485 485 485 485 485 34 485 485 485 1685450 10370 485 485 34 2570 34 485 485 3530 485 485 485 485 3530 485 485 485 34 485 485 34 
51077 58325 1258 1258 1258 1258 51077 5185 51077 3889625 1258 1258 51077 51077 1570 1258 1258 1258 5185 2917265 5185 1258 5410 1258 51077 51077 51077 51077 1258 1258 51077 3889625 51077 3736394 903170 1258 5410 5185 51077 1258 1258 1570 370 110245 1258 903170 1258 1258 5185 903170 1258 1258 3736394 1258 1258 5410 51077 51077 1010 1010 1258 1258 1258 1258 5185 5185 5185 5185 1258 1258 8728810 51077 1258 51077 51077 1258 5410 1258 1010 1258 1258 1258 903170 1258 5410 166685 1258 5185 1258 1258 1010 1570 1258 51077 185 95225 51077 1258 51077 58325 903170 51077 33650 1258 110245 5185 1258 58325 1258 51077 1258 1258 1570 5185 5185 1258 1258 1258 31248101 58325 1258 1258 1258 1258 5410 903170 51077 1258 51077 1258 1010 51077 1258 5410 51077 1258 1258 1258 1258 1258 51077 1258 51077 51077 1258 51077 58325 1258 370 1010 51077 1258 1258 1258 51077 1258 55114 1258 1258 5185 1258 51077 1258 58325 11803445 51077 1258 1570 1258 58325 1258 1010 51077 1258 1570 1258 1258 51077 370 1258 51077 58325 1258 5185 51077 51077 1258 51077 1258 58325 30634 1258 903170 5185 1258 1258 1258 1258 1570 1258 1258 51077 51077 2570 152352005 1258 1258 1570 21057625 1258 5185 1258 51077 5185 1624505 51077 1258 1258 2917265 1258 51077 1258 1258 1010 51077 1258 1258 1258 1258 51077 1258 51077 1258 1258 1258 51077 1258 2917265 51077 5185 903170 185 1258 5185 1258 5185 110245 51077 1258 1258 1258 1570 1258 5410 381925 370 1258 51077 5185 51077 1258 1258 58325 30634 1570 5185 5185 5185 5185 5185 1258 1570 5185 1258 903170 5185 1258 370 1258 1258 1258 51077 1258 1258 1258 51077 51077 5185 1258 1570 51077 1258 51077 1258 1570 51077 1570 1258 1258 51077 1258 1258 1258 3872005 51077 1258 1258 5185 1258 1570 1258 1258 1258 1258 1258 381925 1258 51077 1258 110245 2917265 1570 51077 51077 5185 1258 1258 51077 1258 51077 51077 3889625 1258 1258 903170 1258 51077 51077 5185 51077 51077 1258 1258 1258 51077 51077 1258 1258 1258 185 1258 2917265 1010 381925 5185 51077 51077 1258 5410 51077 51077 1258 30634 1258 1258 51077 58325 5185 
1258 17 5185 17 5410 17 54641665 9802 1258 9802 12325 17 2106385 9802 17 9802 5410 9802 10 17 2106385 17 89725 679225 17 17 17 17 5185 381925 17 1258 1258 17 17 17 1133458 12325 17 1258 17 17 1258 9802 17 17 1258 9802 1258 17 9802 10 1258 720002 1258 5301490 679225 17 71978 1258 17 884425 9802 1258 10 17 5185 653225 5185 5185 5301490 89725 5185 1258 1258 5185 5185 1258 17 9802 1258 17 5185 5185 17 1258 17 9802 17 1258 17 17 720002 5185 10 1258 1258 9802 5410 3597217 5185 17 17 17 20848357 17 1258 12325 1258 5185 5185 1258 415874 17 9802 17 679225 17 5410 17 1258 1258 46958165 1258 5185 1258 9802 1258 884425 5185 17 17 17 89725 1258 261994 17 679225 17 17 5410 1258 1258 5185 10 12325 3536425 18434 17 89725 9802 1258 9802 17 17 17 9802 10 17 1258 1258 1258 5410 5185 12325 12325 17 1258 17 10 17 9802 17 9802 9802 381925 17 17 5185 6356597 17 12325 12325 17 720002 1258 720002 89725 5185 12325 9802 17 9802 9802 89725 17 17 17 17 17 1133458 17 17 5185 10 720002 1258 1258 17 5185 17 12325 9802 17 17 89725 1034450 17 679225 1258 17 17 17 17 5410 679225 1133458 17 679225 9802 9802 679225 17 1258 5185 720002 720002 9802 1258 1258 89725 17 9802 17 1258 89725 1258 1258 464290 12325 5410 5185 17 720002 89725 5185 17 10 83153410 17 9168970 9802 679225 89725 17 17 261994 17 1258 17 17 5185 95225 1258 9562517 17 9802 95225 5185 17 17 5185 9802 415874 9802 1258 17 17 3597217 12325 17 1258 17 17 17 720002 87194885 12325 9802 2106385 17 12325 381925 17 17 17 17 17 17 1258 17 3597217 17 17 17 1258 17 5185 9802 17 17 5185 17 9802 1258 679225 1258 5185 17 5185 12325 1258 17 1258 12325 10 1258 9802 1258 1258 17 17 89725 5185 679225 1258 1258 9802 1133458 12325 9802 1258 2106385 5185 89725 17 
5185 10405 10405 141853490 10405 10405 15317 15317 10405 10405 4369 15317 10405 10405 10405 10405 10405 10405 10405 10405 6290 10405 4369 10405 10405 15317 5185 10405 15317 10405 10405 239434 10405 10405 15317 714425 10405 4369 4369 15317 239434 10405 5185 15317 4369 4369 4369 10405 10405 729625 4369 10405 10405 4369 10405 15317 15317 10405 4369 10405 4369 239434 239434 10405 239434 15317 5185 10405 4369 10405 10405 5185 10405 15317 10405 15317 29045 10405 10405 10405 6290 10405 15317 276770 10405 10405 4369 6290 10405 4369 10405 239434 15317 10405 10405 15317 10405 15317 15317 10405 10405 239434 15317 10405 4369 4369 29045 10405 10405 4369 10405 4369 10405 15317 15317 10405 10405 10405 10405 10405 29045 464290 10405 10405 10405 10405 464290 10405 10405 10405 276770 10405 15317 4369 10405 102154 10405 15317 29045 102154 5185 10405 10405 4369 10405 10405 15317 10405 5185 10405 4369 10405 4369 10405 29290 10405 29045 10405 6290 4369 10405 3197105 239434 15317 15317 10405 10405 29045 10405 10405 5185 714425 102154 10405 239434 10405 10405 10405 29045 10405 10405 10405 170 10405 10405 5185 10405 10405 10405 4369 4369 29045 10405 10405 10405 10405 29045 10405 15317 29045 102154 121685 10405 4369 15317 10405 10405 15317 10405 10405 10405 15317 10405 15317 10405 239434 10405 29045 10405 10405 15317 10405 4369 10405 10405 29045 10405 169010 10405 15317 10405 15317 10405 10405 10405 10405 10405 4369 10405 5185 5185 29045 10405 10405 3396125 15317 15317 10405 15317 10405 15317 6290 10405 4369 10405 10405 10405 4369 10405 15317 4369 15317 5185 15317 10405 10405 239434 29045 239434 4369 170 10405 10405 10405 4369 15317 459850 4369 10405 15317 239434 4369 10405 10405 4369 1624505 5185 239434 10405 10405 10405 4369 4369 10405 10405 10405 300464125 15317 6290 3197105 10405 10405 970 8908402 10405 29045 10405 6290 4369 29045 729625 170 10405 15317 10405 10405 15317 4369 10405 15317 6290 10405 29045 10405 10405 10405 4369 170 15317 5185 10405 10405 1116050 31651178 10405 10405 4369 10405 10405 15317 10405 459850 10405 10405 10405 10405 1116050 4369 464290 459850 10405 15317 10405 10405 29045 5185 10405 15317 29045 10405 4369 6290 714425 239434 10405 10405 10405 15317 10405 6290 4369 15317 10405 10405 10405 10405 10405 10405 15317 29045 10405 4369 6290 10405 10405 4369 15317 4369 15317 10405 10405 10405 5185 10405 10405 239434 273205 10405 10405 10405 10405 4369 5185 4369 4369 10405 10405 339877525 15317 15317 15317 15317 10405 4369 10405 10405 10405 4369 5185 10405 10405 15317 10405 1128970 10405 5185 10405 15317 4369 4369 15317 10405 4369 714425 10405 15317 15317 15317 15317 10405 15317 10405 10405 10405 121685 5185 10405 15317 10405 15317 15317 15317 10405 10405 10405 4369 15317 10405 15317 10405 4369 10405 10405 10405 4369 6290 102154 4369 10405 15317 102154 10405 15317 29045 71978 15317 10405 10405 10405 15317 4369 
74 74 16825 74 74 74 74 4357 74 74 980101 4357 1654865 74 2425 16908125 101 74 74 38725 74 4357 16825 74 1018145 370 4357 74 74 370 8245 8245 74 74 74 74 16193809 4357 4357 74 8245 74 74 74 16825 4357 74 8245 4357 16825 16825 74 4357 74 74 101 74 8245 190450 101 4357 16825 101 74 74 74 16825 74 74 101 363701 74 74 74 74 2425 4357 74 74 101 8245 1018145 4357 101 74 8245 8245 74 363701 74 74 456977 456977 29253025 363701 8245 74 74 101 363701 101 74 74 16825 74 101 74 190450 4357 74 74 190450 8245 4357 74 8245 363701 74 74 74 74 370 74 101 4357 31754 74 74 363701 4357 74 101 74 190450 74 74 4357 8245 190450 74 74 74 74 8245 2517770 101 74 1018145 101 74 74 16825 190450 16825 74 456977 363701 1654865 4357 74 74 74 74 74 74 16825 74 74 74 74 74 74 190450 74 4357 74 4357 74 4357 101 74 74 74 74 74 74 74 2342345 74 101 16825 4357 74 101 74 74 101 101 74 74 4357 2517770 190450 4357 8245 74 74 363701 74 4357 74 8245 74 74 74 4357 74 4357 101 456977 74 74 74 74 74 74 8245 4357 16825 74 8245 26293865 74 74 202 74 74 101 74 1018145 8245 74 74 74 101 101 74 74 74 74 4357 370 8245 60010 74 74 16908125 4357 74 74 456977 456977 74 16825 4357 74 74 74 74 16825 190450 74 16825 74 10730 4357 74 785 4357 4357 16825 74 74 74 4357 16825 4357 74 74 4357 74 8245 74 74 456977 74 456977 74 16825 74 74 8245 16825 4357 4357 101 2720017 74 16825 8245 16825 2672930 101 101 74 74 74 10730 74 16825 456977 2672930 4369 74 363701 74 74 2244005 363701 190450 456977 101 456977 16825 74 74 74 74 74 74 74 74 101 1654865 74 2425 4357 290 16825 16825 4357 16825 74 74 74 74 74 16825 4357 456977 74 74 16825 4357 101 4357 10730 74 74 74 2517770 74 74 190450 74 4357 363701 74 16825 10730 74 16825 74 4357 74 1047370 4357 74 16825 74 456977 16825 74 74 363701 101 16825 74 456977 2425 16825 16825 74 74 1654865 4357 74 190450 190450 16193809 74 74 101 101 74 74 74 74 74 16825 74 7850 16825 74 4357 74 4357 4357 8245 4357 16825 19412402 16825 74 74 74 29253025 101 8245 74 16825 74 74 74 74 74 74 74 74 74 4357 74 74 74 4357 2342345 101 74 74 31754 74 74 4357 4357 74 74 16825 190450 456977 8245 4357 74 74 363701 101 456977 74 74 16825 4357 4357 370 74 456977 456977 8245 74 74 74 4369 8245 16825 16825 363701 74 1654865 74 290 74 74 4357 74 2244005 8245 2425 8245 456977 4357 74 4369 16825 74 101 5940505 101 74 74 16825 4357 456977 2425 74 74 74 74 363701 74 74 74 4357 74 74 74 74 26293865 8245 74 456977 74 74 16825 74 74 4357 2425 10730 471250 16825 16825 16825 456977 74 74 4357 74 8245 74 4357 74 74 74 74 74 1654865 370 190450 8245 74 74 16825 74 4357 4357 74 1018145 74 
4369 10405 10405 15317 10405 4369 34 10405 239434 34 34 34 239434 34 15317 34 4369 4369 102154 10405 15317 34 4369 34 34 34 6290 34 34 8005 4369 10405 34 34 276770 970 34 34 15317 10405 4369 4369 34 34 10405 239434 6290 4369 4369 10405 34 4369 10405 4369 6290 34 15317 10405 34 71978 4369 15317 15317 15317 10405 239434 10405 3031865 34 10405 1089010 8005 8005 34 34 6290 4369 239434 102154 312505 4369 4369 6290 34 10405 15317 4369 6290 34 34 10405 10405 15317 6290 34 4369 10405 34 4369 15317 34 4369 15317 34 10405 34 34 34 34 34 34 15317 34 1512901 3411274 10405 10405 34 970 10405 239434 34 3031865 34 10405 10405 6290 4369 276770 15317 34 4369 10405 6290 4369 4369 186325 34 10405 10405 15317 6290 464290 239434 15317 102154 10405 34 970 239434 6290 6290 1512901 186325 10405 34 34 312505 4369 34 34 34 4369 8005 8005 10405 15317 15317 102154 34 10405 34 6290 34 186325 34 10405 34 34 15317 15317 6290 6290 34 15317 312505 15317 34 34 34 15317 15317 4369 10405 34 34 4369 239434 34 8005 34 34 10405 15317 10405 34 4369 34 10405 34 34 34 34 6290 15317 3031865 15317 239434 10405 10405 6290 15317 34 970 34 15317 239434 34 15317 15317 10405 10405 34 34 34 10405 34 34 34 34 10405 34 34 10405 276770 15317 34 34 10405 4369 4369 34 4369 36945845 34 4369 15317 15317 4369 34 239434 15317 15317 102154 34 239434 4369 34 15317 15317 4369 6177970 6290 312505 34 15317 34 15317 34 34 34 34 10405 34 15317 15317 15317 186325 4369 4369 10405 34 34 34 34 4369 239434 276770 34 15317 34 10405 34 34 34 10405 15317 4369 4369 34 34 34 4369 10405 34 1128970 34 34 10405 8005 10405 15317 8005 276770 4369 4369 34 34 10405 6290 8005 4369 10405 34 34 15317 4369 4369 6290 34 464290 4369 15317 5326865 34 34 34 34 34 4369 8005 8304517 8005 34 34 4369 170 10405 34 34 312505 15317 10405 34 34 239434 34 34 10405 10405 34 10405 4369 4369 34 34 34 6290 10405 1459250 4369 10405 15317 970 34 316850 6290 10405 34 15317 15317 34 10405 312505 34 10405 34 4369 8005 15317 34 10405 10405 15317 4369 34 10405 10405 4369 3031865 4369 4369 15317 10405 34 15317 6290 102154 4369 15317 34 34 34 1512901 34 4369 10405 34 4369 8005 4369 34 5326865 10405 34 10405 34 34 276770 970 10405 4369 34 970 10405 10405 4369 10405 34 34 34 4369 34 10405 34 4369 6290 34 10405 34 10405 34 10405 34 34 34 10405 4369 141853490 10405 239434 34 4369 4369 4369 34 15317 15317 8005 276770 34 4369 15317 34 34 34 34 10405 34 312505 10405 34 34 34 15317 34 34 6290 
1601 3925 3925 3925 10 272485 1601 1601 34 1601 255385 1601 370 3925 1601 8158685 255385 272485 1601 1601 3925 1601 25925 1601 3925 1601 255385 448846645 3925 25925 25925 1601 3925 1601 1601 1601 1601 1601 25925 1601 5491525 3925 1601 10 107650 1601 25925 1179397 3925 6290 25925 25925 370 1179397 25925 3925 10 3925 1601 1179397 3925 1601 25925 1179397 1601 25925 3925 255385 255385 1601 3925 1179397 1601 1601 1601 1601 3723850 10 1880650 1601 1601 3925 3925 1601 1601 1601 1601 1601 1601 1601 3925 3925 1601 3925 3925 3925 1601 236197 272485 8005 3925 1601 1601 34 1601 236197 3925 1601 25925 25925 272485 3925 1601 3925 1601 1601 612170 510770 3925 3925 272485 25925 3925 1279625 272485 8005 3925 272485 1601 1601 1601 3925 3925 1601 1179397 1601 1601 1179397 1601 1601 370 3925 1601 255385 8641625 10 25925 1601 3925 1601 1601 3925 1601 1601 3925 25925 1601 370 25925 3925 3925 3925 1601 1601 25925 1601 272485 3925 236197 612170 1601 370 3925 1601 3925 1601 842725 1601 33802 1601 236197 1601 1601 1601 1601 312505 8503690 1601 3925 3925 3925 1601 1601 1601 272485 370 1601 25925 1601 1179397 1601 3925 1601 272485 10405 1601 25925 1601 255385 10 1179397 8005 3925 1601 8641625 3925 3925 1601 612170 25925 25925 8005 3925 1601 8005 272485 1601 236197 25925 236197 1601 34 10405 272485 1601 3925 3925 1601 1601 255385 1601 3925 1601 272485 1601 1601 1601 1601 1179397 25925 25925 1601 272485 25925 1601 3925 3925 1601 1601 1601 3925 255385 1179397 1601 1601 1601 1601 1601 1601 1601 3925 1601 3925 1601 3925 3925 272485 25925 3925 1601 1601 1601 1179397 1601 1601 34 1601 3925 3925 3925 3925 25925 3925 1601 1601 1601 3925 272485 1601 1601 1601 3925 1601 1601 8005 1601 272485 1601 1601 3925 1179397 255385 1601 5997634 10 236197 1601 272485 1601 1601 1179397 1279625 1179397 1601 1138250 1601 1179397 1601 1601 34 1601 1601 8503690 34 25925 1179397 33802 1601 3925 3925 3925 272485 3925 25925 236197 3925 10 1601 1601 1601 612170 1601 272485 1601 1601 3925 3925 10 1601 1279625 1601 3925 1179397 3925 1601 10 25925 1601 3925 1179397 1601 1179397 22018250 1601 1880650 3925 1601 1601 107650 1179397 1601 25925 1601 3925 25925 10 3925 3925 1601 3925 1601 25925 1601 1179397 236197 3925 1601 272485 272485 1601 1601 1601 3925 1601 3925 255385 3925 272485 1601 1601 34 1601 3925 3925 255385 1601 3925 1601 1179397 3925 10 8005 1601 3925 3925 
18685 18685 1601 3925 272485 3925 1601 25150010 1601 1601 1601 3925 3925 8005 3925 1601 8005 5657525 3925 3925 1601 3925 54434 1601 1601 1601 25925 1601 25925 25925 1601 3925 1601 1601 272485 3925 18685 1601 3925 1601 3925 1179397 10 3925 1601 1601 272485 1601 1601 1601 1601 18685 3925 1601 3925 1601 3925 1601 25925 272485 1601 3925 3925 34 1601 1601 18685 25925 25925 3145 1601 25925 1601 1601 1601 13450 18685 1601 90433570 8005 1601 25925 1601 18685 1601 1601 10 25925 1601 1601 18685 3925 10 272485 3925 1601 1601 1601 25925 3925 666658 3925 3925 1601 272485 1601 34 1601 1601 3925 18685 25925 1601 1601 18685 3925 1601 1601 3925 3925 272485 1601 1601 272485 3925 1601 3925 1601 44975125 1601 1601 1601 1601 34 3925 25925 1601 3925 3925 8005 1601 3925 3925 1179397 3925 1601 1601 3925 1601 1601 3925 1601 25925 1601 3925 1601 1601 1601 25925 3925 1601 1601 18685 1601 3925 1179397 1601 1601 1240025 3925 1601 1601 21578474 1601 3925 1601 1601 18685 34 272485 272485 3925 1601 272485 1601 1601 1601 3925 1601 25925 1601 3925 272485 3925 1601 1601 1601 1601 3925 1601 34 3925 3925 1601 1601 3925 1601 1601 1601 1601 13450 8005 3925 1601 3925 1601 1601 33802 3925 1601 10 1601 1601 25925 312505 1179397 272485 1601 1601 3925 1601 3925 34 1601 272485 1279625 1601 25925 1601 272485 272485 25925 1601 34 1601 1601 1601 1179397 3925 1601 1601 1601 1601 55950401 34 18685 1601 25925 1601 18685 1601 3925 3925 1601 3925 272485 1601 3925 25925 3925 272485 3925 1601 3925 10 3925 8005 1601 272485 10 8005 3925 1601 18685 34 1601 1601 1601 1601 1601 1601 3925 1601 1601 1601 272485 3925 25925 1601 1601 3925 1601 1601 1601 3925 3925 1601 1601 13450 25925 3925 25925 18685 1601 1601 1179397 1601 3925 3925 272485 3925 1279625 3925 1601 1601 272485 3925 145802 1601 1179397 1601 1179397 1601 25925 25925 3925 1601 18685 1601 1601 3925 272485 3925 3925 1601 3925 1601 1601 3925 272485 272485 18685 5657525 10 1601 3925 3925 3925 312505 1601 1601 1601 1279625 1601 3925 1601 1601 1601 3925 1601 1601 34 3925 145802 3925 34 25925 1601 1601 25925 1601 1601 272485 18685 1601 312505 25925 10 18685 1601 272485 1601 18685 10 8005 1179397 3925 272485 3925 1601 1601 1601 34 25925 18685 1601 1601 3925 1601 3925 25925 25925 1601 1279625 1601 3925 1601 34 313634 1601 1601 1601 3925 5657525 3925 272485 1601 1601 272485 25925 25925 1601 1601 3925 18685 312505 1601 8005 3925 3925 34 18685 1601 3925 25925 272485 3925 1601 1240025 25925 272485 3925 
1258 49010 55114 4850 49010 3737 3737 46085 49010 1258 49010 3737 1258 1258 49010 3737 1258 49010 49010 49010 3737 1258 1258 3737 1258 3737 49010 3737 468469 1258 24050 3197105 800005 49010 1258 49010 1258 55114 3737 49010 1258 1258 1258 24050 49010 1258 3737 3737 3737 46085 4850 49010 49010 49010 49010 49010 4850 1258 49010 74 2113145 49010 1258 49010 49010 1258 3737 1258 3737 24050 1258 1258 49010 8908402 4850 3737 46085 1258 49010 49010 49010 49010 1258 49010 49010 800005 4850 654985 46085 1258 195365 49010 220505 46085 46085 49010 1258 49010 49010 49010 24050 800005 1258 46085 24050 1258 24050 49010 49010 49010 3737 49010 49010 3737 49010 49010 49010 4850 49010 1258 49010 46085 1258 51456325 1258 3737 3737 46085 74442385 49010 49010 3737 49010 49010 49010 4850 3737 4850 1258 3737 1258 49010 49010 49010 3737 49010 3737 46085 46085 1258 49010 654985 49010 800005 4850 49010 1258 2113145 7907125 4850 49010 49010 49010 3737 46085 1258 49010 3737 49010 49010 1258 1258 3737 49010 3737 49010 49010 49010 49010 3737 49010 49010 4850 49010 1258 49010 1258 468469 1258 4850 1258 3737 3737 24050 3737 49010 1258 1258 1258 49010 49010 195365 49010 49010 3737 3737 40841378 1258 3737 3737 49010 24050 1258 49010 49010 1258 24050 49010 1258 1258 1258 3737 49010 1258 49010 3737 1258 24050 49010 3737 49010 4850 1258 1258 3737 1258 49010 46085 3737 49010 1258 49010 49010 1258 1258 49010 55114 46085 49010 3737 3737 49010 1258 46085 49010 46085 3737 24050 800005 49010 3737 4850 49010 2113145 3737 49010 1258 49010 1258 10585 1258 3737 4850 7360405 55114 4850 49010 49010 46085 49010 1258 46085 49010 3737 873970 3737 800005 49010 1258 49010 49010 49010 1802 49010 1258 1258 3737 1802 49010 24050 49010 3737 1258 4850 49010 1258 1258 2113145 1258 49010 1258 3737 41225 2113145 7968034 49010 1258 1802 49010 1258 1258 2113145 24050 49010 1258 1258 3737 1258 4850 49010 3737 49010 49010 1258 2113145 800005 46085 46085 24050 46085 1802 1258 1258 24050 1258 49010 49010 3737 3737 1258 3737 49010 3737 49010 1258 46085 1258 24050 3737 1258 3737 49010 3737 1258 1258 49010 1258 49010 1258 49010 1258 4850 3737 49010 1258 1258 1802 49010 3737 24050 1258 49010 
4357 4357 10370 4357 4357 188065 10370 74 4357 546410 2281250 1227434 4357 188065 4357 4357 27217 188065 10370 27217 4357 2876417 27217 27217 4357 188065 188065 1654865 188065 188065 2876417 27217 4357 188065 10370 4357 3946465 188065 4357 4357 188065 188065 4357 181337 188065 4357 1227434 4357 3154177 4357 10370 10370 27217 8453945 169010 4357 188065 4357 169010 27217 4357 188065 4357 2876417 4357 1227434 1654865 1227434 4357 188065 27217 4357 10370 4357 1654865 188065 16908125 10370 10370 4357 1227434 4357 27217 4357 188065 1654865 10370 27217 74 188065 10370 188065 188065 188065 4357 188065 3154177 1227434 1227434 450290 4357 188065 4357 4357 188065 188065 188065 538645 2876417 27217 27217 4357 188065 546410 188065 4357 27217 188065 4357 188065 4357 1227434 4357 188065 4357 188065 4357 450290 4357 4357 27217 16908125 4357 4357 4044170 2281250 188065 27217 4357 4357 4357 27217 4357 5674685 10370 27217 4357 2876417 538645 188065 188065 188065 4357 188065 188065 74 10370 538645 188065 27217 4357 27217 1654865 188065 188065 188065 27217 188065 188065 4357 2281250 10370 1227434 27217 27217 188065 27217 10370 4357 188065 188065 188065 10370 188065 10370 188065 27217 4357 4357 188065 4357 27217 4357 4357 27217 4357 4505 4357 10370 4357 188065 188065 4357 4357 188065 4357 188065 4357 538645 290 4357 4357 4357 188065 538645 188065 188065 10370 188065 27217 4357 79448209 27217 188065 4357 188065 538645 1258 188065 188065 4357 188065 74 4357 188065 188065 188065 4357 4357 4357 188065 27217 188065 4357 188065 10370 4357 10370 188065 27217 4357 1654865 188065 4357 188065 4357 4357 1654865 27217 169010 1654865 188065 4357 188065 188065 4357 10370 188065 10370 188065 188065 4357 188065 188065 188065 188065 27217 188065 169010 188065 4357 4357 188065 1654865 27217 1654865 4357 4357 4357 4357 169010 64980002 4357 188065 4357 27217 188065 4357 538645 188065 4357 1227434 4357 538645 1227434 4357 1227434 4357 74 27217 74 188065 4357 74 3946465 4357 27217 4357 4357 188065 4357 7203530 1654865 1227434 4357 188065 2281250 4357 4357 4357 4357 10370 4357 169010 74 1765 3946465 370 4357 2517770 4357 188065 169010 1654865 74 2281250 188065 27217 188065 1765 4357 538645 188065 290 4357 27217 188065 188065 74 188065 1227434 188065 188065 4357 4357 4357 1654865 4357 188065 27217 4357 10370 74 188065 74 2281250 4357 4357 4357 188065 4357 169010 27217 188065 188065 4357 10370 27217 4357 4357 188065 1227434 2132650 4357 4357 2876417 4357 4357 10370 4357 188065 10370 188065 27217 27217 4357 74 4357 27217 27217 4357 4357 27217 4357 4357 4357 4357 2281250 27217 188065 546410 4357 4357 27217 27217 4357 4357 
1654865 74 4357 74 1654865 74 4357 74 4357 74 74 4357 74 74 4357 74 74 4357 74 74 290 4357 74 2425 4505 188065 188065 5674685 16825 4357 3946465 4357 188065 4357 74 2425 1654865 16825 74 188065 4357 4357 4357 4357 1654865 4357 74 74 4357 4357 4357 31754 16825 74 188065 188065 4357 74 4357 4357 4357 4357 16825 74 2132650 188065 4357 74 74 74 2517770 74 74 74 4357 4357 4357 4357 29253025 74 74 4357 188065 74 188065 188065 4357 4357 4357 74 538645 4357 74 188065 52200145 31754 31754 4357 370 34895050 2425 4357 4357 2425 74 74 74 3946465 74 74 74 4357 74 74 74 74 188065 4357 450290 188065 4357 4357 74 188065 74 4357 4357 370 4357 4357 12595570 188065 188065 4357 4357 74 4357 4357 16825 74 74 47742025 4357 4357 74 74 188065 538645 4357 4357 188065 74 74 4357 4357 74 4357 74 74 4357 74 188065 188065 4357 188065 188065 4357 74 4357 74 4357 74 4357 11333957 188065 1654865 74 4357 74 4357 4357 74 74 74 74 4357 4357 4357 74 1654865 16825 4357 188065 74 4357 290 74 363701 2720017 4357 16825 4357 538645 2517770 4357 4357 4357 4357 74 1765 4357 188065 4357 1654865 4357 363701 4357 4357 16825 4357 4357 74 4357 2425 4357 4357 188065 74 74 4357 4357 10730 74 4357 4357 3154177 74 31754 16825 74 74 4357 4357 74 4357 4357 74 4357 4357 74 3946465 74 4357 188065 4357 16825 74 74 2720017 4357 4357 188065 4357 4357 4357 188065 74 4357 1654865 74 74 4357 188065 1765 74 363701 4357 450290 74 31754 4357 188065 74 4357 4357 2425 83525 74 74 363701 74 74 74 74 1765 4357 74 74 74 4357 169010 16825 4357 1765 538645 74 16825 74 74 2425 370 74 4357 4357 74 4357 74 1765 16825 4357 16825 16825 4357 16825 4357 74 74 4357 4357 4357 188065 74 74 4357 4357 4357 538645 16010 4357 188065 4357 4357 74 10730 538645 16825 74 4357 3317890 74 4357 16825 4357 34895050 188065 363701 4357 4357 4357 1654865 188065 4357 4357 74 74 74 74 4357 4357 74 74 74 74 74 4357 4357 4357 4357 188065 16825 538645 4357 169010 16825 74 74 74 4357 4357 74 4357 2425 4357 1765 74 74 74 4357 74 74 4357 74 74 115628305 4357 16825 188065 
5185 1258 1258 5185 5185 5185 1258 1258 5185 1258 5185 1258 1258 5185 381925 5185 1601 51077 1258 1258 5185 5185 95225 5185 5185 1258 89725 5185 1258 1170325 2917265 5185 5185 5185 5133725 58325 30634 5185 1258 1258 1258 5185 1258 1258 5133725 1258 1258 1258 5185 185 1258 58325 381925 1258 5185 169618265 882325 5185 51077 1258 5185 1258 5185 5185 1258 1197170 882325 1258 5185 1258 1258 5185 58325 25171250 30634 882325 89725 1258 381925 89725 1258 5185 58325 5185 1258 95225 1258 1170325 5185 1258 95225 5185 370 1258 5185 5410 5185 5185 5185 1601 1258 95225 1258 5185 51077 1258 1258 1258 381925 1170325 58325 5185 5185 370 370 882325 1258 1258 1258 51077 5185 1258 1258 1258 5410 58325 58325 4631105 1258 1258 1258 1258 95225 58325 1258 882325 5185 1258 5185 5185 882325 1601 1258 1258 5185 381925 58325 51077 5185 1258 5185 5185 5185 1263530 835250 95225 5185 5185 1258 1047370 5185 30634 370 51077 5185 1800938 5185 5185 1258 370 370 1258 5185 1258 1601 1258 5185 1258 1258 5185 1258 1258 58325 89725 882325 370 1258 58325 5185 1258 1258 1258 381925 5185 51077 1258 1258 1258 1258 381925 51077 882325 1258 51077 370 370 5185 1258 51077 1258 58325 835250 1258 1258 2917265 1258 1258 58325 20072450 381925 5185 1258 1258 1601 1258 5185 370 1258 370 1258 835250 1258 5185 381925 20072450 1258 5185 1258 1170325 882325 1258 1258 51077 882325 1258 1258 1258 381925 5185 1258 5185 1258 1258 95225 51077 370 3736394 5185 1258 1258 1258 1258 5185 58325 5185 5185 5185 1258 370 5185 370 5185 5185 1258 882325 1258 5185 5185 1258 370 1259557 5185 5185 51077 51077 1258 5185 1258 1258 1258 1258 1258 1258 5185 51077 381925 1258 1258 1258 1258 5185 51077 5185 5185 5185 408850 5410 5185 5133725 58325 5410 381925 5185 51077 5410 5185 5185 1258 1601 370 5185 5410 1258 51077 1258 58325 381925 5410 5185 51077 5005450 1258 1601 5185 5185 5185 1258 1258 381925 381925 381925 5185 5185 1258 5185 51077 1258 95225 5185 5185 58325 882325 5185 835250 5185 5185 882325 1258 1258 51077 5185 1258 5185 882325 1258 5185 1601 381925 1258 5185 1258 5185 1170325 1258 5410 1258 1258 256330 5185 5185 5185 370 51077 1258 1258 1258 5185 1601 1601 882325 1258 30634 1601 58325 5185 1258 5185 1258 1258 1258 51077 5185 79385 5185 1258 5185 1258 95225 5185 5185 5185 
4357 10370 8702794 27217 10370 10370 188065 188065 4357 4357 10370 188065 10370 188065 181337 10370 188065 10370 27217 188065 13811225 10370 188065 27217 188065 10370 4357 4357 188065 4357 10370 538645 2125765 188065 188065 188065 485 4357 10370 10370 10370 10370 188065 27217 10370 27217 10370 4357 188065 4357 1227434 188065 188065 2281250 10370 1227434 2281250 27217 27217 188065 485 188065 4357 2281250 188065 10370 4357 181337 10370 27217 188065 10370 2281250 8702794 4357 10370 188065 4357 10370 9439625 4357 10370 188065 27217 10370 10370 10370 120250 27217 188065 27217 2125765 4357 10370 188065 1116050 27217 27217 10370 10370 27217 27217 4357 1227434 188065 181337 2281250 10370 27217 10370 27217 10370 485 10370 10370 4357 27217 2876417 10370 10370 169010 10370 3946465 188065 10370 10370 188065 10370 4357 5218405 188065 10370 10370 2125765 120250 9553450 27217 538645 188065 290 188065 120250 10370 188065 188065 27217 10370 181337 10370 4357 27217 10370 188065 4357 10370 10370 538645 27217 10370 188065 188065 10370 188065 169010 4357 10370 10370 10370 10370 1227434 10370 188065 188065 13811225 10370 10370 27217 27217 1116050 27217 10370 4357 10370 188065 27217 4357 27217 188065 10370 27217 10370 27217 10370 27217 4357 10370 10370 27217 27217 4357 188065 10370 4357 2876417 10370 10370 2281250 120250 10370 169010 188065 4357 27217 10370 27217 10370 10370 538645 3946465 27217 10370 188065 4357 610130 10370 538645 4357 10370 4357 188065 10370 181337 2125765 4357 4357 10370 120250 10370 120250 188065 169010 188065 10370 4357 4357 4357 10370 4357 169010 4357 181337 10370 2876417 188065 4357 4357 538645 188065 10370 1227434 4162685 10370 10370 4357 10370 10370 10370 10370 188065 188065 1227434 4357 485 10370 27217 27217 10370 27217 10370 10370 538645 10370 10370 188065 10370 10370 188065 4357 21385802 10370 10370 4357 27217 10370 188065 2876417 10370 1227434 485 10370 8702794 120250 3946465 120250 10370 10370 485 538645 188065 485 188065 188065 544505 10370 4357 10370 10370 169010 4357 1116050 10370 188065 188065 4357 10370 10370 10370 3946465 10370 188065 485 188065 2125765 188065 27217 10370 10370 2281250 4357 188065 10370 1227434 10370 181337 4357 10370 10370 27217 10370 10370 10370 10370 181337 120250 10370 2876417 188065 27217 10370 188065 10370 188065 10370 538645 10370 10370 188065 10370 27217 188065 485 188065 10370 27217 4357 538645 2281250 10370 1227434 181337 10370 27217 4424810 188065 27217 27217 4357 10370 3946465 188065 10370 538645 27217 169010 27217 10370 188065 188065 188065 4357 2876417 27217 188065 485 169010 10370 188065 5797493 188065 10370 188065 1116050 169010 188065 10370 4357 10370 10370 27217 169010 169010 10370 4357 188065 
3737 49010 2594 49010 3737 136085 1258 3737 1258 136085 3737 1258 3737 1258 3737 3737 3737 1258 1258 1258 3737 1258 49010 1258 2594 24050 3737 2113145 3737 55114 1258 3737 3737 2594 1272385 77450 136085 3737 1272385 1258 1258 3737 1258 3737 3737 12021337 3737 1258 3737 3737 3737 1258 1258 24050 24050 3737 1258 3737 3737 3737 1258 49010 1258 1258 1258 3737 1258 3737 136085 2594 3737 3737 24050 49010 24050 220505 3737 3737 24050 3737 3737 1258 3737 136085 2979925 3737 49010 1258 3737 3737 3737 3737 2594 1258 24050 1258 24050 3737 1258 136085 3737 3737 3737 3737 1258 3737 3737 107650 3737 136085 3737 6290 1272385 6290 3737 1258 136085 1258 3737 1258 3737 136085 1258 3737 1258 136085 339865 1258 1258 1258 24050 3737 3737 1258 3737 3737 3737 49010 3737 2594 3737 220505 3737 3197105 49010 3737 1258 136085 1258 3737 1258 2594 7850785 3737 55114 1258 3737 3737 3737 1272385 3737 49010 3737 3737 6290 3737 3737 3737 24050 49010 3737 136085 3737 1272385 1258 3737 1258 6290 1258 3737 3737 2594 3737 136085 3737 1258 6290 3737 3737 1258 3737 3737 3737 3737 1258 3737 3737 1258 3737 1258 6290 3737 3737 3737 3737 3737 3737 1258 3737 1258 24050 1258 1258 3737 1747250 3737 1258 49010 3737 1258 3737 3737 24050 49010 1258 1272385 136085 24050 3737 396610 3737 1258 49010 1258 1258 3737 3737 2113145 3737 136085 3737 24050 49010 3737 1258 220505 1258 24050 24050 136085 2594 3737 1258 3737 3737 2594 3737 3737 3737 1258 1258 24050 3737 3737 3737 3737 3737 136085 1258 49010 3737 3737 49010 3737 24050 3737 3737 136085 1258 1272385 2594 1258 1258 1258 24050 3737 1258 136085 24050 1258 3737 1258 136085 2594 136085 3737 49010 1258 24050 2113145 17942090 3737 24050 1258 2594 12021337 3737 49010 49010 1258 1258 1258 3737 2594 2113145 3737 136085 1258 468469 3737 3737 3737 3737 49010 3737 24050 3737 3737 49010 24050 3737 49010 3737 3737 2594 3737 3737 468469 3737 2594 3737 15881125 7850785 1258 6290 1258 1258 2113145 49010 1258 1258 3737 3737 3737 3737 3737 2594 24050 55114 136085 3737 3737 1258 3737 24050 3737 136085 3197105 24050 24050 24050 3737 1258 3737 3737 3737 1258 55114 24050 6290 1258 2594 195365 24050 3197105 136085 3737 3737 1258 3737 3737 3737 3737 49010 1258 24050 1258 3737 1258 2594 3737 1258 3737 3737 77450 136085 220505 136085 3737 1258 3737 1258 136085 1258 3737 24050 1258 3737 6290 3737 3737 1258 136085 3737 1258 3737 1258 3737 49010 24050 3737 3737 3737 3737 3737 3737 1258 3737 3737 
3925 312505 34 34 3925 34 3031865 372650 910010 103970 34 3925 3925 3925 25925 34 25925 34 1179397 8005 34 312505 34 25925 25925 272485 34 3925 103970 3925 3925 34 34 34 34 1179397 2679625 25925 3925 34 272485 34 34 6528650 8005 3925 3925 34 34 34 34 3925 3031865 34 25925 34 34 34 3925 3925 34 34 312505 25925 3925 34 3925 3925 8005 34 34 34 34 3925 3925 34 34 103970 34 312505 3925 1240025 34 3925 34 8005 3925 34 25925 34 3925 3925 34 34 34 272485 34 3925 312505 312505 34 34 3925 3925 272485 312505 34 34 3925 25925 8005 3925 3925 8005 8005 3925 34 34 3031865 2679625 34 1279625 312505 3925 3925 34 312505 3925 34 3925 34 34 312505 34 16864289 1179397 3925 25925 34 34 34 3925 25925 2490914 3925 2679625 312505 34 34 3925 103970 1179397 2679625 34 34 34 34 25925 34 3925 3925 3925 34 34 34 1279625 3031865 25925 34 3925 25925 3925 34 34 34 25925 3925 3925 1240025 3925 34 3925 1240025 510770 3925 3925 34 312505 3925 34 34 3925 291850 3925 3925 312505 34 34 3925 6528650 3925 3925 34 34 3925 3925 3925 25925 25925 3925 25925 3925 1110185 312505 3925 8005 34 25925 27050 34 25925 291850 3925 34 8005 34 3925 3925 3925 103970 34 312505 3925 3925 34 1089010 34 34 34 3925 103970 3925 1240025 1240025 34 34 34 312505 312505 8005 8005 312505 3925 34 3925 25925 8005 34 312505 1240025 15904145 25925 8005 34 3925 3925 3925 3925 1179397 3925 3925 272485 3925 25925 34 312505 3925 34 34 3925 3414002 3925 34 27936485 34 25925 34 312505 312505 34 25925 312505 8005 34 3925 34 34 3925 34 34 3925 8005 3925 3925 5551114 312505 34 34 34 34 34 3925 103970 103970 1089010 3925 312505 3925 1179397 34 3925 25925 34 33489010 34 3925 8005 34 3925 3925 272485 34 34 3925 3925 3925 34 8005 34 6290 1279625 2490914 3925 8005 3925 3925 3925 34 25925 34 34 3925 34 312505 25925 34 20054050 34 34 8005 34 312505 8005 34 103970 34 34 34 34 34 3925 34 3925 3925 3925 34 25925 125904805 34 3925 34 34 103970 8005 34 34 34 312505 3925 312505 3925 34 34 8005 349450 3925 34 3925 1240025 34 
34 43810 34 3925 34 15317 3925 8005 34 8005 103970 312505 34 3925 3925 34 34 34 34 34 34 3925 2679625 6290 34 34 34 34 34 34 34 34 34 34 1240025 3925 3925 3031865 34 34 4369 34 3925 3925 4369 34 8005 34 3925 34 3031865 34 34 34 34 25925 4369 34 34 34 3925 3925 34 2679625 5551114 34 25925 34 34 34 34 4369 103970 15317 34 34 34 34 2957314 34 43810 34 3925 34 34 6290 5551114 8005 34 34 8005 3925 34 3925 8005 312505 34 25925 4369 103970 34 43810 3925 34 312505 34 34 3925 34 34 34 3925 312505 34 34 3925 3925 34 8005 3925 34 4369 312505 6290 3925 4369 312505 34 34 34 3925 34 34 3925 3925 3925 312505 34 8005 15317 34 14826425 312505 34 34 34 3925 34 3925 34 4369 8005 3925 34 4369 103970 34 34 34 3925 16773634 8005 34 1089010 34 4369 8158685 4369 3925 5551114 34 312505 312505 2679625 1240025 25925 34 34 34 25925 34 1240025 16773634 34 34 8005 34 34 8005 34 34 34 8005 34 34 3925 34 34 34 8005 3925 34 8005 34 1240025 312505 34 312505 34 34 34 2679625 1240025 3031865 34 8005 8005 3031865 3414002 34 34 34 312505 3925 25925 34 34 1240025 25925 34 34 34 1089010 34 34 34 34 312505 34 3925 3414002 34 8005 34 34 34 34 3925 34 3925 34 8005 34 3925 37867525 34 3925 34 103970 34 1174898 34 34 34 15317 312505 34 34 34 6290 3925 34 34 34 3925 34 3925 6528650 2679625 6639370 34 15317 6290 3925 34 8005 3925 34 34 34 34 66725 34 34 34 34 34 3925 312505 34 312505 2679625 3925 103970 8005 34 34 34 3925 2679625 34 34 6290 8005 34 312505 34 34 34 10405 34 34 34 34 34 34 15317 6290 312505 6290 34 312505 34 8005 4369 312505 34 8005 130610 34 34 34 34 34 34 34 4369 6290 34 3925 312505 34 3925 3925 34 1240025 34 15317 34 4369 312505 6290 43810 34 34 3925 34 2679625 4369 34 34 312505 312505 8005 34 34 34 4369 3925 34 312505 291850 8005 34 34 34 34 4369 34 3925 25925 15317 186325 34 312505 8163434 34 34 34 10405 34 34 34 2679625 34 34 34 34 6290 34 34 34 34 312505 4369 312505 34 25925 34 383690 8005 3925 2490914 34 34 8005 6290 25925 34 34 34 2490914 6290 553815545 34 312505 8005 34 3925 32672657 34 312505 103970 1089010 34 34 15317 312505 3925 8005 34 34 34 34 34 34 34 34 34 34 34 34 2490914 8005 34 34 34 34 34 34 312505 34 8005 3925 3925 312505 312505 3925 34 34 4369 312505 10405 3031865 312505 34 3925 3925 3925 34 34 34 34 34 34 34 34 66725 34 3414002 8005 3925 4369 3925 8005 3925 312505 34 6290 15317 34 34 34 3925 312505 34 34 8005 3925 34 312505 34 
10405 34 15317 10405 34 276770 8005 34 1089010 34 34 312505 5326865 34 312505 5551114 312505 4369 4369 34 6290 34 34 276770 239434 4369 34 34 34 10405 6290 34 34 4369 34 239434 34 8005 4369 34 4369 34 4369 15904145 312505 34 34 34 34 34 34 15317 34 312505 312505 34 239434 239434 34 8005 34 1089010 312505 34 312505 239434 34 34 10405 4369 34 34 34 34 15317 34 34 10405 312505 15317 34 1089010 34 4369 10405 34 34 4369 15317 77696825 10405 34 34 34 6290 38054090 312505 34 4369 15317 3031865 6290 239434 34 239434 4369 276770 6290 6290 4369 15317 34 15317 239434 239434 8005 34 34 15317 34 34 34 34 34 34 2679625 34 10405 4369 4369 34 8005 15317 4369 8005 34 4369 464290 15317 15317 10405 312505 38054090 34 15317 34 4369 6290 34 34 312505 34 34 34 10405 10405 239434 34 8005 312505 6290 34 34 10405 51874001 10405 34 10405 2490914 15317 239434 34 34 239434 34 34 34 34 15317 6290 10405 10405 10405 3031865 34 15317 4369 34 6290 6290 34 34 34 15317 34 15317 34 729625 34 34 34 15317 4369 6290 6290 34 6290 34 239434 8005 34 34 34 312505 970 15317 10405 15317 10405 4369 34 34 34 15317 34 34 15317 10405 10405 43810 34 15317 4369 34 34 34 276770 3031865 312505 29215370 34 970 34 34 34 34 3031865 34 276770 34 312505 15317 3031865 34 34 10405 34 1089010 34 34 34 2490914 276770 4369 34 312505 10405 312505 34 34 34 2679625 15317 34 4369 34 34 312505 10405 239434 34 15317 34 34 34 34 34 312505 34 34 30396425 34 4369 34 
46085 46085 819202 51077 47169425 46085 49010 51077 49010 46085 46085 2570 157625 49010 157625 46085 49010 1258 819202 49010 49010 46085 49010 51077 51077 51077 46085 1258 46085 1258 46085 51077 46085 46085 51077 46085 46085 157625 51077 46085 51077 46085 157625 46085 157625 51077 46085 51077 49010 46085 970 1258 800005 51077 46085 51077 46085 970 1570 51077 1258 46085 4401605 46085 46085 309137 10 51077 1570 46085 46085 1570 51077 309137 46085 15716585 46085 679730 1570 46085 46085 46085 49010 46085 1570 49010 46085 157625 102154 46085 309137 51077 46085 46085 46085 46085 46085 679730 49010 1570 157625 309137 46085 46085 49010 309137 51077 46085 51077 46085 49010 157625 51077 51077 46085 157625 51077 1625 51077 51077 51077 157625 157625 51077 1570 2570 2570 49010 51077 220505 46085 46085 46085 46085 1570 51077 51077 46085 49010 1570 51077 46085 157625 51077 46085 49010 46085 51077 49010 49010 157625 49010 243370 46085 46085 157625 46085 679730 46085 1570 46085 49010 1258 46085 49010 51077 46085 1570 51077 46085 51077 49010 46085 309137 51077 157625 157625 157625 102154 10 16386305 1069085 49010 51077 110245 46085 51077 51077 46085 49010 51077 46085 46085 46085 51077 49010 46085 10 46085 1258 46085 46085 970 51077 49010 46085 157625 46085 4401605 157625 46085 10 157625 51077 51077 49010 51077 46085 21785 46085 157625 46085 46085 51077 1570 46085 46085 157625 51077 46085 309137 49010 51077 49010 51077 46085 46085 
505 3737 3737 1717 1717 3737 1717 505 1717 3737 107650 3737 1240025 136085 1717 3737 1717 1717 3737 1717 3737 1717 3737 3737 3737 1717 3737 505 2506325 1717 3737 2594 136085 136085 3737 505 3737 2594 1717 1717 2594 3737 3737 1717 2594 3737 3737 3737 1717 2594 505 3737 1717 136085 1717 1717 3737 3737 3737 1717 2594 1717 136085 136085 686450 3737 3737 63370 136085 1717 2113145 1717 3737 10738730 3737 1717 118630165 1717 1935025 1717 3737 3737 1717 1717 434314 2594 3737 3737 3737 2594 2594 3737 2594 3737 202 2594 1717 505 6290 1717 1717 2737802 1717 3737 6290 1717 1717 1717 1717 1717 1717 7850785 136085 1717 1717 2594 202 3737 63370 3737 3737 3737 3737 3737 3737 1717 3737 1717 3737 3737 3737 3737 1717 2979925 3737 3737 1717 2594 3737 12666245 3737 940325 136085 3737 136085 2594 3737 136085 136085 1717 1717 7850785 3737 505 2594 3737 1717 3737 2594 1717 7527530 136085 136085 136085 3737 1717 1717 3737 1717 1717 63370 3737 3737 3737 1717 1717 136085 6137170 3737 7360405 1717 1717 1717 1717 220505 1717 136085 1717 1717 3737 3737 1717 3737 3737 1717 202 1717 1717 202 3737 1717 3737 3737 1717 1717 136085 2594 1717 3737 1717 1717 3737 
4369 72901 29045 72901 110245 2425 3925 72901 3925 72901 2425 29045 2425 29045 72901 4369 3925 3925 29045 72901 142885 72901 72901 29045 29045 29045 4369 4369 72901 4369 72901 29045 3925 4369 29045 72901 29045 72901 2425 3925 6290 29045 72901 110245 29045 72901 110245 72901 72901 29045 29045 29045 3925 72901 72901 463114 2185625 29045 463114 1919249 72901 72901 72901 29045 463114 72901 2425 72901 2425 72901 3925 184901 29045 4369 4369 72901 876097 110245 29045 72901 4369 4369 184901 29045 2425 72901 72901 2425 29045 649802 72901 72901 2425 110245 2425 29045 29045 463114 29045 4369 7850 3925 72901 29045 72901 110245 3925 29045 2425 72901 72901 4369 4369 3536425 72901 2425 72901 72901 2425 2425 3925 3925 2425 72901 29045 4369 72901 72901 3925 51914 72901 4369 184901 29045 72901 3925 3925 463114 72901 459850 184901 72901 72901 72901 459850 3925 2425 3925 3925 29045 29045 29045 4850 4369 3737 72901 29045 4369 72901 29045 4369 2425 110245 4369 72901 72901 72901 29045 4369 29045 29045 72901 110245 3925 29045 3925 184901 29045 2425 876097 4369 4369 29045 72901 3925 72901 3925 72901 110245 734474 4369 2425 2425 4369 29045 29045 72901 29045 4369 72901 72901 734474 3925 184901 72901 29045 876097 72901 29045 2425 29045 29045 142885 2425 2425 72901 72901 12091417 463114 29045 29045 3925 72901 29045 176290 184901 72901 110245 72901 170 29045 29045 
85 36101 85 3530 85 36101 85 85 19018 465125 85 2513570 4753970 85 85 85 85 19018 170 85 85 36101 85 17945 465125 36101 85 370 8825 85 465125 14685337 239434 36101 85 202 85 85 85 85 85 85 36101 85 85 85 36101 85 36101 85 17945 85 85 85 85 36101 17945 85 174929525 465125 36101 85 85 111513625 465125 85 370 85 85 85 85 85 36101 85 85 17945 19018 19018 85 85 85 19018 2513570 85 19018 465125 36101 85 85 36101 85 85 85 85 2657525 465125 85 19018 17945 36101 17945 36101 695185 85 239434 5 8825 465125 85 85 19018 85 19018 85 370 85 936370 202 19018 465125 85 85 465125 19018 465125 36101 10730 465125 1058005 36101 465125 465125 3530 85 36101 85 465125 85 85 85 2513570 85 36101 21170 85 85 85 2513570 85 3849850 2513570 85 85 85 85 36101 36101 85 85 23392850 85 465125 990002 85 85 85 17945 202 2657525 85 465125 85 36101 85 465125 85 85 85 85 19018 85 465125 85 36101 85 5 85 85 18685 19018 85 465125 370 85 85 36101 36101 17945 370 17945 85 85 239434 36101 36101 85 85 85 19018 85 85 85 85 17945 5 85 370 19018 85 36101 85 465125 85 36101 85 465125 36101 85 85 3849850 85 85 36101 85 85 85 19018 170 85 85 85 2513570 370 465125 202 465125 85 17945 36101 19018 85 85 19018 2480725 465125 202 243370 85 19018 170 465125 85 85 19018 370 85 3849850 
45002 45002 45002 261994 17 170 45002 45002 170 17 679225 170 679225 45002 45002 170017 170017 170 45002 112897 170 45002 170 17 45002 17 679225 45002 45002 17 61217 170 170 17 170 17 45002 17 17 45002 170 170 6708101 679225 45002 45002 17 45002 45002 9168970 6708101 45002 170 45002 170 45002 17 17 45002 720002 17 170 17 112897 170 17 45002 17 170 17 17 170 170 261994 45002 5301490 170 17 170 45002 17 679225 45002 45002 112897 170 679225 45002 17 170 17 45002 112897 884425 9802 17 45002 45002 679225 17 170 45002 170 170 61217 170 45002 45002 17 170 170 2570 170017 170 170 45002 170 170 170 45002 17 679225 679225 45002 170 9802 170 17 45002 720002 17 17 17 170 61217 61217 170 45002 45002 170 170 17 170 170 170 17 170 45002 170 170 17 17 17 170 17 17 170 9802 170 61217 170 170017 17 170 45002 441010 17 17 170 17 17 23343125 170 170 17 17 45002 17 720002 170 45002 45002 170 170 20848357 17 6708101 45002 170 45002 170 170 170 45002 45002 17 17 170 6356597 45002 17 170 170 45002 45002 170 261994 45002 17 170017 170 170 170 170 679225 170 720002 170 45002 2570 679225 17 61217 61217 261994 17 17 17 170 170 679225 17 45002 679225 17 45002 170 112897 45002 61217 45002 261994 170 45002 170 170 720002 170 170 170 170 115202 17 30425 170 17 17 170 17 17 17 115202 10 45002 9802 45002 45002 45002 720002 45002 41432485 45002 679225 17 170 17 720002 43690 2570 720002 6356597 720002 170 170 45002 170 45002 112897 720002 45002 45002 679225 720002 170 17 45002 170 17 17 17 170 170 61217 679225 172274645 170 17 45002 45002 679225 17 170 170 170 170 17 45002 17 170 170 17 45002 170 17 17 17 61217 17 720002 17 43690 61217 17 61217 170 17 45002 720002 170 17 45002 17 170 45002 170 45002 61217 17 45002 679225 45002 170 45002 170 14086825 115202 112897 45002 170017 17 170 112897 666658 17 170 17 170 45002 45002 261994 61217 45002 43690 17 61217 17 45002 61217 45002 17 170 17 170 170 17 17 61217 170 6708101 170 61217 170 45002 17 170 170 679225 9802 17 170 61217 45002 17 170 45002 679225 17 170 170 45002 17 55114 45002 45002 17 17 45002 170 170 17 17 17 45002 170 112897 45002 45002 45002 45002 261994 45002 720002 720002 170 17 170 170 170 45002 679225 170 17 61217 17 45002 45002 17 17 17 170 170 17 170 45002 45002 61217 17 170 112897 170 17 45002 17 170 170 45002 17 55114 170 17 17 
12325 1002530 884425 1717 17 17 17 323402 12325 1717 1717 17 161209 9802 17 9802 12325 1717 17 17 17 17 9802 17 17 9802 9802 12325 1717 9802 89725 17 17 17 1717 17 17 17 9802 89725 7474 17 17 1717 1717 9802 170615845 1002530 17 1717 17 10 12325 89725 1717 10 17 17 17 17 12325 9802 17 17 17 9802 12325 9802 10 1717 89725 1924925 12325 1717 1889849 17 17 12325 9802 15784490 17 9802 10 1717 12325 9802 10 17 1717 170615845 1133458 17 17 9802 1002530 1717 1717 10 89725 17 1002530 1889849 12325 17 12325 9802 1717 1717 12325 1717 12325 17 17 17 12325 17 7474 17 17 1889849 17 1002530 10 12325 9802 17 1717 10 10 17 17 17 12325 323402 9802 10 12325 12325 9802 1717 17 17 17 17 9802 12325 1717 9802 17 1717 17 1717 1717 12325 1717 12325 12325 12325 1717 9802 1717 89725 12325 1717 1717 1717 12325 1717 12325 17 12325 9802 9802 1889849 9802 1717 17 12325 12325 1717 1717 12325 17 1717 415874 9802 323402 10 1717 1002530 7474 9802 17 12325 1717 1717 17 1717 1002530 1717 17 17 1717 17 10 1002530 17 17 9802 17 9802 1889849 17 89725 1717 17 17 17 1717 12325 12325 1717 9802 9562517 1133458 323402 2106385 1717 12325 1717 12325 17 9802 1717 12325 17 1717 1717 10 17 1717 12325 161209 1889849 1717 17 89725 884425 17 10 10 1889849 1717 1002530 190450 9802 7474 12325 17 17 1717 17 1717 89725 1717 17 1717 17 17 17 1002530 1717 9802 17 12325 1002530 1889849 9802 89725 17 653225 9802 17 17 17 10 17 9802 17 17 2106385 1717 9802 17 12325 1717 2106385 12325 1002530 17 12325 1717 12325 17 1717 1717 1002530 9802 1717 1002530 17 9802 1717 10 17 1002530 12325 1717 9802 12325 12325 9802 12325 9802 17 17 17 1717 9802 1002530 9802 884425 1717 17 17 1390370 17 17 12325 1717 9802 10 17 12325 17 323402 1717 17 1717 1717 12325 161209 1889849 1390370 1002530 765034 9802 1717 12325 884425 17 17 17 12325 1717 9802 12325 17 17 1717 17 17 1717 12325 17 17 17 1717 
45002 17 17 679225 17 45002 17 2212405 9802 17 17 12325 45002 17 10 9802 10 679225 45002 17 45002 17 9802 17 17 45002 327175745 45002 720002 9802 17 9802 720002 9802 17 17 10 10 17 679225 9802 17 17 10 12325 884425 720002 10 17 17 318208985 17 1717 17 45002 17 17 9802 17 9802 17 17 112897 194793650 17 10 9802 679225 17 17 17 45002 17 17 9802 10 17 17 9802 45002 45002 17 720002 1717 17 17 10 17 17 9802 17 261994 9802 45002 17 9802 45002 45002 9802 12325 17 17 17 17 17 17 9802 17 17 679225 9802 17 720002 112897 17 17 9802 17 17 1717 17 17 17 9802 1717 9802 17 17 17 720002 10 17 17 17 17 17 1717 10 17 10 9802 261994 17 45002 9802 9802 12325 6801665 17 679225 17 17 43690 9802 9802 679225 679225 17 30425 83153410 17 45002 9802 17 9802 9802 112897 17 17 9802 17 17 17 9168970 17 17 9802 720002 17 17 9802 17 17 6708101 45002 17 17 9802 17 17 17 720002 45002 17 45002 45002 679225 55114 17 9802 17 17 45002 17 2570 9802 17 17 17 17 17 17 17 17 1717 112897 9802 17 17 17 17 9802 17 9802 1717 45002 17 45002 45002 10 9802 10 45002 45002 12325 3082729 21385802 17 17 43690 9802 112897 9802 17 9802 17 17 9802 10 9802 45002 17 9802 17 17 9802 9802 10 9802 112897 45002 17 17 17 9802 9802 17 17 17 17 17 679225 9802 43690 17 10 30425 17 9802 45002 17 2212405 9802 9802 1717 17 112897 17 17 112897 261994 9802 9802 17 10 12325 17 17 9802 2570 9802 8611765 17 17 9802 45002 17 10 9802 9802 17 17 17 45002 17 17 679225 679225 679225 17 17 9802 17 17 17 679225 17 17 17 17 43690 9802 884425 131665 17 17 10 12325 17 17 45002 12325 17 17 17 17 17 45002 9802 9802 17 17 17 9802 45002 45002 45002 17 17596885 3536425 45002 1717 9802 17 17 17 12325 679225 17 6356597 679225 9802 112897 17 17 17 9802 17 679225 9802 10 17 17 
2185625 463114 17 45002 10 17 10 17 17 17 9802 17 10 176290 17 17 29045 10 9802 17 10 9802 679225 17 1717 679225 112897 17 9802 17 17 9802 17 17 45002 45002 17 112897 17 10 17 55114 9802 3723850 463114 17 17 45002 29045 10 45002 679225 463114 2570 17 9802 17 9802 17 45002 29045 463114 29045 45002 9802 29045 17 12325 463114 29045 9802 45002 45002 463114 17 45002 9802 26810645 17 884425 463114 679225 45002 45002 112897 10 119953045 17 2916010 17 2185625 17 17 884425 29045 9802 17 17 679225 17 10 9802 9802 29045 679225 17 17 45002 29045 17 17 45002 2185625 45002 17 17 17 17 17 17 17 112897 17 17 45002 10293925 6708101 45002 17 17 17 45002 51914 12325 17 463114 9802 17 17 17 17 679225 29045 17 463114 17 45002 17 45002 17 463114 9802 45002 17 261994 17 29045 17 17 45002 17 9802 9802 10 17 45002 463114 679225 17 17 29045 9802 9802 29045 1717 45002 10 5874490 720002 29045 112897 463114 17 720002 9802 17 8611765 17 17 17 1717 9802 17 29045 17 12325 17 112897 29045 29045 17 45002 679225 9802 679225 55114 17 17 17 17 17 45002 9802 112897 45002 17 17 17 17 17 17 17 463114 679225 17 17 9802 45002 17 9802 9802 17 29045 9802 17 17 45002 2185625 17 463114 17 17 10 29045 17 679225 17 17 17 45002 10 17 45002 9802 17 9802 29045 463114 9802 17 45002 9802 17 45002 17 17 17 17 17 4251845 17 17 112897 17 463114 29045 17 17 1717 176290 17 9802 112897 884425 17 45002 9802 9802 1717 45002 12325 17 17 45002 45002 17 10 17 9802 17 17 45002 17 679225 17 9802 9802 9802 463114 112897 10 17 10 17 9802 679225 17 4251845 463114 463114 45002 9802 9802 45002 9802 9802 17 9802 17 29045 17 17 2185625 9802 17 463114 29045 
188065 4357 74 74 4357 4357 4357 382058 74 74 74 4357 74 74 74 4357 74 2425 188065 4357 74 188065 188065 74 74 74 1654865 74 16825 4357 188065 4357 16825 106145650 4357 4357 4357 74 169010 16193809 4357 1654865 188065 4357 74 74 6843890 188065 74 538645 4357 74 3946465 188065 188065 74 4357 1654865 188065 4357 3946465 74 16825 74 3946465 188065 4357 4357 188065 4357 4357 4357 188065 74 4357 188065 74 11333957 4357 74 1654865 188065 74 188065 74 74 74 16825 1765 4357 4357 4357 188065 74 169010 74 74 4357 16825 188065 1654865 4357 4357 538645 370 4357 4357 1765 74 74 4357 74 188065 74 1654865 188065 4357 74 16825 74 16825 188065 188065 188065 188065 188065 4357 1654865 3154177 4357 74 74 188065 4357 4357 290 4357 4357 16825 1765 74 28832050 74 4357 35751970 16825 74 363701 74 4357 74 74 74 74 74 4357 4357 2720017 4357 74 74 4357 4357 10730 74 188065 74 4357 4357 4357 74 74 4357 4357 188065 2720017 4357 74 1654865 188065 4357 2425 74 16825 188065 16825 4357 4357 74 74 1654865 4357 74 1765 74 74 6843890 188065 259875125 4357 16825 4357 4357 74 1654865 16825 4357 1654865 188065 74 16825 74 74 4357 4357 4357 16825 74 4357 74 74 74 4357 4357 74 74 4357 16825 74 74 4357 3154177 74 4357 188065 370 188065 2517770 4357 74 4850 74 74 74 74 4357 544505 4357 74 4357 74 4357 74 74 4357 74 74 74 4357 4357 188065 74 370 4357 74 74 4357 4357 74 4357 10730 4357 74 4357 370 4357 4357 74 74 4357 188065 4357 4357 1765 188065 16825 74 74 2425 4357 74 4357 4357 16825 74 4357 4357 980101 1654865 4357 188065 4357 4357 74 4357 4357 4357 4357 74 188065 4357 16825 4357 74 4357 4357 74 4357 74 188065 188065 74 74 74 74 16825 74 74 1654865 74 4357 2425 312505 4357 74 1654865 4357 4357 188065 16825 4357 4357 4357 4357 74 4357 74 4357 4357 188065 4357 4357 16825 74 188065 4357 74 16825 74 4357 4357 363701 328250 74 4357 74 74 74 74 4357 1765 4357 4357 4357 4357 363701 363701 74 74 363701 74 4357 74 4357 74 2425 16825 74 4357 16825 4357 4357 4357 4357 74 370 2425 4357 4357 4357 74 74 74 1654865 74 169010 290 1654865 74 2720017 370 74 4357 74 4357 74 74 74 538645 16825 4357 4357 4357 74 16825 10730 1654865 4357 16825 74 4357 188065 74 16825 4357 4357 4357 4357 74 74 74 29253025 169010 188065 4357 16825 16825 74 4357 74 188065 188065 74 74 4357 74 2425 2425 74 16825 4357 169010 74 4357 1654865 74 16825 4357 4357 74 74 16825 74 74 16825 4357 363701 74 74 4357 74 4357 4357 26293865 74 4357 74 2517770 4357 74 74 74 74 188065 370 74 188065 74 290 74 4357 4357 4357 4357 74 188065 74 188065 74 290 4357 4357 74 4357 4357 188065 363701 74 1765 74 74 74 4357 4357 4357 4357 4357 188065 2425 370 74 35751970 4357 4357 74 74 4357 74 1654865 4357 74 4357 538645 4357 4357 4357 16825 74 363701 16825 74 74 74 188065 1765 16825 4357 370 74 4357 169010 188065 4357 16825 7203530 188065 4357 4357 4357 16908125 74 4357 4357 16825 4357 74 4357 74 74 4357 188065 188065 74 188065 5674685 4357 16825 4357 3154177 4357 16825 74 4357 3946465 
10370 485 74 370 4357 181337 2125765 10370 74 10370 16825 74 74 4357 485 4357 74 4357 74 74 16825 74 485 74 4357 1227434 485 2425 74 74 485 74 4357 16825 181337 4424810 485 485 485 363701 4357 74 74 4162685 74 4357 4357 74 485 74 74 74 4357 485 2281250 74 74 74 74 74 485 181337 485 363701 4357 74 74 10370 120250 74 485 31754 10370 4357 485 4357 74 10370 4357 120250 74 74 16825 485 485 501265 10370 485 91536805 485 4357 16825 74 74 10370 363701 74 485 1116050 10370 74 4357 4357 74 10370 485 10370 16825 74 485 485 10370 16825 10370 485 10370 1685450 74 10370 74 485 10370 16825 363701 16825 4357 290450 31754 74 16825 16825 4162685 4357 10370 148138 74 74 485 485 74 74 2425 74 2125765 485 1227434 4357 16825 10370 1143250 74 74 10370 74 10370 10370 74 74 16825 485 10730 74 74 4357 10370 74 74 10370 10370 4357 485 10370 181337 16825 485 16825 485 74 370 4357 980101 1227434 4357 2425 74 74 74 485 74 74 53375114 74 10370 120250 10370 37829045 363701 74 10370 485 4357 485 8714 10370 74 4357 16825 485 485 485 2125765 74 74 485 16825 4357 10370 10370 74 485 10370 2281250 74 74 485 485 74 5140514 74 74 10370 74 501265 4357 485 485 16825 485 181337 74 6352450 74 2125765 74 74 10370 1227434 74 74 74 10370 
46085 46085 51077 51077 679730 1258 46085 46085 51077 51077 51077 46085 51077 51077 51077 51077 157625 2570 46085 51077 46085 46085 46085 157625 309137 46085 51077 51077 46085 46085 51077 51077 46085 46085 46085 819202 51077 51077 46085 46085 46085 157625 815813 157625 51077 46085 46085 35303530 679730 46085 51077 46085 1010 46085 51077 51077 46085 51077 1570 51077 51077 309137 46085 102154 46085 46085 157625 51077 46085 1258 46085 46085 46085 51077 46085 46085 46085 51077 46085 46085 46085 51077 1258 51077 46085 46085 46085 51077 51077 46085 4401605 51077 157625 51077 1258 46085 46085 46085 970 46085 46085 1258 51077 46085 51077 1258 1570 110245 51077 46085 46085 51077 309137 51077 46085 51077 157625 51077 51077 51077 51077 46085 46085 309137 51077 17171717 10 51077 46085 46085 46085 51077 46085 46085 46085 46085 46085 51077 51077 46085 309137 157625 46085 46085 1570 1570 46085 102154 309137 46085 157625 46085 46085 46085 51077 46085 46085 157625 46085 1258 46085 51077 51077 1258 1570 51077 1010 1258 46085 10 46085 51077 157625 1570 46085 51077 1570 157625 46085 46085 51077 51077 46085 51077 46085 46085 46085 46085 51077 679730 1258 46085 51077 157625 51077 51077 309137 157625 46085 51077 51077 46085 102154 1258 1570 46085 1570 46085 51077 46085 309137 51077 2570 1258 46085 46085 46085 1258 11803445 46085 46085 815813 157625 51077 51077 46085 51077 1258 51077 51077 157625 46085 46085 1258 2570 46085 51077 3872005 46085 157625 1258 46085 46085 1258 46085 51077 51077 46085 46085 10 46085 1258 157625 51077 51077 46085 11803445 51077 46085 51077 35356985 46085 1258 51077 51077 1570 46085 1258 51077 46085 51077 309137 2570 46085 51077 51077 1258 157625 426890 1258 46085 46085 46085 46085 2570 51077 46085 2570 157625 1258 1570 1570 51077 51077 1258 2570 157625 51077 29290 157625 51077 33200050 46085 157625 46085 1258 51077 51077 157625 970 46085 1258 51077 1570 51077 51077 157625 157625 1258 157625 157625 309137 46085 46085 51077 46085 51077 51077 46085 157625 157625 46085 51077 51077 1010 1570 1069085 1258 51077 46085 46085 819202 157625 51077 1258 51077 51077 51077 51077 46085 1570 102154 1089290 51077 110245 157625 157625 1258 51077 46085 102154 110245 51077 46085 110245 46085 51077 1258 51077 46085 51077 51077 1258 102154 51077 309137 46085 51077 46085 1570 51077 46085 51077 46085 46085 157625 970 46085 309137 309137 46085 46085 1258 46085 51077 60810425 46085 309137 309137 
51077 46085 46085 370 51077 1570 51077 1570 51077 51077 1258 46085 58325 1010 51077 2570 51077 58325 1570 51077 51077 51077 51077 51077 51077 46085 51077 1010 1031050 51077 51077 51077 51077 46085 51077 1010 51077 51077 370 51077 51077 51077 1570 1570 1258 2570 51077 51077 51077 1570 46085 51077 89032565 58325 51077 51077 58325 51077 51077 51077 51077 110245 370 3889625 51077 51077 51077 51077 1258 51077 51077 51077 51077 1258 51077 1570 51077 46085 179945 370 51077 51077 51077 1570 51077 370 51077 51077 1570 1258 1570 1570 51077 1570 51077 370 51077 1570 1570 51077 275570 1010 51077 51077 30634 51077 51077 51077 46085 5525 1258 169010 1570 51077 51077 1258 51077 46085 51077 51077 51077 51077 46085 51077 1258 20072450 51077 1258 1010 51077 46085 1031050 51077 1570 51077 46085 51077 46085 51077 51077 1089290 51077 51077 51077 51077 51077 51077 903170 51077 51077 51077 1258 903170 51077 46085 1258 11803445 51077 51077 2570 51077 51077 1258 51077 51077 11803445 1258 46085 51077 51077 1258 903170 51077 51077 51077 51077 51077 1258 1570 51077 46085 51077 51077 1010 51077 51077 51077 1258 51077 58325 1010 51077 1258 1258 51077 46085 370 51077 51077 1570 51077 51077 1258 51077 370 51077 1570 51077 51077 1258 1570 51077 46085 51077 1010 51077 51077 46085 903170 170 1258 46085 51077 51077 9596245 46085 1570 1010 1258 1258 51077 51077 46085 51077 51077 51077 51077 51077 51077 51077 51077 2917265 1570 51077 51077 51077 46085 1258 51077 51077 1258 51077 51077 1570 765034 2917265 51077 51077 51077 51077 51077 51077 51077 51077 51077 903170 51077 51077 51077 51077 1258 46085 51077 51077 1010 51077 51077 46085 46085 51077 1258 51077 51077 51077 46085 51077 51077 51077 1258 46085 51077 370 51077 370 1010 51077 169618265 58325 51077 903170 46085 370 51077 51077 51077 51077 1570 51077 46085 51077 51077 51077 51077 51077 1010 1570 903170 30634 51077 1258 51077 1010 51077 46085 51077 51077 51077 51077 51077 1570 51077 1258 370 51077 51077 1010 1010 370 1570 51077 58325 51077 9596245 1570 903170 51077 1258 51077 51077 51077 51077 51077 46085 51077 1570 275570 1258 51077 46085 1258 51077 51077 46085 1258 2337194 51077 51077 2570 30634 51077 51077 51077 31971050 51077 51077 180835205 46085 51077 46085 51077 51077 51077 51077 58325 51077 1258 51077 1258 51077 51077 58325 21057625 1570 46085 51077 51077 51077 51077 51077 51077 51077 46085 51077 58325 30634 1570 51077 51077 51077 46085 51077 51077 51077 51077 51077 2917265 51077 51077 51077 51077 1258 903170 2570 51077 51077 1010 51077 1258 51077 51077 370 51077 51077 903170 46085 903170 51077 46085 1010 51077 51077 51077 1258 51077 46085 5005450 1010 3889625 1258 114346154 51077 1570 51077 1570 51077 51077 51077 51077 51077 51077 
13450 13450 36101 19018 18685 13450 18685 3849850 36101 465125 465125 36101 85 36101 465125 1258 36101 19018 465125 19018 465125 19018 18685 13450 19018 13450 465125 370 18685 19018 18685 145802 85 170 465125 85 18685 370 13450 18685 36101 34 465125 85 18685 18685 465125 85 85 36101 85 18685 18685 85 13450 465125 18685 36101 36101 85 465125 19018 36101 19018 465125 18685 19018 18685 13450 18685 18685 19018 85 17170 170 465125 36101 465125 13450 18685 36101 18685 85 85 18685 18685 18685 85 85 18685 243370 465125 19018 19018 36101 18685 19018 19018 34 85 18685 465125 465125 85 85 3145 465125 465125 13450 465125 18685 85 19018 13450 85 34 202 465125 18685 85 13450 465125 13450 18685 18685 13450 18685 170 2513570 85 18685 85 36101 18685 465125 36101 19018 19018 85 19018 18685 85 13450 19018 85 18685 13450 85 85 3145 5657525 465125 465125 18685 36101 19018 19018 19018 118474 19018 18685 19018 19018 19018 18685 18685 19018 13450 36101 18685 19018 13450 18685 3849850 18685 465125 19018 18685 85 18685 18685 19018 36101 36101 18685 19018 18685 85 3145 19018 85 36101 18685 170 465125 182002 18685 19018 85 85 18685 18685 18685 18685 18685 19018 465125 124750250 13450 465125 85 85 18685 19018 18685 18685 18685 18685 18685 85 36101 13450 465125 465125 85 18685 13450 85 19018 36101 18685 370 13450 18685 18685 85 370 13450 19018 465125 85 19018 18685 18685 85 13450 1258 19018 465125 4460545 19018 18685 34 18685 13450 19018 19018 36101 13450 465125 19018 51850 465125 19018 18685 19018 18685 4802045 36101 13450 13525 85 85 19018 18685 19018 18685 36101 19018 18685 85 85 19018 19018 85 465125 13450 18685 85 19018 19018 18685 19018 1258 18685 36101 
5185 1258 381925 5185 5185 5185 1258 1601 58325 5185 2017450 1258 882325 95225 5185 5185 5185 5410 5410 381925 5185 5185 1258 1258 5185 5185 1258 5185 5185 5185 1258 5185 1258 1601 89725 1258 381925 5410 381925 5185 1258 5185 5185 1258 882325 5185 5185 1258 5185 1258 5185 381925 5185 1258 1258 5185 5410 30634 1258 381925 5185 1258 5185 381925 1601 5005450 882325 381925 1601 5185 1601 1258 1258 20072450 5185 1258 381925 882325 1258 1258 5410 1601 30634 1258 5410 5185 235998737 882325 5410 5185 1258 1258 5185 5185 5185 381925 1258 5185 1258 5005450 1258 1258 381925 1601 1743625 1258 95225 5185 5185 5185 882325 1170325 1258 5185 1258 1601 1258 5185 5185 381925 5185 1258 381925 5185 5185 5185 5185 5410 5185 5185 1258 1258 5185 5185 1258 5185 5185 1258 5185 1601 1258 5185 5185 5185 1258 5410 5185 5185 1258 1258 5185 5185 5185 5185 1601 5185 5185 5185 882325 5410 5410 1601 5185 5410 5185 3736394 381925 5185 1601 5185 1601 1601 5185 1258 1258 5185 5185 381925 1258 5185 5185 5185 1258 5185 5185 5185 1258 1601 5185 1258 5185 5185 1258 30634 5185 1258 1258 5185 1258 5185 5185 1258 58325 4631105 1258 1258 5185 1258 5185 5185 1258 1601 5185 1601 192085 65170250 1258 882325 3736394 1601 1601 835250 5185 5185 5185 381925 5185 1601 1465474 95225 5185 1258 381925 5185 1258 1258 1258 5185 5185 1258 5185 381925 381925 882325 5185 95225 3889625 5185 5185 1258 5185 1601 112370 1258 1258 5185 5185 58325 5185 5185 5185 5185 381925 1601 5185 1258 381925 5525 58325 882325 381925 1258 1601 185 5185 1258 5410 381925 5185 5185 1258 5185 5185 882325 1258 5185 5185 5185 5185 5185 14326325 5410 381925 1258 381925 1258 5185 1258 58325 1601 5185 5185 1601 1258 1258 1047370 5185 5185 5410 1258 1258 381925 5185 95225 5185 5185 5185 5185 1258 5185 5185 5185 5185 3779698 5185 5185 5185 1258 1258 835250 5185 5185 5185 58325 5185 1258 58325 1601 1601 1258 381925 1258 5185 381925 1258 1258 5410 1258 1601 1258 95225 1258 5410 58325 1258 5005450 5185 5185 5185 1258 5185 5185 5185 5185 1258 5185 5185 5185 1601 4077125 5185 5185 5185 1601 1258 5185 5185 5185 58325 381925 58325 1258 5185 1258 1258 5185 1601 1258 1258 5185 1258 5185 5185 381925 1601 5185 1258 7518250 1258 95225 5185 1601 5185 5185 5185 1258 5185 5185 1258 5185 5185 1258 58325 5410 1866250 5185 1258 58325 381925 1258 1601 1601 1601 5185 5185 5185 1601 5185 5185 5185 381925 1601 95225 5185 835250 1258 5185 5185 835250 1258 1601 5185 1258 5185 1601 5185 1258 1601 5185 1258 5185 5185 95225 5185 5185 1170325 5185 1601 381925 5185 30634 1258 5185 1601 1601 5185 5410 1258 5185 5185 95225 381925 30634 1258 835250 1601 381925 5185 1258 5185 1258 5410 1258 882325 381925 5185 89725 1258 835250 1258 5185 1258 5185 1258 5185 185 1601 1258 1601 5185 1258 5185 5410 5410 5185 1258 5185 5410 5185 5185 5185 5185 1601 5410 1601 
3925 1179397 34 34 3925 3925 1179397 34 8158685 3925 1179397 3925 3925 34 8005 312505 3925 34 34 108701477 1601 34 1601 3925 312505 1601 34 3925 25925 1601 3925 3925 34 3925 34 25925 312505 3925 34 3925 3925 1601 1601 1179397 34 3925 34 3925 3925 1601 34 25925 3925 3925 1601 612170 3925 3414002 8005 3925 312505 272485 3925 1601 20506250 34 34 3925 312505 3925 2679625 34 103970 25925 34 25925 1179397 34 3925 34 3925 3925 1279625 34 34 22018250 272485 3925 3925 312505 25925 4351397 1601 3925 3925 1179397 272485 272485 8005 34 8005 3925 1179397 34 3925 34 34 34 1179397 34 1601 1601 3925 272485 103970 3925 3925 1601 34 312505 34 34 3925 1601 3925 1601 312505 34 25925 272485 3925 34 34 30425 1179397 3925 1240025 34 3925 25925 25925 1601 25925 3925 6528650 1179397 34 3925 34 25925 612170 34 8005 3925 34 25925 34 25925 34 3925 1601 3925 1601 34 34 8005 34 25925 6290 3925 2679625 3925 34 272485 3925 1601 8005 1240025 25925 3925 272485 34 34 3925 1601 34 34 34 103970 3925 3925 34 3925 5551114 25925 1601 34 1601 3925 1601 3925 3925 3925 3925 1601 3925 3925 34 312505 3925 
3925 3737 34 34 10 3737 34 3925 1258 3737 24050 34 3925 1258 3925 1258 312505 8005 1258 3737 1258 3925 103970 34 34 2490914 3737 3737 34 8005 34 34 5551114 3737 34 8005 8005 34 3925 34 34 34 3925 34 1258 34 3737 3925 34 3737 34 6290 41225 3925 3737 34 3737 55114 3737 6290 3925 1258 195365 34 3737 24050 312505 8005 1272385 3737 3737 27766154 6290 3737 8908402 1258 2113145 34 1258 8005 3414002 3737 3737 1258 3737 34 3925 34 3925 3737 2113145 3925 3925 34 1258 34 1258 34 1258 1258 3925 3737 3737 3737 34 3737 3737 3737 2679625 34 34 3737 3737 8005 3925 18727202 34 34 3737 7850785 24050 3737 55114 3737 8005 312505 1258 3737 24050 24050 1802 3737 3925 34 1258 3925 24050 3737 3925 3925 312505 34 3925 3737 3737 103970 24050 3737 312505 1802 8005 1258 3737 27766154 3737 1258 3925 7850785 6290 3925 3737 3925 34 34 34 1802 3737 1258 1258 6290 3925 3737 27311077 312505 3737 103970 1258 3737 34 3737 24050 3925 3737 3925 3925 3925 3737 3737 74 34 1258 3737 3737 3737 1258 34 1802 3925 312505 3737 3737 34 1258 34 3925 34 8005 3925 34 3737 34 3925 34 103970 34 3737 34 8005 1258 8005 3737 3737 3737 8005 34 107650 3925 3737 3925 3737 1258 312505 1802 24050 3737 1258 3737 1258 3925 3737 3737 34 3414002 3737 1802 3925 8005 3925 3737 1258 1258 8005 3737 3737 3737 3737 34 34 1258 1258 34 3925 34 3925 3925 3925 34 3925 8005 3925 8005 3925 34 55114 3737 3925 34 3737 1258 34 34 3737 3925 34 1258 34 3737 24050 34 1258 1258 8005 1658885 24050 24050 3925 1802 1258 34 2113145 34 195365 34 3925 3737 3737 312505 3737 3737 34 34 3925 6290 3925 3737 24050 1258 1258 3414002 282401765 1258 3925 6290 1658885 3925 34 34 25648325 3925 1258 3737 
4505 2425 4357 74 2425 4357 74 4357 2425 4357 4357 4357 1765 4357 2517770 74 74 74 4357 4357 169010 16825 74 370 3946465 188065 4357 188065 18781625 188065 290 4357 16825 74 4357 74 4357 74 2425 188065 188065 4357 4357 4357 4357 27217 16825 4357 4357 4357 74 16825 74 4357 18781625 188065 4357 74 2517770 74 4357 2425 74 4357 4357 74 4357 4357 4357 74 4357 188065 2517770 4357 188065 4357 27217 4357 74257625 4357 4357 188065 16825 4357 2425 74 10730 1258 16193809 169010 3946465 4357 4357 188065 74 16825 188065 74 74 188065 4357 4357 4357 188065 4357 16825 188065 1654865 4357 4357 188065 188065 4357 4357 27217 538645 4357 74 4357 169010 4357 74 74 4357 4357 4357 188065 188065 538645 4357 27217 4357 74 4357 16825 4357 74 3154177 2425 4357 52200145 4357 4357 4357 188065 4357 74 188065 74 8702794 74 188065 4357 16825 74 74 4357 4357 538645 74 4357 4357 74 2517770 4357 4357 74 188065 4357 74 188065 4357 538645 4357 4357 4357 16825 538645 16825 74 16825 4357 169010 4357 4357 4357 74 4357 4357 16825 16825 4357 4357 4357 74 4357 74 4357 74 188065 188065 4357 4357 4357 4357 1654865 4357 4357 4357 74 74 4357 4357 4357 74 4357 4357 74 74 74 4357 1765 4357 4357 1654865 16825 4357 188065 74 74 4357 169010 74 27217 4357 4357 74 188065 1654865 74 188065 74 16825 2425 74 74 188065 74 4357 169010 16825 74 169010 74 27217 4357 74 188065 188065 363701 4357 328250 74 74 188065 290 538645 188065 4357 4357 290 4761010 4357 4357 74 4357 4357 74 188065 169010 16825 4357 538645 11530402 16825 74 16825 4357 2425 4357 74 363701 188065 4357 4357 4357 16825 4357 16825 188065 74 188065 188065 16825 16825 4357 74 4357 188065 74 538645 27217 188065 188065 74 1654865 74 1654865 74 74 4357 4357 74 188065 74 4357 188065 4357 4357 1701445 4357 4357 4357 4357 74 538645 4357 4357 4357 4357 74 4357 16825 4357 188065 16825 16825 188065 188065 1654865 4357 74 74 188065 169010 74 370 16193809 16825 74 1765 4357 74 4357 74 169010 4357 538645 74 74 16825 16825 74 4357 74 4357 16825 4357 74 4357 188065 74 16825 4357 188065 4357 188065 4357 4357 31945105 188065 74 188065 74 4357 4357 16908125 16825 74 4357 4357 4357 16825 29253025 328250 4357 4357 370 4357 4357 4357 188065 4357 74 4357 188065 74 169010 370 74 4357 74 4357 74 74 74 4357 4357 27217 16825 4357 1654865 4357 72396325 4357 74 16825 2720017 4357 4357 1654865 188065 4357 4357 4357 188065 16825 4357 4357 363701 188065 4357 74 4357 74 1654865 188065 74 4357 4357 4357 188065 2517770 4357 16825 4357 4357 4357 16825 4357 2425 4357 4357 16825 74 74 290 4357 74 74 1654865 4357 188065 3946465 4357 2425 4357 4357 74 4357 74 4357 4357 169010 188065 27217 74 169010 16825 188065 74 4357 4357 74 188065 74 74 1654865 538645 16825 4357 4357 4357 74 4357 4357 4357 4357 27217 74 188065 74 4357 4357 4357 4357 74 74 188065 188065 16825 4357 74 4357 1765 4357 16825 27217 4357 188065 74 370 74 16825 4357 3946465 74 188065 188065 74 188065 74 4357 74 74 16825 74 74 74 16825 4357 74 74 4357 4357 169010 865930 74 74 188065 27217 188065 74 74 4357 16825 1654865 188065 188065 74 538645 3946465 169010 74 74 16825 
4357 1258 51077 74 185 1258 4357 1258 4357 20072450 903170 74 1258 2917265 4357 16825 4357 1258 1258 1258 87734450 74 4357 4357 16825 1258 370 74 74 16825 370 1258 1258 1258 4357 74 1258 58325 4357 51077 1258 16825 74 74 74 1258 51077 1258 4357 166685 74 4357 179945 74 51077 21756985 1258 74 16825 1258 1258 74 74 4357 1258 74 1258 1258 156802 74 74 74 1258 1258 58325 882325 185 51077 74 4357 1258 4357 1258 4357 5410 1258 74 58325 1258 51077 74 5005450 51077 74 1258 51077 51077 51077 74 1258 16825 74 4357 4357 370 5410 4357 1031050 51077 58325 74 1258 1258 370 1258 1258 1258 370 4357 1258 1258 1258 5410 4357 4357 74 1258 16825 2425 2917265 1258 1047370 51077 74 4357 1258 74 4357 1258 58325 370 74 51077 58325 1258 1258 485673445 74 51077 1258 55114 74 1010 5410 1258 1258 1258 1258 51077 1258 4357 74 
74 103970 3925 1601 25925 1601 1601 1601 3925 510770 272485 3925 74 16825 74 74 6528650 1601 1601 74 74 3925 74 3925 1601 74 74 25925 103970 3925 74 363701 74 1601 3925 74 3925 74 74 363701 1601 1601 267914 3925 3925 74 74 272485 74 1601 74 10 16825 25925 74 370 2679625 74 4357 1601 272485 3925 272485 370 16825 1240025 74 25925 3925 74 74 4357 1601 3925 3925 1601 3925 25925 272485 1179397 4357 25925 74 103970 1601 272485 3925 3925 1601 74 74 1601 3925 3925 1601 1601 3925 25925 1601 25925 25925 16825 936938 1601 3925 1601 1601 1601 3925 312505 6290 4357 3925 74 3925 1179397 370 1601 3925 74 1179397 3925 74 312505 272485 1601 25925 1601 1601 74 3925 1601 363701 1601 74 74 3925 1601 74 1179397 74 1601 33802 3925 3925 95090 74 3925 3925 74 25925 272485 1601 3925 25925 74 3925 4357 74 1179397 3925 4357 3925 74 16825 3925 25925 74 272485 267914 10 41265205 1601 3925 4357 1601 3925 74 3925 3925 3925 1601 1601 3925 1179397 74 272485 1179397 363701 2490914 1601 1601 74 312505 272485 3925 3925 4357 1138250 1601 25925 1179397 510770 1601 3925 272485 74 25925 3925 3925 1601 272485 1601 1601 353770 74 3925 1601 16825 74 3925 33802 74 74 6528650 370 16825 25925 25925 3925 76834 1179397 74 25925 1601 74 3925 74 272485 272485 1601 1179397 1601 3925 1601 74 74 3925 3925 74 74 2679625 3925 272485 1601 4357 25925 74 1601 74 74 74 1601 3925 74 25925 74 3925 16825 1601 1601 2679625 3925 16825 1601 74 1601 25925 3925 74 272485 74 74 74 202 16825 1601 3925 74 74 272485 3925 1601 612170 74 74 74 272485 74 1601 3925 74 272485 25925 3925 1601 74 16825 74 3925 1601 272485 666658 74 272485 74 3925 103970 3925 272485 74 74 10 74 1601 1601 176290 3925 74 1601 1601 1601 533101985 16825 3925 3925 1601 3925 74 1601 74 5551114 74 25925 272485 3925 74 3925 16825 3925 74 74 74 1601 25925 74 74 98570 3925 25925 1138250 3925 1240025 3925 3925 74 27050 272485 25925 272485 3925 66725 272485 3925 16825 1601 1601 3925 612170 2679625 230004169 1601 74 3925 25925 3925 74 1240025 3925 74 1601 3925 1601 3925 3925 25925 74 272485 1601 74 272485 74 74 74 1179397 3925 8503690 74 272485 272485 31754 3925 74 1601 74 74 1601 2679625 3925 1138250 74 3925 74 3925 16825 1601 74 1601 74 3925 74 3925 312505 16825 1279625 272485 74 103970 1601 612170 74 74 3925 312505 3925 363701 1601 74 3925 3925 103970 74 272485 312505 74 272485 2679625 74 1179397 74 272485 3925 3925 3925 25925 3925 74 25925 3925 370 16825 3925 3925 74 74 1601 4357 1179397 74 74 10 74 1601 16825 25925 3925 31754 1601 74 74 16825 4357 1601 1601 74 1601 74 842725 272485 74 3925 3925 74 74 74 16825 1601 25925 16825 3925 74 16825 74 74 
25925 3925 3925 3925 74 74 74 74 36101 2425 1601 74 184325 272485 2490914 3925 1601 25925 74 272485 272485 1601 1601 74 16825 1601 74 1601 202 74 2490914 1179397 74 370 1279625 3925 2425 1601 3925 2679625 3925 74 16825 2679625 36101 3925 1240025 465125 74 25925 1601 3925 239434 3925 3925 1601 3925 36101 3925 74 1601 6528650 25925 74 3925 1601 363701 74 103970 1058005 202 370 36101 3925 25925 103970 3925 25925 3925 272485 1179397 370 272485 74 74 3925 272485 74 1601 1601 3925 3925 66336425 74 74 1601 74 3925 3925 103970 74 3925 239434 36101 3925 74 74 1601 74 2679625 
10405 4369 4369 4369 71978 15317 10405 15317 15317 34 121685 102154 4369 10405 4369 10405 15317 10405 10405 10405 4369 276770 4369 186325 6290 10405 10405 15317 15317 8005 464290 4369 10405 276770 10405 10405 4369 10405 34 15317 10405 4369 10405 10405 34 34 15317 4369 10405 104050 15317 10 4369 102154 34 239434 10405 10370 15317 6290 34 121685 4369 1116050 10405 4369 10405 102154 34 10405 6290 15317 4369 10405 34 10405 6290 10405 4369 104853125 10405 6290 34 10405 10405 6290 10405 15317 4369 6290 4369 10405 239434 4369 6290 4369 4369 810485 4369 15317 34 34 15317 15317 8005 4369 4369 34 10405 4369 4369 36945845 10405 8304517 34 34 34 15317 15317 6290 15317 6290 6290 4369 34 239434 239434 35832197 34 15317 15317 34 15317 10405 10405 5326865 4369 15317 4369 10405 4369 15317 187274 4369 15317 15317 1128970 239434 34 10405 121685 4369 10405 34 10405 71978 10405 10405 15317 37970245 10405 239434 34 10405 6290 15317 10405 1624505 10405 34 4369 34 10405 34 4369 34 15317 10405 15317 653050 239434 15317 4369 8005 34 6290 15317 10405 15317 10405 34 34 10405 10405 10405 649802 10405 4369 10405 10405 8005 10405 34 34 34 10405 34 34 10405 34 4369 34 4369 15317 15317 37970245 10405 15317 
10405 10405 987530 34 3530 5365 10405 10405 34 3530 34 10405 10405 34 34 3530 1285 10405 10405 3530 3530 3530 34 10405 62725 3530 3530 34 5365 501265 10405 10405 987530 3530 10405 3530 62725 34 34 3530 1285 34 10405 10405 10405 3530 29045 2036290 5766410 19018 3530 34 3530 3530 5 3530 5365 3530 34 3530 19018 3530 34 5 3530 10405 5365 3530 3530 34 3530 10405 3530 34 3530 34 5365 34 10405 10405 4356010 3530 10405 10405 10405 10405 10405 10405 10405 34 34 3530 5365 3530 3530 10405 1665074 3530 5365 34 34 34 3530 62725 3530 62725 5365 3530 1685450 10405 10405 34 19018 10405 10405 10405 10405 3530 5 10405 34 3530 10405 34 34 34 5 10405 34 34 34 34 10405 3530 10405 34 3530 34 34 3530 269125 3530 3530 10405 3530 10405 1331593 10405 3530 3530 5365 3530 3530 1685450 10405 10405 34 5365 10405 148138 3530 5365 10405 10405 10405 5 10405 10405 10405 10405 34 10405 2036290 3530 34 34296650 10405 3530 8774210 34 10405 34 10405 10405 10405 3530 3530 3530 10405 3530 34 10405 10405 3530 1285 3530 5982917 10405 34 10405 5365 3530 3530 10405 10405 10405 3530 3530 34 1665074 34 5365 10405 10405 148138 10405 29045 10405 10405 10405 5365 18434 10405 10405 3530 3530 3530 34 3530 5365 10405 10405 3530 1665074 34 1685450 3530 5365 148138 5365 34 4850 10405 10405 34 10405 5991050 1331593 34 514 5365 10405 1331593 3530 5365 10405 3530 5365 10405 3530 19018 34 5365 34 3530 3530 3530 3530 3530 1331593 5 3530 10405 10405 3530 10405 3530 34 3530 5365 2570 34 10405 10575505 3530 2036290 10405 12970 5365 3530 34 3530 34 1331593 148138 3530 34 12970 5365 3530 3530 3530 3530 10405 2036290 5365 34 3530 10405 3530 10405 128819450 10405 34 34 623225 10405 3530 5365 3530 3530 34 3530 10405 5365 3530 10405 5365 10405 5365 34 34 10405 10405 34 10405 1331593 34 34 10405 3530 34 3530 10405 34 10405 34 3530 3530 34 10405 10405 10405 3530 34 10405 3530 21257650 5365 34 10405 10405 10405 4850 34 3530 10405 3530 3530 5365 19018 10405 10405 3530 3530 3959705 10405 34 10405 3530 19018 4850 10405 10405 3530 34 10405 34 10405 34 34296650 10405 5365 10405 3959705 3530 10405 10405 3530 34 3530 3530 34 3530 34 34 3530 7527530 10405 10405 10405 10405 3530 5365 3530 3530 19018 2570 34 34 10405 10405 7527530 5365 3530 34 34 10405 5365 3530 5982917 10405 34 3530 10405 34 5365 3530 5 34 34 34 34 148138 34 34 3530 5365 12970 34 3530 10405 1331593 3530 3530 3530 10405 3959705 34 10405 29045 10405 3530 34 3959705 5365 2036290 62725 29045 5365 5365 19018 34 3530 3530 3530 5 10405 10405 10405 3530 10405 5365 34 3530 5365 34 34 10405 3530 3530 3530 3530 5365 10405 10405 3530 10405 3530 3530 10405 3530 34 3530 10405 3959705 3530 3530 3530 3530 34 
29045 10405 170 459850 10405 72901 15317 463114 10405 29045 72901 29045 10405 463114 72901 29045 170 8738 29045 10405 29045 29045 8908402 10405 8738 29045 463114 29045 10405 10405 10405 10405 459850 15317 10405 29045 10405 29045 121685 10405 29045 25398650 10405 29045 29045 10405 29045 10405 15317 17070010 29045 29045 10405 29045 16548650 29045 4850 29045 10405 72901 10405 273205 72901 10405 121685 10405 29045 29045 72901 15317 10405 459850 170 29045 29045 29045 29045 72901 10405 10405 10405 176290 29045 273205 176290 29045 10405 29045 29045 8328997 29045 29045 29045 29045 29045 72901 29045 29045 110245 29045 459850 3207154 29045 734474 29045 29045 3925 29045 10405 10405 29045 10405 29045 10405 72901 29045 10405 463114 10405 10405 10405 29045 714425 1116050 10405 72901 72901 176290 10405 72901 463114 29045 176290 29045 72901 29045 10405 110245 714425 10405 10405 72901 10405 463114 29045 29045 29045 10405 29045 29045 10405 29045 29045 10405 10405 10405 10405 10405 29045 10405 4850 10405 10405 10405 10405 10405 72901 29045 10405 459850 10405 3925 10405 29045 72901 3207154 72901 10405 10405 10405 463114 170 72901 29045 4850 10405 10405 10405 10405 29045 10405 72901 170 72901 29045 72901 120250 3249010 72901 29045 10405 3250 10405 10405 29045 72901 29045 72901 29045 10405 72901 29045 10405 29045 170 29045 463114 72901 29045 10405 10405 72901 29045 3925 72901 29045 51914 29045 15317 72901 25398650 10405 29045 10405 10405 463114 3925 10405 10405 10405 10405 10405 29045 29045 29045 29045 10405 29045 29045 29045 4850 459850 29045 72901 29045 170 10405 10405 10405 3737 10405 10405 463114 463114 15317 29045 29045 121685 10405 72901 29045 10405 10730 72901 273205 72901 72901 29045 29045 3925 29045 15317 29045 29045 1116050 10405 10405 170 10405 273205 29045 2130050 10405 72901 29045 463114 15317 10405 51914 10405 29045 72901 29045 10405 29045 10625170 463114 10405 15317 29045 10405 29045 29045 10405 198324025 10405 29045 29045 29045 1010 463114 29045 29045 72901 10405 29045 10405 10405 10405 29045 29045 72901 10405 29045 169010 29045 1116050 29045 29045 10405 29045 29045 29045 29045 3925 72901 3925 10405 29045 10405 10405 29045 29045 29045 110245 10405 29045 110245 29045 29045 459850 10405 10405 29045 121685 29045 3737 72901 29045 4177189 29045 463114 72901 10405 29045 72901 10405 104050 72901 176290 29045 29045 1624505 10405 10405 29045 29045 714425 29045 72901 29045 463114 29045 15317 72901 10405 29045 10405 72901 273205 15317 17070010 29045 10405 29045 29045 463114 72901 
4357 4357 4357 4357 4357 4357 74 74 16825 4357 74 181894738 29045 4357 16825 370 16825 16825 188065 74 4357 2132650 4357 4357 4357 4357 1654865 4357 74 74 74 4357 4357 16825 188065 4357 26293865 26293865 4357 188065 4357 1654865 4357 4357 3925 72901 16825 74 2720017 74 4357 188065 74 4357 4357 188065 4357 4357 4357 16825 4357 4357 74 2517770 4357 188065 4357 169010 74 74 4357 4357 4357 16825 370 4357 74 4357 4357 188065 4357 16825 188065 4761010 74 4357 29045 4505 2517770 74 4357 4357 188065 74 188065 4357 188065 74 188065 27217 4357 4357 4357 4357 4357 4357 4357 4357 4357 538645 74 4357 74 538645 4357 74 188065 450290 16825 4357 4357 3925 4357 4357 4357 4357 16825 74 4357 74 3946465 74 1654865 4357 538645 4357 4357 188065 188065 4357 188065 4357 4357 4357 16825 188065 2244005 74 4357 1765 188065 188065 4357 188065 74 1765 1654865 2517770 10730 4357 4357 188065 4357 188065 27217 4357 40301969 321196837 74 27217 29045 2876417 188065 74 27217 188065 27217 188065 4357 188065 188065 16825 4357 188065 4357 29045 1654865 188065 74 4357 2425 74 188065 4357 290 4357 4357 4357 74 4357 74 4357 169010 4357 4357 1654865 4357 188065 188065 16825 4357 188065 290 16825 188065 4357 4357 74 16825 188065 188065 538645 4357 4357 4357 538645 74 4357 169010 16825 538645 188065 4357 4357 74 74 74 188065 188065 4357 188065 16825 16825 188065 4357 4357 188065 4357 2517770 27217 538645 16825 4357 2517770 4357 3925 188065 1654865 4357 16825 4357 188065 
17 679225 653225 45002 45002 45002 17 17 45002 17 45002 17 45002 45002 17 17 45002 17 5301490 17 17 170 170 17 17 45002 720002 5301490 45002 17 10 17 17 9802 9168970 17 45002 22638565 45002 45002 17 17 89725 17 17 45002 17 17 10 17 170 170 17 17 170 17 17 17 17 2106385 261994 884425 17 45002 17 45002 12325 12325 17 17 170 17 170 45002 679225 17 45002 17 17 10 170 17 89725 17 45002 170 17 261994 170 20848357 17 17 17 89725 17 17 17 12631765 170 17 720002 17 170 17 17 17 17 2106385 261994 45002 17 17 679225 10 17 17 17 17 464290 679225 45002 170 9802 17 17 45002 45002 17 10 45002 170 17 45002 17 720002 12325 17 17 17 17 45002 17 5301490 45002 12325 45002 17 17 17 17 12325 17596885 2171570 17 17 17 17 17 45002 45002 45002 17 12325 12325 9802 17 45002 170 17 45002 720002 45002 17 17 17 9802 17 17 9802 170 45002 17 17 17 17 45002 261994 170 17 17 9802 45002 17 17 17 17 170 17 720002 12325 9802 17 45002 9802 9802 45002 45002 9802 45002 17 17 45002 17 17 17 170 17 9802 45002 17 9802 10 17 10 170 45002 415874 17 17 10 3082729 170 17 17 17 170 45002 12325 89725 17 17 17 12325 170 89725 17 17 45002 17 17 17 17 170 45002 10 9802 45002 9802 45002 170 22638565 17 45002 679225 170 45002 5957905 17 679225 45002 10 17 45002 679225 170 45002 17 17 17 17 17 17 2506325 170 17 170 45002 10 17 17 9802 17 9802 17 17 10 1924925 45002 170 45002 17 43690 17 10 17 17 17 10 17 679225 170 17 9802 170 17 17 17 17 17 261994 45002 17 17 17 45002 45002 170 9802 17 261994 45002 45002 17 45002 170 45002 45002 17 10 17 884425 45002 170 17 45002 9802 170 9802 17 17 89725 170 17 17 170 17 17 17 45002 17 17 679225 9802 45002 17 17 679225 12325 10 17 45002 720002 720002 89725 45002 679225 17 17 17 10 17 17 45002 17 679225 17 17 679225 170 170 17 17 170 10 9802 170 17 45002 45002 9802 17 17 12325 17 45002 45002 9802 17 720002 17 17 17 17 115202 45002 720002 17 12325 170 12325 170 45002 170 17 17 884425 17 9802 720002 45002 17 9802 720002 17 679225 9802 45002 1133458 115202 17 261994 10 45002 17 45002 45002 9802 10 170 17 17 9802 45002 17 170 679225 17 17 17 17 17 17 17 17 10 17 17 17 9168970 9802 1486090 17 45002 17 17 679225 17 1034450 720002 45002 9802 17 17 45002 12325 17 9802 89725 17 45002 170 170 17 170 17 17 45002 17 17 9168970 45002 45002 17 71184125 170 17 170 45002 170 45002 17 9802 17 45002 170 6356597 170 17 17 9802 45002 45002 89725 5301490 
51077 170 170 51077 5410 1258 45002 1258 58325 1258 1258 1258 58325 51077 1258 17 51077 1258 1258 1258 1258 170 45002 30634 2917265 1258 51077 58325 45002 1570 45002 170 1258 51077 51077 1570 1258 107991650 170 45002 1010 2917265 1258 1258 1258 51077 1570 882325 1258 30634 170 45002 5410 1258 1170325 1258 170 1258 1258 58325 1258 51077 1570 1258 1258 1258 1258 1258 1258 1010 45002 51077 170 2917265 51077 51077 1258 1743625 1010 51077 170 45002 1031050 11803445 170 903170 1570 5410 51077 1258 170 51077 1258 51077 1258 1258 1258 1570 1258 51077 1258 1258 1258 1258 45002 17 1258 1258 51077 17 5410 58325 51077 5410 1258 2917265 58325 1258 170 170 1258 1258 1258 370 903170 92170 1258 1258 1258 1258 45002 58325 370 1010 51077 170 45002 170 1258 51077 1258 1258 882325 1258 45002 1258 1258 58325 58325 45002 170 58325 1258 51077 170 1258 51077 5410 45002 45002 1258 58325 1258 112897 170 51077 1258 51077 51077 51077 58325 1258 51077 51077 45002 170 51077 51077 45002 1258 112897 2917265 51077 51077 2017450 1258 1258 1258 58325 1258 45002 1258 1258 51077 51077 1258 45002 17 370 17 170 45002 1258 1570 1258 45002 3736394 51077 1258 1258 45002 51077 170 1258 170 370 170 1258 1258 58325 1258 4900505 170 5410 5410 370 1258 51077 1170325 170 1258 1258 51077 1258 58325 1258 370 58325 1010 45002 170 1258 1258 51077 51077 2917265 1258 170 1258 391645 17 45002 1258 30634 17 1258 11803445 1258 45002 51077 275570 5410 17 1258 170 882325 1258 51077 1258 51077 1258 58325 1258 51077 51077 1258 45002 1258 1258 51077 1258 1258 51077 51077 1258 45002 1258 51077 170 1258 370 17 170 1258 1570 1258 17642090 370 51077 45002 1258 1258 17 5410 17 1258 1258 1258 1570 58325 1258 882325 58325 1010 45002 1258 58325 1258 51077 170 17 370 58325 5005450 1258 17 51077 51077 1258 17 1258 58325 51077 51077 1258 1258 370 1258 1258 1258 170 1258 51077 1258 1570 170 1258 51077 1258 1258 1258 1258 5005450 1258 1258 1258 51077 170 45002 170 185 51077 17 45002 1570 51077 1258 45002 1258 58325 5525 1570 1259557 51077 1170325 51077 1258 1258 
485 34 485 1331593 34 34 485 501265 5365 485 34 485 485 485 485 485 34 16581185 34 34 34 12970 485 485 485 34 34 5365 485 269125 5365 181337 485 34 34 485 34 34 5365 485 485 485 485 987530 10370 485 2570 485 5365 34 501265 1331593 485 5365 485 34 120250 5365 485 485 34 34 14257802 485 2570 34 485 34 485 4850 1331593 485 34 120250 12970 12970 5991050 501265 34 485 485 485 485 34 485 485 485 34 34 485 34 485 485 485 485 485 485 485 485 34 1685450 485 501265 485 34 5365 34 485 485 485 485 485 10370 269125 485 10370 485 485 34 485 34 485 34 485 485 34 485 485 485 485 485 485 5365 34 514 485 34 2125765 1331593 485 34 34 34 10575505 485 34 485 485 10370 5365 485 485 34 485 34 10370 485 34 5365 4189225 34 485 34 485 485 12970 485 485 485 5365 485 485 485 4850 34 8158130 485 1665074 269125 10370 120250 485 485 34 34 485 34 485 5365 10370 485 34 485 485 485 485 485 34 34 485 485 34 485 485 34 34 485 485 485 485 34 8274325 3530 5365 62725 34 485 2125765 5618005 485 5365 485 485 4189225 485 34 485 485 34 34 501265 485 485 34 34 44098 485 485 485 485 485 485 34 34 485 485 485 485 485 34 485 485 5365 485 485 501265 485 5365 34 2125765 514 485 34 10370 485 34 34 2570 10370 485 485 485 34 34 485 485 485 485 34 34 34 485 501265 34 269125 34 34 485 34 485 6400901 10370 34 501265 485 485 485 4162685 450290 34 485 34 34 10575505 1685450 485 485 5270770 34 485 485 269125 485 10370 62725 485 34 485 34 485 1685450 485 34 34 485 485 485 3530 10575505 
170 1812445 170 170 61217 170 170 170 170 170 170 170 170 170 170 170 170 55114 61217 45002 10370 170 170 170 10370 170 170 170 170017 170 679225 11289601 170 7623317 1050905 170 61217 249010 45002 170 170 170 170 170 679225 45002 170 170 170 170 170 1050905 11289601 170 170 679225 170 170 170 170 170 170 170 170 45002 170 170 1050905 170 122434 45002 261994 170 485 170 170 170 170017 170 170 485 679225 170 61217 170 112897 170 45002 11289601 61217 61217 170 170 170 170 1812445 170 170 45002 170 122434 170 45002 170 112897 10370 45002 112897 170 170 45002 170 112897 170017 170 170 170 170 45002 170 170 170017 45002 170 36942085 170 170 170 170 3082729 170 10370 170 170 170 170 170 170 170 170 45002 170 170 170 170 55114 170 485 170 45002 170 170 4900505 170 170 485 10370 170 170 170 8140885 170 170 45002 61217 485 170 170 170 170 170 170 170 170 170 170 170 170017 170 40269125 261994 61217 112897 61217 170 61217 170 170 170 11289601 112897 170 170 170 170 170 5957905 11289601 45002 170 170 170 170 45002 170 170 170 170 485 1116050 11289601 170017 485 170 45002 170 170 170 10370 485 61217 170017 170 170 45002 45002 170 170 170 485 170 112897 170 170 170 170 61217 170 170 170 170 170 679225 40269125 45002 170 679225 485 170 170 170 170 485 170 679225 11289601 170 170 170 45002 19978825 170 170 170 112897 170 61217 170 170 11289601 170 170 170 485 11289601 45002 170 170 170 170 170 45002 170 170 45002 170 10370 
876097 202 4369 2425 2425 3737 2425 3925 2425 202 72901 72901 2425 202 463114 4251845 72901 2425 72901 4369 2425 72901 2425 142885 72901 2425 2425 72901 876097 72901 876097 2425 2425 2425 3925 4369 2425 72901 72901 463114 2425 4369 714425 184901 142885 3925 3925 72901 72901 2425 3925 3925 72901 3925 2425 72901 2425 72901 3925 72901 2425 184901 2185625 72901 2425 3925 2425 72901 4369 2425 3576050 202 72901 2425 184901 202 4369 72901 3925 72901 184901 2425 72901 2425 202 8585 2425 72901 202 72901 72901 4369 4369 2425 72901 2425 2425 72901 142885 202 2425 2425 463114 2425 202 2425 4369 72901 2425 2425 2425 72901 184901 4369 72901 202 2425 72901 72901 4369 2425 2425 2425 4369 184901 4369 3925 72901 3925 17 463114 72901 2425 72901 3925 72901 202 2425 72901 4369 72901 2425 4369 3925 4369 2425 2425 184901 72901 202 2425 2425 202 72901 184901 2425 2425 72901 72901 12240034 72901 2425 2425 4369 2425 4369 72901 184901 2425 3925 876097 202 142885 4369 110245 3925 2425 2425 72901 3925 142885 184901 3925 4369 184901 4369 2425 142885 2185625 3737 72901 110245 202 202 72901 110245 2425 876097 3925 4369 72901 202 72901 2425 72901 72901 72901 4369 2425 3925 72901 2425 202 3925 4369 4369 72901 72901 4369 202 202 4251845 72901 3925 2425 463114 3925 4369 2425 4369 3925 4369 202 3925 1664650 72901 2425 72901 72901 4369 72901 72901 72901 202 184901 876097 142885 95090 3925 72901 72901 202 4369 110245 72901 143650 72901 184901 2425 43570 3737 3925 3925 72901 72901 2425 72901 72901 2425 202 72901 2185625 110245 3925 3925 463114 4369 110245 463114 2425 3737 3925 7850 72901 2425 184901 72901 463114 72901 2185625 2425 3925 3925 876097 463114 2425 110245 72901 4369 3925 202 72901 72901 202 3925 463114 2425 72901 202 4369 7106450 2425 4369 72901 72901 72901 876097 72901 876097 3925 72901 72901 7850 3925 72901 3925 2185625 1040650 4369 2425 4369 72901 2425 72901 4369 110245 72901 2425 3925 3925 142885 142885 463114 72901 3925 2425 110245 2425 2425 463114 3925 72901 30312985 3925 202 2425 72901 72901 72901 4369 184901 142885 3925 2425 202 72901 714425 110245 3925 2425 3925 184901 2425 2425 72901 463114 2425 3737 3925 72901 3925 3925 9553450 2425 72901 202 8585 110245 3925 72901 876097 72901 202 72901 2425 3925 72901 2425 2425 110245 4369 17 2425 202 2425 72901 72901 4369 4251845 72901 110245 142885 3925 3925 72901 2425 2425 3536425 4369 72901 3925 72901 4369 34 3925 202 72901 876097 72901 2425 72901 110245 3925 2425 3925 4369 463114 4369 72901 463114 3925 2425 72901 8585 456025 72901 3925 3925 72901 2425 2425 2425 72901 72901 4369 3925 3925 2425 2185625 202 2425 202 463114 72901 2425 2205002 2425 4369 4369 3925 110245 142885 72901 2425 2425 463114 72901 3925 2425 8585 2425 2425 4369 202 2205002 4369 3925 110245 463114 4369 184901 51914 202 184901 2425 72901 184901 72901 4802045 3925 72901 202 3925 2425 1664650 3925 72901 3925 72901 72901 3925 714425 3925 2425 72901 72901 2425 72901 72901 2425 184901 3925 2425 110245 2425 2425 3925 2425 72901 2425 72901 72901 714425 463114 3737 72901 3925 4369 184901 4369 2425 184901 202 4369 142885 202 4369 2425 4369 202 3925 72901 184901 3925 72901 72901 184901 3925 184901 17 142885 202 4369 202 3925 142885 2425 72901 4369 2425 3925 2425 3925 110245 72901 3925 2425 202 202 72901 
49010 10 120438965 309137 46085 29184802 157625 1570 51077 1258 49010 157625 46085 579364901 110245 24502501 46085 49010 46085 157625 2570 46085 51077 157625 49010 46085 46085 51077 51077 24502501 51077 46085 819202 46085 49010 46085 49010 4850 46085 10 157625 51077 46085 110245 51077 51077 46085 49010 46085 33200050 157625 309137 970 16386305 46085 46085 46085 157625 49010 46085 46085 157625 46085 51077 51077 49010 10 46085 46085 800005 49010 51077 46085 49010 46085 819202 970 49010 51077 157625 46085 157625 51077 49010 51077 46085 51077 46085 46085 51077 49010 46085 46085 309137 51077 46085 51077 46085 46085 46085 1258 49010 157625 819202 51077 51077 46085 815813 51077 46085 46085 46085 46085 169209925 49010 2570 157625 10 157625 46085 51077 157625 49010 102154 46085 157625 970 46085 49010 51077 102154 46085 2442050 46085 46085 102154 157625 309137 46085 24502501 157625 51077 1570 157625 49010 46085 46085 46085 46085 49010 51077 46085 7022450 157625 46085 46085 49010 800005 51077 46085 309137 49010 49010 46085 157625 46085 157625 46085 46085 157625 51077 4850 46085 46085 49010 46085 157625 157625 49010 157625 110245 309137 309137 1570 49010 157625 309137 49010 51077 51077 46085 46085 46085 2570 46085 157625 309137 46085 51077 46085 10 51077 46085 51077 46085 3872005 46085 46085 49010 60810425 49010 51077 1258 46085 49010 51077 46085 46085 157625 51077 51077 309137 46085 46085 157625 46085 2570 51077 46085 49010 51077 110245 102154 157625 1258 22474 46085 7022450 46085 51077 46085 46085 49010 51077 51077 49010 49010 46085 46085 4978025 49010 157625 51077 16386305 51077 46085 157625 1570 46085 46085 46085 46085 46085 46085 4401605 46085 51077 51077 51077 49010 157625 51077 46085 49010 46085 49010 46085 1570 157625 46085 1570 46085 46085 2570 309137 309137 10 49010 49010 51077 49010 46085 51077 49010 46085 800005 157625 51077 49010 157625 46085 46085 51077 51077 46085 49010 157625 10585 1570 49010 46085 46085 46085 46085 157625 157625 51077 46085 46085 309137 46085 49010 51077 49010 309137 1570 654985 49010 1570 157625 16332850 46085 157625 46085 157625 46085 46085 46085 49010 654985 1570 46085 49010 46085 970 49010 46085 157625 51077 51077 49010 46085 2570 46085 309137 24502501 800005 22552330 49010 49010 46085 1258 49010 46085 49010 51077 46085 46085 46085 46085 46085 46085 46085 51077 49010 51077 46085 46085 49010 46085 
46085 1258 1258 58325 51077 1258 51077 1570 1258 1258 1258 1258 1258 2570 51077 51077 1258 51077 275570 110245 1258 1258 1258 46085 5185 58325 51077 51077 1258 51077 903170 1570 21151010 1258 51077 51077 1258 1258 51077 30634 1258 22474 1258 1258 51077 1258 5185 51077 51077 1258 51077 51077 46085 1570 51077 1258 1258 1010 149817601 1258 1258 51077 1258 51077 1258 1570 1258 46085 1570 1258 51077 51077 51077 679730 58325 1258 1570 1570 51077 58325 1258 2570 1258 1258 1258 51077 1570 58325 1258 1570 1258 1258 370 1258 1258 51077 1258 1258 2570 1258 1258 16451137 5185 46085 1258 1258 1258 58325 1570 1258 58325 51077 1258 1258 5185 1570 1258 51077 1258 1010 46085 30634 1258 51077 51077 51077 1010 1258 51077 1258 11803445 51077 11803445 110245 1258 51077 1258 1258 1258 1258 51077 51077 1258 51077 1258 51077 51077 1258 1258 1258 51077 51077 51077 1258 1743625 51077 1258 1258 1258 51077 1258 3889625 51077 1258 1258 1258 51077 51077 1258 1258 1258 51077 1258 1258 1743625 51077 2917265 1258 370 51077 1570 1258 5005450 30634 1570 51077 51077 58325 1570 1258 58325 903170 51077 51077 2917265 51077 1570 51077 46085 1258 51077 51077 1010 1258 1258 1258 1258 1258 51077 51077 51077 1258 51077 46085 1258 1258 5185 51077 1570 30634 51077 5185 51077 2570 1258 46085 1258 51077 1258 1258 58325 46085 51077 1258 11803445 1258 1258 58325 185 51077 1258 51077 58325 51077 51077 1258 46085 51077 30634 1258 51077 46085 1258 22474 58325 51077 256330 51077 1570 51077 51077 1258 58325 1258 2917265 51077 51077 11803445 1258 30634 51077 5185 51077 1258 1258 1258 51077 1258 2917265 370 1258 1010 1258 30634 1258 51077 1258 51077 1258 51077 1258 58325 1258 55114 1258 1258 1258 51077 51077 51077 1258 1258 51077 51077 1570 46085 51077 51077 46085 1570 2570 58325 58325 1258 903170 1010 1258 58325 51077 51077 1258 1258 51077 58325 370 58325 51077 1258 1258 1258 46085 51077 58325 1258 1570 51077 1258 1010 1570 1258 1258 1258 2917265 1570 51077 1258 51077 5185 1258 1258 1258 58325 1258 51077 1258 1570 1258 1258 46085 51077 51077 1258 1258 1258 51077 5185 51077 51077 1258 1258 1258 1258 51077 1258 14945125 51077 1258 1258 1258 1258 11803445 169010 51077 1258 1010 1258 370 1258 58325 1258 1258 51077 1258 110245 1258 1258 2570 1258 1258 51077 1258 1258 58325 1010 51077 1258 679730 51077 1743625 1258 51077 58325 51077 51077 1258 1258 51077 51077 1570 1258 1700170 51077 1258 1258 51077 1258 58325 1258 51077 1258 1258 1258 1258 51077 30634 46085 51077 51077 1258 1258 51077 51077 1258 51077 1258 51077 2570 46085 1570 1258 51077 1258 51077 1258 1258 1258 51077 1258 1258 51077 1258 463114 51077 1258 51077 51077 1258 1570 30634 51077 51077 51077 46085 1258 1258 1258 51077 51077 51077 1258 370 1258 46085 1258 1010 1258 1258 58325 1570 58325 1258 1258 1258 46085 51077 46085 51077 1258 51077 1570 46085 51077 1258 1258 46085 1570 1258 51077 1258 1010 5185 1258 46085 51077 1570 1258 51077 1570 1010 1258 51077 1258 1258 1258 1258 1258 1258 51077 110245 5005450 46085 1258 46085 1258 51077 51077 1258 46085 1258 1258 51077 1258 51077 58325 1258 51077 51077 51077 370 1258 
51077 5185 1258 370 1258 1258 1258 51077 1258 1258 1258 4162685 51077 51077 10575505 1258 485 1258 450290 51077 1258 51077 1258 1258 30634 1258 51077 51077 51077 1258 1258 51077 1258 1258 51077 51077 514 1258 1258 1258 51077 51077 1685450 1258 1258 51077 51077 5618005 514 1258 1258 1258 51077 2570 1258 370 58325 485 51077 501265 903170 51077 1258 1258 269125 1258 51077 1258 1258 1258 1258 485 114346154 5185 1258 51077 1258 1258 1258 1258 51077 269125 485 1258 485 1258 51077 4900505 1258 51077 269125 30634 1258 1258 51077 51077 5185 1258 51077 5185 51077 51077 1258 485 501265 485 5185 1258 269125 51077 51077 1258 2917265 1258 1743625 51077 1258 1570 1570 51077 5185 1258 485 514 1258 58325 51077 51077 58325 1258 51077 1258 1258 51077 485 51077 903170 1258 4162685 1258 51077 1258 58325 19101217 51077 485 269125 1258 51077 51077 1258 485 5185 51077 1258 370 146450 1258 1258 485 1258 1258 10375417 269125 903170 1258 485 1258 1258 51077 903170 1258 51077 370 1258 51077 1258 1258 485 270642125 51077 51077 1258 55114 1258 1258 51077 51077 51077 485 51077 1258 1258 5185 58325 51077 1258 2205002 51077 1258 1258 51077 485 1258 51077 1258 51077 501265 51077 1570 58325 1258 51077 501265 51077 51077 1258 1258 501265 1258 11803445 1258 51077 1685450 1258 1258 51077 485 51077 485 1258 51077 1258 1570 20072450 5185 485 514 1258 1258 51077 1258 370 1258 1258 1258 370 51077 51077 2917265 51077 1258 1258 2917265 192085 501265 1743625 1258 485 51077 1258 51077 1258 51077 1570 1258 1258 1258 51077 1258 1258 58325 51077 269125 1570 20072450 1258 51077 1258 51077 1258 1258 30634 1258 1258 1258 51077 1685450 1258 1258 1258 1570 1258 1570 185 51077 370 1258 1010 370 370 1258 1258 1570 765034 5185 1258 58325 1258 1258 1258 1258 1258 903170 1258 1258 1258 1258 51077 46085 1258 51077 1010 1258 1258 51077 514 1258 1258 1258 370 58325 1258 485 1010 485 5185 58325 51077 1258 51077 1258 51077 51077 485 51077 46085 51077 485 51077 2570 1258 58325 51077 1258 370 1570 485 485 1258 
1601 1601 381925 1601 1601 5185 10 1601 1601 1601 236197 10 1179397 3925 236197 255385 1601 1601 236197 255385 5185 236197 1601 1601 5185 1601 1601 3925 1179397 255385 1601 1601 370 255385 5185 1601 1601 1601 1601 25925 1258 1601 272485 1601 1601 1601 5185 1601 1601 1601 6290 272485 10 25925 1601 8005 272485 3925 1601 25925 272485 1601 1179397 1601 1601 1601 8005 255385 1601 272485 5185 5185 1601 1601 1601 1601 1601 255385 1601 1601 1601 255385 10 25925 1601 5185 33802 1601 1601 236197 1601 5185 1601 1601 5185 1601 5185 6290 1601 1601 1601 5185 5185 1601 3925 25925 1601 5185 10 1601 272485 3925 5185 236197 1601 1601 1601 1179397 1601 1601 1179397 5185 1601 1601 1601 5185 255385 29172650 1601 272485 1601 1601 1601 72788825 1601 3925 1258 5185 1601 1601 3925 1601 255385 1601 1601 1601 5185 1179397 1601 272485 5185 1601 1601 1601 1601 1601 612170 1601 176290 1601 1601 1601 1601 1601 146450 1601 10 5185 5185 1601 232806565 5185 1601 1179397 1601 5185 339874594 1601 255385 1601 5185 255385 1601 1601 255385 1601 1601 1258 381925 1601 5185 1601 5185 1601 1601 5185 1601 612170 4416394 5185 25925 1601 10 272485 10 1601 1601 5185 1601 1601 236197 3925 3925 3925 1601 1601 1601 1601 25925 1258 1601 5185 5185 1601 1601 1601 10 17170 1601 1601 255385 1601 1601 1601 5185 1601 10 5185 5185 1601 1601 56972305 1601 1601 1601 3925 1601 1601 17170 1601 1601 1601 1601 1601 1601 1601 1601 3925 5185 1601 5185 1601 1601 1601 1601 1601 5185 1601 5185 5185 255385 1601 370 1601 1601 10 255385 1601 272485 1601 370 5185 1601 5185 1601 255385 10 25925 25925 1601 1601 5185 1601 1601 1601 1601 1601 1601 5185 22018250 1601 5185 272485 1601 1601 272485 255385 272485 258759397 1601 1601 1601 1601 5185 1601 1601 5185 325380725 5185 370 272485 1601 1601 10 3925 1601 1601 25925 1601 1179397 5185 76834 5185 1601 1601 10 1601 5185 3925 1601 1601 1601 25925 3925 5185 5185 1601 3925 25925 1601 1601 1601 1179397 1601 5185 1179397 1601 5185 1601 255385 272485 5185 255385 1601 1601 8503690 272485 45002 255385 1601 25925 1601 1279625 5185 842725 272485 1601 5185 1601 5185 1601 10 5185 1601 10 1601 1601 1601 1601 5185 25925 5185 1601 1601 1601 5185 255385 1601 1601 381925 8005 1601 1601 1601 255385 1601 33802 5185 5185 1179397 1601 5185 5185 1601 1601 1601 95225 3925 1601 5185 381925 1601 118474 5185 1601 1601 5185 255385 1258 1601 1601 272485 1601 1601 1138250 5185 1601 5185 25925 
46085 46085 46085 58325 1258 51077 157625 157625 51077 110245 51077 51077 46085 46085 46085 51077 1258 110245 1258 1258 51077 46085 51077 1258 157625 1258 51077 2570 51077 29290 51077 51077 51077 51077 51077 370 51077 1258 58325 51077 51077 2917265 51077 1258 1010 46085 22474 51077 110245 1258 46085 2917265 51077 51077 46085 166685 1258 51077 46085 1258 51077 51077 1258 1258 1570 51077 51077 1258 186267905 46085 51077 1258 46085 51077 51077 1258 51077 51077 51077 46085 370 157625 46085 51077 51077 1258 51077 51077 110245 51077 46085 51077 51077 46085 1570 1258 46085 1258 46085 157625 2917265 46085 51077 1258 2570 1258 1258 46085 46085 51077 51077 2917265 51077 1258 46085 8988005 51077 1570 51077 1258 46085 46085 89032565 46085 51077 46085 51077 46085 51077 1570 1010 1258 1258 370 51077 1258 51077 51077 1258 46085 51077 1258 1258 179945 1010 157625 51077 51077 51077 1258 46085 46085 1010 2570 46085 51077 46085 51077 51077 46085 51077 46085 46085 1258 2917265 51077 1010 903170 1258 51077 1570 1258 46085 51077 51077 970 309137 46085 46085 1258 46085 51077 1570 51077 1570 51077 51077 11803445 51077 46085 51077 46085 157625 110245 51077 51077 51077 1258 46085 46085 51077 46085 2570 1570 46085 2570 46085 1258 51077 679730 1570 1258 1258 1258 1258 51077 51077 51077 51077 51077 1258 46085 1258 51077 51077 1258 51077 46085 376280125 1258 46085 51077 51077 46085 51077 1258 51077 157625 51077 110245 22474 46085 1258 89032565 51077 46085 51077 46085 1258 46085 51077 51077 46085 1258 46085 51077 51077 1258 51077 2570 22474 1570 46085 51077 1258 46085 51077 1258 1258 1570 51077 51077 1258 46085 46085 46085 58325 46085 1258 51077 51077 1258 970 46085 1258 1258 1258 370 1258 1258 51077 46085 46085 1258 46085 46085 1258 46085 370 46085 51077 1258 46085 58325 2570 1258 51077 51077 1258 1258 1570 51077 1258 1258 1258 51077 1570 970 51077 1258 1258 51077 46085 51077 46085 11050 46085 2570 1258 1570 51077 370 51077 1258 1570 58325 51077 51077 58325 1258 46085 970 51077 51077 51077 51077 51077 1258 1258 51077 46085 51077 58325 1258 51077 46085 51077 51077 1570 1258 3872005 1258 1258 51077 1010 51077 51077 2570 46085 46085 1258 1258 1258 1570 51077 970 46085 51077 1258 1258 1258 51077 51077 1258 157625 1570 51077 51077 1258 58325 46085 46085 51077 1570 1570 51077 51077 157625 1258 51077 1010 370 46085 46085 51077 51077 46085 157625 46085 46085 1258 46085 51077 1258 51077 58325 46085 1570 51077 51077 46085 1570 51077 51077 1570 1258 1258 1258 51077 51077 157625 370 51077 46085 1570 46085 58325 1258 46085 51077 46085 1258 51077 51077 51077 46085 1570 1258 1010 1570 46085 1258 51077 1258 51077 46085 51077 46085 51077 970 970 51077 51077 46085 1258 51077 51077 51077 51077 46085 51077 51077 11803445 1258 2570 1570 1258 51077 51077 51077 370 51077 1570 46085 51077 51077 51077 51077 51077 1570 51077 11803445 46085 51077 1258 51077 51077 1258 157625 1570 51077 46085 110245 46085 51077 51077 1570 1258 51077 51077 46085 1570 51077 1258 1258 51077 46085 1258 51077 51077 51077 1258 46085 46085 1258 46085 51077 46085 51077 1258 51077 2917265 51077 58325 1258 1258 1258 1258 51077 1258 1570 51077 46085 51077 2917265 46085 1258 51077 51077 46085 1258 157625 819202 51077 46085 51077 46085 370 1258 46085 51077 1258 1570 1258 51077 51077 51077 1258 46085 1258 110245 51077 114346154 11803445 1258 46085 46085 1570 1570 3069505 370 46085 1258 51077 157625 157625 157625 51077 46085 51077 2570 46085 1258 51077 51077 51077 110245 51077 
85 118354085 85 3530 239434 3530 85 3530 465125 3530 465125 1349545 17945 85 5 3530 36101 3530 3530 85 465125 74 85 239434 3115010 19018 3530 2036290 85 29575325 239434 19018 85 3530 85 239434 10730 85 3530 19018 85 85 85 465125 17945 3530 19018 3530 3530 85 85 465125 85 85 695185 3530 3530 85 85 184325 3530 85 85 85 17945 465125 3530 3530 3530 85 3530 36101 17945 85 85 3530 3530 36101 465125 85 85 85 239434 85 3530 85 19018 465125 85 85 85 85 19018 85 36101 85 85 3530 85 85 85 85 85 2036290 85 85 3530 17945 85 74 85 85 3530 85 5 3530 85 18218050 85 3530 3530 3530 465125 85 3530 3530 36101 3530 85 85 36101 85 3530 465125 85 85 2036290 36101 5 239434 85 19018 85 148138 3530 85 29575325 3530 85 85 85 3530 85 3530 85 17945 85 465125 19018 85 85 3530 3530 65650 3530 3530 85 3530 85 85 17945 85 465125 85 85 239434 85 465125 85 85 239434 3530 3530 3530 85 5 148138 85 85 3530 3530 465125 3530 3530 19018 19018 36101 85 3530 85 3530 85 5 465125 3530 85 3530 85 85 3530 85 3530 85 3530 3530 85 36101 3530 3530 3530 85 85 3530 17945 85 2036290 3530 85 148138 3530 3530 85 29575325 85 3530 5 85 85 85 3530 85 10730 85 465125 465125 85 85 3530 
10 46085 102154 46085 4850 970 157625 51077 309137 46085 49010 46085 49010 46085 970 815813 24502501 49010 49010 157625 49010 49010 970 49010 46085 157625 309137 49010 49010 49010 4850 46085 46085 49010 309137 51077 46085 49010 46085 46085 49010 49010 49010 157625 157625 4850 46085 49010 49010 49010 654985 51077 46085 46085 51077 49010 157625 1258 46085 46085 46085 1258 10 51077 46085 46085 46085 49010 800005 46085 51077 49010 46085 8908402 46085 46085 800005 49010 46085 49010 46085 46085 49010 49010 4850 309137 46085 102154 4850 46085 49010 46085 49010 4850 49010 49010 46085 4850 46085 4850 309137 157625 49010 46085 49010 46085 7527530 49010 102154 49010 4850 1258 46085 4850 49010 157625 4850 157625 49010 4850 46085 46085 4850 46085 46085 46085 4850 46085 51077 46085 157625 49010 49010 46085 46085 46085 49010 4850 46085 46085 4850 49010 46085 46085 46085 157625 4850 46085 10 157625 49010 49010 46085 49010 46085 157625 49010 49010 4850 49010 873970 46085 157625 46085 49010 51077 46085 49010 49010 46085 51077 49010 46085 49010 49010 46085 62870585 49010 46085 60810425 157625 309137 49010 157625 49010 4850 157625 46085 49010 49010 16332850 46085 1258 49010 46085 51077 49010 157625 49010 49010 49010 51077 46085 16386305 49010 49010 1258 46085 46085 49010 309137 46085 49010 46085 4850 49010 49010 49010 46085 49010 309137 4850 49010 51077 46085 49010 51077 10 46085 51077 49010 10 46085 46085 46085 49010 46085 4850 46085 46085 46085 46085 157625 49010 49010 46085 49010 49010 49010 102154 46085 4850 1802 46085 49010 46085 49010 46085 46085 970 49010 873970 49010 46085 46085 46085 51077 46085 49010 4850 46085 1258 46085 49010 46085 46085 4850 46085 46085 46085 49010 49010 49010 46085 309137 46085 970 1802 800005 46085 46085 49010 157625 46085 970 51077 157625 46085 157625 309137 46085 46085 49010 46085 157625 46085 46085 46085 49010 1258 49010 46085 49010 46085 46085 46085 51077 46085 49010 49010 49010 10 49010 46085 49010 157625 49010 157625 970 1802 10 49010 10 49010 46085 819202 4850 49010 51077 4850 51077 49010 49010 49010 1258 49010 49010 4850 8908402 49010 51077 1802 46085 309137 1258 116650 4850 46085 51077 46085 49010 309137 46085 4850 
10405 46085 10405 4369 10405 29045 46085 10405 10405 4369 46085 15317 10405 10405 29045 4369 10405 51077 10405 273205 170 10405 46085 29045 46085 4369 10405 10405 10405 46085 273205 10405 46085 170 10405 29045 4369 10405 46085 51077 51077 10405 459850 46085 10405 459850 459850 46085 51077 10405 10405 46085 11050 10405 29045 273205 714425 4369 10405 10405 10405 10405 46085 464290 10405 46085 46085 29045 276770 714425 459850 4369 10405 273205 15317 10405 51077 15317 29045 10405 29045 10405 10405 8304517 10405 10405 51077 10405 10405 51077 15317 46085 15317 46085 459850 4369 26728901 46085 102154 459850 10405 29045 29045 170 29045 46085 10405 29045 10405 51077 121685 46085 10405 104050 10405 10405 29045 170 10405 4369 10405 170 29045 10405 15317 10405 15317 10405 46085 10405 15317 51077 10405 29045 12023845 10405 10405 10405 10405 29045 10405 10405 10405 29768005 170 4584485 10405 3197105 10405 46085 10405 29045 170 46085 29045 51077 29045 51077 29045 46085 46085 10405 46085 10405 273205 46085 273205 10405 46085 3600010 10405 121685 15317 29045 46085 4369 46085 15317 10405 10405 10405 10405 10405 10405 4369 46085 714425 29045 15317 46085 15317 10405 10405 10405 10405 276770 46085 10405 29045 10405 29045 121685 51077 10405 4369 10405 10405 10405 10405 10405 4369 1174898 4369 10405 10405 29045 4369 46085 15317 10405 4369 46085 46085 46085 51077 46085 170 1919249 10405 46085 46085 10405 46085 46085 10405 46085 46085 46085 15317 10405 104050 51077 10405 29045 734474 46085 10405 46085 15317 10405 46085 46085 10405 29045 276770 29045 10405 46085 10405 29045 10405 46085 51077 273205 29045 46085 46085 29045 15317 29045 46085 51077 46085 10405 10405 29045 10405 51077 273205 10405 46085 121685 170 29045 10405 10405 10405 10405 15317 10405 10405 714425 10405 10405 459850 15317 29045 46085 10405 15317 29045 10405 459850 170 10405 29045 51077 10405 10405 51077 10405 10405 10405 10405 15317 10405 10405 4369 15317 15317 102154 10405 121685 10405 10405 46085 46085 4850 51077 15317 51077 46085 10405 10405 46085 10405 10405 10405 15317 10405 8738 46085 15317 46085 10405 10405 10405 4369 10405 51077 29045 4369 714425 29045 121685 51077 4850 46085 10405 29045 51077 1919249 46085 46085 102154 15317 46085 10405 46085 10405 10405 29045 15317 10405 46085 46085 46085 4369 46085 15317 15317 4369 51077 15317 51077 170 29045 734474 29045 46085 10405 10405 10405 15317 15317 459850 4369 179450 10405 10405 29045 29045 10405 46085 29045 10405 102154 10405 10405 10405 46085 29045 29045 10405 4369 51077 10405 10405 115672805 10405 15317 46085 51077 4369 10405 46085 10405 4369 273205 10405 46085 10405 46085 15317 10405 10405 46085 10405 10405 15317 4369 10405 46085 4369 15317 10405 46085 10405 10405 10405 51077 10405 51077 29045 10405 46085 4369 10405 15317 51077 10405 10405 46085 15317 10405 15317 10405 10405 102154 121685 459850 10405 46085 4369 10405 10405 10405 15317 
34 34 34 1179397 1179397 2490914 3925 34 3925 8005 8005 3925 8005 3925 3925 8005 8005 25925 3925 25925 8005 1179397 34 3925 3925 3925 3925 312505 34 3925 3925 3925 34 34 8005 34 25925 25925 34 34 34 3031865 3925 8005 34 34 25925 34 3925 34 16773634 3925 8005 34 34 34 34 34 34 34 6639370 3925 1179397 3925 312505 8005 34 34 1179397 3925 3925 3925 3925 3925 5551114 8005 34 3925 34 3925 8005 3925 88657930 103970 3031865 3925 34 34 3925 3925 3925 3925 1179397 3925 312505 34 34 3925 1179397 3925 3925 291850 8460050 34 25925 3925 8005 312505 3925 34 34 34 34 25925 34 3925 34 25925 8163434 34 34 3414002 3925 3925 8005 34 34 3925 2679625 3925 8005 3925 2679625 312505 8005 3925 3925 34 34 34 8005 3925 34 103970 8005 34 34 34 58263845 312505 3925 2490914 34 25925 3925 34 34 3925 25925 3925 34 25925 34 34 34 25925 3925 8005 3925 34 16773634 34 3925 34 1179397 25925 34 34 312505 3925 3925 3925 34 34 3925 3925 3925 34 34 3925 25925 25925 3925 3925 34 25925 34 34 1179397 3925 3925 5551114 34 3925 25925 34 34 34 3925 3925 312505 1179397 34 3925 3925 3031865 3925 312505 27050 3925 34 3925 3925 312505 3925 34 3925 8005 34 25925 25925 34 25925 3414002 34 3925 34 8005 34 3925 34 25925 3925 34 3925 25925 34 3925 34 25925 8005 3925 3925 34 34 3925 1179397 34 8005 3925 3925 3031865 666658 34 5551114 34 3925 25925 312505 3925 1240025 34 34 312505 3925 34 3925 3925 34 3925 8005 8005 34 3925 6290 3925 3925 34 34 34 103970 43810 34 8005 1179397 3031865 3925 34 34 3925 3925 34 8005 34 1089010 34 3925 3925 3925 3925 3925 34 34 34 34 25925 34 3925 34 1179397 3925 3925 3031865 34 3031865 312505 34 312505 34 3925 312505 3925 3925 8005 34 3031865 3925 3925 34 2679625 8005 3925 25925 3925 3925 2679625 34 2490914 3925 34 3925 34 43810 34 2679625 3031865 34 3925 34 8005 34 8005 34 
1717 3737 505 3737 2594 940325 1717 3737 3737 1717 3737 3737 2594 1717 1717 1717 3737 2594 136085 3737 1717 3737 136085 505 3737 1717 40176650 3737 1272385 27766154 3737 3737 505 3737 1717 1717 3737 6290 2594 3737 1717 1717 505 3737 136085 505 6290 3737 3737 1717 3737 3737 3737 1717 6290 3737 3737 3737 1717 2113145 3737 940325 1717 2594 3737 1717 1717 1717 1717 2113145 6290 3737 3737 3737 1717 3737 136085 3737 1240025 1717 1717 3737 505 1717 3737 2113145 3737 3737 3737 3737 1717 3737 3737 3737 1717 3737 3737 136085 1717 3737 3737 3737 1717 1717 1717 3737 3737 3737 3737 3737 3737 3737 3737 3737 3737 3737 136085 2113145 1717 1717 6290 16010 3737 2594 3737 3737 1717 505 1717 1717 2594 17618050 1717 3737 1717 3737 3737 3737 3737 3737 3737 3737 1717 1717 3737 2594 6290 6290 3737 220505 3737 3737 505 3737 2113145 2113145 1717 3737 1717 3737 1717 1717 3737 3737 17478578 6290 1717 3737 74115665 3737 1717 2594 1240025 136085 6290 1717 3737 3737 1717 3737 1717 1717 136085 3737 3737 3737 3737 116650 2594 3737 1717 136085 1717 1717 3737 3737 3737 3737 3737 3737 1717 1717 1717 3737 3737 1717 3737 1717 1717 3737 3737 1717 1717 6290 3737 3737 3737 1717 3737 1717 3737 3737 1717 3737 3737 1717 3737 3737 1717 3737 3737 55114 136085 2594 3737 3737 1717 2113145 3737 136085 1717 3737 1717 3737 1717 7850785 3737 3737 3737 3737 3737 3737 1717 3737 1717 1717 1717 1717 1717 1717 3737 3737 1717 3737 3737 3737 3737 2979925 3737 6290 3737 505 3737 2594 2594 3737 3737 1717 136085 3737 505 1717 1717 3737 3737 505 136085 1717 505 3737 3737 940325 1717 3737 1240025 505 3737 3737 3737 3737 1717 3737 3737 1717 1717 1717 3737 1717 55114 1717 3737 3737 3737 3737 1717 3737 1717 2594 2594 1717 3737 1717 136085 1717 1717 3737 1717 1717 1717 3737 3737 1717 2594 3737 3737 3434 136085 3737 3737 3737 3737 2594 6290 3737 7850785 2594 3737 505 1717 3737 2979925 505 1717 1717 3737 505 1717 1717 3737 1717 1717 1717 6290 136085 3737 1240025 1717 6290 1717 1717 3737 3737 1717 3737 3737 434314 136085 3737 3737 3323690 1717 3737 136085 3737 505 1717 2594 1717 3737 3736394 1717 1717 136085 3737 1717 1717 1747250 2594 3737 136085 27766154 1717 3737 136085 2594 3737 1717 505 24650 3737 136085 1717 3737 2594 1717 3737 1717 3737 3737 2178005 1717 3737 3737 3737 3737 3737 1747250 434314 1717 2514725 1717 940325 3737 806045 1717 3737 1717 1717 1717 3737 6137170 1717 940325 1717 3737 940325 3737 2594 1717 1747250 3737 2594 1717 1717 3737 1717 3737 55250 3737 1717 940325 3737 3737 3737 3737 3737 3737 3737 3737 2737802 3737 1717 3737 3737 1717 1717 63370 3737 2594 3737 434314 3737 2594 1717 3737 3737 940325 6290 3737 1717 3737 1717 3737 434314 1717 3737 1717 3737 3737 1717 1717 505 2594 1717 2594 3737 3737 3737 3737 505 3737 3737 1717 1717 3737 505 6290 220505 3737 1717 1717 3737 1717 1717 3737 29008997 1717 3737 1717 3737 6290 3737 136085 3737 3737 1717 3737 
85 85 5 85 19018 85 85 85 5 85 85 19018 465125 3530 85 85 85 239434 36101 465125 239434 85 36101 465125 85 465125 19018 85 5 85 465125 465125 85 85 990002 85 19018 85 85 85 465125 36101 85 85 85 85 85 85 85 85 3530 465125 36101 85 85 85 3737 85 85 36101 85 85 85 465125 465125 85 3737 2513570 3737 36101 7464565 36101 85 85 85 465125 85 85 36101 85 85 85 465125 85 85 19018 19018 85 19018 85 3530 85 465125 85 239434 170 85 85 36101 3737 19018 36101 36101 465125 17945 3737 85 85 36101 85 85 465125 36101 85 990002 85 17945 465125 465125 85 202 85 695185 85 202 85 85 465125 85 85 85 3737 85 85 85 85 85 465125 85 239434 465125 243370 85 85 85 36101 465125 85 5 36101 17945 36101 85 65650 1285 370 
85 85 3737 85 36101 3737 1089010 19018 202 85 36101 85 85 85 85 85 85 34 85 85 34 34 36101 8005 3737 85 36101 184325 36101 85 85 34 34 3737 85 36101 85 85 85 34 85 6290 85 36101 85 3737 85 34 85 85 85 3737 85 85 85 85 85 3737 34 85 8005 8005 85 3737 85 85 34 85 85 34 85 8005 36101 34 3737 34 36101 17945 85 3737 3530 85 85 85 85 34 85 3737 3737 85 85 36101 85 85 85 6290 910010 34 85 19018 17945 1512901 3737 1089010 34 5 3031865 85 3737 85 85 85 3737 85 3737 85 3737 34 85 85 19018 3530 85 85 85 3737 36101 85 85 29575325 85 36101 85 85 85 85 3737 85 36101 34 85 85 17945 34 85 85 85 85 3737 3737 85 34 85 85 3737 34 5326865 3737 85 85 34 85 85 85 34 810485 85 34 3737 6290 85 85 239434 1285 36101 36101 85 3737 8005 34 85 653050 3737 6290 85 34 85 85 3031865 85 184325 239434 3530 85 85 36101 85 34 5 85 36101 1089010 34 3530 85 34 34 3737 85 85 36101 3737 85 729625 85 3737 3737 5 85 85 85 85 85 34 85 34 3737 34 34 36101 85 34 34 36101 85 85 970 5 18218050 85 17945 85 1312202 3737 3031865 85 85 34 3737 85 3737 85 85 36101 34 85 34 85 85 34 34 85 36101 85 35832197 6290 34 36101 3737 34 6290 85 85 85 34 3737 85 85 8005 85 85 85 85 85 34 695185 85 5 85 85 85 85 85 85 17945 34 17945 5 990002 34 85 34 85 18218050 5 85 85 85 184325 36101 85 85 85 85 3737 85 3530 3737 17945 1339570 17945 3737 3737 1089010 85 85 17945 17945 85 85 3031865 5 36101 85 85 34 85 85 85 34 85 29290 85 34 34 34 85 85 3737 85 34 6639370 85 85 85 34 6290 85 239434 239434 34 85 37370 184325 85 3737 85 3737 36101 85 34 36101 85 85 85 1089010 85 85 85 85 34 85 17945 85 34 85 184325 3737 85 85 85 85 85 36101 5 85 85 1089010 85 34 85 3530 85 85 5 85 3737 970 36101 85 34 34 85 85 85 85 8005 34 970 34 36101 36101 6290 17945 3530 239434 85 3031865 34 17945 85 85 6290 85 3530 34 6290 34 36101 85 990002 85 85 36101 85 34 85 4305925 85 36101 
11803445 51077 51077 1258 1258 1258 51077 1258 46085 1010 1258 46085 46085 51077 1258 46085 51077 51077 157625 51077 51077 51077 46085 51077 51077 110245 51077 51077 51077 1258 46085 1258 51077 1258 2917265 370 1258 1570 1258 1258 2917265 1258 1258 51077 1258 1258 1258 1258 51077 46085 46085 1258 51077 51077 2917265 51077 51077 1570 11803445 11803445 157625 1258 51077 1010 51077 51077 51077 51077 14945125 1258 51077 51077 1258 1258 1258 51077 51077 46085 51077 1570 1258 1258 58325 1570 1700170 1570 51077 46085 46085 1258 51077 51077 51077 1570 51077 51077 46085 46085 370 46085 51077 51077 51077 1258 157625 1258 1258 1258 1258 51077 1258 46085 51077 51077 1258 51077 1570 58325 110245 51077 51077 1258 1570 51077 1258 46085 1258 46085 51077 1258 2570 58325 51077 51077 1570 51077 1258 1570 58325 1258 51077 51077 370 46085 51077 110245 46085 157625 51077 1258 55114 51077 46085 51077 157625 51077 1258 2570 51077 51077 157625 51077 51077 1258 
34 170 170 122434 170 170 170 112370 170 170 170 170 11289601 170 170 170 170 170 170 206890 170 170 18685 170 170 34 18685 12446785 170 1050905 170 170 170 2076497 170 9241601 170 170 170 1450 170 18685 170 170 18685 170 18685 170 170 170 170 170 170 170 170 170 170 170 170 170 170 170 170 170 170 170 170 170 18685 170 170 18685 170 170 1050905 170 170 170 170 3745450 34 170 170 170 170 170 170 170 170 170 1812445 170 170 170 170 170 170 170 170 170 170 170 170 170 170 170 1632025 170 170 170 727402 170 170 170 170 170 59170 170 18685 170 61217 170 170 170 170 170 170 18685 18685 170 170 170 170 170 170 170 170 
170 1258 170 170 170 170 2917265 58325 170 727402 170 1258 170 170 170 1258 170 1258 170 170 170 170 170 1258 58325 170 170 1601 170 170 170 1258 170 170 170 1258 170 1258 58325 170 170 170 170 18685 170 18685 170 170 58325 170 170 18685 1258 1258 727402 170 18685 170 170 170 170 1258 34 170 1258 58325 170 170 1258 170 1258 170 170 1258 170 170 1258 18685 18685 170 18685 58325 41225 170 170 1258 170 170 1170325 170 5133725 170 170 1450 1258 170 170 170 170 170 170 34 170 3889625 1258 58325 170 170 170 170 170 58325 170 170 1170325 1258 1170325 1258 170 1258 170 112370 170 170 170 170 1258 170 30634 18685 5410 170 5410 170 170 370 18685 185 170 25171250 170 1258 170 170 170 170 170 170 170 170 1258 170 170 206890 170 58325 58325 34 170 170 170 5133725 170 170 1743625 170 34 170 170 18685 170 170 370 370 170 170 1258 58325 5410 18685 58325 1018145 170 170 18685 1258 170 170 58325 5410 170 727402 170 170 170 170 170 18685 5410 170 18685 170 170 170 170 170 1258 1170325 1258 170 170 170 170 170 170 170 3889625 1258 170 170 170 170 170 170 170 170 170 1465474 170 170 1018145 170 170 10656185 170 170 1258 170 58325 170 170 170 18685 58325 5410 170 34 170 170 18685 170 1018145 58325 1258 170 170 1258 170 170 170 170 18685 170 170 170 18685 1258 170 1170325 58325 170 170 170 170 170 170 170 170 170 727402 1170325 1258 58325 170 170 170 18685 170 170 1018145 58325 1258 18685 170 18685 727402 170 170 170 58325 1258 30634 170 170 370 5133725 1170325 170 58325 170 18685 5410 170 170 170 170 58325 3736394 170 170 170 170 1258 170 170 170 170 1258 170 1258 18685 170 1170325 170 170 170 170 1170325 170 170 170 58325 1258 18423410 170 170 170 170 727402 5410 18685 1258 170 170 170 170 170 170 1031050 170 170 170 1258 30634 1258 58325 370 1258 170 170 619910525 170 1258 170 170 170 170 370 1170325 170 170 170 170 1258 170 170 170 170 170 170 170 170 30634 170 170 170 18685 170 170 170 170 170 170 170 170 170 170 170 170 170 170 170 170 170 170 170 170 170 170 1258 170 370 1258 1258 170 170 1743625 170 1258 18685 30634 882325 882325 1258 58325 170 170 170 3889625 170 170 170 170 170 1170325 1258 18685 170 170 170 170 43690 170 170 170 170 1018145 170 170 1258 170 170 170 
485 188065 4357 4357 120250 485 27217 10370 188065 4357 10370 10370 188065 27217 2125765 13811225 188065 2125765 188065 1227434 188065 188065 10370 188065 188065 188065 10370 188065 188065 10370 485 10370 4357 485 485 27217 10370 188065 27217 188065 3946465 538645 4357 27217 188065 501265 10370 2125765 10370 290450 10370 169010 2125765 27217 10370 188065 10370 10370 10370 10370 188065 2125765 10370 27217 485 10370 485 4357 10370 10370 538645 3946465 188065 10370 10370 10370 27217 27217 10370 188065 27217 10370 181337 27217 10370 4357 188065 10370 1227434 27217 10370 485 4357 538645 10370 27217 188065 10370 188065 10370 485 188065 4357 27217 10370 169010 188065 27217 10370 10370 181337 10370 10370 10370 10370 485 169010 10370 188065 10370 10370 120250 188065 10370 10370 27217 485 10370 62094370 9439625 485 188065 188065 10370 188065 188065 10370 22049 485 181337 188065 169010 169010 10370 188065 10370 188065 10370 10370 27217 538645 10370 10370 10370 485 27217 485 188065 4357 10370 10370 10370 169010 2281250 485 2125765 10370 1227434 188065 10370 27217 10370 10370 485 188065 2125765 188065 4357 2281250 10370 10370 10370 538645 10370 4357 3946465 10370 27217 10370 188065 181337 27217 27217 188065 188065 4357 188065 10370 10370 120250 188065 10370 27217 2125765 188065 4357 485 188065 27217 10370 485 4357 188065 10370 10370 10370 10370 501265 2876417 485 10370 4357 2125765 2876417 4357 27217 10370 2125765 10370 188065 4162685 188065 27217 188065 485 485 10370 10370 188065 485 10370 485 10370 2125765 10370 10370 10370 485 4357 10370 10370 188065 10370 10370 4357 10370 10370 10370 27217 181337 485 13811225 2281250 538645 2876417 188065 10370 27217 10370 10370 4357 169010 4357 4357 2281250 10370 27217 10370 10370 10370 10370 188065 485 10370 4357 10370 4357 485 485 188065 27217 4424810 188065 27217 27217 10370 27217 10370 27217 10370 4357 10370 181337 4357 27217 10370 10370 1227434 4357 1227434 4357 4357 10370 10370 1227434 4357 10370 485 4357 10370 10370 10370 10370 2125765 10370 10370 10370 538645 188065 2876417 10370 10370 10370 4357 188065 538645 120250 10370 10370 181337 10370 5140514 10370 188065 10370 10370 188065 27217 485 10370 10370 4357 10370 2125765 2876417 188065 10370 10370 10370 2876417 181337 4357 10370 
85 34 3530 85 3530 3530 2036290 3530 2036290 36101 34 36101 85 1331593 85 85 5365 85 34 3530 3530 85 34 3530 36101 85 3530 3530 85 485 3530 485 239434 3530 85 5365 3530 34 34 3530 34 34 3530 85 3530 3530 34 485 3530 19018 85 17945 5 3530 3530 85 3530 85 2036290 3530 3530 3530 3530 9063050 19018 3530 5365 3530 36101 19018 34 3530 3530 3530 485 3530 3530 3530 3959705 1331593 3530 17945 485 148138 34 34 34 85 485 85 85 3530 85 21829025 85 85 85 85 85 36101 85 85 3530 3530 3530 3530 3530 19018 239434 85 34 85 3530 3530 3530 239434 3530 85 17945 3530 34 34 85 3530 85 3530 3530 85 3530 3530 1331593 85 485 3530 85 34 34 3530 34 36101 34 24799490 85 85 85 34 36101 3530 85 485 5365 3530 19018 987530 34 34 12970 3530 85 85 19018 3530 3530 3530 3530 3530 17945 3959705 3530 17945 34 85 3530 85 34 85 34 85 17945 85 3530 3530 36101 34 17945 85 85 3530 5365 485 85 34 85 85 3530 3530 3530 85 34 5365 18434 34 85 5365 3530 3530 3530 3530 5365 3530 3530 34 34 3530 3530 695185 990002 3530 1285 3530 485 36101 3530 3530 85 3530 34 148138 85 3530 34 485 34 3530 34 3530 5365 1339570 85 19018 19018 3530 5365 3530 3530 85 485 19018 85 85 85 36101 3530 485 43570 34 5365 3530 3530 3530 17945 485 1285 3530 85 19018 85 85 34 3530 3530 3530 5 3530 6472325 85 485 11943937 19018 3530 34 5 5365 85 2036290 85 2036290 485 3530 34 485 17945 34 3530 34 485 3530 85 34 85 34 3530 34 3530 196257674 34 3530 85 5 5365 34 85 34 85 85 85 3530 85 3530 85 19018 34 485 85 36101 85 3530 485 34 3530 5365 17945 3530 85 3530 85 85 5 3530 17945 6492725 3530 485 3530 485 85 85 3530 1331593 3959705 3530 3530 695185 19018 3530 3530 3530 3530 3530 34 3530 3530 18434 85 3530 18218050 3530 3530 85 85 85 3530 1331593 85 3530 3530 3530 34 3530 3530 3530 3530 3530 1285 1331593 34 3530 3530 85 85 17945 85 19018 85 3530 85 85 5 34 85 34 3530 3530 3530 485 2036290 3530 34 17945 19018 85 85 34 85 12970 3530 85 34 3530 3530 85 3530 3530 85 85 3530 2036290 987530 3530 36101 34 85 3530 3530 3530 85 85 15596425 36101 34 5365 85 1331593 3530 34 3530 3530 34 3530 3530 85 34 85 6394645 85 85 4753970 85 85 3530 3530 3530 3530 3530 3530 17945 34 19018 85 17945 3530 85 29575325 3530 85 3530 3530 34 3530 987530 85 3530 34 85 34 3530 85 3530 85 3530 5365 85 34 8774210 987530 3530 85 3530 19018 3530 19018 34 85 34 85 3530 34 3530 85 5365 3530 85 34 17945 3530 3530 85 3530 1331593 485 85 85 3530 3530 3530 85 34 5 85 3530 17945 3530 3530 485 85 3530 85 485 5 3530 5365 3530 34 485 3530 3530 34 
112897 170 3597217 45002 17 17 17 720002 45002 17 720002 17 17 17 45002 17 17 720002 17 261994 17 17 679225 45002 17 679225 17 679225 485 45002 17 17 170 45002 679225 17 170 17 170 485 45002 17 45002 261994 17 679225 17 720002 17 10 17 261994 89725 17 56070145 17 17 45002 17 679225 170 17 679225 17 9802 679225 720002 17 45002 170 170 485 17 17 10 45002 45002 17 170 45002 170 18434 170 17 170 17 17 17 45002 17 720002 17 9802 45002 17 17 1133458 17 45002 17 45002 17 170 679225 45002 679225 45002 170 17 17 17 9802 17 45002 45002 2570 45002 45002 485 170 485 17 170 45002 17 17 45002 6356597 17 45002 17 170 45002 45002 170 17 17 17 17 17 170 17 720002 45002 45002 170 10 45002 45002 170 17 45002 679225 9802 17 17 17 170 17 45002 170 115202 89725 720002 679225 17 119953045 45002 45002 45002 17 261994 10 679225 17 45002 17 10 45002 9802 45002 61217 10 720002 170 170 17 17 45002 61217 45002 17 17 45002 170 17 17 720002 17 45002 9802 17 43658050 679225 45002 45002 45002 679225 45002 170 17 17 17 679225 9802 485 112897 9802 17 17 45002 17 17 10 170 112897 170 679225 45002 45002 17 485 45002 17 9168970 884425 45002 45002 17 17 485 45002 9802 17 170 45002 170 10 45002 45002 45002 17 17 17 679225 17 720002 17 9802 261994 679225 17 89725 170 17 884425 170 17 45002 170 9802 170 43690 45002 170 17 45002 17 45002 679225 45002 45002 45002 9802 170 45002 679225 170 170 45002 261994 45002 17 45002 45002 17 45002 679225 170 17 17 17 45002 17 17 17 45002 653225 17 45002 17 17 17 17 170 10 17 884425 17 170 17 45002 
45002 17 485 45002 17 485 720002 170 45002 170 45002 459850 45002 10405 45002 459850 679225 45002 29045 459850 170 45002 10405 679225 17 45002 10405 17 61217 45002 170 17 10405 10405 170 170 45002 17 45002 45002 45002 45002 170 170 10405 10405 720002 45002 17 17 17 17 10405 170 17 170 10405 170 17 4850 170 485 45002 45002 459850 61217 3207154 45002 10405 170 170 170 45002 679225 8738 10405 17 170 10405 10405 112897 720002 17 17 45002 261994 45002 45002 261994 45002 17 17 170 10405 10405 45002 720002 45002 17 45002 18434594 459850 170 261994 170 679225 261994 261994 45002 10405 459850 10405 720002 170 1143250 17 45002 45002 170 170 714425 45002 679225 45002 170 170 45002 45002 10405 17 485 10405 10405 45002 45002 17 459850 10405 45002 170 261994 10405 45002 45002 10405 170 45002 714425 10405 485 17 17 17 17 17 17 170 17 170 485 170 170 679225 170 679225 273205 45002 17 4850 61217 485 45002 17 17 485 170 10405 17 170 17 170 261994 679225 17 17 170 485 17 10405 112897 170 17 45002 45002 714425 10405 17 10405 45002 679225 45002 29045 45002 45002 17 485 170 10405 170 17 170 45002 170 170 679225 459850 273205 45002 10405 45002 45002 170 17 170 10405 17 17 679225 17 61217 17 10405 17 17 170 17 170 10405 170 45002 17 10405 17 261994 170 4101250 261994 45002 485 45002 714425 17 679225 10405 45002 261994 20848357 45002 17 17 170 45002 170 273205 17 17 17 112897 45002 679225 17 170 17 720002 17 485 45002 261994 17 45002 17 10405 17 170 170 45002 45002 45002 679225 12023845 485 
6290 10405 10405 15317 15317 1116050 15317 10405 4369 102154 10405 29045 15317 15317 10405 10405 10405 10405 170 4369 4369 10405 15317 10405 4369 10405 120250 15317 10405 10405 10405 10405 970 10405 10405 15317 4369 4369 10405 10405 4369 4369 10405 15317 10405 10405 10405 10405 4369 10405 10405 10405 10405 10405 15317 10405 239434 10405 10405 10405 459850 464290 10405 10405 10405 239434 15317 15317 276770 29045 10405 4369 15317 4369 10405 10405 10405 15317 4369 15317 4369 29045 10405 273205 10405 10405 10405 10405 10405 10405 15317 10405 10405 10405 10405 4369 10405 10405 10405 10405 56942117 10405 10405 15317 10405 10405 464290 170 276770 714425 15317 10405 10405 15317 239434 15317 10405 15317 239434 10405 4369 1116050 15317 4369 10405 714425 10405 29215370 4369 10405 4369 29045 10405 10405 8738 10405 29045 10405 4369 239434 10405 15317 6290 239434 15317 6290 6290 15317 10405 4369 29045 4369 4369 10405 15317 10405 10405 71978 10405 10405 121685 15317 10405 10405 239434 29045 4369 10405 29045 29045 10405 10405 29045 10405 10405 4369 10405 10405 29045 15317 10405 29045 15317 15317 4369 6290 10405 14205650 10405 10405 10405 10405 10405 4369 121685 29045 239434 4369 10405 15317 4369 10405 10405 10405 239434 10405 294297925 10405 10405 10405 15317 15317 6290 6393890 10405 10405 239434 10405 10405 6290 10405 10405 29045 276770 10405 10405 10405 239434 10405 4369 10405 15317 10405 10405 15317 10405 276770 29045 10405 10405 15317 10405 15317 10405 10405 10405 10405 10405 15317 10405 10405 4369 10405 10405 4369 10405 10405 29045 4369 18218050 8738 10405 10405 4369 10405 276770 15317 10405 10405 10405 10405 10405 10405 10405 10405 6290 10405 15317 10405 10405 10405 29045 10405 15317 10405 459850 239434 15317 10405 10405 4369 4369 4369 4369 29045 4369 10405 10405 10405 10405 239434 10405 10405 4369 15317 4369 10405 10405 15317 8738 10405 6290 10405 459850 10405 10405 102154 56942117 15317 10405 10405 239434 239434 10405 15317 4369 10405 10405 10405 10405 10405 10405 10405 3197105 8304517 15317 4369 10405 10405 4369 10405 10405 729625 10405 10405 10405 4369 15317 15317 10405 10405 10405 15317 4369 10405 10405 10405 15317 276770 15317 29045 10405 10405 15317 10405 10405 15317 10405 10405 4177189 10405 1512901 10405 6290 10405 15317 239434 10405 15317 276770 4369 10405 29045 4369 10405 10405 10405 4369 17170 15317 10405 239434 10405 10405 239434 4369 15317 15317 10405 10405 29045 4369 4369 15317 239434 10405 29045 29045 10405 10405 10405 10405 10405 15317 8304517 10405 10405 4369 7911229 4369 10405 10405 10405 15317 4369 10405 239434 464290 4369 10405 6290 15317 10405 15317 10405 10405 
10405 10405 10405 29045 29045 29045 463114 10405 29045 4251845 29045 10405 15317 15317 29045 110245 10405 72901 15317 15317 10405 10405 3396125 459850 10405 10405 29045 15317 10405 29045 51914 10405 10405 10405 15317 10405 10405 15317 15317 15317 10405 10405 15317 10405 273205 29045 170 10405 176290 10405 10405 10405 10405 10405 72901 10405 170 10405 10405 15317 10405 459850 15317 110245 10405 176290 463114 51914 15317 10405 10405 10405 10405 10405 10405 10405 15317 10405 15317 15317 10405 29045 10405 15317 10405 2185625 110245 29045 10405 15317 273205 15317 10405 714425 29045 10405 10405 10405 10405 10405 29045 10405 72901 463114 10405 10405 10405 
51077 1258 1258 51077 1258 1258 51077 5410 1258 1258 5185 1258 1258 5185 1258 1258 58325 1258 903170 51077 1258 1258 1258 1258 1258 1258 58325 1258 1258 1258 1258 1259557 51077 1258 370 5185 381925 1258 882325 1258 5185 1258 1258 51077 1258 58325 370 1258 30634 1258 1258 20644885 58325 1258 11803445 5185 5185 11803445 1258 1258 95225 1258 58325 1258 51077 51077 1258 5185 58325 5185 5185 5185 1258 1258 58325 156802 51077 1258 1258 1258 882325 5185 1258 1258 1258 5185 882325 5185 58325 1010 1031050 5185 5185 1170325 51077 5185 1258 1258 51077 51077 51077 5185 5410 5185 5185 1258 51077 1258 1010 1258 5185 1010 1258 30634 1258 1258 5410 58325 51077 1258 1258 1258 1258 5185 51077 1258 1010 51077 381925 51077 5410 1258 1010 51077 5185 903170 1258 5410 1258 5410 51077 381925 1258 5185 1258 1258 1570 1258 51077 5185 51077 1010 1258 51077 95225 1258 1258 1258 58325 51077 1258 381925 381925 51077 1258 51077 903170 1258 51077 5185 95225 51077 5185 1258 5185 5185 51077 5185 5410 51077 5185 58325 51077 1263530 1258 5185 1258 1258 1258 51077 1258 51077 33162370 51077 1258 5185 51077 1258 1258 1258 1258 5185 5185 2917265 1258 1258 1258 1258 
485 1258 485 501265 4189225 485 1258 34 450290 485 882325 1685450 485 501265 1258 485 485 1258 485 1258 1258 882325 5410 1258 1258 120250 34 1258 1258 1258 269125 882325 485 120250 5185 1258 1258 1258 5185 485 62725 5133725 882325 2125765 120250 485 1258 485 5185 5185 485 485 485 485 95225 882325 882325 1258 5185 485 5185 381925 485 485 1258 5185 485 485 1258 485 1258 485 381925 485 1258 1258 5185 1258 485 485 882325 1258 5133725 485 381925 5185 1170325 34 5410 1116050 62725 1258 1258 1258 1258 1259557 485 5185 1258 34 137785 485 485 269125 5185 120250 381925 485 1258 1258 95225 5185 485 1258 4424810 1685450 5410 485 485 1258 1258 1258 1685450 381925 1258 34 1258 485 882325 1258 1258 62725 485 485 1259557 5185 485 34 34 1258 501265 5185 5185 5185 1258 5185 120250 65208202 485 15079850 485 381925 1258 485 5185 485 34 5410 1258 485 5410 5185 5185 485 120250 1258 34 1258 1258 485 485 1258 381925 5410 1258 95225 2125765 485 120250 485 485 485 5185 1258 485 2125765 485 5185 1258 485 485 485 4162685 1258 269125 485 485 1258 5185 485 5185 120250 62725 485 485 514 882325 5618005 1258 1258 485 1258 485 1258 1258 1258 1258 381925 485 485 485 501265 1258 1258 5185 485 5410 485 1258 485 1258 34 269125 485 485 5185 1258 485 1258 1258 1258 485 882325 485 10575505 485 5185 485 5185 5185 1258 485 1258 1258 2125765 485 1258 1258 5410 501265 1258 501265 1258 34 485 1258 485 34 485 1258 5185 5185 5185 485 5185 5185 5185 95225 120250 1258 1258 1258 485 1258 485 1170325 5410 1258 5185 1258 5410 4162685 1259557 1258 5185 5185 5185 15079850 485 5185 485 1258 485 485 1258 5185 1258 381925 1258 882325 2570 1258 5185 5618005 485 501265 1258 1258 5410 1116050 485 485 485 485 485 5185 485 5410 5185 1258 1258 1258 5185 1116050 1685450 5185 485 381925 485 10575505 485 1258 10575505 1258 485 1258 1258 2125765 485 1258 34 1258 5185 5185 1685450 485 5185 882325 5185 485 485 1258 1258 1258 485 1258 
1601 5185 5185 3925 1601 272485 2101810 1601 3925 5185 1601 272485 1601 1601 3925 3925 3925 255385 1601 1601 1601 1601 1601 1601 5185 1601 1601 255385 3925 1601 1601 1601 312505 1601 1601 25925 1601 1601 1601 25925 1601 1601 5185 5185 272485 1601 1601 1601 272485 1601 1601 3925 272485 1601 25925 1601 236197 1601 1601 272485 1601 272485 381925 5185 1601 3779698 10 1601 272485 255385 1601 5185 1601 1601 1601 381925 1601 3925 1601 5185 1601 1601 3925 10 24505 1601 3925 3925 5185 3925 1601 1601 381925 370 8005 255385 3925 272485 1601 1138250 3925 5185 1601 1601 1601 1601 272485 1601 1601 1601 1601 1601 272485 871202 1601 15701570 236197 5185 1601 25925 272485 1601 1601 1601 5185 1601 1601 5185 5185 272485 1601 1601 1601 1601 1601 272485 3925 1601 1601 236197 1601 5185 1601 1601 1601 3925 1601 3925 1601 107650 1601 95225 5185 76834 1601 1601 10 1601 3925 1601 1601 5185 10 1601 95225 1601 1601 1601 1601 1601 1601 1601 10 1601 255385 45002 1601 1601 1601 272485 1601 3779698 3925 1601 255385 5185 1601 1601 255385 1601 1601 5997634 272485 3925 5185 1601 1601 370 5185 1601 1601 10 1601 1601 1601 255385 1601 1601 1601 1601 1601 1601 1601 1601 1601 1601 1601 272485 5185 272485 1601 10 1601 5185 1601 255385 5185 1601 1601 1601 3925 1601 95225 1279625 1601 1601 45002 5185 45002 5185 1601 255385 95225 1601 236197 272485 255385 381925 3925 3925 5185 1601 1601 370 1601 1601 1601 1601 1601 370 1601 1601 1601 1601 1601 1601 1601 1601 1601 38090 5185 23188085 5185 1601 3925 17170 1601 5185 1601 1601 255385 3925 5185 5185 10 1601 1601 272485 1601 1601 1601 1179397 272485 5185 1601 1601 1601 3925 255385 272485 5185 1601 1601 1601 1601 1601 5185 1601 1601 1601 5185 1601 1601 1601 1601 1601 10 1601 1601 5185 1601 236197 1601 3925 1601 5185 1601 5185 5185 1601 5185 255385 10 1601 1601 1601 1601 1601 236197 3925 1601 3925 3925 1601 1601 25925 95225 1601 272485 1601 1601 1601 5185 272485 3925 95225 3925 1179397 1601 1601 1601 1601 5185 25925 3925 1601 5185 1601 5185 1601 370 3925 10 3925 1601 1601 272485 10 1601 1601 255385 3925 10 10 1601 1601 5185 1601 10 1601 1601 1601 10 3925 272485 1601 1601 1601 1601 272485 3925 1601 1601 10 3925 1601 5185 1601 1601 1601 871202 10 381925 1601 3925 1601 3925 5185 10 3925 1601 3925 1601 10 10 1601 10 10 1601 272485 1601 370 1601 272485 1601 34047754 5185 5185 1601 3925 25925 1601 236197 1880650 1601 255385 1601 1601 5185 1601 5185 1601 370 1601 1601 1601 5185 8005 1601 1601 1601 1601 5185 1601 5185 1601 255385 1279625 1601 1179397 5185 1601 3925 10 1601 381925 1179397 381925 1601 1601 5185 1601 1601 1601 1601 1601 33802 5185 5185 1601 1179397 
3925 4357 3925 74 1601 3925 74 1654865 74 1601 290 74 2517770 1018145 74 1601 74 16193809 74 74 74 4357 4357 74 74 74 74 16825 74 1601 74 25925 74 16825 74 74 190450 4357 1601 16825 1601 74 272485 1601 3925 74 74 1601 1601 1601 74 1601 1601 1601 74 4357 4357 74 4357 190450 456977 4357 74 4357 4357 74 1601 4357 10240490 74 74 456977 74 1601 363701 25925 272485 74 4357 74 74 290 4357 4212770 363701 1601 3925 1601 74 74 74 16825 16825 1601 190450 3925 1654865 74 1601 74 456977 4357 16825 74 3925 2244005 1179397 363701 190450 25925 74 74 10730 74 74 272485 74 4357 3925 3925 3925 1601 456977 4357 74 1654865 4357 4357 26293865 456977 370 16825 1601 74 25925 74 74 74 4357 272485 74 74 370 74 1601 1601 74 74 1601 74 4357 1601 16825 16825 4357 74 74 2425 2425 3925 74 74 272485 4357 74 1601 4357 74 74 4357 1179397 16825 1368778 190450 3925 3925 1601 272485 16825 3925 363701 4357 3925 74 10730 16825 16825 4357 3925 3925 4357 3925 170 1601 190450 4357 74 74 1601 363701 31754 1601 4357 190450 74 74 74 16825 74 74 1601 4357 16825 26293865 272485 74 3925 74 4357 2425 2720017 4357 4357 25925 74 1601 4357 74 4357 16825 272485 31754 3925 74 1601 1601 272485 2455330 74 4357 74 74 190450 1601 4357 74 3925 74 74 74 4357 176569634 363701 4357 16825 4357 1601 16825 4357 74 1601 1601 3925 1601 74 190450 272485 74 74 4357 4357 31754 74 16825 74 1179397 3925 74 1601 3925 4357 74 272485 21131450 2425 74 4369 1601 74 785 3925 74 1601 4357 3925 4357 16825 1601 74 74 74 4357 74 1601 4357 4357 1601 74 21353657 4357 16825 3925 1601 4357 290 272485 74 74 4357 74 1018145 74 74 3925 29253025 272485 3925 1601 74 2425 2425 363701 1601 74 1601 1601 74 1601 1601 74 363701 74 74 74 1601 16825 1601 74 4357 16825 1601 74 456977 74 3925 1601 74 4357 1601 74 74 74 4357 1601 4357 74 1601 74 272485 74 16825 6843890 3925 4357 4357 4357 10730 31754 785 16825 1601 74 16825 4357 384238405 456977 74 16825 74 74 3396125 74 2425 74 74 74 74 74 4357 74 180505 3925 74 74 1179397 4357 190450 3925 74 74 31754 1179397 74 3925 25925 1601 74 190450 272485 1601 74 1601 
170 679225 170 170 679225 45002 170 45002 45002 108574850 170 45002 45002 45002 170 112897 170 170 45002 45002 170 170 170 170 2212405 679225 170 170 170 112897 170 4900505 170 170 170 170017 170 170 170 43658050 170 59170 170 170 170 170 170 45002 45002 170 170 170 170 170 170 45002 170 170 170 61217 170 170 112897 170 170017 170 170 170 170 45002 170 170 170 170 1050905 170 170 170 170 170 170 170 170 112897 170 170 45002 170 170 170 170 170 170 45002 170 122434 170 11289601 679225 170 45002 170 170 45002 170 45002 112897 122434 170 170017 170 45002 170 170 170 45002 170 170 170 170 170 170 170 45002 45002 170 45002 170 45002 170 7623317 45002 45002 170 170 170 170 170 170 122434 170 170 170 170 45002 170 170 170 170 59170 45002 7623317 170 170017 170 170 170 170 170 170 45002 170 170 170 45002 45002 1050905 170 45002 170 170 61217 170 170 170 170 45002 170 170 170 170 170 170 170 170 45002 170 170 170 170 45002 1632025 45002 170 679225 112897 170 170 170 170 170 170 170 170 170 170 45002 170 170 45002 170 61217 40269125 1050905 170 
170 170 170 170 170 170 170 170 170 170 170 170 1050905 170 170 170 170 170 170 170 170 170 170 170 170 4654585 170 170 170 170 170 170 170 122434 170 170 170 112897 170 170 7623317 170 61217 170 170 170017 170 170 170 170 170 170 170 11289601 170 170 170 170 170 170 170 170 170 170 170 170 170 40269125 170 170 170 170 170 170 170 170 1812445 1050905 170 170 170 170 170 170 170 170 112897 170 11289601 170 170 170 170 170 170 170 170 61217 170 170 170 170 170 170 170 170 170 170 170 40269125 170 170 170 170 170 170 13833025 170 170 170 170 170 170 170 170 170 170 170 170 170 12446785 170 61217 170 170 170 170 61217 61217 170 170 170 170 170 112370 170 170 170 170 170 170 170 27111269 170 170 170 4488010 170 59170 170 170 170 170 170 170 170 170 170 170 112897 170 112370 170 61217 170 1050905 170 170 112897 1812445 170 170 170 170 170 170 170 170 170 170 170 170 59170 170 170 170 170017 170 170 170 170 170 170 170 170 170 170 170 170 249010 170 122434 170 170 170 170 61217 170 61217 170 12446785 112897 170 170 170 170 170 170 170 170 170 170 170 170 170 170 170 170 1050905 170 170 61217 170 170 170 170 61217 170 170 170 170 170 170 170 170 170 61217 170 170 170 170 170 170 170 170 170 170 170 170 170 170 170 170 170 170 170 170 1050905 170 170017 170 170 170 170 170 170 170 170 170 170017 170 59170 170 170 170 170 170 170 339030025 170 170 170 170 170 170 170 170 170 170 170 3745450 170 170 170 170 170 170 11289601 170 170 170 170 170 170 170 170 170 170 122434 170 170 170 170 170 122434 170 170 170 170 170 170 170 170 11289601 170 170 61217 112897 170 170 122434 170 170 170 170 170 170 170 170 170 170 1050905 170 170 170 170 1050905 170 170 170 170 61217 170 170 170 170 170 170 170 170 170 170 170 170 170 170 170 122434 170 170 170 170 170 170 170 170 170 170 61505617 170 170 61217 170 170 170 170 170 170 170 4488010 170 170 170 
272485 3925 1601 110313034 1179397 1601 1601 5997634 1601 1601 1601 1601 1601 10 236197 1601 272485 612170 1601 312505 1601 95225 10 1601 25925 370 370 1601 3925 255385 3925 272485 1601 10 1601 1601 1601 1601 8005 1601 1601 10 10 1601 272485 1601 25925 1601 1601 1601 1601 370 272485 107650 1601 3925 1601 1601 1601 3925 1601 1601 25925 272485 1601 272485 1601 3925 5185 1601 1601 1601 1601 3925 1601 1179397 255385 3925 1601 5185 8005 1601 3925 1601 1601 1601 8005 1601 1601 1601 3925 10 1601 1601 10 95225 1179397 3925 1601 1601 1601 1601 1179397 272485 272485 1601 1179397 236197 5185 1601 25925 3925 10 1601 1601 5185 1601 1601 1601 1601 1601 3925 1601 10 3925 25925 1601 25925 1601 1601 1601 1601 1601 1601 236197 5185 3925 10 1601 272485 255385 1601 25925 10 312505 5185 95225 1601 3925 1601 3925 1601 1601 272485 1601 10 1601 25925 1601 3925 1601 3925 1601 1179397 3925 3925 8641625 1601 3925 8005 3925 1601 1601 272485 1601 1601 272485 1179397 1601 1601 1601 1601 1601 1601 3925 1601 3925 1601 5185 272485 272485 1601 1601 1601 1601 612170 1601 1601 1179397 1601 10 1279625 8503690 3925 25925 3925 1601 3925 3925 1601 272485 5185 272485 1601 1601 8005 3925 1601 1601 1601 3925 1601 1601 1601 1601 25925 267914 272485 1601 1601 255385 255385 1279625 510770 3925 3925 1601 31379114 255385 1601 3925 1601 38090 255385 1279625 1601 1601 3925 272485 1601 3925 1601 272485 1601 1601 1601 1601 10 1601 3925 1601 5185 272485 1601 1601 25925 3925 3925 1601 25925 3925 3925 1601 3925 3925 10 236197 370 3925 236197 10 1601 1601 34 1601 1179397 1601 24505 1601 236197 3925 272485 272485 272485 236197 1601 1601 25925 1601 1601 1601 25925 1601 1601 34 3925 1601 3925 3925 25925 10 5185 3925 612170 3925 1601 5185 5185 5185 1601 1601 1179397 1601 25925 5185 3925 33802 1179397 1601 3925 3925 25925 1601 1601 5185 1601 3925 1601 135531650 272485 3925 25925 1601 3925 8005 510770 255385 1601 1601 1601 1601 1601 1601 1601 25925 1601 1601 1601 1601 1601 1179397 1601 25925 236197 1601 1601 1601 34 1601 1601 1601 3925 1601 272485 1601 1601 3925 5185 272485 1601 1601 1601 1601 3925 272485 1601 1601 1601 10 1601 25925 1601 3925 612170 3925 25925 1601 10 1601 1601 1601 3925 1601 3925 1601 10 1601 1601 1601 3925 107650 1601 1601 1601 3925 1601 1601 5185 5185 
181337 10370 120250 485 10370 27217 10370 485 485 10370 485 120250 2125765 10370 485 4357 485 10370 10370 27217 10370 10370 269125 10370 10370 485 2281250 485 2876417 10370 485 10370 2876417 5618005 10370 4189225 10370 485 10370 10370 10370 10370 485 514 485 115304645 2125765 1227434 485 10370 188065 501265 10370 485 2876417 485 485 269125 10370 485 1685450 188065 10370 485 1227434 10370 485 2125765 10370 501265 10370 10370 485 10370 485 10370 485 485 10370 485 485 188065 2876417 10370 485 120250 485 10370 485 485 27217 10370 10370 2125765 27217 1227434 9439625 27217 10370 10370 485 485 269125 10370 2125765 10370 485 485 194690 10370 1685450 10370 10370 2125765 188065 188065 10370 10370 2281250 485 188065 10370 27217 27217 188065 485 181337 485 485 485 188065 10370 10370 10370 485 2876417 10370 10370 10370 10370 10370 27217 2876417 10370 485 501265 4356010 10370 485 10370 485 485 27217 485 27217 485 3433970 10370 10370 27217 1685450 10370 10370 1116050 120250 2125765 269125 10370 485 1685450 485 10370 1116050 485 10370 10370 10370 10370 485 10370 120250 10370 290450 485 10370 27217 485 485 120250 10370 10370 1227434 10370 485 485 485 4357 27217 485 120250 1685450 485 10370 188065 485 10370 10370 485 485 1227434 485 485 485 10370 4357 485 485 27217 10370 485 485 188065 10370 485 10370 485 10370 485 485 1116050 10370 10370 485 485 2281250 485 485 4357 485 485 10370 10370 10370 2125765 10370 2876417 10370 2125765 485 485 188065 2876417 10370 27217 269125 485 485 485 485 10370 27217 290450 485 10370 485 4357 485 27217 485 485 10370 27217 485 485 16581185 2876417 188065 16581185 269125 269125 10370 10370 10370 485 10370 485 485 485 188065 485 10370 27217 485 10370 10370 501265 2125765 485 4189225 485 485 10370 10370 4162685 10370 485 188065 10370 10575505 181337 501265 10370 269125 10370 485 188065 501265 485 19423765 10370 188065 10370 485 10370 2876417 27217 269125 485 485 10370 4357 290450 485 10370 10370 27217 10370 4357 4357 485 10370 10370 485 485 485 10370 538645 4357 485 27217 188065 485 485 10370 485 10370 10370 485 2171570 290450 485 188065 485 10370 2281250 1227434 10370 485 181337 485 10370 10370 485 485 10370 501265 10370 4357 501265 78447785 269125 485 501265 485 10370 485 10370 1116050 10370 27217 485 485 10370 188065 27217 188065 485 188065 10370 10370 10370 188065 188065 10370 10370 10370 485 10370 27217 10370 485 10370 485 
10370 10370 2876417 10370 485 485 538645 10370 10370 181337 10370 485 485 2559265 10370 10370 10370 10370 10370 485 10370 120250 485 10370 485 485 10370 485 37829045 485 2125765 2876417 10370 10370 485 10370 4357 485 10370 10370 485 5410 485 10370 188065 27217 120250 181337 485 10370 27217 10370 2125765 10370 10370 882325 4357 188065 485 485 10370 485 485 181337 188065 10370 485 882325 1227434 4357 485 10370 120250 485 2281250 4357 10370 10370 485 10370 10370 120250 188065 1227434 10370 5410 120250 485 485 485 181337 538645 10370 485 10370 27217 485 485 485 10370 882325 485 10370 485 1259557 4357 10370 485 5410 485 1116050 4077125 188065 10370 485 10370 485 1624505 27217 27217 485 1170325 
202 505 202 202 202 8245 101 8245 202 286565 202 202 202 202 202 202 1717 202 77450 1717 1717 286565 1332970 202 202 202 202 202 1717 202 1717 1717 286565 202 1717 202 202 202 8245 101 240101 8245 202 202 1717 202 202 361010 202 202 202 1717 8245 202 1717 505 1717 202 1717 202 202 202 5270770 505 8245 1717 3838498 1717 202 202 63370 202 1717 202 1717 1332970 202 1717 101 8245 202 1717 940325 101 1717 286565 202 286565 202 1717 1717 1717 1450 1717 8245 1717 1717 202 202 202 101 202 286565 8245 202 8245 202 8245 202 8245 202 202 1717 202 202 286565 202 8245 8245 202 202 63370 1717 202 286565 361010 202 202 1717 505 8245 202 202 202 8245 202 8245 202 8245 1332970 240101 202 8245 505 1717 202 286565 202 202 8245 8245 1717 202 1717 74 8245 74 202 8245 505 202 202 101 1717 202 8245 101 8245 74 1717 63370 240101 202 1717 1332970 286565 1717 1717 202 28995829 202 202 77450 1717 202 8245 1332970 1717 202 505 8245 505 505 202 202 8245 77450 202 1717 77450 1717 29584010 202 202 202 101 1717 202 8245 8245 202 202 202 286565 202 202 202 202 202 8245 202 202 286565 1717 505 1332970 1717 202 101 202 202 202 202 202 202 286565 202 77450 8245 202 1717 74 202 85001489 1717 202 8245 8245 1717 505 8245 202 202 202 1717 286565 202 8245 1717 202 202 1717 1717 202 8245 1717 202 202 1717 505 202 202 202 202 101 202 1717 202 505 1717 202 202 202 202 1717 1717 505 202 202 28995829 202 202 77450 434314 202 202 1717 202 202 202 202 808265 1717 8245 2547217 8245 202 1717 202 202 286565 505 63370 240101 202 202 1717 202 8245 1256785 8245 202 202 8245 1717 202 202 1717 202 8245 286565 286565 1717 202 77450 202 202 202 202 202 1717 202 1717 78410 8245 12923530 8245 202 202 202 1717 1717 8245 74 1717 202 202 202 202 202 202 202 118630165 202 1717 74 202 202 202 202 286565 247810 202 202 286565 1717 202 101 202 202 202 1717 202 202 1717 202 202 1717 202 8245 202 202 8245 202 202 1332970 1717 14214290 55114 1717 202 202 202 202 8245 202 202 1717 1717 1717 202 202 4977785 114410 77450 202 202 202 1717 202 202 1717 202 505 286565 1717 1717 505 1717 202 1717 202 202 8245 55114 202 202 1450 202 202 63370 202 202 78410 202 1450 202 1717 202 8245 8245 1717 202 202 247810 8245 202 8245 202 202 202 101 202 8245 202 1717 202 202 1717 202 202 8245 202 1717 1717 940325 505 202 1450 202 202 202 202 505 202 202 202 1717 1717 202 1717 202 202 202 1717 8245 202 202 55114 1717 1717 8245 202 77450 1717 8245 202 1717 1717 202 202 202 202 8245 202 1450 8245 202 1717 202 101 8245 1717 8245 505 202 202 8245 202 1717 1717 1717 8245 202 202 202 1332970 202 202 202 202 940325 202 1717 202 1717 1717 8245 1717 202 202 1717 1717 202 216580325 77450 1717 202 1332970 8245 286565 202 202 202 1717 8245 505 8245 8245 1332970 202 202 202 1717 1256785 202 202 
29045 10405 10405 29045 10405 10405 29045 29045 29045 10405 29045 10405 10405 459850 29045 10405 10405 29045 459850 10405 29045 10405 459850 10405 102154 10405 29045 15317 29045 29045 29045 29045 29045 29045 29045 276770 273205 10405 10405 15317 29045 10405 10405 10405 273205 10405 4369 10405 10405 170 10405 15317 273205 10405 10405 29045 10405 120388970 10405 10405 15317 10405 10405 10405 4850 29045 29045 10405 10405 29045 15317 29045 29045 15317 10405 10405 273205 273205 15317 10405 29045 10405 29045 10405 29045 29045 10405 3207154 29045 121685 29045 15317 4369 714425 29045 459850 10405 15317 10405 29045 29045 29045 10405 15317 29045 29045 120250 29045 10405 29045 29045 10405 15317 29045 15317 170 10405 10405 121685 459850 29045 4584485 10405 29045 10405 10405 10405 10405 29045 29045 8738 10405 29045 10405 10405 459850 10405 29045 29045 10405 29045 29045 4369 29045 4369 4850 10405 29045 10405 4369 29045 10405 10405 15317 29045 10405 10405 10405 29045 29045 4850 10405 15317 10405 29045 10405 121685 10405 29045 10405 10405 15317 29045 10405 29045 29045 4369 15317 10405 10405 29045 29045 29045 29045 4369 10405 10405 29045 10405 29045 10405 459850 29045 29045 10405 10405 121685 10405 29045 15317 10405 10405 29045 10405 10405 273205 170 459850 10405 29045 10405 29045 4369 29045 10405 10405 10405 10405 10405 29045 29045 10405 104050 15317 1624505 121685 10405 4369 170 10405 29045 15317 10405 10405 10405 29045 4369 29045 10405 10405 10405 10405 10405 10405 29045 29045 10405 29045 29045 29045 10405 29045 10405 170 170 10405 29045 10405 10405 10405 10405 29045 29045 10405 29045 29045 459850 10405 29045 29045 10405 4369 29045 10405 170 10405 273205 29045 29045 10405 10405 29045 10405 29045 29045 10405 10405 29045 179450 459850 10405 29045 10405 10405 29045 10405 10405 15317 15317 29045 10405 10405 273205 102154 339877525 29045 29045 29045 10405 10405 102154 10405 29045 10405 29045 29045 29045 10405 273205 10405 29045 10405 15317 273205 10405 4369 15317 276770 10405 15317 29045 4369 10405 10405 10405 29045 10405 10405 276770 10405 8738 29045 10405 104050 29045 10405 
29045 5 5365 34 29045 29045 29045 3530 29045 17945 3530 7464565 29045 987530 3530 1665074 5365 29045 29045 3530 29045 29045 85 10405 19018 10405 987530 29045 29045 3530 3530 29045 3410290 29045 5365 85 3530 29045 85 3530 19018 3530 34 21257650 29045 10405 3530 85 5365 3530 29045 29045 29045 29045 29045 10405 3530 34 3530 5365 29045 3530 29045 29045 29045 3530 85 85 3530 29045 29045 29045 85 3530 4850 3530 34 29045 29045 3530 85 29045 29045 10405 3530 5365 3530 85 17945 34 3530 3530 29045 29045 34 3530 29045 19018 29045 29045 5991050 3530 10405 29045 29045 29045 19018 3530 29045 29045 85 3530 990002 3530 5365 29045 10405 29045 5 29045 29045 3530 29045 1331593 29045 3530 3530 29045 10405 17945 29045 85 3530 19018 29045 3530 3530 29045 3530 29045 3530 29045 85 3530 29045 12970 29045 34 29045 5365 19018 85 29045 29045 29045 29045 29045 3530 29045 3530 213004802 29045 85 29045 29045 29045 3530 6492725 29045 17945 34 3530 4850 29045 34 5365 29045 29045 29045 5 10405 29045 29045 3530 3530 17945 3530 3959705 29045 3530 3530 29045 85 29045 85 3530 85 3530 3530 3530 5365 29045 85 29045 29045 17945 3530 17945 29045 85 3530 3530 29045 5365 3530 29045 34 3530 29045 85 10405 5 29045 4850 29045 29045 29045 17945 1331593 19018 3530 85 1331593 1351370 3530 29045 19018 29045 29045 5365 5 3530 3530 10405 3530 29045 29045 29045 3530 5 3959705 29045 29045 29045 29045 29045 29045 29045 4850 29045 29045 29045 3530 3530 3530 10405 85 21829025 3530 29045 34 29045 29045 85 3530 5 29045 3530 650 29045 29045 5365 29045 34 85 3530 3530 5365 10405 5365 29045 29045 3530 3530 10405 3530 10405 17945 29045 5365 5991050 34 5365 34 29045 85 10405 29045 3530 29045 3530 3530 987530 5365 3530 3530 34 29045 29045 5365 5365 1285 3530 29045 29045 5365 2942425 3530 17945 5365 3530 29045 3530 29045 3530 3959705 2036290 3530 29045 3530 34 3530 29045 3530 85 29045 29045 3530 3530 3530 17945 5365 29045 29045 5 5365 3530 17945 10405 3530 3530 29045 19018 5365 5365 29045 3530 85 34 1331593 29045 17945 19018 29045 3530 29045 29045 29045 3530 
15317 15317 29045 29045 29045 29045 15317 15317 15317 15317 29045 3530 5365 1331593 29045 29045 29045 29045 10405 29045 29045 5365 3530 29045 5365 3530 15317 29045 34 4850 29045 15317 29045 10405 714425 3530 121685 5365 15317 29045 29045 10405 714425 4369 102154 15317 15317 15317 15317 29045 4369 3207154 34 15317 3530 4369 85 5365 85 29045 5365 15317 5365 29045 29045 987530 10405 29045 104050 5365 3530 29045 3530 15317 15317 15317 15317 29045 15317 10405 3530 5365 29045 15317 29045 3530 29045 15317 29045 714425 29045 15317 15317 3530 85 3530 15317 121685 4369 34 15317 29045 29045 15317 5365 15317 4369 714425 102154 3530 4369 12970 29045 3530 15317 29045 34 3530 29045 15317 8738 5365 12970 5365 15317 15317 3530 102154 15317 15317 3530 29045 3530 10405 15317 5365 4369 102154 15317 5365 3530 15317 29045 4369 15317 276770 17945 29045 3530 5365 29045 3530 276770 15317 1116050 15317 3530 29045 29045 29045 3530 34 29045 29045 5365 15317 29045 29045 15317 3530 29045 15317 3530 3530 4850 15317 5365 5991050 5365 29045 85 3530 29045 29045 15317 34 29045 121685 3530 5365 714425 5365 5365 10370 10405 3530 10405 29045 3530 15317 34 29045 10405 10405 1331593 29045 29045 15317 29045 29045 15317 5365 34 29045 4369 3530 3530 3530 3530 29045 15317 4369 34 15317 29045 15317 15317 3530 15317 3530 10405 3530 15317 29045 3530 29045 15317 3530 15317 34 34 5365 15317 15317 34 15317 3530 15317 15317 15317 15317 34 3530 10405 5991050 3530 7527530 5365 102154 29045 104050 714425 4369 3530 29045 29045 5991050 29045 3207154 5365 85 15317 34 3530 29045 34 4369 15317 15317 3530 3530 5365 15317 29045 29045 15317 3530 4850 10405 3530 29045 12970 29045 29045 15317 34 29045 29045 4369 15317 29045 3530 1331593 7527530 4850 3530 3530 15317 4369 1665074 15317 34 8304517 34 3530 15317 29045 34 34 3530 714425 15317 3530 10405 29045 29045 4369 10405 15317 15317 29045 15317 29045 3530 15317 29045 29045 3530 15317 15317 
202 1717 1717 8245 202 1717 1717 202 1717 1717 1717 1717 202 505 2178005 1717 1717 29045 202 8245 1332970 1332970 202 1717 202 209441717 202 202 1717 202 1717 505 1332970 202 1717 1717 240101 1717 202 1717 286565 29045 1717 202 202 505 1717 1717 1717 202 2594 202 8245 202 1717 29045 202 240101 8245 202 202 2594 1717 202 202 202 1717 202 202 1717 10447945 202 1717 1717 29045 29045 1717 1717 202 202 8245 1717 1717 202 505 1717 1717 1717 50181125 1717 202 202 202 505 202 1717 1717 202 202 202 1717 202 1717 1717 505 202 1717 8245 202 77450 8245 1717 202 1717 202 1717 202 202 686450 202 1717 202 1935025 1717 202 3737 202 29045 202 1717 505 8245 202 8245 202 240101 1336465 2594 240101 202 8245 202 1717 202 202 1717 202 202 1717 1717 1717 29045 1717 1717 8245 63370 202 1717 2178005 1336465 2594 8245 1717 8245 1717 202 202 1717 1717 202 202 202 202 202 29045 1717 1717 1717 29045 240101 1717 29045 2594 1717 1717 8245 1717 1717 2594 505 1717 1717 1717 202 1717 1717 1717 202 1717 1717 202 202 8245 286565 940325 505 29045 1717 202 29045 202 202 1717 202 202 202 1717 202 1717 1717 29045 202 8245 8245 1717 1717 202 2594 202 29045 202 8245 202 202 202 1717 505 8245 202 202 361010 202 29045 202 1717 1717 28995829 202 240101 1717 202 240101 29045 1717 1717 202 1717 202 505 202 1717 202 1717 202 202 202 29045 202 2594 1717 1717 202 1717 202 29045 202 202 202 2594 1717 1717 29045 202 202 8245 202 8245 240101 202 29045 505 202 202 8245 202 202 202 1332970 202 1717 202 1717 202 29045 202 202 29045 8245 1717 202 29045 2594 202 202 202 3838498 1717 202 1717 202 1717 8245 
34 10575505 485 34 485 485 485 485 34 1331593 34 3530 485 485 1685450 485 34 485 3530 34 485 34 12970 485 485 485 485 485 485 485 485 485 485 485 34 485 485 34 485 485 485 1331593 34 485 485 514 67535525 485 485 34 485 485 485 34 485 485 3530 34 34 485 485 5365 485 34 485 485 485 34 34 34 12970 485 34 16019705 514 3530 485 5365 34 485 34 10575505 34 485 485 485 3530 485 3530 485 34 485 485 485 485 485 485 485 34 5365 485 485 485 485 485 485 34 34 34 485 485 34 485 485 5365 34 485 485 3530 9063050 485 34 5365 485 34 485 485 485 62725 501265 6472325 485 34 62725 485 485 485 485 34 34 485 485 485 34 62725 485 485 485 1685450 485 34 34 485 5365 34 34 5766410 5365 485 5365 485 1685450 34 485 34 3530 485 34 485 485 485 485 3530 34 485 485 34 485 485 34 5991050 34 485 34 485 5365 3530 485 269125 485 501265 3530 3530 485 485 485 1685450 987530 485 485 34 1331593 485 3530 34 485 485 485 485 485 34 1331593 34 34 34 485 34 34 485 34 34 485 62725 34 34 485 501265 485 18434 485 485 485 485 5365 7543625 485 5365 34 34 485 1685450 1685450 485 485 485 5365 485 5991050 10370 485 3530 34 3530 485 485 485 5365 485 485 485 485 485 34 3959705 485 485 485 485 3530 16581185 485 34 
4357 4357 1654865 10370 188065 188065 74 188065 4357 4357 5674685 16825 74 188065 4357 4357 4357 4357 74 74 4357 74 16825 4357 4357 370 485 74 4357 208933145 74 188065 188065 4357 4357 188065 4357 4357 4357 538645 27217 4357 4357 4357 485 27217 4357 4357 188065 188065 27217 4357 74 188065 4357 188065 485 16825 16193809 485 188065 74 4357 74 188065 74 485 74 74 74 4357 4357 4357 4357 188065 4357 16825 4357 188065 188065 4357 4357 4357 370 485 4357 4357 4357 74 188065 74 4357 4357 4357 188065 4357 4357 4357 188065 1765 16825 4357 188065 188065 485 27217 16825 74 4357 188065 74 16825 1654865 485 1654865 4357 26293865 4357 16825 1654865 4357 4357 16010 188065 16825 74 188065 4357 74 4357 188065 538645 188065 4357 16825 27217 74 27217 16825 169010 3154177 74 188065 188065 16825 4357 765034 4357 538645 16825 27217 188065 74 188065 4357 16825 4357 74 16825 74 485 4357 74 4357 4357 4357 27217 544505 4357 485 2720017 485 4357 4357 169010 4357 4357 4357 169010 4357 16825 4357 4357 74 538645 27217 74 16825 4357 4357 188065 74 74 370 74 188065 16825 4357 74 4357 4357 4357 188065 4357 188065 10370 4357 74 4357 16825 1654865 4357 4357 188065 370 4357 4357 16825 188065 4357 4357 169010 4357 4357 485 4357 16825 4357 188065 74 27217 4357 74 4357 4357 4357 188065 4357 188065 4357 4357 188065 4357 74 4357 4357 74 74 4357 538645 27217 4357 188065 188065 16825 4357 4357 74 4357 4357 485 4357 16193809 4357 169010 74 74 370 74 29253025 2425 74 4357 4357 4357 188065 4357 74 188065 16825 26293865 188065 4357 485 74 16010 74 74 74 4357 188065 16825 27217 4357 4357 3154177 27217 74 74 4357 4357 1654865 4357 4357 4357 4357 188065 16825 4357 188065 4357 3946465 4357 4357 4357 74 4357 74 4357 4357 4357 4357 4357 74 3946465 27217 16825 188065 370 4357 4357 188065 4357 290 188065 188065 4357 1765 188065 485 4357 169010 16825 4357 4357 4357 74 4357 74 1654865 188065 16825 188065 2517770 16825 1765 16825 485 16825 64980002 188065 485 74 4357 74 188065 4357 485 16825 27217 74 4357 4357 4357 4357 74 4357 370 16825 188065 74 74 74 74 169010 74 4357 27217 4357 4357 188065 188065 4357 10370 4357 74 1765 4357 169010 74 74 188065 4357 26293865 4357 4357 188065 2720017 4357 188065 4357 1765 188065 27217 188065 74 74 4357 74 4357 188065 27217 4357 188065 4357 169010 485 4357 4357 74 4357 4357 4357 74 4357 4357 4357 74 188065 4357 188065 2517770 74 4357 538645 4357 74 4357 4357 1654865 4357 74 4357 4357 74 27217 4357 4357 4357 16825 4357 188065 74 16825 4357 16825 16825 4357 370 4357 4357 74 485 1765 27217 16825 4357 3154177 188065 16825 4357 74 4357 4357 27217 4357 169010 74 4357 4357 188065 485 3946465 169010 16825 4357 4357 4357 74 538645 4357 74 4357 74 4357 4357 74 4357 5218405 4357 188065 188065 485 4357 4357 485 4357 485 16825 74 16825 188065 27217 4357 4357 188065 16825 4357 74 188065 4357 4357 74 485 4357 188065 74 74 169010 188065 4357 4357 26293865 74 4357 4357 4357 4357 4357 188065 27217 2244005 4357 74 74 188065 188065 4357 188065 4357 188065 4357 74 4357 188065 27217 370 4357 188065 169010 4357 74 4357 4357 74 74257625 10370 188065 485 188065 74 538645 16825 1654865 4357 4357 290 4357 188065 538645 4357 2244005 4357 2876417 74 4357 16825 
4369 29045 4369 29045 2425 72901 2425 876097 463114 3925 3925 29045 463114 72901 2425 29045 4369 3925 2425 3925 72901 4369 29045 3925 29045 72901 29045 3925 1664650 72901 2425 2425 142885 72901 2425 72901 72901 612170 4369 4369 72901 72901 29045 463114 29045 3925 3925 72901 29045 3925 29045 72901 3925 176290 8585 176290 24050 3737 2425 110245 1664650 72901 72901 29045 72901 29045 3925 3925 29045 72901 72901 3536425 72901 72901 29045 142885 3737 72901 72901 463114 1664650 72901 72901 3925 463114 72901 72901 72901 2425 1664650 3925 3925 29045 34 72901 72901 2425 110245 202 2425 8585 4369 3925 2425 3925 2425 29045 72901 3925 72901 4369 72901 463114 4369 110245 714425 2425 72901 463114 3925 72901 3925 142885 72901 2425 72901 34 2425 142885 110245 72901 3925 110245 72901 202 463114 29045 142885 2205002 29045 463114 29045 202 29045 72901 110245 72901 72901 29045 2425 
876097 29045 29045 29045 72901 72901 72901 142885 3925 3737 72901 184901 72901 72901 2425 72901 72901 3925 2205002 29045 4369 3925 29045 2425 2425 29045 4369 72901 3925 72901 29045 29045 72901 3925 4369 876097 72901 72901 29045 3723850 29045 72901 2425 4369 4369 72901 3737 3737 2425 72901 72901 72901 3925 4369 202 110245 29045 29045 110245 2185625 2425 4369 142885 29045 2425 29045 29045 72901 72901 714425 3925 4369 463114 72901 2425 29045 72901 2425 29045 29045 29045 29045 29045 876097 202 29045 273205 72901 3737 1665490 3925 184901 29045 29045 2425 29045 72901 29045 8005 463114 29045 72901 4369 29045 3737 29045 72901 72901 463114 72901 72901 2425 876097 184901 3925 2425 72901 72901 2425 72901 29045 29045 463114 2425 72901 3925 184901 72901 29045 29045 463114 29045 176290 2425 110245 184901 5874490 72901 4369 4251845 29045 72901 7106450 29045 29045 29045 29045 72901 72901 3925 72901 202 29045 72901 56380825 29045 72901 4369 3925 184901 170 810485 3925 2425 202 29045 29045 72901 3925 170 176290 2425 72901 72901 29045 463114 72901 29045 72901 72901 72901 29045 2425 4850 110245 72901 72901 4369 176290 3925 170 3925 29045 876097 3925 3925 72901 72901 4251845 4369 72901 29045 51914 4369 3925 29045 72901 2425 4369 29045 72901 29045 876097 72901 8005 2425 72901 29045 29045 3925 29045 72901 72901 29045 2185625 72901 29045 72901 184901 29045 4369 72901 29045 29045 3925 142885 184901 72901 3737 2425 72901 29045 29045 3925 72901 3925 3925 3925 72901 463114 72901 29045 29045 29045 29045 3925 29045 184901 2425 72901 72901 17070010 170 8585 3925 72901 29045 72901 72901 72901 29045 72901 2185625 72901 3925 29045 29045 29045 29045 29045 4369 72901 72901 142885 4369 170 3737 29045 29045 72901 734474 3925 3925 4369 29045 72901 3925 72901 72901 29045 3925 4369 29045 273205 72901 72901 3925 2425 463114 72901 3925 110245 72901 184901 3925 29045 4369 184901 142885 29045 463114 170 202 29045 463114 3925 29045 142885 2425 72901 4369 29045 29045 29045 202 2425 72901 142885 72901 72901 29045 29045 2425 72901 29045 142885 72901 29045 29045 72901 72901 72901 72901 4369 29045 72901 72901 4369 72901 29045 2425 2425 72901 29045 202 176290 29045 184901 110245 463114 2425 72901 72901 2425 72901 110245 2425 29045 29045 29045 29045 2185625 2425 72901 72901 
6290 10405 10405 10 104050 10405 1116050 6290 15317 10405 4369 10405 10405 714425 15317 15317 6290 15317 10405 239434 6290 15317 10405 37970245 15317 15317 10405 10405 10405 714425 10405 10405 4369 10405 10405 15317 10405 10405 10405 10405 6290 10405 6290 15317 15317 714425 10405 15317 10405 15317 4369 10405 4369 10405 10405 10405 10405 4369 10405 15317 10405 34 10405 15317 10405 10405 10405 10405 239434 15317 15317 6290 2425 10405 10405 10405 15317 37970245 10405 10405 10405 10405 6290 15317 714425 10405 10405 10405 3576050 4369 2425 15317 10405 4369 10405 10405 10405 10405 4369 10405 15317 15317 15317 15317 10405 10405 10405 10405 102154 10405 10405 239434 10405 4369 10405 10405 10405 10405 15317 4369 4369 6290 10405 10405 15317 10405 10405 239434 15317 10405 10405 10405 10405 29215370 4369 10405 8304517 6290 10405 4369 15317 10405 239434 15317 10405 10405 10405 4369 10405 10405 4369 294297925 10405 10405 10405 10405 10405 15317 4369 10405 10405 970 15317 6290 10405 4369 239434 714425 10405 4369 10405 970 34 15317 4369 2425 10405 15317 10405 15317 15317 10405 15317 15317 10405 6290 10405 10405 4369 6290 10405 15317 10405 10405 10405 3207154 4369 714425 6290 1624505 10405 10405 239434 34 10405 10405 10405 10405 10405 10405 2425 239434 4369 4369 10405 10405 15317 239434 15317 10405 10405 10405 187274 10405 10405 10405 10405 464290 6290 4369 10405 4369 4369 15317 4369 6290 15317 10405 10405 4369 6290 10405 10405 10405 15317 10405 10405 15317 10405 239434 4369 121685 6290 15317 6290 10405 4369 4369 10405 15317 4369 15317 10405 4369 6290 2425 4369 15317 10405 276770 10405 10405 10405 15317 10405 10405 4369 10405 10405 4369 4369 10405 10405 239434 4369 4369 6290 10405 186325 4369 8304517 2425 10405 970 4369 239434 121685 10405 10405 10405 15317 10405 10405 10405 4369 714425 10405 10405 10405 10405 714425 6290 1512901 10405 4369 10405 6290 102154 10405 15317 10405 239434 10405 4369 4369 10405 15317 15317 8304517 970 121685 10405 102154 10405 34 104050 10405 15317 36945845 10405 4369 6290 10405 10405 10405 6290 4369 10405 10405 10405 34 10405 4369 4369 2425 239434 10405 10405 10405 121685 10370 4369 10405 10405 15317 4369 10405 4369 10405 6290 6290 10405 34 4369 4369 10405 10405 10405 2425 10405 10405 10405 10405 10405 10405 15317 10405 15317 3207154 10405 4369 4369 10405 10405 10405 15317 4369 10405 10405 15317 15317 10405 104050 17371250 15317 10405 10405 10405 6290 37370 10405 15317 10405 15317 6290 2425 6290 10405 4369 10405 239434 15317 10405 34 15317 15317 202 10405 4369 34 4369 10405 15317 4369 15317 4369 10405 15317 4369 15317 4369 14205650 10405 15317 10405 10405 
3737 1717 10405 3737 3737 1717 1717 1717 3737 6290 3737 10405 1258 3737 2594 2979925 55114 1258 136085 3737 1717 136085 2594 2594 10405 3737 3737 2737802 1717 3737 2594 29045 1258 1717 3737 1717 29045 6290 3737 3737 1717 136085 3737 10405 2594 3737 1258 3737 3737 3737 940325 10405 1258 2594 1258 3737 1717 3737 10983050 3737 2979925 3737 3737 3737 10405 10405 2594 17942090 10405 3737 1240025 136085 1717 3737 3737 10405 3737 3737 1258 6290 3737 2594 1717 3737 3737 3737 3737 3737 6290 136085 1717 3737 1258 55114 10405 3737 3737 136085 10405 3737 3737 1717 41225 6290 3737 3737 107650 1717 3737 3737 6290 3737 3737 2425 3737 10405 50409845 1258 136085 6290 3737 3737 3737 136085 1717 3737 1258 29045 3737 1717 2594 3737 3737 3737 3737 3737 10405 3737 1258 1258 3737 10405 1258 5034250 434314 6290 3737 3737 2594 3737 3737 10405 3737 220505 1258 10405 202 3737 3737 10405 3737 1717 3737 195365 10405 1717 1258 1258 1717 3737 3737 2594 136085 10405 3737 136085 10405 3737 3737 3737 136085 1717 2594 1258 3737 1258 1717 1258 468469 10405 136085 2594 1717 1258 220505 3737 220505 2425 3737 10405 136085 3737 202 1717 3737 10405 1258 10405 10405 2594 3737 3737 3737 3737 3737 3737 3737 3737 3737 2425 1717 3737 3737 3737 1258 6290 136085 136085 2425 29045 10405 3737 29045 3737 10405 4246850 3737 29045 1717 10405 1717 3737 10405 2594 3737 10405 55114 3737 1258 3737 3737 10405 3737 3737 10405 3737 10405 10405 2594 3737 3737 3737 3737 3737 10405 3737 3737 3737 6290 3737 1717 3737 3737 1717 3737 1240025 2594 1717 3737 29045 10405 2113145 3737 10405 3737 3737 136085 2594 2594 29045 3737 2594 10405 3737 29045 10405 2594 3737 3737 3737 3737 1717 3737 3737 136085 2425 3737 1717 136085 2594 10405 10405 2979925 2594 3737 2594 3737 10405 396610 1258 1717 3737 940325 2594 940325 29045 3737 1717 3737 3737 136085 3737 10405 55114 3737 1717 1258 1258 1258 3737 2594 1717 1717 3737 3737 3737 1717 10405 10405 3737 3737 1717 1717 3737 10405 10405 1717 3737 3737 3737 3737 6290 1258 3737 10405 3737 3737 136085 3737 3737 29045 3737 3737 3737 10405 3737 3737 2425 1258 3737 3737 6290 10405 3737 102154 3737 136085 3737 10405 3737 202 3737 3737 10405 1717 3737 3737 6290 6290 136085 3737 10405 3737 17618050 3737 10405 136085 10405 3737 3737 1258 3737 1717 3737 1717 136085 55114 3737 29045 2594 3737 10405 3737 1717 1258 136085 3737 3737 1717 1240025 3737 3737 3737 1717 3737 4246850 2594 3737 1717 136085 1717 3737 3737 1258 1258 2425 1717 1272385 6290 6290 1717 3737 136085 1258 3737 1258 3737 3737 10405 3737 3737 3737 1272385 3737 3737 1717 3737 3737 29045 3737 3737 136085 10405 3737 2594 1717 3737 3737 2594 10405 
170 170 59170 170 45002 170 170 170 45002 45002 170 170 170 170 249010 170 170 170 170 170 170 170 170 170 170 170 170 129785 170 1050905 170 61217 170 170 170 170 170 170 170 170 170 170 170 170 170 170 170 45002 45002 16907890 1632025 108574850 170 170 170 61217 170 59170 170 679225 170 61217 170 112897 170 59170 170 679225 170 170 170 170 45002 45002 170 170 170 170 261994 2570 170 170 170 170017 170 170 170 170 1358450 112897 170 170 170 170 170 170 170 170 45002 170 7623317 170 170 170 61217 170 170 45002 45002 170 170 170 170 170 170 170 170 45002 261994 170 61217 170 122434 170 170 170 112897 170 170 170 61217 2570 170 170 170 170 61217 170 170 170 170 170 170 45002 170 1812445 12446785 170 170 61217 170 61217 45002 59170 170 170 170 170 170 170 1050905 170 170 45002 170 170 170 170 170 45002 170 170 170 170 170 170 6708101 170 170 122434 170 2212405 170 61217 170 45002 170 170 170 170 170 170 170 1534754 170 170 170017 45002 170 170 170 170 112897 170 170 170 170 249010 170 61217 170 45002 170 170 170 170 1050905 61217 170 170 170 112897 170 170 170 679225 170 170 170 170 45002 170 170 170 170 170 170 61217 170 61217 170 170 170 170 122434 1812445 170 11289601 170 170 170 170 170 170 170 170 170 170 170 170 170 
170 74 74 4357 74 170 10730 74 170 317645 170 170 74 4357 4357 1654865 74 170 370 4357 188065 170 4357 4357 170 74 74 1010 170 1654865 1654865 4357 74 74 74 170 188065 363701 4357 74 170 170 4357 1654865 16825 170 74 170 74 1654865 16825 74 74 74 74 74 4357 4357 4357 4357 74 170 363701 4357 74 74 74 4357 188065 363701 74 4357 4357 4357 74 4357 74 74 170 16825 4357 74 370 4357 4357 4357 74 170 74 16825 4357 4357 170 4357 170 4357 74 4357 74 370 1765 170 74 29253025 74 363701 74 74 74 16825 4357 4357 74 31754 363701 4357 16825 4357 363701 74 10730 74 170 74 4357 170 16825 170 188065 74 188065 4357 74 4357 4369 74 1654865 170 1765 40301969 170 16825 170 74 4357 74 4357 4357 170 74 1421290 4357 370 74 4357 74 170 170 74 188065 74 4357 74 4357 4357 4357 4357 188065 74 74 74 74 170 370 74 16825 
190450 16825 16193809 74 74 74 16825 2425 980101 74 101 74 74 74 8245 101 74 8245 16825 202 101 74 74 8245 74 74 4357 101 101 74 74 456977 101 74 74 74 8245 74 4357 4357 74 74 10730 74 101 4357 8245 370 74 16825 2425 8245 4761010 74 74 456977 180505 74 101 8245 74 74 74 363701 16193809 74 8245 4357 4357 101 74 74 1018145 74 16825 74 363701 74 456977 74 456977 101 4357 74 456977 74 16825 101 8245 74 74 31754 74 8245 74 74 74 74 101 456977 1421290 8245 16825 101 101 74 456977 74 101 74 74 2425 74 74 74 456977 74 202 101 74 74 74 370 202 74 190450 1018145 2425 74 4357 101 8245 8245 74 74 456977 101 1018145 74 16825 16825 16825 101 74 4357 16825 74 74 16825 4357 190450 74 16825 74 4357 101 16825 74 74 74 363701 74 16825 363701 74 4357 74 
370 85 465125 85 85 85 36101 36101 36101 85 85 25456925 36101 85 85 85 85 36101 19018 36101 465125 85 465125 85 3849850 85 465125 465125 85 465125 2513570 17945 202 85 19018 36101 95844101 465125 239434 36101 36101 19018 85 85 85 465125 85 36101 19018 36101 85 85 85 85 465125 465125 85 85 465125 85 85 85 85 85 85 2513570 36101 85 85 19018 85 19018 19018 85 465125 85 85 19018 85 85 85 85 85 239434 85 36101 85 85 465125 85 85 3115010 85 85 19018 85 202 465125 85 85 36101 85 19018 465125 85 85 202 202 36101 426530 85 85 85 85 465125 85 36101 85 17945 85 85 19018 239434 239434 10730 465125 85 36101 36101 85 85 1058005 85 85 36101 36101 85 85 85 1312202 19018 85 36101 695185 19018 85 202 85 85 85 85 85 51850 202 465125 85 85 465125 85 17945 36101 465125 85 85 85 85 85 36101 23392850 85 85 17945 85 85 85 85 465125 85 85 2657525 85 
170 34 170 170 170 170 18685 170 170 170 11289601 170 34 170 170 18685 170 18685 170 170 170 170 18685 170 170 170 170 18685 170 18685 1450 18685 18685 170 18685 31248101 1050905 170 18685 170 18685 59170 1018145 170 18685 170 18685 170 170 170 170 170 170 170 170 170 18685 18685 170 18685 18685 170 170 18685 170 18685 170 170 34 34 170 18685 170 18685 170 170 18685 112370 170 170 170 1018145 18685 40269125 18685 1018145 170 170 1050905 170 18685 170 18685 170 170 170 170 170 63995570 18685 18685 1050905 170 170 170 34 170 18685 18685 1050905 170 170 170 170 18685 34 170 18685 18685 170 18685 18685 1050905 170 170 170 170 170 18685 40269125 170 1450 170 1050905 170 170 170 170 112370 18685 61505617 18685 170 18685 18685 170 170 25027250 170 18685 170 170 18685 18685 170 34 25027250 170 34 170 170 170 18685 170 34 170 18685 170 18685 170 170 18685 170 170 170 170 170 170 18685 170 34 170 170 18685 170 170 170 18685 170 170 170 170 18685 170 170 170 170 18685 170 18685 170 170 170 170 170 170 18685 18685 25027250 170 34 18685 18685 34 170 170 18685 18685 170 170 170 18685 18685 170 34 118474 18685 170 170 18685 170 18685 170 170 170 102154 18685 727402 170 170 170 18685 170 170 170 170 170 170 170 170 170 170 18685 170 170 1050905 170 170 18685 18685 170 170 170 18685 170 18685 18685 18685 170 4488010 18685 170 170 170 170 18685 170 170 170 170 18685 170 170 1450 18685 170 170 170 170 43690 170 170 170 18685 170 18685 170 18685 18685 170 170 18685 170 170 18685 1050905 170 170 18685 170 170 18685 170 727402 170 170 18685 170 170 170 18685 34 170 18685 18685 170 170 1018145 170 18685 18685 170 9548405 18685 170 170 170 170 170 18685 170 18685 170 170 18685 170 170 18685 170 18685 4930 170 170 170 170 18685 11289601 1018145 18685 18685 145802 59170 170 1050905 170 4488010 18685 206890 55950401 34 170 206890 59170 18685 170 170 18685 170 170 170 34 170 170 170 18685 18685 170 170 170 18685 18685 170 34 18685 170 170 18685 145802 11289601 170 170 170 170 18685 18685 34 170 170 170 34 18685 
202 202 202 1332970 8245 8245 202 286565 202 202 8245 202 1717 1717 202 1717 202 202 361010 202 1717 202 202 202 202 8245 8245 202 686450 202 202 240101 202 202 202 202 1717 940325 505 202 77450 202 505 1717 1717 202 202 202 77450 8245 202 1717 8245 1717 202 77450 8245 8245 202 63370 1717 505 1717 940325 202 77450 202 101 24893570 202 286565 8245 8245 202 101 202 1717 202 202 1717 12923530 1717 1717 1717 202 202 505 1450 505 1717 202 202 202 1717 202 12923530 1717 202 8245 505 286565 202 8245 202 202 202 8245 1717 1717 8245 202 1717 
286565 74 74 363701 74 202 101 363701 8245 74 456977 202 8245 74 74 8245 101 8245 8245 190450 74 1717 74 74 74 8245 74 202 1717 74 74 363701 10730 202 101 74 8245 101 101 1717 1450 74 74 74 8245 74 10730 190450 1717 74 286565 74 1717 202 74 74 8245 8245 1717 101 101 1717 363701 1717 101 74 8245 8245 74 286565 10730 1717 286565 10730 785 10730 8245 202 101 74 101 74 74 74 74 74 8245 1717 74 74 1746485 8245 363701 101 1717 8245 74 5940505 1717 202 8245 74 12923530 101 74 2425 1717 101 74 101 74 74 101 74 1717 101 74 74 8245 15054401 190450 101 1717 74 1717 74 10730 74 12923530 8245 74 74 1717 101 8245 190450 456977 101 74 1717 101 74 8245 74 74 1717 370 74 101 101 101 1717 456977 101 74 286565 74 1717 74 1717 74 74 1717 21353657 10730 190450 74 1717 456977 1717 101 101 101 74 74 74 101 8245 74 74 74 456977 286565 456977 101 456977 74 74 101 2514725 74 1717 74 74 74 74 1018145 31754 1717 1018145 32000002 456977 101 1717 1717 101 101 1717 74 1717 1717 1717 1717 1717 8245 1717 101 101 74 1717 8245 1717 1717 74 101 101 456977 202 202 74 74 8245 456977 8245 1717 8245 74 1717 8245 101 8245 1717 190450 74 101 1717 74 8245 8245 74 101 74 1717 74 101 286565 8245 101 101 74 286565 1717 1717 1717 8245 2425 74 101 74 74 2401010 31754 202 74 74 1717 74 101 74 74 74 286565 8245 74 74 1717 456977 8245 363701 1717 101 12923530 202 101 74 101 74 202 1717 286565 1717 74 74 74 286565 101 8245 1717 74 74 101 1717 101 74 456977 370 74 8245 74 2425 74 1717 1717 10730 1717 74 74 1717 74 202 1717 101 74 1421290 101 1717 202 74 370 202 1018145 8245 202 74 1018145 456977 1717 8245 101 74 1717 1717 8245 1717 1717 2425 74 1717 190450 74 202 74 286565 101 1717 286565 363701 8245 8245 1746485 1717 74 2672930 327402325 1717 1717 74 74 74 8245 101 74 74 456977 101 74 101 74 1717 101 74 1717 101 74 74 1717 456977 101 74 74 101 8245 286565 74 1018145 286565 1746485 74 363701 456977 60092825 1717 101 101 74 1717 74 101 202 74 74 1717 10730 286565 74 456977 1717 
17 17 12325 12325 441010 2106385 17 17 17 17 17 17 9802 12325 89725 17 17 1034450 9802 9802 12325 17 17 1002530 10 17 17 9802 17 12325 12325 12325 89725 17 17 9802 12325 17 17 17 17 9802 17 17 17 9802 17 115202 9802 9802 10 17 89725 17 12325 9802 170 12325 9802 9802 17 89725 6356597 17 17 17 17 1889849 17 1924925 17 9802 9802 17 9802 17 1002530 17 17 48674 17 17 17 17 17 17 9802 12325 17 9802 17 17 12325 12325 9802 17 9802 17 17 89725 17 12325 17 17 17 1002530 17 17 17 1002530 17 17 10 9802 12325 17 17 679225 10 17 17 12325 17 17 9802 1316650 17 43690 9802 17 10 17 17 12325 17 17 17 17 89725 12325 17 1002530 17 3702634 17 9802 9802 12325 865930 17 17 17 17 17 17 12325 17 12325 10 17 9802 17 12325 17 12325 17 2106385 17 17 17 12325 48674 9802 7474 9802 1486090 12325 17 12325 17 17 17 17 17 9802 89725 1002530 2106385 17 12325 17 17 17 9802 9802 17 17 9802 17 17 17 17 12325 12325 17 17 17 9802 17 17 17 17 9802 9802 9802 17 1002530 12325 441010 10 9802 17 17 10 17 17 17 17 1002530 9802 12325 17 10 17 9802 17 12325 17 1889849 12325 1002530 9802 17 17 9802 17 17 9562517 9802 17 12325 17 7474 17 12325 9802 17 17 17 45002 17 17 17 17 12325 12325 17 9802 10 12325 9802 17 17 9802 17 17 17 17 17 17 17 10 17 884425 9802 17 1002530 17 89725 17 17 12325 9802 17 12325 79385 12325 12325 17 17 9802 17 17 17 10 679225 12325 865930 12325 9802 9802 1002530 17 7474 17 170 9802 12325 12325 9802 12325 7474 12325 17 17 17 17 89725 17 17 7474 12325 12325 17 17 10 17 12325 170 17 10 9802 12325 12325 12325 17 17 17 17 9802 10 17 7474 17 10 12325 6751225 12325 17 1002530 1924925 10 48674 89725 12325 1002530 17 17 17 9802 89725 10 12325 12325 17 17 17 9802 17 10 17 12325 865930 9802 1002530 17 10 17 17 9802 12325 1889849 17 17 17 17 17 170 9802 6492725 9802 17 17 12325 17 17 884425 17 17 17 12325 1002530 9802 884425 17 26061925 765034 17 17 170 17 89725 3702634 12325 17 17 24726850 43690 17 17 9802 17 17 9802 9802 89725 17 10 17 9802 12325 17 17 9802 1002530 17 17 17 17 1133458 17 17 17 9802 9802 9802 17 9802 17 17 9802 17 21172117 17 17 17 17 17 17 9802 170 12325 17 17 765034 9802 9802 17 17 653225 17 12325 12659365 9802 17 17 9802 17 17 17 17 17 17 17 17 17 9802 17 1250674 10 3411385 17 1002530 17 17 17 17 12325 7474 17 12325 17 12325 89725 17 12325 17 9802 17 7474 12325 17 17 17 17 56070145 12325 17 17 17 12325 12325 12325 17 17 12325 10 1002530 17 17 17 17 89725 884425 17 17 12325 10 12325 17 9802 17 17 17 9802 17 12325 12325 17 12325 17 17 9802 9802 17 9802 17 9802 17 17 2106385 415874 17 17 1002530 89725 9802 17 12325 12325 17 17 12325 17 9802 
17 17 17 2570 17 17 10 17 17 1570 1133458 2570 17 17 9802 17 17 10 720002 17 17 17 17 17 17 9802 2570 17 884425 17 10 89725 17 51077 12325 17642090 17 12325 17 1570 17 9802 12325 12325 17 17 51077 1570 1570 17 17 10 12325 9802 17 17 12325 17 17 17 46085 11803445 9802 12325 51077 1010 17 17 10 9802 17 9802 17 17 51077 1570 17 17 12325 9802 17 17 9802 17 17 11803445 9802 17 17 17 884425 17 17 1570 9802 1570 17 17 9802 17 17 2171570 6356597 903170 17 1570 12325 17 17 9802 10 17 17 17 9802 6751225 17 17 51077 17 9802 239434 17 17 1570 1486090 46085 17 17 17 17 51077 17 12325 17 17 17 17 9802 17 17 9802 17 51077 45002 17 51077 12325 9802 17 17 17 17 51077 884425 884425 12325 9802 2570 9802 17 12325 1010 2106385 110245 17 110245 1570 51077 17 17 12325 9802 17 17 6751225 51077 17 170 17 10 1570 17 17 9802 12325 51077 17 17 17 9802 17 51077 17 17 17 17 9802 170 9802 903170 17 2570 1570 9802 17 12325 10 17 17 17 17 12325 17 17 2570 17 46085 51077 51077 9802 17 884425 51077 10 17 17 9802 9802 17 17 10 9802 10 1133458 9802 10 17 12325 9802 9802 12325 1570 17 17 1010 17 17 2506325 17 10 17 17 17 10 1570 17 17 51077 17 17 17 9802 17 10 1570 89725 17 17 12325 17 12325 17 43690 2570 9802 17 12325 12325 89725 720002 17 17 17 9802 9802 9802 17 17 17 17 17 17 17 17 17 17 17 17 1570 17 884425 17 17 17 1570 17 12325 29184802 9802 1570 51077 9802 17 9802 17 1570 43690 17 17 9802 12325 12325 9802 51077 17 17 9802 12325 17 9802 17 10 17 89725 170 17 9596245 17 17 17 17 170 1570 1570 17 89725 17 17 17 17 1570 10 17 17 17 17 1924925 17 51077 17 9802 17 17 17 1570 1010 17 17 9802 17 17 1570 903170 17 89725 17 9802 17 17 1570 45002 17 17 17 12325 12325 17 17 9802 10 12325 17 17 17 17 43690 17 2106385 9802 17 2570 17 9802 17 17 10 1133458 17 17 17 17 10 1570 17 1133458 17 17 12325 17 17 9802 17 9802 9802 11803445 17 17 89725 9802 1570 17 9802 22474 17 43690 17 51077 51077 17 32541730 9802 17 17 110245 10 12325 89725 17 9802 10 10 17 370 179945 9802 17 17 17 9802 17 9802 17 17 56070145 1570 12325 17 10 17 9802 9802 51077 1570 17 22474 17 1570 10 17 884425 17 17 17 17 17 17 17 17 17 1570 12325 46085 17 46085 17 1570 17 17 51077 17 17 17 51077 9802 17 17 9802 12325 17 17 17 170 9802 9802 17 10 51077 17 17 9802 9802 1570 17 10 17 10 17 17 17 9802 17 17 17 17 17 17 17 17 17 1570 17 17 10 17 391645 9802 17 17 17 9802 17 17 9802 1570 17 17 17 17 17 17 12325 17 9802 
17 51077 9802 44975125 17 13450 17 17 17 9802 170 9802 170 17 19018 17 3145 17 13450 9802 170 9802 19018 17 13450 51077 51077 17 3802501 17 17 17 51077 17 9802 17 17 17 12325 370 17 17 17 51077 17 3145 13450 17 51077 17 9802 17 10 9802 17 9802 17 9802 17 10 9802 884425 45002 9802 19018 10 13525 10 19018 17 10 17 17 10 17 43690 9802 17 51077 17 51077 17 370 19018 17 17 19018 12325 79385 17 17 9802 9802 9802 32288650 10 17 17 17 17 12325 17 17 19018 5657525 17 17 9802 12325 17 17 45002 17 3145 45002 51077 89725 17 115202 19018 19018 1133458 18685 17 19018 19018 17 10 19018 19018 43690 13450 51077 9802 17 12325 13450 9802 17 13450 17 19018 45002 17 17 17 17 2106385 17 9802 13450 3145 17 9802 9802 10 17 903170 17 17 17 370 17 13450 17 17 111392005 9802 17 
3737 940325 1717 1717 940325 220505 1717 107650 63370 3737 2594 1717 3737 1258 2594 3737 136085 3737 1717 1717 3737 1717 3737 1717 185749525 3737 1717 3737 3737 940325 2594 1717 1717 3737 3737 3737 1717 1717 3737 3737 3737 3737 136085 3737 3737 1717 3737 3737 1717 1717 3737 3737 1272385 3737 3737 3737 3737 6290 1717 3737 3737 1717 3737 1717 3737 1717 3737 3737 3737 1717 3737 1717 3737 3737 1717 1240025 1717 6137170 1717 3737 3737 136085 3737 136085 1717 3737 940325 1717 1717 1258 3737 1717 3737 3737 1717 3737 1717 3737 3737 136085 3737 136085 3737 1717 3737 3737 1717 3737 1717 3737 505 3737 3737 1717 505 1717 3737 505 136085 3737 136085 3737 1717 3737 6290 3737 3737 3737 1717 3737 3737 1717 3737 195365 3737 3737 2594 1717 3737 1717 6290 3737 891022501 3737 2594 3737 1717 6290 1717 3737 1717 3737 3737 3737 3737 3737 505 136085 1717 3737 3737 3737 3737 2594 1717 1747250 2594 3737 3737 6290 1717 1717 1717 1717 1717 3737 3737 2547217 1717 505 3737 3737 3737 136085 3737 3737 6290 1717 3737 3737 3737 1717 2594 1717 1717 136085 3737 940325 3737 3737 1717 3737 3737 1717 3737 3737 3737 1717 3737 3737 940325 3737 3737 2594 
1717 3737 220505 3737 3737 1717 3737 1258 3737 2594 3737 3737 3737 3737 3737 1258 1258 1717 3737 2594 1240025 136085 2594 3737 3737 3737 3737 3737 3737 3737 3737 3737 1272385 3737 3737 3737 3737 3737 2594 3323690 2594 3737 3737 3737 3737 3737 3737 136085 3737 1717 3737 136085 3737 3737 3737 3737 3737 1717 3737 1258 3737 3737 2594 136085 1258 136085 1258 6290 3737 3737 1717 1258 1258 3737 3737 1717 3737 1717 3737 3737 1258 3737 136085 195365 6290 2594 3737 136085 3737 1258 1717 3737 1717 2594 3737 1258 3737 3737 1258 1258 3737 3737 2594 1717 3737 3737 1717 3737 1258 3737 136085 1717 1258 3737 1717 3737 3737 1258 3737 3737 1258 3737 1258 2594 3737 1258 1717 3737 1258 2594 1717 3737 1267010 3737 1717 1717 3737 468469 3737 1258 1258 136085 3737 1717 3737 
1717 1717 3737 940325 3737 1717 2113145 3737 3737 940325 1717 1717 1717 2594 3737 3737 3737 220505 3737 3737 1717 3737 1717 2113145 1717 3737 1258 3737 1717 3737 63370 1258 3737 3737 3737 3737 3737 136085 3737 3737 3737 3737 3737 1717 1258 6290 195365 1717 1258 1717 1258 2594 3737 1240025 136085 1717 3737 136085 1717 1717 1717 3737 1717 1717 2594 3737 1717 1717 1717 3737 3737 3737 1717 136085 1717 41225 3737 1258 1717 1258 1717 1258 136085 1717 1717 3737 3737 3737 1717 7850785 1717 74115665 3737 2594 2594 136085 3737 3737 1717 2594 1717 1258 2594 1717 1717 3737 1717 1258 3737 1258 3737 1717 2594 136085 3737 136085 940325 3737 55114 1258 136085 1258 2594 1935025 3737 136085 
17 43690 9802 17 17 17 17 17 720002 45002 45002 170 10 9802 261994 884425 45002 17 17 17 10 17 261994 89725 17 17 170 45002 45002 89725 9802 17 679225 679225 2106385 17 170 679225 17 17 17 170 17 170 43690 17 45002 17 17 720002 170 45002 17 9802 17 45002 17 170 9802 45002 720002 17 112897 9802 17 112897 17 45002 17 261994 45002 45002 45002 17 17 9802 45002 679225 170 884425 6356597 170 170 45002 9168970 17 17 261994 45002 170 9802 17 679225 45002 43690 17 884425 17 17 17 
170 170 170 170 112370 170 170 170 170 170 170 122434 170 170 170 170 170 170 170 170 170 1050905 112897 170 61217 170 61217 170 170 170 170 61505617 170 170 170 170 170 14684225 170 170 170 170 170 170 61217 170017 112370 170 170 170 170 170 170 59170 170 61217 170 170 170 170 170 170 170 170 170 61217 170 170 170 170 170 170 170 170 170 170 122434 170 170 170 170017 170 170 170 170 170 170 170 61217 170 170 170 170 170 170 170 112370 170 170 170 170 1050905 170 170 170 112370 170 170 170 170 170 170 170 170 170 170 170 170 170 170 170 170 170 170 4488010 170 170 170 170 170 170 170 170 170 170 170 170 1812445 55114 170 170 170 170 170 170 1050905 170 170 170 170 170 170 170 170 170 170 170 170 170 170 170 170 170 170 170 3745450 170 1632025 122434 170 170 170 170 170 170 170 170 459850 170 170 170 170 262450 14684225 170 170 170 170 1050905 170 170 170 170 170 170 170 170 40269125 170 1050905 170 170 55114 170 170 170 170 170 170 170 170 170 170 4234 170 170 170 170 170 170 170 170 170 61217 170 170 170 170 170 11289601 170 170 249010 170 170 170 170 170 170 170 170 61217 170 
1717 12325 1717 10 1717 7474 1717 9802 48674 1002530 323402 1717 17 9802 12325 89725 161209 17 9802 9802 17 12325 1717 1717 9802 12325 17 1717 12325 1889849 1717 1717 89725 2106385 865930 1717 9802 415874 1717 12325 9802 9802 17 17 12325 161209 1717 12325 1002530 10 170 17 17 12325 21172117 865930 17 9802 12325 12325 1717 1717 415874 17 12325 17 12325 17 9802 17 155151937 10 12325 1002530 170 89725 12325 17 1717 9802 17 1889849 1889849 17 1717 1717 1717 1717 1717 17 1002530 17 323402 9802 10 1717 7474 12325 170 323402 1717 12325 12325 170 1717 17 17 17 170 1717 1717 17 1717 9802 17 9802 1717 1717 1717 613930 10 1002530 
485 10370 10370 27217 2281250 485 485 16581185 10370 27217 10370 10370 10370 10370 485 10370 10370 485 10370 4357 10370 1227434 27217 269125 10370 27217 610130 485 485 181337 485 10370 10370 485 485 9439625 485 485 14257802 10370 181337 2125765 485 27217 27217 10370 10370 10370 27217 485 485 27217 10370 10370 485 269125 485 1227434 2125765 485 10370 1227434 10370 10370 10370 27217 120250 485 19423765 27217 10370 1227434 485 10370 1116050 485 2125765 485 10370 1143250 485 10370 1685450 27217 10370 1227434 485 2876417 485 485 485 485 10370 115304645 1227434 485 10370 10370 181337 2125765 188065 10370 120250 188065 485 4162685 188065 10370 120250 10370 181337 485 10370 485 501265 538645 188065 485 10370 10370 485 485 485 10370 485 485 10370 485 10370 485 485 27217 538645 485 485 485 10370 10370 10370 485 188065 188065 10370 10370 181337 10370 10370 485 10370 1685450 10370 485 485 120250 538645 10370 485 485 27217 2125765 485 10370 10370 10370 1227434 188065 485 2876417 1143250 10370 27217 485 27217 10370 4357 10370 10370 188065 10370 485 10370 10370 485 485 10370 485 1227434 501265 485 10370 1143250 1685450 10370 10370 188065 485 485 10370 485 10370 10370 10370 10370 2281250 10370 27217 485 10370 485 10370 10370 27217 10370 485 10370 546410 27217 485 485 10370 10370 10370 188065 485 10370 10370 10370 188065 485 4357 2281250 120250 485 485 1685450 269125 10370 27217 27217 10370 188065 485 1227434 10370 27217 27217 14257802 10370 27217 10370 485 27217 485 10370 2876417 188065 10370 485 485 188065 188065 10370 10370 10370 10370 10370 1227434 501265 188065 10370 10370 485 27217 120250 10370 27217 10370 485 485 485 188065 10370 188065 10370 10370 485 188065 27217 10370 485 7897465 121044005 10370 27217 485 485 1227434 1227434 10370 485 485 538645 10370 188065 10370 10370 2125765 10370 485 485 188065 10370 5140514 1227434 10370 485 10370 485 485 10575505 485 27217 485 485 10370 59629285 148138 485 10370 27217 8859058 4357 27217 10370 27217 10370 2125765 485 485 10370 485 10370 485 10370 4357 10370 538645 4189225 485 10370 120250 2281250 8453945 216031205 2125765 10370 188065 2125765 10370 27217 485 485 4357 188065 485 2125765 188065 485 27217 188065 485 10370 485 10370 10370 2876417 10370 27217 10370 27217 485 485 2876417 10370 1227434 10370 10370 485 188065 10370 485 10370 10370 188065 27217 485 485 10370 10370 10370 1227434 4357 485 2281250 10370 485 188065 10370 27217 10370 501265 10370 538645 485 485 485 27217 10370 188065 10575505 4162685 485 10370 501265 10370 10370 10370 4162685 27217 10370 485 10370 4357 4357 188065 4357 10370 120250 485 485 4424810 485 188065 501265 10370 10370 485 10370 120250 1227434 188065 485 485 10370 1685450 10370 188065 269125 120250 501265 10370 10370 10370 2125765 10370 10370 78447785 1685450 485 10370 485 
10370 188065 485 10370 485 27217 1227434 485 27217 10370 2125765 188065 27217 2281250 538645 10370 2269874 1765 10370 538645 10370 188065 27217 188065 2281250 10370 10370 188065 538645 10370 1765 485 188065 181337 610130 188065 485 10370 188065 485 34895050 10370 485 27217 10370 10370 10370 4357 10370 10370 10370 10370 27217 10370 10370 10370 10370 27217 485 10370 2125765 10370 538645 10370 10370 188065 485 27217 485 188065 10370 8702794 10370 188065 37829045 10370 1128970 169010 10370 188065 10370 10370 10370 1227434 3946465 538645 538645 2876417 188065 485 485 188065 538645 188065 10370 188065 10370 188065 10370 10370 188065 10370 10370 10370 485 10370 188065 485 188065 10370 10370 10370 10370 2876417 10370 188065 10370 188065 27217 10370 10370 181337 10370 10370 10370 5674685 27217 10370 10370 10370 10370 27217 27217 27217 538645 485 188065 10370 188065 10370 10370 485 10370 485 2281250 10370 1227434 10370 485 10370 485 2876417 10370 10370 10370 188065 10370 11333957 188065 10370 10370 485 10370 485 10370 10370 10370 1227434 10370 188065 27217 538645 188065 485 188065 10370 10370 10370 4357 1227434 27217 538645 10370 10370 188065 10370 485 1227434 485 10370 188065 188065 485 10370 27217 169010 27217 10370 188065 27217 27217 188065 188065 188065 10370 188065 188065 10370 28079818 10370 188065 27217 188065 485 10370 188065 10370 27217 10370 10370 27217 271132745 10370 10370 485 27217 546410 10370 27217 538645 27217 10370 188065 188065 485 485 188065 10370 27217 1227434 3154177 188065 27217 1227434 4357 10370 10370 10370 27217 10370 188065 10370 765034 485 27217 2876417 10370 10370 10370 1227434 169010 10370 10370 10370 188065 485 27217 188065 3946465 10370 27217 10370 10370 10370 188065 538645 485 27217 188065 188065 485 485 188065 27217 10370 10370 27217 27217 4357 188065 10370 188065 10370 485 10370 27217 10370 10370 538645 10370 10370 538645 10370 188065 10370 10370 485 27217 10370 485 181337 10370 188065 485 2125765 485 27217 485 188065 10370 10370 10370 27217 10370 10370 3154177 1227434 10370 188065 188065 27217 10370 10370 27217 10370 10370 2281250 10370 485 2876417 2125765 485 27217 27217 10370 10370 538645 10370 10370 27217 10370 188065 4357 9439625 27217 10370 188065 10370 10370 4357 485 10370 10370 169010 188065 27217 485 4357 37829045 4357 
49010 51077 51077 46085 1570 46085 51077 49010 679730 51077 157625 51077 157625 1570 51077 46085 109956197 2570 51077 102154 110245 21785 51077 51077 49010 46085 29290 51077 49010 46085 49010 110245 46085 309137 46085 1570 51077 51077 157625 49010 1570 46085 51077 49010 49010 46085 51077 16386305 46085 51077 49010 46085 1570 46085 46085 46085 46085 51077 4357 970 46085 4357 46085 51077 46085 51077 51077 49010 46085 51077 46085 51077 49010 46085 1570 51077 309137 46085 51077 46085 157625 46085 46085 46085 1570 49010 51077 46085 46085 10 309137 46085 157625 157625 46085 46085 309137 51077 4357 49010 46085 1570 51077 51077 102154 46085 51077 46085 51077 800005 46085 51077 46085 157625 4357 46085 46085 157625 51077 16386305 46085 157625 102154 51077 46085 157625 46085 49010 157625 51077 51077 46085 46085 46085 49010 51077 46085 46085 51077 
170 170 170 45002 61217 170 170 170 170 170 170 112897 170 170 170 170 170 170 170 170 170 170 170 170 45002 170 45002 170 170 170 170 170 170 170 170 170 170 170 170 170 170 45002 122434 170 170 170 679225 170 40269125 170 170 170 45002 170 170 170 170 170 45002 170 170 170 679225 170 170 170 61217 170 170 2570 1050905 170 170 170 40269125 170 1632025 170 170 170 170 45002 170 112897 170 170 170 170 170 170 679225 170 45002 170 170 170 170 170 45002 170 170 170 170 45002 170 170 45002 45002 12221570 1050905 170 112897 170 170 170 170 170 170 170 45002 170 170 170 170 45002 45002 170 61217 170 170 45002 170 170 45002 170 45002 170 170 45002 170 170 170 45002 170 32004505 6708101 1050905 40269125 6801665 170 170 61217 170 170 59170 170 170 170 170 45002 170 45002 170 170 61217 679225 170 170 170 1050905 170 170 170 170 170 170 170 170 170 170 464290 45002 170 170 170 45002 170 170 45002 45002 170 112897 170 170 45002 170 6708101 61217 170 170 61217 170 45002 170 170 112897 1050905 170 170 170 170 170 170017 170 170 45002 170 45002 170 170 170 170 170 170 45002 45002 170 170 170 61217 45002 45002 170 170 170 170 45002 170 45002 45002 170 45002 170 170 45002 1050905 170 134235397 170 170 170 170 170 679225 170 170 170 170017 170 170 170 170 170 45002 170 61217 45002 170 170 170 170 112897 170 61217 170 170 45002 61217 170 170 170 112897 45002 45002 679225 45002 170 170 112897 61505617 1632025 112897 88791625 679225 45002 170 170 170 170 170 45002 45002 45002 170 170 170 170 170 170 170 1050905 170 170 170 170 61217 170 170 4488010 170 170 170 170 170 170 170 45002 170 170 170 170 170 45002 170 170 170 61217 61217 61217 170 170 170 170 170 170 45002 170 170 45002 170 170 61217 170 45002 170 170 679225 170 170 45002 170 170 45002 170 170 679225 170 45002 170 45002 170 45002 170 170 170 170 170 170 261994 170 112897 170 170 170 45002 170 170 45002 170 170 170 170 170 170 170 170 170 170 170 45002 170 170 170 45002 4654585 170 170 170 170 170 170 45002 170 170 170 170 170 170 170 170 61217 170 170 170 170 170 170 45002 61217 45002 261994 170 170 45002 45002 170 3030505 170 170 45002 170 170 170 170 170 170 170 170 767377 170 112897 4488010 170 170 170 112897 61217 170 170 170 170 170 170 61217 170 45002 61217 11289601 45002 170 170 45002 45002 170 61217 170 61217 170 170 170 170 45002 61217 112897 170 112897 45002 45002 17650 45002 170 170 170 170 170 170 170 2212405 20848357 45002 61217 45002 61217 170 45002 170 170 45002 170 170 45002 170 
74 74 74 4357 4357 16825 74 74 74 16825 4357 74 74 4357 16825 74 74 74 74 74 74 74 74 4357 4357 16825 4357 74 16825 15054401 740690 74 74 74 4357 188065 74 74 4357 74 74 1421290 74 4357 4357 74 74 74 74 74 74 74 10730 74 74 74 74 1654865 4357 4357 2720017 16825 16825 74 29253025 16825 74 74 74 74 74 4357 74 74 74 4357 16825 74 74 16825 74 4357 4357 74 74 74 74 74 74 74 16825 74 74 1654865 16825 74 74 74 4357 190450 4357 4357 4357 74 74 16825 16825 4357 16825 74 74 4357 16825 4357 4357 74 4357 74 16825 74 74 4357 188065 74 74 74 74 16825 363701 74 188065 74 74 74 74 16825 188065 370 74 74 16825 74 290 74 74 74 74 74 74 4357 363701 74 16825 74 74 74 74 74 4357 4357 74 16825 74 74 31754 74 74 4357 170 74 4357 74 1654865 74 290 370 5674685 4357 74 74 74 74 74 16825 4357 10730 4357 4357 74 74 4357 74 370 74 74 74 10730 4357 74 74 74 74 4357 74 101 4357 4357 74 4357 74 74 16825 16825 74 456977 2720017 4357 4357 450290 74 4357 74 2425 188065 74 74 370 1765 1654865 74 4357 74 4357 74 4357 74 4357 74 4357 74 188065 4357 4357 74 1654865 4357 370 
4357 16825 16825 8702794 2517770 188065 16825 74 4357 74 188065 1654865 188065 74 4357 74 27217 4357 1654865 188065 74 4357 188065 74 4357 74 74 4357 169010 4357 4357 188065 74 5218405 74 188065 4357 4357 74 188065 188065 2425 4357 74 4357 4357 4357 4357 4357 74 4357 21131450 4357 4357 4357 27217 4357 370 74 4357 188065 4357 121479865 74 2517770 538645 4357 4357 188065 538645 188065 74 188065 4357 4357 74 74 4357 4357 4357 10240490 4357 4357 538645 74 4357 27217 1765 74 74 74 188065 16825 16825 1654865 538645 1654865 370 16825 4357 4357 74 4357 4357 188065 188065 74 74 4357 188065 4357 74 4357 188065 4357 4357 188065 74 16825 188065 4357 74 4357 4357 27217 4357 4357 74 188065 4357 74 16825 538645 4357 4357 27217 188065 4357 4357 16825 27217 74 188065 74 74 27217 4357 4357 74 16825 4357 4357 4357 27217 74 74 74 74 4357 4357 16825 16825 2876417 16825 1654865 74 4357 74 4357 16825 74 74 4357 4357 16825 188065 74 188065 74 4357 27217 1654865 74 30889802 74 74 74 4357 74 538645 4357 4357 4357 4357 538645 74 4357 4357 169010 188065 74 27217 538645 188065 538645 16825 4357 4357 4357 4357 4357 3946465 74 4357 4357 74 27217 27217 4357 4357 4357 188065 4357 16825 4357 4357 74 74 74 2517770 74 27217 1654865 4357 74 4357 74 188065 4357 74 4357 188065 74 4357 4357 1765 188065 4357 4357 188065 74 370 4357 4357 74 188065 74 16825 1765 4357 74 538645 4357 27217 16825 4357 4357 74 4357 2425 4357 74 4357 188065 4357 4357 74 74 74 4357 74 4357 188065 74 4357 4357 74 16825 4357 4357 16825 1128970 27217 4357 4357 16825 74 538645 4357 16825 169010 188065 74 2720017 4357 4357 74 4357 4357 4357 188065 4357 169010 1765 74 4357 4357 16825 74 74 74 29253025 4357 74 4357 74 169010 4357 4357 4357 4357 74 4357 16825 74 4357 4357 74 4357 74 1789834 27217 74 27217 4357 4357 4357 4357 4357 169010 188065 4357 74 27217 4357 4357 16825 188065 
85 85 85 85 85 85 485 19018 239434 3530 85 36101 3530 3530 85 17945 19018 3530 3530 5365 3530 85 85 1285 85 85 3530 34 34 3530 85 34 85 3530 987530 3530 19018 85 3530 36101 85 34 85 34 5 3530 34 3530 34 85 34 85 3530 3530 85 239434 34 3530 17945 3530 34 85 5365 3530 485 19018 3530 85 85 29955250 85 3530 15596425 3530 485 85 85 34 85 5365 987530 3530 6394645 85 85 3530 85 3530 3530 3530 3530 34 3530 1285 3530 85 85 85 85 85 34 5 485 5365 3530 3530 85 3530 85 3530 3530 5 3530 3530 5365 3959705 3530 3530 3530 3530 85 85 3530 85 85 1331593 3530 3530 485 5 3530 5365 3530 3530 36101 5 3530 85 85 3530 85 3530 3530 19018 3530 5 3530 85 85 85 85 3530 85 1331593 85 85 85 85 3530 85 3530 34 85 5365 5 3530 3530 3530 34 21257650 34 3530 3530 85 3530 85 3530 85 3530 36101 85 426530 85 85 19018 85 3530 1331593 3530 3530 3530 3530 3530 3530 85 3530 11943937 85 3530 85 85 34 85 3530 19018 85 17945 3530 85 85 17945 85 18434 85 85 85 85 1331593 85 3530 85 3530 5365 85 36101 3530 5365 3530 5365 6394645 6394645 3530 3530 85 485 239434 34 85 3530 85 3530 184325 3530 3530 5365 3530 85 85 85 85 239434 85 239434 85 36101 5365 85 85 5365 3530 5 3530 36101 17945 85 5 36101 17945 5365 85 5 3530 17945 85 36101 485 3530 7527530 3530 5 36101 36101 3530 3530 85 85 3530 85 85 3530 85 3530 85 36101 34 3959705 85 5 85 85 5365 3530 15596425 3530 34 85 3530 3530 17945 85 3530 34 987530 34 85 34 1331593 85 85 34 3530 239434 18434 5 85 3530 17945 85 85 3530 5365 3530 85 3530 3530 36101 85 85 3530 3530 1285 1331593 34 3530 17945 3530 3530 3530 3530 85 3530 3530 5 34 3530 85 85 3530 3530 85 5 3530 936370 3530 3530 85 34 2657525 3530 3530 85 3530 3530 85 85 3530 85 1331593 1331593 485 34 85 17945 34 34 6472325 85 3530 34 34 85 3530 85 148138 85 3530 85 3959705 3530 5365 85 17945 3530 36101 43570 239434 6394645 485 3530 485 85 85 3530 3530 5 85 17945 3530 5 17945 5365 3530 85 85 85 34 85 85 5365 3530 17945 34 36101 3530 3530 17945 3530 485 85 85 3530 19018 3530 36101 19018 12970 3530 85 65650 34 17945 5365 2036290 85 485 3530 85 3530 3530 85 85 485 85 19018 2657525 3530 485 5 5 3530 85 34 34 3530 85 34 85 19018 19018 85 
4850 485 62725 5365 34 485 485 34 485 485 10370 485 120250 3530 62725 485 485 485 485 34 485 485 485 2125765 34 34 485 485 34 2125765 485 3530 62725 10370 10370 34 485 485 10370 10370 450290 10370 485 62725 5365 10370 485 485 230004169 34 485 62725 485 485 181337 5618005 514 120250 485 62725 10370 485 485 485 485 34 485 485 485 10370 1685450 501265 10370 194690 485 485 4850 485 485 34 485 485 485 485 34 485 485 485 485 2125765 485 485 10370 485 485 34 34 485 1665074 485 5618005 10370 485 10370 1685450 485 485 485 485 181337 10370 485 10370 485 34 10370 485 485 485 10370 485 62725 2125765 10370 485 485 1116050 485 485 34 10370 1685450 485 2125765 485 501265 485 485 10370 485 485 34 485 485 485 10370 485 2125765 5365 34 10370 34 2125765 485 485 485 485 181337 485 485 485 10370 485 485 485 485 34 34 10370 514 2125765 485 485 485 269125 485 485 62725 10370 485 485 501265 10370 485 485 485 10370 269125 120250 5618005 34 34 10370 485 485 485 62725 485 3530 10370 1685450 10370 10370 1685450 485 485 485 485 34 485 10370 485 62725 34 34 10370 10370 485 485 485 485 485 2125765 34 3530 485 10370 485 62725 485 34 10370 34 485 2570 1665074 485 34 485 485 485 485 485 10370 485 269125 34 4162685 10370 1685450 485 34 485 10370 34 10370 485 34 485 34 5365 485 485 485 10370 34 485 485 34 485 5365 485 485 485 485 4189225 485 3530 34 485 485 10370 34 485 10370 485 1331593 485 485 34 34 39427202 34 10370 3530 485 34 485 485 485 485 485 485 485 485 10370 3530 485 5365 2125765 485 485 485 485 10370 10370 485 485 485 485 10370 485 269125 34 10370 485 485 485 5991050 485 485 10370 485 34 485 485 485 485 34 485 1590265 269125 34 485 34 2125765 485 485 485 485 34 1685450 34 5365 34 485 2125765 269125 485 485 485 4189225 485 485 120250 485 1685450 485 485 485 485 10370 10370 485 485 485 120250 485 485 501265 3530 501265 10370 485 5365 10370 485 34 62725 485 1685450 2570 3530 485 485 10370 485 10370 4424810 485 181337 485 485 485 34 485 485 485 2125765 10370 4162685 34 269125 485 34 485 10370 485 485 10370 485 485 514 5618005 485 485 485 485 485 2125765 485 485 485 485 10370 485 34 10370 485 485 485 34 485 485 10370 4356010 485 269125 485 1331593 62725 3530 10370 501265 485 485 485 62725 485 34 485 485 485 4850 2125765 485 485 3530 34 290450 485 485 34 5365 485 485 10370 34 34 485 1685450 62725 485 34 485 485 5618005 34 181337 485 485 4850 485 62725 34 34 269125 485 485 3530 485 34 
17945 85 3530 34 3530 34 34 3530 4850 485 6394645 3530 19018 34 19018 5 3530 5 17945 3530 85 34 34 3530 85 34 3530 34 34 5365 3530 3530 3530 5365 85 85 2036290 3530 3530 485 3530 485 3530 34 85 3530 3530 159062545 19018 3530 5365 3530 85 6394645 34 85 34 3530 85 3530 5766410 3530 34 5365 85 85 85 3530 17945 4284085 17945 3530 3530 85 148138 987530 3530 85 34 3115010 485 85 5 3530 5365 85 3530 3530 34 485 3530 3530 34 85 3530 485 4850 34 485 3530 485 85 485 5365 34 3530 3530 3530 3530 3530 3530 3530 3530 4850 485 485 3530 3530 485 34 34 3530 3530 1665074 3530 1665074 3530 34 485 987530 34 485 34 3530 3530 3530 3530 17945 3530 34 3530 34 3530 987530 19018 17945 3530 5365 34 3530 85 1665074 3530 485 485 85 3530 34 34 6492725 1331593 34 3530 3530 5365 4284085 3530 3530 1285 34 3530 5365 3530 5365 3530 485 485 17945 34 3530 3530 3530 3530 485 3530 5365 5365 1331593 3530 85 85 85 34 34 3530 5365 85 34 3530 3530 3530 3530 34 85 5304505 85 85 3530 5365 3530 5365 
10405 15317 15317 34 239434 970 10405 10405 10405 10405 10405 4369 10405 34 10405 15317 4369 8005 10405 10405 4369 4369 10405 15317 6290 10405 10405 10405 34 10405 34 15317 10405 10405 6290 239434 15317 10405 10405 10405 10405 6290 10405 10405 121685 102154 10405 970 239434 34 121685 10405 10405 4369 6290 15317 10405 10405 239434 10405 34 10405 4369 6290 15317 7911229 102154 10405 10405 15317 34 10405 102154 10405 6290 10405 10405 15317 10405 10405 464290 10405 10405 239434 6290 8738 10405 34 4369 6290 10405 4369 10405 10405 10405 4369 10405 3411274 10405 15317 34 4369 18218050 4369 10405 4369 239434 10405 15317 15317 34 15317 10405 10405 4369 34 10405 10405 15317 10405 15317 34 10405 6290 10405 10405 10405 10405 6290 15317 34 15317 239434 15317 10405 10405 4369 4369 15317 10405 10405 34 10405 6290 4369 15317 10405 6290 4369 10405 4369 4369 15317 10405 10405 10405 15317 4369 15317 10405 10405 34 15317 34 10405 102154 10405 102154 10405 10405 10405 464290 102154 10405 4369 6290 4369 34 10405 276770 10405 10405 15317 10405 10405 4369 15317 8304517 10405 276770 10405 169010 10405 10405 34 10405 4369 6290 5326865 10405 15317 4369 10405 10405 15317 15317 4369 4369 4369 10405 4369 4369 10405 10405 4369 10405 10405 10405 10405 10405 4369 4369 4369 239434 15317 10405 15317 10405 10405 71978 4369 6290 104050 4369 8304517 4369 10405 121685 10405 34 10405 10405 10405 15317 34 10405 4369 4369 10405 15317 15317 15317 10405 102154 10405 10405 10405 10405 10405 15317 10405 464290 10405 15317 10405 102154 10405 10405 10405 10405 10405 4369 10405 10405 10405 10405 15317 10405 10405 4369 239434 10405 10405 34 10405 15317 15317 10405 10405 4369 10405 10405 34 186325 10405 10405 10405 10405 4369 6290 15317 276770 10405 10405 34 10405 102154 10405 10405 10405 10405 34 34 4369 10405 34 10405 102154 10405 10405 714425 10405 4369 8738 15317 10405 10405 10405 4369 10405 15317 10405 4369 15317 186325 10405 6290 4369 10405 10405 239434 10405 34 10405 10405 10405 15317 239434 186325 15317 4369 4369 10405 34 6290 10405 10405 239434 10405 121685 4369 10405 10405 10405 15317 276770 4369 10405 
13450 44975125 10405 10405 34 51850 10405 145802 18685 3390410 3145 4369 370 3145 18685 15317 102154 4369 10405 10405 19018 10405 13450 10405 19018 18685 10405 18685 15317 10405 13450 15317 15317 10405 10405 19018 13450 10405 13450 10405 18685 18685 15317 10405 18685 15317 10405 19018 4369 10405 18685 8738 19018 10405 10405 44975125 4369 4369 10405 34 18685 18685 18685 102154 13450 15317 19018 4369 10405 10405 10405 19018 3145 10405 10405 10405 10405 10405 10405 18685 13450 19018 10405 10405 15317 10405 10405 10405 5657525 15317 18685 10405 15317 18685 18685 19018 10405 10405 10405 15317 18685 13525 10405 18685 13525 34 10405 15317 121685 15317 10405 15317 10405 10405 19018 118474 15317 15317 15317 10405 10405 10405 19018 15317 10405 10405 15317 10405 18685 10405 10405 15317 15317 13450 4369 18685 18685 10405 121685 10405 10405 10405 10405 10405 10405 15317 4369 13450 10405 10405 10405 182410 10405 10405 10405 15317 34 15317 15317 18685 10405 10405 10405 10405 15317 18685 34 10405 
3737 686450 3737 3737 202 118630165 3737 1717 2594 1717 1717 3737 136085 1717 202 55114 136085 1717 136085 3737 1717 136085 3737 3737 202 3737 1717 940325 1717 1717 1717 1717 940325 1717 2594 3737 3737 202 1717 3737 1717 2979925 3737 1717 3737 202 6290 136085 136085 1717 240101 505 202 505 505 1747250 1717 18727202 1717 202 3737 1717 505 1717 940325 3737 3737 3737 1717 1240025 1717 1717 3737 3737 3737 1717 3737 1717 202 220505 1717 3737 202 2594 202 3737 136085 202 6290 3737 6290 1717 3737 505 1717 3737 1717 1717 202 1717 505 505 3737 3737 3737 2594 202 1717 202 202 202 63370 202 1717 3737 1717 1717 940325 2594 2594 1717 1717 136085 202 1717 63370 3737 3737 202 2594 202 2594 1267010 1717 202 1717 202 3737 1267010 3737 3737 202 1717 3536425 3737 1022125 1717 505 1717 3737 505 2594 1717 505 202 1717 1717 136085 1717 1717 202 3737 136085 505 202 3737 136085 3737 3737 3737 1717 1717 2594 1717 3737 1717 6290 202 2594 1717 136085 1717 3737 1717 202 3737 3737 1717 1717 3737 1717 1717 202 202 3737 3737 
1717 34 1717 3737 505 202 1717 1717 3737 3737 3737 1717 2570 202 3737 1717 3737 1717 1717 136085 6290 2594 1717 3737 1717 3737 1717 3737 2594 1717 1717 1717 1717 202 3737 1717 1717 505 3737 3737 2594 202 1717 3737 136085 1717 2594 3737 1717 202 1717 202 1717 1717 1717 136085 3737 1717 3737 940325 3737 1717 2325625 5991050 3737 202 202 3737 202 3737 63370 1717 1717 1717 136085 3737 3737 1717 1717 1717 1717 1717 2594 136085 505 3737 259123945 505 1717 1717 3737 136085 1717 505 1717 505 5618005 1717 1717 1717 1717 1717 202 202 136085 3737 505 3737 3737 3737 136085 136085 505 202 1717 202 2594 1717 2594 3737 1717 1717 1717 2594 1717 34 136085 3737 3737 1717 202 1717 1717 1717 136085 1717 3737 3737 1717 6290 62725 136085 1717 1717 1717 1717 2594 1717 1717 1717 269125 3434 1717 1717 3737 3737 1717 1717 220505 1717 34 2594 1717 1717 202 1717 5991050 3737 6290 136085 2594 1717 27556490 34 1717 1717 1717 6290 3737 3737 1717 202 3737 34 1717 62725 202 3737 1717 1717 136085 269125 34 3737 1717 3737 1717 3737 1717 202 3737 3737 2979925 505 202 1717 2594 505 3737 3737 62725 78447785 3737 3737 3737 3737 63370 1717 3737 2570 2979925 2979925 3737 34 1717 49168145 202 1717 3737 18727202 202 1717 3737 136085 1717 1717 202 136085 3737 2594 1717 202 3737 505 1717 3737 1717 1717 1717 1717 6137170 202 3737 1717 1717 1240025 3737 6290 202 514 1717 3737 6290 1717 202 3737 202 3737 505 202 202 3737 3737 6290 34 3737 202 202 1717 806045 202 3737 4189225 1717 3737 269125 1717 136085 202 3737 202 1717 3737 1717 940325 1717 1717 1717 1717 1717 3737 3737 3737 136085 3737 1717 202 1717 6290 1240025 3737 3737 505 202 3737 1717 505 1717 1717 6290 136085 1717 136085 2594 1717 1717 1717 6290 3737 3737 220505 34 1935025 1717 3737 3737 2594 1272385 1717 202 3737 3737 3737 4356010 6290 1267010 2594 1717 1717 3737 3737 1717 34 202 1717 1717 136085 1240025 6290 202 2594 1717 1717 1717 3737 62725 3737 2594 3737 62725 6290 2594 136085 136085 3737 505 3737 1717 1717 136085 202 3737 3737 1717 1717 1717 1717 49168145 136085 6290 1717 1717 3737 62725 1717 3737 1717 34 136085 2594 2594 1272385 202 3737 1717 1717 3737 1717 3737 3737 1717 136085 34 3737 1717 3737 3737 2594 6290 3737 6290 3737 62725 1717 3737 1717 2594 202 3737 202 202 202 1717 1717 3737 1717 1717 1717 2594 62725 136085 1717 136085 1717 1717 6290 1717 62725 34 3737 1717 1717 3737 136085 1717 3737 2594 3737 2594 202 1717 1717 1717 136085 1240025 1717 25648325 505 1717 202 6290 136085 62725 202 202 2594 6290 1717 3737 1717 1717 1717 269125 940325 3737 202 6290 202 2979925 505 3737 1717 2979925 202 220505 3737 202 2594 1717 
2281250 188065 188065 27217 188065 188065 188065 188065 4357 188065 4357 2125765 10370 1227434 4357 538645 188065 27217 4357 10370 188065 188065 27217 188065 188065 10370 2281250 10370 10370 2125765 10370 10370 188065 10370 188065 19071490 169010 538645 4357 10370 4505 10370 1116050 10370 27217 4357 4357 10370 10370 27217 10370 188065 181337 188065 4357 2876417 188065 27217 10370 4044170 188065 10370 610130 188065 4357 4357 10370 10370 27217 10370 10370 188065 188065 188065 10370 4357 4357 10370 1267010 2125765 2125765 10370 27217 4357 188065 10370 4357 10370 169010 10370 10370 10370 27217 10370 4357 10370 10370 10370 4357 10370 61200170 4357 2125765 10370 10370 10370 10370 120250 181337 4357 27217 4357 181337 188065 27217 10370 188065 4357 10370 188065 188065 10370 10370 10370 10370 188065 188065 188065 27217 188065 4357 10370 2876417 188065 538645 10370 188065 188065 10370 188065 27217 10370 2125765 10370 2125765 4357 10370 2281250 10370 10370 4357 27217 27217 4357 4357 10370 10370 2876417 188065 10370 4357 120250 10370 1227434 10370 4357 10370 10370 34895050 27217 188065 538645 169010 10370 4357 290 10370 188065 188065 27217 188065 10370 27217 27217 538645 27217 1227434 4357 4357 27217 10370 10370 4357 10370 10370 10370 4357 10370 188065 188065 10370 10370 10370 10370 27217 10370 10370 4357 4357 10370 10370 10370 10370 10370 27217 1116050 188065 27217 181337 67579525 4357 10370 27217 10370 10370 181337 27217 181337 2876417 27217 10370 1116050 27217 10370 27217 10370 4357 2125765 4357 10370 538645 188065 188065 27217 10370 10370 538645 1227434 10370 4357 4357 3946465 188065 538645 10370 10370 4357 188065 188065 10370 10370 538645 538645 4357 10370 188065 4357 10370 10370 4357 10370 188065 10370 2281250 188065 10370 10370 3154177 188065 188065 
85 3530 34 34 3530 34 1331593 34 19018 34 3530 34 17945 85 5365 5365 3530 34 5365 34 85 34 3530 3530 3530 485 3530 3530 2036290 5365 3530 34 85 3530 34 12970 3530 485 987530 3530 3530 85 3530 2036290 3530 17945 5365 34 3530 29955250 987530 3530 3530 485 17945 5 3530 3530 34 85 485 3530 3959705 3530 3530 34 19018 3530 3530 34 3530 485 3530 85 34 85 3530 12970 85 485 3530 17945 485 3530 1331593 3530 85 3530 485 3530 3530 5365 3530 34 85 3530 3530 3530 85 485 3530 34 85 3530 34 3959705 3530 3530 85 3530 34 34 5 485 3530 3530 5 85 3530 34 3530 34 85 3530 990002 3530 485 19018 3530 3530 34 85 85 34 5 34 987530 1339570 3530 485 5365 85 3530 34 85 34 5 19018 485 85 6394645 34 11943937 34 34 17945 85 5365 3530 85 34 
3530 34 3530 3530 34 3530 1331593 485 85 34 3530 5365 34 3530 3530 34 485 4850 34 485 34 485 13577365 34 85 3530 34 485 3530 85 485 3530 3530 34 3530 34 485 34 3530 3530 3530 3530 485 1331593 485 85 3530 987530 5 485 85 3530 3530 3530 34 12970 3530 5 12513625 3530 5365 85 5365 5365 34 34 3530 3530 34 12970 3530 5365 485 485 485 3530 5766410 5365 6400901 485 3530 5365 1331593 3530 5 34 3530 34 3530 19018 485 3530 34 3530 85 34 1331593 62725 3050650 5365 34 34 34 3530 34 34 485 3530 85 485 17945 3530 3530 485 3530 485 3530 21829025 3530 3530 19018 3530 3530 3530 34 485 13577365 485 34 85 485 34 34 19018 485 3530 85 3530 5365 85 5365 19018 3530 3530 485 5365 485 5365 3530 4850 485 34 3530 85 34 5365 34 5991050 485 1665074 485 3530 987530 1331593 3530 3530 85 85 34 3530 2036290 34 3530 485 3530 34 85 85 34 3530 2036290 5365 34 5365 3530 34 34 34 5365 3530 34 3530 485 3530 3530 5 485 4850 85 485 85 148138 34 485 5365 34 485 3530 3530 34 3530 85 3530 4284085 3530 85 3530 485 485 485 3530 3530 34 3530 34 485 3530 3530 3530 485 34 3530 19018 3530 34 34 85 34 34 3530 62725 3530 12970 3530 17945 34 3530 3530 1331593 34 17945 34 34 3530 3530 34 85 3530 34 34 3530 5365 85 85 3530 5365 3530 3530 34 1665074 34 987530 3530 3530 34 34 3530 1331593 3530 34 34 485 3530 5365 34 3530 62725 19018 3530 34 3530 34 3530 7543625 3530 485 485 485 485 3530 3530 3530 3530 8803210 3530 485 34 34 3638050 34 3530 85 5 5365 4356010 3530 10575505 485 34 6492725 3530 5 3530 1331593 85 12970 3530 485 34 34 34 19018 34 3530 3530 19018 85 485 85 3530 485 34 34 34 5197090 3530 19018 1331593 85 5365 3530 19018 34 3530 19018 3530 3530 3530 3530 5365 3530 34 3530 3530 34 1331593 5365 3530 485 3530 34 34 485 34 2036290 3530 485 485 3530 1665074 3530 3638050 3530 3530 485 34 34 5 485 3530 34 3530 5365 3530 34 34 85 34 
19018 85 3530 3530 5 85 3530 85 239434 3530 6394645 85 19018 85 19018 3530 3530 3530 85 85 85 36101 2036290 85 202 36101 85 85 7086245 3530 85 4284085 239434 3530 85 3530 85 85 36101 3530 85 85 85 85 17945 3530 3530 3530 695185 17945 85 6394645 85 19018 3530 3530 5 85 85 1285 85 17945 85 465125 3530 85 3530 465125 85 3530 85 3530 465125 85 17945 85 85 17945 85 465125 3530 36101 3530 3530 85 3530 85 3530 85 85 3530 85 85 3530 202 3530 85 85 85 85 21829025 85 85 3530 17945 1058005 3530 85 85 85 85 3530 3530 85 36101 3530 85 3530 18216650 3530 85 85 3530 85 85 85 85 3530 85 3530 85 3530 465125 3530 85 3530 3530 85 85 85 7086245 3530 85 85 85 2036290 85 19018 85 85 85 17945 3530 36101 85 85 85 85 
85 85 695185 3530 3530 3530 1227434 85 3530 85 3849850 3530 3530 85 85 3530 17945 85 85 85 3530 85 85 170 5 36101 85 85 85 3530 5 3530 3530 465125 1450 2036290 3530 3530 5 17945 465125 426530 3530 85 3530 695185 85 3530 85 85 5 465125 3530 85 85 4460545 19018 170 85 3530 3530 85 2513570 17945 17945 3530 202 85 85 3530 85 170 3530 3530 3530 3530 3530 170 3530 3530 3530 85 85 85 85 3530 170 3530 3530 85 3530 85 3530 85 465125 3530 17945 85 2513570 370 85 3530 3530 3530 3530 85 10730 85 3530 85 3530 3530 36101 85 3530 85 3530 85 19018 85 4460545 85 990002 465125 85 85 170 3530 85 465125 85 465125 85 85 3530 85 85 17223530 85 5 3530 85 465125 3530 85 3530 85 465125 51638597 36101 990002 3530 85 85 3530 36101 85 3530 3530 85 85 85 85 5 85 17945 85 85 3530 3530 3530 85 465125 85 85 85 17945 85 5 5 3530 465125 85 85 85 85 85 5 85 85 3530 3530 85 85 36101 3530 3530 85 85 3530 3530 36101 85 85 85 85 85 36101 85 17945 85 3530 85 85 85 85 85 3530 3530 85 3530 36101 36101 85 85 65650 85 85 5 29575325 85 85 85 85 85 3530 3530 3530 362674 85 3530 3530 465125 36101 17945 85 85 85 96353857 3530 695185 85 3530 3530 85 3530 85 85 3530 85 465125 85 3530 85 3530 85 3530 465125 85 3530 1351370 85 3530 85 85 36101 3530 3530 3530 148138 3530 85 85 370 85 3530 3530 3530 370 36101 85 85 85 465125 3530 2513570 17945 36101 10730 1227434 85 85 3530 85 85 85 85 3530 243370 85 3530 3530 3530 85 85 370 3530 3530 3530 85 85 85 85 85 85 85 3530 2080802 36101 85 85 85 85 3530 85 3530 4460545 85 3530 2513570 85 36101 465125 36101 3530 3530 5 3530 85 3530 19018 170 3530 3530 3530 3530 85 3530 2513570 85 85 85 85 3530 85 85 3530 85 3530 3530 17945 3530 3530 85 3530 170 3530 95844101 85 3530 36101 3530 465125 3530 3530 85 3530 85 3530 85 4460545 3530 3530 3530 85 85 85 148138 2036290 36101 85 3530 170 3530 3530 85 85 85 85 85 8825 3530 85 3530 85 85 3530 3530 3530 148138 85 370 3530 3530 3530 3530 85 3530 3530 85 3530 36101 85 4460545 3530 3530 85 3530 85 85 3849850 3530 85 85 3530 17945 465125 17945 3530 85 3530 5 85 3530 3530 3530 85 85 3530 465125 85 3530 17945 36101 17945 3530 3530 85 85 3530 3530 370 85 3530 85 36101 3530 18216650 85 85 170 85 3530 85 36101 85 85 465125 85 85 3530 19018 3530 85 85 85 
4357 10370 4357 188065 188065 1227434 10370 10370 10370 10370 10370 10370 10370 10370 4357 188065 27217 4357 4357 188065 10370 4357 10370 188065 27217 27217 4357 4357 4357 10370 188065 4357 2876417 188065 2876417 10370 27217 10370 4357 27217 10370 188065 4357 10370 538645 4357 2125765 6823970 188065 4357 4357 1227434 2125765 4357 188065 10370 27217 4357 538645 4357 290 10370 2876417 10370 10370 1227434 538645 188065 188065 188065 2125765 10370 10370 10370 2125765 10370 10370 2125765 27217 27217 1227434 4357 10370 188065 2281250 74 538645 188065 10370 10370 10370 10370 10370 4357 4357 10370 10370 188065 188065 10370 188065 188065 188065 27217 4357 188065 4357 4357 188065 538645 10370 10370 4357 4357 188065 4357 188065 188065 538645 10370 188065 1227434 10370 27217 27217 10370 188065 4357 188065 188065 10370 10370 188065 10370 610130 2281250 27217 10370 188065 4357 27217 10370 538645 4357 10370 4357 10370 10370 10370 10370 10370 120250 188065 27217 10370 538645 188065 10370 188065 27217 27217 4357 188065 188065 4357 27217 2125765 10370 2876417 10370 169010 2125765 188065 4357 10370 10370 538645 188065 1227434 188065 5218405 10370 4357 538645 10370 1227434 3154177 10370 27217 10370 188065 10370 188065 188065 188065 3946465 4357 10370 10370 10370 10370 10370 188065 2125765 27217 3946465 27217 188065 27217 2876417 1227434 27217 1227434 10370 4357 181337 188065 188065 188065 2281250 10370 4357 10370 181337 169010 4357 10370 169010 538645 10370 188065 188065 2876417 10370 27217 4357 188065 188065 188065 4357 27217 10370 538645 4357 27217 188065 188065 188065 27217 4357 10370 10370 4357 27217 10370 188065 27217 188065 188065 188065 2125765 188065 4357 10370 188065 188065 27217 10370 4357 4357 1227434 4357 10370 2876417 27217 188065 4357 10370 120250 27217 4357 4357 538645 10370 188065 4357 10370 188065 10370 188065 27217 10370 538645 4357 10370 10370 10370 1227434 188065 10370 188065 1227434 8453945 188065 188065 188065 10370 188065 10370 188065 4357 10370 3946465 4357 27217 169010 4357 10370 10370 4357 188065 4357 10370 2876417 10370 188065 27217 10370 188065 27217 28910410 1227434 27217 10370 6283925 188065 4357 188065 10370 10370 10370 188065 27217 27217 4424810 10370 4357 4357 1227434 188065 2876417 188065 10370 188065 188065 312617797 10370 10370 27217 27217 4357 4357 10370 2132650 181337 27217 4357 27217 10370 10370 188065 10370 1227434 4357 4357 10370 1227434 2281250 27217 10370 2876417 10370 188065 188065 188065 4357 4357 10370 4357 169010 1227434 188065 188065 4357 4357 27217 188065 188065 188065 10370 4357 2876417 4357 27217 10370 188065 188065 4357 3946465 27217 10370 10370 188065 10370 10370 4357 188065 188065 10370 10370 4357 188065 10370 10370 188065 2281250 10370 188065 4357 2125765 10370 188065 538645 188065 4357 181337 538645 4357 10370 
1258 1258 51077 1258 5185 1258 51077 1258 5185 5410 1258 1258 1258 1258 1258 5185 381925 11803445 381925 882325 1258 4900505 166685 1258 5185 5185 1258 1258 1258 882325 5185 408850 51077 51077 1258 58325 381925 1258 1258 5185 1170325 51077 51077 1258 5410 428967001 1258 370 882325 1258 51077 51077 5410 5185 58325 95225 1258 370 95225 58325 1258 30634 5185 5185 1258 882325 1258 5185 1258 51077 381925 882325 1258 5185 381925 1258 1258 835250 882325 1258 1258 5185 1170325 1258 1258 24324625 5185 1258 5185 1258 1258 1258 381925 51077 5185 1258 1010 1258 58325 903170 1258 1258 5410 381925 370 1031050 1743625 882325 5185 1258 370 1258 51077 1258 51077 5185 1258 30634 5185 903170 381925 5185 5185 1258 1258 51077 1258 51077 20072450 1258 5185 58325 463114 5185 370 1258 1258 370 58325 51077 1010 51077 58325 51077 5185 30634 1258 51077 51077 95225 1258 1258 5185 1010 1258 51077 882325 185 11803445 1258 1258 5185 5185 1258 51077 1258 5185 1258 1258 1258 5410 95225 1258 51077 51077 51077 11803445 1258 882325 51077 51077 882325 51077 882325 51077 1258 5185 5185 882325 5185 3736394 1258 51077 381925 51077 1258 5185 1258 1010 95225 5410 1258 1258 1258 5185 1258 1258 1258 1010 51077 1258 51077 1258 1010 1258 51077 1258 5185 1258 51077 58325 1258 51077 1258 1258 2917265 5185 370 51077 5185 58325 5185 1258 1258 51077 51077 1258 1258 51077 1258 1258 1258 51077 1258 1258 882325 1258 5185 5185 1258 1258 1258 51077 51077 1258 5185 51077 1258 1258 1258 1258 51077 381925 51077 5185 5185 1258 1258 5185 5410 1258 51077 1010 1258 5185 1258 51077 1258 5185 1258 1258 51077 1258 1258 30634 51077 256330 1258 5185 5410 5185 2917265 95225 1258 5185 5185 1258 1258 1258 1258 1258 95225 381925 1258 1258 51077 1258 51077 4077125 1258 95225 5185 1258 5410 51077 1258 1010 903170 51077 370 1258 1010 5185 1258 1258 51077 1258 882325 51077 1258 51077 1258 1258 5185 51077 1258 5185 1010 1170325 882325 1258 5185 1258 58325 51077 1258 1258 2917265 1010 5410 1258 3736394 51077 1258 882325 1258 58325 51077 1010 5410 1258 1258 1465474 1258 1258 5185 58325 30634 58325 5185 381925 5185 5185 58325 1258 5185 1258 95225 55114 30634 5185 2917265 1258 51077 1258 1258 
5185 12325 5185 720002 17 17 381925 1133458 17 441010 17 17 89725 17 5185 5185 17 17 12325 9802 12325 1034450 720002 9802 17 5185 43690 17 9802 17 10 17 17 17 17 17 17 1133458 2106385 9802 5185 89725 441010 5185 17 5185 5185 7474 17 17 5185 17 17 9802 12325 9168970 17 17 10 9802 381925 5185 12325 17 17 5185 12325 17 5185 12325 17 17 45002 12325 5185 9802 17 17 17 5185 5185 1133458 5185 17 679225 7474 17 5185 5185 17 17 17 1258 1258 5834825 45002 17 5185 10 17 17 17 9802 884425 17 5185 17 17 5185 10 9802 381925 17 17 5185 95225 679225 5185 17 5185 17 5185 17 17 17 9802 9802 1002530 17 261994 9802 17 17 12325 17 12325 17 720002 17 5185 5185 45002 720002 17 5185 17 5185 89725 10 5185 5185 17 12325 12325 17 5185 17 10 17 89725 17 89725 5185 17 5185 5185 17 5185 17 5185 2106385 5185 9802 9802 48674 17 1924925 17 5185 17 1133458 720002 17 9168970 6522730 5185 95225 1002530 17 45002 9802 5185 12170 720002 17 17 5185 17 17 12325 9802 17 5185 17 17 5185 17 9802 17 12325 12325 17 5185 5185 17 17 381925 17 9802 5185 17 5185 17 9802 12325 17 17 17 679225 5185 9802 17 17 261994 17 5185 9802 12325 5185 17 17 115202 17 17 9802 5185 17 17 9802 441010 5185 17 5185 5185 71978 89725 17 17 17 17 9802 17 12325 17 17 38864725 9802 884425 9802 17 12325 17 5185 17 17 10 17 884425 5185 9802 9802 17 381925 5185 17 9802 9802 17 17 17 5185 9802 17 9802 17 17 17 381925 17 12325 17 9802 17 679225 5185 17 9802 43690 5185 5185 17 17 2106385 17 5185 17 9802 5185 10 5185 261994 4850 17 9802 17 17 9802 17 45002 5185 5185 10 679225 12325 17 9802 9802 17 17 17 17 10 17 7474 17 17 17 17 17 10 45002 17 10 5185 12325 720002 9802 5185 5185 9802 17 9802 89725 884425 5185 17 17 5185 1258 5185 5185 5185 5185 17 5185 45002 10 17 9802 17 17 5185 1601 10 89725 261994 17 9802 45002 9802 
370 1570 1258 370 6145850 819202 51077 1570 51077 51077 1570 1570 51077 1258 51077 1570 51077 1258 179945 1570 1570 1258 46085 46085 46085 46085 46085 2917265 51077 51077 1258 1570 51077 46085 55045625 1258 1258 46085 1258 51077 51077 46085 51077 46085 58325 1010 1258 46085 1258 46085 46085 1258 1010 275570 1258 1258 51077 51077 51077 1258 1258 1258 46085 51077 2570 51077 1258 51077 51077 5185 51077 51077 765034 58325 1258 1258 1258 370 46085 1258 51077 46085 819202 1258 51077 1570 51077 370 51077 51077 1258 1258 1258 46085 2917265 1570 16386305 46085 51077 1258 51077 2570 46085 46085 51077 46085 51077 51077 46085 2917265 1258 46085 1258 1258 51077 51077 1258 51077 1258 1010 51077 51077 370 1570 1258 51077 1258 1258 51077 46085 46085 370 51077 5185 51077 51077 51077 51077 1570 1010 51077 1258 1570 1258 58325 1258 1258 51077 51077 1258 51077 58325 1258 1258 51077 1258 46085 51077 1258 1258 1258 1258 2917265 46085 51077 370 1570 51077 51077 51077 1258 1570 51077 58325 51077 51077 51077 1258 6612505 51077 1570 
1258 1010 51077 51077 51077 1258 1258 1258 8005 1258 1258 51077 34 58325 5185 58325 46085 1258 1258 1258 51077 58325 1258 51077 51077 1258 51077 34 5185 51077 970 1010 51077 34 1258 51077 1258 51077 34 51077 1258 2917265 1258 1258 1570 1258 1258 34 2570 1258 34 8005 1570 58325 1258 1258 46085 1258 34 1570 46085 1258 51077 51077 1258 1258 51077 34 1258 46085 34 1258 6290 51077 58325 1570 1258 51077 1465474 1258 34 1258 1258 1089010 903170 1258 34 1258 51077 51077 34 51077 51077 34 1258 51077 1258 1258 1258 1258 34 61370017 51077 51077 51077 51077 46085 1258 51077 1258 1258 1010 1010 51077 1258 1258 58325 43810 51077 1258 370 1258 1258 6290 51077 3889625 51077 51077 51077 8005 34 51077 51077 51077 51077 58325 370 970 1258 1258 903170 1258 6290 1258 51077 1258 51077 51077 51077 58325 1258 1010 1258 1258 51077 1258 51077 1258 58325 34 51077 51077 46085 1570 8005 6612505 51077 58325 1258 51077 51077 51077 1258 1258 275570 51077 1258 51077 2570 1258 51077 51077 1010 1570 34 1258 1258 51077 46085 370 34 51077 51077 51077 1258 1258 51077 1570 58325 51077 1258 1570 34 1258 1258 1258 51077 34 34 1258 1010 51077 1258 51077 34 51077 51077 51077 6290 51077 51077 34 186325 1258 1258 58325 1258 1258 1258 46085 1570 51077 1258 58325 1258 51077 1258 1258 3889625 1258 51077 186325 1258 58325 51077 51077 46085 1570 1258 51077 2570 34 34 51077 34 1010 1570 903170 11803445 51077 51077 1258 51077 51077 51077 46085 58325 51077 46085 8005 1258 51077 51077 46085 51077 903170 51077 1258 34 370 21057625 1258 6290 51077 34 3411274 1258 1258 5185 46085 19234450 1570 1258 1258 34 11803445 1570 8005 370 1258 1258 6290 51077 1258 1258 1258 370 1258 51077 370 1258 51077 34 51077 34 1258 46085 6290 51077 1258 58325 1258 1258 6290 34 1010 51077 8005 34 1570 1570 51077 2917265 1258 46085 51077 51077 185 46085 46085 34 1258 51077 1601 1570 51077 8005 51077 1570 1258 51077 370 34 370 1258 51077 1570 1570 51077 370 2917265 1258 1258 51077 1258 1570 970 17371250 11803445 370 51077 58325 34 51077 51077 1258 1258 34 1570 1258 903170 34 1258 51077 1258 51077 1570 1258 51077 51077 1010 34 1258 1258 1258 51077 1258 58325 51077 186325 51077 1010 1258 51077 51077 51077 370 51077 46085 51077 51077 1258 51077 51077 970 1570 1258 51077 2917265 58325 34 1258 51077 58325 34 51077 51077 1258 1258 51077 970 58325 1258 370 51077 1601 179945 51077 51077 1258 51077 51077 51077 1258 34 1258 51077 1258 1258 1570 46085 1570 1570 1570 34 1258 3802501 1258 1258 34 1570 51077 58325 51077 51077 1258 1258 51077 1570 34 1570 34 34 58325 6290 34 51077 1258 51077 1258 1570 1258 51077 168074201 1570 
3737 2113145 136085 1258 51077 58325 58325 3737 51077 3737 1258 1258 1258 2917265 1258 1258 51077 3737 3737 3737 3737 1258 136085 136085 1258 1717 3737 6290 6290 51077 2594 3737 1240025 51077 1258 1258 2594 1258 3737 1258 3737 1272385 3737 51077 1258 3737 1258 1258 51077 181337 1258 3737 3737 3737 1258 1258 3737 6290 3737 1258 1258 3737 3737 1258 1717 2594 1717 3737 1258 1258 1258 3737 1258 3737 3737 2594 51077 136085 1717 51077 3737 51077 51077 3737 1258 51077 1258 3737 1258 220505 1258 136085 1258 2594 58325 3737 2594 1258 1258 3737 1258 51077 3737 77450 1258 3737 3737 370 6290 1258 1258 1258 1258 7360405 51077 3737 51077 1258 2917265 1258 1258 1258 1258 3737 3737 51077 1258 1258 1258 220505 51077 1717 1258 3737 3737 1258 1717 3737 51077 3737 51077 5185 51077 51077 3737 1258 3737 1258 136085 1258 1258 3737 3737 3737 3737 51077 136085 3737 1240025 2917265 3737 2594 51077 1240025 51077 2917265 1717 2594 3737 51077 136085 220505 3737 3737 136085 1258 3737 3737 1258 3737 3737 3737 1272385 3737 1717 3737 2594 3737 51077 3737 2594 1258 3737 51077 3737 7850785 1258 3737 3737 1717 1258 51077 1258 51077 1717 51077 3737 1258 370 3737 3737 1258 3737 1601 6290 1258 136085 51077 3737 6290 2594 58325 2344690 1258 3737 1258 3737 3737 6290 3737 2594 3737 51077 1258 1258 136085 1258 1258 1258 1258 51077 1258 2594 51077 3323690 2594 1258 2917265 51077 3737 136085 2594 2594 51077 1258 220505 1258 1717 6290 3737 1258 1258 3737 3737 3737 58325 1258 1258 185 2917265 3737 3737 2594 2594 51077 3737 1258 2594 2594 3737 1258 220505 3737 1258 3737 1717 1258 3737 1258 3737 3737 3737 2113145 1258 3737 3737 1717 1258 1258 51077 3737 2594 2594 1258 51077 3737 58325 51077 1258 2594 51077 3737 51077 1258 195365 1258 3737 3737 195365 3737 2917265 136085 1258 51077 51077 2594 1465474 2594 55114 2113145 136085 3737 1258 1258 136085 1717 1272385 77450 3737 1258 136085 3737 2594 58325 51077 55114 1258 1258 1258 6290 2594 1258 51077 1258 1717 1258 220505 55114 1258 1267010 1258 5005450 136085 370 3737 1717 1258 3434 3737 3737 1258 370 3737 136085 2594 1258 3737 1258 3737 58325 2594 1258 3737 2594 1258 1258 1258 2113145 2737802 1258 2917265 1258 1258 2594 3737 136085 1258 51077 51077 1717 1258 1272385 6290 2594 1258 51077 1258 136085 6290 2594 1258 3737 3737 2594 1258 51077 1258 136085 2594 2594 136085 3737 3737 51077 1717 1258 1747250 1258 1717 136085 3737 3737 1258 6290 1717 370 58325 1717 3737 1258 51077 2594 3737 1258 2113145 6290 370 220505 1258 1258 77450 3737 3737 3737 136085 1258 1258 2594 3737 3737 1258 1258 1258 3737 3737 1258 3737 1258 51077 3737 1258 51077 58325 1258 2113145 1258 3737 1258 1258 1258 3737 3737 1258 1258 51077 1258 3737 51077 2594 3737 1258 1258 51077 1258 1258 1717 3737 1601 1258 2917265 3737 51077 1258 2737802 51077 3737 51077 1258 2594 2594 3737 3737 1258 1258 1258 3737 686450 1258 58325 3737 1272385 6290 55250 3737 3737 3737 27766154 3737 51077 136085 2594 51077 3737 3737 220505 51077 6290 2594 3737 1258 51077 51077 1258 2594 3737 1717 58325 3737 3737 3737 136085 3737 3737 3737 3737 3737 3737 1258 3737 136085 51077 1258 3737 1258 2594 6290 
34 8005 34 3925 34 1601 312505 25925 3925 272485 1601 34 312505 34 3925 34 1179397 103970 3925 25925 15904145 25925 34 8005 34 2490914 1601 1601 3925 3925 1601 6528650 1601 34 3925 3925 3925 3925 34 3925 3925 1179397 312505 34 1601 1601 3925 34 34 25925 1601 25925 3925 34 34 34 312505 3925 1601 3925 1601 3925 1601 1601 3925 1179397 25925 50097010 34 3925 1601 34 1601 3925 1179397 34 3925 34 1601 34 312505 34 3925 3925 3925 1601 3925 34 1601 33802 34 8005 25925 3925 3925 3925 34 312505 8158685 1240025 3925 34 1601 8158685 3925 34 34 25925 1240025 3925 1601 3925 34 1179397 272485 34 34 3925 8005 1601 3414002 1601 8005 3925 2679625 1601 34 8005 103970 3925 1179397 1601 34 1179397 312505 312505 25925 312505 103970 3925 34 3925 8005 3925 103970 8005 25925 34 3925 1601 3925 3925 1601 3925 34 3925 3925 10 34 1601 3925 3925 34 34 3925 34 8005 272485 1179397 3925 34 3925 3925 312505 34 272485 2679625 3925 312505 3925 2490914 3925 3414002 3925 1240025 272485 3925 8005 1601 1601 2679625 3925 612170 1601 3925 1601 3925 25925 3925 3925 3925 3925 2679625 3925 272485 25925 1601 3925 34 34 3925 2679625 1601 3925 34 31379114 34 3925 1179397 1601 272485 3925 1179397 25925 1601 34 1179397 3925 3925 1601 3925 34 1601 3925 34 34 8005 2490914 272485 3925 3925 3925 25925 3925 272485 3925 842725 25925 1179397 8005 3925 1601 25925 1601 312505 3925 103970 34 3925 34 3925 103970 1601 3925 312505 3925 34 8005 3925 34 1601 1601 3925 25925 1601 1601 3925 1601 3925 25925 312505 312505 34 
18685 170 112370 170 170 170 170 18685 18685 170 18685 18685 170 170 18685 34 18685 262450 170 170 18685 34 18685 13450 170 17478578 170 18685 170 170 170 18685 170 18685 18685 34 18685 18685 18685 170 112370 18685 118474 13450 170 18685 13450 13450 13450 170 18685 170 18685 145802 170 18685 170 170 18685 170 18685 170 170 18685 18685 170 18685 13450 170 18685 170 18685 206890 170 170 262450 18685 18685 13450 18685 18685 170 170 18685 170 18685 18685 34 18685 18685 13450 170 170 18685 170 170 18685 34 170 34 13450 18685 34 206890 18685 188490065 170 170 18685 170 170 170 18685 13450 18685 170 34 18685 170 170 170 13450 170 18685 18685 170 13450 170 170 170 18685 18685 18685 34 18685 18685 18685 18685 13450 170 170 18685 170 170 18685 145802 18685 170 170 13450 18685 18685 170 18685 170 34 18685 170 18685 18685 727402 18685 18685 18685 170 13450 170 170 18685 170 18685 170 18685 34 18685 18685 1050905 18685 170 18685 170 18685 18685 18685 18685 170 18685 18685 18685 170 36101 18685 170 170 18685 170 170 170 170 170 170 18685 34 18685 18685 112370 18685 170 170 170 34 13450 18685 170 170 18685 18685 112370 18685 170 170 18685 170 170 170 18685 170 170 170 170 18685 18685 170 18685 18685 170 18685 18685 18685 18685 13450 18685 18685 13450 13450 145802 18685 18685 18685 170 170 146615690 18685 18685 18685 18685 34 170 18685 18685 18685 170 18685 18685 170 18685 170 170 112370 170 18685 18685 18685 13450 727402 170 170 18685 34 13450 170 170 18685 13450 18685 13450 170 13450 170 18685 170 18685 18685 170 170 170 18685 170 170 13450 170 170 170 18685 170 18685 170 170 18685 170 170 18685 170 18685 4488010 13450 18685 21165850 18685 18685 18685 170 98077565 18685 170 170 463114 170 18685 170 18685 170 170 13450 13450 170 18685 18685 13450 18685 727402 170 170 18685 170 18685 170 170 18685 18685 18685 170 170 18685 18685 34 170 170 727402 170 170 170 18685 170 170 170 18685 13450 18685 18685 18685 170 170 54434 170 170 18685 170 18685 170 13450 170 170 170 170 18685 34 13450 18685 18685 13450 18685 18685 170 170 18685 18685 18685 18685 18685 170 170 170 170 170 18685 170 18685 18685 170 170 144761945 170 54434 262450 170 145802 13450 145802 13450 18685 170 13450 13450 18685 18685 170 18685 18685 170 13450 13450 13450 170 170 17170 13450 34 18685 170 1050905 13450 170 34 18685 170 170 43690 13450 170 18685 146615690 170 18685 170 170 170 170 170 18685 18685 34 18685 34 18685 18685 18685 170 18685 170 18685 170 34 31248101 13450 170 34 170 170 170 19802501 170 13450 34 170 170 
170 13450 18685 4900505 13450 112897 18685 18685 26810645 170 170 18685 13450 34 13450 170 34 170 170 170 61217 18685 18685 170 112897 18685 18685 18685 18685 170 170 13525 61217 13450 18685 112897 18685 170 170 18685 18685 727402 170 34 18685 18685 61217 18685 18685 170 170 170 170 45002 170 18685 18685 18685 170 18685 170 170 18685 18685 34 18685 34 61217 170 18685 18685 170 34 18685 13450 18685 34 61217 170 170 18685 13450 13525 170 18685 18685 18685 18685 463114 170 170 18685 463114 170 170 18685 13450 18685 170 170 170 13450 61217 18685 18685 170 170 18685 18685 170 1450 170 34 19802501 112897 34 18685 13450 170 170 4900505 18685 18685 18685 18685 18685 18685 13450 13450 18685 45002 170 170 34 18685 170 170017 170 18685 18685 2570 61217 34 170 18685 13450 18685 112897 170 18685 170 34 18685 170 18685 18685 18685 170 18685 18685 27111269 112897 13450 18685 18685 170 170 13450 18685 18685 18685 18685 170 170 18685 13450 18685 18685 34 18685 45002 170 170 18685 55114 18685 18685 170 1450 170 112897 18685 18685 13450 170 61217 18685 170 170 18685 18685 170 18685 170 13450 34 4234 18685 18685 170 1450 170 170 18685 18685 13450 13450 61217 18685 170 727402 2570 18685 170 18685 18685 13450 27111269 170 18685 170 13450 18685 13450 170 170 34 170 170 13450 18685 170 34 
19018 85 465125 465125 19018 465125 465125 465125 19018 19018 36101 19018 85 1058005 85 85 85 465125 85 85 85 19018 85 2513570 36101 465125 465125 465125 85 85 202 184325 465125 85 85 19018 36101 85 85 85 85 85 36101 370 36101 3145 465125 36101 13450 98077565 85 85 13450 85 36101 19018 170 85 85 13450 19018 85 19018 85 85 19018 4460545 19018 85 36101 85 85 85 85 85 85 36101 8330017 465125 85 19018 36101 3145 85 465125 85 8825 19018 465125 85 19018 85 465125 85 36101 85 170 85 465125 36101 85 3145 465125 85 85 19018 34 36101 4651250 239434 36101 85 85 85 85 85 85 36101 4753970 85 85 15596425 85 85 370 85 85 36101 3145 2513570 85 85 36101 19018 19018 85 85 465125 465125 465125 36101 147876625 85 19018 239434 85 85 19018 85 85 85 
8304517 312505 312505 34 10405 10405 34 10405 34 8005 34 4369 4369 5551114 34 34 34 239434 312505 4369 239434 34 15317 4369 10405 15317 34 43810 15317 239434 5551114 4369 312505 239434 4369 34 10405 15317 239434 312505 4369 34 15317 5551114 15317 34 6290 4369 10405 6290 15317 10405 34 239434 34 34 34 34 34 34 34 34 10405 10405 34 3414002 43810 312505 34 4369 15317 34 6290 4369 239434 34 35832197 34 34 34 34 34 6290 10405 34 8005 4369 4369 970 4369 4369 8005 10405 312505 34 34 276770 4369 276770 34 4369 34 4369 6290 10405 34 34 10405 34 34 34 34 312505 4369 34 4369 239434 4369 10405 312505 15317 4369 15317 4369 10405 10405 34 6290 4369 34 34 34 10405 10405 34 8005 34 34 3414002 15317 8005 34 34 15317 34 34 8005 34 15317 34 34 15317 34 34 34 10405 71978 3031865 4369 34 34 3414002 34 34 3414002 34 34 15317 239434 15317 4369 4369 15317 8005 239434 34 239434 15317 4369 34 34 8005 34 10405 34 6290 10405 4369 34 312505 10405 10405 34 6290 34 34 276770 10405 34 34 4369 4369 4369 34 34 10405 34 464290 34 34 10405 34 6290 239434 4369 8005 15317 4369 10405 4369 10405 3031865 34 10405 6290 10405 34 34 15317 4369 15317 10405 4369 34 10405 6290 312505 34 239434 6290 4369 10405 4369 3414002 34 34 4369 34 34 85 34 34 34 34 6290 34 10405 4369 6290 15317 71978 239434 276770 6290 34 10405 34 34 34 8005 239434 6290 34 15317 1089010 10405 312505 15317 6290 34 10405 276770 34 34 312505 34 4369 34 15317 10405 34 4369 34 15317 15317 3031865 34 4369 3414002 34 15317 4369 15317 34 10405 15317 8005 15317 312505 34 239434 8005 10405 312505 37370 15317 10405 260962325 312505 4369 10405 15317 6290 10405 15317 10405 34 3031865 8005 10405 10405 4369 4369 6290 34 4369 34 34 10405 34 3031865 34 10405 239434 3031865 34 34 34 213500450 34 3414002 6290 34 4369 34 34 34 8005 34 34 34 34 3031865 34 34 6290 34 10405 15317 34 4369 34 4369 34 15317 15317 6290 
8245 12923530 101 202 101 8245 202 785 202 202 456977 286565 202 202 8245 202 202 202 8245 101 74 8245 202 202 202 202 101 202 12923530 8245 8245 1717 202 8245 8245 202 202 202 8245 202 8245 8245 202 505 202 101 202 202 202 8245 247810 8245 8245 202 202 8245 8245 505 77450 202 8245 202 202 202 202 202 202 29920901 202 202 101 202 202 8245 202 8245 202 8245 202 202 202 202 101 202 202 8245 8245 202 202 202 101 202 8245 101 2465 202 456977 202 202 202 8245 202 8245 8245 202 286565 8245 101 101 202 505 101 202 286565 8245 1746485 8245 202 8245 202 202 8245 101 1332970 202 286565 1717 202 505 8245 61623130 202 101 101 202 202 456977 202 202 8245 456977 216580325 286565 202 101 101 8245 202 202 202 202 8245 101 202 202 8245 8245 202 202 202 202 1018145 202 1717 202 2048005 8245 101 8245 286565 101 8245 8245 8245 8245 202 202 202 8245 8245 202 202 101 1450 202 286565 8245 8245 202 202 8245 8245 101 240101 101 101 202 202 456977 202 202 240101 202 8245 202 101 202 101 8245 22858489 202 202 202 8245 101 8245 202 202 202 202 202 202 8245 202 202 505 202 101 101 202 240101 8245 8245 505 8245 202 202 202 8245 202 202 202 202 202 77450 202 202 202 101 202 101 101 101 8245 1332970 8245 202 8245 77450 202 8245 8245 8245 8245 1746485 77450 4977785 8245 124813585 8245 202 202 202 202 8245 202 286565 8245 1717 202 1295009 202 202 785 8245 202 202 202 202 202 8245 202 101 8245 202 202 202 240101 202 202 8245 202 202 8245 202 8245 202 202 202 8245 8245 8245 202 180505 202 202 202 202 8245 101 202 202 202 202 101 8245 202 202 8245 202 202 101 8245 505 8245 202 101 202 202 456977 202 101 8245 74 1717 202 202 202 505 202 202 1717 202 456977 202 1717 55114 101 202 8245 202 785 55114 202 202 202 202 202 202 202 101 456977 101 202 101 202 202 202 101 8245 101 313000202 101 202 392005 202 202 202 202 101 202 202 8245 202 202 202 202 202 8245 202 202 202 202 1450 1332970 1256785 202 202 202 202 1336465 202 202 202 101 202 101 8245 8245 12923530 101 1450 202 8245 8245 202 202 1717 202 202 8245 286565 202 1717 361010 505 101 124813585 8245 8245 202 202 202 240101 8245 202 101 202 202 101 202 202 101 202 8245 101 8245 8245 1244125 202 202 8245 202 202 202 8245 8245 1717 8245 
1601 10 3925 1601 3925 3925 3925 272485 1601 34 1601 3925 1601 1601 1601 3925 25925 25925 1240025 1601 8005 25925 34 3925 34 33802 3925 34 1601 1601 272485 8005 3925 34 3925 1601 8005 34 25925 1110185 3925 1601 34 3925 1601 1601 370 3925 1179397 1601 25925 25925 1601 1601 1601 10 272485 3925 34 1601 842725 3925 1601 3925 8005 3925 25925 3925 1601 3925 3925 3925 3925 272485 10 3925 34 1601 1601 1179397 1601 1601 272485 370 1601 3925 1601 3925 25925 3925 3925 1601 1601 34 272485 1601 3925 10 146450 3925 1179397 3925 34 3925 3925 3925 25925 1601 272485 3925 3925 3925 1601 8005 1601 10 3925 1601 1601 3925 1601 1601 1601 6055202 34 25925 33802 1601 1601 1601 1601 3925 1601 3925 25925 1601 1601 1601 3925 3925 1601 3925 1601 1601 34 1601 1601 1601 1601 34 25925 3925 10 34 3925 3925 1179397 1601 25925 1601 1601 272485 6055202 3925 1601 1601 3925 236197 3925 3925 1601 25925 1601 25925 3925 10 34 8005 1240025 1601 1601 22018250 1601 1179397 1601 1601 1601 1601 1601 1601 34 1601 3925 8005 272485 1601 34 1601 34 3925 1601 3925 1601 272485 272485 3925 236197 33802 3925 3925 1601 272485 1601 1179397 10 3925 3925 1179397 1601 10 34 25925 236197 34 3925 272485 1601 3925 1601 1601 10 272485 34 1601 1601 312505 3925 510770 3925 25925 272485 1601 25925 312505 25925 1601 6528650 8005 272485 3925 1601 1601 1601 3925 1601 3925 272485 272485 255385 236197 3925 255385 3925 1601 1601 1601 1601 8005 3925 1279625 25925 61998725 34 25925 3925 1179397 1601 3925 3925 1601 10 3925 10 3925 1179397 1601 3925 1601 25925 1601 596234 8005 3925 25925 3925 1601 1601 25925 3925 1601 3925 272485 3925 1601 25925 3925 272485 3925 3925 3925 3925 3925 1601 3925 25925 3925 236197 3925 3925 3925 3925 3925 1601 3925 1601 10 1601 3925 1601 272485 1601 8005 1601 34 25925 3925 34 34 3925 1601 1601 1601 8005 1601 3925 3925 25925 1601 3925 1279625 1601 3925 25925 3925 236197 1601 1179397 34 3925 1240025 1601 1601 1179397 3925 34 1601 1601 25925 1601 3925 3925 25925 1179397 236197 1179397 1601 1601 1179397 34 1601 1601 3925 1601 1601 1601 25925 1601 1601 
49010 46085 309137 49010 46085 46085 46085 49010 4850 1258 49010 46085 46085 309137 4850 49010 49010 49010 49010 49010 49010 49010 49010 46085 157625 49010 34 46085 157625 157625 4850 49010 46085 46085 46085 74 49010 49010 1258 49010 46085 1258 49010 49010 46085 49010 46085 800005 970 46085 49010 46085 46085 46085 46085 46085 654985 970 49010 49010 49010 46085 157625 49010 46085 49010 46085 157625 49010 49010 49010 157625 10585 1258 1258 49010 1990465 49010 1258 4850 1069085 46085 3069505 46085 49010 49010 49010 49010 873970 49010 309137 46085 157625 253240325 49010 46085 49010 46085 157625 1258 49010 49010 46085 49010 46085 49010 49010 34 800005 309137 1802 46085 46085 46085 46085 51077 49010 4850 49010 46085 49010 309137 46085 157625 157625 1258 46085 1258 49010 46085 46085 49010 49010 46085 49010 49010 46085 46085 46085 1802 46085 46085 49010 49010 46085 157625 49010 49010 49010 49010 51077 49010 102154 49010 157625 309137 49010 49010 49010 49010 49010 46085 46085 4850 157625 49010 4850 46085 800005 46085 157625 5834825 51077 46085 49010 46085 49010 157625 49010 46085 157625 49010 46085 46085 46085 49010 49010 49010 49010 1069085 34 157625 49010 49010 157625 46085 157625 703250 10 34 49010 51456325 46085 46085 49010 46085 46085 46085 49010 49010 46085 157625 309137 46085 34 34 1258 46085 49010 46085 49010 1258 4850 46085 46085 1258 572050 46085 102154 157625 49010 46085 49010 49010 5834825 157625 49010 157625 10 4850 800005 49010 46085 49010 1802 49010 46085 46085 49010 157625 49010 49010 1258 46085 8908402 49010 873970 46085 49010 49010 49010 49010 46085 46085 49010 49010 49010 4401605 49010 309137 49010 
101 74 74 101 101 363701 74 8245 46085 286565 190450 31754 101 456977 46085 46085 74 456977 74 101 74 74 456977 101 101 16825 101 12923530 74 46085 74 101 74 286565 74 2425 101 74 74 101 190450 74 190450 74 74 46085 46085 101 190450 1450 46085 101 46085 74 16825 74 785 286565 101 74 1746485 328250 46085 74 8245 74 101 101 101 8245 46085 101 101 363701 101 46085 101 101 101 101 74 46085 74 101 101 74 74 8245 74 74 363701 101 74 74 8245 101 74 8245 74 74 74 74 74 74 74 74 74 46085 46085 74 101 101 101 101 74 363701 286565 286565 74 46085 101 34 328250 74 2455330 10730 101 363701 74 101 10730 74 456977 101 46085 101 74 101 74 74 51077 101 101 74 34 101 46085 74 74 101 46085 101 1746485 74 34 74 74 74 51077 74 46085 51077 101 101 74 190450 74 16825 74 1018145 363701 74 456977 
188065 10370 4357 10370 181337 3946465 10370 10370 10370 4357 27217 10370 4357 188065 27217 4357 4357 10370 27217 4357 4357 10370 10370 188065 10370 10370 10370 4357 10370 10370 4357 1227434 1227434 10370 10370 10370 169010 546410 188065 4357 2876417 27217 10370 4357 10370 10370 10370 188065 4357 4357 188065 27217 188065 10370 188065 2281250 5218405 27217 10370 4357 79448209 27217 188065 4357 188065 3946465 169010 10370 4357 10370 10370 538645 188065 120250 27217 538645 4357 4357 4357 4357 4357 4357 188065 27217 188065 169010 4357 10370 4357 538645 4357 188065 188065 4357 10370 4357 27217 10370 4357 27217 5140514 4357 10370 10370 27217 10370 27217 4357 10370 28910410 188065 4357 4357 188065 18781625 4357 188065 169010 188065 10370 10370 4357 4357 13811225 27217 4357 10370 188065 4357 10370 10370 10370 4357 4357 27217 4357 538645 538645 10370 10370 10370 4357 533494585 10370 188065 10370 1227434 538645 4357 3154177 188065 10370 10370 188065 10370 2125765 27217 538645 10370 10370 4357 10370 181337 10370 10370 27217 10370 4357 2876417 538645 188065 10370 10370 27217 10370 4357 10370 4357 27217 188065 188065 4357 10370 10370 10370 538645 188065 1143250 4357 10370 188065 10370 10370 27217 27217 188065 10370 188065 10370 10370 10370 1227434 28910410 3946465 27217 4357 188065 10370 28910410 10370 10370 4357 188065 188065 188065 120250 27217 188065 4357 188065 10370 188065 10370 4357 10370 188065 27217 4357 4357 4357 1227434 188065 10370 188065 10370 188065 2281250 188065 188065 10370 10370 27217 4357 188065 27217 8453945 188065 10370 4357 4357 4357 10370 188065 10370 188065 27217 188065 4357 27217 120250 120250 188065 4357 1227434 10370 10370 10370 27217 4357 188065 4357 27217 4357 188065 538645 538645 10370 188065 4357 10370 10370 538645 27217 10370 4357 4357 27217 10370 4357 10370 10370 120250 10370 188065 4357 4357 188065 4357 10370 10370 27217 188065 1143250 188065 188065 188065 4357 10370 188065 27217 10370 188065 188065 10370 10370 10370 188065 10370 10370 10370 4357 10370 4357 27217 10370 2281250 188065 37829045 10370 10370 10370 1143250 213750325 27217 10370 4357 188065 4357 27217 10370 188065 1227434 10370 188065 2876417 188065 10370 27217 188065 169010 27217 181337 10370 188065 188065 27217 10370 1227434 10370 4357 4357 10370 10370 188065 27217 4424810 27217 10370 188065 4357 10370 4357 10370 10370 10370 538645 188065 10370 4357 188065 
3737 1258 1717 3737 2594 3737 1717 3737 3737 1717 1258 3737 3737 1258 3737 6290 3737 3737 1272385 3737 3737 2594 136085 1717 3737 1258 1258 3737 6290 3737 3737 3737 1717 1258 2594 1258 3737 1717 3737 3737 1258 6290 3737 1717 3737 1717 1717 2594 1258 940325 1258 1717 3737 1258 3737 1258 3737 1258 1258 3737 2113145 1717 3737 1258 3737 1258 3737 1717 3737 136085 3737 136085 1717 3737 3737 136085 3737 3737 1717 3737 1717 136085 1717 55114 6290 3737 3737 136085 1258 3737 1717 3737 136085 2594 77450 3737 1258 195365 3737 1258 3737 3737 3737 1258 1258 1258 1258 1267010 3737 220505 1717 2113145 1258 2113145 1258 136085 1717 1717 3737 3737 3737 1258 3737 1258 3737 3737 1717 136085 3737 3737 1717 1258 136085 1717 3737 2594 3737 1258 1258 195365 1258 3737 3737 3737 1258 1717 1717 1258 1258 6290 1258 1258 1258 2594 136085 1258 3737 2113145 3737 3737 1258 136085 3737 3737 1717 3737 1717 3737 3737 3737 1258 3737 1717 3737 77450 136085 1258 3737 1258 3737 1717 1258 1258 3737 2594 3737 3737 2594 3737 2594 1717 1258 6290 3737 1258 1240025 1258 3737 136085 3737 3737 1258 1258 3737 17478578 3737 3737 1272385 2594 195365 1258 3737 136085 1717 41225 3737 6290 3737 1258 3737 3737 1258 1717 3737 3737 1717 2594 3323690 3737 1717 136085 1717 3737 3737 3737 136085 3737 1258 1258 3737 3737 3737 3737 2594 3737 3737 1258 1717 3737 3737 3737 1717 136085 1717 1717 195365 1258 1258 2594 3737 1717 3737 136085 1747250 136085 2594 3737 1717 3737 3737 2594 3737 1258 77450 3737 3737 3737 1717 3737 3737 107650 3737 195365 3737 3737 3737 1258 1258 3737 136085 27556490 3737 3737 1717 3737 1258 3737 3737 3737 3737 3737 3737 136085 2594 2594 7850785 2594 2594 3737 2594 1258 1258 1258 3737 3737 77450 2594 1258 3737 3737 3737 3737 3737 3737 3737 1717 1258 49010 2594 1717 3737 3737 10738730 3737 1717 3737 3737 1717 136085 3737 3737 1258 220505 3737 1258 468469 1717 3737 55114 1258 136085 1717 136085 3737 3737 6290 1258 3737 1717 1258 3737 1258 3737 3737 136085 195365 2594 6290 2594 3737 3737 3737 
1258 485 3737 485 2570 1258 3737 485 1258 1258 485 3737 3737 1258 34 1258 2125765 1258 34 3737 485 485 1258 5270770 485 3737 1717 485 1258 1665074 3737 1258 1685450 3737 3737 3737 1258 34 3737 1258 3737 3737 485 34 485 269125 3737 1258 1258 4162685 62725 34 3737 34 485 1258 1717 3737 3737 10575505 55114 1258 3737 34 1258 485 1717 1258 485 269125 1258 3737 1258 468469 485 1258 1258 1258 3737 34 3737 3737 3737 501265 34 1665074 485 195365 120250 3737 269125 34 485 485 34 1258 3737 485 1258 3737 3737 1258 7543625 34 3737 1258 1258 3737 3737 485 485 1685450 34 62725 3737 3737 16581185 55114 3737 3737 195365 2570 1258 62725 3737 1717 1258 485 485 3737 485 1258 485 1258 501265 3737 485 3737 34 485 485 34 485 485 3737 11400505 3737 34 34 34 1258 3737 485 1258 3737 16581185 62725 3737 3737 1258 62725 1717 34 1258 485 3737 1258 3737 4850 269125 564485 3737 501265 2125765 62725 1258 1258 1258 1258 485 34 2125765 34 34 62725 290450 34 3737 485 1258 485 1258 485 485 3737 34 3737 34 1258 485 1258 1258 3737 485 501265 3737 3737 1116050 1258 1258 269125 1258 485 3737 7543625 3737 269125 485 3737 34 3737 485 1258 3737 485 269125 3737 3737 5270770 3737 3737 485 1258 62725 485 1258 485 34 4850 1116050 3737 485 1258 34 269125 3737 120250 3737 3737 485 1258 1258 514 62725 1258 4162685 3737 3737 485 1258 485 485 485 34 485 468469 501265 485 485 34 1258 485 34 3737 485 3737 1258 485 3737 485 1258 1116050 34 485 485 485 3737 120250 485 3737 485 3737 485 485 485 501265 485 3737 485 3737 1258 485 514 3737 501265 120250 1685450 3737 5618005 3737 485 485 1258 34 10575505 485 3737 3737 3737 3737 34 485 485 3737 1258 485 3737 3737 485 1258 1258 120250 485 485 485 16581185 485 1258 34 120250 34 1258 1258 485 34 34 1258 485 485 3737 485 3737 485 34 485 485 485 3737 485 3737 485 485 514 485 1258 1258 468469 3737 3737 1258 1685450 3737 34 501265 1717 1258 1258 485 1258 1258 1258 1685450 3737 485 1685450 3737 485 1258 34 10575505 1258 1258 3737 3737 3737 485 3737 1258 485 1685450 485 485 3737 485 3737 1258 3737 1258 34 120250 1258 3737 1258 3737 485 485 1258 1258 67535525 34 485 501265 3737 1717 1258 3737 485 485 3737 485 485 3737 3737 3737 485 485 3737 485 485 55114 1258 3737 485 1258 65772725 1258 3737 485 1258 1685450 1116050 1258 501265 1258 1258 485 1258 485 62725 3737 34 1258 485 1258 3737 485 3737 485 1258 485 3737 485 1258 3737 3737 4850 485 1258 3737 485 120250 3737 3737 3737 485 1258 3737 485 55114 1258 1717 34 485 485 485 485 3737 4162685 1258 
21385802 679225 170 45002 170 112897 170 1050905 170 170 59170 112897 170 170 45002 45002 170 170 1050905 170 170 170 170 170 45002 61217 170 170 679225 170 45002 61217 2570 170 170 170 170 170 112897 170 170 170 170 170 170 170 170 11289601 170017 170 45002 170 170 170 1050905 45002 170 45002 170 170 2212405 112897 170 170 170 679225 170 45002 170 170 170 170 61217 170 2570 679225 170 170 59170 4654585 1050905 170 170 2570 170 45002 170 61217 170 170 170 170 170 170 170 170 170 170 170 679225 170 170 45002 170 170 45002 170 45002 170 170 61217 170 170 170 170 170 170 170 1050905 170 45002 170 170 170 170 170 1812445 170 170 45002 61217 170 1812445 170 
25925 34 10 1601 34 3925 3925 3925 4411625 1601 3925 1279625 1179397 34 2679625 1601 34 1179397 272485 3925 3925 34 3925 103970 103970 1601 34 3925 8005 3925 1179397 25925 3925 34 1601 103970 34 3925 272485 34 34 1601 1601 34 25925 272485 1179397 3925 103970 34 3925 25925 1179397 3925 1601 103970 34 1601 25925 3925 3925 1601 34 34 3925 1601 156900677 312505 8005 34 25925 272485 3925 1179397 3925 1601 3925 10 3925 25925 34 3925 34 3925 3925 1601 3925 3925 1601 3925 1601 3925 3925 3925 272485 3925 34 8005 3925 3414002 25925 3925 34 25925 1601 3925 3925 1601 25925 3925 1179397 312505 3925 1601 3925 1179397 3925 272485 272485 272485 3925 1601 3925 6055202 3925 3925 25925 32672657 1601 1601 34 1601 3925 3925 3925 20054050 1179397 1279625 272485 25925 3925 3925 1601 3925 3925 3925 3925 3925 34 1601 1601 1601 1601 103970 34 272485 3925 1601 3925 8005 3925 312505 3925 312505 3925 25925 3925 1179397 1601 34 1601 
465125 85 18685 18685 85 18685 18685 34 170 18685 1227434 465125 18685 19018 18685 18685 19018 2513570 465125 19018 13450 18685 19018 18685 18685 56871865 85 34 18685 34 36101 13450 34 170 19018 1450 465125 465125 18685 19018 18685 25456925 13450 13450 18685 18685 18685 13450 34 18685 18685 19018 21234250 18685 19018 465125 18685 51850 85 3849850 19018 18685 118474 85 13450 18685 465125 465125 19018 13450 18685 19018 13450 18685 465125 3145 85 19018 18685 313634 18685 727402 13450 18685 85 18685 19018 19018 34 19018 34 18685 85 36101 170 1450 36101 36101 85 18685 13450 18685 5657525 19018 465125 19018 18685 19018 13450 13450 465125 3145 85 36101 18685 19018 13450 465125 19018 36101 18685 19018 18685 19018 19018 34 13450 18685 19018 42807385 18685 31637125 465125 18685 465125 85 245799685 18685 18685 36101 145802 36101 18685 85 18685 36101 465125 13450 13450 19018 85 13450 85 510770 19018 85 18685 465125 19018 85 3145 18685 85 85 36101 146615690 13450 370 170 36101 2171570 18685 19018 51850 19018 19018 13450 19018 3145 19018 18685 13450 10730 85 19018 19018 36101 18685 18685 19018 18685 85 465125 19018 36101 36101 18685 18685 36101 18685 19018 18685 1227434 465125 19018 13450 85 18685 8825 19018 18685 18685 13450 36101 465125 18685 170 18685 19018 18685 465125 18685 34 85 19018 36101 36101 85 85 13450 19018 370 463114 34 18685 13450 13450 18685 85 18685 18685 18685 18685 18685 18685 13450 36101 18685 18685 13450 3145 36101 18685 42807385 19018 85 19018 18685 85 19018 463114 118474 13450 13450 18685 18685 18685 19018 34 19018 13525 18685 465125 19018 465125 13450 18685 19018 1450 19018 465125 18685 465125 465125 13450 36101 13450 13450 13450 85 36101 465125 19018 18685 18685 19018 465125 34 18685 18685 19018 465125 18685 19018 465125 19018 13450 18685 19018 13450 36101 465125 19018 85 25456925 13450 18685 465125 19018 34 465125 85 19018 19018 19018 51850 34 18685 85 18685 85 18685 18685 19018 19018 19018 51850 18685 465125 19018 85 18685 18685 170 18685 18685 18685 18685 170 36101 13450 18685 465125 18685 19018 85 19018 19018 465125 13450 85 19018 18685 18685 19018 19018 465125 19018 18685 85 36101 18685 18685 18685 13450 34 18685 13450 19018 25456925 465125 465125 18685 18685 370 18685 85 
3737 202 1717 136085 1717 1717 202 202 1717 202 202 1717 2594 202 202 1717 1717 2594 8245 240101 202 202 3736394 3737 2979925 2594 1717 202 2594 220505 136085 505 202 1717 202 3737 1717 202 202 1717 202 34544674 1717 1717 505 202 136085 1717 1717 1717 940325 3737 1717 1717 1717 1717 505 1717 1717 505 1717 202 1717 1717 1717 202 8245 1717 3737 202 1717 2594 17942090 136085 1717 202 202 3737 3737 1717 2594 3737 202 202 1717 3737 1717 505 3737 1717 3737 434314 3737 202 2594 202 1717 17942090 505 202 2594 505 1717 202 202 1717 202 2325625 1717 202 2979925 2594 1717 1717 3737 1336465 202 1717 1717 2594 1717 1717 202 1717 2594 1717 202 1717 202 3737 1717 1717 1717 202 202 240101 3838498 1717 1717 202 3737 1717 1717 202 3737 1717 1717 202 1717 1717 17942090 202 1717 136085 3737 202 1717 1717 77450 202 1717 1717 3737 1717 202 202 1717 202 1717 1717 1717 1717 3737 1336465 1717 3737 202 202 1717 136085 1717 202 202 940325 1717 202 202 1717 1747250 3737 240101 136085 1717 240101 1717 136085 3737 2594 1717 1717 1717 940325 1717 1935025 1717 2594 202 505 202 8245 1717 1717 202 3737 505 1717 202 240101 202 202 1240025 202 202 202 1717 202 240101 1717 1717 1717 1717 1717 2594 202 1717 202 136085 3737 1717 1717 3737 202 1717 2594 202 202 1717 1717 202 1717 136085 2594 1717 202 202 1240025 1717 3737 202 2594 202 202 202 1717 1717 1717 1717 1717 202 1717 505 202 1717 202 69227434 136085 1717 202 2594 505 202 202 1717 1717 202 505 1717 55114 3737 3737 1717 3737 202 1717 202 3737 2178005 1717 2594 202 202 1717 1717 1717 2594 1717 1717 240101 202 202 1717 202 1717 202 74 202 202 202 1717 1717 136085 202 202 1717 202 1717 806045 2594 55114 1717 202 202 202 2594 202 1717 3737 202 1717 77450 202 1717 55114 1717 202 202 2594 202 202 1717 1717 3737 1717 1717 3737 202 1717 202 1717 1717 505 1717 2594 202 4904714 3737 1717 505 3737 202 3737 
10405 276770 10405 15317 239434 10405 276770 714425 10405 10405 6290 10405 10405 459850 10405 170 15317 29045 10405 4369 10405 15317 10405 10405 15317 10405 10405 10405 10405 10405 4369 10405 10405 10405 102154 239434 10405 10405 29045 4369 4369 15317 15317 3737 10405 10405 102154 3737 10405 10405 459850 170 239434 4369 459850 4369 10405 10405 4369 714425 10405 29045 6290 15317 4369 10405 10405 171463685 714425 4369 10405 10405 15317 10405 10405 10405 10405 276770 3197105 10405 3737 6290 10730 4369 10405 10405 29045 10405 4369 15317 10405 10405 10405 4369 10405 15317 170 6290 10405 10405 10405 15317 15317 4369 15317 4369 4369 10405 10405 10405 15317 10405 15317 4369 10405 10405 10405 10405 29045 186325 10405 10405 8738 10405 102154 4369 10405 714425 4369 10405 10405 104050 4369 4369 4369 10370 10405 4369 10405 3737 10405 10405 29045 1116050 6290 10405 8304517 10405 15317 10405 239434 10405 4369 10405 104050 121685 10405 4369 4369 4369 10405 6290 10405 10405 15317 10405 10405 10405 10405 10405 10405 10405 10405 15317 29045 10405 15317 239434 10405 10405 10405 15317 4369 3737 4369 10405 714425 6290 10405 10405 10405 10405 15317 10405 170 4369 15317 10405 31651178 10405 15317 239434 10405 10405 15317 6290 102154 239434 10405 10405 10405 10405 239434 10405 10405 6530890 10405 276770 15317 136488370 10405 10405 4369 4369 4369 10405 10405 10405 10405 459850 10405 4369 10405 15317 10405 4369 10405 10405 3396125 464290 10405 10405 15317 10405 10405 10405 10405 10405 10405 10405 4369 29045 714425 10405 18218050 10405 10405 4369 10405 10405 10405 4369 10405 239434 10405 10405 10405 10405 15317 239434 102154 4369 15317 38054090 10405 15317 6290 6290 15317 10405 10405 15317 4369 10405 102154 273205 10405 
170 170 170 170 18685 170 170 18685 18685 170 18685 112370 1050905 34 170 170 170 170 18685 11289601 18685 18685 170 170 34 170 170 170 170 170 170 170 170 170 170 170 18685 11289601 170 18685 34 170 170 170 170 170 18685 18685 170 170 170 170 170 170 170 170 170 3745450 34 18685 1450 170 170 170 34 18685 18685 170 18685 170 170 2020202 18685 170 170 118474 18685 170 34 18685 170 170 170 34 18685 18685 43690 18685 170 170 170 34 170 18685 170 170 170 170 170 170 170 18685 1050905 1050905 34 18685 170 18685 170 1450 54434 34 727402 170 18685 18685 170 18685 170 170 34 34 18685 170 463114 1050905 34 18685 170 170 170 170 18685 18685 170 170 11289601 170 18685 170 170 170 1050905 18685 18685 170 170 170 34 170 170 170 170 170 170 18685 170 170 18685 43690 170 18685 18685 170 18685 4488010 170 18685 170 170 18685 1601 170 112370 170 170 170 170 170 18685 118474 1050905 170 170 170 18685 170 18685 170 18685 170 170 170 170 170 18685 170 170 170 170 170 18685 170 170 170 170 31248101 18685 170 170 170 170 170 170 170 170 170 170 34 170 34 170 18685 18685 118474 34 170 18685 33650 170 170 34 34 18685 34 18685 18685 18685 1050905 169010 18685 170 170 18685 170 18685 170 170 34 12080965 170 727402 170 170 18685 170 170 18685 170 1050905 18685 61505617 170 170 18685 18685 170 170 18685 34 170 18685 206890 170 170 18685 170 170 18685 170 170 170 961010 170 170 18685 118474 170 170 18685 170 170 170 18685 1601 170 18685 170 170 170 170 961010 61505617 18685 170 145802 170 18685 18685 34 170 18685 170 170 170 1050905 18685 170 170 170 18685 170 170 170 170 170 170 170 170 18685 170 18685 170 170 18685 170 170 170 170 170 18685 170 170 18685 18685 170 170 18685 18685 170 18685 170 18685 170 170 18685 170 170 18685 18685 18685 18685 170 170 170 18685 170 170 170 18685 18685 206890 170 59170 170 54434 170 18685 170 145802 170 170 18685 170 170 170 18685 170 170 
18685 170 18685 18685 170 170 170 170 170 18685 18685 18685 170 170 170 34 170 18685 170 170 18685 1128970 170 18685 170 34 170 18685 170 727402 170 18685 170 170 170 18685 18685 170 34 18685 18685 170 170 170 170 18685 170 34 170 1450 727402 170 18685 18685 170 13450 170 170 18685 34 18685 170 961010 18685 18685 34 18685 170 18685 34 18685 18685 1450 170 170 18685 13450 170 18685 18685 170 18685 170 18685 170 170 18685 170 18685 170 170 18685 170 34 18685 170 170 18685 18685 170 170 170 18685 463114 1450 18685 18685 170 1450 170 1450 18685 170 1450 170 170 170 18685 170 18685 170 170 18685 18685 170 18685 18685 34 170 34 170 170 170 170 170 18685 18685 18685 18685 145802 170 203394425 18685 18685 18685 18685 170 18685 170 18685 170 34 170 170 18685 18685 18685 18685 18685 170 34 13450 170 18685 170 170 170 170 170 170 18685 34 170 145802 34 18685 34 18685 18685 727402 18685 18685 170 18685 18685 170 170 170 18685 170 170 170 18685 13450 18685 170 170 170 170 18685 170 18685 13450 170 18685 18685 18685 18685 170 18685 18685 170 18685 170 18685 463114 170 170 206890 170 18685 18685 170 18685 18685 170 34 720002 170 34 170 18685 34 206890 18685 18685 170 170 170 170 34 170 463114 170 170 170 18685 170 18685 34 34 170 170 18685 18685 170 18685 170 18685 18685 170 170 18685 170 18685 1450 18685 18685 170 18685 5657525 34 170 170 18685 170 170 18685 18685 18685 18685 18685 18685 18685 170 18685 18685 170 18685 170 34 170 18685 18685 18685 170 18685 18685 18685 18685 18685 170 18685 18685 44975125 170 34 720002 170 170 18685 18685 170 170 170 34 18685 18685 34 170 118474 18685 170 170 18685 170 34 34 170 13450 13450 170 18685 170 170 18685 18685 34 18685 170 170 34 18685 145802 170 170 170 170 170 18685 34 34 18685 170 170 18685 18685 170 170 18685 170 170 18685 170 18685 463114 145802 18685 170 18685 170 18685 170 18685 18685 170 170 170 18685 170 170 34 34 34 257346085 18685 18685 170 18685 170 170 170 34 18685 170 13450 1010 34 170 34 170 170 18685 18685 18685 18685 13450 170 18685 170 34 18685 34 727402 34 18685 170 18685 18685 170 18685 170 170 18685 170 18685 5657525 34 170 18685 18685 170 170 170 34 206890 170 170 1450 18685 18685 18685 1018145 34 170 170 18685 18685 18685 18685 13450 1450 34 34 170 170 170 18685 18685 18685 170 18685 34 18685 170 463114 18685 34 18685 18685 34 170 18685 18685 18685 18685 18685 170 18685 145802 170 170 145802 34 18685 13450 18685 1450 13525 18685 170 18685 18685 18685 34 18685 18685 18685 118474 18685 18685 18685 18685 34 145802 18685 170 170 34 170 170 1018145 170 18685 18685 170 170 170 18685 170 18685 18685 18685 170 18685 13450 13450 170 34 170 170 170 170 170 18685 170 18685 170 34 18685 34 170 170 170 18685 18685 18685 170 170 34 1450 18685 170 170 170 18685 18685 170 18685 170 170 18685 34 170 170 18685 34 463114 18685 18685 170 170 170 18685 170 18685 18685 170 170 18685 170 727402 18685 5657525 170 18685 18685 34 170 170 170 18685 170 170 34 170 170 
5657525 465125 85 36101 85 19018 19018 239434 36101 85 370 85 85 85 4460545 239434 10730 85 3145 85 85 2657525 85 36101 85 85 85 85 85 85 85 19018 85 85 85 129231425 85 85 695185 85 85 465125 19018 85 85 3145 36101 19018 85 370 85 85 36101 36101 85 85 85 85 202 85 465125 85 85 97974325 465125 239434 85 85 85 36101 19018 85 36101 2657525 44975125 36101 85 3145 85 85 85 36101 3145 465125 19018 36101 85 465125 85 85 85 85 85 85 19018 85 85 85 465125 36101 85 85 465125 465125 85 85 18685 465125 465125 85 85 1058005 85 85 465125 19018 36101 19018 2657525 465125 85 2513570 85 19018 19018 19018 19018 85 85 85 695185 36101 85 36101 465125 465125 10730 36101 465125 465125 465125 85 85 19018 936370 85 85 19018 36101 239434 85 85 465125 36101 36101 19018 85 85 85 85 85 370 19018 2513570 695185 85 85 85 19018 19018 85 85 19018 85 465125 85 85 1058005 19018 36101 85 85 85 25456925 36101 85 36101 85 85 465125 19018 85 85 85 19018 19018 51850 85 85 85 19018 19018 85 85 465125 85 19018 19018 19018 85 85 36101 85 85 85 85 85 85 85 695185 85 85 85 85 85 465125 85 19018 85 85 465125 36101 19018 85 85 3849850 465125 85 19018 36101 85 85 85 36101 1058005 85 85 239434 85 85 19018 19018 74 85 85 85 85 36101 85 19018 85 85 85 85 85 3849850 465125 85 1058005 85 36101 990002 19018 85 85 85 4753970 19018 85 85 85 85 85 85 85 19018 85 36101 85 36101 85 85 85 19018 85 170 85 85 85 85 85 36101 13089490 85 85 370 36101 170 465125 36101 85 85 85 85 19018 85 85 85 465125 19018 85 36101 465125 36101 85 19018 85 85 19018 85 85 85 85 19018 85 19018 19018 85 36101 85 85 36101 85 19018 19018 85 19018 85 36101 465125 202 85 36101 36101 85 36101 19018 19018 85 465125 85 19018 85 85 2657525 85 19018 85 85 19018 85 465125 85 85 85 25456925 85 19018 85 85 85 465125 239434 85 85 85 85 36101 85 465125 19018 85 36101 36101 19018 465125 85 85 85 36101 85 370 4753729 85 85 465125 85 85 170 85 85 465125 465125 36101 85 85 36101 465125 19018 170 85 10730 85 85 85 85 85 170 85 4460545 85 85 36101 85 36101 36101 85 85 85 36101 3145 465125 14810434 14810434 85 19018 36101 202 85 85 85 85 36101 36101 36101 85 4460545 85 85 36101 36101 85 85 36101 85 85 19018 36101 36101 239434 85 36101 36101 239434 10730 19018 465125 2513570 170 3145 2657525 202 85 465125 36101 85 85 239434 36101 85 36101 19018 85 85 85 85 85 85 85 465125 85 85 85 85 85 85 85 3145 85 36101 370 19018 36101 85 85 19018 36101 36101 465125 19018 85 19018 36101 85 465125 85 239434 85 85 85 36101 19018 85 36101 36101 170 85 85 85 
85 720002 85 85 85 85 9802 36101 85 85 17 85 12325 9802 9802 21172117 85 85 9802 85 85 884425 17 9802 9802 85 17 85 9802 115202 9802 85 85 17 9802 1924925 85 17 85 12325 36101 17 9802 85 9802 85 85 9802 85 10 12325 9802 695185 17 85 85 17 85 85 85 17 85 85 9802 85 17 85 85 3091370 9802 9802 85 85 85 85 9802 17 85 85 85 85 17 85 17 85 7474 10 85 85 17 12325 9802 17 85 12325 17 85 17 85 85 115202 85 85 884425 85 85 85 10 9802 36101 17 10 85 9802 18685 85 17 85 85 85 9802 85 7474 85 17 85 9802 85 36101 89725 12325 89725 30425 12325 1924925 9802 884425 85 10 85 9802 9802 115202 17 85 85 10 85 9802 85 85 85 17 85 85 10 12325 89725 85 9802 36101 85 89725 10 441010 85 12325 1133458 85 9802 85 6356597 10 12325 85 85 17 9802 9802 85 10 85 43690 17 9802 990002 17 85 2106385 85 9802 17 85 17 1133458 89725 85 89725 17 85 17 85 89725 12325 85 85 17 239434 17 85 17 85 85 17 9802 89725 85 85 9802 1034450 215824505 36101 12325 85 112370 12325 85 5254525 85 85 85 17 85 85 85 85 85 9802 10 89725 85 884425 89725 17 17 85 9802 9802 85 85 9802 9802 17 12325 17 85 85 85 85 85 9802 85 85 9802 17 85 12325 695185 85 85 85 9802 12325 12325 89725 9802 85 85 36101 85 85 9802 10 12325 695185 9802 720002 85 12325 12325 12325 10 9802 85 17 85 1924925 85 7474 85 85 85 17 17 17 85 9802 85 85 89725 10 17 17 36101 85 85 85 36101 85 12325 17 85 85 85 85 85 85 85 24650 17 85 12325 85 17 85 9802 85 85 85 85 85 9802 9802 85 17 17 7474 12325 85 17 85 9802 9802 85 1924925 9802 9802 9802 85 12325 85 85 17 85 85 85 89725 17 2106385 85 85 9802 85 17 9802 9802 36101 85 85 17 85 85 9802 9802 85 85 85 1034450 1486090 10 17 17 12325 85 17 9802 85 990002 89725 9802 9802 36101 17 85 85 10 17 17 10 85 85 17 17 1133458 17 12325 85 17 85 85 9802 10 17 
170 36101 18685 18685 19018 18685 36101 13450 13450 18685 18685 18685 19018 361010 18685 18685 25985450 18685 19018 85 170 19018 18685 18685 18685 18685 51850 34 34 13450 19018 18685 18685 18685 18685 170 465125 36101 13450 34 18685 18685 170 727402 34 465125 34 170 34 18685 19018 19018 19018 18685 18685 18685 19018 13450 19018 18685 85 36101 18685 19018 13450 13450 18685 18685 18685 465125 18685 19018 13450 170 170 727402 18685 85 19018 18685 18685 18685 18685 170 18685 13450 170 13450 170 18685 13450 18685 85 18685 19018 18685 18685 18685 18685 18685 18685 18685 19018 18685 170 18685 18685 18685 19018 19018 18685 85 170 18685 13450 18685 36101 18685 19018 2635385 18685 34 3145 18685 18685 170 13450 13450 18685 18685 36101 170 170 19018 19018 18685 19018 170 85 18685 18685 13450 510770 465125 18685 18685 170 85 170 18685 13450 18685 13450 3145 13450 34 13450 34 170 13450 19018 19018 34 18685 170 13450 18685 36101 19018 36101 13450 370 13450 18685 18685 18685 170 370 19018 1450 13450 34 36101 19018 170 18685 19018 18685 18685 18685 18685 145802 170 18685 18685 19018 19018 36101 18685 13450 465125 18685 85 13450 206890 43690 465125 18685 34 13450 18685 145802 19018 18685 13450 19018 170 85 18685 18685 18685 19018 19018 19018 727402 18685 18685 170 1450 19018 19018 18685 87290869 34 18685 19018 13450 18685 36101 170 36101 13450 170 18685 18685 19018 18685 465125 13450 18685 370 19018 18685 18685 36101 19018 170 170 19018 19018 18685 3145 145802 18685 18685 13450 18685 465125 85 34 14685337 18685 18685 19018 465125 18685 85 19018 34 85 34 145802 13450 19018 19018 13450 18685 170 18685 18685 18685 18685 18685 85 18685 1450 19018 18685 36101 18685 3145 3530 13450 54434 18685 19018 36101 18685 85 13450 370 19018 13450 18685 18685 19018 13450 13450 18685 34 36101 170 18685 19018 19018 34 18685 18685 34 170 18685 13450 18685 19018 19018 13450 13450 19018 18685 18685 19018 19018 18685 18685 18685 34 18685 18685 19018 170 34 18685 18685 18685 18685 18685 18685 19018 18685 18685 18685 18685 34 18685 13450 19018 13450 170 51850 13450 54434 19018 13450 36101 19018 18685 19018 36101 18685 170 18685 19018 18685 18685 18685 18685 18685 18685 18685 34 170 170 13450 1018145 18685 18685 370 19018 5657525 170 17475874 36101 18685 170 34 18685 19018 19018 19018 18685 18685 3145 18685 18685 85 19018 170 19018 13450 13450 19018 5657525 36101 13450 13450 18685 18685 34 19018 18685 18685 13450 18685 85 34 18685 18685 14852170 19018 19018 36101 36101 18685 465125 34 36101 13450 13450 18685 19018 13450 19018 1450 1018145 19018 170 13450 
46085 46085 116650 46085 49010 36101 49010 46085 49010 49010 49010 49010 46085 46085 36101 800005 49010 49010 36101 49010 49010 36101 13450 49010 309137 4850 49010 49010 102154 800005 46085 46085 46085 157625 309137 46085 46085 49010 102154 465125 46085 46085 4850 49010 49010 13450 46085 49010 85 46085 4850 49010 49010 49010 46085 85 49010 49010 49010 46085 46085 46085 49010 49010 157625 46085 46085 4850 46085 46085 21785 102154 36101 49010 46085 46085 4850 46085 36101 157625 36101 4850 46085 49010 46085 819202 46085 49010 157625 36101 49010 46085 46085 19018 49010 36101 85 157625 49010 4850 46085 46085 46085 49010 46085 157625 4850 49010 157625 4850 46085 19018 49010 970 46085 970 49010 970 46085 36101 85 49010 102154 46085 46085 46085 46085 157625 49010 4850 18685 46085 49010 46085 800005 970 157625 46085 49010 309137 46085 49010 49010 85 157625 46085 49010 19018 46085 819202 4850 85 46085 49010 49010 49010 10585 309137 24502501 654985 49010 46085 46085 46085 49010 46085 1802 49010 85 46085 4850 36101 46085 4850 46085 85 49010 309137 46085 46085 157625 49010 49010 46085 46085 18685 49010 49010 46085 46085 36101 49010 873970 46085 46085 46085 4850 49010 36101 49010 4850 18685 46085 36101 49010 13450 49010 46085 46085 46085 46085 49010 49010 49010 36101 4850 49010 49010 49010 679730 49010 157625 157625 819202 36101 538645 85 46085 49010 4850 10 36101 46085 654985 49010 465125 102154 49010 10 800005 49010 49010 46085 49010 46085 13450 49010 18685 157625 157625 102154 49010 49010 36101 46085 46085 873970 49010 873970 157625 49010 157625 17288965 35356985 13450 36101 49010 46085 85 157625 13450 819202 46085 49010 49010 4850 4850 4850 49010 46085 157625 4850 49010 46085 157625 17288965 49010 46085 49010 13450 46085 46085 49010 46085 4850 49010 157625 157625 4850 46085 4850 46085 157625 36101 49010 36101 309137 46085 4850 49010 49010 46085 46085 49010 654985 46085 46085 46085 157625 157625 10 4850 46085 46085 4850 157625 46085 49010 309137 157625 46085 49010 46085 36101 49010 46085 46085 4850 46085 49010 46085 46085 46085 49010 5834825 85 49010 46085 46085 46085 4850 46085 49010 4850 46085 49010 46085 49010 49010 426890 157625 49010 49010 36101 49010 49010 157625 49010 46085 4850 46085 19018 21785 49010 4850 157625 49010 49010 49010 36101 4850 46085 815813 46085 46085 141244597 49010 1802 49010 49010 36101 49010 46085 46085 49010 49010 157625 46085 49010 
220505 202 1717 46085 1717 2594 1717 940325 46085 1717 1717 136085 136085 2594 202 505 202 202 17942090 202 202 505 2594 55114 46085 85 202 202 1717 136085 202 202 7527530 202 85 1717 2594 1717 6290 2594 686450 1717 1717 85 2594 6290 1717 1717 46085 13450 46085 46085 36101 2594 202 202 1717 2594 2594 2594 1717 1717 202 46085 202 202 202 202 1717 2594 505 85 136085 1717 505 13450 465125 2594 6290 2594 202 220505 46085 13450 202 36101 36101 2594 202 36101 1717 505 1717 2594 1717 1717 505 136085 202 46085 1717 505 36101 1717 63370 2594 2594 136085 1717 1717 3838498 686450 46085 1570 85 1717 36101 220505 6290 85 1717 1717 18685 1717 136085 202 202 2594 220505 202 6290 1717 46085 1717 3838498 1717 136085 2594 1717 1717 36101 202 36101 1717 1717 940325 46085 202 1717 46085 1717 2570 13450 85 202 13450 46085 202 19018 2594 46085 19018 202 1717 202 1717 1570 1717 136085 202 505 36101 1240025 46085 1717 13450 1717 1717 2594 2594 46085 202 1717 46085 1717 36101 2594 1717 55114 136085 2594 46085 46085 2594 1717 36101 1717 18685 465125 505 202 46085 202 136085 36101 2594 202 55114 202 202 36101 1717 36101 1717 202 1717 1717 46085 1747250 46085 202 85 38024485 1717 18685 202 1717 202 202 202 1717 1717 46085 1717 1717 202 18685 1717 202 13450 202 2594 6290 1717 36101 85 1717 1717 136085 465125 202 3838498 63370 136085 36101 940325 36101 1717 1717 202 1717 2594 1717 46085 85 1717 940325 2594 36101 1717 46085 1717 202 46085 1717 202 2594 2594 1717 1717 85 1717 202 465125 46085 1717 6137170 202 46085 1717 36101 18685 46085 202 13450 1717 202 1717 1717 2594 1717 36101 2594 505 85 434314 505 85 1717 136085 2594 46085 1717 1717 1717 1717 1717 1717 465125 1717 46085 85 46085 1717 13450 46085 36101 2594 46085 1717 13450 1717 18685 202 1717 202 13450 505 1717 202 1717 1717 136085 202 1717 202 202 136085 1717 55114 1717 2979925 240101 2178005 1717 202 46085 202 46085 55114 220505 2594 1717 1717 136085 1240025 46085 202 505 36101 46085 36101 1717 2594 1717 46085 202 202 434314 1717 434314 46085 55114 136085 46085 36101 1717 136085 1717 1717 2594 1717 2594 6290 1717 202 1717 1717 1717 6290 1717 46085 1717 46085 1717 1717 36101 505 2594 36101 63370 505 240101 202 220505 1717 1717 46085 940325 202 46085 6290 202 46085 46085 2594 505 46085 202 202 202 940325 202 1717 202 6290 36101 202 202 202 2594 940325 46085 202 46085 1717 85 2594 85 46085 2594 1717 202 1717 1717 46085 1717 136085 1717 1717 136085 202 2594 1717 1717 1717 1717 36101 2594 1717 202 136085 1717 85 6290 240101 
55114 3737 505 1717 3737 3737 1717 1717 1717 136085 3737 136085 2594 1717 202 136085 1717 220505 686450 202 1717 1717 1717 1717 3737 220505 505 3737 3737 2594 3737 1717 2594 1717 1717 3737 3737 1717 3737 202 3737 6290 1717 202 202 2594 3737 3737 202 1717 63370 2594 3737 1717 6290 202 3737 1717 202 1717 2979925 3737 1717 3737 240101 1717 2178005 6290 3737 1717 6290 1717 136085 136085 1717 3737 1717 1717 1717 55114 1717 1717 202 505 1717 1717 1717 136085 1717 136085 1717 3737 202 1717 1717 6290 1717 1717 202 202 3737 202 1272385 136085 136085 3737 136085 3737 136085 202 3737 3737 202 1717 2594 202 3737 3737 2594 55114 3737 3737 5270770 3737 505 1717 202 2979925 1717 2325625 136085 202 2594 3737 1717 3737 136085 1717 1717 505 6290 2594 1717 202 136085 202 3737 1717 1717 1717 136085 3737 1717 202 505 1717 1717 1717 5902450 136085 3737 3737 1717 1717 6290 3737 107650 3737 2594 136085 1717 1717 3737 1717 136085 505 1717 1717 3737 63370 10983050 3737 240101 1717 505 136085 2594 2979925 1717 1717 3434 202 202 1717 136085 53650 1717 1717 505 505 3737 202 1717 1717 3737 202 2594 3737 2594 3737 136085 1717 3737 1717 202 1717 1717 2594 3737 1717 202 3737 1717 2178005 1717 3737 3737 3737 220505 3737 3737 1717 2594 2594 
2657525 202 19018 85 465125 36101 19018 465125 85 18685 85 465125 13450 51850 4460545 85 19018 85 36101 85 36101 85 85 36101 19018 85 85 19018 36101 465125 85 2513570 65650 85 85 19018 1058005 36101 19018 36101 85 19018 85 85 19018 85 36101 36101 85 19018 85 36101 36101 465125 85 85 85 19018 2657525 80813393 19018 36101 465125 465125 19018 465125 36101 85 85 19018 85 695185 36101 19018 36101 85 36101 85 85 85 13450 85 36101 170 36101 19018 19018 170 85 18685 465125 85 19018 19018 85 36101 19018 19018 36101 3145 3145 36101 85 2513570 19018 36101 239434 2513570 19018 2513570 36101 85 85 465125 170 465125 465125 85 85 19018 85 19018 85 36101 85 239434 85 465125 170 85 85 85 85 170 85 85 85 36101 19018 85 19018 36101 74 239434 36101 85 15596425 1058005 36101 85 85 19018 26179250 36101 85 85 85 85 85 465125 19018 85 465125 85 7086245 19018 85 19018 239434 85 85 85 85 85 10730 4460545 8825 85 85 19018 19018 85 36101 36101 19018 85 19018 85 19018 85 85 465125 13450 36101 85 85 19018 36101 465125 19018 85 36101 19018 19018 202 19018 19018 85 19018 19018 465125 36101 85 19018 85 85 239434 85 36101 36101 85 19018 36101 85 4753970 465125 85 19018 85 85 465125 85 85 85 85 465125 465125 85 19018 19018 85 85 85 465125 36101 465125 465125 36101 85 19018 13450 85 465125 85 85 174929525 85 85 85 36101 36101 19018 370 19018 65650 85 85 85 19018 2480725 85 85 85 19018 465125 19018 465125 85 3145 85 34 19018 85 13450 465125 65650 3145 465125 36101 65650 19018 19018 465125 85 36101 3849850 36101 19018 13450 465125 19018 36101 36101 85 85 85 85 19018 85 19018 85 170 85 19018 85 465125 85 85 36101 85 85 184325 85 13450 36101 202 85 85 3145 36101 465125 85 85 19018 85 36101 36101 85 36101 129231425 85 85 19018 170 85 85 85 36101 19018 85 36101 3145 85 85 85 85 85 695185 19018 85 13450 85 85 239434 85 85 85 36101 36101 19018 85 370 85 19018 85 85 202 85 19018 85 19018 202 239434 239434 465125 85 85 19018 85 21234250 36101 465125 19018 239434 85 19018 85 85 19018 85 465125 85 85 85 202 85 36101 465125 465125 36101 85 85 65650 19018 19018 19018 3849850 170 85 85 85 202 36101 36101 695185 85 85 19018 36101 85 85 85 85 465125 19018 85 85 85 19018 3849850 36101 85 3849850 85 170 3145 85 19018 5657525 465125 13450 465125 85 370 85 19018 85 85 85 13450 13450 239434 19018 19018 85 85 19018 2513570 36101 85 85 85 13450 85 184325 85 3849850 85 36101 107164802 465125 85 85 85 85 85 19018 85 18685 85 36101 85 239434 465125 465125 19018 19018 36101 370 465125 85 85 85 465125 85 19018 8825 85 19018 85 239434 36101 85 36101 239434 36101 36101 85 36101 370 465125 19018 85 19018 85 85 465125 85 13450 19018 85 19018 13450 370 19018 170 36101 19018 36101 85 36101 36101 19018 85 36101 85 182002 85 85 85 85 85 184325 36101 85 465125 13450 85 465125 465125 85 85 465125 19018 
4357 4357 465125 239434 85 85 4357 85 465125 239434 4357 1654865 4357 290 465125 1765 36101 85 4357 4357 36101 85 85 36101 85 85 239434 16825 65650 4357 4357 465125 239434 4357 85 202 202 4357 85 10240490 2657525 19018 85 85 85 85 16825 85 85 85 4357 85 3723850 16825 85 36101 4357 85 4357 36101 85 4357 85 36101 85 85 4357 239434 85 85 36101 36101 85 16825 36101 85 85 36101 16825 85 85 85 16825 85 36101 85 85 85 29253025 465125 85 85 4357 4357 85 85 85 85 10730 36101 465125 65650 36101 36101 129785 4357 465125 36101 465125 85 4357 16825 85 16825 85 85 36101 36101 85 85 4357 85 465125 85 85 36101 4357 85 85 36101 85 36101 465125 695185 465125 65650 85 13450 19018 36101 85 36101 4357 1654865 85 36101 85 85 4357 465125 4357 85 85 85 36101 85 16825 1058005 239434 4357 4357 85 85 36101 85 85 4357 465125 5674685 85 85 85 85 85 16825 36101 16825 4357 85 465125 36101 465125 36101 29253025 1654865 85 85 465125 4357 85 4357 465125 4357 4357 4357 85 4357 36101 85 
202 8245 8245 202 202 8245 8245 202 202 202 8245 8245 202 101 8245 240101 8245 202 286565 202 202 202 1746485 202 8245 202 8245 8245 202 8245 456977 8245 202 101 101 202 202 202 8245 1450 8245 202 8245 8245 101 101 202 8245 101 202 101 8245 202 8245 286565 101 8245 202 202 101 2672930 8245 202 202 101 202 202 202 202 2514725 8245 202 101 101 8245 101 8245 202 8245 28995829 202 202 8245 8245 190450 456977 8245 202 202 202 202 202 202 202 2514725 202 286565 8245 8245 101 202 180505 202 101 101 202 202 202 202 15152525 202 101 202 202 101 202 8245 202 240101 286565 2514725 202 202 456977 101 202 28995829 286565 286565 286565 8245 202 101 8245 202 286565 202 101 202 8245 456977 8245 8245 286565 8245 202 202 202 456977 202 202 5270770 8245 101 202 101 456977 202 1018145 240101 202 202 8058674 202 202 202 74 202 202 101 202 202 101 101 29584010 202 202 286565 190450 101 8245 202 8245 8245 202 202 101 202 101 1018145 202 8245 202 202 156658 202 202 101 202 101 101 202 202 101 8245 286565 202 202 202 202 8245 202 101 8245 202 1018145 202 202 202 202 202 286565 101 101 202 8245 8245 202 8245 8245 101 8245 202 8245 202 29920901 202 202 202 202 8245 202 8245 8245 8245 8245 202 1450 202 8245 101 202 8245 202 202 202 202 1332970 202 286565 202 202 8245 101 202 202 190450 202 101 8245 456977 8245 8245 77450 202 240101 456977 101 8245 202 202 8245 286565 8245 77450 202 202 202 202 286565 202 202 8245 202 202 286565 8245 286565 202 202 202 202 202 202 8245 8245 202 1018145 202 202 101 202 456977 202 8245 101 8245 202 202 8245 240101 101 202 8245 101 202 202 101 785 202 8245 202 1018145 202 101 101 202 202 101 101 8245 202 101 101 202 101 101 8245 8245 202 8245 202 8245 202 8245 8245 1018145 202 202 8245 202 202 101 202 101 202 8245 286565 202 202 202 202 202 202 202 8245 202 202 101 202 286565 101 202 101 202 8245 8245 202 8245 202 202 8245 1332970 456977 8245 3396125 77450 202 8245 8245 785 202 202 202 8245 21353657 101 7393285 202 2672930 8245 101 202 286565 202 202 202 202 8245 8245 202 456977 202 8245 101 202 202 202 8245 180505 1450 202 202 8245 8245 8245 202 202 101 202 202 202 202 202 202 202 8245 202 202 4977785 202 8245 202 240101 202 286565 8245 1256785 202 1450 190450 202 202 8245 286565 202 456977 202 202 202 202 190450 202 8245 1450 202 8245 8245 202 1332970 101 202 101 202 8245 202 202 202 202 202 286565 202 202 8245 101 202 8245 202 8245 286565 8245 456977 202 202 202 202 101 8245 8245 101 101 8245 202 101 8245 
24050 6290 1258 1258 24050 49010 3737 3737 136085 136085 6290 3737 136085 3737 3737 2113145 3737 24050 1258 1258 3737 136085 3737 74 3737 3737 3737 49010 3737 3737 3737 3737 1258 3737 3737 49010 1258 1258 3737 6290 1258 1258 3737 3737 3737 3737 1258 3737 30432025 77450 3737 49010 3737 1258 49010 6290 6290 2594 6290 136085 74 3737 3737 136085 3737 2594 3737 1258 3737 1258 136085 1258 2594 1258 3737 3737 1258 1258 1258 136085 220505 2594 1258 3737 49010 1258 3197105 3737 3737 3737 3737 3737 49010 136085 6290 3737 3737 3737 1258 3737 24050 49010 1258 1258 1983050 3737 119596097 3737 3737 3737 3737 6290 2113145 3737 136085 1258 3737 3737 1258 107650 2594 6290 1258 136085 1258 1258 1258 6290 1258 3737 2594 3737 2594 1258 3737 24050 3737 1258 3737 3737 3737 7850785 24050 49010 1258 3737 1258 3737 3737 3737 3737 136085 1258 24050 2594 3737 468469 3197105 3737 1258 3737 136085 2113145 136085 1258 3737 2113145 24050 3737 24050 3737 1258 1258 3737 1258 1258 1258 2113145 2113145 3737 1258 3737 1258 3737 1258 2113145 3737 3737 3737 24050 1258 3737 3737 1258 3737 136085 3737 136085 1258 1258 3737 1258 1258 3737 3737 1258 3737 1258 1258 1258 136085 136085 1258 1258 3737 3737 3737 1258 3737 1258 1272385 220505 49010 3737 3737 49010 3737 1258 1258 3737 3737 49010 3737 136085 3737 1258 49010 3737 1258 3737 468469 2113145 24050 1258 1258 136085 3737 3737 1258 3737 49010 3737 1258 3737 1258 3737 3737 1258 3737 3737 3737 12985450 49010 3737 1258 1258 3737 3737 1258 3737 6290 1258 1258 136085 2594 24050 24050 1258 220505 3737 3737 468469 3737 3737 6290 77450 1258 49010 24050 49010 3737 396610 3737 3737 220505 3737 24050 3737 3737 1258 3737 55114 1258 3737 3737 3737 136085 1258 3737 2594 1258 49010 3737 2113145 74 1258 3737 3737 3737 49010 3737 3737 3737 3737 3737 3737 6290 3737 3737 3737 3737 1258 1258 3737 3737 3737 3737 3737 3737 3737 136085 1258 49010 3737 1258 24050 1258 136085 12517445 1258 2979925 136085 1258 2594 3737 1258 1258 1258 3737 3737 1258 3737 1258 1258 6290 3737 3737 6290 1258 2594 3737 3737 24050 3737 3737 1258 
1258 27217 3737 1258 188065 1258 27217 188065 1258 1258 3737 27217 1258 1258 1258 1258 1258 3737 1258 49010 3737 188065 1258 55114 27217 3737 1258 24050 49010 1258 1258 3737 1258 3737 3737 24050 1258 1258 1258 27217 1258 1258 1258 49010 1258 3737 1258 49010 3737 188065 1258 24050 538645 3737 3737 3737 1258 3737 1258 1258 3737 27217 1258 3946465 1258 1258 290 24050 3737 27217 188065 27217 24050 188065 1258 3737 27217 1258 1258 1258 538645 188065 1258 3737 49010 24050 2281250 27217 1258 1765 3737 49010 27217 3737 1258 3737 1258 3737 49010 1258 3737 1258 188065 188065 312505 3737 188065 538645 27217 3737 1258 1258 3737 538645 3946465 3737 27217 27217 3737 1654865 3737 3737 49010 1258 3737 1258 3737 1258 3737 77450 3737 468469 3737 1258 27217 49010 49010 2281250 3737 3737 188065 2876417 1765 188065 1258 3737 1654865 3737 27217 1258 865930 27217 1258 188065 3737 1765 27217 3737 27217 27217 3737 169010 3737 3737 3737 1258 188065 1258 1258 3737 3737 1258 1258 188065 49010 3737 2876417 27217 188065 1258 188065 1258 3737 49010 538645 3737 49010 49010 3737 188065 3946465 188065 188065 49010 1258 1258 49010 1258 1654865 1258 1258 5674685 3737 3737 49010 1258 3737 49010 3737 3737 27217 1258 1258 3737 1258 1258 49010 1258 188065 49010 169010 3737 188065 3737 3737 24050 24050 3737 3737 188065 188065 24050 3197105 1258 188065 27217 49010 3737 3737 49010 3737 1258 8702794 24050 3737 3737 24050 3737 24050 3737 35324825 1258 3737 24050 1258 27217 468469 24050 49010 3737 3946465 3737 3737 2517770 1258 188065 3737 3737 188065 188065 3737 3737 1258 3737 3737 3737 1258 49010 1765 74 3737 1258 3737 24050 188065 3737 3737 3737 1258 169010 188065 1258 3737 3737 1258 1258 3737 538645 188065 3737 538645 3737 3737 3737 1258 188065 24050 34546210 3737 27217 24050 188065 1258 1258 3737 2876417 49010 3946465 3737 3737 188065 3737 27217 1258 3737 2132650 1258 3737 188065 24050 24050 188065 1258 188065 1258 2876417 3737 1258 188065 1258 538645 27217 1258 1258 188065 1258 188065 1258 3737 188065 3737 188065 339865 27217 1258 3737 1258 188065 24050 2876417 3737 1258 1258 3737 5674685 3737 3737 3737 1258 24050 188065 1258 3737 3737 24050 49010 3737 188065 1258 1258 1258 1258 27217 1258 27217 1258 27217 49010 1258 49010 49010 3737 3737 1258 1258 2876417 49010 3737 1258 1258 24050 1654865 1258 3737 188065 3737 3737 3737 3737 188065 188065 188065 27217 49010 468469 188065 3737 3737 1258 538645 1258 1258 188065 3737 3737 1258 1258 27217 1258 1258 1258 24050 49010 74 1765 1258 1258 1765 3737 3737 1258 49010 188065 188065 1258 1258 3737 24050 188065 188065 24050 3737 188065 1258 1258 188065 1258 1258 1258 1258 49010 2876417 3737 3737 1258 1258 3737 3737 169010 24050 
61217 112897 170 61217 170 170 170 61217 170 170 170 170 170 170 112897 170 5896985 170 4488010 170 170 170 170 170 170 112370 170 170 112370 170 170 11289601 170 170 170 170 170 170 12446785 61217 112897 170 4066954 170 170 170 170 170 170 170 170 170 170 2570 1050905 170 170 170 170 170 170 170 1050905 170 170 170 170 170 61217 170 170 282451285 170 170 170 170 170 1050905 112897 170 112370 170 170 170 170 170 170 170 170 170 170 170 170 170 170 170 112897 170 170 170 170 170 170 170 170 170 170 170 170 170 1050905 112897 170 170 170 170 170017 170 170 170 170 170 170 170 122434 170 170 170 170 170 170 170 170 170 170 170 170 170 112897 170 170 170 170 61217 170 170 170 170 1050905 170 122434 170 170 170 112897 170 170 170 170 170 170 170 170 170 170 1050905 170 170 170 170 170 11289601 170 59170 170 170 170 170 112897 170 170 170 170 170 170 170 170 170 61217 170 170 170 170 170 11289601 122434 170 170 170 170 170 170 170 170 170 170 1050905 40269125 170 170 170 170 170 170 170 170 170 170 170 122434 170 170 112897 170 170 170 170 170 170 170 1050905 170017 170 170 170 170 170 170 112897 170 112370 59170 170 112897 61217 170 170 170 170 170 59170 170 170 170 170 170 170 170 170 170 170 170 182002 122434 170 170 170 1050905 170 170 61217 170 170 170 170 170 170 170 112897 170 170 170 170 170 170 55114 170 170 170 170 170 170 170 170 170 170 1358450 170 170 170 170 170 170 61217 61217 170 170 170 170 170 1050905 170 112897 170 61217 170 170 122434 170 170 170 170 170 170 170 170 170 170 170 170 170 170 170 170 170 122434 170 170 170 170 170 170 170 170 170 
72901 202 29045 72901 72901 56380825 29045 4369 202 142885 72901 170 2425 29045 72901 3925 4251845 110245 72901 2425 2185625 2425 72901 110245 72901 3925 72901 72901 463114 72901 2425 29045 29045 2425 29045 29045 4369 72901 3737 142885 3925 110245 184901 29045 72901 3925 3925 72901 72901 876097 72901 2425 463114 3536425 142885 2425 72901 2425 4369 72901 29045 2425 110245 72901 2425 2425 72901 3925 72901 3925 3925 4369 463114 72901 463114 51914 72901 4369 72901 72901 72901 2425 8585 3925 72901 72901 29045 2425 876097 8585 3925 72901 4369 2425 72901 8585 72901 29045 2425 463114 72901 72901 29045 72901 29045 170 72901 72901 72901 63845002 72901 72901 29045 72901 29045 72901 202 72901 2425 248965 876097 29045 2425 72901 72901 29045 72901 876097 72901 72901 649802 72901 463114 72901 29045 29045 4369 176290 29045 876097 3925 72901 72901 72901 72901 3925 72901 3737 29045 72901 72901 72901 72901 4755530 29045 72901 72901 3925 3925 4802045 2185625 72901 72901 1664650 3925 3925 72901 4369 29045 72901 29045 184901 463114 72901 4369 2425 72901 29045 2425 202 3925 4369 29045 72901 463114 4369 72901 72901 72901 29045 2425 72901 202 184901 3925 3737 29045 876097 876097 463114 72901 72901 714425 72901 72901 202 4369 202 3737 3737 3925 72901 72901 142885 72901 3925 2425 72901 3925 2425 2425 29045 17070010 29045 142885 463114 2185625 2425 142885 4369 3925 876097 3925 876097 72901 72901 72901 3925 3925 72901 2425 2425 4369 72901 876097 4369 72901 463114 2425 3925 2425 2425 29045 142885 29045 72901 142885 7850 72901 2425 2185625 2425 72901 72901 72901 202 29045 3925 184901 4369 72901 2425 72901 72901 29045 72901 72901 2425 72901 72901 3925 2425 142885 2425 72901 72901 876097 1923545 72901 29045 72901 2425 29045 29045 72901 72901 29045 72901 4369 876097 72901 2425 2425 29045 2425 170 72901 2425 2425 3925 876097 29045 3925 34 72901 72901 72901 72901 72901 72901 29045 110245 3925 72901 72901 72901 2425 2425 463114 176290 3925 110245 2425 4369 876097 2425 29045 184901 72901 72901 2425 72901 72901 72901 2425 3925 72901 184901 4369 142885 29045 29045 29045 10293925 29045 2425 2425 72901 7202 72901 2425 72901 2425 72901 2425 72901 110245 4369 876097 72901 184901 2425 184901 29045 1923545 2425 72901 4369 72901 3723850 29045 72901 72901 4369 13744585 72901 876097 202 2425 4369 72901 110245 72901 72901 463114 4369 29045 2425 3925 29045 72901 72901 3925 3925 202 29045 3925 72901 2425 2425 72901 3925 72901 72901 110245 4369 29045 72901 29045 202 72901 72901 202 29045 2425 4369 110245 3925 4369 72901 2425 72901 29045 1665490 142885 72901 2425 29045 176290 72901 142885 7850 72901 29045 29045 72901 3723850 3925 2425 72901 2425 1664650 72901 72901 176290 29045 184901 72901 72901 142885 29045 2425 463114 72901 72901 8585 2425 72901 4369 72901 72901 184901 4369 876097 184901 29045 29045 72901 72901 72901 2425 2425 29045 3925 2425 810485 2425 72901 72901 72901 3925 2425 876097 29045 4369 29045 8585 3925 3925 72901 72901 72901 29045 202 110245 29045 184901 142885 72901 72901 72901 2425 29045 463114 142885 2425 72901 4369 463114 4369 3925 72901 29045 463114 176290 29045 72901 72901 3925 3925 72901 29045 72901 110245 4369 72901 29045 202 29045 29045 2425 29045 72901 142885 72901 184901 3925 2425 184901 72901 110245 72901 202 72901 3925 876097 876097 29045 72901 72901 72901 4369 202 110245 3737 3925 29045 72901 72901 72901 876097 4369 29045 142885 2425 29045 29045 202 4369 2425 2425 184901 72901 3723850 51914 110245 72901 29045 4369 72901 
17 12325 17 9802 9802 9802 17 1717 161209 2106385 12325 12325 7474 10 9802 2425 161209 1717 17 17 17 17 17 17 1717 17 17 17 9802 10 17 1717 9802 17 12325 17 12325 9802 2425 17 17 17 9802 10 9802 884425 17 2425 202 1002530 17 202 17 17 17 1889849 1717 89725 12325 9802 17 48674 12325 12325 2425 89725 17 1717 17 1717 9802 17 17 17 17 9802 9802 1717 1717 10 2106385 89725 161209 1002530 89725 17 17 10 7474 1002530 1889849 17 17 7474 17 190450 12325 9802 1002530 9802 1002530 17 9802 17 17 17 10 12325 17 884425 17 10 12325 17 17 12325 17 17 17 17 17 10 10 17 9802 10 17 17 17 12325 43690 17 1002530 12325 17 12325 17 1002530 17 9802 1889849 17 17 12325 17 17 17 10 17 17 9802 17 17 17 17 161209 12325 1889849 30425 10 10 9802 1717 17 17 89725 2425 9802 2425 2425 9802 9802 1717 1924925 12325 17 9802 17 17 9802 17 9802 17 12325 17 1717 9802 17 1717 9802 2425 9802 17 9802 1889849 1717 9236825 10 17 9802 12325 12325 89725 9802 12325 9802 17 1717 1717 2425 9802 17 1002530 12325 2425 17 17 1889849 12325 17 1717 17 17 2425 17 17 12325 1717 865930 12325 1002530 17 2425 12325 17 9802 1717 202 2425 12325 9802 2106385 17 9802 865930 12325 12325 17 9802 884425 2425 17 17 17 9802 1717 12325 9802 17 1717 9802 17 1717 9802 1002530 12325 17 2106385 884425 1889849 9802 2425 17 1002530 17 202 17 12325 12325 17 12325 12325 7474 9802 12325 2425 12325 10 12325 12325 17 9802 17 9802 12325 43690 9802 12325 17 17 17 17 12325 175760650 2425 202 65650 884425 865930 1889849 1002530 1717 9802 17 12325 12325 17 12325 48674 17 161209 9802 9802 9802 12325 17 17 17 161209 12325 10 2425 1002530 115202 5866085 17 12325 151580185 12325 2425 12325 12325 89725 1002530 9802 12325 12325 9802 17 17 89725 17 12325 2425 2425 2425 17 17 17 17 2425 2425 17 12325 9802 2425 12325 17 17 12325 12325 89725 1717 17 17 12325 9802 115202 9802 89725 17 2425 17 202 17 9802 9802 10 9802 17 5866085 9802 17 17 17 17 89725 1717 12325 17 1002530 48674 12325 12325 17 9802 7474 202 202 1889849 161209 
29045 17 10405 17 17 17 29045 72901 110245 29045 29045 29045 10405 10405 2425 273205 29045 17 2425 29045 17 29045 202 29045 17 17 29045 29045 17 10405 170 110245 29045 202 17 72901 72901 29045 110245 17 459850 22147645 2425 714425 29045 29045 29045 29045 17 29045 10405 17 17 29045 17 273205 2425 17 17 463114 202 17 10405 29045 2425 29045 170 72901 110245 17 29045 463114 17 10405 17 17 29045 17 10405 29045 72901 17 10405 17 29045 17 17 29045 17 273205 29045 10405 29045 170 2425 10405 2425 2425 29045 17 17 10405 714425 10405 72901 463114 35804885 29045 17 17 17 17 17 29045 29045 72901 29045 10405 10405 10405 110245 17 17 17 2425 17 17 17 29045 17 17 72901 29045 10405 29045 29045 3197105 3396125 29045 10405 17 17 459850 273205 463114 10405 202 17 110245 3207154 459850 17 72901 202 17 110245 17 29045 273205 29045 17 110245 110245 29045 29045 17 72901 29045 17 17 17 202 17 29045 10405 10405 463114 72901 459850 10405 29045 17 2185625 17 17 10405 10405 10405 202 72901 17 72901 176290 29045 110245 10405 17 1040650 17 17 3737 29045 10405 29045 17 17 17 29045 29045 10405 29045 17 17 10405 459850 29045 29045 29045 29045 72901 72901 17 17 170 29045 29045 72901 29045 10405 29045 29045 110245 10405 17 3723850 17 17 72901 29045 459850 1919249 29045 72901 714425 459850 29045 17 17912050 459850 4850 202 29045 10405 29045 170 29045 10405 17 17 2185625 10405 29045 29045 29045 29045 202 17 2425 29045 17 17 
202 8245 101 1717 240101 202 505 8245 202 202 8245 286565 202 286565 8245 202 202 202 1717 202 202 202 55114 361010 505 101 101 8245 505 77450 74 202 8245 1717 286565 202 8245 1717 286565 505 202 202 202 202 202 202 202 202 8245 202 8245 1332970 1717 1746485 202 202 101 202 202 8245 202 202 8245 202 8245 202 202 202 202 202 101 101 21170 202 8245 202 202 202 8245 101 12923530 202 101 202 1717 202 505 202 202 202 1717 8245 202 202 101 202 202 202 202 101 202 202 202 202 77450 1450 101 202 202 202 202 202 202 202 8245 202 202 202 55114 202 202 8245 202 8245 202 1717 202 202 8245 8245 361010 101 202 101 202 5834825 1717 202 8245 8245 202 1717 1717 505 101 202 286565 101 1717 202 456977 8245 8245 286565 202 8245 202 1717 202 372177845 286565 24893570 8245 1717 202 505 202 1450 202 31222837 202 202 505 101 202 202 286565 202 8245 55114 1717 202 8245 202 202 202 101 202 202 202 28995829 1717 202 74 202 10936250 202 1717 202 8245 202 202 8245 8245 1717 77450 8245 202 505 202 1717 202 505 202 4977785 286565 8245 8245 202 8245 202 202 77450 8245 8245 8245 202 505 
170 18685 170 170 18685 18685 18685 170 34 18685 170 18685 170 170 18685 18685 18685 727402 170 1620970 170 18685 170 170 727402 18685 170 18685 145802 18685 170 34 170 31248101 170 170 13450 170 313378 18685 18685 18685 18685 170 18685 170 18685 18685 34 170 170 170 18685 170 18685 18685 13450 170 170 18685 170 13450 18685 170 18685 170 1050905 18685 170 18685 18685 34 170 727402 18685 18685 18685 18685 13450 170 170 18685 34 170 112370 13450 170 18685 170 170 18685 34 13450 170 170 18685 170 170 170 170 170 36101 170 170 727402 18685 170 18685 170 170 170 170 18685 170 18685 170 18685 170 170 170 14684225 170 170 18685 170 170 170 18685 170 170 18685 170 170 170 170 170 170 18685 170 170 18685 170 170 170 170 170 170 1450 170 18685 13450 170 18685 170 170 118474 18685 170 170 18685 18685 170 18685 727402 13450 1450 170 18685 170 170 34 34 18685 170 18685 34 170 170 170 170 170 170 18685 170 18685 170 13450 170 18685 170 43690 18685 170 170 170 18685 170 18685 34 18685 18685 18685 13450 170 170 170 18685 1018145 170 249010 727402 18685 18685 170 170 18685 170 18685 170 18685 18685 18685 18685 1010 34 170 170 170 13450 170 170 170 170 170 18685 170 13450 40269125 18685 112370 170 18685 18685 18685 18685 4930 18685 170 13450 34 18685 1050905 18685 34 18685 1450 18685 40269125 18685 170 170 18685 170 18685 170 170 170 34 13450 18685 112370 170 18685 170 18685 18685 170 170 1450 18685 170 13450 43690 170 18685 18685 170 34 170 170 18685 18685 170 170 170 170 18685 18685 18685 170 18685 463114 13450 961010 13450 112370 13450 720002 18685 18685 18685 170 18685 170 170 170 170 170 34 18685 18685 18685 13450 18685 34 170 170 18685 170 18685 18685 18685 170 18685 170 18685 170 170 170 170 170 18685 13450 18685 249010 170 727402 18685 34 170 170 18685 170 34 43690 170 262450 170 170 18685 170 18685 170 34 18685 145802 18685 
1570 18685 46085 18685 46085 170 31971050 18685 4802045 18685 46085 18685 46085 13450 18685 18685 18685 18685 170 22474 34 46085 18685 18685 18685 170 46085 1570 18685 46085 157625 120438965 170 170 18685 34 13450 18685 18685 18685 18685 18685 1010 170 18685 18685 18685 46085 18685 170 18685 46085 18685 18685 170 18685 170 2442050 679730 170 157625 18685 18685 170 48960034 170 157625 16386305 18685 4401605 13450 18685 34 18685 170 970 13450 170 21785 46085 18685 243370 18685 33200050 18685 170 18685 170 309137 18685 18685 275570 13450 34 18685 18685 170 170 18685 18685 170 18685 46085 18685 18685 170 18685 34 170 170 34 170 46085 18685 18685 170 46085 170 18685 18685 18685 46085 170 18685 46085 18685 46085 18685 46085 18685 46085 1570 18685 18685 16332850 18685 34 18685 46085 34 46085 118474 34 18685 13450 18685 17171717 18685 18685 18685 18685 9596245 46085 18685 18685 170 18685 170 1570 110245 170 18685 18685 18685 18685 170 18685 17171717 18685 34 46085 170 46085 157625 18685 13450 46085 18685 46085 18685 18685 34 18685 18685 18685 18685 157625 18685 18685 18685 157625 170 18685 34 18685 29184802 18685 18685 18685 157625 46085 13450 46085 18685 18685 18685 46085 34 275570 18685 170 18685 18685 
1570 18685 13450 51077 46085 170 51077 51077 18685 51077 46085 46085 18685 16386305 2570 170 18685 18685 9596245 18685 170 18685 18685 18685 51077 18685 2917265 18685 13450 170 1010 370 51077 149817601 46085 157625 13450 46085 46085 18685 1570 13450 13450 18685 903170 46085 46085 51077 46085 51077 13450 51077 2570 18685 18685 18685 46085 18685 18685 18685 18685 18685 51077 46085 170 13450 51077 46085 18685 13450 51077 2570 18685 51077 18685 170 18685 18685 46085 2570 46085 819202 18685 46085 51077 46085 18685 46085 51077 18685 120438965 51077 1570 46085 51077 51077 13450 18685 18685 1010 51077 1010 18685 46085 18685 1570 679730 13450 51077 46085 1570 46085 13450 1570 18685 18685 18685 51077 51077 170 18685 51077 170 46085 46085 29988170 18685 51077 51077 46085 46085 51077 370 46085 2917265 11803445 18685 46085 51077 18685 18685 46085 13450 46085 46085 970 18685 18685 1570 46085 18685 18685 46085 18685 970 1570 13450 2570 1010 51077 46085 170 1010 46085 51077 51077 170 18685 46085 18685 18685 18685 18685 51077 157625 18685 51077 46085 18685 46085 11803445 18685 18685 2917265 18685 13450 2917265 22474 1570 51077 18685 18685 18685 18685 18685 18685 18685 51077 51077 46085 18685 18685 170 18685 18685 18685 18685 51077 46085 51077 51077 51077 46085 170 18685 51077 51077 51077 51077 1570 51077 
36101 36101 18685 18685 18685 18685 19018 18685 36101 85 18685 36101 170 19018 18685 18685 19018 13450 85 36101 19018 370 18685 19018 3849850 85 463114 18685 36101 13450 13450 170 13450 18685 2480725 19018 465125 36101 36101 3849850 85 18685 13450 85 85 18685 13450 465125 85 19018 19018 36101 36101 465125 85 85 465125 465125 58204450 19018 85 18685 85 18685 85 85 85 145802 170 465125 465125 13450 465125 36101 465125 36101 18685 463114 85 18685 19018 202 19018 19018 18685 13450 36101 465125 85 18685 19018 18685 85 18685 19018 13450 18685 85 13450 19018 36101 173238245 36101 463114 42807385 85 24087050 36101 465125 85 85 85 18685 19018 85 18685 18685 18685 18685 85 18685 2513570 202 18685 19018 465125 465125 13450 36101 465125 3849850 19018 19018 465125 465125 19018 18685 36101 19018 18685 85 465125 36101 465125 13450 465125 85 18685 3145 465125 465125 18685 13450 85 19018 18685 3145 465125 465125 36101 36101 18685 18685 85 370 18685 19018 13450 370 170 19018 18685 19018 18685 465125 370 465125 18685 202 13450 85 85 85 13450 13450 13450 85 85 85 18685 18685 18685 18685 465125 820837 2742337 170 13450 85 19018 18685 13450 1058005 36101 13450 85 18685 85 19018 56871865 465125 3145 465125 3145 19018 202 36101 18685 465125 18685 13450 465125 202 18685 85 18685 3145 36101 18685 465125 170 19018 370 85 85 19018 36101 18685 36101 145802 18685 36101 19018 3145 18685 3145 18685 18685 85 13450 18685 85 2513570 465125 85 36101 36101 36101 465125 19018 85 36101 18685 202 42807385 85 19018 13450 170 18685 18685 85 85 85 19018 19018 13450 85 85 18685 19018 18685 85 465125 36101 85 13450 19018 18685 85 85 19018 18685 3145 19018 170 465125 19018 13450 465125 370 19018 36101 19018 18685 13450 85 19018 13450 85 36101 13450 18685 13450 85 463114 85 85 19018 465125 170 170 18685 465125 13450 18685 19018 13450 18685 18685 85 239434 36101 10730 36101 19018 18685 13450 18685 85 85 18685 465125 465125 3145 18685 465125 85 13450 13450 13450 85 85 85 18685 18685 85 18685 19018 129596389 18685 13450 19018 18685 18685 465125 36101 19018 36101 19018 85 85 202 85 13450 465125 85 
51077 157625 11803445 51077 51077 1258 51077 157625 1258 51077 2570 46085 46085 51077 46085 51077 51077 1258 51077 46085 10 51077 110245 51077 1570 102154 46085 51077 51077 51077 1258 46085 51077 16386305 1570 1570 2570 51077 51077 30399125 1010 183507050 51077 1010 46085 51077 51077 51077 1570 46085 1570 51077 10 1258 51077 46085 51077 51077 102154 309137 15716585 49010 46085 403490 46085 309137 46085 51077 970 46085 51077 46085 51077 46085 49010 46085 51077 51077 46085 51077 46085 46085 46085 157625 51077 51077 157625 46085 157625 51077 51077 22474 46085 46085 46085 1069085 46085 46085 51077 51077 309137 46085 1570 46085 679730 51077 46085 46085 51077 2570 10 46085 60810425 46085 46085 51077 46085 1010 51077 51077 46085 46085 46085 51077 46085 46085 46085 2570 46085 51077 16386305 51077 51077 46085 1010 157625 46085 46085 46085 46085 51077 1010 51077 46085 51077 51077 46085 46085 51077 51077 46085 819202 1570 46085 51077 46085 2570 1570 4401605 970 1570 51077 1570 51077 157625 35356985 309137 51077 51077 1258 51077 51077 51077 46085 1570 51077 46085 51077 10 10 309137 970 157625 46085 46085 51077 1010 51077 46085 46085 157625 10 46085 1701445 46085 110245 51077 157625 51077 51077 46085 1570 110245 49010 10 46085 157625 51077 
17 884425 1133458 17 12325 17 9802 89725 17 45002 12325 17 17 9802 17 17 17 9168970 720002 9802 17 17 17 17 17 17 17 9802 9802 9802 17 1002530 1002530 17 17 12325 17 17 17 12325 12325 43690 17 17 765034 17 17 17 17 17 9802 1889849 1258 12325 45002 89725 17 17 45002 43690 17 17 1002530 10 17 17 17 44513225 17 17 1258 17 1002530 17 9802 17 17 17 17 17 17 12325 1002530 12325 17 17 17 1258 17 9802 9802 12325 441010 1034450 45002 17 45002 17 17 17 12325 9802 17 9802 1066325 12325 10 17 10 1002530 17 17 9802 17 9802 17 17 17 17 9802 1002530 12325 17 12325 1258 17 17 9802 12325 1133458 45002 9802 17 17 45002 17 720002 17 17 17 17 17 9802 17 17 17 2106385 17 1258 9802 17 1002530 9802 89725 17 17 9802 17 12325 9802 10 17 17 45002 17 17 9802 17 17 17 9802 1002530 17 17 17 9802 12325 12325 1002530 7474 17 17 17 1258 9802 653225 17 12325 17 17 17 9802 12325 17 9802 12325 9802 17 18434 17 17 12325 720002 10 17 17 720002 17 884425 7474 17 17 6356597 17 12325 17 17 12325 17 17 12325 9802 9802 12325 9802 17 17 720002 17 17 17 12325 17 720002 17 17 17 17 9802 12325 10 9802 17 884425 17 12325 9802 17 45002 17 12325 12325 17 720002 1258 17 17 17 17 9802 17 89725 17 17 12325 17 89725 17 17 12325 1258 17 1002530 9802 10 17 17 13972645 884425 1258 17 17 9802 17 12325 17 17 17 17 17 10 12325 415874 1258 17 1383850 17 1002530 17 765034 17 1002530 17 679225 17 17 12325 17 9802 17 17 17 9802 1258 1002530 9802 17 9802 12325 17 10 12325 17 17 17 12325 679225 884425 43690 720002 12325 17 1002530 884425 17 45002 17 17 679225 12325 17 17 9802 17 17 17 865930 1002530 17 17 9802 17 89725 12325 12325 17 17 17 17 115202 17 9802 17 17 17 17 1002530 17 17 45002 10 17 17 17 17 9802 441010 17 17 45002 17 17 9802 17 17 17 10876805 9802 17 17 17 17 17 89725 1258 17 17 
170 45002 170 45002 45002 9168970 45002 17 170 17 45002 45002 170 45002 17 170 45002 10 170 170 170 17 61217 45002 17 17 170 45002 17 170 45002 170 767377 17 170 679225 1258 170 170 45002 170 45002 9802 9802 170 17 45002 679225 17 45002 17 3082729 170 61217 45002 45002 17 170 45002 17 170 17 17 261994 45002 17 17 170 17 170 170 45002 45002 170 26810645 720002 170017 170 170 61217 170 17 17 17 170 45002 170 170 170 9802 17 679225 170 17 170 170 720002 45002 17 170 17 17 61217 17 170 1258 45002 112897 45002 17 45002 170 61217 170 720002 17 45002 45002 170 45002 45002 170 112897 170 170 17 9802 170 17 45002 17 17 17 61217 17 17 61217 17 170 720002 170 17 1258 17 17 170 17 170 17 55114 17 170 679225 17 45002 45002 61217 45002 170 8140885 14086825 17 61217 170 17 61217 170 1258 679225 170 17 170 170 17 170 45002 45002 170 45002 170 170 115202 170 720002 45002 170017 45002 17 170 170 170 170 112897 170 43690 170 170 679225 45002 679225 45002 45002 17 170 170 17 17 170 170 170 17 112897 17 61217 170 45002 45002 17 112897 45002 170 170 17 170 17 17 61217 112897 17 679225 170 170 170 170 17 170 45002 170 17 170 170 45849890 170 720002 3082729 170 45002 17 98737717 170 170 61217 45002 30425 679225 17 45002 170 61217 170 17 1258 17 45002 170 441010 17 170 17 17 17 45002 1258 17 679225 170 720002 170 45002 112897 720002 679225 261994 17 170 17 21385802 45002 170 170 61217 17 17 45002 17 17 112897 170 45002 45002 1258 45002 679225 45002 170017 45002 45002 170 17 45002 45002 45002 170 170 9802 170 170 17 45002 170 170 45002 170 6708101 20848357 45002 17 45002 170 720002 17 679225 170 441010 170 45002 45002 170 170 45002 170 170 17 720002 17 170 679225 45002 45002 679225 45002 17 45002 1258 17 17 170 17 17 17 45002 45002 720002 112897 170 679225 17 170 45002 112897 17 45002 45002 45002 170 17 170 170 170 170 170 170 17 17 61217 170 679225 17 170 170 679225 170 720002 17 61217 61217 17 170 17 45002 170 21385802 17 17 170 17 45002 45002 170 170 170 45002 3597217 17 45002 21385802 170 17 17 45002 17 170 17 17 170 9802 17 17 45002 112897 61217 170 36942085 45002 45002 17 353942885 720002 61217 45002 17 170 17 170017 2570 45002 17 170 2700490 170 170 170 45002 17 17 170 170 170 679225 170 17 45002 170 45002 17 170 45002 170 45002 45002 679225 17 17 45002 45002 170 17 170 679225 24650 55114 17 17 17 17 45002 45002 170 45002 679225 17 17 17 1534754 170 167620505 679225 170 17 170 45002 170 17 45002 17 679225 45002 17 170 61217 45002 17 17 679225 45002 45002 17 45002 45002 170 43690 22638565 9168970 170 55114 17 170 45002 17 45002 17 61217 170 45002 17 17 170 170 9802 45002 45002 170 17 45002 17 17 720002 679225 170 45002 115202 170 170 170 17 45002 112897 170 45002 170 17 17 720002 170 45002 17 170 61217 45002 17 45002 
45002 170 61217 170 61217 170 67535525 34 34 3530 3530 170 1258 45002 34 170 3530 987530 34 45002 170 61217 170 170 61217 170 170 5365 170 170 34 3530 3530 5982917 61217 170 1258 5365 61217 3530 45002 170 55114 170 61217 170017 45002 34 17 34 3530 3530 170 170 45002 170 170 170 45002 170 45002 3530 3638050 12970 170 3530 170 4850 170 170 5365 112897 45002 3530 4850 45002 34 1665074 45002 170 3530 61217 170 4850 61217 3530 17 34 61217 45002 17 170 112897 45002 3530 170 34 5991050 170 45002 34 5365 34 3530 61217 3530 17 170 3530 3530 45002 18434 3530 170 170 170 170 3530 3530 170 987530 5270770 55114 45002 170 5365 170 61217 45002 3530 5365 45002 17 3530 170 987530 34 26810645 3530 170 5365 170 61217 3530 3530 17 77145925 45002 5365 5365 34 34 3530 170 61217 34 170 
465125 18685 85 18685 18685 18685 465125 18685 34 18685 85 19018 36101 3849850 370 18685 85 13450 4460545 465125 13450 19018 34 465125 36101 18685 18685 19018 465125 18685 13450 85 13450 51850 170 18685 36101 36101 19018 18685 18685 25456925 18685 19018 13450 85 18685 19018 18685 18685 36101 18685 19018 18685 85 85 313634 18685 18685 85 19018 19018 19014425 465125 19018 19018 19018 36101 18685 13450 465125 85 18685 18685 13450 18685 18685 18685 13450 465125 18685 13450 18685 18685 2513570 18685 3145 13450 465125 85 587480645 19018 19018 18685 13450 36101 18685 19018 18685 18685 3145 2480725 36101 18685 85 18685 13450 18685 13450 13450 85 18685 19018 19018 170 2513570 85 18685 19018 13450 51850 19018 18685 18685 145802 34 465125 18685 3145 85 465125 465125 19018 19018 34 465125 85 18685 19018 18685 18685 34 18685 465125 18685 19018 34 13450 36101 19018 18685 18685 36101 18685 18685 13525 13450 85 13450 18685 19018 85 18685 19018 19018 465125 18685 19018 13450 370 34 19018 85 19018 18685 370 465125 18685 18685 145802 51850 19018 85 18685 18685 19018 19018 18685 85 19018 18685 465125 19018 51850 18685 19018 36101 19018 19018 18685 465125 19018 36101 13450 19018 36101 170 85 19018 13450 18685 18685 13450 18685 19018 18685 18685 18685 18685 85 18685 465125 19018 18685 85 85 85 36101 18685 13450 465125 85 85 36101 18685 8825 370 13450 465125 85 85 85 2513570 18685 19018 19018 36101 85 3145 465125 19018 18685 19018 13525 2513570 170 36101 463114 13450 18685 18685 19018 465125 18685 36101 19018 19018 1450 19018 510770 1010 36101 36101 85 13450 85 465125 36101 19018 18685 465125 36101 13450 13450 13450 465125 85 13450 18685 18685 19018 18685 19018 19018 18685 19018 25456925 18685 2513570 18685 18685 13450 36101 36101 85 18685 85 85 36101 13450 19018 18685 34 18685 2513570 13450 19018 18685 85 85 18685 18685 465125 85 13450 36101 18685 19018 18685 19018 19018 19018 19018 19018 18685 18685 13450 85 19018 18685 170 465125 19018 13450 465125 18685 36101 
74 24026314 4357 188065 4357 27217 27217 188065 4357 2281250 74 188065 538645 4357 74 4357 2281250 188065 188065 4357 4357 4357 27217 74 4357 4357 27217 4357 4357 169010 74 4357 2517770 4357 115628305 4357 4357 4357 4357 188065 27217 1654865 188065 4357 4357 188065 188065 188065 74 74 4357 4357 188065 1654865 4357 4357 2281250 188065 169010 4357 150798401 2876417 188065 4357 4357 74 4357 4357 4357 74 188065 4357 4357 169010 4357 1654865 31945105 74 4357 4357 1227434 4357 4357 2876417 4357 4357 4357 1654865 4357 4357 4357 188065 188065 4357 4357 4357 4357 4357 74 4357 2281250 188065 4357 27217 4357 4357 4357 4357 4357 74 4357 4357 4357 16908125 4357 4357 3154177 27217 74 4357 74 4357 27217 188065 188065 1654865 74 188065 4357 1654865 74 2281250 27217 4357 1765 188065 169010 4357 4357 74 188065 2281250 2876417 4357 188065 4357 4357 188065 169010 188065 188065 4357 370 188065 27217 4357 1654865 4357 27217 2517770 4357 4357 4357 4357 27217 4357 4357 188065 4357 27217 74 169010 188065 1654865 188065 188065 27217 4357 74 4357 188065 27217 3946465 2876417 74 188065 188065 188065 1654865 4357 4357 188065 4357 4357 538645 538645 188065 1654865 188065 27217 4357 74 4357 1654865 4357 4357 74 4357 4357 74 188065 27217 188065 4357 188065 74 188065 188065 4357 4357 188065 4357 4357 27217 
3925 34 34 34 34 1179397 34 3925 34 1089010 34 34 34 3925 34 1179397 3925 3925 34 3925 3925 3925 3925 25925 3925 34 3925 34 8005 25925 34 103970 34 34 312505 34 34 3925 34 34 3925 27936485 3031865 3925 34 3925 34 34 3925 34 3925 3925 34 34 3925 34 312505 312505 2679625 3925 2679625 34 3925 3925 34 3925 312505 3925 34 34 34 34 312505 34 103970 34 3925 312505 34 3925 3031865 3925 34 25925 3925 34 312505 3925 3925 3925 34 25925 3925 34 34 8005 34 3925 34 34 3925 8005 34 3925 3925 3925 3925 34 1240025 3925 34 34 510770 8005 34 27050 103970 3925 8005 34 3925 8460050 34 25925 3925 8005 3925 34 3925 25925 25925 25925 25925 34 5551114 34 3925 312505 3414002 34 34 8005 8005 25925 34 25925 25925 25925 34 3925 3925 34 34 8005 3925 3925 34 34 3925 3925 34 3925 3925 16864289 3925 25925 1240025 25925 34 3925 34 2679625 8005 1089010 34 3925 34 3925 3925 34 25925 34 34 25925 312505 312505 3925 8005 34 34 3925 312505 34 34 34 34 34 3925 25925 3925 34 34 2490914 34 34 34 8005 25925 3925 34 34 3925 34 3925 3925 34 8005 3925 3925 25925 8005 3925 8005 8158685 34 34 312505 3925 312505 34 34 3925 25925 16773634 25925 34 34 8005 34 3925 34 34 3925 34 3925 34 3925 34 3925 34 8005 25925 34 25925 312505 34 312505 25925 34 34 3925 34 3414002 34 25925 3925 25925 3925 312505 34 6639370 34 3925 3925 3925 34 34 510770 34 34 3925 312505 34 3925 3925 25925 34 1179397 3925 34 3925 1240025 66725 25925 34 3414002 34 34 34 3925 34 34 312505 3925 312505 34 3925 34 34 3925 34 34 34 34 8005 910010 1174898 1179397 3925 34 8005 1179397 3925 3925 312505 3031865 34 1240025 312505 3925 3925 25925 34 3031865 34 34 34 8005 34 3925 34 34 312505 34 2679625 3414002 1179397 103970 3925 34 3925 8005 3925 34 108701477 34 34 34 34 3925 3925 3925 312505 34 3925 3925 34 312505 34 3925 34 3925 176290 3925 3925 34 3925 3925 3925 34 312505 34 3925 3925 34 34 34 3925 34 34 34 34 3925 34 3925 2679625 34 34 34 8005 3925 2679625 34 25925 3925 34 3925 8005 3925 25925 34 3925 34 3031865 34 34 34 312505 312505 24372050 34 2679625 312505 510770 3925 34 34 103970 1240025 312505 34 3925 34 3925 3925 34 3414002 3925 8005 34 25925 3925 3925 34 510770 1179397 3925 3925 34 34 34 103970 8005 3925 34 1179397 34 3925 3925 34 25925 25925 3925 34 8005 8005 34 34 3925 34 25925 25925 8158685 653050 34 3925 3925 34 3925 34 34 3925 3925 34 6528650 3925 8005 34 3925 312505 34 
29045 3925 10405 10405 29045 72901 72901 29045 29045 459850 10405 4850 72901 29045 2185625 3925 29045 10405 29045 273205 72901 29045 714425 10405 72901 72901 463114 170 273205 10405 29045 3925 2425 29045 10370 72901 29045 10405 10405 10405 10405 10405 463114 15317 3925 29045 29045 10405 170 110245 29045 10405 170 29045 10405 29045 463114 29045 463114 714425 29045 10405 10405 10405 10405 29045 10405 459850 10405 29045 29045 463114 29045 29045 29045 10405 170 10405 29045 29045 463114 29045 72901 170 10405 72901 72901 72901 10405 10405 29045 72901 10405 10405 10405 463114 10405 72901 110245 10405 10405 72901 29045 72901 10405 29045 29045 72901 15317 10405 29045 463114 10405 72901 29045 72901 3396125 29045 10405 459850 29045 29045 72901 10405 15317 3925 10405 29045 10405 463114 29045 10405 273205 10405 29045 29045 29045 10405 10405 10405 29045 10405 10405 29045 72901 4369 459850 10405 273205 15317 10405 29045 29045 10405 29045 10405 273205 10405 29045 10405 4369 10405 10405 72901 72901 72901 72901 10405 10405 10405 29045 29045 3925 29045 10405 10405 10405 273205 72901 72901 3925 463114 10405 72901 15317 29045 72901 29045 29045 29045 29045 29045 29045 29045 10405 29045 72901 29045 10405 10405 72901 3925 3925 29045 110245 10405 10405 10405 29045 72901 10405 3737 72901 72901 51914 10405 29045 29045 10405 176290 29045 10405 3737 10405 10405 72901 29045 463114 104050 10405 3925 51914 110245 29045 17912050 29045 3925 3925 72901 29045 72901 10405 72901 72901 459850 29045 72901 72901 10405 72901 29045 10405 273205 29045 463114 72901 10405 29045 4850 15317 72901 29045 15317 72901 72901 3925 29045 10405 29045 10405 3925 10405 29045 72901 29045 3925 29045 463114 72901 10405 10405 10405 10405 29045 2185625 10405 110245 51914 3925 273205 29045 29045 10405 192598885 72901 10405 10405 29045 10405 72901 10405 15317 21159125 10405 29045 10405 463114 72901 3737 29045 4369 4369 10405 463114 459850 15317 463114 463114 72901 4850 10405 72901 29045 10405 10405 3925 29045 110245 15317 29045 9553450 176290 29045 72901 72901 10405 3396125 29045 10405 463114 29045 10405 176290 3925 3925 29045 10405 29045 29045 10405 29045 72901 29045 29045 72901 463114 29045 29045 72901 10405 10405 29045 29045 72901 10405 459850 3396125 10405 110245 29045 29045 10405 29045 72901 29045 72901 5525 10405 110245 4369 29045 10405 3925 10405 10405 29045 10405 29045 714425 110245 10405 257557625 29045 10405 10405 10405 463114 29045 29045 29045 29045 10405 72901 3925 463114 10405 10405 121215737 1919249 170 463114 29045 10405 29045 10405 72901 3207154 29045 10405 10405 170 29045 15317 72901 
8245 1332970 29045 72901 29045 361010 29045 3723850 29045 72901 29045 176290 29045 10405 29045 29045 51914 8245 29045 29045 10405 176290 29045 29045 10405 10405 29045 3925 463114 3737 1332970 8245 10405 286565 170 8245 72901 29045 29045 29045 463114 29045 72901 8245 8245 176290 29045 29045 29045 72901 29045 8245 121215737 29045 10405 4251845 29045 3925 29045 286565 77450 29045 10405 72901 8245 10405 273205 29045 29045 10405 10405 48312010 10405 10405 29045 4369 72901 72901 8245 8245 29045 29045 72901 72901 51914 29045 463114 273205 10405 10405 463114 29045 29045 10405 72901 10447945 72901 10405 72901 8245 29045 459850 8245 29045 10405 29045 29045 110245 29045 72901 72901 10405 8245 29045 13877785 8245 29045 10405 77450 29045 8245 29045 170 10405 29045 72901 72901 29045 286565 8245 29045 72901 110245 29045 463114 10405 29045 29045 463114 29045 72901 29045 29045 29045 10405 361010 463114 72901 72901 72901 29045 286565 170 29045 8245 8245 10405 29045 10405 72901 29045 8245 29045 29045 29045 29045 8245 286565 29045 29045 8245 29045 3536425 3925 10405 10405 8245 29045 72901 72901 72901 29045 10405 72901 72901 8245 8245 10405 8245 4369 10405 10405 156658 29045 170 8245 3925 1332970 29045 72901 72901 3737 122434 72901 72901 29045 77450 29045 29045 72901 29045 29045 3737 10405 3925 110245 286565 147968005 29045 10405 8245 29045 170 29045 29045 72901 3925 29045 72901 29045 29045 29045 72901 29045 3737 12091417 29045 12923530 29045 29045 29045 29045 463114 29045 72901 72901 4977785 1256785 8245 72901 10405 3925 29045 2185625 273205 170 29045 29045 10405 110245 29045 1143250 10405 110245 29045 10293925 110245 29045 10405 29045 29045 8245 463114 8245 156658 72901 286565 2185625 29045 72901 72901 10405 29045 10405 1332970 72901 29045 156658 10405 29045 29045 29045 10405 10405 8245 29045 29045 72901 3925 10405 8245 10405 72901 10405 286565 2185625 77450 8245 72901 8245 10405 10405 29045 3925 72901 29045 176290 29045 72901 29045 3925 110245 12923530 12923530 29045 1332970 170 72901 29045 29045 29045 3723850 463114 10405 8245 29045 8245 1450 72901 463114 10405 10405 3737 72901 72901 72901 170 8245 29045 29045 29045 1332970 10405 8245 273205 72901 110245 110245 4369 10405 10405 29045 72901 72901 463114 29045 29045 29045 29045 286565 8245 2185625 29045 29045 29045 29045 286565 72901 286565 3737 3925 110245 29045 72901 3925 29045 8245 3925 72901 8245 72901 3925 10405 29045 10405 110245 3925 8245 29045 77450 10405 29045 72901 8245 10405 8245 29045 72901 3737 77450 29045 29045 8245 3925 3925 72901 176290 3925 29045 8245 8245 29045 72901 10405 10405 72901 273205 10405 29045 29045 29045 10405 8245 361010 10405 72901 29045 8245 8245 8245 286565 29045 463114 72901 8245 286565 29045 29045 29045 72901 361010 29045 29045 29045 29045 29045 29045 10405 4369 29045 72901 10405 29045 72901 286565 29045 20171114 273205 29045 29045 29045 463114 29045 29045 77450 29045 8245 72901 3737 29045 8245 29045 29045 29045 29045 72901 10405 29045 29045 8245 273205 4850 29045 273205 29045 29045 17070010 3536425 72901 170 29045 29045 29045 29045 10405 72901 29045 10405 8245 72901 29045 12923530 29045 8245 10405 72901 8245 29045 2185625 8245 29045 29045 28995829 110245 72901 29045 29045 286565 29045 5874490 29045 29045 72901 8245 8245 29045 10405 3925 29045 29045 72901 29045 29045 3925 72901 8245 72901 29045 29045 12923530 8245 29045 72901 29045 10405 29045 10405 29045 8245 8245 29045 4251845 29045 3925 29045 72901 110245 72901 273205 72901 72901 29045 72901 1332970 29045 29045 29045 29045 286565 72901 463114 10405 72901 29045 273205 10405 29045 29045 110245 
29045 72901 4369 29045 10405 463114 10293925 2916010 29045 110245 170 29045 29045 29045 72901 29045 29045 72901 72901 184901 72901 3925 110245 29045 2185625 72901 72901 110245 3925 72901 184901 29045 110245 29045 29045 170 29045 29045 110245 184901 72901 29045 29045 463114 29045 110245 110245 48927125 29045 72901 29045 29045 463114 18742517 29045 29045 29045 72901 72901 29045 29045 29045 273205 72901 72901 29045 29045 29045 3925 10405 72901 4850 72901 3925 29045 72901 3925 72901 29045 2185625 29045 72901 110245 29045 184901 72901 72901 72901 4369 72901 29045 110245 110245 72901 176290 72901 29045 29045 72901 29045 29045 463114 72901 72901 72901 29045 29045 29045 72901 10405 4850 72901 72901 29045 29045 29045 72901 10405 72901 29045 29045 29045 72901 273205 29045 463114 72901 29045 72901 4850 29045 29045 72901 29045 72901 72901 29045 72901 3536425 29045 29045 29045 273205 72901 29045 72901 29045 29045 29045 29045 29045 1919249 72901 29045 2185625 29045 29045 3737 72901 72901 110245 72901 29045 72901 463114 184901 29045 72901 29045 3925 29045 3737 72901 72901 3737 110245 29045 3925 3925 29045 3925 463114 72901 72901 29045 72901 3925 29045 110245 72901 72901 2185625 29045 29045 463114 72901 29045 72901 72901 110245 463114 3925 72901 29045 29045 29045 29045 3737 17070010 29045 1919249 110245 29045 29045 10405 72901 3925 29045 29045 29045 184901 72901 29045 179450 29045 3925 72901 3925 29045 72901 72901 29045 72901 72901 72901 29045 29045 3925 273205 2185625 72901 1919249 170 72901 4369 29045 29045 10405 273205 72901 29045 72901 29045 72901 72901 72901 463114 110245 110245 72901 3925 29045 72901 7850 3925 176290 29045 29045 72901 176290 72901 29045 273205 29045 72901 29045 29045 184901 29045 72901 29045 72901 29045 184901 463114 29045 72901 3737 3723850 72901 72901 29045 72901 72901 72901 29045 29045 3925 29045 72901 29045 2185625 72901 4802045 7850 72901 18742517 72901 459850 72901 72901 72901 29045 10405 29045 72901 29045 29045 29045 463114 29045 29045 110245 29045 3925 29045 170 29045 29045 134292425 459850 72901 4850 29045 10405 17070010 29045 29045 10405 29045 29045 72901 463114 29045 72901 29045 29045 72901 248965 72901 72901 110245 29045 714425 29045 29045 4369 3925 72901 4850 72901 72901 72901 
1332970 8245 456977 74 8245 202 202 101 74 101 101 74 101 190450 8245 202 8245 8245 74 101 8245 202 101 8245 101 286565 101 202 101 8245 8245 202 202 740690 202 202 202 456977 456977 202 101 101 8245 286565 286565 8245 8245 202 74 8245 286565 4052425 101 74 202 101 101 74 8245 101 101 2672930 202 202 202 456977 1332970 174545930 101 8245 8245 202 202 8245 202 456977 202 74 202 202 456977 8245 202 202 8245 101 101 202 202 101 202 31754 74 8245 101 202 8245 8245 101 8245 101 101 74 74 8245 202 74 101 74 101 190450 456977 8245 8245 60092825 202 8245 
202 8245 101 8245 5185 101 8245 5185 5185 202 4631105 8245 101 5185 202 202 8245 202 202 5185 74 95225 202 202 122434 8245 8245 247810 202 202 5185 8245 202 202 1450 202 286565 202 202 8245 202 202 101 95225 202 8245 202 101 8245 5185 202 202 202 101 5185 8245 101 8245 5185 202 101 5185 202 8245 17617525 101 381925 381925 286565 8245 5185 202 202 202 8245 202 101 5185 5185 101 202 101 202 8245 202 101 202 202 5185 74 101 202 8245 361010 202 5185 202 255385 5185 5185 202 8245 101 381925 5185 5185 8245 286565 8245 101 101 95225 8245 101 12923530 74 871202 8245 8245 8245 202 5185 8245 8245 202 95225 8245 202 101 5997634 202 202 381925 101 8245 202 8245 8245 101 101 8245 5185 101 202 101 381925 202 101 101 8245 202 101 202 202 202 8245 255385 202 74 101 5185 202 5185 8245 202 5185 8245 5185 8245 5185 101 255385 381925 202 202 202 202 152775202 240101 202 8245 202 202 101 8245 202 8245 5185 202 8245 202 101 202 202 202 381925 381925 8245 8245 202 202 202 101 101 202 202 5185 5185 286565 202 5185 95225 202 8245 101 8245 101 107650 101 202 286565 202 5185 8641625 8245 202 202 5185 13219385 101 74 1332970 202 5185 202 202 8245 5185 286565 5185 101 1244125 8245 286565 5185 255385 286565 8245 240101 8245 202 202 286565 202 202 101 202 101 95225 8245 101 202 101 4631105 202 5185 5185 101 202 101 5185 202 95225 101 74 202 8245 8245 202 8245 101 381925 101 101 101 8245 202 101 8245 8245 89725 101 89725 8245 202 5185 101 202 8245 381925 202 8245 202 8245 286565 202 202 202 202 5185 202 8245 8245 8245 247810 101 8245 202 8245 8245 
101 16825 2425 101 101 74 74 456977 16825 16825 74 8245 456977 8245 1018145 4357 16825 74 4357 456977 74 4357 74 74 74 190450 74 456977 74 74 4357 101 16825 74 74 785 74 74 8245 74 4357 74 74 74 8245 363701 290 4357 74 6843890 74 101 74 74 16825 16825 74 16825 785 8245 74 4357 74 74 74 8245 74 74 16825 74 74 16825 101 29253025 74 74 74 74 370 74 101 101 202 74 101 4357 4357 74 74 363701 4357 101 16825 101 363701 4357 8245 190450 74 1789834 1654865 96640325 16825 8245 74 8245 101 74 456977 74 74 2244005 101 202 4357 16825 8245 2244005 1368778 74 74 8245 74 101 74 74 4357 370 456977 74 74 2720017 74 10730 16825 91536805 16193809 74 16825 370 74 1018145 218390650 74 101 74 4357 4357 101 74 101 74 74 74 16825 74 74 101 74 74 74 101 101 74 101 101 190450 16825 101 2672930 101 370 74 101 74 74 8245 74 74 101 101 74 74 1018145 74 1018145 74 2672930 74 456977 74 1654865 101 74 4357 4357 4357 74 74 29253025 16825 74 4357 8245 8245 16825 370 190450 4357 74 74 74 4357 4357 1018145 101 16825 74 456977 16825 74 101 74 456977 74 74 74 74 16825 74 16825 8245 4357 328250 74 74 8245 74 101 16825 74 370 74 74 1047370 74 74 202 785 74 74 74 8245 8245 74 2244005 74 8245 2672930 74 456977 74 74 101 74 4357 456977 101 8245 16825 74 456977 74 8245 456977 74 101 74 74 74 74 74 456977 16825 190450 74 74 74 74 74 101 74 74 785 456977 190450 101 74 16825 74 74 101 101 456977 4357 74 74 190450 74 2425 74 101 74 74 74 8245 8245 16825 74 456977 16825 1421290 74 74 4357 8245 74 74 2425 4357 74 74 74 74 74 74 16825 74 74 74 74 74 2244005 1654865 101 26293865 74 74 74 74 363701 74 74 74 101 190450 74 74 8245 74 16825 74 74 74 74 4357 456977 74 74 74 74 74 74 74 74 2425 74 4369 74 101 74 74 74 74 16825 2244005 74 74 4357 74 363701 202 74 74 101 101 190450 456977 74 8245 21353657 101 10730 456977 456977 370 8245 101 4357 74 74 74 101 456977 8245 2244005 4357 74 370 2672930 74 101 16010 101 101 16825 74 74 16825 16825 74 101 101 202 4357 29253025 74 8245 16825 74 74 74 74 74 4357 16825 27889745 74 16825 74 101 101 16193809 8245 190450 74 74 8245 74 74 74 101 74 74 2720017 16825 74 26293865 16825 363701 74 16825 16825 74 74 8245 8245 16825 74 74 456977 74 74 74 
101 15317 74 74 1919249 10405 101 74 74 74 8738 74 101 456977 74 74 1116050 74 74 74 8245 10405 8245 74 74 180505 459850 74 74 456977 101 74 8245 101 74 74 459850 27889745 101 74 101 74 74 456977 15317 8245 456977 15317 202 74 74 74 15317 74 363701 74 74 74 8245 101 10405 10405 74 10405 10405 15317 74 74 74 101 74 101 10405 16825 74 10405 370 8245 74 202 8245 190450 74 8245 10405 74 74 21353657 202 102154 8245 74 15317 190450 10405 190450 74 74 74 74 74 74 101 10405 190450 101 10405 74 16825 74 74 74 10405 190450 8245 74 10405 121685 10405 10405 74 74 101 10405 74 74 10405 15317 785 1018145 74 74 74 202 102154 74 10405 363701 8245 456977 74 74 74 74 8245 74 10405 456977 190450 101 101 74 74 363701 456977 1624505 101 8245 74 101 10405 15317 74 190450 74 74 101 74 74 101 8245 74 10405 74 74 74 74 74 456977 74 74 456977 456977 8245 101 10405 10405 456977 74 8245 459850 74 17650 101 10405 10405 74 101 10405 74 74 74 74 74 8245 370 740690 101 363701 190450 456977 74 101 74 74 101 10405 74 3207154 74 8245 15317 456977 74 10405 10405 456977 10405 74 101 74 8245 10405 8245 74 74 74 74 101 456977 74 74 104050 16825 459850 74 
1258 51077 1258 5185 1258 5185 1258 882325 5185 5185 5185 882325 882325 5185 1258 1258 5185 1258 5185 51077 5185 1258 882325 1258 185 5410 1258 5185 1258 1258 1258 1258 51077 5185 1258 5410 1258 121685 1258 462336005 1258 1258 58325 58325 1258 51077 903170 51077 58325 1258 1258 24878837 1258 5185 1258 882325 1258 1258 5185 5185 1258 51077 1258 1258 58325 1258 381925 1258 1258 1258 1258 1258 1258 1258 5185 381925 1258 1258 51077 2917265 882325 1258 1031050 1258 5185 370 1258 1258 5185 1258 1258 51077 51077 1258 5185 1258 51077 1258 1258 1258 51077 1258 58325 1258 58325 5185 5185 51077 1258 1258 5185 5185 1258 5185 1258 1258 51077 5185 1258 1258 381925 51077 5185 2917265 30634 381925 58325 51077 381925 1258 5185 882325 1258 1258 1258 5185 51077 381925 51077 408850 51077 5185 51077 1258 1258 5185 5185 5410 1258 5185 51077 5185 5185 58325 5185 5185 58325 1258 1258 51077 1258 51077 5185 5185 5410 1258 1258 381925 5410 9596245 1258 1258 2917265 1258 1258 1258 95225 1258 1010 5185 1258 381925 1258 51077 370 51077 5185 51077 1258 51077 1258 58325 1258 5185 1031050 625010 1601 1258 370 1258 1258 5185 370 51077 51077 5185 11803445 5185 51077 5185 58325 5185 1258 1258 1258 1258 1258 1258 835250 1258 51077 51077 51077 1258 5185 5185 5185 5185 51077 5185 1258 1258 882325 1259557 1258 1258 1197170 1258 11803445 58325 5185 5185 58325 1258 5410 5185 51077 3736394 5410 30634 5185 2917265 5185 381925 5410 5185 5185 1258 5185 1258 381925 381925 1258 5185 1258 3736394 5185 5185 903170 1258 903170 381925 1258 51077 5185 5185 1258 5410 5185 5185 1258 1258 51077 51077 765034 1258 1258 51077 5185 1258 58325 149817601 5185 370 1258 1258 1258 2917265 1258 51077 5410 1258 5185 51077 1258 5005450 1258 381925 1258 1258 1258 5133725 5185 5185 1258 882325 1258 5185 1258 5185 1258 835250 5410 1258 1258 882325 51077 381925 381925 5185 5185 1258 5185 1258 1258 1258 1258 370 5185 5185 5185 1258 5185 5185 1258 5185 1258 5185 1258 1258 5410 1258 5185 1258 5410 51077 882325 5410 24480017 1258 1258 5185 5410 1258 1258 1258 5185 5185 463114 1258 5185 882325 1258 58325 5185 1258 1258 1031050 381925 1258 5410 1258 5410 1258 51077 1258 1258 1258 5185 1258 1258 1258 30634 5185 882325 1258 1258 4077125 58325 51077 1258 1258 1258 5185 51077 51077 5185 370 51077 1258 1258 1258 882325 1258 1258 1258 1743625 1258 2917265 1258 1258 
202 8245 8245 5185 456977 286565 202 202 74 202 5185 202 5185 8245 44824865 202 5185 202 101 286565 1450 101 8245 1018145 202 3266570 101 190450 101 8245 5185 8245 202 202 202 5185 8245 456977 286565 202 976825 101 95225 101 1332970 5270770 202 202 12923530 202 8245 202 202 5185 5185 202 456977 1295009 8245 202 5185 5185 101 202 202 5270770 202 202 8245 456977 5185 8245 101 5185 5185 202 77450 5185 28995829 8245 202 101 286565 8245 101 202 8245 5185 101 8245 8245 5185 101 202 202 202 1332970 1450 8245 2514725 5185 8245 8245 5270770 286565 1018145 101 128241625 202 74 202 202 202 202 5185 101 101 5185 202 808265 202 101 101 8245 101 101 8245 286565 8245 5185 202 202 202 8245 456977 5185 8245 5185 101 202 202 202 456977 101 202 8245 286565 240101 8245 8245 202 8245 101 8245 5185 101 101 101 8245 101 190450 1746485 202 199263205 456977 8245 202 101 4977785 202 5185 1332970 190450 101 74 8245 8245 8245 286565 216580325 74 456977 8245 74 8245 202 74 8245 101 101 8245 5185 101 202 8245 456977 5185 202 202 202 202 202 5185 101 202 5185 101 101 202 101 202 8245 8245 101 456977 
45002 17 3597217 45002 170 45002 17 17 170 170 720002 170 170 170 720002 45002 61217 45002 170 170 17 170 45002 170 17 720002 43658050 170 170 170 17 61217 17 45002 170 17 170 720002 61217 170 61217 170 170 679225 9168970 679225 170 112897 170 170 45002 45002 170 115202 45002 170 45002 45002 261994 45002 112897 170 17 170 170 170 170 170 170 17 17 170 170 720002 112897 170 61217 170 170 170 45002 45002 170 17 112897 17 170 18434594 170 170 170 720002 170 17 170 170 17 720002 112897 679225 17 170 17 170 17 17 45002 45002 170 170 45002 61217 170 61217 17 170 45002 170 170 45002 170 17 17 170 45002 61217 17 170 45002 170 170 170 170017 170 17 45002 17 170 61217 45002 45002 45002 17 112897 170 61217 45002 45002 17 61217 112897 17 61217 45002 17 45002 43690 45002 17 170 170 17 170 170 170 170 170 17 61217 170 45002 45002 170 170 45002 170 
3745450 170 170 170 170 170 45002 17 170 170 34 34 170 170 45002 170 6708101 61217 45002 170 61217 170 170 170017 170 170 34 170 170 170 34 112897 112897 170 1450 170 61217 170 170 170 170 61217 45002 170 170 112370 34 170 170 170 45002 61217 170 112897 170 170 170 27111269 170 45002 45002 170 10738730 31248101 170 170 170 170 61217 170 61217 170 34 170 170 45002 170 727402 170 45002 34 170 45002 170 170 170017 61217 170 45002 34 170 170 170 170 61217 1018145 34 45002 112897 170 45002 170 170 34 170 170 45002 170 170 170 170 170 170 170 34 170 170 45002 170 112897 170 170 61217 170 170 1450 961010 170017 170 45002 170 170 61217 170 45002 170 34 170017 17 170 170 170 170 170 45002 61217 170 463114 1812445 170 61217 170 463114 170 61217 206890 170 61217 170 170 45002 170 145802 34 34 170 34 170 45002 170 170 34 34 2076497 170 45002 170 61217 170 170 45002 170 34 112897 170017 170 45002 170 170 34 45002 170 170 34 170 170 170 170 170 170 170 170 170 45002 170 1812445 45002 112897 170 170 727402 170 61217 61217 45002 45002 112370 34 34 45002 170 170 170 170 170 34 170 170 170017 45002 170 170 170 170 170 170 170 170 170 4930 145802 170 170 17 170 34 112897 45002 170 170 727402 34 463114 112897 45002 170 112897 170 170 17 45002 61217 170 170 45002 170 170 170 170 170 45002 45002 170 170 170 170 17 170 170 170 170 170 
5185 5185 51077 5185 1258 1258 5410 5185 1258 51077 1258 5185 30634 2917265 1258 1258 51077 1259557 882325 1258 1258 1258 882325 5185 5185 1258 1258 5185 1258 5185 51077 381925 835250 1258 1258 381925 882325 1258 5185 58325 5185 1258 1258 1258 370 51077 5185 1258 5185 381925 1258 1258 1258 381925 58325 1258 1258 5185 1258 5185 5185 1258 1258 903170 1258 51077 381925 1258 1601 882325 882325 5185 51077 5185 1258 1258 381925 1258 1258 5185 903170 1258 51077 1258 5185 5185 1258 1258 1258 1258 1258 51077 1258 1258 835250 5185 95225 5185 1258 1258 5185 5185 5185 51077 1258 5185 903170 882325 1258 5185 1258 5185 370 51077 1258 5185 882325 95225 1258 1047370 1258 1258 381925 903170 5185 5185 370 1258 2917265 51077 381925 5185 381925 2559265 1258 5185 1258 903170 370 5410 51077 903170 1258 882325 381925 5185 1258 835250 1258 1258 1258 51077 51077 95225 5185 1258 1258 51077 51077 185 381925 5410 381925 1258 1258 5185 1258 1258 835250 5410 1258 1258 1258 1258 1258 149817601 58325 1258 5185 882325 1258 882325 5410 1258 1258 51077 1258 1258 882325 5410 58325 5185 5185 1258 1258 1258 51077 1258 1258 5185 1258 58325 1258 1601 5410 1258 1258 5185 1258 1258 1258 370 1258 1258 1258 1258 5185 1258 58325 1258 1258 882325 5185 5185 903170 5133725 381925 51077 5185 5185 5410 58325 5185 51077 882325 1258 3802501 5410 835250 5410 882325 903170 1258 1258 1258 5185 1258 51077 5185 1258 5185 1258 5185 51077 5185 5185 1258 95225 51077 882325 5185 1258 1258 95225 1258 51077 5185 30634 5185 882325 1258 1258 51077 51077 1258 5185 51077 903170 5185 5185 5185 5410 58325 58325 1258 5185 1258 60135125 1258 1258 5185 58325 58325 5185 5185 370 58325 5185 185 1258 51077 5185 1258 5185 51077 1258 51077 1258 1258 5185 1258 51077 5185 5185 55114 1258 381925 882325 882325 1258 5185 1258 5185 58325 5185 5005450 1258 3736394 51077 381925 51077 1601 5185 30634 1258 1258 1258 5185 51077 1258 1258 1258 1258 1601 3889625 370 882325 1258 1258 1258 381925 5185 51077 5410 58325 1258 5185 114346154 5185 51077 5185 1601 5185 1258 51077 5410 1258 5185 5185 5185 1258 381925 882325 882325 1258 5410 5185 1258 5185 51077 882325 882325 1258 1258 5185 69155857 51077 1258 882325 1258 5410 1258 1258 381925 5185 1258 1258 835250 882325 381925 1258 5005450 1258 1258 5185 1258 1258 169010 5185 1258 58325 1258 5185 1258 95225 51077 
5185 1258 5410 58325 1258 5410 199714 5185 51077 1258 1258 1258 5185 185 5185 51077 1258 1170325 1258 5410 58325 58325 5185 1258 835250 58325 2559265 381925 95225 5410 5185 1258 882325 882325 5185 5185 5410 1258 381925 1258 370 882325 1258 882325 1601 1258 1258 5410 1743625 5185 5185 1170325 1258 1258 1258 51077 1258 1258 1258 1258 51077 1258 1170325 1258 1258 5185 95225 5410 5410 1258 1258 1258 5410 5185 882325 1258 5410 5185 381925 1258 1258 5410 1258 370 5185 5185 1258 1258 58325 1601 1258 1258 95225 5185 5185 1258 58325 95225 95225 2017450 370 1258 1258 5185 5185 381925 1258 1258 58325 1258 1258 1258 5185 1258 1601 5185 370 58325 1258 5410 1258 5185 1258 1258 1258 1258 1258 5185 1258 5185 1258 1258 1258 1258 370 1258 5185 5185 1258 5185 5185 51077 381925 1047370 5185 1258 5185 5185 1258 381925 1258 5185 1258 1258 1258 882325 1258 1258 882325 5410 2559265 1258 1258 5185 5185 20072450 1258 1258 1258 5185 1258 1258 1258 1258 51077 5410 1258 1258 882325 58325 882325 1170325 5185 30634 5185 1258 381925 5410 3736394 1258 882325 5185 1258 370 51077 
312505 3925 3925 3925 3925 1601 34 34 3925 3925 103970 3925 34 34 3925 3925 34 3414002 1179397 1110185 34 3925 2490914 3925 3925 34 25925 1601 3925 25925 3925 25925 1179397 3925 34 272485 3925 25925 34 98570 3925 3925 27050 34 3925 1601 1601 8005 34 3414002 3925 3925 3925 1279625 34 3925 3925 312505 3925 8005 25925 34 1179397 1601 3925 34 3925 3925 272485 3925 3925 3925 34 3925 312505 3925 312505 1601 3925 34 8005 34 3925 34 3925 1179397 25925 3925 8005 1601 34 312505 3925 34 34 8005 8005 25925 34 3925 312505 1601 34 1240025 3925 34 1179397 1601 272485 3925 3925 34 3925 3925 34 1601 34 8005 25925 1240025 34 34 34 34 34 3925 3925 25925 34 3925 34 34 8005 25925 130610 34 25925 3925 3925 3925 3925 2679625 34 842725 3925 34 34 34 25925 312505 272485 272485 34 3925 312505 3925 34 3925 34 3925 3925 2490914 3414002 34 312505 1179397 3925 1601 3925 34 34 272485 103970 8005 3925 3925 3925 25925 34 34 34 34 34 3925 3925 
170 11289601 170 18685 170 170 170 1050905 18685 14684225 1050905 170 170 18685 18685 18685 18685 170 170 170 18685 18685 170 34 170 170 145802 170 34 31248101 34 170 170 170 18685 170 170 34 170 170 1050905 18685 170 170 18685 206890 18685 170 170 170 18685 170 170 201745 170 170 170 18685 170 170 18685 170 170 18685 1450 170 170 18685 18685 170 727402 34 170 170 18685 34 170 18685 170 18685 170 170 18685 18685 18685 170 18685 463114 170 34 4604330 170 170 170 170 170 170 170 170 170 18685 170 170 18685 170 170 170 1450 170 18685 18685 170 170 18685 170 14684225 18685 170 18685 170 34 18685 18685 170 170 170 170 170 34 170 170 170 170 18685 1601 170 727402 18685 18685 170 4488010 170 170 18685 170 14684225 170 18685 1050905 18685 34 18685 18685 18685 18685 18685 18685 18685 170 18685 18685 18685 463114 170 1050905 170 170 170 170 170 18685 170 170 170 18685 170 170 18685 18685 18685 170 170 170 170 1050905 1450 34 170 170 18685 18685 170 170 18685 170 170 170 34 170 170 170 18685 1450 18685 170 34 1450 170 170 170 18685 170 34 18685 18685 170 170 170 170 18685 170 34 170 170 170 170 18685 170 18685 18685 18685 170 12221570 1450 170 18685 170 170 262450 170 18685 170 170 18685 170 170 18685 1450 170 170 170 170 170 18685 170 18685 170 18685 170 170 170 170 18685 170 170 18685 275570 18685 170 18685 2076497 34 43690 18685 18685 18685 112370 18685 170 170 170 170 34 18685 170 18685 18685 170 170 18685 18685 170 170 170 18685 170 170 18685 18685 3745450 2020202 34 170 170 18685 18685 463114 18685 18685 170 170 18685 18685 170 18685 34 170 170 170 170 18685 18685 170 170 18685 18685 170 1050905 34 18685 18685 170 18685 170 170 18685 170 170 1050905 18685 170 18685 170 170 18685 170 170 170 18685 170 170 170 18685 170 170 170 18685 170 170 18685 18685 170 170 170 18685 170 727402 18685 170 170 170 170 18685 170 18685 170 18685 170 170 34 18685 170 40269125 170 18685 18685 18685 170 18685 170 18685 170 170 170 1050905 170 1050905 170 170 40269125 170 170 18685 170 18685 18685 170 1450 1050905 170 170 170 170 18685 170 34 170 170 1050905 170 12221570 18685 34 112370 18685 34 170 1632025 170 170 18685 720002 18685 170 170 18685 170 18685 170 1450 18685 18685 170 1050905 18685 18685 170 170 18685 170 34 170 18685 18685 170 170 18685 18685 170 18685 1050905 170 170 170 18685 18685 2020202 170 170 18685 170 170 18685 18685 170 170 727402 170 112370 170 18685 170 170 34 18685 18685 170 170 170 18685 2076497 170 170 18685 170 18685 170 170 170 170 170 18685 18685 170 170 18685 170 170 170 18685 170 18685 59170 18685 170 18685 18685 18685 170 170 170 463114 170 170 18685 18685 170 170 18685 18685 170 170 18685 170 18685 170 18685 727402 18685 18685 170 1632025 170 170 170 170 170 170 170 170 34 18685 18685 18685 170 170 18685 18685 18685 34 170 170 170 18685 18685 170 170 55950401 34 18685 170 170 170 170 18685 34 170 18685 170 170 170 18685 170 170 170 170 170 18685 34 727402 170 18685 170 170 170 170 170 170 
170 18685 1717 170 136085 2594 1267010 170 18685 18685 170 18685 170 170 1450 170 170 170 1717 170 170 1717 170 170 170 170 170 170 170 18685 170 170 170 18685 34 170 220505 170 220505 170 18685 2594 18685 170 170 18685 170 34 170 34 170 170 170 18685 170 18685 170 170 170 18685 170 18685 18685 170 18685 170 118474 2594 170 170 170 1717 220505 18685 170 170 170 170 18685 170 18685 170 18685 18685 170 170 2979925 170 18685 170 170 18685 170 18685 170 170 18685 34 2594 190880170 170 18685 18685 18685 18685 727402 34 170 112370 170 170 170 170 18685 170 170 170 18685 170 170 170 170 18685 170 170 18685 170 18685 170 18685 170 170 18685 170 170 170 34 170 2979925 18685 170 170 170 18685 170 170 18685 18685 18685 170 18685 206890 170 170 18685 18685 18685 18685 170 170 170 2594 220505 170 170 170 18685 2594 18685 18685 18685 170 1717 170 170 1240025 43690 18685 18685 1018145 170 18685 170 170 170 170 18685 170 18685 18685 18685 170 170 170 18685 18685 206890 170 18685 170 18685 1240025 18685 18685 170 18685 170 170 170 34 170 170 18685 34 2594 170 170 170 1747250 18685 170 170 170 170 18685 18685 170 170 2594 170 18685 170 170 170 170 18685 170 18685 170 170 34 18685 1717 170 170 170 170 170 18685 
10370 10370 10370 10370 485 538645 181337 485 485 10370 10370 4189225 10370 485 181337 34 2570 2125765 27217 121044005 10370 485 1227434 2876417 10370 10370 188065 10370 181337 10370 10370 485 485 485 485 62725 4189225 10370 269125 1227434 188065 485 10370 10370 485 10370 485 485 10370 10370 1685450 485 62725 10370 10370 27217 10370 1227434 34 10370 485 485 1685450 10370 2876417 19101217 485 10370 10370 62725 485 501265 485 34 485 10370 485 10370 10370 10370 10370 485 485 485 485 973450 10370 188065 10370 485 10370 485 181337 27217 485 10370 485 485 485 62725 10370 10370 10370 485 62725 485 485 10370 485 485 485 485 62725 10370 4356010 188065 485 10370 10370 485 34 485 485 485 1227434 10370 485 485 485 10370 27217 485 485 10370 10370 485 10370 5618005 10370 485 485 27217 485 485 485 10370 485 485 485 10370 10370 485 269125 188065 485 485 10370 485 10370 120250 485 10370 2125765 10370 2876417 10370 2125765 5618005 485 10370 10370 120250 10370 485 10370 10370 10370 10370 10370 485 62725 188065 485 485 485 485 485 10370 485 10575505 485 2125765 120250 1031050 10370 485 10370 10370 10370 485 4814825 485 485 514 1227434 10370 485 10370 120250 10370 181337 485 4162685 485 34 1227434 485 514 10370 290450 10370 2876417 485 10370 34 10370 10370 610130 485 10370 34 501265 188065 10370 485 485 10370 188065 10370 514 1116050 10370 10370 10370 485 10370 485 10370 10370 485 27217 485 485 10370 10370 10370 34 485 10370 485 34 188065 501265 485 485 485 10370 62725 34 10370 120250 485 485 10370 485 485 10370 485 10370 10370 4189225 485 485 2570 485 10370 27217 10370 485 10370 10370 188065 501265 10370 10370 10370 10370 10370 1227434 485 18580610 34 1685450 10370 10370 10370 10370 2570 10370 485 181337 485 27217 485 10370 34 485 10370 485 10370 10370 485 269125 10370 485 485 10370 269125 10370 34 485 10370 34 485 485 485 5618005 485 10370 10370 485 485 10370 10370 501265 10370 485 10370 1227434 485 188065 485 485 2125765 10370 120250 62725 10370 10370 27217 10370 10370 34 485 485 188065 485 485 2125765 10370 2125765 4357 485 10370 2125765 514 485 10370 10370 485 1227434 485 10370 10370 181337 10370 546410 514 485 501265 485 34 181337 188065 485 485 10370 485 485 1227434 10370 485 10370 485 485 269125 10370 181337 485 485 10370 27217 10370 27217 485 485 120250 
19018 118354085 19018 36101 19018 5657525 85 239434 13450 85 85 85 85 85 243370 85 19018 465125 85 85 465125 19018 13450 85 19018 19018 36101 19018 85 85 19018 85 36101 19018 465125 465125 465125 36101 36101 85 85 85 36101 85 85 85 19018 1227434 85 465125 85 465125 239434 85 85 85 465125 85 85 170 13450 19018 85 36101 465125 19018 36101 13450 85 85 36101 36101 85 13450 85 36101 19018 202 85 2513570 465125 19018 85 465125 85 465125 85 85 36101 74 370 85 19018 85 370 36101 202 19018 85 85 85 36101 36101 85 85 85 19018 85 465125 19018 85 44783650 85 85 85 85 85 170 85 36101 465125 36101 36101 85 19018 19018 19018 42807385 170 85 19018 85 85 85 65650 85 85 42807385 19018 85 36101 36101 85 85 85 36101 19018 85 85 3849850 85 19018 19018 19018 19018 19018 370 85 19018 13450 19018 19018 85 465125 85 19018 19018 19018 18685 465125 85 85 2513570 85 85 85 85 85 85 202 202 19018 465125 10730 36101 85 170 9999394 239434 85 85 85 465125 465125 85 1227434 36101 13450 36101 19018 19018 19018 4460545 8825 13450 85 202 36101 85 36101 19018 465125 239434 85 170 19018 85 85 19018 85 19018 4460545 85 170 19018 36101 19018 239434 465125 3145 13450 85 19018 85 85 465125 465125 19018 85 465125 202 36101 465125 85 85 239434 465125 13450 465125 19018 13450 19018 19018 85 2513570 465125 19018 85 19018 239434 465125 465125 465125 85 19018 36101 465125 85 36101 465125 13450 85 3145 465125 85 19018 19018 36101 239434 85 85 13450 85 170 36101 587480645 85 36101 85 19018 36101 19018 19018 85 13450 85 19018 36101 36101 36101 3145 85 3145 2513570 19018 36101 36101 19018 85 85 85 170 56871865 36101 19018 465125 36101 36101 85 19018 85 36101 36101 85 19018 85 85 19018 85 19018 36101 239434 85 19018 85 8825 465125 19018 85 85 13450 239434 85 19018 465125 85 85 34 19018 85 85 465125 19018 36101 51850 36101 36101 36101 36101 85 19018 85 85 36101 85 36101 465125 85 10730 85 7086245 19018 85 36101 36101 2513570 85 19018 85 85 19018 761770 36101 85 465125 85 239434 
29045 3925 459850 29045 3925 10405 72901 10405 463114 72901 29045 273205 29045 29045 10405 3925 170 2185625 72901 29045 29045 3925 29045 10405 72901 29045 459850 110245 110245 29045 72901 29045 10405 29045 29045 29045 29045 72901 29045 29045 72901 29045 10405 3925 29045 10405 29045 3925 17070010 29045 10405 459850 72901 29045 72901 10405 72901 29045 72901 10405 72901 29045 463114 463114 3925 29045 29045 72901 72901 10405 72901 110245 29045 10405 10405 72901 72901 29045 72901 72901 176290 29045 29045 170 110245 4369 29045 273205 10405 29045 72901 72901 29045 10405 51914 72901 29045 3925 72901 29045 29045 10405 72901 29045 463114 176290 29045 29045 4369 29045 10405 72901 29045 29045 10405 29045 72901 4850 72901 170 72901 72901 10405 29045 110245 3925 273205 29045 29045 29045 72901 72901 29045 72901 29045 29045 72901 10405 17070010 110245 170 29045 72901 29045 176290 29045 29045 72901 2185625 3737 3737 72901 10405 3925 29045 29045 110245 29045 10405 29045 72901 1919249 72901 72901 72901 29045 3737 72901 29045 29045 459850 29045 459850 170 72901 72901 170 3925 29045 3737 29045 29045 29045 29045 29045 4369 72901 72901 29045 29045 72901 10405 72901 10405 3737 110245 170 29045 12023845 3925 72901 29045 72901 10405 10405 29045 10405 29045 3925 29045 29045 12023845 29045 29045 29045 463114 29045 10405 463114 459850 110245 10405 29045 72901 10405 463114 3925 29045 714425 10405 29045 72901 29045 3925 29045 273205 29045 29045 72901 29045 72901 29045 29045 72901 4369 72901 110245 29045 29045 10405 110245 10405 29045 714425 463114 29045 170 72901 72901 10405 10405 29045 29045 72901 10405 10405 29045 10405 4850 29045 176290 72901 72901 29045 170 72901 29045 72901 110245 29045 459850 273205 29045 29045 72901 29045 10405 463114 4369 29045 110245 29045 4369 29045 4369 29045 10405 72901 10405 10405 10405 1919249 3737 3925 10405 4850 72901 10405 29045 72901 714425 170 10405 29045 273205 10405 10405 72901 4369 29045 10405 72901 110245 72901 72901 72901 29045 2185625 29045 72901 170 10405 72901 72901 51914 10405 29045 10405 3925 459850 29045 72901 4369 170 10405 29045 10405 29045 72901 110245 29045 10405 10405 29045 463114 4369 72901 72901 29045 72901 10405 29045 3396125 10405 463114 29045 29045 72901 10405 72901 273205 463114 3925 29045 10405 29045 176290 459850 29045 72901 110245 273205 29045 2185625 10405 72901 72901 4251845 72901 29045 72901 72901 72901 3925 10405 3925 29045 29045 176290 72901 72901 72901 29045 10405 10405 10405 4369 51914 29045 176290 273205 3925 72901 10405 29045 29045 29045 170 29045 176290 29045 10405 29045 170 10405 29045 29045 463114 29045 29045 29045 72901 29045 29045 72901 10405 459850 29045 3737 72901 29045 110245 29045 29045 29045 3925 2425 3925 10405 29045 29045 3925 10405 29045 
202 202 202 240101 1717 1717 2594 202 1717 202 1717 505 202 202 202 202 1717 202 202 505 2594 202 202 1717 505 1717 50181125 505 202 50181125 202 202 202 2594 3737 1717 1717 202 1717 1717 1717 1717 202 202 434314 202 202 202 1717 202 1717 202 202 2594 202 202 202 1717 1717 1717 505 1717 1717 202 1717 1717 8245 1717 202 3737 202 240101 940325 63370 202 1717 202 202 3737 1717 202 1717 77450 136085 202 202 1717 202 1717 3737 202 505 1717 1717 1717 686450 240101 1717 63370 940325 3737 1717 202 1717 2594 1717 202 202 3737 1717 3737 1717 3737 1717 202 202 1717 1717 202 1717 202 505 77450 8245 1717 686450 1717 2594 63370 202 202 1717 202 8245 202 77450 1717 202 2594 202 202 1717 505 202 1717 3737 3737 202 8245 202 1717 3838498 1717 1717 202 1717 202 202 1717 4904714 2594 505 1717 8245 1717 202 1717 1717 136085 202 2594 77450 8245 202 202 1717 1717 202 1717 1717 202 17478578 8245 1717 1717 202 8245 202 202 202 1717 1717 1717 202 77450 1717 1717 1717 1717 202 940325 202 202 240101 2594 55114 202 1717 202 1717 1717 1717 1717 202 8245 1717 202 202 8245 202 505 1717 240101 3737 202 2594 2594 202 1717 1717 74 63370 1717 1717 1717 202 3737 1717 202 77450 202 202 202 1717 77450 202 1717 1717 202 202 3737 8245 3737 1717 202 202 202 3737 1717 1717 202 3737 8245 202 1717 202 202 1717 240101 1717 28995829 2594 202 77450 202 202 202 202 202 199714 1717 202 1717 202 77450 202 1717 202 8245 202 3737 1717 2594 3737 202 1717 202 202 1717 136085 505 202 8245 8245 8245 8245 202 240101 434314 3737 3737 1717 1717 202 202 1717 1717 1717 1717 202 202 1717 1717 202 1717 202 3737 1717 8245 3737 3737 63370 1717 1717 1717 940325 202 1717 202 202 63370 1717 202 1717 3737 1717 1717 202 1717 28995829 202 202 1717 1717 1717 2594 202 1717 202 77450 505 202 1717 2594 202 1717 1717 3737 1717 202 1717 202 505 202 505 1717 77450 202 240101 202 8245 1717 2594 3434 8058674 202 202 1717 202 1717 3737 1717 202 24893570 202 1717 202 202 3737 1717 505 1717 1717 3737 1717 2594 202 1717 2594 1717 202 202 202 1717 202 49010 202 505 202 202 87044165 940325 202 1717 202 202 1717 2594 202 505 1717 202 202 202 2594 3737 1717 202 1717 202 202 8245 1717 202 55114 1717 1717 202 1717 
1717 202 202 202 2594 202 1717 202 202 14331850 1717 49010 202 2570 1717 202 202 202 157625 1717 202 46085 46085 220505 202 1717 1717 1717 2594 3737 3737 1717 202 46085 157625 1717 63370 1717 1717 1717 202 940325 3737 1717 819202 202 1717 202 46085 1240025 1717 2594 46085 505 1717 1717 202 1717 202 202 1717 1717 3737 157625 3737 3737 202 220505 202 1717 434314 1717 940325 1717 2594 1717 3737 2594 2594 1717 46085 1717 202 202 29184802 1717 202 157625 1717 136085 202 1717 2594 202 819202 157625 202 202 1717 2594 1717 202 940325 505 202 1717 1717 1717 1717 202 202 1717 819202 46085 202 505 202 1717 202 21785 40176650 1717 1717 46085 1717 202 202 157625 1717 3737 1717 3838498 1717 1717 1717 2594 1717 1717 3737 202 202 1717 1717 1717 2594 1717 202 505 202 202 2594 2594 1717 157625 1717 1717 1717 505 505 1717 202 1717 202 1717 202 202 16386305 2594 1717 3737 1717 202 3737 202 2594 202 1717 1717 1717 1717 220505 202 1717 55114 3737 3737 1717 3737 46085 1717 202 202 202 46085 1717 1717 505 3737 220505 157625 1717 1717 202 3737 505 202 2594 3737 35303530 202 970 1717 2594 1717 202 1717 2547217 1717 202 202 1717 1717 118630165 1717 157625 2594 505 1717 1717 3737 202 202 93352450 3737 202 202 2594 970 1717 202 1717 505 1717 63370 1717 1717 3737 202 1717 202 202 1717 1717 1717 1717 1717 202 1717 46085 1717 46085 2594 202 1717 505 46085 1717 940325 202 136085 202 202 63370 1717 202 1717 202 3737 1717 1717 1717 202 202 2594 202 3737 46085 202 202 1717 1717 202 202 970 136085 1717 202 3737 3737 505 202 3838498 819202 16332850 1717 1717 679730 202 3737 202 1717 202 505 1717 1717 46085 505 202 202 1717 202 202 202 819202 202 505 1717 17942090 1717 1717 2594 1717 202 202 46085 202 1717 136085 3737 1717 3737 1717 202 1717 202 157625 202 1717 202 1717 1717 970 1717 202 63370 3737 63370 202 202 1717 202 1717 1717 202 1717 1717 202 202 1717 1717 202 1717 202 22474 202 202 202 3737 1717 819202 202 157625 3737 3069505 1717 202 202 46085 2594 1717 202 202 1717 505 157625 1717 202 2594 202 1717 3737 2594 202 1717 3737 202 1717 1717 1717 1717 1717 3737 3737 202 202 1717 1717 505 3737 202 1717 819202 1717 1717 35303530 1717 1717 1717 1717 2594 202 1717 55114 2594 505 1717 940325 3737 202 2594 505 69227434 1717 1717 46085 16386305 1717 1717 3737 202 970 1717 1717 1717 1717 202 940325 1717 2594 202 1717 1717 1717 1717 1717 202 202 2594 1717 1717 202 3737 202 1717 2594 3737 1717 2594 1717 1717 1717 1717 202 1717 1717 3737 157625 202 2594 14331850 202 46085 202 46085 1717 202 505 202 202 1717 940325 202 157625 202 505 46085 202 2594 202 202 202 202 202 46085 1717 505 2594 1717 46085 1717 202 1717 202 1717 1717 1717 970 819202 202 202 46085 202 1717 202 940325 202 202 202 202 2570 1717 1935025 46085 2594 1717 3737 1717 1717 1717 202 202 202 940325 3737 202 202 1717 505 202 1717 202 686450 1717 1717 1717 202 202 157625 1717 1717 202 136085 202 1717 202 202 1717 157625 2570 1717 202 202 1717 1717 16332850 202 202 1717 1717 202 202 1717 2594 
51077 903170 3737 882325 1258 3737 1570 11803445 3802501 58325 1258 51077 1570 903170 51077 1258 1258 1258 51077 1258 1258 1258 51077 51077 179945 1258 1258 1258 1258 11803445 3737 1258 1258 1258 1717 11803445 3737 51077 1717 11803445 1570 89032565 58325 51077 1258 3737 1717 1258 335730674 1717 1258 1570 58325 1258 51077 1258 1717 51077 51077 1258 51077 51077 58325 1258 1258 1570 51077 1258 1258 1258 51077 30634 1258 1258 2594 1258 3737 51077 1258 1717 1258 370 1570 2917265 58325 3737 1258 1258 1258 51077 1258 1717 1258 1258 3737 1258 1717 1258 1258 51077 3889625 1258 51077 1717 1258 1258 1258 3737 11803445 51077 1258 1570 51077 1570 51077 1258 58325 1258 58325 58325 1258 1258 1717 1258 1570 51077 3737 2594 1258 51077 58325 1717 51077 3737 903170 1258 51077 51077 1258 51077 1717 51077 136085 1258 58325 1258 1258 58325 58325 1258 1258 1258 1258 1258 136085 1570 1258 3737 1717 27878401 1258 1258 51077 1258 1258 58325 5410 51077 1258 51077 1258 1258 1258 1258 1258 58325 1570 1717 2594 11803445 20072450 3737 1258 51077 5410 5410 51077 1258 1717 3802501 1258 1258 51077 1258 3737 51077 370 1717 1717 1258 1570 1717 1258 51077 1717 1258 1258 1258 3737 1258 1717 2917265 1258 5410 5410 1258 51077 51077 1717 1258 10323970 3737 1258 3737 51077 1258 1258 1258 51077 58325 1717 51077 3737 1258 275570 903170 1258 17444650 1258 3737 1258 1258 1258 51077 51077 370 51077 1717 1258 1258 370 51077 1570 51077 1570 51077 1258 51077 11803445 2594 136085 1010 1717 51077 1258 51077 2679125 1258 1258 149817601 1258 29290 1258 1258 1258 1258 30634 1717 1717 1258 58325 1258 1258 156802 1717 1258 1258 51077 5410 1717 51077 1258 51077 51077 1570 1258 58325 1570 1743625 1258 30634 1717 3250 1258 370 1717 1258 1258 58325 3737 1258 1717 1258 1258 1258 1258 1717 1258 51077 1717 3737 1258 51077 3737 3737 1258 58325 1258 1258 30634 51077 1258 3737 1570 51077 51077 1258 1258 5005450 2594 1258 1717 1258 51077 2594 1258 1258 51077 51077 51077 3737 1258 1258 1570 58325 51077 30634 
202 202 8245 202 74 202 202 202 1717 434314 1717 202 101 202 202 1717 202 28995829 101 1717 1717 8245 101 101 202 202 202 101 8245 286565 8245 101 202 202 8245 8245 202 8245 8245 202 202 8245 1717 8245 202 101 8245 74 1717 202 202 505 505 202 202 202 202 202 202 8245 1717 202 1717 202 202 202 8245 8245 101 202 505 202 202 202 8245 101 74 202 202 101 202 1717 202 286565 286565 505 202 8245 1717 1717 202 101 8245 202 8245 202 202 202 202 202 202 8245 8245 202 202 8245 286565 202 202 202 202 8245 240101 286565 3737 12923530 286565 1332970 286565 3737 286565 202 8245 202 1717 202 202 202 202 202 1717 202 1717 329809945 202 202 202 8245 1717 101 8245 101 74 77450 202 202 1717 202 202 202 5270770 202 202 74 28995829 8245 202 8245 8245 202 8245 1717 202 202 202 202 8245 202 202 286565 101 202 202 101 202 286565 505 202 202 202 3737 55114 202 101 202 202 202 8245 202 202 1332970 505 505 202 8245 101 202 8245 8245 202 78410 202 202 202 4977785 202 1717 202 8245 202 202 77450 8245 202 202 101 202 202 202 202 8245 8245 286565 1717 2465 8245 202 12923530 202 202 202 202 202 286565 505 8245 8245 240101 202 8245 286565 240101 8245 1332970 202 101 202 55114 8245 77450 202 505 8245 3737 202 286565 202 101 202 216580325 286565 74 1717 1717 202 101 202 101 8245 8245 202 202 8245 202 202 5270770 202 202 202 202 240101 202 202 1717 3737 1717 202 202 202 202 202 361010 202 202 202 8245 101 1717 202 202 202 2465 202 202 505 202 101 8245 1717 202 101 8245 8245 22858489 8245 101 8245 202 12923530 202 1717 3737 101 202 77450 1256785 74 202 202 202 202 8245 202 1717 505 202 8245 202 286565 202 1717 202 202 101 202 202 77450 1717 202 8245 240101 202 202 1746485 1717 202 1717 12923530 202 3737 1717 8245 202 202 202 8245 77450 202 202 101 202 202 101 202 202 77450 101 8245 8245 202 202 202 77450 202 202 8245 202 202 1717 505 8245 286565 4904714 1717 202 202 1717 202 101 202 202 1717 1332970 2514725 1717 202 8245 77450 1717 456977 1717 1717 1717 202 202 202 202 202 202 202 8245 202 202 202 202 8245 1717 202 8245 202 101 202 202 101 202 55114 202 202 55114 505 286565 202 202 1717 1717 8245 1717 202 202 247810 156658 202 101 101 240101 8245 202 202 202 1717 202 101 202 1717 202 1746485 202 456977 8245 202 8245 1717 286565 202 77450 286565 8245 1717 8245 8245 202 202 202 101 101 202 202 8245 8245 505 202 247810 1717 1717 101 8245 78410 8245 8245 101 202 202 
202 1717 101 8245 202 286565 8245 202 8245 8245 202 202 101 8245 202 202 101 286565 202 202 1450 286565 8245 202 8245 8245 101 101 77450 8245 8245 8245 8245 202 8245 202 8245 202 1018145 101 202 8245 8245 361010 202 8245 101 202 202 202 202 8245 101 101 202 101 101 8245 202 505 101 8245 202 456977 202 8245 8245 202 202 8245 101 8245 8245 202 202 8245 202 8245 202 202 202 8245 8245 456977 202 202 101 202 202 202 202 202 8245 202 180505 202 202 202 12923530 202 202 202 286565 202 202 202 202 202 7001317 101 202 202 202 101 22858489 286565 202 8245 8245 202 8245 785 
8245 8245 101 8245 74 101 392005 382058 74 8245 101 74 286565 74 202 202 370 74 74 101 74 101 74 1244125 8245 74 74 74 74 456977 74 456977 16825 8245 74 74 8245 74 8245 456977 74 74 101 27889745 74 8245 74 74 74 8245 74 8245 101 8245 74 101 74 74 8245 8245 363701 202 8245 456977 8245 202 74 74 456977 101 74 8245 74 456977 456977 456977 8245 74 74 101 1018145 101 74 74 8245 1018145 74 74 2425 74 202 74 8245 101 202 74 8245 74 74 101 74 101 101 202 4212770 363701 74 101 101 74 8245 16825 101 74 74 74 74 101 8245 74 74 101 8245 74 8245 101 74 1746485 8245 101 202 8245 101 74 74 8245 74 8245 8245 74 74 202 202 101 8245 101 74 1018145 10730 74 101 1450 8245 101 74 202 101 363701 785 74 1018145 190450 74 202 74 8245 101 74 10730 190450 190450 202 101 8245 8245 101 202 286565 456977 16825 8245 8245 8245 8245 74 8245 101 8245 202 101 190450 286565 74 202 202 8245 101 8245 101 74 8245 101 1746485 202 8245 101 74 8245 101 286565 101 202 74 363701 74 74 8245 16825 8245 74 101 8245 74 456977 101 74 190450 202 74 74 74 101 202 456977 74 101 456977 190450 74 286565 202 456977 74 74 60092825 101 29584010 74 202 74 8245 456977 74 8245 12923530 74 1450 101 286565 202 8245 8245 74 363701 202 74 202 202 74 74 370 8245 74 74 74 202 74 74 2425 363701 74 8245 12923530 2514725 202 74 74 363701 8245 101 74 8245 74 74 74 202 785 74 74 2672930 74 8245 8245 101 31754 8245 74 74 202 202 101 74 101 74 74 101 74 8245 286565 101 101 74 8245 2514725 74 101 74 8245 8245 101 202 16825 363701 74 202 202 101 74 2425 74 8245 74 101 2425 1746485 
1601 1601 74 1601 1601 1179397 202 202 287040802 1179397 236197 8245 8245 1601 272485 1601 272485 101 8245 1601 286565 202 510770 255385 8245 272485 1601 8245 1601 1601 286565 1601 1601 101 101 101 1601 1601 8245 1601 8245 1179397 8641625 1601 1601 8158685 101 272485 1601 1601 1601 1601 1179397 1601 8245 25925 101 101 370 10 1601 1601 1601 1601 74 1601 101 74 1624505 1601 101 10 1450 1601 10 74 1601 1601 1601 10 8245 272485 1601 1601 1601 1601 1601 1601 8245 1601 74 272485 1601 101 1601 370 272485 1179397 1601 101 1601 25925 255385 202 101 8245 101 101 1601 8245 272485 272485 1601 8245 8245 8245 236197 8245 1601 8245 1601 101 8245 101 1601 74 8245 74 1601 1601 8245 202 1601 1601 8245 272485 272485 1601 8245 101 10 286565 8245 8245 1601 202 666658 8245 1601 272485 1601 8245 312505 8245 8245 25925 1601 1601 101 202 74 272485 10 1601 1601 272485 101 74 1601 312505 1601 1601 74 8245 1601 272485 286565 25925 1601 101 372650 8245 8245 1179397 8245 612170 272485 255385 8245 74 1601 1601 1179397 1601 1601 101 1601 202 1601 74 25925 25925 8245 312505 1601 8245 1240025 1601 1601 179450 8245 612170 1240025 1601 8245 1601 1601 8245 1601 8245 1601 1601 666658 1601 25925 255385 8245 1601 1601 1179397 1601 101 10 8245 202 1179397 1601 8245 1601 272485 8245 1179397 8245 1601 1601 10 1601 1179397 1601 8245 1601 312505 8245 272485 10 202 8245 202 101 272485 101 202 286565 272485 74 1601 8245 1601 1240025 101 74 8245 272485 370 202 74 236197 202 8245 202 8245 74 202 10 1279625 6290 101 1601 1601 8641625 10 202 1279625 1179397 236197 202 8245 74 74 1601 25925 8245 286565 1179397 101 202 101 25925 101 12923530 1601 202 612170 74 1601 74 74 1179397 8245 1601 74 8245 1601 74 8005 6528650 10 272485 8245 612170 286565 8245 8245 1601 8245 101 1601 101 74 1601 272485 25925 25925 1601 1654865 101 272485 1601 25925 202 101 8245 1601 12923530 286565 8245 101 286565 10 286565 101 8245 1601 202 1601 370 1601 10 1179397 101 25925 8245 272485 101 1601 33802 8245 1601 101 370 1601 1179397 1601 74 1240025 1601 1601 272485 25925 272485 101 286565 1601 1279625 202 8245 286565 101 1179397 1601 1601 101 10 8245 1601 25719317 8245 101 1601 286565 272485 101 8245 1601 74 8245 101 101 1601 8245 25925 101 1601 286565 1601 272485 179450 1601 74 74 1450 1601 1601 4411625 1601 1601 272485 74 1601 1601 1601 8245 202 1179397 236197 272485 8245 101 10 74 842725 1601 286565 1601 8158685 202 74 25925 8245 8245 74 1601 25925 10 1601 8245 1601 202 101 1601 286565 101 202 1279625 74 1279625 1601 202 1601 10 8245 1601 1601 146450 25925 101 272485 272485 370 1601 74 1601 101 1601 202 1601 1601 101 255385 1601 202 8245 1601 1601 101 1576250 272485 202 101 202 8245 1240025 27050 370 202 1601 1601 
170 18685 202 1450 18685 18685 170 170 170 18685 170 202 170 170 170 18685 170 18685 170 170 202 202 202 18685 18685 202 170 18685 170 170 170 202 34 170 170 18685 18685 202 170 1450 170 170 18685 170 170 18685 18685 18685 170 18685 170 170 170 18685 18685 202 170 170 19018 202 18685 13450 13450 170 34 202 18685 112370 145802 18685 13450 34 34 170 170 13450 1450 202 202 202 13450 170 18685 2171570 13450 18685 202 170 170 170 170 18685 18685 13450 727402 13450 170 18685 18685 170 18685 18685 249010 170 170 170 170 202 170 18685 18685 18685 170 170 170 13450 18685 18685 18685 18685 170 145802 170 18685 112370 202 13450 13450 170 18685 1450 1450 34 34 18685 170 18685 18685 202 18685 170 18685 34 13450 13450 170 18685 170 170 13450 18685 202 34 18685 18685 170 202 170 18685 170 18685 13525 170 13450 170 1450 170 170 18685 34 1128970 170 170 170 13450 16035770 18685 170 18685 206890 18685 170 202 18685 170 18685 18685 18685 1450 170 18685 18685 18685 170 18685 170 18685 170 170 170 170 34 13450 170 18685 170 34 170 19018 18685 170 18685 170 18685 18685 13450 18685 170 170 34 18685 170 18685 170 170 145802 103520825 13450 18685 170 170 170 18685 13450 170 18685 18685 170 170 170 31248101 18685 18685 18685 170 18685 18685 18685 170 18685 170 170 170 34 170 18685 18685 463114 170 18685 18685 18685 170 170 18685 170 170 19014425 18685 18685 34 202 170 18685 202 18685 170 18685 202 34 170 170 34 170 18685 18685 18685 18685 170 18685 18685 34 170 18685 170 170 18685 170 18685 170 170 18685 18685 18685 170 13450 170 18685 18685 18685 18685 18685 170 13450 2076497 34 18685 18685 202 170 34 18685 170 18685 18685 18685 18685 182002 170 170 170 18685 18685 170 112370 34 13450 60850 18685 18685 18685 18685 18685 1450 170 202 170 170 34 170 18685 18685 18685 170 202 170 34 170 13450 13450 170 13450 170 18685 18685 170 1450 18685 170 463114 313634 118474 18685 170 1450 170 18685 170 170 170 18685 170 170 170 18685 170 170 13450 9548405 170 18685 18685 18685 170 170 18685 18685 18685 170 19018 13450 202 34 18685 34 18685 18685 13450 170 170 170 13450 18685 170 170 170 170 170 170 170 170 112370 13450 34 170 170 1018145 18685 182002 170 18685 206890 170 18685 170 18685 727402 18685 202 18685 170 170 170 2020202 170 31248101 18685 170 17478578 170 34 34 18685 170 18685 720002 202 170 13450 170 170 170 170 170 18685 18685 18685 170 170 170 170 18685 170 145802 18685 170 1018145 170 170 170 18685 13450 13450 18685 118474 34 18685 1018145 18685 18685 3745450 170 13450 727402 170 18685 18685 13450 18685 13450 170 170 1450 18685 170 170 18685 170 463114 170 18685 170 18685 202 18685 170 18685 18685 18685 170 18685 202 34 13450 170 13450 170 13450 170 170 13450 18685 170 18685 18685 18685 13450 170 170 18685 170 170 170 1018145 13450 170 170 206890 18685 18685 18685 18685 18685 18685 170 170 18685 18685 170 170 13450 18685 170 170 13450 170 13450 170 18685 170 727402 170 170 13450 170 18685 18685 18685 170 170 18685 170 13450 
5185 5185 1601 236197 1601 1601 381925 1601 1601 1601 1601 381925 1601 5185 5185 5185 1601 1601 1601 1601 5185 381925 5185 1601 381925 1601 1601 1601 381925 5185 1601 95225 1880650 612170 10 1601 5185 52955170 10 370 5185 1601 5185 1601 1601 1601 1601 5185 5185 89725 1601 5185 10 10 5185 1601 5185 1601 381925 1601 5185 5185 5185 1601 1601 49010 1601 5185 1601 5185 1601 1601 1601 1601 10 1601 1601 1601 5185 381925 5185 5185 5185 95225 835250 10 1601 10 381925 1601 1601 381925 1601 835250 1601 10 5185 1601 5185 255385 5185 8005 381925 1601 1601 1601 1601 1601 89725 1601 381925 10 5185 5185 10 1601 10 8005 1601 5185 1601 871202 1601 1601 5185 255385 1601 381925 1138250 1601 5185 1601 5185 5185 
49010 51077 49010 46085 46085 157625 46085 49010 46085 51077 46085 46085 51077 7907125 46085 157625 49010 46085 46085 49010 10 46085 309137 49010 46085 49010 51077 49010 46085 46085 49010 49010 10 46085 51077 46085 46085 51077 309137 46085 22552330 46085 815813 51077 309137 49010 46085 15716585 49010 46085 1069085 157625 49010 46085 46085 49010 51077 46085 49010 49010 46085 46085 46085 46085 4850 4850 46085 49010 157625 46085 51077 46085 46085 46085 46085 46085 24502501 49010 49010 49010 46085 157625 46085 800005 46085 51077 157625 51077 46085 49010 49010 46085 49010 309137 51077 4850 102154 49010 46085 46085 970 46085 46085 46085 46085 46085 51077 49010 49010 5834825 49010 46085 46085 157625 46085 4850 46085 46085 46085 51077 102154 46085 49010 49010 46085 46085 46085 46085 46085 873970 49010 49010 102154 46085 51077 800005 157625 49010 49010 102154 46085 49010 51077 51077 51077 46085 4850 46085 46085 17171717 51077 46085 157625 46085 7907125 46085 49010 46085 49010 10 49010 102154 46085 157625 49010 49010 49010 51077 4850 157625 49010 46085 46085 51077 49010 49010 819202 46085 49010 46085 157625 46085 538645 46085 49010 46085 157625 319615249 49010 51077 46085 46085 102154 49010 157625 46085 49010 1625 46085 46085 49010 49010 51077 46085 102154 46085 46085 51077 46085 46085 46085 51456325 46085 46085 49010 8908402 49010 49010 46085 46085 157625 51077 49010 49010 46085 49014485 46085 46085 49010 46085 46085 49010 46085 46085 800005 970 46085 51077 46085 51077 49010 51077 51077 46085 49010 17171717 10 51077 309137 4850 49010 46085 46085 46085 49010 46085 49010 49010 49010 309137 49010 157625 49010 49010 49010 309137 51077 46085 309137 38787985 46085 46085 51077 102154 4401605 46085 157625 49010 51077 49010 51077 157625 51077 46085 102154 46085 102154 49010 49010 46085 46085 46085 49010 46085 49010 49010 46085 157625 46085 157625 46085 46085 157625 49010 46085 46085 157625 49010 4850 49010 49010 49010 46085 46085 49010 49010 46085 157625 46085 49010 819202 46085 49010 51077 309137 49010 46085 46085 51077 10738730 49010 46085 46085 49010 46085 46085 46085 4850 46085 157625 46085 309137 46085 51077 10 157625 49010 46085 46085 49010 46085 4850 49010 46085 51077 49010 4850 46085 35356985 46085 49010 4850 157625 46085 46085 49010 4401605 102154 46085 15716585 49010 49010 51077 46085 819202 49010 49010 102154 49010 49010 46085 51077 51077 46085 46085 46085 46085 102154 49010 49010 49010 49010 49010 46085 49010 51077 46085 46085 46085 157625 46085 51077 46085 46085 49010 51077 49010 46085 46085 46085 49010 46085 46085 49010 157625 51077 157625 46085 46085 800005 49010 46085 46085 49010 51077 51077 46085 46085 10585 46085 49010 49010 157625 157625 49010 51077 49010 51077 157625 46085 51077 4850 46085 49010 49010 4850 49010 46085 46085 17288965 800005 46085 49010 309137 46085 51077 157625 46085 46085 46085 49010 102154 49010 157625 49010 49010 49010 46085 157625 46085 49010 51077 49010 46085 46085 46085 46085 49010 46085 157625 46085 4850 
46085 49010 157625 46085 157625 157625 49010 1802 49010 49010 46085 49010 49010 157625 46085 17171717 24050 157625 46085 46085 1258 49010 49010 49010 51077 49010 46085 49010 1258 8908402 1802 10 24050 157625 800005 49010 46085 46085 1802 49010 49010 46085 49010 49010 800005 46085 49010 4850 49010 157625 24050 46085 49010 4850 51077 49010 51077 46085 49010 49010 157625 46085 46085 49010 24050 46085 1295009 4850 46085 51077 46085 46085 4850 46085 49010 49010 49010 4401605 46085 1258 49010 49010 1258 49010 49010 309137 49010 46085 49010 46085 49010 157625 49010 10585 4850 1258 49010 50427785 49010 3197105 49010 309137 46085 51077 46085 157625 309137 49010 49010 157625 873970 46085 24050 157625 1802 49010 1258 4850 49010 49010 46085 800005 49010 4850 49010 74 46085 4850 46085 157625 51077 157625 49010 46085 46085 49010 49010 4401605 46085 46085 4850 49010 22898005 46085 49010 46085 49010 49010 1258 157625 46085 157625 157625 24050 49010 309137 49010 46085 49010 49010 309137 157625 4850 800005 51077 1258 1258 49010 49010 46085 1258 49010 49010 46085 46085 46085 46085 49010 49010 49010 49010 49010 157625 24050 46085 46085 46085 49010 1258 49010 49010 49010 49010 4850 1258 49010 49010 49010 157625 49010 49010 49010 46085 49010 1802 49010 21170 74 157625 49010 46085 49010 49010 46085 46085 46085 10 49010 24050 49010 4850 46085 49010 49010 49010 1258 49010 1258 4850 157625 49010 4850 49010 46085 157625 49010 49010 4850 46085 49010 49010 2699090 49010 24050 4850 49010 46085 24050 1258 49010 46085 102154 4850 46085 49010 46085 46085 157625 51077 46085 46085 46085 46085 49010 49010 46085 51077 49010 49010 46085 49010 157625 49010 1802 49010 49010 157625 49010 60810425 10 51077 102154 46085 49010 1069085 46085 49010 46085 49010 24050 51077 24050 49010 49010 49010 46085 157625 49010 49010 49010 309137 49010 46085 46085 49010 49010 46085 46085 46085 46085 49010 24050 46085 51077 46085 46085 49010 46085 1258 46085 4850 49010 1258 49010 49010 157625 46085 46085 49010 49010 46085 46085 46085 46085 49010 46085 46085 46085 49010 49010 46085 49010 49010 49010 46085 46085 24050 873970 46085 49010 46085 49010 49010 49010 49010 51077 49010 24050 309137 49010 46085 49010 49010 24050 46085 49010 10585 46085 46085 46085 157625 10 24050 46085 49010 46085 49010 49010 49010 24050 4850 49010 46085 24050 49010 49010 49010 46085 46085 46085 49010 46085 1258 49010 102154 46085 102154 49010 4850 46085 46085 1258 46085 1258 49010 49010 102154 51077 102154 49010 46085 49010 49010 46085 1258 49010 157625 49010 309137 49010 157625 309137 46085 49010 49010 157625 49010 1258 49010 1258 49010 46085 102154 815813 46085 49010 49010 46085 49010 46085 3069505 46085 10 49010 49010 49010 49010 46085 46085 157625 49010 46085 49010 49010 4850 46085 49010 1258 4850 49010 46085 46085 49010 157625 4850 4850 46085 800005 49010 46085 46085 49010 49010 1258 49010 49010 49010 46085 49010 309137 46085 49010 49010 49010 46085 157625 102154 49010 2900290 157625 157625 157625 46085 309137 46085 49010 46085 49010 49010 1258 46085 49010 24050 46085 49010 1258 157625 10 49010 51077 157625 51077 51077 4850 49010 1258 4850 49010 49010 46085 
74 101 101 10730 74 2425 8245 101 74 16825 101 74 16825 74 8245 31754 74 74 74 8245 74 74 101 4357 74 74 74 456977 4357 74 16825 74 2425 74 74 74 4357 16825 8245 101 74 4357 456977 74 74 202 74 74 103433525 8245 74 74 8245 74 101 16825 101 4357 74 74 74 74 74 1018145 8245 16193809 74 3396125 101 74 8245 370 101 74 74 101 74 74 74 74 74 4357 101 74 21353657 101 16825 74 74 456977 101 74 74 74 202 74 4357 74 2244005 202 74 74 74 16193809 74 16825 101 4357 4357 202 74 74 74 4357 101 363701 8245 16825 74 74 74 74 74 101 74 16825 16825 74 456977 8245 74 456977 785 101 74 4357 101 74 81163525 74 74 74 74 2720017 456977 74 456977 8245 16825 456977 456977 456977 74 74 74 74 74 4357 4357 74 74 101 74 101 190450 4357 363701 456977 8245 74 8245 16825 74 74 74 74 101 74 16825 74 101 101 74 101 4357 4357 8245 101 74 101 101 101 4357 16825 74 4357 16825 74 74 21353657 4357 74 190450 74 16825 74 74 74 74 74 74 190450 8245 16825 74 74 4357 4357 
10405 10405 6290 10405 10405 10405 10405 10405 10405 10405 10405 10405 15317 10405 10405 102154 202 239434 15317 10405 10405 10405 10405 276770 10405 239434 15317 10405 10405 10405 15317 276770 6290 1512901 10405 714425 10405 15317 4369 10405 10405 15317 10405 10405 276770 10405 10405 10405 15317 10405 29045 10405 10405 102154 4369 10405 10405 10405 10405 10405 15317 10405 4369 10405 102154 10405 202 10405 10405 15317 15317 169010 29045 15317 29045 15317 8245 4369 10405 15317 10405 102154 10405 4369 10405 239434 10405 4369 239434 4369 10405 4369 10405 15317 10405 121685 56942117 239434 15317 4369 15317 10405 15317 10405 4369 10405 10405 4369 10405 1116050 4369 4369 29045 10405 10405 15317 10405 10405 10405 4369 8245 10405 10405 102154 10405 10405 10405 29045 10405 4369 6290 15317 29045 10405 4369 10405 10405 202 10405 10405 464290 4369 10405 102154 15317 15317 10405 10405 4369 10405 10405 10405 15317 10405 10405 170 4369 239434 15317 10405 10405 10405 4369 10370 10405 15317 10405 102154 4369 10405 4369 10405 8304517 4369 10405 10405 10405 4369 10405 10405 10405 4369 104050 10405 15317 970 71978 15317 121685 29045 202 10405 10405 239434 4369 10405 10405 10405 4369 10405 10405 15317 10405 4369 15317 10405 6290 202 10405 202 459850 239434 4369 15317 4369 10405 10405 1512901 10405 10405 10405 4369 170 15317 15317 10405 4369 10405 10405 10405 10405 4369 10405 10405 29045 15317 6290 29045 10405 10405 10405 15317 10405 202 15317 10405 239434 15317 729625 4369 10405 4369 15317 104050 10405 729625 10405 10405 239434 6290 10405 29045 10405 10405 10405 10405 459850 4369 
10405 10405 10405 4369 10405 10405 10405 10405 15317 4369 10405 10405 102154 15317 10405 8908402 10405 10405 15317 464290 102154 239434 213500450 10405 10405 10405 4369 29045 15317 15317 10405 4369 104050 4369 29045 459850 15317 239434 8738 8245 10405 4369 4369 15317 4369 15317 10405 7911229 10405 8245 15317 10405 239434 15317 459850 970 102154 10405 3207154 10405 4369 10405 10405 11050 15317 29045 10405 459850 37970245 10405 10405 10405 10405 10405 10405 29045 15317 10405 4369 10405 4369 10405 4369 4369 15317 239434 3197105 10405 10405 10405 4369 273205 459850 10405 202 10405 15317 29045 10405 4369 15317 29045 10405 10405 121685 29045 10405 10405 10405 10405 10405 15317 15317 10405 10405 10405 10405 10405 10405 714425 170 8245 10405 10405 10405 4369 10405 4369 10405 10405 4369 10405 15317 10405 10405 15317 10405 4369 714425 10405 10405 102154 29045 8304517 459850 10405 10405 729625 15317 4369 10405 239434 459850 10405 10405 239434 202 10405 15317 10405 4369 459850 8304517 10405 10405 15317 10405 4369 10405 4369 102154 10405 10405 4369 10405 15317 15317 10405 15317 10405 276770 459850 15317 15317 4369 15317 121685 121685 459850 4369 4369 10405 10405 10405 10405 10405 4369 8738 15317 10405 120250 15317 10405 10405 10405 8245 10405 10370 8908402 10405 8245 15317 10405 10405 15317 10405 4369 10405 239434 8245 71978 10405 4369 15317 10405 15317 239434 10405 10405 10405 15317 4369 10405 10405 10405 4369 15317 170 29045 29045 10405 15317 10405 10405 10405 10405 10405 10405 10405 10405 10405 10405 10405 4369 10405 170 10405 15317 10405 10405 459850 276770 15317 15317 10405 15317 10405 15317 12023845 10405 239434 10405 10405 459850 10405 10405 10405 15317 10405 202 15317 10405 10405 4369 8304517 10405 464290 15317 239434 10405 15317 10405 10405 10405 15317 10405 10405 714425 276770 10405 15317 10405 10405 4369 10405 202 8245 15317 10405 10405 10405 15317 10405 10405 10405 4369 10405 4369 4369 10405 10405 10405 10405 8245 15317 121685 
170 170 170 170 170 170 170 170 170 170 170 170 11289601 170 170 170 18685 274432357 170 170 170 170 170 170 170 170 170 170 8245 170 170 170 34 170 170 18685 170 170 170 10405 170 18685 170 170 170 3745450 170 170 170 170 170 170 170 29045 34 170 170 170 170 170 170 170 170 170 170 170 206890 170 170 18685 170 4488010 170 170 170 170 170 170 170 170 170 170 170 170 170 170 170 170 170 6664085 170 29045 170 727402 18685 170 170 170 170 170 170 170 170 170 170 10405 170 170 170 170 10405 170 170 170 170 170 170 10405 170 170 170 170 112370 313378 170 170 170 170 170 170 170 170 18685 170 170 202 170 170 112370 170 170 170 170 10405 170 249010 170 170 61217 170 206890 170 170 170 170 18685 170 170 202 34 170 202 170 170 170 170 170 170 170 170 170 122434 170 170 170 170 170 170 170 61217 170 170 170 10405 10405 170 202 170 4488010 170 170 170 170 34 59170 8245 170 1812445 1211050 170 4488010 170 170 170 34 170 170 170 170 1050905 11289601 170 170 202 170 727402 170 170 8245 10405 10405 170 170 43690 170 170 170 170 1050905 170 34 170 1050905 170 1050905 170 170 10405 170 170 262450 170 170 727402 170 170 18685 170 170 170 170 170 170 170 170 1812445 170 170 170 18685 170 170 170 170 170 170 170 170 170 170 170 1818505 170 18685 170 10405 170 170 29045 18685 170 170 170 1450 170 1050905 170 170 170 170 170 170 59170 170 170 202 170 170 170 170 170 170 170 170 1450 170 61505617 29045 170 34 170 170 170 29045 11289601 170 170 170 170 170 170 170 10405 202 170 170 170 170 170 705633365 1450 18685 170 170 170 34 170 170 170 170 170 18685 18685 170 170 170 170 170 170 170 2728010 170 170 170 29045 170 170 170 170 170 170 170 10405 170 170 170 170 170 170 170 18685 170 170 170 29045 170 170 170 170 170 170 40269125 170 170 29045 18685 170 170 170 170 170 34 170 170 170 170 170 10405 170 170 29045 170 8245 170 18685 170 170 170 170 170 727402 170 170 170 170 170 170 170 170 170 170 170 18685 170 18685 40269125 170 1128970 170 8245 170 170 170 170 170 170 34 170 170 170 170 170 170 170 170 170 170 170 170 170 40269125 1050905 170 170 170 170 170 170 170 34 8245 170 170 170 170 59170 34 170 170 170 1632025 170 170 170 170 170 170 170 170 170 59170 170 170 170 10405 170 170 170 170 29045 34 170 170 1050905 170 170 170 170 122434 170 170 170 170 170 170 11289601 170 170 170 170 170 170 29045 170 170 170 7623317 170 170 170 170 727402 170 170 170 170 170 170 170 170 
1601 1601 5185 236197 5185 381925 236197 5185 1601 1601 5867090 5867090 882325 10 95225 5185 5185 1601 1601 1601 1601 5185 1601 1138250 10 1601 5185 255385 882325 381925 1601 1601 1601 5185 5185 381925 10 1601 8005 882325 5185 381925 1601 5185 1601 1601 10 1601 5185 5185 1601 1601 1601 1601 1601 381925 5185 8005 1601 1601 1601 1601 5185 1601 255385 255385 5185 835250 5185 1601 5185 1601 236197 835250 1601 1601 1601 2740553 1601 5185 1601 5185 1601 1601 1601 95225 1601 612170 5185 5185 255385 1601 2101810 1601 95225 1601 381925 255385 1601 10 1601 5185 10 5185 871202 10 1601 5185 5185 5185 1601 1601 236197 1601 1576250 1601 1601 255385 612170 1601 1601 188511317 1601 1601 1601 5185 1601 1601 1601 1601 1601 255385 1601 236197 95225 5185 1601 5185 1601 381925 1601 1601 5185 10 5185 4416394 835250 5185 5185 255385 1601 255385 1601 1601 1601 1601 5185 882325 5185 1601 1601 5185 5185 1601 1601 1601 1601 882325 1601 10 381925 1601 1601 1601 10 5185 1601 370 381925 1601 1601 5185 1601 5185 5185 1601 5185 381925 5185 1601 5185 1601 5185 1601 5185 1601 10 1601 1601 1601 1601 5185 5185 5185 1601 1601 95225 1601 5185 10 10 1601 5185 381925 1601 5185 1601 5185 1601 5185 1601 1601 10 5185 1601 882325 1601 1601 1601 1601 1601 255385 1601 1601 1601 381925 381925 381925 1601 612170 1601 381925 236197 1601 1601 1601 5185 10 1601 1601 5185 1601 95225 45796010 5185 5185 5185 5185 95225 5185 370 1601 4631105 5185 1601 5185 1601 1601 1601 835250 1601 5185 1601 1601 5185 381925 5185 5185 10 1601 10 835250 10 1138250 1601 1601 5185 236197 4631105 37601794 1601 1601 5185 5185 5185 5185 1601 5185 1601 1601 1601 1601 10 1601 381925 1601 381925 10 835250 1601 381925 5185 1601 5185 5185 5185 1601 1601 1601 5185 5185 5185 5185 5185 5185 5185 1601 1601 1601 1601 236197 18316565 1601 10 5185 1601 5185 1601 5185 1601 882325 5185 1601 1601 1601 5185 882325 10 236197 1601 381925 1601 370 1601 1601 1601 95225 1601 1601 1601 230004169 5185 5185 5185 1601 5185 1601 1601 10 1601 10 5185 1601 5185 1601 1601 1601 1601 1601 5185 10 5185 1601 1601 5185 1601 1601 5185 370 255385 1601 1601 10 1170325 118474 1601 381925 381925 1601 5185 5185 1601 236197 5185 1601 5185 1601 1601 10 1601 1601 1601 5185 1601 1601 1601 5185 5185 1601 1601 1654865 1601 5185 1601 5185 5185 381925 5185 1601 1601 1601 882325 1601 1601 1601 95225 10 5185 5185 1601 5185 5185 1601 5185 255385 236197 5185 255385 2883205 381925 835250 1601 381925 1601 10 10 1601 1601 5185 1601 1601 1601 1601 1601 1601 882325 255385 1601 1601 5185 5185 1601 1601 1601 236197 1601 381925 10 1601 381925 5185 882325 1601 1601 1601 882325 95225 381925 1601 1601 95225 1601 381925 1601 1601 5185 370 5185 5185 1601 5185 5185 5185 1601 1601 1601 1601 5185 1601 5185 1601 1601 10 95225 5185 1601 1601 5185 5185 1601 5185 1601 1601 1601 1601 370 5185 1601 95225 1601 1601 1601 1601 1601 5185 5185 370 10 1601 1601 835250 1601 1601 1601 
17 17 17 43690 1601 89725 17 12325 17 17 17 17 89725 17 17 884425 17 720002 17 17 17 89725 17 1002530 679225 12325 12325 1601 1601 7474 17 1601 17 17 89725 12325 17 10 17 9802 12325 10 9802 9802 17 17 17 17 17 865930 9802 17 126897605 45002 9802 17 17 17 12325 9802 12325 1601 12325 9802 9329785 17 1133458 45002 17 17 17 17 17 17 17 17 17 17 10 17 17 2106385 9802 17 12325 1601 10 17 1002530 17 17 17 17 17 765034 9802 45002 17 4651250 12325 17 1601 9802 1601 10 1601 17 9802 12325 17 12325 272485 10 17 17 45002 1601 89725 17 9802 9802 17 12325 45002 17 9802 9802 720002 12325 17 2106385 17 17 1002530 3411385 17 10 10 9802 2106385 17 17 17 720002 17 17 17 10 17 1601 1002530 17 1002530 9802 9802 17 17 9802 17 17 17 17 17 17 9802 25925 17 17 1601 17 17 12325 9802 17 17 17 9802 9802 89725 12325 17 17 17 17 10 17 12325 17 45002 9802 10 1601 17 17 17 9802 17 9802 1601 9802 17 10 12325 12325 17 17 17 10 45002 884425 17 9802 17 17 17 12325 17 884425 17 17 12325 17 17 1002530 9802 17 12325 17 17 9802 17 1601 9802 45002 1383850 17 12325 10876805 1601 12325 12325 12325 12325 12325 12325 17 17 17 1601 17 17 17 1472330 6356597 17 720002 865930 17 17 9802 9802 17 12325 441010 17 6356597 17 17 17 17 17 89725 1601 12325 17 17 17 25925 17 17 17 12325 89725 17 17 12325 9802 17 1002530 17 188281717 17 9802 9802 1133458 17 17 17 17 9802 17 10 12325 9802 1601 17 720002 17 17 17 89725 415874 17 89725 17 48674 17 1002530 9802 9802 17 3925 17 17 17 9802 7474 17 17 10 1601 1601 1601 17 17 9802 1601 45002 17 17 17 12325 12325 17 17 12325 1601 1601 17 9802 17 17 9802 1601 9802 10 17 4181834 17 17 17 9802 17 9802 1002530 17 17 17 115202 12325 17 17 17 12325 12325 17 17 17 884425 17 17 17 56070145 17 1601 17 9802 9802 45002 9802 17 17 17 17 9802 17 17 17 17 17 45002 1002530 17 17 9802 17 7474 12325 17 17 884425 17 1601 17 17 17 17 17 9802 17 17 1601 12325 45002 17 1601 17 9802 12325 1601 43690 12325 45002 17596885 9802 17 9802 9802 17 10 12325 17 17 17 1601 17 12325 720002 12325 9802 9802 48674 720002 10 89725 17 17 9802 17 17 17 7474 9802 9802 9802 12325 1002530 17 9802 12325 17 884425 17 9802 17 17 17 9802 6751225 17 12325 17 17 17 10 1002530 89725 17 3925 12325 89725 1601 9802 17 679225 17 12325 17 865930 9802 12325 1601 884425 17 45002 190450 1601 17 190450 48674 48674 12325 12325 17 17 9802 10 9802 12325 1601 1601 17 17 21785 17 17 17 9802 1002530 17 31900345 12325 9802 1002530 17 17 9802 679225 12325 17 1002530 17 1383850 17 12325 17 1002530 17 17 12325 17 1601 45002 9802 17 1002530 1601 1601 17 12325 9802 765034 17 9802 1002530 17 89725 1601 17 17 17 12325 17 10 17 17 17 10 12325 17 89725 9802 17 9802 884425 12325 17 17 679225 1601 17 1002530 17 17 17 17 9802 1002530 
19018 85 85 85 3530 17945 3530 3530 85 85 3530 5008645 3530 85 3530 85 3530 85 3530 465125 19018 36101 85 21170 85 239434 3530 3530 3530 85 695185 3530 202 85 36101 85 19018 85 85 85 85 85 85 85 85 85 3530 2036290 85 85 17945 36101 36101 5 3530 17945 5 3530 3530 465125 3530 3530 3530 5 3530 85 85 85 85 85 3530 85 36101 85 3530 19018 5 85 85 19018 465125 19018 85 17945 85 85 4753970 85 85 3530 85 85 85 3530 85 3530 3530 3530 85 85 3530 85 85 3530 85 3530 85 19018 85 29955250 85 239434 5 3530 5 85 3530 85 85 85 36101 85 85 85 3530 85 10730 85 465125 85 17945 239434 85 85 85 3530 129785 465125 85 3530 2657525 85 3530 3530 85 85 85 3530 85 19018 36101 36101 36101 465125 3530 3530 85 36101 3530 17945 3530 85 85 3530 36101 3530 85 239434 202 85 85 3530 465125 465125 85 3530 85 465125 3530 85 85 3530 85 3530 85 465125 3530 85 3530 3530 36101 3530 85 3530 3530 3530 465125 36101 3530 3530 239434 85 85 5 85 3530 85 17945 85 36101 36101 85 3530 3530 3530 85 85 3530 36101 465125 17945 85 85 465125 3530 3530 36101 3530 36101 85 85 74 85 3530 85 85 3530 3530 85 85 465125 148138 17945 36101 5 19018 1312202 465125 465125 17945 85 465125 3530 85 36101 85 36101 3530 8825 85 85 85 85 85 17945 85 85 3530 85 36101 3530 85 85 85 3530 3530 3530 85 85 243370 85 3530 85 17945 3530 85 65650 85 85 3530 2657525 17945 85 85 85 3530 148138 5 85 3530 3530 3530 19018 3530 239434 85 85 3530 36101 3530 85 85 65918450 3530 85 85 85 17945 85 85 3530 3530 85 3530 36101 85 85 36101 36101 36101 465125 202 3530 85 3530 3530 85 85 85 85 465125 202 3530 3530 85 17945 85 3530 3530 85 85 17945 85 85 85 148138 85 465125 148138 3530 5 85 17945 3530 85 85 36101 36101 85 85 85 85 85 85 85 17945 85 3530 85 3530 85 3530 85 85 3530 85 3530 85 85 85 465125 3530 85 85 85 3530 65650 19018 465125 
3530 202 3530 3530 5270770 202 3530 19018 202 85 202 85 505 202 4977785 202 5 505 3530 19018 3530 85 3530 505 202 505 85 3530 8245 3530 202 202 85 85 17945 202 3530 2036290 2036290 202 202 202 118876885 85 1717 202 505 3530 202 3530 3530 202 85 240101 202 3530 8245 3530 3530 3530 505 85 17945 3530 85 940325 85 17945 202 505 85 3530 85 17945 202 17945 1256785 85 8245 3530 3530 1717 3530 5 3530 85 940325 202 202 85 3530 3530 202 85 843050 19018 202 85 202 3530 19018 3530 55114 85 1717 3530 202 3530 85 85 3530 202 85 85 85 85 63370 3530 19018 202 85 17945 3530 505 202 3530 3530 3530 85 3530 3530 85 1717 85 85 3530 202 3530 3530 3530 87044165 17945 3530 202 1717 85 202 85 202 240101 3530 3530 1717 202 5 85 940325 240101 202 3530 3530 3530 3530 3530 686450 85 3530 17945 85 3530 85 63370 85 202 17945 202 3530 85 17945 3530 434314 3530 3530 3530 17945 452327825 17945 85 202 3530 148138 3530 3530 202 85 1717 85 17945 3530 3530 17945 85 202 85 1717 202 5 202 118630165 55114 19018 85 202 202 202 17618050 202 202 202 202 7527530 85 3530 202 202 3530 1717 3530 202 5 85 32426089 1717 85 202 940325 85 240101 1717 17945 55114 505 85 148138 202 19018 3530 202 85 85 202 202 3530 202 202 202 85 85 202 3530 940325 85 505 85 3530 3530 1717 85 3530 85 1717 202 1717 3530 85 1717 85 3530 85 85 3530 202 505 3530 85 202 505 3530 85 202 240101 3530 3530 3530 3530 3530 940325 202 202 1717 202 3530 1717 1717 85 202 3530 202 240101 1717 17945 85 3530 17945 3530 1717 3530 55114 17945 202 156658 85 19018 3530 3530 179945 3530 17945 3530 202 19018 1717 74 85 17945 3530 85 202 3530 202 202 17945 240101 3530 202 1717 85 505 85 202 3530 17945 28995829 202 3530 3530 3530 3530 85 1717 4977785 85 85 202 202 17945 8245 202 202 1717 85 202 17945 240101 1717 202 85 202 3530 202 202 3530 148138 1717 19018 3530 3530 85 202 3530 85 3530 202 3530 1717 5 202 3530 5 77450 202 1717 3530 55114 17945 202 3530 1717 3530 3530 3530 1717 202 505 3530 505 85 3530 505 202 74 19018 77450 3530 202 202 85 202 85 202 2178005 85 19018 202 202 202 19018 202 85 1717 202 202 3530 1717 202 202 202 85 17945 23876330 1717 2547217 85 85 202 3530 202 19018 202 202 1717 202 1717 17945 202 1717 202 1717 1717 3530 85 77450 85 1717 202 240101 202 202 202 21829025 1717 202 202 202 85 202 85 17945 17945 202 3530 5 85 19018 85 85 3530 202 3530 3530 3530 3530 505 85 3530 3530 202 202 202 3530 1717 202 1717 1717 3530 202 202 202 240101 1717 3530 202 202 505 202 5550925 85 3530 3530 55114 3530 156658 85 77450 85 3530 85 50181125 85 3530 3530 202 4904714 3530 3530 202 3530 3530 3530 17945 3530 3530 1717 3530 202 202 85 202 3530 202 3530 17945 19018 118630165 686450 202 85 202 19018 3530 85 505 
3530 3530 1601 3530 3530 1717 17170 3530 85 5 5185 85 1601 3530 202 1717 5 1601 3530 5 85 370 3530 3530 1601 370 1717 3530 85 1880650 19018 1601 1717 5185 3530 85 255385 5185 3530 202 85 1601 1717 1601 202 1601 5185 17945 3530 5185 5185 3530 1717 255385 85 3530 1601 1717 3530 236197 871202 3530 1601 85 85 85 5185 85 85 3530 1601 19018 1601 1601 5185 3530 3530 3530 3530 19018 85 3530 85 17945 3530 3530 3530 85 3530 85 85 10 17945 3530 3530 255385 3530 1717 202 1880650 1717 10 10 3530 3530 3530 85 5185 17945 236197 3530 19018 1601 17945 3530 1717 3530 3530 3530 1601 5185 5185 5185 5185 3530 1717 3530 3530 85 1601 5185 85 85 17945 1717 85 1601 5185 3530 85 1601 1601 1601 10 3530 3530 3530 3530 17945 3530 1601 17945 1717 85 85 1717 1601 5185 17945 3530 85 3530 3530 3530 255385 85 95225 3530 1717 5185 3530 3530 2036290 1601 2325625 85 236197 3530 5185 3530 3530 5 85 2036290 255385 85 
19018 3530 3530 85 85 13525 18685 13450 13450 465125 85 465125 3390410 118474 3530 18685 19018 465125 3530 3530 19018 3530 3530 3530 85 13450 19018 18685 3530 51850 8825 3530 3530 85 3530 17945 85 13450 3530 34 19018 3530 3145 170 465125 144761945 13450 3530 19018 3530 3530 3530 18685 85 3530 19018 18685 3530 17945 19018 3530 18685 19018 17945 19018 3530 3530 13450 19018 465125 3530 85 85 85 4460545 17945 3530 3530 3530 3530 13450 18685 18685 3530 18685 3530 3530 17945 3530 3530 3530 3530 3530 17945 3145 19018 3530 18685 3530 18685 19018 85 13450 465125 3530 118474 3530 17945 3530 3530 5008645 465125 85 465125 3530 465125 465125 3530 3530 13450 3530 3530 4460545 2513570 19018 3530 370 85 465125 465125 13525 18685 465125 9487370 21234250 85 3530 18685 3530 18685 19018 19018 85 3530 3530 18685 17945 3530 17945 3530 18685 170 19018 19018 17945 3530 3530 3145 170 19018 17945 85 18685 5657525 3530 17945 170 19018 3530 3530 3530 3530 3530 85 3530 18685 3530 18685 182410 18685 13450 19018 3530 19018 85 19018 3530 85 19018 85 3530 18685 3530 3530 3530 465125 85 18685 18685 3530 13450 19018 18685 13525 3530 13450 3530 18685 19018 370 170 370 3530 19018 19018 465125 3530 25456925 85 3530 18685 19018 3530 18685 3530 19018 18685 13450 51850 3530 3530 19018 3530 145802 19018 85 3530 19018 18685 18685 3530 19018 85 145802 18685 13450 19018 34 85 19018 13450 85 3530 18685 17945 18685 19018 465125 3530 3530 3530 18685 3530 85 19018 3530 19018 3530 18685 465125 465125 465125 18685 19018 3530 85 18685 18685 1227434 3530 19018 85 85 18685 3530 19018 19018 17945 3530 2513570 3530 19018 19018 465125 17945 54434 3530 19018 13450 3530 2513570 3530 3530 3530 465125 13450 19018 13450 465125 19018 3530 19018 18685 3530 145802 13450 19018 13450 13450 85 19018 13450 18685 3530 19018 170 85 17945 18685 18685 19018 17945 3530 13450 19018 19018 3530 18685 3530 3530 3530 19018 19018 18685 3530 19018 3530 13450 17945 17945 19018 3530 19018 19018 85 13450 3530 3530 1058005 3530 19018 3530 3530 3530 145802 13450 17945 13450 3530 3530 370 3530 465125 10730 13450 13450 465125 170 17945 19018 85 18685 19018 17945 18685 465125 19018 17170 170 465125 465125 3530 3530 13450 18685 3530 170 465125 19018 361010 3530 3530 19018 18685 3530 3530 3530 18685 19018 3530 18685 85 85 3530 18685 3530 3145 3530 18685 5657525 3530 85 3530 19018 13450 3530 13450 3530 3530 2513570 3530 34 465125 19018 13450 85 19018 18685 3530 18685 465125 18685 19018 18685 18685 18685 18685 3530 12023050 18685 19018 19018 3530 3530 3530 3530 13450 19018 19018 18685 202 3530 85 3530 465125 18685 13450 18685 19018 3530 85 19018 3530 85 3530 18685 3145 465125 85 18685 18685 465125 19018 3530 3530 202 18685 19018 18685 13450 13450 170 13450 3530 19018 14160250 3530 85 51850 85 85 3530 18685 85 19018 18685 13450 465125 202 3530 51638597 18685 13450 465125 3849850 3530 3530 13450 21234250 3530 19018 34 17945 544970 18685 3530 5657525 18685 3530 
10 300469625 1002530 9802 10 1002530 1047370 17 1717 89725 17 12325 17 17 17 17 17 9802 9802 17 9802 9802 12325 12325 1002530 1717 12325 161209 12325 1133458 12325 17 17 17 17 1717 12325 1717 10 9802 17 1002530 9802 17 1717 1717 10 17 9802 7474 1717 17 1717 10 9802 12325 1717 9802 10 10 17 10876805 17 1717 10 1717 7474 10 1717 12325 12325 17 12325 17 17 1002530 1717 9802 1717 12325 1717 17 89725 1717 17 1002530 12325 1717 1717 161209 12325 17 12325 17 1717 12325 12325 12325 12325 9802 1717 12325 17 9802 1717 12325 1717 1717 9802 10 9802 10 12325 1717 17 1717 9802 12325 884425 1717 17 9802 12325 1924925 9802 1717 10 12325 12325 17 1002530 25220485 1133458 1383850 9802 17 12325 324010 7474 17 17 25989605 17 1002530 1717 1717 17 1472330 12325 17 1717 323402 10 17 17 9802 1717 17 4761010 12325 17 12325 12325 1002530 1717 1717 7474 89725 9802 12325 9802 9802 9802 17 17 12325 9802 12325 12325 1717 17 1717 10 1717 12325 323402 9802 17 17 17 17 12325 9802 884425 1717 1717 17 17 9802 10 17 17 9802 17 9802 884425 1717 12325 765034 1717 
170 170 18423410 170 170 18685 18685 17 170 18685 170 18685 170 18685 170 170 170 170 34 170 145802 170 170 170 18685 1450 170 170 170 170 170 18685 170 18685 17 1450 18685 34 170 34 18685 170 18685 170 206890 170 170 170 170 170 18685 727402 170 170 170 170 34 170 170 170 170 18685 170 112370 170 18685 18685 170 170 18685 34 18685 18685 18685 18685 170 170 170 170 170 18685 18685 170 170 170 40269125 170 18685 18685 170 170 112370 170 170 170 170 1050905 18685 170 170 18685 170 170 170 170 170 170 1050905 4488010 34 170 1632025 34 18685 170 170 18685 170 170 170 18685 170 170 18685 170 
34 34 170 18685 170 6356597 18685 170 170 170 9802 18685 18685 89725 1133458 170 17 170 18685 18685 18685 18685 170 170 170 9802 170 18685 9802 2171570 170 170 43690 170 89725 18685 170 170 18685 170 170 17 170 170 10 18685 170 10 34 170 170 89725 727402 170 170 170 170 170 170 18685 727402 18685 18685 170 170 18685 18685 170 18685 18685 18685 170 18685 170 34 727402 18685 18685 43690 18685 170 18685 18685 43690 18685 170 18685 170 170 18685 9802 10 9802 18685 170 18685 170 18685 118474 1918450 18685 961010 170 170 170 170 170 118474 170 727402 170 
1601 1601 1601 3925 34 3925 3925 1601 3925 3925 3925 25925 103970 3925 1601 1601 34 17 3925 1601 8005 25925 1601 3925 25925 1601 1279625 312505 3925 1601 3925 8005 25925 1179397 10 312505 17 3925 3925 45002 3925 3925 1601 3925 5667290 176290 8005 32672657 17 1601 272485 1601 3925 25925 3925 3925 1601 3925 3925 25925 34 18685 25925 3925 272485 1601 596234 1179397 1601 34 45002 103970 1601 3925 3925 176290 3925 1601 3925 34 3925 1601 1601 236197 3925 1601 3925 3925 45002 34 3925 3925 3925 25925 3925 3925 272485 272485 17 103970 34 2679625 25925 3925 34 3925 236197 3925 3925 272485 25925 1601 45002 25925 272485 312505 8005 1601 2679625 3925 3925 3925 8005 3925 1601 3925 272485 34 3925 1601 1601 1179397 33802 1601 272485 34 
5410 3736394 58325 5185 5185 51077 95225 5185 51077 1258 5410 1258 1047370 51077 1258 1258 5185 1465474 5185 5185 51077 5185 89032565 1258 1258 1258 1258 1258 55114 51077 1743625 5185 882325 1258 1258 5410 1258 58325 5185 185 5185 1258 5185 1258 1258 51077 1258 51077 1258 51077 5185 1258 1258 1047370 1258 5185 1258 1258 5410 5185 1258 1258 1258 1258 1258 370 5185 370 51077 381925 89032565 5185 1601 1258 1258 1258 5185 1258 58325 1258 1258 1601 1258 51077 1258 3889625 882325 2917265 5410 1258 1258 882325 1258 381925 1258 1258 1258 5410 1258 5185 1258 1258 5185 882325 1258 1258 1258 58325 1258 1258 1258 1258 882325 1601 381925 370 5185 882325 1258 5410 5410 1258 51077 5410 1258 1258 5185 5185 1258 1258 1258 51077 1258 58325 882325 1258 186267905 1258 51077 1258 1258 5185 95225 5185 5185 51077 1258 51077 5185 5185 1258 5185 5185 58325 5185 58325 51077 1258 1258 5410 58325 1258 58325 1258 95225 1258 1258 1258 5185 1258 1258 51077 1258 1258 370 1258 5185 1258 1258 95225 5185 1258 3736394 1465474 1258 51077 58325 1258 1258 5185 765034 1258 2917265 1258 5185 1258 1258 1258 5185 1258 58325 95225 1258 51077 1258 95225 1258 5410 5185 1258 1258 2917265 1258 5185 5185 5185 5410 51077 5410 1258 882325 625010 1259557 51077 5410 30634 1258 5185 1258 5185 1258 51077 5185 5185 5410 1258 1258 1258 1258 95225 1170325 1258 5185 5185 1258 882325 1258 1258 1258 882325 51077 1258 1258 882325 381925 381925 5185 5185 1258 1258 5185 882325 5185 5185 5185 51077 1258 882325 1743625 1258 1258 1258 5185 58325 903170 370 1258 1258 882325 5410 1258 381925 882325 5185 2917265 5410 381925 882325 5185 1170325 51077 58325 5185 1258 1258 1258 5410 835250 835250 5185 5185 51077 51077 51077 5185 903170 5410 1601 1258 1258 370 1258 5185 2917265 1258 5410 5185 1258 1258 1601 1258 58325 192085 370 1258 5185 5185 1258 5410 1258 882325 1258 1465474 1258 
170 10738730 61217 170 45002 170 45002 170 17 170 170 35392825 170 45002 45002 17 17 45002 720002 170 720002 170 170 170 261994 17 17 17 45002 17 45002 45002 679225 17 170 17 170017 170 170 45002 17 45002 170 170 170 679225 170 61217 17 61217 112897 1486090 170 43690 45002 17 720002 45002 43658050 45002 170 170 17 170 273205 170 43690 170 170 170 112897 170 45002 45002 45002 720002 45002 45002 45002 45002 17 17 170 45002 170 45002 170 45002 17 679225 45002 170 45002 170 17 17 170 170 17 170 170 170 45002 57851237 170 45002 45002 17 261994 170 17 170 61217 17 17 261994 112897 720002 17 45002 170 170 45002 170 45002 45002 17 17 679225 17 679225 170 17 170 261994 17 43690 112897 170 112897 17 17 43690 2570 170 170 170 720002 45002 112897 170 170 17 26810645 170 20848357 45002 170 679225 45002 17 679225 45002 45002 170 170 45002 45002 170 170 17 17 45002 170 17 45002 261994 17 45002 170 17 170 45002 17 170 17 17 45002 170 679225 17 170 45002 112897 83153410 170 45002 17 45002 170 45002 679225 45002 17 170 45002 679225 45002 170 679225 17 170017 45002 45002 170 45002 45002 170 45002 170 170 170 4234 17 170 17 679225 170 170 170 112897 679225 170 17 170 45002 17 170 17 17 170 45002 170 61217 112897 45002 170 170017 170 170 17 45002 170 61217 170 45002 170 38864725 45002 45002 45002 170 61217 170 17 170 170 61217 45002 112897 170 170 170 45002 17 17 170 45002 170 112897 170 45002 170 17 679225 170 679225 45002 720002 170 112897 170 45002 17 170 17 45002 720002 45002 170 170 170 17 17 61217 170 170 170 17 17 17 17 45002 170 17 17 720002 170 170 170 45002 170 45002 720002 45002 45002 61217 170 43690 17 720002 170 17 45002 17 170 45002 45002 45002 9802 679225 170 61217 45002 61217 17 45002 45002 170 112897 17 45002 17 170 170 170 45002 61217 61217 170 112897 170 170 170 170 76585 170 17 2700490 43690 17 61217 170 1534754 170 61217 720002 170 679225 45002 170 170 170 45002 45002 17 17 170 261994 9802 17 45002 170 45002 170 170017 45002 45002 131665 170 170 170 17 17 170 170 45002 17 45002 170 17 170 170 170 45002 170 45002 170 45002 170 45002 170 45002 679225 17 170 170 9168970 45002 170 112897 170 17 170 17 170 61217 679225 45002 45002 170 45002 170 45002 170 45002 720002 17 170 17 170 61217 170 112897 9802 261994 17 170 12136825 17 170 170 112897 170 17 170 17 261994 45002 45002 170 170 17 170 17 720002 170017 170 45002 170 45002 170 679225 17 170 45002 45002 170 261994 
19018 19018 36101 19018 13450 18685 18685 19018 19018 85 13450 18685 19018 465125 170 19018 13450 18685 465125 13450 34 18685 170 36101 18685 43690 19018 170 170 18685 18685 34 18685 170 370 18685 34 18685 18685 19018 19018 18685 13450 19018 19018 36101 19018 3145 18685 19018 18685 34 18685 19018 18685 170 18685 19018 13450 18685 13525 36101 36101 18685 170 18685 13450 34 13450 85 170 4604330 18685 19018 18685 19018 13450 18685 19018 18685 18685 18685 18685 18685 170 19018 170 19018 18685 36101 34 465125 13450 18685 18685 18685 13450 19018 85 18685 18685 370 18685 85 13450 13450 19018 13450 18685 13450 34 19018 3145 19018 18685 18685 1450 465125 18685 206890 51850 18685 18685 170 18685 18685 18685 19018 19018 13450 18685 170 18685 13450 36101 18685 34 19018 13450 13450 19018 18685 370 170 13450 19018 85 18685 18685 19018 34 18685 19018 19018 18685 18685 36101 18685 170 13525 18685 19018 3145 170 3145 170 170 13450 48944017 18685 727402 170 170 36101 1450 170 13450 19018 1601 170 13450 19018 3145 19018 170 13450 170 85 18685 36101 18685 1018145 18685 85 19018 18685 18685 18685 19018 262450 170 170 36101 1450 34 18685 3145 36101 118474 34 19018 13450 206890 36101 18685 3145 19018 18685 118474 18685 19018 34 18685 36101 1450 13450 18685 18685 18685 18685 465125 18685 18685 18685 465125 465125 170 19018 18685 19018 18685 170 18685 13450 18685 170 18685 13450 19018 19018 85 13450 13450 18685 18685 18685 19018 19018 13450 1450 170 18685 18685 3145 34 145802 170 13450 36101 36101 18685 18685 13450 13450 85 19018 36101 170 19018 36101 36101 1450 18685 13450 370 5657525 36101 18685 19018 36101 19018 13450 13450 13525 170 170 727402 
3925 5326865 8005 3925 34 312505 34 6290 4369 34 312505 34 312505 312505 3925 34 970 1089010 34 6290 312505 14205650 34 4369 1240025 3925 34 312505 34 3925 34 34 34 312505 34 3031865 3925 34 34 291850 1512901 34 312505 34 4369 4369 10405 34 3925 34 34 312505 4369 34 3925 34 291850 4369 4369 34 34 8005 34 103970 34 3925 3925 34 3925 34 3925 34 34 34 4369 34 34 6528650 6290 34 3031865 34 34 34 8005 34 34 8005 2679625 3925 15317 34 34 312505 10405 312505 34 6290 34 312505 4369 34 34 34 15317 34 34 34 6290 34 8005 34 3925 34 3925 34 34 34 312505 34 6290 312505 34 34 34 34 8005 4369 312505 34 1089010 34 34 34 34 312505 6290 4369 34 3925 34 312505 35832197 312505 34 34 5551114 15904145 34 3031865 8005 316850 15317 130610 1174898 
1258 16589450 1570 1258 5185 1258 1258 166685 58325 903170 34 1258 1258 1258 1258 1258 1258 1258 51077 34 1258 1258 1258 1258 903170 51077 51077 1010 1258 1258 5185 1258 1258 1258 34 1258 51077 58325 5410 4369 381925 882325 1258 882325 1258 1258 1258 1258 1258 5410 882325 1258 1258 1258 1258 1258 1570 51077 1258 1258 51077 1258 95225 5410 1258 51077 1258 10405 51077 1258 15317 1258 51077 1258 1010 51077 1258 1258 58325 34 1258 51077 903170 882325 1258 16830034 34 5185 51077 51077 903170 58325 903170 51077 51077 1258 1258 1258 1258 1570 1258 1258 58325 1258 51077 51077 34 10405 1258 1258 370 882325 15317 51077 5410 51077 51077 51077 51077 5410 51077 1258 1258 51077 1258 381925 1258 1258 51077 1258 10405 1258 51077 51077 1258 166685 5410 51077 1258 51077 882325 1258 51077 1170325 1258 1258 1258 1258 1258 34 1258 185 275570 1258 370 1258 51077 34 1258 1258 1258 51077 1258 1258 1258 5185 51077 58325 15317 11803445 1258 882325 51077 34 1258 51077 51077 149817601 51077 5185 15317 1258 58325 95225 58325 1258 1010 51077 51077 1258 1258 95225 1258 51077 381925 1258 51077 1258 51077 1258 51077 1258 51077 1258 1258 1258 1570 51077 1258 381925 1089290 10405 34 1258 51077 1258 51077 1258 2917265 1570 1258 1258 1258 51077 4369 4369 1031050 1258 903170 1258 1258 370 370 11803445 1258 1258 51077 882325 1258 1258 1258 1258 1258 1258 51077 51077 51077 51077 51077 51077 1258 1258 1258 381925 10405 51077 5410 370 370 1258 51077 1258 1010 1258 381925 10405 15317 1258 1258 30634 58325 1258 10405 381925 51077 1258 1258 1258 51077 1258 1258 1258 1258 5185 1258 1258 1258 1258 1258 51077 1258 1258 34 34 51077 34 2917265 1258 1258 15317 1258 1258 51077 30634 51077 1258 3736394 1258 51077 51077 51077 1258 1258 34 1258 51077 1258 1258 5410 1258 1010 1258 21756985 1010 1258 1258 5410 1258 10405 1258 1258 10405 34 1258 4369 10405 51077 34 2917265 5185 903170 882325 381925 1258 1258 1258 1258 1258 1258 51077 34 1258 3889625 1258 51077 408850 1010 882325 1258 15317 1258 3802501 1258 1258 10405 1258 15317 1258 51077 51077 15317 51077 1258 34 1010 5410 1258 10405 34 1258 1258 1258 1258 1258 51077 1258 51077 1258 1570 1258 1258 4369 1258 58325 1258 1258 1258 1258 408850 1258 1258 1259557 381925 58325 1258 1258 5005450 1258 1258 1258 381925 51077 1258 51077 1258 34 51077 1258 1258 5410 51077 1570 15317 1258 34 1258 51077 2917265 51077 4369 1258 1258 1258 
4357 74 2425 74 4357 2425 188065 74 363701 188065 4357 74 16825 74 74 16825 16908125 74 4357 74 16825 74 11530402 3723850 74 74 74 74 4357 4357 74 74 188065 4357 74 74 2425 74 16825 4357 363701 74 4357 16825 74 4357 188065 4357 74 4357 4357 370 74 4357 4357 4357 74 1654865 74 16825 74 2517770 74 74 188065 16825 74 74 4357 74 31754 74 16825 74 4357 4357 31754 1654865 74 74 74 74 188065 16825 4357 4357 74 74 4357 1654865 74 188065 188065 74 74 16825 363701 4357 74 4357 4357 4357 74 74 74 74 74 74 4357 188065 74 74 74 74 1654865 16825 74 4357 74 4357 4357 74 74 4357 4357 4357 74 10730 74 4357 74 4357 74 4357 74 74 4357 4357 4357 16825 290 74 74 74 74 29253025 4357 4357 4357 4357 4357 74 74 2425 74 74 16825 74 188065 74 74 188065 10730 1654865 16193809 4357 74 4357 74 4357 188065 4357 370 74 4357 74 74 290 4357 4357 188065 4357 1654865 16825 74 74 74 74 74 74 74 16825 74 4357 4357 4357 1765 188065 74 4357 4357 363701 74 363701 74 4357 4357 16825 4357 74 74 74 4357 4357 74 84406250 2517770 74 74 4357 74 74 74 29253025 1654865 31754 74 74 188065 16825 363701 29253025 4357 74 188065 4357 74 74 74 74 4357 4357 10730 59200370 4357 74 29253025 74 4357 74 74 363701 188065 74 4357 4357 1654865 16825 1654865 74 74 188065 4357 188065 74 4357 370 1368778 74 74 4357 1765 26293865 169010 1654865 4357 4357 74 4357 16825 74 10730 3154177 74 2517770 6843890 74 4357 2425 363701 29253025 4357 188065 1654865 1765 188065 74 4357 363701 538645 4357 188065 74 16825 4357 74 4357 16825 16825 4357 74 74 74 16825 74 74 74 74 74 74 4357 1654865 74 4357 4357 4357 538645 74 74 74 74 74 16825 4357 74 1765 74 74 74 4357 188065 4357 4357 4357 74 4357 
26293865 290 74 74 363701 74 4357 74 74 4357 74 170 74 4357 74 465125 74 74 4357 4357 363701 4357 74 465125 74 2513570 4357 4357 4357 16825 4357 74 4357 4357 4357 465125 74 2425 4357 74 74 74 202 4357 4357 16825 4357 74 4357 74 16825 74 74 74 4357 74 16825 4357 74 2720017 290 74 16825 74 74 74 74 465125 4357 4357 16825 4357 4357 465125 2720017 74 4357 4357 74 74 4357 74 74 4357 4357 465125 74 74 4357 4357 3849850 16193809 74 74 465125 740690 74 170 2513570 74 74 4357 4357 2513570 74 4357 2425 16825 6843890 74 4357 4357 363701 74 170 1654865 16825 465125 2513570 2720017 4357 4357 74 4357 74 4357 4357 74 74 4357 465125 74 74 74 4357 8825 1654865 74 74 74 74 2513570 74 74 4357 465125 465125 74 1654865 74 74 4357 4357 74 16825 74 74 16825 4357 4357 74 2425 74 2425 74 74 74 74 74 74 74 370 465125 363701 74 4357 4357 465125 4357 16825 4357 2513570 2425 4357 74 74 2425 4357 74 74 24050 4357 74 74 31754 74 170 10730 4357 74 4357 74 74 74 74 363701 4357 74 465125 10730 16825 74 4357 465125 74 74 29253025 16825 74 74 74 202 4357 74 4357 1654865 74 74 4357 74 4357 74 4357 74 2425 16825 4357 4357 74 74 1421290 2720017 363701 170 426530 74 4357 4357 4357 74 74 74 74 16825 4357 16825 4357 26293865 74 74 4357 74 74 74 74 74 4357 4357 1654865 74 1654865 4357 74 16825 2425 74 188065 16193809 74 4357 31754 4357 202251065 74 74 74 74 74 74 170 10730 4357 465125 74 74 4357 4357 170 74 465125 4357 4357 4357 465125 74 363701 202 16825 4357 3849850 465125 74 4357 74 74 74 2425 16193809 4357 74 4357 4357 4357 465125 16825 74 370 465125 74 74 74 4357 74 4357 4357 4357 4357 4357 4357 74 4357 74 4357 4357 74 4357 4357 4357 4357 5008645 363701 4357 74 2080802 74 4357 465125 4357 74 4357 2244005 4357 4357 363701 74 74 4357 4357 74 202 16825 74 170 4357 170 74 16825 74 16193809 74 74 74 74 363701 4357 4357 74 74 2244005 16825 465125 465125 2425 4357 74 74 74 74 74 16825 4357 74 4357 74 74 328250 4357 4357 16825 16825 2425 370 465125 74 2720017 4357 16825 74 4357 74 74 74 2513570 74 4357 4357 74 4357 465125 290 74 4357 465125 74 74 1421290 74 74 4357 74 74 4357 202 465125 465125 74 74 74 4357 16825 363701 4357 74 4357 465125 74 31754 74 2513570 4357 170 4357 4357 74 4357 74 74 370 465125 4357 74 4357 74 2425 74 4357 16825 363701 74 4357 4357 2244005 74 170 4357 363701 465125 74 74 74 465125 4357 74 4460545 16193809 4357 16825 74 74 74 4357 74 74 4357 4357 370 4357 74 740690 74 16825 202 16825 74 370 74 74 4357 29253025 74 4357 74 4357 3849850 465125 74 170 465125 4357 74 16825 74 74 74 4357 4357 74 74 74 188065 4357 465125 74 74 74 74 4357 74 2999825 16193809 290 74 74 4357 4357 16825 16193809 74 321196837 29253025 16825 10730 16825 4357 363701 74 4357 74 74 2425 74 202 465125 
18685 4930 19018 19018 18685 18685 36101 18685 170 18685 19018 170 34 170 34 18685 34 19018 13450 18685 13450 727402 18685 85 18685 85 18685 145802 18685 18685 19018 18685 18685 370 85 3145 13450 18685 36101 19018 18685 85 13450 3145 170 18685 18685 19018 3145 36101 36101 3145 18685 465125 19018 19018 19018 18685 18685 5657525 36101 85 19018 18685 36101 465125 18685 18685 34 13450 170 19018 36101 13450 465125 18685 36101 18685 18685 170 34 36101 19018 18685 19018 3145 118474 18685 19018 170 34 85 170 2480725 19018 18685 18685 18685 34 13450 18685 170 13450 34 19018 18685 18685 727402 18685 13450 34 18685 13450 19018 34 34 18685 465125 18685 19018 34 18685 19018 18685 18685 18685 18685 18685 19018 85 18685 465125 18685 18685 118474 34 19018 85 3145 18685 13450 34 18685 18685 13450 18685 19018 18685 19018 85 19018 19018 34 19018 18685 13450 34 18685 727402 18685 170 727402 19018 19018 18685 18685 36101 85 18685 118474 18685 18685 18685 19018 19018 18685 18685 85 18685 19018 18685 18685 36101 13450 18685 18685 18685 18685 18685 85 13450 36101 
49010 85 13450 49010 3737 74 1258 3737 49010 4850 49010 1802 465125 3737 4850 75994165 3737 49010 3737 41557157 49010 465125 36101 36101 1258 1258 24050 1258 4850 24050 3737 49010 36101 49010 85 49010 1258 36101 1258 1258 3737 1258 49010 55114 1258 24050 1802 1258 3737 3737 1258 19018 3737 4850 18685 18685 1258 4850 116650 85 49010 1258 3737 4850 12021337 18685 18685 1258 24050 49010 3737 1258 1258 18685 3737 19018 1258 1258 85 1258 19732325 1258 3737 3737 36101 19018 1258 19018 49010 19018 36101 13450 3197105 24050 49010 1258 36101 1258 19018 49010 18685 170 465125 1258 85 1258 3737 1258 1258 1258 41225 36101 4850 49010 1258 49010 85 24050 24050 4850 85 3737 3737 24050 3737 49010 85 49010 24050 49010 1258 49010 1258 1258 3737 55114 19018 36101 3737 1258 465125 49010 4850 3737 36101 13450 8908402 1258 3737 1258 36101 3737 1258 24050 1258 3737 49010 1258 1625 1258 3737 1258 1258 1258 49010 3737 3737 24050 19018 1258 49010 4850 465125 1258 3737 1258 3737 1258 1258 1258 24050 18685 1258 
2425 72901 3925 184901 29045 463114 29045 2425 3737 3925 184901 72901 72901 3925 72901 463114 72901 72901 463114 2185625 29045 4369 3925 2425 2185625 2425 29045 72901 29045 72901 3925 463114 2425 4369 29045 29045 3925 29045 29045 2425 72901 3925 29045 463114 72901 29045 3925 72901 110245 142885 142885 29045 110245 2425 110245 170 876097 72901 29045 29045 29045 72901 2425 72901 29045 29045 72901 29045 1923545 72901 72901 29045 4369 2425 72901 29045 72901 72901 29045 72901 72901 170 170 3925 29045 72901 29045 29045 72901 1923545 29045 72901 72901 29045 142885 72901 110245 3925 72901 72901 72901 72901 29045 3536425 29045 3925 184901 2425 72901 72901 110245 29045 72901 463114 72901 72901 29045 184901 29045 2425 72901 4369 72901 4850 4251845 4850 72901 2425 29045 2425 2425 72901 463114 72901 29045 142885 72901 29045 72901 72901 3925 29045 170 876097 4369 72901 3925 72901 3925 29045 2425 463114 4369 72901 72901 29045 29045 72901 29045 29045 273205 29045 29045 29045 714425 3925 72901 29045 72901 3925 2425 2425 170 4369 142885 29045 2425 29045 72901 29045 463114 29045 29045 72901 72901 3925 29045 29045 110245 29045 72901 29045 9553450 110245 29045 72901 170 29045 29045 29045 184901 29045 29045 72901 273205 110245 3925 29045 10293925 29045 29045 29045 2425 3925 72901 72901 29045 29045 110245 29045 29045 29045 184901 876097 29045 29045 29045 29045 4369 142885 273205 72901 29045 170 72901 29045 29045 142885 463114 3925 69755905 876097 29045 7850 3925 72901 29045 463114 72901 29045 463114 29045 3925 3925 170 72901 3925 3925 29045 2425 29045 463114 72901 29045 29045 72901 3925 29045 29045 110245 29045 2425 2185625 72901 4369 2425 2425 29045 72901 72901 72901 3925 72901 2205002 29045 176290 463114 72901 7850 72901 29045 72901 4369 72901 2425 110245 29045 72901 463114 29045 110245 29045 72901 110245 72901 72901 29045 3925 29045 29045 29045 4369 110245 2425 3723850 72901 72901 142885 29045 2425 72901 72901 4850 2425 2425 72901 72901 2425 2425 72901 463114 3925 3925 72901 4802045 3250 3925 3925 29045 29045 72901 29045 876097 29045 29045 4850 72901 72901 72901 248965 2425 72901 72901 72901 72901 29045 29045 2425 72901 72901 72901 876097 72901 29045 29045 29045 2425 72901 72901 29045 2425 72901 184901 29045 29045 72901 157948345 4755530 184901 179450 72901 29045 3925 72901 184901 4369 2185625 29045 4850 72901 2425 3925 72901 29045 4369 29045 184901 72901 29045 110245 7106450 72901 184901 3925 29045 2185625 184901 3925 29045 72901 72901 176290 72901 72901 4369 29045 463114 72901 29045 110245 3925 142885 4850 72901 29045 72901 3925 72901 9329785 72901 463114 29045 72901 72901 72901 29045 29045 29045 72901 810485 72901 72901 2425 463114 184901 4369 29045 72901 3925 876097 29045 72901 3925 72901 72901 72901 72901 29045 2425 170 3723850 2425 29045 29045 2425 110245 3925 14128825 29045 72901 184901 170 2425 184901 29045 184901 29045 29045 110245 72901 2425 142885 2185625 2425 85 463114 72901 110245 72901 3925 4369 72901 72901 29045 72901 29045 170 72901 2425 29045 72901 72901 2425 110245 72901 3925 142885 110245 72901 3925 29045 3250 876097 110245 29045 29045 4369 29045 876097 2185625 72901 72901 72901 2425 3925 29045 2425 72901 4369 3250 29045 29045 4369 4369 72901 21753625 3925 2425 2425 2425 3925 29045 184901 29045 1143250 273205 72901 29045 29045 29045 29045 463114 463114 72901 29045 184901 72901 3737 7850 573130 72901 72901 72901 8005 29045 3925 72901 72901 714425 3925 29045 29045 4369 463114 72901 72901 142885 184901 29045 72901 3737 
2425 74 101 74 74 10730 74 16825 74 74 74 74 74 190450 785 74 74 74 8245 74 16825 74 74 190450 74 29253025 101 74 74 456977 363701 16825 85 2425 74 2425 2425 74 74 74 101 74 101 74 101 1018145 74 101 74 59200370 4357 74 74 74 2425 74 101 74 74 74 16825 16825 2425 101 74 101 4357 74 74 2425 10730 74 31754 1654865 74 74 4357 101 74 785 4357 74 74 74 1044290 370 74 74 74 101 74 74 4357 74 74 74 363701 74 74 74 290 2425 190450 370 74 2425 74 74 4357 74 74 74 74 74 74 74 74 2425 16825 101 456977 74 74 74 190450 74 2425 8245 16825 2425 74 101 16825 2425 74 74 74 2425 74 74 74 190450 317645 74 74 16825 74 74 101 74 190450 363701 16825 4357 456977 1018145 74 16825 74 456977 4357 190450 456977 74 74 74 74 74 101 74 74 456977 4357 74 74 74 101 16825 74 101 101 74 4357 370 4357 190450 74 74 8245 74 370 16825 74 101 74 74 16825 74 74 74 74 2425 101 2425 74 74 74 74 4357 8245 74 16825 2425 74 4357 363701 74 74 101 74 101 74 74 74 74 74 74 74 4357 74 6283925 1654865 74 101 2425 74 74 74 74 74 190450 74 290 74 74 370 31754 101 2425 74 74 85 4357 74 456977 74 74 74 456977 60447529 4357 74 74 101 4357 74 16825 74 16825 2425 74 8245 74 74 101 74 370 2425 190450 74 74 74 16825 29253025 101 2425 74 74 4357 74 2425 74 1018145 74 190450 101 101 74 101 101 
74 74 74 74 74 74 74 74 190450 101 74 16825 74 101 15350725 74 74 74 74 4357 74 74 74 16825 101 74 16193809 4357 8245 74 74 74 74 4357 2720017 74 74 74 74 74 29253025 1421290 16825 8245 74 74 4357 363701 363701 74 16825 4357 74 4357 4357 4357 74 74 74 74 16825 74 4357 4357 4357 4357 74 4357 4357 74 74 74 4357 16825 4357 3600010 74 74 16825 74 4357 4357 8245 10730 16825 456977 74 74 74 74 74 4357 370 74 74 16825 4357 31754 74 74 8245 74 74 8245 6843890 74 2425 16825 74 74 74 4357 10730 363701 2425 74 74 74 1654865 74 8245 74 74 74 74 16825 74 101 74 74 74 4357 74 456977 74 8245 26293865 190450 74 101 16825 101 8245 74 4357 74 4357 2425 8245 4357 74 74 101 4357 74 363701 74 4357 4357 74 74 74 74 74 4357 74 456977 4357 74 74 21353657 16825 74 363701 101 290 16825 74 1654865 363701 4357 74 2672930 4357 74 101 74 74 4357 8245 1654865 74 101 74 74 4357 4357 4357 2517770 4357 74 74 74 4357 456977 101 4357 74 74 74 190450 31754 74 74 74 363701 101 74 74 456977 4357 1018145 74 74 16825 74 101 4357 4357 16825 74 2425 74 4357 8245 74 74 16908125 456977 4357 4357 16825 74 74 2425 74 4357 74 4357 10653730 74 4357 74 27889745 74 363701 16825 74 74 4357 74 74 190450 74 74 74 2342345 4357 74 74 74 74 4357 363701 4357 74 370 74 74 4357 26293865 8245 16825 74 74 74 4357 16825 456977 74 74 4357 8245 74 2425 74 74 4357 4357 456977 4357 74 74 8245 16193809 74 74 74 4357 10730 456977 16825 74 219018725 4357 16825 74 370 4357 26293865 4357 16193809 74 363701 74 74 74 4357 74 4357 290 74 74 74 29253025 74 74 74 16825 16825 74 74 190450 101 74 74 74 74 4357 74 74 74 74 16825 74 4357 456977 74 1421290 74 101 74 74 190450 74 74 74 74 190450 74 456977 74 1654865 74 74 370 16825 74 74 74 4369 74 4357 74 16825 370 74 74 4357 101 101 4357 74 74 4357 74 74 16825 74 1654865 74 74 4357 8245 74 4357 74 74 4357 74 4357 4357 74 74 74 74 4357 74 74 74 4357 101 4357 16193809 4357 16825 2720017 74 101 74 74 74 16825 4357 74 31754 363701 74 101 456977 74 74 74 74 4357 74 4357 4357 74 74 2244005 16825 74 74 74 74 74 456977 190450 1018145 74 74 363701 363701 2425 74 190450 74 74 16825 74 74 74 16825 74 74 4357 456977 16825 74 101 8245 101 4357 74 2425 456977 74 74 16825 74 16825 74 101 1047370 74 74 4357 4357 8245 74 1368778 74 74 74 290 74 74 16193809 363701 74 74 4357 74 16825 74 101 4357 74 101 363701 16825 74 101 4357 4357 8245 74 456977 10730 456977 74 74 4357 74 1654865 74 74 101 363701 4357 74 74 74 
43690 170 261994 45002 17 45002 170 61217 17 45002 17 170 170 17 45002 61217 679225 679225 45002 720002 17 170 170017 170 45002 45002 61217 45002 112897 112897 5301490 170 17 2570 170 261994 170 45002 45002 170 170 170 45002 170 61217 170 17 170 45002 170 170 45002 170 45002 45002 170 261994 170 61217 45002 45002 170 170 5625010 9168970 170 170 17 170 170 170 45002 45002 170 45002 170 61217 45002 170 45002 61217 170 261994 170017 170 45002 170 170 45002 45002 170 170 170 170 170 17 45002 170 45002 170 45002 17 45002 679225 17 170 43690 170 170 17 720002 45002 170 61217 170 170 170 170 45002 45002 720002 170 112897 170 61217 112897 45002 679225 45002 170 170 61217 17 170 45002 17 170017 170 170 45002 45002 45002 45002 2570 170 112897 170 45002 170 170 170017 45002 170 170 61217 170 45002 45002 61217 17 170 5301490 17 170 170 170 61217 61217 61217 17 679225 170 170 45002 45002 261994 17 170 45002 170 45002 170 720002 17 170017 103433525 17 45002 170 170 170 720002 170 6522730 17 45002 17 170 170 3030505 43690 61217 61217 45002 5301490 170 170 170 17 17 17 170 170 17 45002 170 720002 55114 170 720002 43690 45002 170 45002 45002 261994 112897 45002 45002 170 170 170 170 45002 17 170 679225 170 170 61217 170 170 170 45002 170 112897 170 170 17 23343125 170 170 61217 45002 35392825 112897 45002 112897 45002 45002 45002 125450 679225 170 170 61217 170 17 45002 45002 170 170 17 115202 17 170 170 170 45002 170 170 45002 170 45002 43690 170 170 261994 170 45002 170017 170 170 170 45002 61217 45002 679225 261994 170 18434594 45002 170 61217 45002 679225 17 170 170 170 36942085 170 27111269 112897 720002 170 170 45002 170 17 261994 45002 720002 45002 170 679225 170 45002 45002 17 170 170 170 170 45002 170 45002 170 170 679225 170 61217 170 45002 45002 170 170 170 45002 720002 45002 170 170 17 17 170 17 61217 170 170 170 170 170 679225 45002 45002 170 170 261994 45002 61217 45002 261994 679225 112897 170 17 17 170 170 170 45002 170 464290 170 170 17 61217 45002 45002 61217 170 170 61217 2570 170 9168970 679225 17 45002 45002 170 170 170 45002 170 170 61217 17 45002 720002 45002 17 45002 170 170 170 4900505 17 261994 2570 170 218989625 17 720002 170 170 170 170 170 170 45002 61217 720002 170 
51077 51077 46085 51077 51077 51077 46085 370 157625 46085 2570 51077 1570 46085 46085 51077 51077 46085 46085 46085 51077 51077 1258 2570 46085 1258 46085 1258 157625 46085 46085 51077 157625 1258 370 17171717 51077 1258 46085 51077 51077 1258 46085 2570 3069505 1258 51077 1258 1258 46085 51077 1010 51077 46085 51077 51077 51077 1258 16386305 1570 51077 51077 46085 1258 89032565 51077 51077 51077 1570 1258 51077 51077 46085 17171717 1570 46085 46085 46085 1258 51077 51077 46085 1258 51077 1010 46085 46085 625010 4401605 51077 51077 46085 1258 2570 46085 46085 51077 903170 679730 46085 157625 46085 157625 51077 46085 51077 46085 46085 157625 1258 1570 21057625 51077 46085 157625 1258 1258 1258 157625 903170 51077 1258 46085 22474 51077 46085 46085 1258 2570 46085 46085 51077 46085 1258 903170 51077 1010 51077 51077 51077 1258 46085 1570 51077 1258 51077 46085 51077 51077 46085 1570 1570 46085 1984505 51077 51077 46085 46085 1258 51077 51077 51077 1258 46085 309137 51077 46085 51077 46085 46085 46085 51077 51077 1258 903170 46085 51077 1010 51077 46085 51077 51077 157625 22474 157625 1258 51077 51077 1258 51077 46085 46085 51077 157625 46085 22474 46085 51077 51077 157625 1258 1258 51077 46085 51077 679730 46085 51077 1570 1258 51077 157625 46085 51077 46085 903170 51077 1258 46085 51077 46085 51077 370 51077 51077 1258 903170 92170 51077 1570 51077 46085 51077 51077 46085 46085 110245 1570 110245 1570 1258 51077 51077 1258 370 1258 51077 46085 51077 51077 46085 51077 51077 157625 309137 51077 46085 51077 51077 46085 157625 46085 970 157625 819202 51077 46085 1258 157625 903170 17171717 46085 51077 2570 157625 390141505 1258 46085 51077 157625 51077 46085 970 1258 51077 370 51077 51077 51077 1258 51077 1258 51077 1258 1570 51077 29290 51077 51077 157625 51077 51077 46085 1258 46085 51077 51077 157625 51077 51077 1010 51077 2570 903170 51077 51077 1258 21170 3872005 51077 51077 51077 46085 903170 157625 2570 46085 51077 46085 46085 1570 903170 1258 51077 51077 11803445 46085 
16825 51077 51077 51077 51077 51077 1018145 370 74 51077 51077 1258 74 16825 190450 51077 1258 16825 51077 190450 51077 46085 16825 51077 16825 1570 51077 51077 1258 1258 2425 10730 16825 51077 16825 1010 74 51077 363701 1258 145225 16825 34 51077 51077 16825 74 1258 74 1258 16193809 51077 51077 51077 51077 74 51077 51077 74 370 370 51077 1258 16825 1258 51077 1258 74 51077 51077 74 51077 74 51077 51077 16825 51077 74 16825 74 51077 51077 1258 74 903170 51077 51077 1570 370 16825 74 16825 74 51077 16825 16825 51077 4052425 74 51077 74 51077 51077 370 51077 74 16825 74 51077 1258 16825 1258 4761010 1258 1258 51077 74 74 74 51077 1258 16825 51077 1258 1010 1258 1258 16193809 46085 1258 51077 1258 370 190450 51077 1018145 51077 16825 74 16825 74 51077 51077 1258 1258 1570 1258 51077 74 1570 51077 51077 51077 10730 74 51077 51077 
9363601 104050 10405 10405 10405 10405 102154 10405 102154 4369 4369 15317 10405 10405 4369 10405 102154 10405 4369 6290 10405 10405 10405 10405 10405 10405 102154 276770 4369 10405 10405 239434 6290 4369 10405 4369 4369 34 15317 714425 10405 10405 10405 15317 10405 276770 4369 10405 276770 1512901 4369 10405 71978 4369 15317 15317 10405 10405 15317 10405 8908402 10405 10405 10405 10405 34 121685 10405 239434 10405 121685 8304517 37370 10405 8304517 10405 10405 15317 10405 15317 15317 5326865 10405 276770 10405 10405 10405 10405 15317 10405 10405 4369 10405 10405 3411274 10405 10405 10405 186325 15317 4369 15317 6290 10405 6290 4369 4369 15317 15317 6290 10405 4369 10405 10405 10405 10405 10405 6290 10405 10405 10405 4369 4369 4369 1116050 4369 4369 10405 4369 4369 10405 10405 10405 10405 15317 15317 4369 4369 10405 15317 15317 6290 10405 4369 187274 10405 10405 10370 10405 121685 10405 15317 187274 10405 15317 104050 10405 10405 15317 10405 10405 
10405 49010 15317 31897970 4850 4850 10405 10405 10405 15317 800005 10405 15317 49010 15317 10405 49010 10405 486725 10405 10405 102154 15317 10405 15317 714425 10405 10405 10405 104050 4850 10405 10405 10405 49010 10405 10405 4369 294297925 10405 49010 15317 15317 15317 10405 515581865 8738 10405 10405 7907125 10405 10405 10405 15317 10405 4850 4369 4850 10405 4369 10405 1258 4850 10405 10405 4369 15317 15317 10405 10405 10405 15317 10405 10405 10405 10405 10405 4850 15317 10405 121685 15317 15317 15317 4369 10405 654985 15317 800005 10405 49010 49010 49010 15317 10405 10405 49010 15317 15317 4369 10405 49010 10405 10405 10405 49010 10405 15317 49010 102154 10405 4369 15317 10405 10405 4369 714425 10405 10405 10405 10405 282401765 10405 15317 15317 49010 10405 4369 714425 10405 15317 49010 10405 10405 49010 4369 10405 15317 49010 10405 10405 10405 10405 15317 10405 714425 10405 10405 10405 10405 10405 10405 49010 4369 714425 10405 15317 10405 714425 10405 10405 15317 49010 10405 10405 10405 15317 10405 4369 10405 10405 10405 10405 49010 873970 10405 3207154 15317 49010 10405 15317 4369 10405 49010 10405 49010 10405 10405 49010 10405 10405 10405 10405 15317 654985 10405 10405 10405 104050 10405 10405 10405 10405 4369 10405 10405 121685 10405 10405 10405 10405 4850 10405 49010 10405 1802 10405 10405 10405 10405 4850 10405 10405 4369 15317 15317 10405 10405 10405 15317 10405 10405 10405 15317 10585 10405 10405 10405 15317 4369 1802 10405 4850 15317 10405 10405 800005 10405 15317 15317 15317 10405 102154 121685 10405 15317 10405 15317 10405 15317 49010 10405 10405 49010 4850 10405 15317 10405 10405 4369 10405 10405 49010 10405 10405 49010 10405 10405 10405 15317 10405 10405 10405 10405 10405 10405 10405 121685 10405 10405 5834825 10405 10405 10405 10405 10 10405 15317 10405 10405 4850 10405 10405 4850 4369 10405 10405 10405 10405 15317 15317 15317 15317 1258 10405 4401605 102154 10405 15317 15317 10405 10405 49010 10405 10405 49010 1802 10405 15317 15317 15317 10405 10405 10405 654985 10405 10405 15317 121685 10405 15317 10405 49010 15317 4850 4369 49010 9507458 10405 49010 10405 10405 4369 10405 10405 4850 49010 10405 10405 15317 10405 10405 99918130 4850 10405 10405 4850 10585 10405 10405 10405 15317 10405 49010 49010 10405 10405 10405 15317 800005 4369 49010 10405 10405 10405 15317 10405 116650 15317 4369 654985 10405 49010 35356985 49010 15317 4369 49010 49010 10405 10405 4369 10405 10405 15317 10405 10405 4369 4850 800005 4369 102154 49010 10405 10405 15317 10405 1802 49010 10405 10405 10405 4850 15317 10405 10405 49010 15317 800005 15317 10405 10405 10405 10405 10405 4369 15317 10405 10405 10405 102154 10405 15317 10405 34 1802 2022085 49010 121685 4850 10405 15317 10405 49010 4369 15317 102154 10405 10405 15317 4850 49010 10405 10405 10405 49010 10405 49010 1258 10405 49010 4369 1258 10405 15317 15317 10405 49010 1802 10405 4850 10405 10405 49010 10405 4369 10405 800005 49010 3197105 10405 15317 15317 4850 10405 15317 49010 10405 15317 15317 10405 104050 10405 10405 121685 49010 10405 49010 10405 1116050 10405 10405 10405 49010 10405 4369 10405 10405 1258 10405 49010 4177189 49010 4369 15317 10405 15317 10405 49010 10405 10405 15317 4850 10405 49010 10405 1245050 10405 15317 10405 10405 49010 102154 49010 10405 49010 15317 10405 10405 49010 15317 10405 4369 102154 10405 10405 15317 
170 45002 170 170 45002 61217 170 170 170 170 170 170 170 170 170 45002 261994 45002 45002 170 170017 45002 170 45002 170 170 45002 170 170 170 170 170 170 59170 170 61217 170 170 45002 112897 170 170 170 45002 170017 170 45002 45002 170 112897 170 170 170 45002 170 170 679225 170 170 170 170 170 170 170 170 112897 6708101 45002 45002 1050905 170 170 170 170 170 170 170 170 170 170 170 170017 170 170 1632025 170 112897 45002 170 170 170 170 170 170 2570 170 170 3030505 170 45002 170 170 170 61217 112897 170 679225 170 45002 45002 170 170 170 170 170 170 45002 112897 5301490 122434 170 170 170 45002 170 1050905 170 12221570 170 170 170 170 61217 170 170 61217 170 170 170017 170 173448901 170 170 170 170 112897 6801665 170 112897 112897 170 170 170 170 170 170 170 170 112897 170 170 170 170 61217 170 45002 170 170 170 170 170 45002 170 170 170 170 20848357 170 170 45002 170 122434 4488010 170 170 170 170 170 170 170 170 170 170 170 170 170 170 170 170 61217 170 170 170 45002 170 170 170 170 170 45002 61217 2570 170 170 170 170 170 170 112897 170 170 11289601 170 170 170 170 45002 170 170 170 223681937 170 61217 170 45002 170 170 1050905 170 170 170 170 170 170 170 170 170 170 170 170 170 170 170 170 45002 170 2570 170017 45002 6708101 170 170 170 170 45002 170 45002 170 170 112897 170 20848357 45002 170 170 45002 170 170 170 170 170 170 170 170 170 170 45002 112897 61217 170 45002 112897 170 170 170 170 170 45002 45002 188281717 170 170 170 45002 170 170 59170 45002 45002 170017 170 170 112897 170 59170 170 61217 170 112897 170 170 170 170 170 170 170 170 40269125 1812445 170 170 170 170 170 170 61217 679225 170017 170 170 112897 170 170 170 170 170 170 170 170 170 170 45002 170 170 170 22141450 170 349615225 170 170 170 11289601 170 112897 170 170 170 45002 170 112897 170 170 112897 170 170 2570 170 59170 
34 34 485 485 501265 2570 485 485 34 34 987530 34 3530 19018 3530 5365 485 3530 9063050 485 1331593 485 485 34 1331593 5365 3530 3530 269125 4850 3530 34 34 4284085 485 34 3530 485 3530 3530 3530 3530 485 5365 3530 1331593 34 3530 3530 5618005 485 3530 485 485 3530 485 62725 34 485 485 485 34 34 485 19018 485 34 485 34 19018 34 485 3530 6472325 3530 987530 501265 485 485 3530 34 485 62725 485 34 3530 34 3530 485 3530 34 34 34 485 34 3530 34 34 3530 485 485 34 34 3530 485 34 34 485 485 34 485 485 34 34 3530 34 3959705 34 485 3530 485 485 3530 485 5365 485 485 34 34 5365 485 3530 4850 485 485 2036290 34 501265 34 485 485 3530 3530 34 3530 485 485 18434 485 485 34 3530 3530 34 485 34 3530 1685450 485 485 485 5365 3530 485 485 34 485 1685450 485 5365 3530 3530 34 485 19018 34 34 12513625 34 485 5365 485 485 3530 1590265 485 34 3530 485 34 485 34 485 485 3530 34 3530 34 485 485 1331593 34 1331593 3530 485 3530 485 34 3530 3530 3530 3530 34 485 485 3530 501265 485 485 34 3530 3530 2036290 34 485 34 19018 34 987530 485 485 34 3530 34 34 485 485 34 1685450 34 3530 4189225 34 34 485 3530 501265 19018 34 5365 34 485 485 3530 485 485 269125 485 5365 485 485 485 485 485 485 485 34 485 485 34 34 2036290 34 24799490 485 485 5365 6492725 34 34 34 485 485 3530 485 5365 485 34 34 34 34 2036290 5365 34 1331593 34 501265 1685450 5365 3530 34 485 34 3530 34 34 485 34 485 34 485 485 12970 485 34 34 3530 3530 485 4850 3530 34 485 34 19018 485 485 485 3530 5365 485 3530 3530 485 3530 34 485 3530 485 3530 34 3530 485 34 485 34 10575505 485 3530 485 19018 3530 485 485 485 485 34 34 485 485 34 485 485 485 485 485 485 485 3530 3530 485 1665074 3530 485 34 485 5365 485 34 485 34 19018 3530 34 3530 485 485 485 34 34 485 34 2570 485 485 485 34 485 485 3530 485 485 485 34 485 3530 485 485 21829025 34 34 5365 485 34 485 485 34 34 5365 3530 3530 485 485 3530 485 
459850 485 3250 463114 485 29045 485 485 485 3530 485 485 29045 34 29045 485 34 62725 485 29045 34 29045 34 34 485 29045 485 29045 485 485 485 34 29045 3530 485 29045 29045 29045 485 485 34 12091417 485 485 34 34 62725 485 34 485 485 485 3737 485 463114 29045 29045 485 34 34 29045 29045 34 485 485 485 62725 485 485 29045 10575505 485 273205 29045 29045 4251845 463114 29045 34 485 485 485 34 29045 5525 269125 485 4356010 485 485 459850 29045 485 3530 34 29045 485 485 485 485 485 34 485 34 485 34 273205 485 29045 29045 485 29045 29045 34 29045 34 29045 485 485 3530 501265 29045 485 485 485 34 485 29045 51914 501265 485 269125 29045 29045 3530 485 34 485 485 62725 34 29045 485 4850 485 29045 485 34 4850 29045 29045 3530 485 34 29045 485 34 29045 485 29045 170 29045 485 485 459850 34 34 34 485 485 3530 179450 34 3530 485 34 485 485 485 485 29045 29045 4850 485 501265 34 29045 485 3530 3530 485 485 34 485 2570 34 3530 463114 34 34 29045 4850 170 485 485 3530 485 485 34 34 485 459850 29045 170 3530 269125 485 29045 29045 34 34 29045 485 485 34 5618005 29045 485 170 29045 29045 485 29045 485 485 29045 29045 485 485 29045 29045 34 485 3530 34 34 485 34 269125 29045 34 485 485 34 34 34 485 34 2570 485 34 29045 29045 34 3530 29045 29045 62725 62725 29045 463114 29045 485 34 3530 34 734474 485 29045 485 269125 485 29045 485 34 459850 514 485 269125 273205 34 29045 34 273205 485 1685450 485 29045 485 485 485 34 12240034 29045 29045 29045 34 485 485 34 34 485 62725 29045 3249010 485 29045 176290 485 501265 485 485 34 485 34 3530 485 29045 5618005 485 34 176290 485 3536425 485 34 485 29045 34 34 29045 3530 485 485 485 29045 485 485 485 485 485 4850 29045 485 34 485 485 485 485 29045 34 501265 34 29045 485 29045 463114 29045 17070010 34 34 34 10575505 29045 34 485 34 463114 485 34 485 3530 34 29045 485 62725 29045 34 485 34 25398650 273205 29045 34 485 1685450 463114 29045 29045 485 34 29045 269125 485 485 485 3530 62725 29045 485 485 485 62725 34 485 29045 34 34 4850 29045 34 485 34 34 485 29045 34 29045 485 485 2570 34 485 485 29045 485 34 29045 29045 501265 485 34 34 485 463114 269125 176290 485 485 485 269125 485 29045 485 485 485 62725 29045 269125 34 34 29045 34 463114 1919249 
34 485 34 1570 34 269125 34 485 485 46085 903170 485 485 3530 485 1570 2570 485 34 46085 46085 46085 51077 46085 34 485 485 485 34 485 34 46085 46085 485 485 485 485 34 485 34 485 34 3530 34 46085 269125 819202 485 46085 34 46085 485 485 46085 34 485 903170 485 1570 1010 3530 485 370 485 485 34 46085 485 51077 51077 34 485 485 485 485 485 485 34 3530 485 51077 485 485 34 110245 485 514 34 485 46085 485 485 46085 34 34 485 51077 34 46085 485 3530 485 34 46085 1685450 485 485 34 485 51077 485 46085 51077 16386305 46085 46085 485 110245 485 485 485 51077 485 485 1010 34 3530 34 34 51077 485 485 3530 51077 34 62725 1570 46085 34 485 34 34 51077 485 34 34 1570 485 485 34 46085 485 179945 62725 34 338130325 485 16386305 34 46085 34 485 2570 46085 46085 46085 269125 55114 46085 485 51077 34 485 485 485 34 34 485 1570 34 51077 485 485 51077 46085 485 3530 51077 485 34 46085 485 485 3530 485 34 485 46085 34 51077 1570 46085 485 370 485 1570 485 34 1570 46085 1685450 34 34 485 3530 485 485 485 51077 34 485 46085 485 3530 485 51077 485 10575505 46085 34 485 34 22474 1685450 485 51077 485 34 46085 2570 1010 46085 
3737 3737 136085 1717 2594 1240025 3737 1717 10738730 1717 940325 6290 2594 136085 202 1717 202 6290 3737 505 136085 3737 2594 3737 202 1717 2594 1717 35280002 6290 202 1717 136085 2594 1717 202 202 1717 1717 1272385 202 1717 1717 3737 2594 1717 1717 3737 1717 3737 202 1717 3737 136085 3737 1717 505 505 3737 55114 1717 1717 1717 1717 686450 1717 2594 3737 3737 3737 1717 1717 1717 1717 3737 202 1717 1717 1717 240101 1717 3737 6290 3737 202 2594 3737 1717 202 1717 202 3737 3737 6290 3737 1717 3737 2594 1717 3737 940325 1717 2594 1717 1935025 3737 12666245 1717 1272385 1717 1717 202 1717 3737 3737 107650 136085 1717 3737 3737 3737 3737 7527530 1717 3737 3737 1717 3737 202 2594 202 63370 3737 1717 1717 136085 202 6290 1717 136085 136085 220505 2594 1717 3737 2594 1717 1717 202 136085 1717 3737 63370 3737 3737 2594 505 3737 1717 202 3737 3737 202 3737 1717 940325 3737 1717 1717 1717 1717 1717 220505 3737 3737 1717 1717 3737 3737 220505 1717 202 1717 2594 3737 505 2594 3737 202 3737 3737 1717 1717 1717 202 2979925 1717 1717 1717 136085 3737 1717 1717 1717 202 3737 1717 1717 505 202 3737 6290 136085 6290 3737 3737 2594 1717 3737 1717 505 1717 1717 2594 1717 3737 1717 2594 2594 3737 136085 1717 1717 1717 3737 1717 2594 1717 1717 1717 
1717 136085 1717 1717 1717 1717 485 1717 1717 2594 1717 1717 2594 3737 3737 6290 1717 3737 1717 136085 1717 3737 136085 120250 3737 3737 2125765 3737 3737 6290 1717 1685450 3737 3737 3737 1717 1717 3737 485 1717 3737 12574117 1717 1272385 120250 3737 485 1717 1717 6290 1717 485 1717 3737 1717 3737 485 1717 3737 1717 1717 1717 1717 485 485 3737 136085 3737 3737 3737 3737 136085 501265 1717 202 3737 1116050 1717 1717 136085 3737 3737 1717 1717 485 501265 3737 202 485 136085 3737 485 485 1717 3737 3737 1717 2979925 3737 2125765 3737 3737 485 1717 1717 3737 16581185 3737 1717 3737 1717 2125765 3737 3737 806045 120250 25648325 3737 202 2125765 2171570 1717 136085 1717 2125765 3737 6290 2594 3737 3737 1717 120250 1717 3737 1717 3737 3737 136085 202 1717 202 3737 1717 1717 3737 485 2594 3737 3737 1717 1717 3737 485 3737 3737 1717 1717 485 28910410 1717 1717 3737 1717 485 3737 1717 3737 1717 1717 1272385 2594 136085 1717 3737 136085 485 3737 1717 120250 3737 1717 2594 485 1717 1717 2594 1717 3737 2125765 136085 3737 485 434314 3737 1685450 1717 1717 1240025 485 1717 202 202 3737 1717 120250 1717 2125765 107650 485 1717 136085 1717 3737 1717 1717 1717 1717 3737 3737 3737 1717 485 3737 120250 2594 1717 1717 3737 1717 3737 3737 3737 2125765 136085 3737 3737 136085 3737 3737 1717 3737 2125765 3737 1717 3737 3737 1272385 1717 1717 2125765 136085 501265 6290 1717 2125765 19423765 485 485 1717 1717 1717 1717 501265 4162685 6290 3737 
46085 49010 46085 46085 46085 49010 51077 1258 49010 49010 309137 49010 46085 49010 1802 46085 46085 49010 46085 46085 49010 46085 157625 46085 1802 1258 46085 46085 46085 309137 51077 49010 46085 309137 49010 46085 1802 46085 46085 46085 49010 49010 49010 49010 49010 46085 46085 4850 800005 157625 49010 49010 51077 49010 51077 49010 1258 46085 157625 1258 49010 157625 24050 46085 51077 49010 46085 49010 49010 46085 46085 46085 49010 49010 49010 46085 49010 49010 51077 49010 46085 49010 49010 10 49010 46085 49010 49010 46085 46085 4850 46085 51077 46085 46085 49010 46085 46085 1258 4850 157625 46085 49010 24050 49010 4850 49010 49010 49010 49010 46085 49010 46085 46085 49010 1258 157625 46085 309137 46085 49010 46085 1258 46085 46085 5834825 49010 49010 46085 49010 49010 49010 49010 49010 1258 157625 49010 1258 51077 51077 309137 49010 46085 49010 49010 1258 46085 49010 157625 4850 46085 3197105 49010 46085 46085 4850 51077 49010 1258 49010 49010 
5185 1258 30634 5185 1258 4416394 1258 1601 5185 882325 5185 882325 5185 5185 5410 5185 30634 5185 1258 24480017 1601 1258 5410 381925 1258 5185 381925 5185 1170325 1601 1601 1258 5185 5185 5185 1258 5185 1258 5185 5185 1258 1258 5185 1258 1258 5185 5185 1258 1601 5185 5185 882325 5185 381925 4631105 1258 1258 1258 5185 1258 1258 5185 1258 5185 1258 1258 882325 5185 1258 5410 5410 381925 1258 1601 1258 58325 1258 1258 1258 5185 1258 58325 5185 1258 5185 5185 381925 5185 1170325 5185 381925 1258 5185 1258 1258 58325 1258 381925 4416394 1258 882325 1601 1258 1258 5185 
4357 1654865 16825 4357 74 74 16825 1654865 74 16825 74 74 74 4357 538645 74 16825 4357 16825 74 370 4357 74 4357 16825 74 74 74 74 1765 74 370 370 4357 16193809 74 74 74 4357 4357 4357 74 74 2244005 74 74 74 1654865 74 31754 74 4357 4357 370 363701 74 74 4357 74 74 74 74 4357 74 74 74 4357 74 74 74 74 74 363701 4357 16825 74 74 188065 74 370 370 4357 74 74 74 363701 370 74 4357 74 74 74 74 74 4357 74 188065 74 74 4357 4357 4357 74 1654865 74 4357 74 16825 4357 4357 74 74 74 74 16825 188065 74 74 16193809 74 16908125 4357 74 74 4357 74 74 74 74 4357 16825 4357 4357 4357 74 4357 16825 74 4357 16825 74 74 74 74 4357 74 4369 74 74 74 74 74 4357 4357 188065 74 16825 74 188065 74 4357 74 74 16908125 74 4357 74 4357 74 74 74 74 74 74 4357 74 74 4357 74 74 74 74 4357 74 74 4357 4357 74 4357 188065 4357 74 74 4357 2999825 74 4357 16825 74 1654865 450290 16825 16825 16825 74 4357 74 74 74 74 16825 188065 4357 74 4357 4357 1047370 74 4357 74 74 74 4357 188065 2425 74 74 188065 74 4357 74 16825 4357 74 74 363701 74 3154177 74 6843890 74 16825 4357 74 4761010 10730 74 1654865 74 74 363701 10730 290 7203530 4357 74 4357 4357 16825 4357 74 74 74 74 16825 74 4357 74 74 370 74 74 1654865 74 1654865 74 74 10240490 74 74 74 4357 11530402 74 4357 74 74 4357 188065 74 74 74 1654865 74 31754 74 1654865 4357 74 74 4357 74 4357 363701 4357 74 4357 74 4357 4357 2425 74 74 74 16825 74 363701 16825 38725 16825 4357 74 16193809 363701 74 74 74 74 74 2813194 16825 4357 370 74 4357 1047370 4357 74 74 74 74 4357 74 370 188065 4357 4357 4357 1654865 16825 16825 74 4357 74 10730 74 456977 74 16825 74 4357 74 16825 16825 4357 74 74 74 74 4357 4357 4369 74 74 4357 4357 1765 4357 74 363701 74 74 188065 74 4357 4357 74 74 16825 74 74 4357 4357 74 74 188065 74 74 74 370 363701 188065 74 4357 4357 4357 74 74 74 2425 4357 363701 74 74 1765 101 74 74 74 74 16825 4357 370 74 4357 74 4357 4357 74 74 2425 74 16825 74 4357 74 74 74 74 4357 4357 4357 4357 1654865 74 74 4357 16825 4357 74 4357 74 74 4357 74 74 74 4357 74 4357 74 4357 74 4357 74 8245 16825 4357 74 4357 1368778 4357 363701 4357 74 2425 16825 74 4357 4357 74 74 74 74 4357 74 101 4357 4357 4357 538645 188065 188065 4357 74 74 4357 188065 4357 16825 1765 74 471250 74 4357 4357 188065 1654865 4357 74 74 74 74 74 74 74 1654865 74 74 188065 
170 74 45002 74 74 74 74 74 74 170 370 74 74 170017 122434 74 170 74 74 679225 74 170 74 170 74 74 45002 74 74 74 170 74 170 74 170 45002 61217 74 170 74 74 1812445 74 170 170 74 74 170 74 61217 45002 74 170 170 74 74 55114 74 45002 74 45002 74 74 16825 61217 170 74 122434 74 61217 74 170 74 74 74 61217 74 170 170017 74 74 45002 679225 61217 45002 74 74 170 170 170 74 61217 74 74 74 16825 679225 74 74 74 74 74 74 112897 74 74 112897 74 363701 16825 74 61217 45002 74 74 45002 74 74 74 170 74 61217 74 74 74 74 74 170 74 74 74 170 74 74 74 170017 170 74 45002 45002 74 170017 74 74 74 2570 74 92262530 74 170 74 45002 74 170 170 170 74 74 679225 170 74 74 74 12446785 45002 74 74 74 74 74 74 740690 170 170 74 170 74 45002 45002 45002 45002 74 74 74 74 61217 74 74 170 74 74 45002 61217 45002 218989625 25502501 170 74 74 74 74 170 74 370 170 74 74 74 45002 74 59170 170 170 170 170 74 61217 61217 170 170 170 363701 45002 74 74 74 370 679225 74 74 317766277 74 170 2570 170 112897 74 170 170 74 74 74 74 4234 170017 170 170 74 112897 74 112897 74 45002 74 170 74 45002 74 74 74 112897 170 74 74 74 170 74 74 61217 74 74 74 3030505 74 61217 170 74 74 74 45002 61217 74 74 74 74 45002 45002 74 170 45002 170 16825 74 74 74 74 74 74 74 74 55114 170 74 74 74 8140885 74 122434 74 74 45002 170 74 170 170 370 74 170 170 74 74 370 61217 74 74 74 370 261994 74 45002 74 170 170 55114 74 16825 74 170 74 45002 74 74 74 170 74 74 74 170 74 74 170 122434 74 45002 74 74 74 74 74 61217 170 74 170 45002 112897 61217 45002 74 45002 61217 11289601 74 45002 170 74 7623317 74 74 45002 74 112897 170 74 74 170 45002 74 74 74 2570 74 74 45002 74 74 170 170 74 170 74 74 370 74 170 61217 170 45002 61217 74 74 55114 170 74 74 45002 170 74 101 74 74 122434 61217 74 170 170 61217 261994 170 363701 74 74 170 363701 74 61217 61217 74 170 61217 45002 74 74 45002 170 25027250 45002 74 74 74 74 74 170 74 74 170 170 370 45002 74 45002 74 74 170 74 74 16825 112897 74 74 74 45002 170 74 74 45002 6196585 74 74 74 45002 170 122434 45002 74 74 74 74 74 74 74 74 170 170 74 74 74 76737601 45002 74 74 74 170 61217 170 61217 61217 19978825 170 122434 170 74 74 74 74 112897 45002 74 74 31754 4234 740690 74 74 74 74 74 61217 170 12446785 61217 74 74 122434 74 74 370 31754 61217 45002 370 170 74 74 45002 74 170 74 74 74 679225 74 74 112897 74 170 1812445 74 74 74 74 
74 3530 85 3530 85 85 85 85 85 85 85 202 19018 85 3530 85 85 465125 85 85 85 239434 85 85 17945 85 3530 85 3530 85 36101 3530 85 36101 85 85 3530 5 85 85 85 3530 85 1285 465125 85 85 3530 202 3530 85 3530 202 3530 74 85 3530 3530 85 85 85 85 3530 85 85 85 85 85 5 17945 148138 3530 465125 19018 85 74 85 17945 85 74 5 85 17945 5 17945 3530 85 85 85 19018 85 3530 85 85 36101 3530 85 85 465125 36101 85 3530 5 239434 3530 85 85 85 85 85 36101 3530 85 19018 85 101 85 19018 5 85 85 3530 17945 3530 85 85 36101 3530 239434 85 36101 85 10730 2657525 3530 3530 3530 17945 85 85 85 85 3530 85 3530 85 1285 85 85 85 3530 3530 85 17945 85 85 3530 85 3530 85 85 85 3530 85 17945 2514725 85 19018 85 85 85 202 85 17945 3530 3530 85 17945 1285 3530 85 3530 3530 85 85 85 239434 3530 85 3530 3530 3530 3530 3530 3530 85 85 65650 85 85 36101 85 85 74 5 3638050 85 3530 85 3530 36101 85 19018 85 3530 85 85 36101 3530 85 85 5 85 3530 3530 239434 239434 3530 85 3530 3530 85 85 239434 3530 5 85 3530 5 85 85 85 17945 19018 3530 465125 202 85 85 85 65650 85 3530 85 3530 85 74 2036290 85 124392325 3530 5 3530 3530 3530 85 85 85 3530 5 7086245 17945 85 
170 170 170 45002 45002 170 112897 45002 170 45002 45002 170 170 170 170 170 170 170 17 170 170 45002 170 679225 170 170 45002 170 45002 45002 679225 170 170 170 170 45002 170 170 20848357 122434 720002 45002 170 170 61217 170 170 170 170 679225 170 61217 61217 170 112897 441010 45002 170 170 170 45002 45002 170 170 45002 57851237 170 170 170 170 170 170 6801665 45002 170 170 170 720002 304179317 170 170 122434 72590401 112897 45002 170 170 170 170 61217 170 170 170 45002 170 720002 170 170 170 170 45002 55114 170 45002 170 17 170 45002 45002 679225 170 170 5301490 679225 170 45002 170 122434 45002 170 170 45002 170 45002 170 45002 45002 170 170 45002 170 45002 170 679225 170 170 170 45002 45002 112897 170 170 45002 61217 170 122434 45002 170 679225 679225 170 45002 61217 45002 45002 45002 170 45002 61217 45002 170 170 679225 45002 170 441010 45002 45002 170 45002 170 170 45002 2212405 170 679225 170 170 170 170 170 170 16907890 170 170 170 17 45002 61217 45002 45002 170 170 170 170 170 170 122434 261994 170 55114 61217 45002 170 170 170 45002 720002 170 170 170 45002 170 6708101 17 170 261994 170 45002 679225 170 170 170 45002 261994 170 45002 261994 45002 170 45002 170 170 45002 170 61217 170 170 170 170 45002 112897 170 45002 45002 17 170 1116050 679225 679225 170 170 45002 112897 170 170 170 45002 45002 112897 45002 170 170 720002 170 170 38864725 170 122434 170 61217 57851237 45002 45002 45002 170 45002 45002 170 170 170 170 170 45002 170 45002 679225 170 720002 45002 170 45002 261994 170 4900505 679225 679225 679225 170 170 170 7623317 170 170 170 170 45002 170 45002 112897 170 20848357 170 17 45002 61217 170 170 45002 170 45002 170 679225 170 170 170 720002 170 6708101 45002 45002 170 170 170 45002 170 45002 679225 720002 170 170 170 170 45002 45002 170 45002 170 170 170 1812445 170 170 45002 170 61217 170 170 170 45002 170 679225 679225 45002 170 170 45002 45002 45002 170 45002 170 170 170 170 45002 45002 45002 170 170 720002 17 170 170 45002 61217 170 170 170 170 170 45002 17 261994 720002 170 261994 170 45002 45002 170 45002 170 17 170 170 45002 45002 170 170 170 45002 170 170 45002 170 170 170 170 170 170 61217 170 17 61217 170 261994 720002 261994 170 45002 170 170 170 170 17 170 170 170 170 170 261994 170 170 170 170 170 170 720002 9168970 170 170 45002 45002 170 170 170 170 170 61217 170 170 170 170 170 170 170 61217 17 170 45002 170 1812445 170 170 679225 170 45002 720002 679225 170 170 170 45002 17 720002 170 170 170 45002 45002 45002 170 170 45002 112897 45002 61217 170 170 45002 170 61217 170 170 45002 170 170 170 170 261994 170 170 170 45002 170 170 170 6522730 170 170 170 45002 45002 170 170 170 261994 45002 45002 170 170 170 170017 45002 170 679225 170 170 45002 170 45002 170 170 170 261994 170 1812445 170 170 61217 112897 170 55114 170 170 170 679225 170017 170017 170 679225 170 170 170 170 45002 170 170 170 112897 170 679225 170 45002 45002 170 170 170 45002 679225 
12325 89725 170 1717 170 1717 17 1717 170 12325 12325 89725 17 12325 10 9802 865930 1717 170 1002530 12325 12325 1889849 9802 10 10 1717 1002530 1889849 17 89725 9802 170 1002530 170 9802 9802 12325 1002530 12325 1717 1002530 9802 10 17 170 12325 12325 1717 170 170 170 1889849 9802 9802 170 17 1717 1002530 2106385 9802 170 1717 1717 12325 12325 12325 10 170 9802 9802 9802 66879685 17 323402 1717 17 2106385 17 10 9802 9802 12325 170 9802 17 1717 12325 12325 12325 1002530 9802 12325 9802 1002530 161209 1717 89725 12325 9802 12325 
3925 3925 34 170 34 3925 34 272485 103970 312505 312505 1179397 119258570 34 34 34 3925 95090 312505 3925 312505 3925 3925 1279625 25925 3031865 34 312505 3925 312505 316850 272485 3925 8005 25925 312505 34 103970 34 34 3925 312505 3925 3925 34 34 34 3925 3925 2679625 103970 3925 3925 34 34 34 3925 312505 3925 3925 25925 8005 3925 34 312505 3925 170 2679625 34 170 34 312505 37867525 170 170 1179397 1179397 3925 3925 8005 27050 34 25925 3925 8005 8005 3925 34 3925 3925 25925 170 272485 66725 34 3925 8005 3925 170 1179397 25925 272485 34 34 25925 3925 8005 1179397 34 34 312505 8005 34 6528650 25925 3031865 3925 3925 34 3925 312505 25925 170 34 1240025 3925 3925 103970 34 25925 3925 1279625 25925 170 170 3925 170 25925 34 34 103970 34 3925 3031865 3925 3925 34 34 34 6290 243370 2679625 25925 3925 312505 170 3031865 34 312505 170 3925 312505 3925 1240025 3925 3925 25925 8005 170 2490914 34 312505 3925 3925 3925 1179397 8005 103970 25925 3925 25925 3925 34 3031865 66725 25925 170 3925 3925 3925 3925 312505 34 3925 2490914 3925 3925 3925 103970 3925 3031865 3925 34 3925 103970 7907125 3925 3414002 34 34 3925 3925 3925 3925 3925 272485 34 3925 2679625 34 3925 170 34 25925 34 34 3925 25925 34 8005 3925 3925 34 272485 33802 3925 312505 34 34 34 312505 3414002 3925 3925 272485 3925 34 34 34 170 34 3925 3925 3925 3925 3925 202 3925 34 34 3925 272485 312505 8005 108701477 3925 170 3925 34 170 170 170 312505 8005 25925 3925 34 312505 34 170 170 272485 8158685 3925 170 312505 2679625 34 170 170 3925 34 8005 34 34 34 3925 170 170 8005 34 34 25925 170 3925 34 3925 3925 34 3925 3925 3925 3925 170 34 3925 8158685 103970 2679625 34 3925 34 1179397 3925 34 34 8005 1179397 25925 312505 1179397 3925 3925 25925 34 25925 34 272485 1279625 25925 34 3925 272485 15904145 3031865 3925 34 3925 170 3925 3925 312505 3925 3925 3925 312505 3925 312505 34 170 3925 3925 24464725 34 3925 25925 103970 272485 34 1279625 3925 3925 3925 34 3925 170 8005 34 1240025 3925 34 3925 8005 3925 170 8005 2679625 25925 3925 3925 3925 16864289 3925 170 3925 170 3925 170 1279625 312505 3925 1240025 34 34 34 103970 25925 1240025 1179397 3925 170 3925 1179397 34 312505 25925 170 3925 272485 34 34 34 8005 3925 34 8005 103970 170 272485 3925 34 3925 34 
1258 51077 102154 1570 1258 46085 49010 179945 157625 46085 51077 46085 46085 51077 46085 51077 102154 51077 46085 46085 46085 46085 1258 46085 1258 46085 1258 51077 157625 1258 51077 51077 46085 46085 2570 1570 46085 46085 15716585 51077 1258 46085 110245 22474 46085 1570 157625 1258 46085 46085 51077 1258 51077 1570 102154 51077 46085 51077 51077 46085 309137 1010 51077 51077 1570 46085 51077 46085 16386305 102154 309137 46085 51077 903170 46085 46085 1258 157625 46085 49010 309137 14945125 157625 102154 46085 157625 2570 46085 51077 10 157625 970 1258 110245 1570 46085 49010 338130325 970 46085 51077 51077 46085 51077 51077 1570 157625 51077 51077 51077 1258 46085 51077 51077 46085 51077 10 1258 1010 157625 157625 46085 51077 51077 46085 46085 51077 51077 1570 49010 51077 51077 51077 46085 102154 46085 49010 46085 2570 1570 2570 46085 970 21151010 46085 49010 157625 309137 51077 157625 49010 46085 51077 10 46085 51077 46085 51077 110245 51077 46085 51077 46085 51077 51077 157625 51077 51077 51077 46085 46085 46085 1570 51077 157625 157625 46085 51077 51077 51077 1010 157625 1258 51077 46085 51077 46085 51077 51077 51077 51077 46085 22474 309137 11803445 51077 46085 157625 46085 51077 157625 1570 970 51077 46085 51077 46085 1570 51077 819202 51077 46085 2570 1258 46085 46085 1258 157625 51077 51077 46085 46085 46085 1258 1258 46085 157625 1570 46085 51077 1010 46085 157625 46085 51077 46085 46085 46085 1570 51077 46085 51077 51077 46085 51077 51077 46085 51077 1258 51077 46085 1258 51077 51077 46085 51077 46085 51077 46085 819202 1258 1258 46085 49010 51077 1570 46085 46085 1258 157625 46085 46085 51077 2442050 51077 46085 51077 49010 46085 46085 46085 46085 51077 51077 3069505 46085 46085 46085 46085 51077 102154 46085 46085 157625 1258 309137 51077 22474 1258 46085 46085 51077 1010 2570 46085 46085 120438965 51077 46085 51077 819202 1570 51077 24502501 46085 10 679730 51077 51077 51077 29290 51077 1570 1258 157625 51077 1258 46085 51077 51077 46085 157625 31971050 51077 46085 51077 51077 21151010 2570 51077 46085 1258 157625 46085 51077 46085 17171717 157625 51077 
2570 51077 46085 157625 51077 1258 170 46085 16386305 1258 46085 51077 46085 51077 46085 51077 46085 51077 46085 1701445 51077 51077 157625 51077 243370 1701445 1570 51077 2513570 51077 157625 1570 51077 370 51077 46085 157625 2570 46085 903170 51077 46085 51077 465125 46085 51077 46085 51077 46085 51077 46085 46085 51077 51077 1258 1570 46085 17475874 51077 1258 1010 51077 51077 1570 110245 1010 1258 46085 157625 8825 465125 46085 46085 46085 1010 51077 46085 46085 2513570 1067225 51077 1570 51077 51077 2570 51077 1010 170 46085 51077 46085 51077 46085 157625 157625 1258 46085 465125 46085 1258 51077 1570 110245 49010 46085 51077 11803445 46085 51077 51077 15693002 46085 51077 1570 46085 51077 46085 31971050 51077 46085 51077 1258 51077 46085 51077 1570 46085 46085 51077 46085 51077 970 51077 1570 51077 157625 903170 46085 8825 11803445 46085 157625 170 46085 819202 51077 51077 1258 46085 1570 157625 243370 351709810 46085 51077 1258 465125 1258 46085 1258 1258 1010 51077 51077 33625930 51077 51077 11803445 22474 51077 46085 110245 51077 157625 1570 46085 2570 903170 1258 16386305 51077 
2679625 25925 8005 8005 3925 3925 3414002 312505 312505 8568170 34 3925 3925 1240025 34 25925 3925 34 1179397 25925 25925 34 1279625 3925 34 25925 3925 3925 3925 3925 1089010 34 34 34 34 3925 3925 312505 3925 25925 34 25925 34 34 3925 34 34 2679625 34 312505 34 3925 3925 34 312505 34 3925 3925 312505 3925 3925 1240025 34 34 34 8005 1179397 34 3925 103970 25925 3925 34 25925 103970 34 34 25925 34 3925 3925 34 8005 3925 25925 34 3925 3925 34 312505 3925 25925 8005 34 34 3925 34 34 34 1179397 34 349450 34 3925 34 3925 3925 34 8005 34 34 312505 25719317 3925 3925 34 34 3925 3925 312505 34 3925 312505 34 1240025 312505 312505 312505 34 3925 3925 3925 34 3925 3925 25925 34 312505 34 1179397 3925 34 34 1240025 3925 3925 3925 3925 5551114 34 3925 3925 3925 25925 3925 34 312505 3925 34 25925 34 34 34 3925 1179397 34 25925 8005 3925 34 1179397 25925 34 8005 3925 34 3925 34 3925 1958434 3925 34 3031865 3925 3925 34 1179397 8005 34 8460050 936938 2679625 119258570 25925 34 25925 3925 34 25925 312505 3925 34 34 33190417 34 1279625 3925 3925 34 3925 25925 3925 8005 34 34 3925 3925 3925 8005 34 3925 3925 3925 312505 3925 34 3925 34 34 34 3925 3925 3925 8005 3925 34 312505 34 103970 34 34 910010 3925 34 3925 34 312505 8005 312505 3925 25925 6639370 25925 34 34 34 34 34 34 34 34 3925 312505 34 8005 1179397 34 3925 25925 8005 3925 34 3925 3925 312505 34 3925 3925 34 34 8005 34 34 34 34 34 34 312505 8005 312505 34 1279625 8005 312505 3925 3925 5667290 103970 312505 316850 3925 3925 3925 34 3925 34 3925 34 8005 3925 3925 3925 25925 25925 8005 34 25925 34 34 3925 25925 3925 3925 34 3925 3925 8005 3925 34 3925 3925 34 34 34 34 3925 103970 34 25925 3925 3925 1179397 312505 3925 34 6290 2679625 3925 34 34 312505 312505 312505 3925 3031865 34 25925 34 34 3925 3925 3925 312505 312505 34 34 34 34 3925 3925 34 34 25925 3031865 34 3925 34 316850 34 34 34 34 3925 3925 34 34 34 34 3925 25925 34 312505 34 312505 34 25925 3925 3925 34 25925 25925 34 3925 3925 1179397 34 1240025 34 34 34 34 34 3925 34 34 34 34 3925 3925 34 34 3925 15904145 34 103970 3925 34 1179397 34 34 3925 34 25925 34 3925 3925 34 
36101 85 85 465125 18685 18685 13450 85 36101 19018 85 202 85 85 19018 18685 19018 85 465125 19018 19018 19018 36101 465125 19018 36101 18685 463114 85 19018 85 18685 19018 19018 18685 85 18685 19018 36101 18685 13450 18685 18685 18685 19018 13450 18685 19018 18685 19018 85 85 85 36101 18685 370 85 34 19018 18685 85 465125 85 34 36101 13450 85 18685 13450 19018 36101 85 465125 370 19018 85 85 465125 3145 85 19018 465125 13450 18685 36101 85 85 18685 85 85 34 3145 36101 19018 13450 34 170 18685 18685 85 465125 85 370 19018 18685 85 36101 18685 19018 118474 36101 36101 465125 13450 36101 36101 18685 3145 13450 85 18685 85 18685 36101 19018 13450 19018 465125 19018 51850 19018 19018 19018 36101 463114 465125 19018 51850 85 19018 3849850 19018 85 36101 19018 19018 19018 85 36101 465125 2513570 85 13450 202 19018 85 85 13450 34 465125 18685 36101 13450 18685 85 19018 202 85 370 36101 3145 36101 18685 3145 1058005 465125 18685 18685 36101 85 19018 85 18685 26811685 18685 8825 26811685 18685 13450 19018 13450 18685 170 1058005 18685 18685 19018 18685 19018 18685 19018 13450 3145 85 19018 19018 18685 19018 85 18685 19018 18685 85 465125 18685 85 36101 19018 34 13450 36101 36101 85 19018 36101 465125 85 85 51850 36101 19018 465125 19018 13450 13450 465125 18685 18685 36101 85 465125 13450 85 19018 19018 18685 85 465125 170 18685 465125 58321250 19018 85 85 18685 36101 3145 13450 13450 36101 36101 13525 36101 85 36101 13450 85 13450 36101 202 85 13450 85 13450 465125 19018 85 85 465125 18685 170 19018 36101 13450 36101 18685 465125 18685 18685 36101 19018 19018 18685 18685 36101 85 85 34 18685 36101 18685 3849850 18685 13450 85 85 13450 18685 36101 465125 13450 18685 85 18685 85 13450 13450 85 465125 465125 18685 85 18685 465125 465125 19018 85 18685 2513570 18685 19018 85 85 145802 19018 13450 18685 85 36101 465125 13450 19018 19018 19018 19018 85 170 2513570 19018 18685 18685 13450 85 465125 85 13450 85 18685 18685 85 85 18685 85 85 18685 465125 85 18685 36101 85 18685 34 51850 18685 13450 85 202 85 13450 202 65650 36101 18685 36101 36101 170 13450 19018 36101 19018 465125 19018 170 19018 1058005 18685 13450 18685 13450 18685 465125 85 18685 13450 19018 19018 170 19018 18685 85 19018 170 19018 1312202 36101 370 3145 13450 465125 13450 1450 85 19018 
85 19018 19018 36101 202 85 3145 13450 13450 36101 34 19018 19018 36101 465125 36101 51077 36101 19018 13450 13450 19018 13450 13450 36101 19018 19018 19018 465125 13450 85 85 3145 85 18685 19018 18685 19018 85 36101 202 85 51077 18685 202 19018 19018 465125 19018 19018 465125 19018 36101 58325 465125 51077 465125 85 51077 85 1465474 36101 85 19018 13450 465125 19018 19018 51077 370 85 19018 1058005 13450 19018 36101 36101 18685 36101 370 13450 19018 85 51077 18685 85 202 13450 465125 85 170 13450 85 36101 85 4460545 19018 465125 19018 13450 19018 19018 465125 19018 36101 19018 51850 
34 34 19018 3530 485 34 34 485 34 34 485 485 34 3530 62725 987530 3530 34 34 34 485 8803210 62725 485 5365 485 34 485 5365 485 34 34 485 3530 485 34 485 485 485 485 5618005 5365 5365 3530 5991050 62725 34 10575505 485 3530 485 2036290 485 1180985 485 485 3530 485 5365 485 485 3530 5365 485 34 485 485 34 485 34 34 12970 34 34 485 34 5365 1685450 485 5365 34 485 62725 34 34 485 485 485 485 5991050 34 1331593 3530 485 485 3530 34 34 62725 3530 34 485 34 34 485 485 485 34 485 485 485 5365 485 5365 34 12970 5365 485 34 34 485 3530 34 3530 5365 485 485 2570 485 485 34 3530 62725 2036290 34 34 34 485 485 485 485 62725 62725 485 3530 34 485 485 485 34 5365 34 485 485 1331593 3530 485 34 34 3530 485 4850 3530 3530 485 485 10575505 34 
61217 170 170 170 170 170 170 61217 170 17 112897 170 170 170 45002 45002 170 441010 170 45002 170 45002 170 45002 45002 170 170 45002 170 170 17 720002 45002 17 45002 170 170 170 45002 170 17 170 170 170 170 45002 170 45002 170 170 45002 45002 17 679225 61217 170 45002 170 170 170 170 17 170 112897 170 679225 170 170 170 45002 170 170 170 170 170 170 170 170 261994 170 2570 45002 170 45002 170 45002 170 170 170 170 17 45002 45002 170 17 45002 112897 61217 170 170 45002 170 45002 45002 17 679225 720002 61217 61217 45002 170 170 112897 170 170 170 170 45002 170 170 45002 170 17 261994 61217 170 170 17 170 61217 170 170 45002 17 55114 170 679225 170 170 170 170 45002 45002 170 170 170 61217 170 170 170 17 45002 170 112897 17 170 17 20848357 61217 2570 170 170 170 61217 170 170 170 112897 45002 170 720002 45002 170 170 3082729 61217 45002 170 54928250 61217 17 17 170 170 170 170 170 45002 17 45002 170 170 720002 45002 170 170017 17 679225 170 170 170 45002 45002 170 61217 170 45002 170 720002 170 679225 170 170 170 170 170 17 170 55114 17 170 170 170 170 170 170 679225 170 17 170 170 170 17 170 17 17 45002 45002 112897 170 170 170 679225 170 170017 170 170 170 170 170 679225 17 45002 170 170 45002 170 170 170 17 170 170 261994 45002 170 170 170 170 170 170 170 170 170 170 45002 45002 45002 45002 45002 45002 170 17 170 45002 679225 679225 45002 170 170 720002 170 45002 170 767377 61217 170 2570 170 45002 170 170 45002 112897 35980874 170 45002 170 170 170 170 17 170 170 112897 61217 170 45002 170 17 112897 45002 679225 170 61217 45002 170 9168970 43658050 2570 45002 170 170 170 45002 45002 61217 170 45002 6801665 170 170 170 170 170 170 170 170 170 61217 61217 170 12446785 45002 720002 55114 170 261994 45002 45002 170 45002 45002 61217 679225 17 170 45002 17 45002 170 170 45002 2570 170 45002 61217 170 17 170 170 45002 170 17 45002 45002 720002 45002 45002 170 112897 170 17 45002 170 45002 170 170 170 170 45002 17 679225 679225 55114 17 170 170 170 45002 45002 45002 767377 9168970 45002 170 61217 261994 170 170 17 45002 170 45002 8140885 170 170 170 170 17 45002 170 17 170 45002 170 170 165005417 170 720002 17 112897 61217 17 17 679225 170 170 170 170 112897 170 170 170 9168970 170 7623317 170 679225 
4369 34 170 34 34 170 15317 170 34 3411274 170 239434 4369 6290 170 6290 170 34 170 170 170 170 170 15317 34 4369 34 34 34 34 170 43810 34 6290 6290 15317 170 170 34 170 6290 34 170 4369 34 464290 121685 4369 170 170 8304517 4369 4369 34 4369 170 34 34 34 4369 102154 4369 34 170 15317 4369 187274 4369 170 170 34 4369 4369 4369 121685 170 4369 15317 4369 239434 34 170 276770 4369 170 170 6290 6290 15317 170 34 6290 34 170 34 186325 121685 15317 170 170 170 34 4369 170 8005 34 170 170 170 34 34 4369 170 102154 4369 170 4369 170 34 15317 239434 34 170 34 8005 170 170 170 15317 34 6290 34 34 4369 4369 4369 8304517 170 34 34 34 170 4369 34 4369 15317 34 6290 276770 4369 170 170 4369 1089010 43810 4369 1089010 4369 170 15317 102154 170 15317 6290 15317 170 170 170 5326865 34 34 34 170 170 6290 34 4369 464290 4369 4369 15317 4369 239434 34 239434 170 170 34 34 170 170 43810 170 4369 170 170 6290 15317 1174898 34 4369 170 4369 102154 34 170 15317 15317 34 4369 4369 15317 170 239434 170 34 170 15317 163328401 170 6290 62317225 170 10370 170 4369 34 170 4369 170 15317 4369 15317 170 34 34 34 170 170 4369 170 34 6290 170 34 102154 170 1089010 4369 170 15317 239434 170 170 34 34 170 4369 170 34 34 4369 34 4369 4369 186325 4369 4369 4369 170 121685 170 15317 34 464290 4369 4369 170 34 276770 34 15317 15317 15317 34 6290 239434 170 170 102154 15317 15317 1089010 170 239434 34 170 170 15317 170 4369 170 4369 34 170 34 239434 34 6290 8005 34 34 276770 186325 170 6290 34 102154 464290 4369 170 4369 6290 34 34 4369 4369 34 170 170 34 15317 1089010 170 170 34 34 653050 4369 34 170 170 4369 170 15317 170 34 15317 34 4369 170 34 34 34 4369 34 15317 170 15317 34 34 34 239434 170 34 170 1624505 121685 15317 170 169010 15317 15317 4369 102154 15317 4369 170 34 4369 4369 170 34 34 6290 34 4369 170 4369 170 170 4369 34 15317 970 170 170 170 15317 170 4369 170 15317 170 4369 8005 6290 34 4369 34 34 34 170 34 4369 15317 34 649802 15317 4369 34 464290 4369 170 170 34 34 34 241648130 34 170 15317 170 170 15317 34 15317 4369 15317 34 170 170 15317 34 4369 34 102154 170 653050 15317 15317 170 4369 15317 6290 6290 170 15317 170 170 4369 170 34 15317 34 34 170 4369 15317 15317 170 15317 170 15317 170 170 170 6290 276770 170 34 170 15317 4369 4369 8005 15317 4369 239434 34 6290 34 170 6290 4369 239434 170 8005 34 170 4369 34 15317 170 464290 170 4369 34 170 239434 170 170 34 170 4369 15317 4369 6290 239434 15317 4369 34 6290 15317 102154 4369 34 6290 4369 170 170 6290 170 4369 4369 15317 15317 15317 4369 37970245 4369 15317 15317 170 4369 34 170 170 43810 170 34 34 170 170 4369 170 4369 1116050 170 15317 115672805 34 170 170 15317 34 6290 170 4369 4369 
34 485 485 485 34 34 501265 34 485 34 170 485 2125765 485 34 34 485 34 10575505 170 5270770 485 485 5365 5365 5365 34 485 2570 485 34 485 1331593 485 485 485 485 485 5365 5991050 34 485 485 170 485 34 34 34 485 34 501265 62725 485 34 170 485 34 5365 485 485 987530 485 1685450 514 34 34 34 5365 485 5365 485 170 34 34 485 2125765 5365 485 34 4162685 10370 170 485 485 485 34 170 34 485 485 1685450 170 485 485 485 62725 5365 485 170 120250 485 2125765 485 485 2125765 485 5618005 485 485 62725 3530 485 34 987530 34 34 485 485 3530 485 170 485 170 485 485 34 34 5365 5991050 485 34 34 485 1685450 485 3530 485 485 485 485 78447785 5365 485 485 170 485 485 34 485 5365 485 3530 485 34 485 485 485 3530 290450 485 501265 485 485 485 30208825 34 34 170 485 34 485 485 987530 34 485 170 3530 485 170 485 34 34 3530 501265 485 170 5365 485 34 485 170 34 170 485 34 34 2570 485 34 34 485 3530 34 485 10575505 485 485 485 485 485 170 34 5365 485 170 485 485 34 485 5365 62725 34 34 485 485 485 4814825 485 21257650 485 62725 485 34 1685450 120250 34 269125 62725 485 485 269125 5365 170 62725 485 485 485 170 34 485 39427202 170 170 34 
2244005 31754 74 370 1654865 74 16825 74 4357 74 16825 74 26293865 74 74 74 188065 74 4357 74 4357 74 865930 4357 115628305 74 4357 74 74 2425 4357 83525 74 4357 4357 16825 4357 4357 74 74 1654865 74 370 4357 74 16825 74 16825 4357 74 74 4357 74 74 538645 188065 16825 74 74 74 188065 74 4357 538645 29253025 4357 1654865 4357 10730 2132650 4357 538645 4357 4357 4357 4357 74 74 188065 4357 4357 4357 74 74 4357 74 16825 169010 2425 12595570 74 74 4357 188065 4357 188065 74 4357 2132650 4357 74 74 16825 169010 10730 16193809 370 4357 4357 74 4357 1654865 10730 4357 4357 4357 74 74 4357 2720017 4357 4357 4357 4357 4357 74 74 2425 4357 4357 4357 74 4357 74 4357 428546485 538645 169010 74 74 4357 2425 188065 1654865 169010 4357 74 188065 74 74 4357 4357 16825 1789834 4357 74 74 4357 74 4357 74 74 74 4357 4357 2244005 169010 16825 4357 4357 1654865 4357 74 188065 74 4357 31754 4357 16825 188065 4357 2425 1654865 4357 188065 4357 26293865 16825 4357 4357 74 12595570 74 4357 188065 74 74 188065 4357 188065 74 16825 74 4357 1654865 538645 4357 74 74 188065 74 74 4357 74 4357 1654865 16825 4357 74 16825 16825 74 4357 74 74 4357 188065 4357 74 16825 188065 74 188065 4357 188065 188065 363701 74 74 74 74 74 74 74 74 4357 2425 4357 188065 1654865 16825 4357 4357 4357 4357 4357 4357 188065 74 4357 74 188065 188065 188065 4357 188065 188065 188065 2244005 4357 
18685 18685 19018 18685 18685 18685 170 18685 170 13450 170 18685 34 112370 170 170 18685 13450 170 18685 170 170 170 170 18685 18685 170 13450 170 18685 18685 170 170 170 170 18685 19018 13450 18685 170 34 18685 13450 34 18685 170 170 170 170 19018 19018 19018 18685 18685 170 18685 18685 170 18685 170 170 170 170 18685 18685 13450 18685 13450 1018145 170 34 13450 18685 170 170 18685 34 19018 3145 18685 13450 13450 170 170 18685 118474 34 18685 18685 18685 34 170 18685 170 18685 170 18685 18685 170 18685 18685 18685 170530 18685 170 18685 13450 13450 18685 34 13450 18685 18685 18685 170 13450 34 18685 170 18685 18685 170 170 170 18685 18685 13525 170 18685 170 18685 170 13450 18685 170 18685 720002 18685 170 170 118474 170 18685 170 18685 18685 34 18685 36101 2076497 170 18685 170 170 18685 170 170 170 170 170 13450 18685 13450 170 36101 18685 18685 170 170 13450 170 18685 13450 170 18685 13450 18685 118474 13450 170 18685 170 13328170 18685 18685 18685 34 145802 122740034 170 18685 34 18685 170 170 170 18685 13450 18685 19018 3145 145802 18685 170 170 170 19018 18685 170 19018 170 170 18685 118474 112370 34 170 170 145802 170 170 170 170 18685 18685 18685 18685 19018 13450 18685 170 170 34 18685 18685 13450 18685 18685 13450 13450 170 19018 13450 170 170 18685 18685 170 13450 13450 18685 727402 170 18685 18685 170 170 19018 13450 34 145802 170 36101 170 13450 13450 170 727402 170 13450 1450 18685 13450 170 18685 13450 510770 170 18685 13450 13450 13525 1601 170 170 170 18685 170 145802 18685 1450 170 19018 18685 170 18685 170 170 18685 18685 170 18685 170 170 170 170 1450 18685 19018 18685 145802 34 170 18685 112370 18685 13450 170 13525 18685 18685 13450 19018 34 18685 170 17478578 18685 13450 18685 170 170 18685 170 18685 18685 2742337 170 18685 170 34 170 18685 206890 18685 18685 18685 18685 170 170 13450 13450 18685 170 170 170 18685 18685 170 19018 13450 170 34 170 19018 36101 18685 18685 18685 19018 18685 727402 170 170 
1654865 27217 4357 188065 4357 4357 188065 37829045 4357 188065 188065 3154177 188065 4357 27217 9439625 188065 188065 10370 4357 10370 4357 546410 4357 188065 188065 4357 188065 188065 2876417 188065 4357 188065 4357 4357 1654865 538645 4357 188065 4357 4357 1654865 4357 148138 4357 169010 538645 188065 27217 4357 4357 188065 1227434 27217 1227434 10370 188065 4357 13450 765034 2517770 188065 188065 188065 27217 27217 4357 188065 4357 4357 188065 4357 188065 4357 4357 188065 188065 4357 4357 4357 27217 2281250 4357 4357 188065 10370 10370 546410 4357 4357 4357 169010 27217 4357 4357 4357 188065 27217 4357 2876417 27217 36101 4357 5218405 27217 188065 2281250 188065 188065 4357 27217 4357 188065 765034 10370 188065 4357 4357 10370 4357 188065 5674685 188065 169010 290 27217 188065 4357 1654865 188065 2876417 4357 4357 1765 4357 169010 2281250 4357 1227434 13450 4357 188065 188065 2876417 188065 169010 188065 188065 188065 18685 27217 4357 4357 27217 4357 2281250 4357 4357 4357 188065 4357 188065 188065 188065 4357 4357 4357 188065 4357 4357 4357 188065 188065 4357 188065 1031050 4357 27217 4357 4357 4357 188065 188065 27217 4357 4357 4357 4357 16908125 4357 4357 4357 188065 10370 74257625 538645 188065 10370 4357 27217 4357 27217 27217 27217 188065 18685 188065 18685 4357 10730 4357 4357 4357 4357 4357 4357 4357 4357 4357 169010 1654865 1227434 538645 27217 188065 16908125 169010 1654865 4357 4357 27217 27217 4357 188065 27217 169010 1765 4357 450290 10370 188065 188065 36101 188065 4357 188065 188065 4357 6290 4357 27217 1227434 188065 188065 188065 4357 27217 188065 27217 538645 538645 4357 188065 10370 188065 4357 188065 27217 4357 1654865 188065 188065 4357 10370 538645 188065 10370 188065 4357 188065 4357 27217 188065 27217 4357 188065 13450 27217 4357 4357 36101 1227434 4357 10370 4357 4357 188065 188065 4357 10370 1654865 27217 188065 4357 4357 27217 10370 188065 1765 13450 188065 4357 10370 188065 27217 188065 3154177 27217 1227434 290 1227434 188065 4357 4357 10370 4357 2132650 4357 4357 188065 27217 4357 4357 4357 4357 169010 188065 4357 4357 4357 546410 4357 4357 2876417 10370 188065 9439625 4357 1765 4357 538645 188065 10370 4357 27217 4357 188065 
10405 10405 10405 10405 10405 10405 10405 10405 10405 10405 1116050 10405 15317 10405 15317 10405 4369 15317 15317 15317 10405 29045 10405 4369 10405 10405 10405 10405 10405 15317 10405 4369 10405 10405 714425 29045 273205 15317 29045 4369 15317 10405 29045 15317 10370 10405 15317 10405 10405 1624505 10405 10405 10405 4369 10405 10405 4369 10405 4369 10405 29045 29045 10405 29045 29045 29045 29045 10405 170 3207154 10405 10405 29045 10405 10405 29045 10405 10405 276770 10405 10405 10405 15317 15317 10405 10405 10405 29045 10405 170 10370 10405 239434 10405 10405 15317 239434 10405 10405 29045 10405 29045 15317 10405 10405 10405 10405 15317 10405 10405 10405 10405 10405 29045 4369 15317 10405 464290 4369 121685 29045 714425 29045 4369 15317 10405 29045 102154 239434 170 10405 10405 141853490 29045 15317 239434 170 15317 29045 10405 12023845 
239434 10405 459850 10405 4369 10405 29045 10405 10405 15317 4369 29045 239434 10405 29215370 10405 10405 15317 10405 29045 459850 10405 459850 10405 459850 239434 276770 29045 10405 10405 10405 10405 10405 29045 10405 459850 10405 4369 29045 276770 3207154 15317 29045 970 4369 10405 71978 10405 10405 239434 10405 10405 10405 15317 10405 714425 10405 10405 10405 239434 15317 4369 10405 273205 121685 15317 10405 10405 15317 10405 10405 10405 10405 15317 15317 4369 10405 10405 15317 10405 10405 10405 29045 15317 10405 10405 29045 10405 10405 10370 10405 10405 29045 29045 8304517 29045 10405 4369 10405 10405 10405 10405 4369 15317 10405 15317 4369 10405 4369 169010 10405 10405 4369 15317 141853490 141853490 29045 10405 15317 4369 10405 29045 10405 4369 10405 29045 29045 239434 10405 15317 10405 10405 10405 29045 29045 10405 15317 10405 10405 4369 10405 10405 459850 970 10405 15317 10405 170 10405 10405 10370 273205 276770 10405 29045 10405 170 10405 10405 10405 10405 4369 239434 10405 29045 10405 10405 15317 29045 15317 10405 15317 10405 102154 273205 10405 10405 15317 472935625 10405 10405 15317 10405 102154 15317 29045 10405 10405 10405 10405 15317 29045 970 10405 29045 10405 4369 15317 10405 136488370 15317 10405 29045 29045 10405 10405 10405 15317 170 10405 10405 459850 10405 10405 10405 15317 459850 15317 15317 4369 10405 3207154 4369 10405 15317 10405 15317 10405 29045 4369 71978 10405 459850 276770 10405 4369 10405 15317 10405 10405 169010 153170 15317 10405 10405 10405 10405 29045 10405 4369 4369 29045 10405 10405 29045 4369 10405 10405 29045 10405 10405 464290 29045 10405 10405 29045 10405 4369 29045 10405 102154 10405 10405 15317 102154 4369 10405 10405 29045 10405 10405 29045 10405 15317 10405 10405 10405 10405 10405 10405 10405 970 15317 10405 15317 10405 29045 15317 10405 4850 276770 10405 15317 10405 10405 29045 459850 10405 102154 15317 10405 10405 10405 10370 10405 10405 10405 15317 102154 29045 29045 29045 10405 10405 10405 10405 10405 29045 10405 714425 10405 459850 15317 4369 10405 15317 15317 29045 102154 10405 10405 15317 10405 4369 10405 50658725 10405 15317 10405 10405 29045 29045 10405 15317 10405 10405 10405 15317 15317 4369 4369 10405 239434 15317 10405 10405 10405 29045 239434 10405 10405 29045 10405 15317 29045 29045 4850 29045 10405 4369 10405 4369 10405 10405 4850 10405 10405 10405 15317 102154 4369 10405 10405 15317 10405 459850 239434 10405 10405 15317 15317 15317 10405 29045 15317 4369 10405 10405 10405 10405 4369 10405 121685 15317 239434 10405 4369 15317 10405 10405 10405 10405 10405 10405 29045 10405 10405 4369 10405 10405 10405 10405 10405 10405 29045 29045 10405 29045 4369 10405 15317 15317 121685 276770 15317 10405 10405 4369 4369 29045 4850 29045 10405 10405 10405 29045 10405 15317 4369 10405 29045 4850 4177189 10405 29045 10405 10405 10405 15317 273205 10405 464290 10405 15317 4850 29045 10405 15317 4369 10405 10405 29045 10405 4369 29045 10405 10405 22147645 970 29045 15317 10405 10405 29045 15317 29045 10405 10405 29045 10405 714425 10405 10405 10405 15317 15317 4369 10405 10405 29045 15317 10405 4369 4369 10405 4369 3250 15317 10405 10405 4369 29045 10405 29045 10405 10405 15317 10405 239434 15317 29045 4369 15317 10405 970 10405 10405 10405 15317 15317 29045 10405 29045 10405 10405 4369 10405 10405 121685 10405 10405 
679225 261994 170 679225 17 170 112897 17 9802 17 679225 170 61217 45002 170 45002 17 170 61217 170 720002 261994 45002 61217 45002 170 55114 17 170 17 45002 45002 112897 170 17 45002 170 170 17 45002 17 170 45002 45002 17 17 45002 170 17 45002 45002 170 170017 5957905 17 45002 17 170 170 6708101 170 170 720002 17 170017 170 170 261994 112897 45002 45002 170 45002 8837450 45002 45002 17 17 45002 679225 170 17 45002 170 17 261994 170 17 170 170017 170 17 17 720002 17 261994 9802 45002 170 170017 17 170 17 170 170 170 17 170 17 720002 61217 170 170 17 17 261994 170 170 17 17 45002 17 17 720002 61217 45002 17 170 45002 170 61217 170 170 170 17 170 45002 112897 170 10 170 112897 170 170017 170 170 720002 170 170 45002 170 170 170 170 61217 170 17 45002 170 17 45002 170 170 45002 170017 43658050 170 170 170 45002 45002 45002 170 17 45002 45002 45002 170 170 170 17 170 45002 45002 170 17 17 17 170 17 170 679225 720002 170 170 170 61217 45002 45002 45002 170 45002 45002 112897 170 45002 170 17 170 767377 17 170 720002 45002 45002 45002 17 679225 170 45002 170017 45002 170 679225 45002 45002 45002 17 170 170 679225 17 170 9168970 45002 112897 61217 17 170 170 9802 45002 45002 17 17 170 9802 170 17 170 17 170 17 45002 17 170 45002 17 170 17 45002 17 17 170 170 170 170 112897 17 17 112897 17 170 170 17 17 170 45002 45002 170 170 9168970 170 17 170 170 17 170 720002 261994 170 170 170 720002 61217 17 720002 679225 45002 170 45002 17 17 170 17 170 61217 679225 112897 45002 45002 45002 17 45002 17 17 45002 112897 679225 720002 17 17 45002 45002 45002 17 17 17 170 170 21385802 112897 720002 17 170 20848357 17 170 61217 170 112897 17 261994 17 17 170 17 45002 112897 170 17 17 45002 720002 17 45002 61217 170 170 45002 17 112897 45002 170 170 45002 170 679225 45002 17 61217 45002 17 170 167276402 3082729 17 170 720002 170017 45002 170 170 273205 170 679225 679225 170 45002 55114 45002 170 170 170 17 170 170017 170 170 17 170 170 170 61217 720002 679225 679225 170 45002 170 17 170 170 261994 170 17 61217 45002 261994 45002 45002 45002 61217 45002 679225 17 45002 17 679225 45002 170 170 17 45002 45002 170 170 61217 17 170 45002 45002 170 45002 112897 170017 45002 2570 170 17 261994 112897 17 45002 17 
34 85 3530 3530 85 17945 85 85 34 3638050 34 5365 3530 85 3530 485 85 3530 34 85 3530 34 3530 34 34 3530 85 85 695185 3530 3530 3530 85 34 85 3530 987530 3530 34 34 85 85 485 1331593 3530 34 3530 85 3530 85 148138 3530 3530 34 3530 3530 5365 3530 85 34 34 85 17945 85 3530 5365 3530 3530 3530 5365 3530 19018 34 3530 85 85 1285 3530 5365 3530 3530 5 17945 85 1285 485 3530 3530 3530 485 3530 34 17945 85 85 3530 85 3530 85 3530 85 3530 3530 85 34 3530 34 3530 85 3530 17945 3530 17945 1331593 3530 85 5365 85 3530 19018 3530 3530 5 34 1331593 5365 3530 3530 485 3530 987530 34 34 1331593 34 3530 1331593 3530 3530 85 3530 2036290 239434 5365 3530 5365 3530 3530 19018 3530 1331593 36101 17945 18434 485 3638050 34 85 85 4284085 17945 3530 12513625 3959705 36101 3530 3530 3530 85 85 85 3530 695185 85 2036290 3530 85 36101 3530 85 34 36101 85 5 695185 3530 17945 85 3530 3530 3530 21257650 17945 34 36101 3530 36101 3530 85 19018 3530 19018 17945 987530 3530 19018 485 85 19018 3530 34 3530 148138 5 3530 3530 85 485 85 3530 17945 85 34 12970 85 5365 85 3530 3530 8803210 3530 34 17945 85 34 3530 34 34 13089490 85 5365 34 3530 34 5 85 85 17945 3530 3530 3530 3530 85 85 85 19018 85 485 3530 3530 3530 85 85 85 485 85 3530 485 19018 85 12970 3530 36101 2036290 85 34 23392850 3530 85 34 3959705 3530 3530 85 85 85 485 85 3530 15596425 34 34 485 3530 85 485 34 85 83466497 3115010 3530 3530 17945 85 85 85 34 85 85 3530 3530 5 34 3530 5365 85 5 1285 148138 3530 34 17945 85 85 85 85 85 5365 34 1331593 3638050 34 85 485 17945 3530 85 3530 85 85 3530 3530 3530 3530 85 485 5365 3530 17945 5365 3530 1331593 17945 35120450 5 85 485 85 3530 85 3530 3530 34 17945 34 85 34 17945 3530 85 85 3530 3530 3530 148138 5365 34 34 3530 2036290 85 5365 85 5365 3530 3530 34 85 85 5365 3530 2036290 3530 85 3530 
12325 12325 17 89725 12325 17 17 45002 17 18434 9802 17 17 89725 45002 720002 10 17 170197625 17 10 45002 17 17 10 17 9802 17 45002 17 12325 12325 720002 720002 17 12325 884425 17 17 9802 17 17 45002 17 17 17 17 170 17 12325 10 17 9168970 45002 9802 12325 17 17 261994 45002 12325 9802 17 17 17 45002 17 17 9802 12325 17 17 17 17 17 17 17 17 7474 12325 17 12325 89725 45002 9802 17 17 43690 170 17 720002 17 17 89725 10 679225 9802 170 10 884425 45002 17 45002 12325 17 17 45002 89725 17 376002617 17 56070145 17 17 45002 17 679225 9802 45002 9802 9802 9802 17 17 12325 17 1133458 1002530 17 45002 17 415874 1002530 17 17 89725 87194885 17 17 17 17 
17 45002 17 17 112897 17 17 17 9802 17 45002 17 17 17 17 170 17 61217 45002 45002 170 17 9802 17 170 170 1812445 45002 17 17 9802 170 17 6751225 170 17 679225 17 170 170 9802 17 170 45002 679225 170 17 45002 61217 45002 61217 720002 45002 170 17 61217 17 3082729 17 170 61217 679225 17 17 720002 170017 17 17 17 170 45002 45002 17 17 17 45002 17 17 6356597 61217 170 45002 17 17 170 170 17 170 170 19978825 112897 17 17 17 17 45002 6708101 17 17 17 170017 17 679225 45002 45002 61217 98608330 17 17 170 17 61217 17 17 17 45002 17 45002 17 17 45002 17 170017 45002 5301490 45002 679225 17 17 261994 17 45002 112897 17 17 170 17 9802 17 17 767377 45002 17 17 45002 17 17 170 17 45002 45002 17 17 170 679225 17 17 17 61217 170 17 17 679225 170 17 45002 17 679225 679225 17 61217 45002 17 170017 61217 170 17 170 170017 45002 441010 61217 170 17 17 17 9802 17 17 17 45002 17 170 45002 170 17 17 170017 170 17 170 8140885 6708101 679225 170 170017 61217 170 45002 43690 17 61217 17 45002 17 170 17 17 17 679225 166300850 17 61217 170 17 61217 17 17 61217 17 170 17 17 170 17 170 170 17 17 9802 17 17 45002 679225 170 17 17 45002 45002 170 45002 170 17 17 170 61217 17 45002 17 17 17 170017 170 9802 17 17 17 17 170 45002 17 45002 17 17 17 170 17 17 17 17 45002 17 170 45002 17 17 17 45002 170017 17 4654585 679225 17 17 17 170 17 45002 17 45002 9802 45002 17 61217 45002 720002 170 45002 17 112897 17 17 61217 170 17 17 45002 61217 59170 9802 720002 45002 720002 1812445 17 17 17 45002 
1601 17 17 1601 1179397 17 17 612170 1601 17 1601 17 1279625 17 170 45002 17 612170 17 170 17 17 1601 17 170 17 1601 170 17 17 17 17 720002 1601 17 312505 45002 45002 1601 17 720002 17 17 1601 17 17 1601 17 17 17 170 17 679225 1601 17 17 170 17 1601 272485 17 9802 2700490 1601 9168970 1179397 17 45002 17 17 170 170 1601 17 170 17 170 1601 170 1601 17 720002 272485 17 170 17 170 17 17 122434 45002 1601 370 170 17 17 1601 17 17 17 17 170 17 17 679225 236197 17 59170 272485 17 720002 17 17 17 45002 17 45002 17 1601 17 372650 17 45002 170 679225 370 45002 261994 45002 17 17 45002 17 170 1601 17 17 1601 170 122434 17 17 17 1601 45002 17 17 1601 1601 1601 17 236197 17 170 170 45002 1601 17 170 1601 1601 98570 17 45002 17 1601 17 1601 17 4411625 720002 17 1601 17 17 720002 1601 1601 170 170 1601 17 17 1601 1601 17 17 17 1601 45002 170 17 170 45002 17 17 1601 17 17 1279625 1279625 679225 17 1601 1179397 17 17 17 17 17 170 17 17 17 272485 1179397 1601 1179397 17 17 17 1601 17 170 17 45002 1601 261994 720002 170 10 1601 17 45002 10 17 17 1601 170 45002 1601 170 1601 17 17 17 170 272485 17 370 17 17 236197 17 170 17 17 1601 1601 17 170 170 170 1601 720002 1601 170 1279625 17 17 17 10 17 17 1601 17 17 17 17 17 1601 17 1601 170 170 272485 1601 1601 1601 10 720002 45002 170 10 1601 17 17 17 17 170 170 1601 45002 170 45002 17 1179397 1601 17 170 17 17 1601 1601 170 17 170 1601 17 720002 45002 17 1601 17 272485 10 1601 9802 17 17 679225 720002 679225 17 272485 45002 17 17 17 33802 17 17 1601 17 17 1601 720002 17 17 170 17 17 10 17 17 17 17 17 272485 17 17 1601 1601 1601 272485 1601 17 17 17 17 679225 1601 1601 17 17 17 170 1601 17 1601 17 17 9802 45002 1179397 17 17 17 17 170 17 17 45002 1601 1601 1601 17 17 1601 1601 17 1179397 17 17 17 17 17 1601 1601 17 17 170 17 170 8641625 1601 17 170 170 17 17 17 1601 45002 272485 720002 720002 17 17 17 45002 17 33802 170 10 1601 17 10 1601 17 17 17 272485 441010 17 10 1279625 17 17 45002 10 45002 17 170 1601 1601 17 17 3597217 272485 45002 17 272485 9168970 1601 1601 17 170 1601 1601 10 1601 1179397 720002 17 17 170 25925 17 17 17 170 45002 27050 170 1601 170 17 
170 1601 1601 17 1331593 3597217 272485 679225 1601 17 17 3959705 170 987530 17 17 3530 1601 272485 1179397 272485 17 17 17 17 1601 17 45002 1601 1601 596234 3530 720002 3959705 17 17 272485 3530 170 170 1601 1331593 45002 1601 1601 17 45002 1601 17 170 1601 720002 17 17 170 17 272485 170 170 17 17 17 1601 987530 272485 1601 17 45002 17 170 1601 17 3530 17 170 170 3530 17 17 17 17 17 3530 170 17 720002 45002 17 170 1601 3959705 272485 45002 17 17 170 45002 17 1601 45002 170 1601 17 170 170 17 17 170 23328005 17 17 1331593 17 720002 17 17 9168970 1601 1601 1601 45002 1331593 17 272485 17 170 170 3530 170 45002 17 170 3530 3530 17 1601 3530 17 17 1601 1601 17 1601 272485 17 1331593 45002 17 17 170 17 170 720002 272485 17 170 17 17 17 19018 272485 170 1601 45002 1601 272485 1601 3597217 12970 170 17 17 987530 3530 17 17 17 1601 17 170 272485 170 17 17 1279625 17 17 17 17 5365 679225 1601 17 170 17 987530 170 17 1601 1179397 17 1601 1601 596234 3530 17 17 272485 1179397 1601 1601 1601 17 17 17 170 17 1601 1601 1601 1601 3530 17 1601 170 1601 1601 1179397 17 261994 1601 170 17 17 1601 45002 1601 17 815813 170 1601 5365 17 17 17 170 17 1601 17 1601 17 17 170 1179397 12970 17 1179397 170 720002 3530 17 176290 1601 1601 1601 17 1601 17 1601 17 17 17 17 17 170 17 17 6356597 17 17 1601 17 17 5365 1601 17 17 170 1601 17 1601 17 45002 1601 1601 272485 720002 
170 18685 4930 170 170 31248101 286466050 18685 1450 170 18685 170 170 18685 170 18685 18685 18685 262450 18685 313634 18685 170 18685 18685 170 170 18685 34 170 118474 170 170 170 34 34 170 1050905 170 170 170 170 170 18685 18685 18685 13525 18685 18685 18685 170 170 18685 170 18685 170 18685 18685 34 170 170 170 145802 170 18685 18685 18685 170 170 34 18685 170 170 18685 118474 170 18685 170 170 170 18685 18685 18685 34 13450 18685 170 170 18685 18685 170 170 170 170 170 18685 262450 18685 170 18685 59841802 170 170 18685 170 18685 18685 170 170 170 18685 170 170 170 170 170 170 170 170 18685 18685 18685 34 18685 170 18685 170 170 170 170 34 5896985 34 112370 170 18685 18685 1450 18685 170 170 170 18685 170 170 170 170 170 170 170 170 170 170 18685 18685 170 40269125 40269125 145802 170 34 170 170 18685 18685 145802 18685 170 170 18685 18685 170 18685 170 34 112370 170 463114 112370 170 170 170 170 170 170 11230250 170 18685 170 13450 170 170 18685 18685 18685 18685 18685 18685 18685 313634 463114 170 1450 18685 170 170 18685 170 170 170 18685 18685 170 170 18685 170 170 18685 18685 18685 170 18685 170 170 170 13450 18685 170 18685 170 18685 1018145 18685 18685 34 18685 18685 170 170 170 18685 18685 18685 18685 170 170 170 34 18685 18685 34 170 18685 170 18685 18685 18685 170 170 118474 61505617 34 13833025 34 170 170 18685 170 18685 18685 170 170 170 18685 34 18685 170 18685 170 112370 170 170 170 4930 206890 34 170 170 18685 170 170 170 18685 1450 170 18685 18685 1450 170 34 170 13450 170 18685 170 170 170 18685 145802 18685 18685 34 170 170 18685 170 18685 18685 34 2032130 18685 18685 1018145 170 170 18685 18685 170 170 14684225 170 18685 18685 18685 18685 170 18685 18685 170 18685 18685 1450 34 170 1450 18685 170 18685 112370 34 170 170 18685 18685 170 170 170 170 170 43690 18685 463114 34 170 170 112370 1050905 170 206890 170 18685 170 18685 18685 1050905 170 262450 313634 18685 170 112370 170 18685 18685 170 34 34 18685 18685 170 170 18685 170 170 170 18685 170 170 18685 18685 18685 170 112370 170 18685 18685 1050905 18685 34 170 18685 170 170 18685 170 170 170 170 18685 18685 18685 13525 170 13450 170 170 170 18685 170 170 18685 18685 170 18685 170 34 18685 34 170 170 170 170 18685 34 170 170 170 118474 18685 170 170 170 170 170 170 170 170 170 18685 18685 18685 170 18685 170 18685 170 18685 170 18685 170 34 13450 18685 18685 170 18685 18685 18685 18685 170 170 170 18685 170 18685 18685 18685 112370 1450 13450 18685 31248101 2076497 18685 170 170 170 18685 170 18685 170 
202 286565 101 74 74 74 8245 202 202 101 8245 8245 8245 202 8245 456977 190450 202 101 101 202 202 8245 101 101 202 202 101 202 202 202 202 202 8245 202 60092825 74 101 202 101 74 8245 286565 190450 74 101 8245 101 101 101 8245 202 74 74 101 8245 202 8245 202 202 101 202 8245 101 74 456977 202 202 74 202 8245 202 8245 101 456977 101 8245 202 8245 202 202 101 101 74 8245 202 74 202 101 8245 202 8245 74 202 286565 101 456977 202 74 8245 202 202 74 190450 202 202 60092825 247810 101 101 101 202 101 8245 101 202 101 202 202 370 101 202 74 74 74 202 8245 202 202 8245 1332970 8245 202 202 202 202 101 8245 74 8245 8245 202 8245 8245 28995829 202 456977 456977 202 202 202 74 202 202 101 202 202 8245 101 1332970 202 101 101 101 8245 202 74 286565 8245 74 202 8245 8245 202 8245 286565 190450 101 101 8245 190450 202 202 8245 202 202 202 202 202 101 202 202 202 101 8245 8245 1332970 8245 8245 286565 101 8245 202 8245 202 202 202 74 74 202 77450 8245 8245 202 8245 8245 101 8245 8245 8245 202 456977 8245 286565 74 8245 190450 101 101 8245 202 202 1332970 8245 202 122434 8245 202 202 8245 202 202 202 202 1018145 74 74 74 202 202 101 101 8245 101 456977 74 286565 8245 8245 202 74 456977 202 202 101 101 1746485 202 101 8245 1332970 202 202 8245 202 74 8245 202 8245 74 8245 8245 202 202 101 74 202 202 456977 101 456977 8245 74 286565 202 101 1332970 101 74 286565 8245 8245 202 8245 202 101 8245 456977 74 8245 392005 202 8245 8245 740690 8245 101 202 286565 101 327402325 8245 101 8245 8245 8245 202 74 101 456977 202 202 8245 8245 101 202 202 101 8245 8245 74 8245 286565 202 8245 8245 74 202 101 101 101 101 202 8245 8245 145225 1332970 8245 2342345 202 74 8245 8245 202 8245 8245 202 286565 77450 8245 202 202 1450 202 202 8245 74 202 101 8245 74 202 1450 202 101 202 202 8245 202 202 286565 101 202 74 202 74 202 1746485 202 202 101 202 101 8245 202 202 101 202 456977 202 101 77450 286565 8245 8245 101 8245 202 8245 101 202 1047370 8245 63393445 8245 202 286565 101 8245 202 202 8245 202 202 202 8245 101 202 202 101 74 74 101 202 202 8245 456977 77450 1332970 202 202 456977 1450 8245 202 74 8245 202 101 101 101 8245 74 101 8245 202 74 101 8245 202 1332970 8245 202 8245 190450 74 8245 202 202 74 202 31222837 202 286565 8245 74 202 202 101 180505 101 101 202 8245 202 361010 8245 202 8245 74 8245 74 286565 202 202 202 202 202 456977 9223730 286565 190450 101 8245 101 101 202 456977 190450 101 1018145 202 1332970 202 74 8245 74 202 101 101 8245 202 74 8245 101 190450 202 202 202 28995829 456977 8245 101 101 240101 101 202 202 8245 202 74 101 74 8245 202 202 8245 202 202 101 8245 8245 202 101 77450 8245 202 101 8245 202 101 202 101 
202 202 8245 18685 202 8245 202 202 202 202 202 202 456977 286565 74 74 74 202 8245 8245 34 202 202 202 2048005 202 202 8245 202 202 202 202 202 202 19014425 202 18685 202 101 8245 101 101 202 202 202 8245 202 8245 101 202 202 101 101 8245 8245 8245 101 8245 101 18685 101 28995829 1332970 202 2514725 8245 202 8245 202 202 8245 202 8245 8245 8245 202 286565 101 74 74 202 8245 34 101 202 101 101 101 202 202 8245 101 202 202 101 8245 202 74 202 1332970 74 202 202 8245 240101 202 202 8245 8245 8245 202 34 202 202 18685 202 74 77450 8245 145802 8245 101 18685 456977 286565 8245 101 101 8245 101 101 202 101 202 101 202 8245 202 202 74 74 18685 101 8245 8245 8245 286565 202 7393285 202 202 34 8245 202 101 8245 101 4904714 202 202 202 202 8245 74 202 74 101 202 34 8245 286565 101 1332970 202 18685 101 202 8245 101 101 74 202 8245 202 202 74 202 8245 202 727402 101 101 34 34 101 202 202 202 8245 202 202 202 8245 8245 1332970 202 202 8245 101 202 8245 8245 240101 202 202 202 202 8245 202 34 727402 101 286565 8245 202 202 101 8245 101 202 101 18685 101 202 8245 34 202 1256785 202 202 2465 101 202 202 18685 8245 286565 8245 8245 8245 101 101 202 8245 74 8245 101 
120250 202 101 8245 101 8245 237597785 1332970 8245 8245 101 202 286565 120250 101 156658 101 286565 8245 101 74 202 74 101 286565 74 8245 202 202 485 74 202 202 18685 74 1450 202 202 485 8245 202 18685 202 101 202 269125 8245 202 74 8245 202 101 8245 101 202 8245 8245 485 1332970 8245 101 101 202 202 2514725 202 202 202 202 101 8245 74 8245 8245 101 202 202 101 485 202 202 8245 8245 8245 286565 101 202 202 101 101 101 2048005 8245 286565 286565 202 202 8245 101 202 74 8245 312617797 286565 8245 101 202 8245 485 74 101 202 202 17617525 101 8245 1450 202 202 8245 485 202 8245 8245 65016185 202 101 485 202 202 101 202 101 8245 8245 8245 202 202 8245 202 485 101 8245 485 101 101 202 8245 8245 1256785 101 290450 8245 202 8245 8245 18685 202 202 202 101 101 101 74 8245 120250 8245 101 202 202 485 101 1450 202 202 202 1244125 8245 202 8245 202 101 202 202 202 361010 286565 202 202 8245 8245 74 202 202 202 101 202 202 202 8245 202 8245 485 74 202 101 202 49010 202 8245 74 18685 202 202 202 8245 501265 202 101 8245 202 202 202 202 202 202 8245 101 8245 202 202 290450 8245 74 101 202 101 8245 202 202 101 18685 8245 101 74 202 202 8245 74 8245 202 101 8245 101 202 8245 8245 202 77450 
202 202 202 1717 940325 1717 505 1717 8245 505 202 202 202 1717 505 77450 3737 1717 1717 202 202 8245 55114 202 202 1717 202 8245 1332970 1717 202 1717 202 1717 1717 202 202 940325 202 202 8245 202 74 1717 202 202 202 1717 3737 1717 202 1717 202 8245 505 1332970 202 1717 202 202 1332970 1717 63370 8245 2594 1717 202 8245 1717 202 156658 202 202 202 202 202 1717 202 202 202 2594 1717 1717 8245 202 1717 1717 202 1717 1717 202 202 202 202 202 1717 202 202 1717 2594 8245 55114 202 202 202 202 202 1717 1717 202 1717 1717 1717 2594 505 1717 1717 202 202 1717 8245 1717 3737 202 202 202 1717 1717 202 1717 1717 1717 202 1717 202 202 1717 202 63370 77450 1717 202 63370 202 28995829 1717 55114 8245 202 1717 1717 434314 1717 202 940325 361010 202 77450 202 1717 202 202 8245 202 202 202 505 8245 77450 74 1717 202 202 8245 1717 3737 505 940325 202 1717 505 55114 202 1717 1717 202 202 1717 1717 202 34544674 1717 202 1717 1717 202 1717 2594 202 8245 202 202 202 1717 1717 1717 202 3737 8245 2594 8245 63370 1717 1717 1717 202 202 32035250 1717 202 1717 77450 1717 202 202 2594 1717 202 940325 202 202 1717 1717 2325625 1717 505 1717 202 505 8245 202 2594 2594 64128065 1717 2594 2594 202 1717 1717 202 55114 8245 1717 1717 202 202 1717 1717 202 202 202 202 3737 1717 2594 202 202 202 202 202 8245 202 3737 202 202 1717 202 1717 1717 3737 74 8245 202 2594 1717 2594 202 202 8245 2594 202 505 202 1717 1717 202 202 202 101520185 1717 1717 1717 1717 1717 202 202 202 2594 1717 202 2594 5270770 202 63370 202 202 202 1717 202 1717 202 202 1717 2594 3737 202 202 202 1717 55114 1717 1717 1717 202 8245 1717 3737 2594 202 202 1717 202 202 1717 202 1717 1717 202 202 1717 202 202 1717 1717 1717 202 202 1717 1717 1717 1717 202 202 202 202 202 1717 1717 505 1717 1717 505 940325 1717 202 202 202 1717 1717 1717 202 1717 202 8245 202 202 3737 1717 1240025 202 3737 591183125 2594 202 1717 2594 55114 940325 202 2594 3737 202 8245 63370 202 1717 202 202 202 1240025 202 505 202 69227434 202 1717 202 202 1717 1717 361010 505 8245 202 202 1717 1717 202 202 1717 505 202 1717 
9802 9802 12325 12325 2106385 12325 1717 17 12325 17 12325 10 1002530 1002530 10 9802 1717 9802 10 7474 17 48674 1717 1002530 1717 17 9802 1002530 9802 12325 1717 48674 12325 12325 9802 17 884425 12325 2106385 12325 17 1717 9802 17 12325 1717 1717 12325 12325 12325 17 17 65650 1002530 17 9802 1002530 1717 17 17 884425 12325 89725 9802 17 17 9802 1047370 7474 17 10 17 12325 1717 1717 17 89725 9802 17 1133458 9802 12325 1717 17 1717 9802 1133458 12325 17 1717 17 12325 17 17 1717 17 17 12659365 1717 1889849 12325 1002530 161209 1034450 884425 12325 9802 12325 1717 17 17 89725 17 17 9802 9802 9802 17 1002530 9802 17 9802 12325 1889849 17 10 31900345 1889849 17 1889849 1133458 12325 1002530 9802 12325 1717 17 5866085 12325 1002530 12325 12325 1889849 9802 7474 89725 17 1717 9802 1002530 1717 17 12325 17 9802 17 17 9802 1717 10 1717 12325 9802 1002530 17 17 12325 17 1002530 9802 17 17 
51077 1258 1258 1258 1258 5185 51077 5185 58325 51077 30634 1258 51077 1570 20072450 1258 110245 51077 1258 185 1570 1258 1258 1258 1570 1258 51077 408850 1258 5185 1743625 51077 5185 5410 1258 5185 5410 1258 95225 1258 903170 5185 2917265 1258 1258 381925 51077 1258 51077 1258 51077 92170 1258 1258 2917265 1258 1258 5185 58325 1258 1258 1258 1258 51077 1258 1258 5185 51077 1010 5185 1258 903170 2570 1258 1263530 5185 5185 5185 1258 256330 1258 51077 1010 51077 1258 1570 1258 5410 10656185 5185 1258 5185 5185 1570 1258 51077 1258 58325 51077 1258 1258 1258 1258 5185 5185 1258 903170 351709810 5185 44542010 1258 882325 58325 51077 1258 51077 1258 1258 51077 1258 5410 1258 58325 58325 51077 1258 51077 1258 51077 1258 121685 5185 51077 1258 51077 1258 1258 2917265 1258 1258 51077 1570 5185 51077 1258 5185 51077 51077 5185 1258 51077 370 1258 5410 5185 1258 1258 1258 5185 168074201 1258 5410 1259557 1258 1258 51077 51077 95225 2917265 5185 51077 1258 1258 51077 95225 51077 5185 1258 5410 370 58325 1258 1258 1010 1258 1010 882325 51077 1258 1258 1258 5005450 1258 1258 51077 58325 51077 5185 1258 95225 51077 51077 1258 
45002 45002 45002 170 45002 170 170 3597217 2570 170017 170017 2212405 170 170 170 170 170 45002 45002 170 45002 170 45002 45002 170 170 170 170 170 170 261994 170 170 45002 170 170 170 679225 170 170 45002 170 45002 45002 45002 170 45002 17 170 112897 170 170 45002 170 170 170 45002 7623317 112897 45002 170 170 170 170 45002 170 170 3597217 45002 170 720002 170 170 45002 170 170 170 45002 170 170 45002 170 112897 170 45002 170 170 45002 170 679225 170 170 170 170 170 170 170 170 112897 112897 170 170 679225 170 170 170 45002 170 17 170 170 170 170 45002 45002 45002 61217 170 131665 679225 679225 170 170 45002 170 45002 170 45002 17 45002 170 61217 61217 170 170 170 17 170 41432485 170 61217 170 170 112897 170 112897 170 170 720002 170 170 45002 170 45002 170 170 45002 45002 170 170 45002 170 45002 170 170 170 170017 170 720002 170 45002 170 45002 170 170 45002 170 45002 170 45002 45002 170 45002 170 170 170 57851237 170 170 679225 45002 679225 679225 170 679225 17 170 170 261994 170 170 45002 679225 61217 45002 170 45002 170 45002 61217 170 170 170 170 170 170 170 45002 45002 170 170 27111269 45002 45002 45002 61217 45002 170 45002 170 170 170 170 170 45002 45002 441010 170 45002 2570 170 170 61217 170 170 261994 61217 45002 170 170 170 45002 170 131665 112897 170 170 45002 170 170 170 45002 45002 679225 112897 170 45002 170 45002 45002 61217 170 170 170 679225 112897 170 45002 170 170 45002 45002 170 170 170 61217 45002 170 170 45002 45002 45002 112897 261994 170 170 112897 170 112897 170 45002 45002 170 170 170 122434 170 45002 170017 45002 170 45002 170 170 170 720002 170 170 170 2570 170 170 170 170 170 170 170 112897 170 261994 45002 170 170 170 45002 170 170 45002 45002 170 170 170 261994 61217 170 45002 
1717 3737 1717 202 1717 686450 170 2594 170 136085 505 170 6290 170 505 170 3737 107650 220505 170 170 136085 136085 1717 6290 3737 505 1717 170 170 136085 1717 1717 1717 170 3737 136085 170 1717 1747250 202 1717 170 505 9802 1717 170 1717 3737 1717 1717 1267010 170 1717 1717 170 170 202 2594 505 1717 1717 202 3737 170 170 505 2178005 2594 1717 136085 2113145 202 2594 202 136085 1717 202 1717 136085 202 3737 136085 170 1717 202 505 170 136085 1717 170 220505 3737 1717 6290 1717 170 136085 55114 6290 1717 202 1717 170 3737 1717 170 202 1717 202 170 170 505 940325 1717 2979925 136085 1717 1717 1717 202 202 3737 1717 1272385 505 1717 136085 202 3168085 1717 170 3737 136085 202 1717 1717 686450 202 136085 505 505 1717 1717 1717 202 1717 1717 136085 170 202 202 136085 87044165 1717 2325625 2594 1717 3737 1747250 1717 3737 3737 202 1717 2594 170 36079625 202 1717 170 1717 3737 505 1747250 1717 1717 136085 1717 170 3737 2594 1717 170 55114 1717 2594 1717 3737 1717 1717 1717 1717 170 2979925 1717 1717 170 170 505 6290 1717 170 505 1717 1717 170 2594 202 6290 1717 1717 2594 136085 1717 1717 505 1717 1717 1717 3737 136085 136085 3737 202 202 170 3737 1717 202 3737 170 6290 170 170 1717 3737 15881125 2594 3737 1717 170 3737 3737 170 505 202 3737 2594 1717 202 1717 1717 834634 940325 170 170 63370 3838498 3737 505 7850785 136085 1717 1717 136085 136085 170 1717 202 2594 170 3737 1717 170 1717 2594 1717 170 2594 1717 505 1717 1717 1717 1717 1717 202 1717 1717 136085 1717 1717 1717 181337 3737 5270770 170 1717 2594 3737 2594 3737 3737 505 202 3737 170 202 1717 136085 1717 170 3737 1717 1717 1717 136085 3737 170 2594 202 55114 1717 1717 1717 170 1717 1717 2594 686450 202 
170 3530 3530 987530 5618005 170 34 34 5365 485 12970 34 170 485 3530 5 34 485 485 34 3530 3530 485 5766410 3530 3530 3530 62725 3530 485 34 34 4850 34 485 3530 485 3530 3530 34 3530 34 34 485 514 34 5365 3530 3530 170 3530 3530 3530 5365 3530 485 514 2036290 34 485 34 3530 485 485 3530 34 485 19018 485 3530 34 34 3530 34 5365 485 3530 6472325 19018 34 3530 485 1285 3530 34 3530 34 987530 485 3530 170 34 3530 5 485 485 34 19018 5 5365 3530 3530 485 170 3530 19018 3530 170 3530 6472325 3530 485 3530 34 34 34 3530 3530 3530 3530 3530 170 34 34 3530 34 3530 5365 3530 62725 34 3959705 34 34 3530 34 3530 34 34 485 3530 3530 3530 3530 3530 34 5365 485 62725 485 3530 3530 4850 12970 170 485 485 34 34 485 34 3530 3530 170 5 3530 34 3530 5 34 34 34 3530 987530 3530 485 485 34 3530 3530 19018 34 3530 170 485 34 3530 170 485 3530 3530 485 34 485 18434 34 34 5365 485 485 5 3530 485 3530 34 485 3530 5991050 3530 170 62725 34 485 5 34 1665074 3530 34 3530 485 3530 485 1331593 34 34 
170 170 170 170 727402 170 170 485 170 170 34 485 485 170 170 34 485 170 485 170 32453525 170 170 170 485 170 485 62725 170 485 485 727402 170 170 4930 485 34 485 3530 170 170 170 170 727402 3530 170 170 170 170 3530 34 485 122434 170 34 170 485 112370 170 170 1383850 170 170 61217 170 170 34 170 170 34 34 54476210 34 170 170 170 262450 62725 170 170 34 170 170 170 170 170 170 170 3530 170 170 170 485 11289601 170 170 170 485 34 170 485 170 170 34 1812445 170 485 34 170 170 485 2020202 170 170 170 485 170 170 485 170 485 485 170 170 485 170 170 170 485 170 485 170 206890 170 3530 170 2635385 170 485 485 170 1050905 170 170 59170 170 170 485 170 170 170 485 170 170 170 170 727402 112370 34 170 34 3530 34 170 170 485 170 170 170 170 170 3530 34 727402 170 485 62725 485 170 170 170 170 170 170 170 170 485 170 170 170 3530 170 170 170 485 170 170 170 485 170 485 720002 485 170 1050905 2076497 170 170 170 122434 170 170 170 485 170 485 485 170 170 170 485 170 170 170 170 170 485 170 62725 170 170 170 485 170 170 170 170 170 170 170 1050905 170 485 170 170 170 170 485 170 170 727402 170 170 122434 170 34 170 170 269125 485 170 34 170 485 170 170 170 170 1050905 170 170 170 170 485 170 485 485 170 485 485 170 170 170 170 170 170 170 170 1050905 170 170 170 2570 112370 122434 170 170 170 170 485 485 485 485 170 170 170 485 485 170 3530 170 34 170 170 170 485 170 2020202 1601 170 34 170 170 43690 170 727402 170 7623317 170 170 170 170 170 170 170 485 170 34 485 122434 170 62725 170 1050905 170 170 34 485 34 485 170 485 170 170 170 1632025 485 170 170 170 170 170 170 170 170 485 40269125 1050905 170 485 170 485 170 485 514 485 485 170 170 485 62725 170 485 170 170 485 170 170 485 485 34 170 269125 170 1050905 170 249010 4900505 170 170 170 170 170 170 170 170 485 170 34 170 485 170 485 170 170 485 170 485 170 727402 170 170 170 170 170 485 5618005 10287650 34 59170 170 485 485 170 170 170 11289601 170 170 170 170 170 170 485 170 170 170 170 170 170 170 34 61217 170 485 720002 170 170 170 14684225 170 727402 34 170 485 170 1050905 1116050 485 170 170 122434 34 170 2570 485 170 170 170 485 170 170 485 485 170 485 727402 59170 170 170 485 122434 170 2076497 170 170 34 170 485 170 485 170 170 1812445 170 170 170 3530 170 170 170 170 170 170 170 34 170 170 170 170 170 170 170 170 
485 4802045 3737 714425 72901 213265 485 72901 485 3925 485 72901 7850 184901 72901 463114 876097 3925 485 485 72901 3530 170 3925 485 485 3925 34 24050 3530 485 170 3925 3925 485 3925 72901 72901 876097 3925 485 3925 485 110245 3925 170 34 3925 3530 184901 3925 463114 485 184901 485 501265 176290 3925 485 485 170 2185625 72901 3925 485 3925 876097 72901 170 72901 72901 34 34 3530 8585 3925 485 170 72901 34 3925 463114 485 3530 72901 3925 8005 72901 72901 485 72901 485 485 72901 3925 30448325 3530 3530 72901 485 110245 142885 72901 72901 485 485 3925 485 184901 21753625 72901 1664650 72901 72901 72901 72901 62725 72901 463114 110245 72901 485 51914 485 485 235625 485 170 485 485 72901 184901 170 485 3925 24860197 72901 3925 72901 170 72901 34 2185625 72901 72901 72901 485 34 3925 485 72901 110245 72901 72901 3925 72901 485 3925 110245 72901 485 72901 72901 485 463114 485 485 3925 170 3925 72901 3530 3737 72901 3925 485 72901 876097 
51077 679730 51077 2570 51077 51077 1258 46085 51077 51077 46085 309137 51077 46085 46085 51077 51077 11050 170 170 157625 1258 1258 46085 46085 46085 46085 51077 1258 1258 51077 1570 51077 46085 51077 157625 1258 46085 51077 426890 46085 51077 157625 46085 46085 51077 157625 170 1258 1258 903170 46085 46085 51077 819202 51077 309137 51077 51077 51077 157625 51077 51077 157625 51077 51077 35356985 4401605 1258 51077 2570 102154 51077 1570 51077 170 46085 46085 46085 51077 46085 157625 309137 46085 51077 46085 51077 46085 46085 1258 46085 51077 46085 46085 1010 46085 157625 51077 46085 46085 51077 51077 46085 1258 51077 51077 51077 46085 51077 46085 1570 46085 51077 46085 1258 170 157625 46085 51077 51077 51077 51077 51077 51077 51077 157625 51077 46085 1258 51077 51077 51077 309137 46085 46085 51077 819202 51077 1570 1258 51077 46085 46085 1258 21785 51077 51077 51077 46085 1258 46085 46085 102154 1258 46085 157625 51077 51077 51077 1258 157625 51077 46085 46085 1258 46085 21785 51077 1258 46085 157625 102154 51077 970 51077 1570 51077 46085 46085 1570 110245 51077 46085 1258 51077 51077 46085 46085 46085 51077 157625 51077 1258 309137 1258 1570 46085 51077 51077 46085 102154 2570 46085 102154 46085 51077 1570 51077 46085 51077 110245 1258 309137 1258 46085 170 157625 51077 51077 170 46085 170 1570 51077 170 1258 110245 51077 309137 309137 275570 51077 46085 46085 1258 970 970 46085 51077 157625 309137 170 51077 46085 46085 1258 51077 46085 157625 46085 309137 46085 46085 22278401 157625 46085 51077 46085 1570 51077 51077 157625 1258 170 110245 46085 903170 1258 51077 1570 1258 51077 46085 426890 1258 46085 46085 51077 46085 51077 51077 51077 903170 46085 1570 46085 46085 46085 170 46085 1570 51077 51077 35356985 157625 157625 46085 1258 51077 46085 51077 51077 51077 1570 46085 46085 51077 51077 309137 51077 51077 51077 970 51077 51077 157625 51077 1010 46085 51077 51077 46085 157625 46085 51077 1258 1570 46085 51077 46085 46085 51077 46085 51077 51077 157625 46085 120438965 2570 2570 51077 51077 309137 170 51077 51077 2442050 1258 46085 309137 157625 970 2570 46085 170 51077 51077 170 46085 170 51077 51077 16386305 1258 51077 46085 46085 51077 51077 46085 51077 
13450 18685 65650 13450 465125 13450 19018 465125 19018 465125 465125 465125 18685 18685 18685 19018 13450 85 19018 18685 3145 18685 18685 18685 36101 18685 13450 8825 85 85 19018 19018 18685 13450 465125 36101 51850 19018 85 18685 85 85 85 19018 19018 19018 18685 85 18685 13450 18685 36101 18685 18685 18685 36101 36101 65650 19018 36101 202 19018 85 465125 18685 13450 465125 18685 19018 85 13450 13450 202 13450 19018 18685 465125 85 85 19018 19018 19018 18685 170 18685 85 19018 19018 36101 18685 19018 465125 18685 19018 19018 36101 19018 465125 19018 18685 85 18685 85 18685 465125 18685 18685 19018 3145 18685 85 85 18685 18685 85 85 51850 18685 85 36101 36101 145802 465125 19018 36101 18685 19018 18685 85 465125 85 36101 85 465125 19018 85 18685 36101 18685 13450 465125 19018 18685 18685 18685 2513570 465125 13450 19018 19018 18685 18685 18685 465125 18685 19018 85 19018 85 18685 19018 13450 42807385 18685 19018 19018 18685 8825 85 18685 18685 85 13450 19018 202 13450 18685 18685 19018 465125 36101 18685 202 13450 465125 36101 243370 13450 85 13450 18685 13450 19018 465125 13450 19018 85 51850 19018 13450 54434 18685 18685 18685 19018 36101 465125 18685 19018 19018 13450 85 145802 18685 36101 13450 19018 13450 36101 36101 36101 85 85 13450 19018 170 465125 465125 85 19018 18685 13450 170 85 19018 19018 36101 13450 18685 85 465125 19018 85 85 362674 85 18685 19018 19018 19018 13450 465125 36101 85 18685 19018 13450 36101 18685 18685 19018 13450 19018 18685 145802 13450 36101 8825 85 85 465125 19018 170 36101 85 85 18685 13450 36101 19018 85 465125 3145 36101 18685 85 18685 85 19018 465125 19018 36101 961010 13450 18685 465125 18685 19018 19018 85 13450 370 18685 85 19018 18685 19018 465125 85 85 465125 19018 18685 370 13450 19018 18685 85 85 19018 3849850 36101 36101 465125 19018 19018 18685 85 19018 19018 19018 18685 19018 19018 465125 18685 18685 85 51850 18685 13450 465125 3145 2513570 85 18685 465125 18685 36101 13450 18685 2513570 18685 85 465125 18685 65650 36101 18685 85 13450 13450 465125 18685 465125 170 19802501 36101 85 85 465125 19018 19018 18685 85 85 19018 85 36101 18685 18685 465125 85 465125 85 544970 36101 370 170 36101 13450 19018 18685 19018 13450 85 36101 145802 19018 465125 465125 13450 36101 85 19018 13450 19018 85 170 18685 19018 465125 13450 19018 18685 19018 85 4460545 85 85 465125 36101 465125 145802 465125 85 465125 465125 465125 13450 36101 465125 19018 36101 18685 85 18685 19018 18685 13450 85 18685 18685 85 85 85 18685 4651250 85 18685 85 18685 18685 19018 118474 85 19018 4460545 465125 227285777 465125 465125 19018 34 19018 18685 18685 34 19018 18685 85 36101 18685 36101 36101 9519250 19018 85 19018 34 85 19018 19018 18685 85 44975125 465125 85 465125 85 202 19018 36101 1058005 36101 239434 465125 19018 13450 13450 26179250 18685 13450 85 19018 36101 85 85 36101 10585 19018 18685 465125 36101 202 170 19018 18685 19018 19018 19018 465125 13450 18685 36101 85 34 18685 36101 85 465125 18685 36101 19018 8825 18685 18685 18685 85 465125 465125 85 13450 5657525 13450 18685 13450 85 36101 36101 85 85 465125 85 13450 465125 34 202 19018 36101 18685 18685 34 36101 36101 18685 465125 85 19018 18685 36101 18685 36101 85 19018 13450 19018 36101 463114 170 19018 3145 13450 
485 34 485 34 485 485 290450 34 34 485 485 2570 485 34 34 2125765 485 10370 485 34 34 485 485 485 10370 5365 4162685 485 485 4850 485 987530 485 96640325 485 269125 10370 485 485 485 450290 34 485 34 4850 34 485 1685450 4850 485 485 501265 10370 10370 485 485 485 485 2125765 34 485 485 5365 34 62725 34 1331593 485 485 5365 62725 34 269125 10370 485 12970 485 485 485 5365 485 485 5365 485 485 485 10370 485 120250 485 120250 34 485 485 34 10370 10370 1331593 5365 34 10370 34 5365 34 34 10370 10370 485 2125765 485 34 10370 62725 34 485 485 10370 485 485 485 34 485 485 485 501265 485 485 1331593 34 485 10370 5365 62725 485 485 10575505 485 485 1685450 10370 485 485 34 485 5365 9010 485 1665074 485 485 5365 34 34 34 1685450 34 485 10370 34 485 1331593 485 120250 5365 485 34 485 485 485 485 10370 4850 10370 485 10370 485 485 10370 485 181337 5365 21257650 34 10370 10370 34 34 34 34 62725 2125765 485 485 34 485 485 10370 485 485 6297785 120250 34 485 34 62725 62725 485 501265 34 485 485 485 485 485 5365 34 485 485 67535525 485 485 10370 514 485 34 485 485 10370 485 34 269125 485 485 485 485 34 10370 5365 10370 485 485 290450 5365 485 485 485 485 120250 10370 5365 485 269125 485 10370 4850 485 485 485 485 120250 485 269125 5618005 485 485 34 34 1685450 10370 34 4189225 2125765 485 485 65045825 485 12513625 485 2570 296185 5365 485 485 34 34 10370 34 485 485 485 34 10370 485 1685450 10370 12970 485 485 34 485 77145925 10370 485 120250 485 485 485 485 485 485 14257802 485 10370 485 34 485 485 485 34 485 10370 485 987530 34 485 120250 485 485 485 5618005 10370 10370 485 10370 10370 10370 485 485 34 4850 10575505 34 10370 34 10370 485 4850 485 
202 202 8245 8245 202 202 202 202 202 202 8245 202 202 286565 202 202 202 8245 202 8245 202 101 1018145 8245 1746485 202 101 361010 202 1332970 8245 202 456977 286565 8245 202 8245 202 202 202 202 8245 202 202 202 202 202 202 202 8245 456977 8245 8245 202 202 101 1450 202 785 202 101 8245 122434 202 808265 202 101 202 8245 101 202 675685 202 202 202 202 8245 286565 202 101 101 101 202 101 202 8245 101 246202690 216580325 202 4977785 202 8245 202 286565 8245 8245 8245 202 202 286565 101 202 8245 202 202 202 202 286565 456977 8245 101 202 202 202 456977 1450 202 8245 202 202 8245 101 202 361010 4977785 202 456977 675685 8245 240101 101 202 202 286565 785 202 456977 202 202 202 286565 202 202 202 101 190450 74 202 202 202 8245 202 8245 8245 202 8245 202 456977 202 2514725 8245 202 202 202 202 77450 202 101 8245 202 101 101 8245 8245 202 202 8245 202 384985 8245 202 202 456977 202 5270770 202 202 101 1332970 101 8245 202 77450 456977 101 2672930 101 202 202 202 202 101 202 456977 202 8245 202 202 202 8245 8245 101 8245 202 202 202 8245 202 202 456977 8245 8245 1450 286565 8245 101 456977 202 202 202 202 202 8245 8245 8245 8245 202 8245 8245 202 202 202 202 21353657 202 286565 8245 8245 202 74 202 202 8245 8245 101 101 202 202 8245 202 202 202 101 202 202 1332970 202 8245 8245 240101 122434 202 202 202 202 101 247810 202 8245 202 286565 202 202 8245 202 101 8245 4904714 190450 286565 202 74 8245 101 456977 8245 8245 202 202 202 202 202 1332970 202 456977 8245 8245 202 8245 24893570 101 8245 8245 286565 202 361010 202 8245 74 101 202 202 202 202 202 101 202 202 456977 8245 101 202 456977 202 8245 8245 101 202 8245 202 456977 8245 202 8245 1332970 286565 8245 101 8245 202 8245 202 456977 101 202 101 101 202 202 286565 202 101 202 202 8245 202 101 286565 1018145 202 202 202 101 202 101 1450 8245 202 202 202 101 1018145 101 1018145 202 202 202 8245 202 77450 8245 202 202 8245 202 190450 1332970 8245 8245 8245 8245 8245 8245 456977 8245 101 8245 202 1018145 101 202 286565 8245 202 202 8245 202 101 77450 101 180505 8245 101 170 202 101 202 77450 101 202 8245 202 202 286565 101 8245 202 202 202 202 8245 202 202 
202 29045 29045 77450 8245 8245 2185625 202 8245 8245 202 4850 77450 72901 202 649802 202 3737 1143250 77450 29045 202 29045 8245 463114 8245 29045 202 110245 202 110245 202 8245 202 273205 8245 29045 202 202 202 273205 202 29045 202 202 8245 8245 110245 202 8245 202 29045 8245 29045 240101 8245 202 110245 72901 202 202 29045 29045 202 240101 29045 8245 202 202 202 5270770 202 202 8245 29045 29045 8245 202 202 202 8245 8245 202 29045 8245 8245 110245 29045 273205 176290 202 110245 202 29045 4850 8245 202 202 110245 3737 202 29045 202 8245 463114 29045 202 77450 8245 202 8245 202 734474 202 48927125 176290 202 202 110245 202 202 29045 110245 29045 29045 3737 202 202 29045 202 29045 202 29045 72901 202 7850 8245 202 202 8245 202 202 29045 29045 8245 202 202 202 202 202 8245 202 29045 29045 202 3723850 72901 29045 72901 202 202 202 202 8245 176290 202 8245 77450 202 202 29045 8245 202 176290 29045 4850 8245 202 170 8245 29045 72901 273205 72901 8245 202 29045 72901 202 4850 8245 72901 240101 202 8245 202 8245 248965 29045 8245 8245 202 8245 29045 8245 202 8245 8245 8245 463114 202 202 8245 202 29045 8245 29045 202 202 8245 202 202 8245 463114 8245 463114 202 74 202 202 74 202 8245 8245 202 202 202 463114 202 202 8245 8245 202 29045 202 202 202 202 202 202 202 72901 202 8245 202 8245 202 202 202 202 110245 202 202 8245 29045 202 202 29045 8245 8245 202 72901 170 29045 110245 29045 202 734474 202 72901 8245 8245 29045 202 8245 170 202 202 202 29045 72901 463114 202 463114 202 202 202 8245 202 3737 202 4755530 29045 202 202 8245 240101 29045 202 202 8245 240101 110245 202 8245 8245 202 72901 29045 202 8245 72901 170 
202 188065 202 202 4357 4357 538645 202 16825 1765 188065 202 4357 202 4357 16825 16825 4357 202 202 290 202 96640325 202 5940505 10730 4357 188065 202 538645 202 4357 202 202 202 16825 16825 4357 188065 1765 4357 16825 4357 202 202 188065 188065 202 188065 188065 4357 202 4357 202 16825 16825 202 4357 4357 4357 202 3154177 4357 202 2813194 16825 202 202 202 2425 4357 202 1654865 202 4357 16825 202 202 4357 202 202 202 4357 4357 202 4357 202 202 10730 4357 4357 188065 202 202 202 4357 4357 202 202 1765 4357 16825 202 16010 363701 2425 4357 202 240101 202 4357 2425 980101 202 202 4357 4357 202 4357 202 202 4357 202 1765 202 202 4357 29253025 4357 202 4357 188065 450290 4357 202 4357 202 1765 538645 202 202 2425 363701 202 202 202 202 2517770 202 202 16825 188065 202 16825 202 16193809 4357 202 202 26293865 1654865 202 202 4357 188065 188065 202 4357 202 202 202 16825 202 4357 202 202 188065 10730 188065 10730 538645 4357 
202 16825 202 5 4357 202 695185 202 202 695185 202 202 202 202 202 202 202 202 202 202 202 202 85 85 202 4357 202 202 17945 202 202 202 10730 4357 505787225 202 16825 202 363701 202 16825 16825 202 202 202 202 85 4357 85 202 202 16825 8245 8245 3530 202 202 4357 85 85 2036290 202 15596425 202 19018 202 1351370 5 202 16825 4357 4357 240101 202 202 202 16825 4357 4357 202 4357 85 202 202 85 4357 3530 19018 4357 29575325 85 4357 4357 5 4357 16825 202 85 4357 202 4357 85 36101 202 5 8245 202 202 202 202 4357 4357 202 240101 202 202 4357 4357 202 4357 202 16825 202 4357 16825 202 2244005 240101 16193809 202 10730 202 4357 4357 202 17945 19018 202 202 4357 202 5 85 202 202 19018 16825 202 202 4357 202 240101 202 4357 202 202 202 85 16825 202 85 2425 4357 363701 85 202 202 202 202 202 19018 4357 85 85 202 202 202 240101 2425 2425 4357 202 85 4357 4357 4357 202 17945 4357 202 202 16825 4357 16825 202 202 363701 16825 4357 4357 202 5 202 2425 85 85 202 202 16825 202 5 202 4357 85 85 202 202 16193809 85 202 4357 202 85 202 4357 85 202 202 202 4357 202 363701 202 202 202 3530 202 85 202 202 202 202 10730 4357 85 3530 4357 4357 240101 85 85 85 202 202 4357 202 19018 8245 202 202 5 85 2425 4357 202 2425 207014545 202 16825 85 16825 4357 17945 202 4357 16825 3530 85 202 202 202 36101 202 3410290 202 202 5 1267234 4357 19018 202 85 85 5 202 2425 16825 202 2425 240101 240101 4357 4357 17945 202 4357 202 4357 202 2036290 4357 202 4357 4357 202 202 202 85 202 4357 202 202 202 202 202 202 16193809 4357 202 16825 202 85 202 3530 202 4357 16825 202 10730 2425 202 202 202 85 202 202 16825 202 85 17945 4357 202 17945 18216650 3091370 4357 202 202 202 202 202 17945 202 16825 202 202 4357 3530 202 85 4357 19018 17945 2036290 2425 36101 16825 3530 202 85 85 19018 623225 4357 85 202 202 202 202 4357 202 4357 2036290 2425 202 5 202 4357 202 85 19018 4357 4357 202 202 36101 4357 16825 4357 85 85 202 202 4357 5 16825 4357 16825 85 85 4357 16825 19018 202 2425 148138 202 85 695185 85 202 85 85 202 85 19018 17945 4357 16825 85 85 202 10730 202 202 202 4357 202 4357 8245 202 202 202 202 202 202 202 202 202 202 240101 202 202 85 202 4357 85 990002 4357 16825 85 1368778 85 202 85 4357 85 202 202 81163525 3530 4357 202 5 4357 85 17945 202 85 202 85 202 8245 16825 4357 202 202 4357 16825 4357 202 202 202 240101 85 
2125765 485 10370 485 39405925 485 2125765 485 501265 34 485 10370 34 10370 1665074 34 62725 10370 485 501265 34 2125765 16581185 10370 485 34 34 10370 34 34 485 2125765 62725 485 10370 5618005 10370 485 485 34 4850 10370 485 485 10370 10370 485 10370 10370 485 485 2125765 10370 10370 62725 5618005 485 485 10370 485 485 485 10370 10370 485 485 485 10370 10370 10370 81043385 10370 485 485 10370 10370 10370 10370 62725 10370 485 34 10370 34 485 120250 485 501265 2125765 485 485 10370 34 10370 485 485 10370 485 10370 10370 10370 485 485 10370 10370 485 485 485 34 485 485 10370 34 485 450290 485 10370 485 485 485 485 485 485 10370 10370 10370 10370 485 120250 485 10370 485 485 10370 485 485 10370 10370 10370 10370 485 1116050 34 485 485 10370 485 485 10370 120250 485 120250 485 485 485 10370 485 485 485 485 485 2125765 485 10370 4850 485 181337 10370 34 2125765 34 485 485 485 10370 485 10370 485 10370 485 34 485 514 485 10370 485 10370 485 10370 501265 485 10370 10370 485 120250 485 10370 10370 485 10370 485 485 34 34 485 10370 485 10370 485 485 10370 10370 485 485 485 501265 485 10370 485 485 1685450 485 485 120250 1665074 485 10370 10370 485 485 1685450 10370 34 62725 485 485 485 10370 6724945 10370 485 485 485 10370 2125765 10370 10370 485 5365 485 10370 485 485 485 34 485 10370 10370 34 10370 181337 10370 10370 485 485 485 485 485 5270770 10370 485 10370 10370 62725 10370 34 1685450 181337 10370 485 1116050 34 485 501265 485 485 485 450290 485 485 485 10370 
10405 10405 10405 10405 29045 273205 459850 29045 29045 72901 10405 273205 4369 29045 29045 110245 273205 714425 29045 29045 29045 29045 15317 10405 10405 10405 463114 29045 10405 29045 10405 29045 29045 10405 15317 110245 29045 51914 72901 121685 29045 29045 10405 10405 29045 29045 29045 10405 29045 72901 29045 29045 29045 29045 29045 29045 72901 29045 29045 10405 29045 10405 714425 29045 104050 10405 7911229 15317 10405 10405 273205 10405 29045 10405 15317 176290 10370 29045 459850 29045 110245 10405 72901 10405 29045 29045 463114 169010 29045 10405 10405 29045 29045 29045 72901 10405 29045 10405 29045 29045 121685 10405 10405 29045 10405 29045 10405 29045 102154 10405 4369 714425 10405 10405 10405 29045 29045 10405 4850 10405 29045 463114 10405 29045 10405 29045 10405 29045 10405 29045 102154 72901 15317 29045 29045 459850 170 72901 29045 102154 72901 29045 10405 10405 10405 29045 10405 10405 72901 29045 10405 10405 15317 72901 10405 10405 10405 29045 72901 10405 22147645 72901 29045 10405 10405 29045 10405 15317 29045 110245 29045 4850 170 10405 29045 72901 29045 72901 10405 29045 10405 29045 29045 29045 10405 10405 72901 463114 29045 10405 10405 29045 15317 29045 10405 10405 29045 10405 10405 10405 10405 110245 121685 10405 72901 3737 10405 10370 176290 459850 29045 29045 10405 10405 72901 463114 29045 72901 10405 29045 29045 10405 10405 29045 10405 463114 12023845 463114 10405 10405 10405 10405 29045 10405 170 10405 10405 72901 10405 10405 463114 29045 10405 10405 29045 29045 10405 29045 29045 10405 10405 10405 29045 29045 10405 10405 10405 4369 29045 10405 463114 121685 10405 29045 15317 72901 10405 15317 29045 10405 102154 463114 29045 72901 10405 29045 104050 459850 10405 15317 10405 15317 10405 29045 10405 15317 10405 29045 
3737 3737 686450 1258 3737 1258 2594 1258 3737 3737 3737 3737 3737 1258 10738730 1717 2594 3737 3737 1717 3737 1258 3737 3737 1258 2594 3737 1258 396610 2594 3737 3737 3737 24050 3737 3737 1258 24050 2113145 49010 3737 136085 3737 2594 3737 1240025 3737 3737 3737 1258 6290 3737 195365 2594 3737 3737 3737 3737 3737 3737 3737 49010 136085 2113145 3737 3737 3737 3737 3737 49010 3737 136085 2594 136085 3737 3737 3737 6290 3737 3737 3737 3737 3737 468469 3737 49010 3737 49010 3737 1258 3737 3737 3737 3737 3737 1258 3737 1258 3737 3737 
1601 1258 5185 1601 1258 5185 95225 1601 381925 1601 1258 882325 5185 1258 1258 5185 5410 1258 1258 5185 1170325 5185 1258 5185 5185 1258 1258 382058 835250 1601 1258 1258 5185 5185 381925 5185 1258 5185 1258 95225 4631105 1258 381925 1601 18316565 1258 58325 5185 1258 5185 5185 5410 5185 10 5185 1258 5185 5185 5185 5185 5185 1258 5185 835250 5185 5185 368531729 1258 381925 1258 1258 1601 5185 1258 1258 1258 95225 5185 5185 1258 89725 381925 5185 58325 882325 1258 1258 1601 5185 1601 5185 5185 5185 1258 5185 1258 1258 5185 5185 5185 5185 1258 381925 5410 1601 5185 1601 30634 1601 1258 5185 
441010 720002 61217 170 45002 17 170 45002 112897 17 45002 170 112897 170 17 45002 45002 17 17 17 170 17 43690 45002 45002 17 261994 170 56070145 170 45002 170 45002 2570 17 45002 170 115202 170017 170 170 17 9802 45002 170 45002 720002 45002 10 170 17 720002 170 45002 170 679225 17 112897 17 55114 170 170 43658050 10 170 17 112897 21385802 17 17 17 17 170 45002 170 17 170 17 45002 45002 9802 9802 261994 32541730 17 720002 17 45002 170 45002 679225 17 10 17 17 17 61217 45002 17 17 170 170 653225 170 17 45002 170 45002 17 679225 43690 17 45002 170 170 17 
17 59200370 679225 45002 17 17 170 45002 170 4357 17 45002 17 17 17 17 17 170 170 679225 17 17 17 170 45002 45002 45002 45002 17 45002 170 17 17 170 17 45002 45002 17 4357 17 17 170 45002 170 17 45002 45002 16193809 45002 45002 170 170 170 17 17 17 17 290 45002 170 17 679225 45002 170 45002 45002 170 17 4357 170 170 170 170 2212405 17 261994 45002 45002 170 45002 17 17 16193809 17 170 679225 170 17 4357 17 170017 720002 170 170 170 170 170 45002 170 4357 45002 170 112897 17 17 131665 45002 170 45002 45002 17 45002 17 17 45002 17 45002 290 61217 45002 45002 2212405 170 170 17 61217 720002 679225 112897 170 45002 45002 17 170 45002 170 17 720002 1534754 261994 261994 170 170 2570 17 679225 61217 17 170 112897 17 17 170 17 170 17 45002 17 45002 17 45002 17 170 45002 17 17 45002 45002 170 170 17 17 261994 170 45002 45002 17 17 45002 17 1789834 170 45002 17 170 2570 45002 679225 45002 45002 170 170 45002 45002 17 170 666658 61217 170 112897 170 61217 679225 4357 45002 17 45002 720002 170 17 112897 4357 170 45002 112897 1654865 170 170 17 170 6356597 45002 170 112897 112897 170 170 170 170 170 170 4357 17 17 679225 261994 45002 679225 17 170 45002 17 666658 17 170 45002 45002 45002 17 45002 170 17 170 61217 170 170 4357 170 170 112897 17 17 17 45002 720002 261994 170 17 17 17 679225 112897 4357 170 43690 45002 17 17 45002 17 45002 290 4357 17 17 8140885 45002 170 170 45002 45002 16193809 17 170 17 170 17 17 17 170 173448901 7850 170 45002 170 45002 17 45002 170 61217 720002 4357 170 170 45002 17 45002 45002 45002 45002 17 17 17 112897 45002 45002 45002 45002 6356597 45002 290 4357 112897 170 2720017 17 
27111269 17 170 261994 45002 17 170 170 170 45002 170 2594 17 45002 1272385 17 6290 45002 45002 170 17 372650 5301490 679225 5301490 45002 45002 17 17 170 45002 170 679225 45002 220505 170 17 136085 17 5 17 170 6290 2594 17 45002 9802 136085 136085 170 136085 45002 17 45002 170 136085 261994 170 17 170 18434594 61217 17 170 45002 170 17 679225 170 136085 170 720002 679225 17 17 170 45002 136085 17 2570 170 136085 170 112897 61217 45002 679225 170 3819250 679225 2979925 679225 136085 45002 17 45002 45002 720002 45002 720002 170 61217 45002 2594 170 17 2594 17 2570 17 17 17 17 679225 261994 1272385 170 6196585 679225 45002 45002 136085 136085 17 45002 17 170 170 45002 220505 17 45002 45002 2594 112897 17 679225 136085 170 136085 17 720002 170 17 17 45002 679225 170 136085 679225 17 45002 170 17 170 170 170 170 6290 261994 170 2594 45002 45002 2594 17 45002 170 17 17 679225 17 17 45002 2594 17 17 2594 136085 170 25648325 
170 45002 1570 170 170 45002 17 6290 45002 720002 2570 17 45002 170 170 170 17 45002 170 170 17 136085 110245 17 112897 170 17 1010 679225 45002 170 45002 17 17 45002 170 170 261994 17 170 46085 170 45002 33625930 170 45002 112897 17 17 2212405 2113145 17 170 17 45002 170 45002 17 170 170 45002 17 170 1010 2113145 45002 17 1570 17 45002 17 45002 1010 17 17 45002 14945125 61217 17 170 17 112897 17 45002 45002 45002 3872005 170 26810645 61217 17 45002 261994 45002 17 45002 45002 61217 170 17 45002 2570 170 170017 11803445 17 27766154 17 45002 170 1010 45002 170 17 17 17 170 170 27111269 17 170 1570 7850785 17 720002 17 170 27766154 112897 1570 112897 170 1570 17 170 17 679225 45002 679225 45002 17 17 170 45002 45002 6290 170 170 136085 45002 45002 170 110245 45002 170 61217 110245 720002 17 45002 1570 45002 45002 17 170 136085 1570 170 45002 45002 17 17 61217 170 170 170 2570 17 45002 17 45002 17 170 17 27766154 45002 170 1570 17 17 17 17 170 17 17 17 679225 170 45002 1570 1570 170 45002 45002 45002 17 45002 170 1570 45002 17 6290 170 3323690 170 170 170 45002 679225 45002 17 17 1570 170 45002 170 261994 1010 45002 27111269 45002 45002 679225 
74 188065 3946465 4357 188065 188065 4357 4357 27217 16908125 16825 4357 4357 74 74 188065 35751970 370 4357 4357 74 74 4357 538645 3946465 1654865 74 27217 74 188065 74 4357 290 188065 74 4357 4357 4357 74 188065 16193809 74 74 74 7897465 188065 16825 4357 74 4357 188065 4357 4357 4357 74 74 188065 4357 4357 4357 74 169010 74 188065 74 538645 4357 4357 27217 188065 4357 4357 16825 4357 4357 74 74 16825 27217 188065 4357 74 188065 538645 4357 4357 4357 4357 4357 4357 4357 74 188065 27217 4357 74 4357 188065 2281250 16825 4357 4357 4357 4357 188065 4357 74 1654865 4357 188065 188065 4357 4357 4357 4357 188065 4357 4357 158306725 74 2876417 538645 4357 4357 188065 4357 4357 188065 4357 
13450 19018 19018 36101 85 85 36101 85 36101 85 85 36101 19018 85 85 85 239434 465125 19018 85 85 18685 36101 85 19018 85 85 85 36101 370 19018 465125 13450 36101 170 19018 36101 85 85 36101 85 465125 85 85 85 19018 465125 85 85 85 34 36101 202 85 19018 85 19018 13450 36101 19018 13450 36101 36101 19018 13450 85 85 13450 19018 51850 19018 13450 85 19018 85 465125 36101 19018 85 85 19018 13450 465125 13450 465125 13450 465125 85 85 85 85 85 19018 19018 85 85 85 85 85 3145 85 36101 85 36101 19018 19018 3849850 85 36101 19018 465125 85 3145 36101 19018 370 19018 3145 85 36101 85 85 13450 19018 85 3145 85 85 85 85 36101 85 85 36101 36101 85 85 36101 
110245 29045 176290 85 3737 85 85 465125 29045 85 85 176290 85 19018 110245 465125 465125 36101 29045 110245 36101 29045 19018 19018 36101 463114 72901 695185 36101 36101 3737 36101 85 36101 85 72901 29045 85 19018 85 36101 51914 465125 85 36101 85 110245 85 463114 85 85 85 85 36101 465125 273205 36101 2185625 72901 465125 85 110245 3737 465125 36101 85 36101 85 85 85 72901 463114 85 85 85 463114 36101 110245 85 85 29045 202 85 65650 465125 85 36101 110245 36101 110245 36101 19018 85 2657525 85 36101 85 202 110245 110245 85 29045 85 7086245 85 36101 29045 1040650 85 85 85 3737 85 36101 36101 29045 85 19018 85 3737 19018 19018 85 465125 110245 85 110245 465125 29045 29045 85 36101 85 36101 85 110245 36101 85 85 36101 85 36101 465125 29045 465125 463114 19018 85 85 29045 176290 85 85 2657525 19018 3737 465125 85 85 72901 85 465125 85 273205 29045 36101 85 29045 85 110245 85 110245 85 36101 465125 85 13450 72901 85 36101 110245 36101 85 19018 85 29045 85 36101 85 19018 85 202 85 85 36101 465125 85 300050 85 85 36101 463114 85 19018 85 85 465125 72901 239434 110245 85 65650 1349545 239434 463114 85 85 29045 29045 36101 85 85 85 85 110245 465125 85 85 465125 36101 85 463114 176290 85 36101 85 85 85 85 85 465125 85 36101 36101 110245 29045 85 465125 170 85 72901 36101 85 463114 19018 85 85 29045 36101 85 465125 85 463114 85 85 465125 29045 85 36101 85 110245 3737 85 85 463114 85 85 85 72901 36101 36101 85 110245 85 426530 51914 36101 463114 36101 3737 29045 85 85 110245 36101 110245 463114 176290 110245 36101 239434 72901 85 85 85 85 465125 463114 29045 36101 465125 36101 29045 85 
36101 85 10370 12902465 19018 85 2876417 85 85 27217 36101 85 85 10370 85 85 10370 1227434 85 85 36101 10370 85 85 2876417 27217 36101 2281250 27217 36101 85 10370 85 85 85 27217 85 36101 85 27217 85 36101 85 85 36101 2876417 1227434 36101 85 85 85 85 85 85 465125 85 63520585 85 85 85 85 1227434 85 85 85 538645 15596425 10370 20885945 10370 36101 36101 181337 10370 36101 10370 169010 27217 27217 85 188065 10370 10370 85 85 239434 36101 85 188065 85 36101 85 10370 10370 36101 85 4753970 85 2876417 36101 27217 27217 9439625 10370 85 85 36101 85 85 85 85 10370 27217 10370 169010 85 85 181337 27217 544505 27217 85 10370 27217 1227434 10370 10370 85 36101 85 27217 27217 85 10370 3946465 10370 2281250 465125 85 85 538645 10370 36101 181337 36101 36101 538645 27217 9439625 85 10370 10370 169010 85 188065 85 85 85 36101 27217 85 36101 85 169010 10370 85 10370 538645 36101 85 85 85 27217 85 2125765 188065 85 544505 27217 85 85 10370 85 188065 85 36101 85 85 36101 36101 10370 85 538645 85 85 10370 27217 85 188065 85 36101 85 36101 36101 188065 538645 85 2876417 85 85 27217 27217 85 27217 2125765 2876417 85 85 36101 85 
85 1601 272485 85 272485 1601 1601 25925 1179397 1601 85 25925 1601 85 1601 1601 255385 85 1601 1179397 1601 1601 1601 85 85 25925 85 1601 10 1601 85 612170 1601 33802 25925 25925 85 85 37601794 1576250 312505 85 85 3925 1601 1601 3925 10 85 1601 85 1601 1601 85 85 25925 85 272485 85 85 85 10 25925 85 1601 25925 85 85 85 85 85 1601 85 1601 85 25925 236197 236197 25925 85 1601 85 85 1601 25925 1601 3925 1601 272485 1601 1179397 1601 267914 98306869 85 85 25925 85 85 1601 85 85 85 1601 272485 1279625 1601 85 25925 85 85 85 85 1601 1601 1601 1601 85 85 25925 85 1601 1601 85 85 85 370 85 1601 85 1179397 85 1601 1601 1601 1601 85 1601 85 1601 25925 8641625 1601 255385 1601 85 1179397 85 1601 1601 25925 1601 1601 85 272485 107650 10 85 85 1601 85 1601 1601 85 25925 1601 1601 1601 85 25925 1601 1601 272485 272485 1179397 1179397 85 1601 1601 1601 3925 85 85 1601 1601 1601 3925 272485 272485 85 85 1601 1179397 107650 1601 1601 85 1601 85 1601 25150010 1279625 
34 2679625 3925 8005 3925 3925 8005 3925 34 8005 3925 34 3925 2490914 34 66725 34 34 34 8005 2490914 34 3925 103970 34 510770 3925 34 3925 1279625 3925 666658 34 3925 272485 312505 3925 34 3925 34 312505 25925 34 25925 272485 25925 34 312505 3925 8005 3925 34 25925 34 34 34 3925 3925 3925 272485 1179397 8005 3925 34 34 3925 3414002 83670050 34 272485 3925 3925 2679625 3925 34 34 3925 3925 312505 3925 312505 25925 312505 25925 34 34 3925 3925 34 25925 272485 3925 312505 25925 25925 34 34 34 272485 34 25925 3925 1279625 8005 1179397 2490914 1179397 3925 3925 3925 103970 272485 3925 3925 34 8005 3925 3925 312505 2679625 3925 312505 3414002 34 25925 34 3925 34 3925 3925 3925 3925 3414002 468812825 1279625 3925 3925 312505 34 93355925 1179397 312505 34 3925 8005 272485 25925 272485 312505 1240025 3925 272485 3925 34 34 3925 34 34 272485 34 34 34 34 34 34 272485 34 8005 34 272485 3925 34 34 
5185 5185 3736394 5410 381925 1601 381925 5185 5185 1601 5185 1601 5185 1601 5185 5185 95225 5185 5185 381925 882325 5185 1259557 1601 5997634 5185 5185 1601 255385 1601 5185 95225 5410 5185 1880650 1601 5185 5185 5185 5185 1601 1601 5185 882325 1601 255385 1601 1258 1601 5410 236197 1601 255385 5185 5185 1258 5185 882325 5410 882325 5185 1601 1601 1601 5185 1601 95225 1601 1880650 2101810 5185 5185 5185 5185 5185 5185 5185 1601 835250 882325 328250 8005 1601 5185 95225 89725 95225 5185 2101810 381925 5185 1601 1601 5185 1170325 5185 1601 1601 1601 1601 1601 1601 1601 1601 5185 1601 5185 1601 5410 34 882325 1601 882325 5185 5185 1601 255385 95225 882325 1601 5185 5185 1601 8641625 5185 5185 381925 1601 1601 5185 5185 381925 1601 1601 1601 5185 5185 835250 5185 1880650 882325 1258 14326325 5185 882325 370 381925 5410 835250 882325 381925 1601 5185 34 5185 381925 5185 370 5410 5185 5185 5185 5410 95225 5185 381925 5185 1601 5185 5185 1601 381925 5185 5185 1601 1601 882325 5185 5185 95225 5185 5185 5410 1601 5185 1601 5185 381925 5185 381925 5185 5185 1601 1601 5185 5185 5185 5185 5185 10 5185 1601 5185 5185 1601 835250 5185 5185 236197 882325 1601 5410 5185 1601 1258 5185 5410 1601 1601 381925 1601 1601 1601 835250 89725 381925 1601 5185 5185 5410 1601 5410 1601 5185 10 1601 5185 5410 1601 1601 5185 882325 5185 5185 5185 95225 5185 5410 5185 381925 23188085 5185 5185 1601 1601 1601 236197 1601 23188085 236197 255385 5185 27667601 34 5185 5185 95225 5185 1601 1259557 1601 1601 1601 5185 5185 236197 255385 5185 95225 882325 1258 5185 1601 381925 1601 5185 5185 5185 5185 1601 1601 1601 5185 5410 1601 95225 12944650 5185 381925 1601 1601 1601 10 5185 381925 95225 5185 1258 1258 5185 1601 1601 5185 1601 5185 
1601 202 505 10 940325 77450 5185 77450 5185 240101 1601 505 202 1601 10 686450 8245 1601 202 202 1601 236197 1601 202 8245 1601 240101 1601 5185 240101 1601 202 255385 255385 1601 202 202 202 202 1601 940325 8245 5185 505 1601 1601 940325 202 34 8245 202 5185 1601 1601 1601 5185 5185 1601 63370 202 370 202 202 10 5185 34 1601 1601 236197 1601 5185 434314 202 202 4977785 1601 8245 5185 1601 1601 1601 1601 5185 202 202 1601 8245 202 1601 202 5185 5185 1601 5185 202 940325 1601 1601 1601 77450 5185 1601 505 202 1601 8245 202 1332970 236197 5185 202 1601 1601 5185 8245 202 505 1717 370 10 1601 5185 5185 202 8245 1717 1601 1601 202 5185 505 236197 505 255385 5185 1601 940325 1601 505 1601 1717 202 1601 8005 1601 8245 1601 202 1601 202 5185 1601 202 55114 1601 1601 5185 10 202 202 1601 370 1601 202 10 202 1601 202 1601 202 1601 1601 505 10 5185 370 1601 1601 202 236197 202 10 8245 202 202 202 10 1601 1601 8245 1601 63370 202 686450 202 1601 10 202 1601 202 202 1601 236197 1601 1601 255385 202 34 1601 505 505 34 10 10 5185 1601 202 202 370 202 255385 2072650 202 34 1601 505 505 1601 202 10 1601 1601 202 74 8245 1601 22858489 940325 202 202 1601 202 1601 255385 1601 5185 55114 202 505 1717 940325 505 5185 202 1601 202 8005 1601 77450 370 1601 1601 156658 1601 202 8245 1601 202 1601 1601 202 8245 5185 202 1601 240101 1601 34 1601 370 202 1601 1601 5185 1601 5185 202 1601 1601 1601 1601 202 5185 5185 202 505 202 505 202 202 1601 202 255385 1601 940325 202 202 202 1601 202 5185 202 1601 202 255385 1601 1601 202 370 202 5185 22858489 505 505 202 236197 1601 1601 5185 5185 1717 202 1601 5185 505 8245 202 202 202 202 202 1601 5185 370 1601 202 34 202 202 1601 202 77450 1601 5185 202 202 5185 1601 202 1601 202 1601 202 1601 1601 8245 24893570 5185 5185 1601 202 5185 202 5185 1332970 202 63370 370 202 370 5185 5185 8245 63370 202 34 255385 1601 1601 202 5185 1601 1601 5185 202 255385 202 1601 1601 202 202 74 1601 202 5185 5185 5185 202 1601 202 1601 202 1601 255385 202 202 34 1601 202 686450 202 505 5185 5185 202 5185 1601 10 202 5185 1601 202 202 505 202 202 5185 1601 505 1601 8005 1601 202 8245 202 505 202 1601 10 240101 7527530 202 5185 202 1601 202 5185 505 1601 1601 202 202 63370 236197 202 7527530 202 202 1601 202 1601 1601 202 202 77450 1601 5185 1601 1601 63370 202 34 5185 202 1601 202 202 
1258 1570 46085 5185 51077 51077 1258 1570 1258 51077 110245 51077 51077 1258 51077 51077 1258 51077 1258 1258 1570 51077 1258 51077 51077 51077 46085 46085 1258 58325 819202 2570 51077 1258 51077 51077 46085 1010 1010 5005450 1570 51077 51077 29290 51077 46085 1258 370 1258 51077 22474 903170 2570 1258 51077 51077 149817601 51077 51077 51077 58325 1258 2917265 51077 370 1258 1258 2917265 51077 46085 51077 1258 51077 46085 2570 1258 1258 1258 1258 1258 51077 903170 1258 46085 51077 46085 1258 51077 370 1258 51077 51077 51077 51077 51077 1258 1570 51077 1258 46085 1258 51077 1258 235998737 51077 370 1570 51077 
1258 5185 5410 58325 58325 1258 1258 1258 1258 1258 1258 882325 51077 5185 381925 5185 51077 1258 1258 1570 51077 51077 95225 1258 5005450 5185 1258 1258 1258 5410 1258 51077 1258 1258 1258 51077 58325 58325 51077 1258 1258 51077 1258 1258 1258 1258 1258 51077 2917265 1258 51077 51077 5410 185 5185 1258 1258 1258 1258 51077 51077 370 1258 1258 1258 1258 5410 51077 1258 58325 1258 1258 882325 51077 2917265 1258 51077 51077 58325 5185 1258 1258 1258 1258 1258 51077 882325 1258 1258 5185 1258 58325 1259557 1258 92170 1258 51077 1258 51077 1570 1258 1258 1258 51077 1258 1258 1258 1258 1258 51077 1258 5185 5410 5185 1258 1258 5185 1570 1258 1258 51077 1570 5410 51077 370 5410 1570 1258 5185 1258 58325 1258 51077 58325 903170 1258 1570 381925 1258 5185 5410 51077 1258 1258 5185 5410 1570 1258 24324625 5185 1258 1258 1258 5365 1258 51077 1258 1258 1258 903170 51077 58325 5185 51077 1258 51077 51077 1258 5185 1258 51077 1258 1258 1258 51077 1258 1258 5185 30634 2917265 370 51077 1570 381925 1570 51077 1258 1258 1258 1258 1258 1258 30634 51077 1258 1258 1258 1258 1258 1258 1258 1258 1258 1258 903170 1570 51077 6612505 381925 51077 51077 51077 2917265 370 1258 1258 51077 58325 1570 1258 58325 1010 903170 5185 1258 1010 5185 51077 51077 1258 2917265 1258 1258 1258 1258 5410 882325 1258 1258 58325 51077 1258 95225 1258 5185 51077 51077 51077 1258 1258 51077 51077 5185 1258 58325 5185 1258 1258 1570 903170 1010 1258 1258 1258 381925 1258 5185 1258 5185 1258 1258 370 51077 1570 1258 5185 5185 51077 51077 1258 370 5005450 1258 10323970 1258 381925 51077 5185 51077 11803445 1570 58325 1258 51077 1258 1258 5185 110245 1258 186267905 1258 1010 51077 1258 1258 58325 1258 882325 1258 1570 1258 51077 1258 1258 256330 1258 51077 1258 1258 5185 1570 1258 1258 1258 5185 1258 903170 1258 5185 381925 51077 1258 5185 1258 1258 5185 51077 5185 370 1258 1258 1570 51077 1258 1258 1570 1258 3736394 95225 1258 5185 51077 5185 2917265 1258 1258 1258 1258 51077 51077 1258 1258 1258 51077 51077 1258 1258 51077 1258 1258 1258 1258 1258 51077 1259557 1258 1258 1258 1010 58325 5410 5185 51077 1010 5410 1258 1258 51077 1258 51077 1258 51077 51077 5185 1258 1010 1258 1258 1258 1258 1258 370 1258 5410 5185 1258 1258 1258 1258 1258 51077 5185 5185 51077 51077 1258 30634 1258 1031050 51077 5185 882325 882325 903170 5185 1258 1258 1570 1258 51077 58325 5185 51077 1258 1258 51077 5185 51077 51077 5185 1570 5185 51077 5410 1258 1258 1258 1258 1258 2917265 1258 1258 3889625 51077 1258 5185 51077 1258 51077 1258 1258 1743625 5185 1258 51077 5185 5410 370 1258 1258 30634 1258 1570 1258 1258 5185 5185 1570 51077 1010 2917265 51077 1010 5185 58325 58325 5185 1258 903170 5185 5185 51077 
36101 19018 19018 170 170 13450 18685 18685 18685 170 961010 34 170 18685 170 13450 170 145802 170 3145 170 510770 18685 19018 170 170 170 18685 18685 170 18685 727402 18685 170 13450 1450 18685 170 1450 18685 206890 13450 170 145802 18685 170 170 727402 13450 18685 145802 170 13450 18685 170 19018 13450 14684225 170 34 18685 170 18685 206890 170 13450 170 18685 18685 13450 170 170 170 13450 13450 3145 170 1601 170 18685 13450 18685 170 18685 170 18685 18685 18685 34 31248101 170 13450 18685 18685 19018 170 170 170 13450 170 13450 18685 170 170 13450 18685 34 19018 1450 18685 18685 170 170 13450 170 170 18685 170 19018 18685 18685 170 18685 118474 170 18685 170 170 170 170 170 170 18685 19018 18685 170 1601 170 170 18685 18685 13450 170 170 170 170 1450 13450 170 19018 36101 18685 18685 18685 18685 36101 3145 18685 1018145 13450 170 18685 170 18685 18685 19018 18685 18685 18685 170 18685 18685 34 18685 13450 18685 18685 13450 13328170 170 19018 34 170 34 18685 170 18685 170 18685 34 18685 18685 19018 13450 34 18685 170 18685 170 170 13450 13450 18685 19018 34 170 18685 18685 13450 34 18685 112370 18685 170 18685 170 34 727402 19018 18685 170 18685 18685 13450 13450 13450 170 170 170 13450 18685 18685 727402 60850 18685 170 18685 18685 170 18685 170 18685 13450 18685 170 13450 170 170 18685 19018 3145 170 13450 170 18685 18685 463114 18685 170 18685 170 18685 170 34 170 34 18685 18685 19018 170 170 170 170 18685 170 18685 18685 19018 18685 170 170 170 18685 170 13450 18685 18685 170 170 170 170 18685 170 170 18685 19018 36101 19018 3145 18685 18685 18685 18685 170 170 19018 18685 17478578 1450 34 18685 19018 18685 18685 170 34 13450 170 18685 19018 170 13450 170 170 13450 170 170 170 170 18685 1450 18685 170 170 13450 170 13450 34 18685 18685 18685 170 18685 13450 18685 18685 18685 18685 170 170 170 9519250 170 170 18685 19018 170 18685 18685 145802 170 145802 13450 170 170 262450 18685 1450 18685 170 18685 1450 18685 13450 170 170 18685 18685 170 170 170 34 170 18685 170 18685 18685 170 13450 13450 36101 170 18685 18685 170 170 170 13450 18685 170 18685 19018 13450 170 13450 170 170 13450 170 170 2076497 18685 18685 36101 170 13450 18685 18685 170 18685 18685 170 18685 13525 170 18685 18685 170 19018 18685 18685 18685 2076497 170 18685 18685 13450 34 34 170 19018 170 18685 170 313378 18685 170 18685 170 18685 13450 18685 13450 34 18685 18685 18685 170 170 18685 18685 170 18685 170 18685 34 170 13328170 170 13450 170 727402 18685 170 34 145802 2020202 18685 170 36101 170 18685 13450 1018145 112370 18685 18685 1450 170 18685 18685 2020202 18685 170 18685 18685 206890 18685 170 3145 170 170 13525 13450 18685 34 170 170 13450 18685 170 18685 18685 18685 34 170 18685 18685 34 170 18685 170 170 18685 463114 43690 18685 18685 1018145 1018145 18685 18685 18685 
17 18685 17 17 17 9802 45002 17 17 17 13450 17 9802 45002 18685 679225 17 17 17 18685 13450 18685 9802 17 1034450 720002 17 2700490 12631765 17 17 17 45002 17 9802 679225 18685 17 45002 17 13450 10 17 89725 17 17 17 17 653225 17 13450 17 17 17 17 17 261994 12325 89725 45002 9802 10 9802 17 10 17 18685 19018 9802 7474 18685 17 19018 13450 12325 13450 17 17 17 17 13450 18685 9802 45002 45002 13450 12325 17 17 18685 17 17 12325 17 13450 17 19018 17 9802 17 17 45002 18685 17 18685 13450 45002 19018 17 17 17 17 17 17 12325 13450 17 19018 17 9802 89725 89725 17 45002 17 18685 17 45002 12325 36101 17 13450 17 19018 17 17 17 17 13450 17 17 18685 19018 679225 17 17 17 43658050 17 261994 17 36101 1133458 13450 679225 17 9802 17 17 17 17 19018 9802 45002 17 720002 13450 19018 45002 18685 17 17 
2490914 34 27050 3925 1179397 1179397 312505 34 34 3925 3925 34 103970 34 3925 34 1279625 25925 34 1240025 25925 312505 25925 272485 312505 3925 8005 34 34 34 103970 2490914 2490914 34 34 3925 34 8005 25925 3925 34 1601 34 3925 3925 34 34 272485 2679625 34 3925 3925 3414002 25925 1601 312505 312505 3925 34 25925 1601 34 3925 312505 3925 34 3925 8005 34 34 25925 3925 34 3925 34 34 5551114 291850 3925 3925 34 3925 34 32672657 25925 312505 272485 3925 2679625 34 3925 3925 34 3925 34 3925 272485 3925 3925 34 842725 34 312505 34 34 3925 34 
4416394 1601 1601 1601 381925 1601 381925 1601 5185 1601 1601 5185 1601 5185 882325 1601 1601 381925 1601 1601 1601 17170 1601 381925 381925 255385 255385 1601 882325 5185 5185 255385 5185 5185 10 10 5185 5185 10 255385 5185 5185 5185 5185 1601 1601 5185 5185 882325 1601 5410 24505 95225 5185 1601 5185 5185 255385 10 5185 1601 1601 1601 5185 1601 1601 5185 5185 1601 835250 1601 107650 1601 882325 5185 1601 381925 5185 5185 10 1601 1601 1601 10 5185 95225 5185 5185 5185 5185 10 1601 1601 1601 882325 135531650 5185 10 10 1601 1601 5185 5185 5185 1601 5185 236197 255385 1601 1601 1601 1601 1601 1601 5185 5185 95225 5410 5185 28819234 1601 5185 1601 10 1601 1601 1601 1601 1601 5185 1601 236197 10 5185 1601 1601 5185 95225 5185 1601 1601 10 1601 1601 5410 381925 1259557 1601 1601 1601 4631105 178265 1601 10 10 1170325 5185 5185 5185 5185 5185 5185 5185 5185 1601 370 5185 5410 1601 255385 5185 5185 5185 1601 381925 381925 1601 1601 1601 5185 1601 381925 1601 95225 4416394 5185 5185 1601 5185 5185 882325 1601 1259557 1601 1601 1601 882325 5185 5185 1601 5185 1601 95225 1601 5185 255385 5185 1601 1601 5185 1601 15701570 381925 1601 370 10 5185 1601 5185 5185 1601 236197 10 1601 1601 5185 882325 1601 381925 10 10 24505 882325 5185 5185 1601 1601 1601 882325 381925 1601 5185 5185 95225 236197 10 1601 1601 1601 1601 1601 5185 236197 5185 5185 5185 1880650 1601 236197 95225 1601 1601 1601 882325 5185 1601 5185 10 107650 1601 1601 4631105 10 381925 236197 1601 5410 1601 381925 95225 5185 1601 5185 882325 5185 1601 5185 95225 1601 10 370 1601 1601 5185 1601 1601 5185 1601 1601 5185 1601 5185 95225 5185 95225 255385 5185 5997634 1601 1601 5410 5185 1601 89725 1601 5185 1601 1601 1601 5867090 255385 5185 882325 1601 1601 5185 255385 5185 1601 1601 5185 5185 1601 1601 10 1601 1601 1601 381925 1601 1601 255385 1601 5185 5185 5185 1601 1170325 5185 1601 15301514 1601 5185 5185 1601 1601 1601 1601 1601 5410 5185 1601 5185 1601 255385 1047370 24505 1601 381925 1601 1601 5185 1601 5185 
5185 1601 59170 5185 5185 1601 170 95225 170 5185 1601 236197 1601 1601 5185 1601 8641625 5185 370 1601 170 10 5185 5185 10 5185 1601 17170 1601 5185 1601 1601 5185 5185 1601 255385 5185 10 1601 1601 10287650 1601 1601 1601 5185 170 5185 5185 1601 370 1601 370 255385 5185 170017 5185 1601 1601 170 10 5185 1812445 170 1601 170017 1601 255385 1601 5185 61217 170 370 5185 5185 255385 95225 10 61217 10 170 1601 5185 370 170 1601 1601 1601 1601 1601 255385 10 170 5185 1601 170 5185 95225 1601 1601 1601 1601 1601 370 1601 5185 5185 170 5185 1601 1601 5185 1601 5185 5185 1601 1601 1601 5185 5185 8005 1601 95225 61217 61217 1601 1601 1601 1601 1601 5185 370 255385 27667601 5185 1601 1601 1601 5185 1601 5185 170 5185 10 5185 1601 1812445 1601 5185 1601 61217 170 1601 95225 8005 170 61505617 170 1601 1601 5185 5185 1601 1601 1601 170 1601 5185 1601 1601 26810645 1601 5185 1601 1601 170 1601 1601 1601 5185 10 10 255385 170 1601 5185 1601 381925 170 95225 5185 5185 1601 5185 122434 5185 170 1601 1601 1601 1601 5185 1601 1601 1601 1601 1601 255385 5185 5185 1601 236197 1601 1601 1601 170 170 236197 1601 5185 5185 1601 170 5185 5185 5185 1601 5185 381925 236197 1601 5185 170 1601 170 1601 1812445 1601 1601 5185 10 5185 5185 381925 1601 170 1601 5185 1601 1601 170 95225 1601 5185 5185 1601 170 1601 5185 5185 1601 5185 5185 5185 10 1601 1601 1601 5185 1601 5185 92262530 5185 1601 5185 5185 5185 5185 1601 170 10 5185 170 1601 1601 236197 1601 5185 1601 5185 10 10 5185 1601 1601 1601 170017 1601 5185 170 5185 5185 1601 5185 1601 1601 236197 170 1601 5185 5185 1601 1601 1601 5185 1601 95225 61217 5185 1601 1601 1601 10 10 5185 255385 1601 1601 1601 170 1601 170 5185 1601 1601 5185 170 1601 61217 5185 5185 5185 165200185 5185 1601 5185 1601 122434 255385 170 5185 1601 5185 1601 5185 1601 1601 10 1601 1601 170 170 5185 4234 10 5185 170 1601 10 5185 1601 5185 236197 1601 1601 1601 5185 61217 1601 170 5185 5185 5185 170 1601 1601 5185 10 45002 1601 255385 5185 10 19319330 236197 5185 1601 5185 95225 5185 55114 5185 1601 236197 8641625 61505617 5185 10 5185 95225 5185 1601 1601 170 170 170 1601 5185 5185 1601 1601 1601 55114 1601 5185 1601 170 1601 170 10 1601 61505617 1601 5185 170017 10 5185 1601 1601 170 5185 4416394 5185 5185 5185 1601 170 5185 1601 1601 1601 1601 170 170 1601 170 1601 170 1601 1601 1601 170 170 231612125 170 1601 122434 170 1601 5185 1601 5185 59170 1601 871202 370 1601 5185 170 61217 5185 1601 10 5185 1601 170 10 1601 5185 1601 95225 1601 1601 1601 95225 1601 1601 5185 1601 170 
3737 69227434 1717 202 2594 1717 1717 2594 1717 1935025 202 3737 2594 136085 1717 202 1717 136085 202 1717 3737 50181125 1601 1717 1717 1717 1717 202 505 2594 202 1717 3737 1717 6290 3737 18727202 1717 202 2594 1601 3737 1717 136085 1717 2594 3737 1717 3737 3737 55114 1717 1717 940325 1717 55114 505 1717 505 136085 1717 3737 1717 136085 1717 202 2594 1717 2594 505 202 1717 3737 202 3737 1717 1717 3838498 806045 202 3737 1717 1717 202 1717 1717 3737 2594 3737 2594 2594 202 2547217 1717 3737 2594 3737 505 32426089 1717 3737 1717 3737 1601 1601 1601 1717 1717 3737 3737 2979925 5270770 240101 3737 1717 202 6290 1717 1601 686450 1717 1717 1717 2594 1717 1717 202 136085 3737 2594 136085 2594 1717 3737 136085 50181125 3737 1717 1717 1717 1717 2594 220505 3737 505 1601 1717 3737 1717 1717 1717 2594 202 3737 1601 2594 2594 2594 2594 3737 505 1717 3737 3737 1747250 3737 3737 3737 136085 2594 202 202 3737 1935025 1601 3737 240101 1717 3737 1717 63370 1717 3737 3737 1267010 1272385 202 202 202 1717 1717 136085 1717 2594 136085 1601 505 3737 1717 3737 202 3737 3737 1717 1717 1717 3737 3737 3737 3737 3737 1601 1717 3737 202 202 136085 1717 1717 3737 1717 107650 2594 2594 2594 1717 1717 1717 1717 1717 202 136085 3737 2594 1717 136085 63370 3737 2594 136085 505 202 1717 202 1717 3737 136085 1717 2594 202 3838498 202 1717 202 1717 1717 3737 1717 202 202 505 3737 2547217 1717 1717 1717 202 3737 1717 1717 1601 3737 1717 1717 1717 3838498 136085 1717 1717 55114 3737 3737 1717 17942090 3737 1717 6290 2594 1717 1935025 1272385 1717 2594 202 1717 136085 2594 1717 2594 136085 1717 202 6290 505 240101 202 1717 2594 1717 3737 1601 1717 3737 2594 41473625 1717 1717 3737 63370 3737 136085 3737 3737 202 2594 1717 2594 3737 55114 1717 1717 202 202 136085 3737 2594 3737 2594 220505 3737 1717 3737 202 1717 3737 1717 136085 3737 136085 3737 6290 3737 3737 55114 136085 202 2594 136085 3737 202 136085 1717 2594 202 1717 505 1717 1717 1717 3737 55114 2594 1717 1717 505 3737 3737 1717 136085 6290 3737 55114 1717 3737 3737 2594 3737 202 202 3737 1717 202 2594 2594 3737 1717 2594 1717 136085 1601 6290 3737 202 3737 2594 1717 202 1717 1717 63370 3737 1717 202 2594 1717 3737 1717 2594 1717 2979925 1717 1717 1717 1717 202 505 3737 1601 3737 1272385 1717 1717 3737 136085 2594 1717 1717 202 3737 3737 3737 3737 3737 202 6290 63370 940325 1717 202 1717 1717 1717 202 1717 3737 3737 1717 202 505 1717 1717 1717 202 1717 63370 1717 1747250 1717 1272385 1717 1717 3737 3737 1717 1717 3737 136085 505 1717 1717 505 202 202 2594 3737 1717 1717 1717 1717 1717 6290 1717 3737 2594 1717 940325 6290 3737 136085 1717 1717 
112897 170 170 45002 170 170 17 170 45002 170 45002 170 45002 679225 679225 170 170 17 112897 170 170 61217 170 45002 61217 7623317 45002 170 170 112897 61217 45002 170 61217 170 170 170 45002 170 17 45002 45002 170 45002 17 17 679225 170 17 170 170 170 45002 170 61217 170 170 679225 4234 45002 45002 170 45002 170 170 45002 170 170 170 170 6196585 17 17 170 45002 170 261994 170 170 61217 170 170 61217 45002 61217 170 170 170 17 679225 170 45002 679225 170 17 720002 2570 261994 170 170 170 170 170 45002 45002 45002 170 170 112897 261994 170 170 170 170 45002 170 170 679225 45002 170 17 45002 112897 679225 112897 720002 170 122434 170 170 170 45002 173448901 679225 170 45002 112897 170 61217 7623317 261994 170 5301490 45002 170 45002 170 45002 61217 61217 170 45002 170 45002 170 170 170 720002 45002 45002 45002 720002 170 17 17 170 170 170 170 45002 170 38864725 45002 61217 170017 170 17 170 170 464290 61217 17 170 45002 170 170 720002 45002 170 170 170 170 170 1812445 170 45002 17 170 17 170 45002 170 170 45002 112897 170 112897 170 170 45002 170 61217 767377 170 45002 45002 45002 261994 170 45002 170 170 170 26810645 679225 720002 9168970 170 7623317 45002 170017 170 45002 45002 170 45002 45002 20848357 170 45002 112897 170 170 112897 679225 170 17 720002 112897 45002 45002 170 170 170 45002 45002 170 170 45002 170 170 45002 170 170 112897 170 170 17 17 170 170 170 170 45002 3597217 170 170 170 170 45002 45002 170 170 17 17 20848357 170 170 170 2570 17 45002 170 17 61217 17 170 170 170 2700490 170 170 45002 112897 679225 170 170 170 170 170 170 170 170 170 45002 170 170 170 45002 170 45002 
17 9802 12325 9802 170 89725 17 261994 17 17 9802 17 170 679225 10 170 9802 12325 17 170 9802 12325 170 17 9802 45002 17 10 17 17 17 9802 170 76025225 17 17 679225 17 17 12325 23343125 45002 720002 17 17 170 17 9802 720002 17 10 45002 10 17 17 9802 17 7474 17 720002 2106385 17 12325 17 17 89725 9802 17 17 45002 17 17 43658050 17 17 45002 9802 17 17 17 45002 17 45002 679225 17 17 17 17 17 17 17 115202 441010 45002 17 45002 17 45002 10 17 10 170 441010 17 12325 170 9802 45002 170 17 17 17 17 10 9802 10 17 17 17 17 720002 170 9802 12325 17 17 17 17 17 170 17 9802 45002 17 17 170 12325 89725 9802 17 17 9802 17 45002 17 17 17 17 17 720002 679225 17 45002 89725 45002 17 9802 17 17 17 3597217 45002 17 17 17 10 170 17 17 679225 170 17 43690 17 17 17 679225 45002 9802 45002 17 45002 80636530 45002 9802 45002 9802 170 17 45002 12325 17 9802 17 17 17 12325 17 884425 17 45002 17 17 17 170 170 679225 17 9802 17 17 170 17 17 45002 17 10 17 17 17 17 17 45002 170 17 170 45002 45002 17 17 45002 45002 2700490 170 720002 17 9802 17 17 884425 10 679225 17 17 17 45002 17 17 17 17 17 45002 17 17 17 45002 17 17 45002 17 45002 17 45002 17 17 17 45002 170 17 17 720002 9802 720002 679225 679225 115202 17 2171570 17 17 720002 9802 17 17 17 17 12325 17 170 10 9802 17 9802 17 170 17 89725 17 45002 17 17 17 170 17 17 17 45002 170 17 17 17 17 17 45002 17 10 17 17 45002 17 261994 17 17 884425 
1601 1601 1601 5185 1601 107650 8005 255385 1601 5185 1601 1601 1601 95225 5185 1601 1601 5185 381925 1601 5185 1601 1601 1601 1601 1601 236197 1601 381925 5185 1601 1601 1601 5185 5185 5185 1601 959225 1601 381925 1601 10 381925 1601 5185 236197 1601 612170 1601 1601 1601 381925 5185 1601 10 10 1601 1601 5185 10 5185 1601 1601 370 1601 1601 1601 5185 5185 1601 236197 5185 381925 5185 10 882325 1601 255385 1601 10 5185 5185 2101810 1601 1601 5185 5185 5185 5185 1601 5185 381925 1601 5185 10 612170 1601 381925 1601 1601 1601 5185 1601 5185 107650 1601 5185 236197 5185 1601 1601 1601 236197 1601 381925 38090 381925 236197 1601 1601 5185 1601 1601 1601 5185 236197 1601 1601 1601 5185 381925 5185 5185 1601 882325 1601 1601 5185 5185 95225 5185 1601 1601 835250 5185 95225 5185 5185 5185 5185 24505 1601 1601 1601 1601 5185 1601 1601 255385 107650 5185 10 1576250 236197 1601 1601 835250 89725 255385 10 5185 1601 1601 1601 1601 255385 882325 1601 255385 1601 1601 1601 5185 1601 1601 1601 5185 1601 5185 5185 1601 5185 1601 5185 1601 1601 1601 95225 1601 381925 95225 381925 1601 5997634 5185 1601 5185 381925 255385 1601 1601 370 5185 1601 1601 10 89725 370 1601 1601 1601 5185 1601 1601 255385 5185 1601 4631105 1601 1601 1601 1601 1601 1601 381925 1601 381925 230004169 95225 1601 5185 1601 5185 882325 1601 1601 1601 1601 10 5185 5185 882325 5185 1601 5185 255385 612170 255385 381925 1601 5185 5185 1601 381925 1601 10 1601 236197 5185 5185 1601 1601 1601 1601 1601 1601 381925 236197 255385 1601 5185 1601 1601 1601 5185 5185 5185 1601 255385 1601 1601 236197 835250 1601 10 10 1601 5185 612170 1601 1601 1601 1601 255385 1601 1601 236197 5185 1601 5185 5185 1601 381925 1601 1601 5185 1601 1601 95225 1601 1601 1601 835250 1601 882325 5185 1601 1601 1601 1601 5185 1601 1601 1601 5185 5185 5185 370 1601 95225 370 5185 381925 10 1601 5185 370 1601 1601 5185 1601 1601 1601 1601 5185 5185 1601 5185 5185 1601 10 255385 5185 5867090 1601 5185 5185 1601 1601 1601 1601 1601 1601 1601 1601 1601 4631105 1601 5185 10 1197170 
4357 4357 10370 169010 4357 188065 2517770 4357 538645 4357 188065 188065 538645 188065 188065 4357 4357 16908125 188065 4357 188065 4357 188065 188065 493765 4357 10370 188065 188065 4357 4357 4357 4357 27217 188065 188065 188065 27217 4357 188065 27217 188065 4357 74 188065 4357 10370 538645 188065 188065 4357 188065 27217 1654865 1227434 4357 4357 4357 188065 4357 27217 188065 4357 10370 4357 10370 27217 1654865 10370 4357 4357 188065 188065 4357 10370 188065 27217 4357 74 4357 4357 188065 4357 4357 1765 4357 4357 4357 4357 538645 27217 538645 74 10370 4357 74 10370 4357 538645 181337 4357 188065 188065 4357 188065 4357 10370 4357 4357 27217 2876417 538645 74 4357 188065 188065 188065 188065 290 188065 27217 4357 538645 4357 4357 2281250 188065 10370 4357 4357 10370 4357 4357 27217 10370 27217 10370 2281250 74 4357 6283925 2876417 4357 74 4357 30889802 74 10370 4357 188065 4357 74 4357 188065 2281250 4357 4357 74 188065 169010 538645 27217 4357 4357 27217 1654865 188065 188065 4357 4357 1227434 188065 2876417 188065 27217 27217 4357 10370 4357 2281250 4357 
74 16825 74 74 4357 74 202 74 202 456977 74 74 74 456977 74 74 16825 59200370 190450 74 74 74 101 74 101 74 202 74 74 16825 74 74 74 1018145 456977 8245 74 74 74 74 101 202 363701 8245 8245 101 16825 74 74 8245 8245 8245 74 8245 74 456977 74 74 101 8245 4357 8245 74 370 74 74 74 74 370 31754 74 31754 456977 101 4357 74 74 74 4357 290 74 74 4357 74 16825 74 4357 74 8245 74 74 74 456977 74 101 101 456977 29253025 74 74 74 4357 74 74 74 456977 8245 101 74 60010 74 101 74 8245 101 74 4357 74 2999825 74 74 74 363701 4357 202 16825 785 74 74 74 8245 74 74 74 74 74 74 4357 16825 74 74 74 74 74 74 328250 74 74 4357 74 74 74 74 363701 74 202 74 74 456977 8245 101 8245 101 10730 363701 74 980101 2342345 74 74 16825 101 74 74 101 74 456977 4357 74 74 74 74 74 74 8245 363701 31754 101 74 16825 74 74 74 456977 456977 101 74 456977 74 74 2342345 74 74 4357 74 4357 8245 74 74 16825 101 370 16825 74 101 74 16825 3396125 74 16825 74 456977 4357 16825 74 16825 74 74 74 31754 8245 74 101 74 74 456977 74 101 74 26293865 8245 74 8245 4357 74 4357 74 8245 74 101 74 2425 74 74 16825 8245 8245 16825 74 1701445 74 16825 101 4357 8245 74 101 74 370 190450 74 74 74 74 101 74 456977 74 74 74 74 74 74 74 74 16825 456977 190450 16825 202 363701 101 8245 74 74 4357 8245 74 4357 16825 74 74 4357 363701 456977 456977 74 74 74 74 16825 1018145 202 4357 74 74 74 16193809 10730 74 2672930 31754 180505 74 101 74 16193809 4357 3396125 101 16825 74 1421290 16825 16825 4357 101 101 8245 16825 4357 202 74 74 4357 202 1368778 74 74 16825 29253025 74 2720017 4357 74 74 363701 4357 74 4357 16825 101 190450 74 8245 16010 101 202 363701 2425 74 8245 456977 363701 74 74 4357 74 74 16825 101 8245 16825 74 74 202 74 74 16825 74 74 16825 74 74 4357 74 74 16825 74 74 74 4357 16825 101 16825 10240490 101 8245 74 8245 16825 202 31754 34 101 4357 10730 4357 74 2244005 16825 74 10730 74 8245 4357 101 4357 74 4357 74 8245 8245 8245 74 74 16825 370 8245 74 74 74 74 74 74 363701 74 8245 74 8245 74 74 74 74 8245 202 74 16825 74 101 74 74 74 74 456977 74 74 8245 363701 8245 74 4357 74 74 74 74 16825 74 31754 74 74 74 74 190450 74 74 16825 31754 74 4357 21353657 8245 16825 74 101 16825 74 74 2425 16825 101 16825 74 74 101 190450 74 74 74 8245 8245 29253025 74 16825 74 74 290 456977 101 4357 456977 363701 4357 74 74 101 4357 456977 190450 74 74 16825 290 74 202 74 202 16825 101 8245 74 74 370 74 74 74 74 8245 4357 74 74 74 
4357 74 1654865 4357 4357 188065 4357 4357 74 3946465 74 3946465 188065 4357 2132650 4357 538645 188065 27217 4357 1654865 188065 4357 4357 74 4357 27217 4357 4357 2876417 4357 1227434 4357 27217 188065 4357 4357 4357 27217 4357 188065 1227434 538645 188065 4357 27217 27217 4357 188065 188065 74 188065 4357 74 4357 4357 4357 27217 29253025 4357 74 188065 188065 188065 4357 74 27217 3946465 4357 188065 4357 4357 150798401 5218405 4357 188065 188065 4357 4357 188065 4357 2876417 1654865 79448209 4357 188065 27217 2876417 169010 4357 4357 188065 27217 27217 4357 4357 4357 4357 4357 188065 188065 188065 17371250 4357 1654865 188065 4357 74 4357 4357 4357 4357 4357 4357 74 4357 27217 4357 188065 538645 4357 4357 188065 188065 27217 74 74 4357 27217 188065 188065 188065 4357 4357 290 4357 4357 188065 4357 188065 1654865 27217 370 4357 4357 188065 8453945 4357 74 538645 4357 1258 74 4357 27217 4357 74 188065 188065 4357 4357 2281250 4357 188065 40752490 188065 2281250 290 4357 4357 188065 4357 4357 74 74 4357 27217 5218405 16825 4357 74 4357 4357 74 74 4357 188065 188065 4357 4357 4357 4357 4357 370 4357 4357 74 188065 188065 2281250 4357 27217 27217 188065 188065 74 27217 4357 1654865 538645 188065 4357 188065 4357 2517770 37829045 4357 27217 1654865 4357 74 4357 188065 1654865 169010 74 74257625 74 4357 4357 188065 188065 74 4357 188065 1765 538645 4357 4357 4357 4357 27217 4357 74 74 27217 188065 188065 74 4357 188065 74 74 188065 4357 4357 4357 4357 4357 4357 188065 188065 4357 4357 188065 4357 1654865 188065 290 4357 27217 4357 4357 4357 1227434 4357 4357 74 188065 4357 74 188065 188065 4357 4357 538645 74 27217 188065 4357 27217 188065 27217 4357 4357 188065 4357 27217 4357 4357 74 74 27217 188065 16825 188065 450290 188065 4357 2720017 4357 538645 74 74 4357 188065 188065 188065 3946465 4357 4357 188065 4357 4357 4357 1654865 4357 188065 1654865 4357 27217 27217 2517770 4357 188065 4357 74 4357 74 27217 1654865 188065 27217 4357 4357 27217 27217 2876417 188065 74 188065 27217 1765 188065 27217 4357 188065 169010 4357 27217 4357 74 27217 4357 4357 188065 188065 27217 4357 4357 188065 4357 538645 1765 63520585 1654865 4357 4357 4357 27217 4357 74 2281250 74 4357 538645 2281250 74 4357 4357 27217 2876417 4357 4357 188065 188065 4357 4357 538645 74 4357 74 4357 74 4357 1654865 74 538645 16908125 10730 4357 169010 74 4357 27217 188065 169010 765034 4357 188065 2281250 16825 27217 188065 188065 188065 188065 188065 4357 4357 74 4357 27217 4357 188065 2720017 4357 74 4357 4357 4357 3946465 27217 27217 27217 4357 538645 188065 4357 4357 4357 188065 4357 4357 4357 4357 27217 352802 4357 1765 450290 4357 188065 2281250 74 188065 1227434 74 4357 74 4357 188065 188065 74 188065 74 4357 4357 188065 188065 4357 74 188065 1654865 538645 4357 74 4357 290 4357 2876417 188065 4357 188065 4357 188065 74 4357 4357 4357 188065 1654865 188065 2281250 370 188065 4357 27217 1765 4357 4357 188065 188065 188065 4357 74 4357 1654865 2281250 74 4357 188065 188065 4357 188065 4357 188065 188065 219018725 5640209 188065 74 27217 538645 2876417 1227434 4357 188065 4357 4357 188065 74 1654865 4357 74 4357 4357 4357 188065 4357 4357 188065 188065 4357 188065 4357 4357 4357 4357 4357 1654865 188065 290 188065 2132650 4357 1654865 27217 4357 10730 74 188065 4357 1765 4357 2281250 188065 4357 188065 74 27217 4357 2876417 4357 538645 4357 188065 4357 27217 27217 27217 4357 2876417 4357 188065 188065 188065 538645 
4357 74 10370 2517770 10370 4357 4357 27217 4357 4357 10370 3154177 2281250 4357 188065 74 4357 4357 4357 27217 188065 188065 188065 4357 188065 4357 4357 1654865 188065 4357 27217 10370 2876417 188065 74 27217 4357 4357 27217 4357 10370 169010 4357 4357 2281250 10370 10370 27217 4357 27217 4357 4357 4357 1654865 27217 10370 4357 10370 1227434 169010 74 4357 4357 10370 538645 4357 1765 27217 188065 4357 3946465 188065 1765 4357 4357 4357 2876417 74 188065 169010 1227434 74 188065 74 188065 10370 188065 188065 74 1227434 10370 1654865 188065 74 74 188065 188065 27217 4357 4357 4357 74 188065 4357 4357 4357 27217 188065 169010 4357 10370 27217 188065 4357 4357 4357 1765 188065 27217 1227434 1654865 1227434 544505 1227434 27217 4357 27217 1227434 4357 4357 74 188065 181337 4357 4357 188065 4357 4357 188065 4357 188065 188065 10370 74 188065 4357 188065 4357 35751970 188065 1765 188065 4357 4357 10370 169010 188065 4357 4357 8453945 74 1031050 4357 116417450 10370 4357 188065 4357 188065 2876417 4357 27217 6823970 538645 4357 538645 10370 10370 3946465 4357 188065 4357 1654865 188065 4357 10370 4357 4357 4357 4357 4357 188065 181337 4357 10370 10370 4357 74 74 188065 188065 27217 4357 188065 4357 188065 4357 188065 27217 1227434 4357 27217 4357 4357 188065 27217 4357 4357 74 10370 4357 188065 188065 1654865 27217 1765 4357 74 4357 188065 1654865 10370 10370 188065 74 4357 169010 188065 2281250 4357 74 4357 5797493 2876417 74 
10370 74 4357 10370 74 10370 27217 188065 169010 1654865 10370 4357 188065 370 4357 188065 188065 4357 27217 188065 188065 188065 1227434 188065 4357 188065 2281250 188065 538645 74 27217 188065 27217 188065 188065 4357 4357 4357 10370 188065 15079850 4357 4357 538645 2876417 74 4357 188065 1227434 27217 27217 169010 188065 4357 4357 188065 188065 10370 188065 2269874 10370 188065 188065 188065 10370 188065 10370 188065 188065 4357 2281250 188065 188065 74 188065 4357 4357 27217 188065 188065 1654865 4357 188065 1654865 10370 2876417 27217 12574117 538645 4357 188065 4357 4357 4357 1227434 4357 10370 27217 538645 27217 188065 4357 27217 10370 10370 169010 188065 10370 4357 4357 74 10370 188065 4357 4357 188065 4357 1654865 6283925 4357 1227434 4357 74 27217 27217 10370 188065 5218405 4357 188065 4357 10370 188065 10370 4357 188065 188065 4357 188065 10370 4357 10370 188065 538645 
4369 72901 29045 10405 10405 10405 110245 29045 3737 10405 459850 110245 29045 72901 110245 29045 72901 72901 273205 29045 110245 3925 10405 29045 29045 10405 72901 463114 10405 29045 29045 10405 72901 463114 29045 29045 29045 459850 463114 72901 29045 273205 10405 29045 10405 10405 273205 10405 29045 29045 273205 29045 10405 4369 3925 72901 110245 72901 176290 72901 714425 10405 29045 29045 72901 29045 10405 170 10405 29045 72901 29045 10405 10405 29045 72901 72901 3925 110245 10405 29045 3737 110245 4369 110245 463114 72901 463114 72901 29045 459850 170 29045 72901 10405 3925 29045 29045 170 72901 10405 10405 170 459850 72901 29045 10405 29045 459850 10405 10405 29045 10405 10405 29045 714425 10405 10405 72901 463114 3737 72901 29045 72901 29045 63845002 29045 72901 29045 29045 29045 72901 29045 3925 4850 4802045 29045 72901 110245 463114 463114 29045 170 463114 10405 4369 110245 29045 463114 10405 110245 10405 29045 29045 3925 29045 29045 10405 4369 29045 72901 459850 72901 3925 72901 29045 10405 29045 72901 10405 29045 72901 29045 170 72901 459850 72901 10405 29045 10405 29045 29045 459850 463114 463114 72901 29045 29045 29045 463114 118518410 29045 10405 273205 29045 10405 29045 29045 29045 10405 29045 10405 10405 110245 463114 110245 10405 10405 72901 15317 29045 72901 29045 463114 29045 29045 10405 29045 29045 72901 72901 29045 72901 10405 72901 29045 72901 260444945 29045 29045 3925 72901 29045 29045 29045 10405 29045 72901 10405 72901 29045 3925 10405 72901 72901 10405 29045 176290 10405 72901 72901 10405 72901 4369 72901 110245 72901 72901 170 3737 29045 176290 10405 72901 72901 273205 170 10405 29045 72901 4369 3737 463114 72901 10405 170 29045 463114 110245 4369 29045 1919249 17070010 10405 29045 29045 
85 465125 85 3530 36101 3530 3530 465125 3530 3530 5 465125 465125 3530 85 17945 85 36101 239434 85 3530 990002 85 85 85 85 465125 465125 36101 85 3530 8825 85 3530 36101 85 5 85 85 465125 1058005 202 85 85 17945 85 85 85 85 5 85 85 36101 14810434 85 85 36101 3530 85 3530 36101 85 85 85 8825 239434 465125 85 85 465125 1349545 239434 3530 85 5 85 8825 85 85 85 5 85 179945 3530 85 85 85 36101 2657525 85 3530 3530 85 3849850 239434 36101 3530 85 465125 2513570 85 5 3530 36101 
188065 538645 4357 188065 27217 4357 188065 27217 10370 188065 27217 1765 188065 188065 1654865 188065 538645 4357 188065 27217 10370 27217 10370 10370 4357 4357 188065 538645 188065 188065 4357 188065 188065 27217 10370 4357 188065 4357 2876417 188065 188065 27217 4357 10370 2876417 1765 27217 27217 2281250 28910410 181337 188065 10370 3530 10370 4357 27217 538645 1654865 4357 4357 4357 4044170 188065 27217 10370 4357 188065 4357 10370 188065 85 4357 4357 188065 4357 188065 188065 10370 188065 4357 188065 4357 27217 188065 4357 3530 1765 3530 3530 10370 10370 188065 85 4357 4357 188065 188065 3530 4357 4357 10370 188065 4357 27217 169010 188065 4357 188065 27217 188065 538645 188065 3530 188065 27217 10370 169010 4357 4357 2876417 4357 188065 10370 3530 10370 4357 3946465 10370 1227434 188065 4357 4357 188065 10370 3530 188065 3530 4357 10370 4357 4357 3530 10370 10370 10370 85 188065 4357 1654865 4357 3530 9439625 4357 188065 538645 188065 188065 188065 188065 3530 4357 544505 10370 188065 4357 10370 188065 188065 188065 27217 188065 10370 85 27217 1227434 85 27217 27217 188065 4357 2517770 9553450 10370 188065 4357 85 65403845 188065 27217 538645 188065 10370 27217 5674685 27217 4357 10370 2876417 4357 181337 3530 10370 538645 188065 188065 538645 85 4357 538645 3530 4357 10370 85 3530 1227434 3530 4357 27217 3530 10370 188065 4357 188065 3530 4357 538645 3530 1765 538645 4357 1765 3154177 188065 4357 4357 27217 1227434 1765 27217 4357 4357 1654865 4357 4357 3530 85 10370 538645 27217 4357 1765 4357 188065 27217 
7022450 49010 46085 10 46085 49010 3530 10 49010 49010 49010 46085 49010 157625 46085 46085 49010 49010 4850 1258 49010 46085 102154 49010 157625 3530 49010 49010 49010 49010 8908402 46085 46085 49010 157625 46085 46085 46085 46085 49010 157625 49010 49010 49010 46085 157625 1258 49010 654985 46085 49010 46085 49010 46085 46085 1258 46085 49010 49010 1258 3197105 46085 3530 1258 46085 1258 1258 46085 46085 46085 49010 10 4850 49010 49010 49010 49010 4401605 49010 49010 157625 46085 49010 46085 46085 49010 1069085 1802 1258 46085 46085 49010 49010 46085 46085 46085 46085 49010 49010 49010 46085 102154 4850 1258 49010 309137 49010 49010 49010 1802 309137 49010 49010 49010 157625 1258 46085 8908402 49010 49010 157625 3530 46085 4850 49010 49010 800005 46085 703250 157625 46085 49010 157625 49010 49010 49010 49010 46085 49010 725009477 8908402 4850 3530 157625 49010 3530 309137 49010 157625 3530 46085 49010 1802 49010 46085 46085 49010 49010 309137 46085 49010 46085 116650 49010 49010 46085 46085 46085 49010 46085 49010 3530 49010 49010 157625 49010 49010 1258 46085 46085 49010 8908402 309137 102154 46085 46085 49010 4850 46085 800005 2022085 46085 1258 49010 46085 49010 46085 49010 46085 46085 3530 46085 49010 49010 46085 1258 309137 4850 309137 157625 49010 46085 49010 49010 49010 49010 49010 46085 49010 4850 49010 49010 157625 157625 49010 309137 49010 3530 1258 49010 49010 1258 49010 49010 49010 46085 157625 49010 4850 49010 49010 46085 49010 46085 157625 46085 49010 800005 9507458 4850 46085 1258 1258 49010 49010 157625 49010 157625 1258 49010 46085 49010 4850 49010 815813 46085 3530 49010 116650 157625 24050 49010 4850 46085 49010 10 1802 49010 49010 3197105 46085 102154 157625 157625 46085 46085 49010 46085 46085 49010 3530 3530 46085 1258 1258 3530 
74 286565 8245 74 74 363701 101 456977 101 31754 101 74 101 1450 74 8245 101 74 456977 74 8245 74 101 202 74 10730 74 8245 8245 74 8245 101 8245 286565 74 16825 8245 74 202 8245 74 101 8245 101 74 74 202 74 8245 8245 2672930 370 74 456977 101 1450 101 74 8245 8245 101 8245 74 202 74 74 202 74 8245 74 1018145 74 10730 8245 101 8245 8245 74 74 101 74 456977 101 3530 74 3530 8245 8245 74 8245 74 8245 74 8245 74 74 74 101 2425 286565 101 101 74 190450 8245 101 8245 8245 286565 74 101 74 101 202 101 74 8245 101 74 202 16825 190450 74 8245 12923530 8245 1450 74 74 74 8245 74 8245 8245 101 101 74 74 101 8245 8245 101 74 101 74 8245 101 74 74 3530 101 101 63393445 8245 101 101 74 8245 456977 74 101 8245 74 74 74 10730 101 3530 101 101 101 74 8245 456977 74 8245 8245 2425 101 8245 2425 74 16825 2465 8245 8245 101 74 10730 74 74 101 2672930 8245 74 74 74 8245 8245 74 8245 8245 74 74 101 286565 74 3530 74 8245 101 74 74 74 8245 101 456977 3530 74 101 8245 74 101 31754 202 286565 74 101 101 74 456977 74 79067665 74 46085 101 74 74 101 8245 74 202 101 8245 101 74 10730 101 101 74 10730 190450 74 370 101 74 8245 4216610 74 74 456977 456977 74 74 101 101 74 74 2425 74 101 202 74 74 101 74 74 74 8245 101 74 74 74 16825 101 74 8245 10730 286565 74 101 101 101 74 456977 74 74 286565 286565 247810 8245 74 1450 101 74 8245 286565 101 74 8245 8245 8245 101 101 74 74 74 202 101 8245 202 101 3530 8245 74 74 74 74 74 101 202 247810 8245 202 74 8245 74 8245 202 101 456977 202 74 74 74 101 8245 74 8245 74 1018145 74 74 202 16825 74 74 101 74 8245 74 328250 8245 74 8245 74 101 3530 101 202 74 74 101 74 8245 202 101 363701 8245 74 74 8245 74 3530 1450 8245 8245 101 74 74 363701 1018145 74 74 190450 286565 101 74 101 21353657 74 
74 8245 46085 101 202 202 286565 74 190450 202 363701 74 74 8245 4357 8245 3530 74 74 8245 4357 16825 74 101 8245 16825 8245 74 101 74 8245 202 101 785 101 74 1018145 202 202 4357 286565 101 101 8245 8245 101 101 74 74 74 190450 202 74 286565 8245 8245 101 101 456977 16825 74 101 202 74 101 74 4357 456977 363701 8245 2720017 4357 8245 74 2672930 16193809 16825 74 74 29253025 101 4357 16825 101 101 202 8245 16825 101 363701 74 8245 202 16825 456977 74 101 101 101 363701 8245 363701 74 16825 8245 101 2720017 3530 46085 74 74 8245 12923530 202 16825 16825 74 2425 101 8245 74 16825 16825 46085 74 101 10730 363701 202 101 202 74 74 8245 202 16825 2665090 8245 785 74 190450 29253025 8245 101 363701 202 16825 2048005 286565 74 74 74 101 8245 6843890 101 8245 74 16825 8245 101 8245 286565 8245 101 74 2425 6843890 202 74 8245 8245 74 8245 74 585370945 6843890 74 202 74 286565 202 8245 286565 101 8245 101 363701 286565 8245 202 4357 190450 16825 2425 101 74 286565 328250 74 8245 16825 363701 8245 286565 74 101 8245 8245 286565 101 456977 74 8245 8245 4357 8245 101 74 1018145 101 3530 8245 456977 8245 456977 2720017 202 74 74 101 202 286565 8245 74 8245 202 8245 202 456977 101 202 180505 101 101 286565 74 8245 101 101 74 74 202 101 74 74 4357 3530 286565 8245 101 101 2665090 4357 8245 8245 202 74 3530 101 46085 363701 4357 101 8245 16825 101 16825 8245 101 2514725 101 101 74 101 74 456977 101 101 101 74 101 74 8245 456977 1450 8245 101 74 101 74 4357 286565 101 202 74 74 74 3530 8245 3530 16825 74 2244005 101 10730 363701 456977 101 2425 16825 74 202 8245 139511810 8245 101 3530 286565 101 74 101 16825 101 101 2514725 8245 74 8245 286565 785 202 74 286565 363701 74 8245 8245 74 101 10730 74 74 10730 8245 16825 67250 456977 101 101 101 74 202 74 74 74 2425 202 3530 8245 74 202 1368778 286565 16825 101 12923530 74 26293865 8245 456977 101 8245 74 101 74 74 456977 286565 8245 8245 101 74 8245 10730 16825 456977 74 74 74 74 101 74 101 101 16825 74 74 1450 8245 8245 101 46085 74 363701 74 3530 74 4357 101 8245 74 3530 74 101 101 74 4357 8245 16825 16825 12923530 101 8245 101 2720017 16825 74 8245 74 190450 8245 10730 74 202 74 202 10730 980101 2244005 8245 74 363701 8245 4357 74 456977 101 74 74 202 74 74 363701 74 74 10730 74 190450 8245 74 74 74 74 8245 4761010 16825 74 4357 363701 74 101 227207465 29253025 8245 101 3530 
202 55114 202 202 8245 3530 8245 202 77450 202 286565 8245 8245 202 202 8245 202 286565 202 8245 8245 101 202 202 8245 8245 202 8245 74 74 202 3530 74 202 74 202 17617525 202 202 8245 202 101 202 202 8245 202 8245 202 202 202 8245 8245 74 8245 8245 8245 8245 3530 101 202 8245 286565 202 74 3530 202 3530 8245 8245 101 8245 202 1450 101 202 286565 202 8245 202 8245 202 202 286565 202 202 286565 74 74 74 202 8245 202 202 8245 8245 101 3530 3530 74 8245 202 8245 1450 78410 202 202 1332970 2048005 202 202 202 101 8245 202 202 686450 2514725 202 202 1332970 101 1332970 101 8245 8245 77450 2514725 8245 101 202 202 202 202 
74 8245 74 16825 74 74 74 74 74 74 456977 101 74 74 101 74 190450 74 74 74 1047370 4357 74 16825 16825 101 74 74 74 328250 202 74 202 74 74 16825 101 363701 8245 456977 16825 202 363701 101 2425 101 74 74 10730 74 74 8245 190450 2672930 456977 74 74 370 363701 16825 456977 74 8245 74 101 74 74 101 101 74 6283925 74 1018145 101 101 101 74 74 1047370 4357 101 4357 456977 74 456977 101 16825 190450 101 74 74 16825 74 16193809 8245 74 74 101 101 74 8245 101 8245 16825 74 74 101 74 16825 16825 202 74 74 74 8245 74 74 74 74 74 101 74 10730 10730 16825 16825 16825 74 363701 101 74 8245 74 101 74 74 74 2244005 363701 101 74 74 101 202 8245 1746485 74 74 16825 74 74 16825 74 370 8245 3396125 74 74 74 1421290 26293865 74 74 101 16825 4761010 456977 74 202 74 101 16825 19412402 101 74 74 74 74 74 190450 456977 456977 74 456977 101 74 101 74 101 202 74 16825 2425 456977 29253025 980101 101 456977 8245 74 16825 74 8245 8245 74 74 16825 74 74 456977 8245 74 16825 785 74 74 74 74 74 8245 74 74 101 74 74 370 16825 16825 74 74 1018145 74 74 74 74 101 74 74 16825 101 101 16825 6283925 4357 74 1018145 74 456977 74 74 363701 74 8245 456977 10730 8245 74 74 74 8245 202 16825 101 16825 74 74 370 74 74 8245 456977 74 74 74 2672930 101 363701 363701 74 74 74 8245 8245 74 2672930 74 101 8245 74 456977 456977 74 363701 8245 74 74 74 74 8245 2672930 8245 8245 74 8245 8245 8245 101 1746485 74 74 74 74 8245 74 74 363701 370 74 74 74 24050 8245 74 8245 74 8245 8245 74 74 74 101 74 8245 101 101 74 74 74 74 74 74 202 74 74 74 74 101 74 202 31754 4369 74 101 8245 101 74 8245 101 74 74 16825 16825 8245 74 57636970 16825 8245 74 456977 190450 363701 101 16825 21131450 74 363701 202 8245 101 74 101 74 29253025 2425 456977 101 74 101 74 74 74 101 74 2425 74 212868101 101 101 101 101 74 74 363701 456977 74 230609290 74 190450 16825 74 74 74 74 74 74 101 74 74 74 101 16825 101 74 101 74 8245 74 74 74 8245 74 74 16825 190450 785 456977 456977 101 74 31971050 363701 74 190450 74 74 7764850 31754 74 74 190450 
101 202 202 202 77450 202 202 2514725 286565 456977 202 8245 8245 202 202 74 8245 202 101 8245 8245 202 202 202 8245 202 5270770 101 101 202 101 8245 8245 202 8245 456977 101 8245 8245 202 8245 8245 8245 202 101 286565 240101 202 202 202 202 202 240101 202 77450 202 240101 202 202 8245 8245 11101474 286565 8245 8245 8245 202 101 202 101 202 202 202 8245 202 8245 101 101 8245 101 202 202 202 101 202 101 202 202 101 8245 74 202 202 8245 8245 202 286565 202 202 202 202 101 8245 202 202 202 8245 74 785 202 202 202 202 202 202 202 434314 456977 77450 202 202 202 8245 202 202 1332970 101 202 202 101 202 202 10447945 101 202 202 77450 8245 202 456977 456977 286565 101 8245 202 286565 101 8245 8245 202 1295009 8245 1332970 202 286565 202 101 202 101 101 202 286565 202 202 456977 101 8245 202 202 785 101 202 202 202 785 8245 202 8245 202 8245 202 202 101 456977 202 202 202 202 8245 1332970 8245 101 202 202 202 202 202 456977 202 8245 8245 202 77450 202 202 101 202 202 8245 202 8245 456977 202 456977 202 156658 1450 202 101 202 202 202 8245 202 202 202 8245 101 8245 202 101 202 1450 8245 456977 202 202 240101 202 202 202 202 202 2514725 202 101 77450 202 8245 202 101 8245 101 202 202 101 240101 202 202 202 8245 202 202 202 505 202 202 202 8245 202 3396125 202 101 361010 202 202 202 8245 101 202 8245 785 1332970 202 202 202 202 8245 202 202 202 202 202 202 202 202 8245 202 202 202 101 202 202 8245 202 202 8245 202 202 202 202 202 202 8245 101 8245 202 8245 101 8245 8245 202 202 1717 202 1332970 202 202 1018145 101 202 202 8245 202 202 8245 202 202 240101 101 101 202 202 202 101 202 8245 101 101 1450 202 8245 101520185 77450 202 202 8245 785 8245 240101 202 202 8245 202 505 202 202 8245 240101 
202 45002 170 202 119953045 112897 170 5301490 170 2570 45002 202 240101 686450 61217 170 8140885 61217 45002 202 202 202 45002 202 202 202 45002 202 202 170 202 170 170 8245 45002 61217 202 202 202 202 202 8245 202 170 8245 202 202 170 202 8245 61217 202 61217 8245 202 202 45002 679225 202 240101 77450 202 170 170 8245 45002 202 202 8245 202 202 112897 767377 202 202 202 202 61217 61217 202 202 240101 202 8245 170 45002 2570 202 202 112897 202 1812445 202 45002 202 202 202 45002 8245 8245 170 61217 202 8245 77450 202 202 170 170 202 202 112897 112897 202 202 202 202 202 8245 202 61217 45002 45002 55114 202 679225 202 45002 261994 202 61217 170 202 45002 8245 8245 202 45002 202 170 8245 202 202 202 202 61217 61217 202 202 8245 202 170 202 202 202 202 202 45002 202 170 112897 45002 170 45002 202 170017 202 202 202 8245 8245 77450 202 170 202 45002 170 8245 505 202 202 170017 505 45002 45002 202 45002 170 240101 202 202 8245 202 45002 202 45002 202 77450 202 202 202 202 202 61217 1812445 45002 202 202 202 202 202 202 8245 202 170 202 202 202 45002 202 170 202 240101 45002 8245 202 202 202 202 202 8245 202 202 8245 240101 202 202 202 170 45002 170 61217 202 202 202 202 45002 202 45002 8245 202 170 8245 202 45002 202 202 202 45002 679225 202 202 61217 202 170 202 170017 170 8245 202 202 202 202 45002 45002 240101 202 202 45002 202 202 61217 112897 202 202 202 202 202 45002 202 202 202 61217 45002 202 2570 202 77450 112897 202 202 170 8245 170 45002 8245 8245 202 202 202 679225 61217 45002 202 112897 1717 202 679225 45002 202 170 202 112897 202 202 170 202 202 61217 8245 202 170 202 45002 170 45002 45002 202 202 61217 202 202 112897 202 112897 202 202 170 202 112897 45002 202 202 202 202 112897 8140885 170 679225 202 202 170017 112897 112897 202 61217 8245 202 170 240101 240101 45002 8245 170 202 8245 202 202 8245 202 202 202 112897 202 202 202 202 45002 202 202 202 202 202 45002 202 45002 202 202 202 202 202 61217 61217 6196585 170 45002 202 61217 170 112897 240101 202 4654585 202 8245 202 261994 61217 202 202 2570 202 170 202 202 12446785 45002 45002 202 202 112897 202 8245 8245 202 202 202 202 202 45002 202 679225 8245 202 4654585 202 202 202 8245 240101 202 202 8245 202 170 202 202 45002 170 8245 170 202 112897 45002 240101 202 202 8245 202 45002 202 170 202 202 170 202 202 8245 112897 6708101 202 679225 20848357 202 202 61217 202 45002 202 202 202 61217 8245 61217 8245 202 45002 679225 202 8245 61217 8245 202 8245 202 202 170017 202 45002 170 45002 202 202 61217 202 202 202 77450 202 45002 
3925 1601 1601 1601 3925 1601 8005 1601 3925 1601 3925 103970 1601 3925 1601 3925 1601 1601 34 1601 1601 272485 1601 1601 32672657 1179397 272485 3925 1601 3925 272485 1601 3925 1601 34 3925 272485 25925 3925 1601 1601 1601 272485 272485 25925 1179397 272485 3925 3925 272485 3925 8005 190863538 272485 3925 1601 1179397 3925 612170 10 103970 1179397 272485 1601 3925 3925 3925 103970 3925 3925 8005 1601 3925 3925 3925 3925 1601 25925 272485 3925 1240025 1601 3925 1601 3925 3925 3925 8005 612170 1601 3925 25925 272485 1601 3925 1240025 3925 3925 3925 3925 3925 1601 34 3925 1601 34 25925 272485 3925 1601 3925 34 272485 1179397 291850 34 1601 1601 1179397 1601 1601 10 1601 25925 3925 8005 3925 1601 272485 3925 3925 34 1601 1601 34 272485 272485 34 25925 1601 3925 510770 1601 3925 3925 34 3925 1179397 8005 34 25925 34 1601 34 1179397 3925 3925 1179397 27936485 1601 1601 272485 3925 1601 10 8005 1601 3925 34 3925 3925 3925 3925 34 3925 3925 3925 1601 8005 3925 25925 8005 3925 1179397 25925 1601 272485 3925 10 34 272485 1601 1179397 1601 1601 25925 3925 1601 3925 1601 3925 3925 1601 3925 34 34 8005 1601 3925 3925 25925 34 272485 10 1601 1601 25925 3925 3925 1601 272485 272485 1601 25925 1179397 8005 25925 3925 1601 25925 25925 1601 3925 34 8005 3925 3925 1601 272485 272485 34 25925 34 3925 1601 1601 3925 1601 103970 1601 1601 33802 8005 3925 8005 10 1601 1601 25925 3925 1601 1601 103970 25925 3925 25925 3925 3925 25925 272485 3925 3925 1601 370 34 3925 3925 34 8005 8005 3925 3925 3925 3925 1601 1240025 3925 1601 25925 1601 34 3925 3925 1601 272485 25925 1601 3925 3925 1601 3925 3925 3925 3925 34 1601 34 34 3925 3925 1601 272485 25925 3925 8005 34 272485 25925 1601 34 34 1601 3925 272485 3925 3925 272485 3925 103970 1179397 34 103970 3925 3925 1601 1601 1601 272485 25925 10 34 3925 3925 3925 103970 1601 1601 3925 3925 34 1601 3925 1601 272485 1179397 3925 34 3925 3925 3925 272485 3925 1601 272485 25925 1601 8005 1601 34 272485 5667290 1601 6528650 1601 3925 1601 272485 10 3925 272485 8005 3925 1601 103970 3925 3925 3925 25925 1601 3925 10 1601 1601 1601 3925 1601 3925 1601 3925 1601 2679625 1601 1601 3925 272485 3925 8005 34 25925 1601 3925 3925 34 3925 1179397 1601 1601 1279625 272485 1601 1601 272485 25925 3925 1179397 1601 1601 34 25925 3925 8005 3925 34 1601 3925 6290 3925 1601 3925 10 3925 1601 8005 3925 3925 3925 25925 3925 1601 3925 1601 3925 10 25925 25925 25925 34 3925 3925 1601 1601 1179397 3925 34 1601 34 3925 3925 3925 34 1601 3925 8005 34 1601 1576250 1601 1601 3925 1601 3925 1601 34 1601 3925 34 3925 8158685 3925 3925 105101650 1601 272485 1601 25925 1601 3925 1601 1601 1601 3925 1601 25925 3925 
45002 17 170 170 17 170 45002 170 261994 170 170 170 170 170 679225 45002 45002 170 170 17 145649353 170 261994 170 679225 170 170 170 45002 170 170 170 679225 679225 17 170 45002 170 36942085 17 170 170 45002 170 170 112897 170 45002 170 170 170 170 170 170 45002 45002 170 720002 170 170 170 170 17 170017 45002 170 170017 170 45002 170 170 45002 170 45002 45002 170 170 112897 170 170 17 170 17 2700490 17 170 45002 170 170 170 45002 45002 170 170 170 170 45002 45002 170 45002 170 45002 170017 170 170 170 45002 170 45002 170 58064401 17 170 170 170 17 45002 170 61217 17 17 17 170 112897 170 45002 61217 170 170 17 45002 170 170 112897 17 170 5301490 45002 45002 170 170 170 170 170 170 170 45002 170 170 170 170 170 170 170 170 170 170 170 679225 170 45002 61217 61217 45002 129785 45002 112897 170 17 45002 61217 170 170 17 170 170 170 170 170 170 170 170 35980874 2212405 170 45002 170 45002 17 112897 45002 112897 170017 17 170 45002 679225 45002 45002 61217 679225 170 45002 45002 679225 720002 17 679225 170 20848357 170 45002 45002 170 45002 61217 720002 55114 170 45002 45002 170 170 170 170 17 679225 17 170 45002 170 45002 170 170 17 720002 720002 679225 170 45002 170 720002 17 61217 170 170 170 679225 112897 9168970 45002 17 170 45002 170 45002 45002 170 261994 720002 170 45002 170 441010 170 45002 45002 61217 170 170 170 170 45002 170 45002 353942885 170 45002 61217 170 17 170 45002 23343125 170 261994 170 45002 45002 170 45002 61217 170 45002 170 9168970 170 170 61217 112897 45002 170 45002 170 170 170 55114 261994 170 679225 170 170 170 45002 17 61217 170 45002 170 170 45002 45002 170 45002 170 3082729 170 45002 170 23343125 170 170 170 720002 170 17 112897 679225 170 170 170 170 17 2570 45002 170 170017 679225 170 170 45002 170 17 45002 17 170 1534754 170 17 45002 170 170 20848357 20848357 170 61217 170 45002 170 679225 170 45002 170 170 170 170 45002 17 112897 45002 45002 61217 170 170 112897 45002 45002 5301490 170 45002 720002 45002 45002 7623317 170 170 17 45002 679225 17 170 170 170 2570 170 170 170 45002 45002 45002 17 45002 170 45002 170 170017 45002 17 17 45002 170 61217 720002 170 17 170 170 45002 170 170 170 170 45002 170 261994 170 170 61217 45002 17 720002 170017 112897 1812445 45002 170 45002 45002 3082729 45002 45002 170 720002 45002 112897 61217 112897 17 170 679225 112897 45002 170 45002 38864725 17 17 61217 170 170 170 2570 170 45002 17 45002 170 170 45002 61217 170 170 4654585 17 61217 170 679225 45002 45002 170017 170 170 170 261994 170 61217 17 61217 61217 170 17 170 170 45002 170 170 61217 720002 61217 170 679225 720002 170 170 170 170 61217 170 45002 170 170 45002 45002 679225 17 170 679225 170 115202 170017 170 679225 170 170 45002 61217 679225 170 170 45002 170 170 170 170 170 17 170 61217 45002 170 55114 45002 45002 17 8140885 61217 170 61217 170 170 45002 170 170 170 17 720002 55114 170 170 17 61217 17 45002 45002 170 112897 170 1534754 17 17 61217 61217 720002 170 261994 170 170 17 170017 170 261994 170 170 17 170 170 
170 170 170 170 188065 188065 170 188065 170 4357 4900505 170 4357 170 170 45002 170 112897 170 170 170 45002 61217 4357 4357 170 170 170 4357 170 170 170 4357 45002 170 188065 170 538645 170 170 170 170 170 4357 170 61217 170 4357 4357 4357 74257625 170 290 45002 84406250 4357 4357 188065 61217 170 4357 170 538645 170 170 170 4357 170 170 188065 170 170 61217 188065 4357 188065 188065 4357 170 170 170 170 4357 170 170 188065 26293865 1654865 188065 170 170 1765 4357 170 4357 170 3154177 45002 4357 188065 170 12446785 170 170 17 188065 188065 61217 188065 170 170 170 1654865 170 170 188065 170 170 170 4357 170 4357 170 4357 170 170 170 4357 188065 170 188065 4357 170 4357 45002 4357 170 493765 45002 4357 170 170 188065 188065 7623317 170 170 170 170 4357 170 4357 164644490 170 188065 61217 170 170 188065 1765 170 170 170 170 170 4357 188065 170 61217 1765 170 170 16907890 170 61217 170 169010 170 170 188065 170 170 61217 188065 170 170 170 4357 188065 170 170017 188065 170 61217 170 170 188065 188065 170 1654865 188065 4357 188065 170 170 170 170 170 170 15350725 188065 170 170 170 170 170 170 61217 4357 45002 188065 170 170 170 4357 170 170 61217 170017 169010 170 170 170 4357 4357 170 170017 170 170 170 45002 45002 4505 188065 538645 170 4357 170 170 4357 45002 538645 170 4357 170 170 188065 170 61217 290 4357 45002 169010 170 170 1654865 1654865 188065 1654865 170 170 170 170 170 170 170 188065 170 170 170 170 170 188065 170 45002 188065 188065 170017 4357 170 4357 170 1654865 170 170 170 188065 170 29253025 170 4357 538645 170 188065 45002 61217 188065 45002 538645 170 4357 170 170 170 169010 4357 170 16908125 170 188065 26293865 1765 170 170 5640209 170 170 4357 170 170 188065 1654865 170 45002 170 170 4357 170 170 170 170 170 170 170 170 61217 4357 61217 170 61217 188065 170 170 170 188065 170 4357 4357 4357 170 170 4357 170 61217 170 188065 4357 170 4357 45002 170 170 170 170 45002 188065 170 170 4357 170 170 170 170 170 170 4357 3946465 170 112897 112897 170 61217 170 170017 170 61217 170 188065 5674685 17 170 61217 45002 17 4357 61217 188065 45002 170 169010 4357 170 188065 4357 170 188065 4357 170 170 170 4357 1654865 4357 45002 170 61217 1654865 188065 170 169010 170 170 170 170 1765 170 170 45002 188065 188065 169010 45002 169010 170 45002 61217 45002 61217 112897 4357 1654865 170 170 170 4357 170 170 26293865 2720017 61217 4357 170 4357 4357 170 170 170 1765 188065 1654865 170 170 45002 4357 170 170 188065 170 4357 1812445 45002 188065 4357 188065 61217 170 544505 188065 4357 27217 4357 
1812445 170 170 1654865 170 4357 4357 13525 170 170 170 4357 170 170 170 17 170 170 170 362674 170 170 4357 170 313634 188065 4357 313634 170 170 170 170 170 170 170 170017 19018 170 170 170 13450 4357 18685 4357 170 170 170 170 112897 3145 170 170 170 170 170 51850 170 170 45002 4357 170 4357 170 4357 4357 170 170 4357 4357 1654865 170 188065 18685 170 45002 45002 170 61217 170 170 170 170 170 3145 17 4357 170 170 45002 170 45002 170 170 13450 13450 170 45002 17 170 170 4357 170 45002 4357 18685 170 170 170 13450 13450 45002 4357 170 45002 51850 4357 188065 170 170 17 170 4234 170 170017 170 13450 19018 170 170 61217 170 170 170 3145 188065 170 19018 170 188065 170 17 4357 170 3145 61217 1654865 170 3145 170 4357 170 170 4357 170 17 170 170 3145 170 188065 170 42807385 170 1654865 4357 170 188065 170 61217 170 188065 170 4357 170 61217 170 170 170 13450 1654865 170017 170 170 4357 170 170 170 170 170017 4357 4357 4357 19018 170 18685 170 170 170 170 170 19018 170 12446785 170 170 18685 170 16908125 34 170 45002 13450 61217 170 170 51850 4357 1654865 18685 170 170 45002 2720017 18685 170 188065 170 29253025 3145 170 45002 170 31945105 19018 5657525 170 1654865 4357 170 170 112897 4357 170 170 170 170 4357 18685 170 170 170 170 4357 13450 3145 170 45002 170 170 13450 170 4357 170 45002 18685 4357 4357 4357 170 170 170 170 170 18685 1654865 170 170 13450 4357 170 170 170 3145 4357 13450 4357 188065 18685 61217 61217 170 170 45002 170 19018 55114 19018 13450 170 188065 170 170 16908125 12446785 18685 170 170 170 18685 4357 170 170 170 45002 61217 170 170 170 170 13450 61217 170 4357 170 170 170 18685 170 170 112897 170 170 170 18685 61217 170 4357 4357 45002 170 170 170 170 45002 170 4357 170 170 3145 4357 4357 45002 4357 18685 4357 61217 170 170 4357 4357 170 170 170 12446785 4357 170 170 170 4234 170 4357 170 170 1812445 3145 170 4357 290 170 170 170 170 170 18685 4357 170 188065 170 4357 170 170 4357 170 4357 170 170 51850 13450 170 1654865 170 170 51850 13450 1812445 170 45002 170 170 170 170 4357 45002 170 170 170 170 170 51850 170 45002 170 170 4357 4357 13450 1654865 170 170 170 1654865 170 188065 13450 61217 2742337 18685 4357 19018 188065 170 170 18685 170 170 170 61217 170 170 170 170 170017 18685 170 170 170 170 45002 170 170 4357 4357 170 45002 61217 61217 170 170 18685 170 25456925 170 170 4357 4357 170 17 170 4357 170 170 4357 170 170 3145 188065 170 170 170 51850 170 170 
5365 34 485 10370 485 10370 485 485 485 485 10370 485 34 62725 564485 485 485 485 485 485 5365 62725 485 34 485 7128901 485 485 485 485 269125 10370 14257802 10370 34 485 501265 10370 501265 485 485 485 485 485 485 485 10370 1665074 2570 10370 10370 13577365 485 1685450 10370 485 485 12574117 34 514 2125765 485 34 485 485 485 10370 77128202 13577365 485 485 485 485 10370 485 10370 485 485 485 1685450 1665074 485 120250 485 2125765 485 62725 34 485 34 10370 34 34 485 62725 485 4189225 485 485 485 121044005 485 120250 485 15079850 34 10370 485 485 501265 4850 485 485 10370 1665074 485 120250 1685450 485 485 485 34 485 485 34 34 485 34 10370 485 485 485 34 34 485 485 485 10370 485 485 10370 485 485 34 181337 485 485 1116050 34 10370 485 34 2125765 485 10370 2570 485 485 34 10370 485 10370 485 485 10370 485 485 485 10370 10370 10370 10370 485 485 5618005 485 485 10370 485 16581185 4850 485 10370 10370 10370 485 10370 62725 1116050 485 10370 181337 485 4850 10370 120250 485 485 10370 10370 269125 1685450 10370 10370 290450 10370 10370 120250 34 10370 485 10370 485 485 485 34 10370 485 485 485 10370 5365 10370 34 62725 485 15079850 485 485 10370 1685450 485 10370 10370 34 485 34 485 485 485 10370 514 485 485 514 10370 62725 485 
74 4357 16825 4357 74 4357 16825 4357 363701 4357 74 74 4357 4357 74 74 16825 74 74 74 4357 74 16825 74 16825 4357 74 74 16825 370 4357 74 4357 1047370 3154177 74 370 74 4357 74 1654865 74 4357 1654865 74 74 74 74 188065 4357 74 4357 4357 74 74 188065 1654865 2517770 74 74 363701 4357 74 74 4357 4357 29253025 16193809 4357 4357 74 16825 74 74 54928250 4357 4357 3154177 74 74 74 74 74 74 16825 74 176984825 74 4357 74 74 74 188065 74 4357 4357 188065 74 4357 74 74 74 74 74 4357 16825 74 10240490 4357 4357 74 74 74 74 4357 74 74 74 4357 74 74 16193809 188065 4357 74 74 4357 16825 16825 4357 74 4357 74 188065 74 74 74 74 31754 74 74 4357 4369 4357 16825 74 363701 74 74 4357 74 4357 4357 2517770 1654865 4357 16825 363701 91536805 74 4357 4357 74 4357 16825 188065 74 12595570 74 2425 4357 74 74 2425 74 16825 2813194 74 4357 74 4357 74 1654865 74 10730 74 4357 4357 16825 4357 74 74 3154177 4357 74 74 74 74 2425 74 1654865 74 4357 74 188065 74 74 4357 74 74 188065 4357 74 4357 74 4369 74 74 74 2244005 74 74 363701 74 4357 1765 74 74 4357 1654865 74 74 4357 4357 74 74 74 4761010 4357 4357 10730 74 4357 74 74 74 4357 4357 74 1765 74 74 74 74 16825 74 74 4357 74 74 74 74 1654865 74 4357 74 74 16825 538645 363701 74 4357 74 74 4357 4357 16825 74 74 31754 4357 74 188065 16825 16825 4357 74 74 74 74 16825 74 74 1654865 4357 74 74 4357 74 74 4357 4357 16825 74 4357 74 74 74 74 74 74 4357 74 74 74 74 74 4357 188065 74 74 4357 2517770 4357 74 4357 74 4357 74 74 74 74 188065 4357 74 74 74 740690 1654865 74 74 74 74 74 290313725 188065 74 74 363701 4357 4357 74 74 4357 188065 4357 4357 4357 74 74 188065 16825 4357 74 74 74 290 74 74 74 74 74 16825 74 188065 74 74 4357 74 74 4357 4357 4357 4357 4357 4357 4357 4357 74 2517770 74 4357 74 363701 16825 29253025 74 74 4357 4357 16825 4357 4357 4357 4357 370 4357 16825 74 363701 74 1765 74 74 74 16825 6843890 1789834 1654865 74 1765 16825 74 370 4357 4357 4357 74 16825 1654865 1654865 4357 4357 74 74 74 74 74 3154177 4357 74 4357 4357 74 74 74 74 74 74 4357 370 4357 74 16825 188065 74 74 29253025 74 4357 74 74 74 4357 74 74 188065 74 74 4357 74 74 74 74 4357 188065 74 74 74 74 31754 16825 4357 4357 74 74 74 74 74 16825 16825 4357 74 74 74 
34 74 74 485 501265 4357 485 485 74 74 74 74 74 16825 74 74 74 4162685 74 74 34 501265 74 485 485 74 74 74 74 74 74 74 74 74 485 74 74 74 485 74 34 74 62725 4357 485 34 363701 485 74 74 370 370 74 485 74 74 74 485 485 370 74 74 74 34 74 34 485 1116050 485 74 34 74 74 74 74 485 1116050 74 74 485 74 2999825 74 62725 485 74 485 485 485 74 74 31754 74 74 34 74 2570 485 4369 74 74 34 485 485 74 74 120250 74 74 74 74 485 485 74 485 74 74 74 74 485 74 4850 62725 485 34 74 74 485 485 74 74 485 120250 74 485 34 485 74 485 485 34 485 485 74 74 74 74 34 74 485 74 74 74 269125 4357 74 74 74 485 74 74 485 1685450 485 74 485 485 485 485 10575505 485 269125 74 74 485 74 74 74 74 74 31754 62725 74 16825 74 74 1685450 34 74 485 62725 74 34 74 269125 485 74 485 74 74 74 1685450 501265 485 74 120250 485 74 1116050 363701 363701 74 34 34 485 62725 74 34 34 485 74 4162685 74 13577365 34 74 74 74 485 485 74 485 74 74 74 485 81043385 1685450 74 34 4162685 74 34 485 34 485 31754 74 1685450 74 485 74 485 62725 74 16825 1685450 74 363701 269125 501265 370 74 74 16825 74 485 62725 74 485 485 485 485 31754 485 34 74 501265 485 74 501265 74 485 485 485 34 269125 485 74 74 74 74 34 485 74 4189225 74 16825 485 485 370 74 74 34 485 74 2570 74 485 1685450 485 485 485 4369 16825 34 16825 485 74 74 34 74 62725 74 485 363701 74 485 485 485 485 74 2125765 74 2125765 1685450 363701 62725 269125 74 485 74 485 4369 363701 514 485 120250 74 74 74 2125765 74 485 74 74 485 34 2570 74 62725 74 74 5991050 485 485 485 74 485 74 74 34 485 485 74 74 485 74 16581185 16825 34 74 34 74 363701 485 74 120250 485 370 74 485 485 485 74 485 74 1143250 74 74 485 74 74 501265 
170 170 170 170 170 170 170 170 45002 170 170 170 170 170 6708101 61217 45002 170 170 45002 679225 170 170 170 170 45002 170 170 170 170 170 170 170 170 170 4234 170 55114 170 170 40269125 170 170 170 45002 61217 170 170 170 170 59170 170 170 170 170 170 122434 170 1050905 36942085 170 170 170 170 170 170 170 170 170 170 170 170 170 170 6196585 1050905 170 170 170 170 170 170 170 112897 170 112897 170 170 170 170 170 170 170 45002 170 170 170 170 170 170 170 170 112897 170 170 170 170 170 170 170 170 170 2570 170 170 170 170 170 170 165005417 112897 170 170 170 170 170 170 170 170 170 170 1050905 170 170 7623317 1050905 11289601 170 170 1050905 170017 170 61217 170 170 45002 59170 170 170 45002 170 170 45002 45002 61217 170 170 170 170 170 112897 170 10287650 170 170 170 170 170 170 170 1050905 1050905 170 45002 170 45002 170 170 170 170 170 170 170 170 170 3030505 170 170 170 170 170 170 170 170 112897 170 170 170 170017 170 767377 170 170 170 170 61217 170 170 170 170 170 170 170 45002 170 170 170 170 45002 61217 1050905 170 170 170 170 170 170 170 170 170 170 170 170 170 170 170 170 170 170 61217 170 112897 170 112897 170 11289601 170 170 170 170 170 170 61217 170 170 170 170 170 170 112897 170 170 170017 170 170 170 170 45002 170 170 170 122434 112897 170 170 45002 170 170 170 170 170 170 61217 170 112897 170 170 170 170 170 679225 170 45002 170 1050905 170 170 61217 122434 170 36942085 170 170 45002 170 112897 170 170 45002 170 1632025 170 170 170 170 45002 45002 170 170 170 170 170 170 170 170 170 170 45002 1050905 170 170 170 679225 170 170 170 170 61217 170 170 170 170 170 170 170 45002 170 170 170 170 170 170 170 170 317766277 11289601 170 170 170 170 170 170 170 170 61217 170 170 45002 170 170 45002 170 170 170 170 170 170 170 1050905 170 1050905 45002 4488010 170 170 170 170 170 170 170 112897 170 170 170 61217 170 112897 170 170 170 170 170 170 170 45002 3030505 170 61217 170 170 170 170 170 170 170 170 170 170 170 170 40269125 45002 170 170 55114 61217 45002 170 45002 61217 170 170 170 45002 170 170 1812445 170 170 170 1050905 170 45002 170 61217 7623317 170 45002 45002 45002 45002 4234 61217 170 170 170 170 170 45002 61217 170 170 170 170 170 170 170 170 170 45002 170 170 170 61217 1050905 1050905 112897 170 170 170017 170 170 170 170 170 170 45002 170 170 170 170 170 45002 45002 170 170 170 170 170 45002 170 170 170 170 4488010 2570 170 170 170 170 170 170 170 45002 45002 170 170 170 45002 112897 170 11289601 61217 61217 170 170 170 1812445 112897 170 170 170 170 170 1050905 170 170 170 1050905 170 170 170 170 170 170 170 8140885 170 
170 170 170 170 170 170 1717 170 170 170 1050905 170 170 170 170 170 170 170 170 2594 170 170 170 170 2594 1717 170 170 170 136085 170 170 170 170 170 2594 1717 170 136085 170 170 170 170 1116050 170 170 170 170 170 170 170 170 170 170 170 11289601 170 170 170 170 170 170 170 170 170 170 170 170 170 170 170 170 170 136085 170 136085 170 136085 1717 170 136085 170 170 170 3168085 170 2514725 2594 170 170 1717 170 1272385 170 170 170 122434 170 136085 136085 170 170 170 170 170 2594 170 170 170 170 170 170 107650 170 170 170 170 170 2594 6290 170 170 170 136085 170 170 170 136085 11289601 170 170 2594 136085 170 170 170 10983050 170 170 170 170 1632025 2594 170 170 170 170 1717 170 170 170 170 170 170 170 170 1717 170 170 170 170 170 170 170 170 2594 170 170 170 170 6290 2594 170 170 170 170 170 136085 170 136085 170 170 1267010 170 170 12446785 6290 170 170 1272385 170 59170 170 170 170 2594 170 170 6290 170 170 170 170 170 170 170 59170 170 2594 1717 170 170 170 170 1717 136085 170 2594 170 170 170 170 6290 2594 2594 170 170 170 11289601 170 107650 170 170 170 
17 9802 17 17 17 17 17 170 9802 170 45002 170 45002 2106385 45002 9802 884425 17 170 170 17 17 10 17 45002 17 17 9802 17 17 17 170 115202 17 17 18434594 170 45002 17 45002 17 17 17 17 17 17 45002 45002 17 1133458 720002 170 170 17 170 17 170 45002 45002 17 9802 17 89725 17 17 89725 17 17 679225 17 17 170 17 17 9802 17 170 1924925 45002 17 17 45002 17 261994 17 17 17 17 45002 45002 45002 17 45002 17 170 10 17 170 17 17 17 89725 45002 17 17 89725 45002 17 9507458 45002 17 9802 679225 45002 17 17 17 17 17 45002 45002 17 45002 17 9168970 170 17 9802 170 2106385 17 45002 45002 170 9802 170 17 17 45002 17 17 45002 17 89725 261994 720002 17 17 45002 261994 45002 45002 45002 45002 720002 45002 17 45002 45002 45002 17 17 45002 17 45002 17 17 17 9802 17 17 17 17 45002 45002 17 17 17 17 170 679225 17 170 17 17 441010 9802 170 10 45002 17 17 170 679225 17 45002 170 45002 17 45002 17 45002 170 10 17 170 45002 17 17 45002 17 89725 45002 17 17 17 2106385 17 45002 17 45002 884425 720002 17 10 17 45002 9802 45002 17 17 9168970 17 17 17 17 45002 45002 17 17 170 170 9802 17 17 45002 17 170 17 17 2106385 45002 17 1383850 45002 170 1924925 17 45002 679225 17 170 17 9802 17 17 261994 45002 17 17 45002 679225 17 17 170 17 17 17 17 17 45002 17 89725 17 10 170 720002 17 17 17 9802 17 170 45002 10 415874 45002 17 17 17 17 45002 9802 17 45002 170 45002 17 17 261994 1133458 45002 45002 17 17 17 17 12325 720002 261994 17 10 45002 170 24650 45002 17 9802 9802 89725 17 17 17 17 17 17 679225 17 45002 17 45002 17 720002 2506325 170 170 17 170 45002 170 679225 17 17 679225 17 170 43690 17 45002 18434594 170 45002 17 45002 17 170 17 170 17 170 17 17 45002 679225 17 45002 3597217 98608330 17 17 17 17 17 17 45002 17 45002 45002 17 17 720002 45002 17 17 679225 45002 170 17 1022125 45002 170 261994 45002 17 21385802 45002 45002 45002 45002 170 115202 17 170 17 17 17 17 17 17 17 45002 45002 261994 45002 17 17 5301490 45002 17 45002 170 170 9802 89725 9802 17 45002 9802 720002 17 170 17 17 17 17 170 17 6356597 679225 9802 17 45002 17 170 17 45002 17 9802 17 45002 9802 720002 170 17 115202 45002 9802 
1717 8245 3737 7527530 1717 505 1717 1717 202 202 1717 202 202 3737 1717 2594 240101 1717 202 202 505 202 361010 202 1717 1717 505 202 1717 202 202 1717 1717 1717 240101 8245 202 202 2594 240101 1717 1717 202 202 202 361010 202 1717 202 202 1717 505 1717 1717 1717 22858489 1717 202 1717 202 202 1717 1717 202 202 202 1717 63370 240101 1717 1717 202 202 202 202 2594 8245 1717 202 1717 202 1717 3737 1717 8245 8245 202 8245 1717 434314 1717 1717 8245 1717 202 1717 202 202 1717 8245 202 8245 1717 1717 2594 8245 202 1717 8245 202 202 202 202 202 1717 1717 8245 202 202 2594 1717 1717 361010 202 202 1717 202 202 118630165 3737 940325 202 1717 1717 1717 202 202 8245 1717 202 202 202 202 1717 1717 8245 1717 1717 3737 202 1717 1717 202 1717 202 202 1717 202 8245 202 202 1717 202 202 202 202 2594 202 1717 1717 1717 240101 505 1717 1717 1717 1717 1717 8245 1717 202 1717 1717 505 1717 1717 202 2594 505 1332970 202 1717 1717 1717 63370 202 50181125 8245 202 1717 1717 1717 505 63370 1717 202 1717 8245 202 202 1717 1717 49010 202 1717 202 505 202 202 1717 505 202 1717 202 202 74 202 1717 202 1717 202 202 1717 202 505 505 2594 286565 1717 361010 202 1717 1717 2594 202 1717 1717 1717 202 2325625 2594 202 1717 8245 55114 202 505 1717 202 1717 202 1717 202 77450 202 202 505 1717 1717 202 8245 2594 1717 1717 8245 8245 202 1717 1332970 
4369 38054090 4369 4369 34 3411274 34 34 15317 15317 4369 34 15317 239434 15317 10405 34 4369 8005 312505 15317 34 970 10405 4369 10405 10405 276770 34 4369 10405 15317 34 34 6290 6290 4369 10405 15317 6290 15317 10405 4369 312505 34 4369 4369 15317 34 15317 10405 15317 4369 102154 34 15317 3031865 15317 15317 6290 4369 4369 15317 14775050 6290 34 6290 10405 6290 4369 6290 34 312505 10405 34 34 10405 34 4369 4369 10405 6290 34 34 4369 15317 10405 10405 34 10405 34 4369 34 15317 4369 15317 34 464290 8005 34 34 34 34 34 4369 34 10405 4369 34 10405 10405 10405 4369 4369 34 10405 34 6290 34 4369 276770 10405 4369 6290 34 37970245 34 34 4369 4369 4369 6290 34 6290 10405 34 34 10405 34 10405 4369 8005 4369 4369 10405 239434 239434 15317 6290 34 3031865 15317 34 6290 15317 10405 8005 15317 34 4369 10405 102154 15317 8005 102154 10405 239434 8005 10405 15317 10405 15317 8005 102154 34 4369 34 4369 10405 10405 34 34 4369 239434 4369 4369 34 239434 10405 34 34 34 34 34 6290 10405 4369 10405 4369 10405 10405 4369 10405 34 10405 10405 5326865 10405 34 6290 34 4369 15317 10405 4369 4369 4369 15317 102154 15317 34 34 15317 6290 4369 34 6290 239434 10405 10405 4369 34 5326865 34 10405 1089010 1512901 8304517 34 910010 8005 15317 10405 34 4369 10405 239434 239434 10405 34 8005 43810 34 6290 15317 10405 239434 729625 15317 10405 15317 10405 15317 10405 4369 34 34 4369 11868194 10405 3031865 239434 34 10405 34 14775050 5326865 186325 34 10405 6290 15317 15317 34 15317 6290 10405 34 4369 15317 102154 4369 239434 10405 4369 10405 34 34 34 34 15317 4369 10405 6290 10405 10405 15317 10405 102154 6290 10405 3031865 8005 186325 10405 10405 34 34 4369 4369 15317 8005 34 649802 34 34 34 4369 10405 34 10405 10405 6290 10405 34 34 34 15317 15317 4369 34 34 102154 6290 34 34 15317 34 15317 34 34 34 1089010 34 15317 4369 10405 34 15317 34 15317 4369 10405 6290 4369 10405 34 15317 10405 34 4369 10405 276770 4369 8005 1089010 4369 68079530 10405 34 4369 34 34 15317 102154 34 10405 4369 1089010 34 15317 34 10405 7911229 43810 34 15317 8005 4369 10405 10405 10405 34 34 15317 15317 34 15317 15317 34 15317 15317 15317 10405 10405 34 4369 10405 186325 34 6290 276770 34 10405 312505 34 10405 10405 239434 6290 1512901 4369 15317 10405 4369 34 6290 34 34 10405 34 15317 8005 34 10405 34 6290 312505 10405 34 6290 34 4369 4369 34 10405 6290 10405 102154 10405 15317 15317 15317 15317 15317 34 34 6290 10405 4369 34 239434 1089010 34 1089010 8005 34 4369 15317 4369 10405 312505 34 6290 34 4369 34 10405 6290 34 34 4369 4369 
115202 9802 720002 720002 45002 9802 12325 17 884425 720002 170 17 17 17 17 89725 17 7474 17 17 12325 17 9168970 679225 12325 17 12325 17 415874 720002 45002 9802 17 17 170 45002 9168970 720002 17 17 9802 12325 45002 17 170 45002 9802 45002 17 17 9802 17 12325 17 20848357 17 9507458 170 17 17 45002 17 17 17 45002 17 17 261994 17 17 17 89725 17 12325 89725 9802 45002 17 45002 17 12325 17 17 17 45002 17 884425 170 45002 17 17 17 170 17 9802 45002 17 45002 45002 89725 170 679225 12325 17 2106385 170 45002 45002 17 89725 17 17 170 18434594 30425 17 17 45002 170 22638565 17 679225 17 3536425 45002 17 679225 12325 17 45002 17 17 6751225 170 10876805 45002 170 170 17 89725 10 9802 45002 17 45002 679225 45002 45002 17 17 17 17 17 17 261994 45002 17 17 1133458 12325 17 17 9802 720002 45002 17 45002 17 17 17 17 17 17 45002 17 45002 17 17 679225 17 17 720002 17 17 17 2106385 170 17 17 45002 17 6801665 9802 17 17 170 679225 43690 17 17 45002 45002 12325 17 12325 17 17 720002 12325 1133458 89725 17 17 10 720002 17 45002 17 17 45002 45002 17 12325 17 17 261994 17 17 45002 89725 170 1133458 17 45002 17 17 17 9802 2106385 17 17 17 17 17 720002 170 17 89725 415874 12325 17 9802 679225 170 17 45002 17 17 45002 9329785 17 17 720002 17 24650 679225 17 679225 17 17 17 17 9802 9562517 170 17 45002 170 45002 6356597 45002 45002 720002 45002 17 17 45002 17 170 45002 170 12325 17 17 17 17 45002 17 12325 45002 170 10 261994 170 679225 679225 1133458 17 17 45002 17 9802 12325 17 17 17 45002 45002 9802 12325 17 17 89725 17 170 45002 12325 17 45002 17 679225 17 17 45002 17 170 45002 17 9802 45002 45002 17 17 45002 17 17 12325 17 17 45002 45002 17 170 45002 9802 45002 884425 170 17 17 17 679225 679225 45002 9802 10 9802 45002 679225 17 170 45002 2106385 17 17 18434 12325 170 12325 17 45002 17 17 17 45002 45002 10 170 17 1924925 17 17 45002 679225 9802 17 9802 45002 17 17 12325 17 17 45002 17 17 17 17 170 9802 17 17 89725 17 9802 17 17 17 10 12325 45002 45002 9802 17 17 2506325 679225 17 9802 10 45002 170 45002 45002 17 10 17 45002 45002 9802 45002 170 17 17 10 21385802 17 9802 679225 10 720002 45002 17 45002 45002 17 17 261994 45002 17 9802 170 17 17 17 45002 17 261994 10 17 17 45002 45002 9802 98608330 45002 12325 10 170 9802 170 17 170 9802 89725 4850 17 17 30425 17 17 679225 17 17 17 17 17 45002 17 9802 17 17 17 17 89725 17 17 10 45002 17 415874 679225 45002 9802 720002 17 17 30425 17 17 45002 43690 17 170 17 653225 17 17 9802 17 45002 17 17 679225 170 9802 17 17 17 45002 12325 17 9802 45002 720002 17 17 1924925 10 170 17 9802 17 17 12325 
1717 202 1717 202 8245 202 1717 202 202 202 286565 202 8245 202 202 202 17 202 77450 202 8245 505 28995829 202 8245 1717 1717 8245 1717 202 505 17 202 63370 202 202 202 1717 8245 8245 202 1717 170 8245 240101 1717 202 202 22858489 202 202 202 202 202 1717 1256785 202 202 202 1717 1717 170 17 202 505 8245 8245 202 202 55114 202 168812389 202 8245 202 8245 8245 1717 247810 1717 202 202 8245 55114 1717 1717 1332970 202 8245 202 1717 8245 202 202 286565 1717 1717 8245 1717 202 1717 2506325 1717 17 1332970 1717 55114 1717 202 8245 202 202 170 1717 202 202 1717 202 170 1717 202 1717 77450 1717 8245 202 202 170 170 505 8245 1717 202 8245 202 202 170 8245 8245 202 202 202 1717 202 202 202 1717 202 17 170 202 202 505 202 170 156658 8245 8245 202 286565 202 1717 686450 63370 170 8245 8245 505 8245 286565 8245 202 202 202 170 240101 940325 202 505 202 4977785 202 202 202 505 202 1717 1717 8245 202 202 286565 202 170 202 202 505 202 170 202 202 170 202 240101 1717 202 170 1717 202 202 8245 170 505 1717 8245 101 55114 8245 202 170 170 1450 8245 202 202 202 505 170 202 202 202 202 8245 17 1717 202 202 170 1717 202 202 505 8245 77450 170 202 202 17 505 202 505 505 505 1717 1717 77450 170 1717 202 202 286565 17 77450 202 8245 8245 202 202 202 1717 505 45002 1332970 8245 8245 1717 202 1717 202 202 
202 170 202 8245 202 101 202 202 202 202 202 202 101 202 505 8245 240101 202 8245 202 170 101 202 8245 202 1332970 8245 8245 170 8245 170 202 8245 8245 202 202 202 202 8245 202 202 202 202 202 8245 170 1336465 8245 8245 101 361010 202 505 202 286565 202 5270770 202 170 202 505 202 202 202 202 8245 1717 686450 8245 170 8245 202 1717 202 8245 202 170 240101 8245 8245 170 202 202 101 202 170 202 8245 202 202 202 505 8245 202 3266570 505 202 202 202 74 202 202 505 8245 101 8245 2724850 170 8245 101 202 202 170 8245 156658 286565 286565 8245 202 202 202 202 202 202 202 170 505 8245 101 505 156658 1746485 202 202 1717 101 505 202 101 202 8245 202 101 202 202 1717 240101 8245 202 170 202 202 202 202 361010 202 202 1717 202 1717 8245 202 505 202 202 202 77450 202 1717 286565 202 202 8245 1717 8245 202 202 202 202 202 505 202 1256785 8245 101 170 202 1717 202 240101 10936250 170 202 101 202 1717 202 8245 202 202 8245 2514725 1717 8245 202 202 8245 202 101 202 505 101 202 101 74 45002 202 170 8245 202 202 202 202 202 170 202 202 101 202 202 202 202 505 202 202 202 8245 202 202 1717 101 286565 1717 202 202 202 202 202 202 202 202 202 8245 202 202 202 202 74 202 74 202 8245 101 202 202 286565 8245 202 101 170 1717 202 286565 156658 8245 202 202 40176650 101 202 202 202 170 8245 202 202 8245 170 1332970 202 202 505 240101 202 202 202 1717 170 505 1717 8245 170 77450 8245 202 202 8245 505 505 1717 55114 8245 202 202 12923530 202 101 8245 1717 202 8245 8245 202 202 505 1717 77450 202 202 202 202 170 156658 202 112370 286565 170 202 286565 45002 202 170 8245 202 28995829 8245 202 202 202 77450 1717 202 202 202 202 286565 55114 202 8245 170 170 8245 202 202 77450 286565 8245 505 8245 202 240101 202 240101 202 170 202 1717 8245 202 101 686450 101 202 202 101 8245 170 101 1717 202 1717 8245 1332970 202 170 202 77450 170 202 286565 202 1332970 202 202 202 8245 1717 1717 8245 202 202 202 55114 808265 101 1717 202 202 170 101 202 202 202 202 170 202 202 202 8245 202 202 202 2665090 202 170 1450 202 170 8245 5270770 170 202 1717 101 202 202 8245 202 202 101 170 1332970 8245 202 101 1717 202 202 202 170 8245 505 202 202 1717 202 170 286565 202 202 12923530 202 286565 202 1332970 202 202 202 8245 202 202 202 202 101 202 1332970 202 170 202 
51077 1258 51077 1570 60810425 46085 1570 46085 1010 67250 51077 46085 1258 51077 157625 51077 46085 1258 169010 46085 46085 51077 1258 102154 51077 51077 157625 51077 51077 51077 51077 46085 51077 46085 157625 51077 51077 46085 819202 1570 46085 51077 51077 46085 51077 46085 51077 46085 46085 46085 51077 1258 51077 46085 46085 46085 46085 46085 46085 1258 46085 46085 157625 157625 110245 51077 1258 1258 51077 46085 1010 51077 46085 1258 51077 51077 51077 10323970 46085 309137 46085 51077 51077 51077 903170 157625 51077 309137 102154 157625 51077 46085 157625 51077 1258 51077 1258 51077 51077 1258 46085 679730 46085 51077 1258 51077 2570 51077 46085 51077 46085 46085 1570 1258 46085 1258 46085 51077 51077 46085 46085 51077 1258 51077 51077 309137 1258 51077 51077 11803445 2570 46085 2570 46085 51077 51077 51077 51077 51077 390141505 1258 51077 51077 157625 51077 903170 46085 1258 1258 51077 46085 51077 46085 51077 1258 51077 51077 110245 1570 46085 1258 1570 1010 51077 157625 46085 51077 1010 46085 51077 51077 46085 309137 51077 1570 1010 51077 51077 51077 46085 51077 46085 1258 1010 51077 51077 51077 1570 1258 51077 157625 1258 1258 51077 46085 46085 51077 46085 51077 1258 1258 1258 
170 170 170 96881725 170 45002 170 261994 17 45002 17 17 720002 720002 9802 170 45002 45002 45002 45002 45002 45002 720002 170 17 61217 17 112897 170 679225 61217 170 9802 170 679225 45002 61217 170 170 170 170 170 170 446054401 17 17 679225 2570 261994 45002 170 17 170 17 170 61217 61217 170 45002 45002 170 45002 45002 679225 45002 61217 679225 9802 45002 45002 170 17 170017 170 45002 17 170 170 170 45002 170 170 170 17 45002 170 170 170 61217 170 9802 170 679225 45002 720002 261994 170 17 170 679225 45002 45002 170 170 170 170 17 112897 170 170017 170 170 720002 170 17 720002 170 170 170 45002 45002 45002 170 45002 170 45002 679225 170 45002 17 17 170 170 17 112897 170 170 17 45002 170 170 17 112897 9168970 679225 45002 45002 17 170 170 9802 170017 170 170 17 45002 45002 17 17 170 43658050 170 170 170 17 17 17 17 679225 720002 45002 45002 17 17 61217 45002 17 17 170 170 170 170017 17 112897 45002 112897 170 112897 45002 17 17 170 45002 17 17 170 170 170 170 720002 170 17 170 17 45002 45002 170 170 61217 679225 17 45002 112897 45002 170 170 17 45002 45002 2212405 45002 17 261994 170 17 170 17 45002 6356597 170 45002 17 170 55114 170 170 112897 17 17 6708101 170 170 170 61217 17 112897 45002 17 45002 679225 45002 45002 170 170 45002 170 170 45002 45002 17 43658050 17 45002 45002 170017 112897 45002 170 170 9802 61217 170 170 170 170 45002 170 170 17 170 6055202 261994 170 679225 170 261994 170 45002 17 17 170 45002 45002 17 170 45002 19978825 17 170 170 170 170 17 6522730 112897 170 170 61217 45002 170 45002 170 17 170 720002 170 720002 45002 45002 17 170 170 679225 61217 170 45002 170 170 170 17 45002 17 170 45002 45002 17 43690 170 679225 170 679225 61217 170 170 17 170 17 17 45002 170 45002 45002 170 17 170 720002 720002 17 170 720002 170 17 170 45002 170 45002 720002 45002 170 720002 170 261994 170 170 170 170 170 261994 61217 679225 170 170 170 61217 170 170 17 170 17 170 170 17 17 45002 170 17 45002 45002 17 45002 170 45002 170 170 679225 170 170 170 170 17 17 17 17 170 170 170 170 170 170 17 61217 45002 2570 170 170 170017 45002 45002 720002 45002 170 170 170 17 45002 170 61217 45002 
312505 2490914 34 239434 4369 34 34 10405 34 34 34 34 34 2490914 34 34 34 4369 4369 34 239434 34 4369 8005 34 34 34 4230025 15317 10405 34 71978 4369 34 10405 34 312505 312505 2679625 34 6290 4369 34 15317 34 8005 10405 34 15317 15317 4369 4369 3925 34 34 34 312505 312505 34 34 2679625 34 2490914 10405 34 312505 34 15317 8005 34 10405 34 34 312505 15317 34 34 4369 34 34 316850 15317 4369 10405 4369 239434 10405 34 19234450 312505 3600010 34 10405 34 3031865 4369 4369 34 34 6290 4369 312505 34 4369 36945845 34 34 34 34 34 3031865 34 34 34 34 34 34 6290 8005 10405 10405 34 312505 3031865 34 239434 34 312505 312505 4369 34 8005 103970 34 37970245 15317 34 34 4369 34 4369 8005 3925 312505 15317 4369 239434 34 34 34 34 34 4369 34 34 34 8005 34 34 312505 34 3031865 34 34 4369 6290 15317 8005 34 6290 34 3031865 71978 312505 71978 34 34 34 239434 312505 239434 34 239434 4369 4369 464290 239434 4369 34 34 239434 100721297 34 4369 3411274 34 15317 3031865 6290 34 312505 6290 34 6290 6290 239434 34 1089010 239434 37970245 15317 34 6290 10405 3925 4369 74017285 34 15317 34 970 34 4369 239434 34 34 10405 34 6290 34 34 6290 4369 34 6290 34 35832197 34 34 34 43810 10405 34 34 15317 6290 1089010 8005 34 34 10405 34 5326865 15317 6290 34 18218050 34 10405 4369 15317 34 4369 34 34 312505 970 34 34 34 34 34 6290 34 10405 34 15317 34 312505 3031865 10405 15317 4369 10405 34 34 6290 4369 10405 10405 4369 10405 34 29215370 34 34 4369 34 186325 15317 312505 34 10405 312505 464290 34 34 15317 4369 34 239434 34 10405 34 4369 8005 312505 34 8005 34 34 186325 10405 312505 4369 6290 10405 34 312505 8005 34 4369 34 34 34 34 4369 312505 239434 34 312505 34 34 4369 15317 312505 34 3414002 6290 4369 15317 6290 4369 34 4369 1089010 239434 34 34 6290 3414002 34 4369 4369 10405 4369 10405 34 10405 239434 3031865 15317 4369 239434 10405 34 34 10405 8005 6290 34 4369 34 34 34 312505 34 34 37970245 34 6290 312505 
4369 24050 1258 34 873970 34 1258 15317 4369 1258 4369 1258 34 41225 1802 34 800005 464290 1258 1258 15317 34 6290 1258 276770 1258 15317 10405 34 1258 15317 24050 27311077 34 1258 15317 10405 34 4850 239434 21548165 34 49010 239434 34 1258 1258 4850 49010 24050 4369 1258 1258 10405 464290 15317 34 34 34 34 1258 24050 15317 15317 1258 1258 24050 10405 1258 4850 15317 34 1258 49010 1258 1258 34 1258 1258 77450 4369 1258 3197105 24050 24050 34 4369 6290 4369 34 34 239434 34 1258 4369 24050 1258 1258 34 1258 34 1258 1258 1258 34 15317 8908402 62317225 34 34 6290 4369 34 1258 4369 6290 10405 4850 34 1258 10405 4850 34 34 4369 5497834 15317 4369 339865 34 34 468469 10405 49010 6290 10405 6290 34 34 55114 1258 4850 10405 15317 15317 34 49010 6290 10405 239434 10405 1258 1258 1258 3197105 4850 1258 34 4369 1258 239434 4369 24050 239434 34 10405 1258 34 34 4369 34 15317 10405 239434 34 49010 6290 12021337 10405 654985 34 15317 1258 34 4369 239434 15317 34 17170 1258 34 49010 34 1258 77450 4369 1258 34 4850 34 49010 239434 34 5497834 77450 1258 468469 34 1258 10405 1258 10405 15317 15317 49010 6290 15317 34 15317 4369 6290 6290 4369 34 4369 15317 34 4369 1258 4369 15317 1258 5834825 10405 1258 15317 10405 34 239434 4369 34 4850 4369 34 49010 49010 239434 15317 34 10405 4369 49010 1258 15317 4850 10405 1258 1258 1258 239434 4369 239434 24050 10405 34 34 873970 24050 4369 239434 
34 71978 1258 15317 4369 82831801 34 34 34 34 34 24050 1258 15317 1258 4369 6290 6290 15317 24050 1258 15317 6290 6290 1258 34 1258 24050 1258 34 1258 4850 49010 10405 239434 34 5834825 10405 1258 34 170 49010 15317 15317 4369 239434 34 239434 1258 4369 6290 29045 4850 800005 4850 10405 34 34 800005 239434 34 15317 34 176290 29045 239434 24050 34 34 873970 239434 15317 4369 4369 6290 34 49010 6290 34 6290 1258 15317 1258 4850 6290 1802 800005 239434 34 10405 4369 4369 34 5834825 29045 15317 10405 1258 34 1258 10405 29045 10405 1258 239434 34 239434 24050 10405 34 34 10585 34 24050 1258 34 4369 654985 34 24050 3723850 34 34 273205 1258 1258 4369 176290 71978 34 29045 170 1258 1258 34 4369 24050 15317 4369 1258 29045 4850 4369 4850 29045 4369 10405 176290 29045 6290 1258 10405 29045 3723850 49010 239434 10405 4850 1258 542468285 239434 34 4850 4369 15317 34 24050 15317 1258 34 4369 4369 34 6290 1758277 49010 4369 15317 6290 24050 4369 1258 6290 1258 29045 800005 4369 34 74838850 1258 34 4369 1258 29045 4850 4369 1258 15317 1258 10405 4369 18218050 4850 34 4369 4369 34 10405 1258 34 4850 1258 34 10405 10405 10405 15317 4369 34 10405 6290 239434 4584485 15317 71978 654985 34 34 24050 29045 15317 49010 1258 34 24050 10405 10405 800005 10405 1258 4850 1258 4369 34 15317 4369 1258 1258 29045 4850 1258 34 10405 34 4369 34 4850 34 1258 1258 1258 1258 34 29045 29045 29045 29045 34 4369 4369 34 1258 24050 800005 1258 4369 49010 34 24050 1258 4850 4369 10405 239434 34 34 34 4369 4850 34 34 4369 15317 4850 239434 170 34 1258 34 1258 49010 4369 6290 1258 34 34 15317 170 4369 10405 1258 15317 34 38344025 654985 34 239434 1258 34 34 1258 679730 239434 1258 1258 10405 34 34 10405 10405 4369 15317 34 34 34 34 4369 34 4369 239434 239434 34 34 1258 9553450 29045 15317 15317 4369 10405 15317 34 15317 464290 24050 34 1258 1258 15317 4369 4369 679225 15317 34 4850 15317 4369 29045 4850 34 4369 10405 29045 34 18218050 10405 29045 10405 10405 10405 34 34 34 29045 170 4369 1258 34 18742517 34 29045 34 239434 34 1258 15317 34 49010 34 6290 34 4369 29045 34 10405 239434 1258 15317 34 10405 4369 800005 170 10405 34 34 34 6290 4369 1258 654985 10405 34 34 34 29045 10405 4369 273205 34 239434 1258 15317 34 273205 49010 4369 15317 273205 1258 34 6290 
456977 2455330 101 74 101 74 74 16825 4357 16825 21353657 3396125 74 8245 8245 74 16825 16193809 74 1746485 4357 74 456977 101 21131450 101 363701 24472825 2425 101 190450 74 456977 74 74 74 16193809 190450 74 101 101 74 74 202 363701 31754 74 74 202 456977 2672930 190450 74 74 74 74 74 74 456977 74 2425 4357 74 74 74 74 74 8245 74 74 74 74 74 74 2425 456977 363701 74 16825 8245 74 74 363701 74 4357 74 74 4357 74 4357 74 74 16825 74 4357 4369 74 101 74 74 74 4357 74 74 74 8245 74 74 74 74 16825 16825 2425 74 101 16825 4357 16825 74 74 74 74 4357 74 74 74 101 
51077 51077 101 74 74 1465474 74 74 8245 8245 51077 74 74 74 74 1570 2917265 8245 101 1570 74 456977 74 46085 190450 101 1570 101 51077 8245 74 74 101 74 51077 74 74 101 74 51077 190450 51077 74 51077 51077 1570 190450 74 903170 74 74 202 101 101 74 74 1570 74 1570 8245 1570 46085 3802501 74 74 8245 46085 51077 74 74 74 2570 74 8245 2917265 74 74 51077 101 74 370 1570 74 74 101 74 74 456977 1570 51077 8245 1570 74 101 74 101 1570 74 74 74 101 74 101 456977 51077 8245 51077 74 74 74 74 74 74 202 74 51077 74 74 101 2672930 74 5005450 74 74 74 74 74 74 101 101 74 2570 74 74 1018145 8245 101 1570 101 8245 8245 74 74 101 101 8245 74 101 8245 51077 8245 46085 46085 51077 74 74 74 8245 101 51077 903170 51077 8245 74 1570 101 1570 74 74 74 51077 51077 74 101 51077 74 1570 765034 74 51077 1570 74 101 1570 2570 101 51077 370 903170 51077 1570 51077 1010 1570 1570 51077 51077 1010 101 8245 51077 51077 101 51077 51077 101 
505 202 2594 2594 202 202 505 1717 14214290 2178005 1717 1717 940325 1717 1717 55114 202 202 505 77450 202 202 202 1717 3737 1717 202 202 1717 202 1717 202 3737 202 202 3737 55114 202 1717 2594 3737 240101 202 202 1717 2594 202 505 202 505 63370 202 77450 1717 8245 1717 3737 202 118630165 2594 3737 3737 505 202 240101 202 202 136085 15152525 1717 1717 202 2594 202 3737 202 1717 202 1717 1717 3737 202 77450 202 240101 686450 136085 1717 202 1717 202 2594 3737 1717 1717 1717 2514725 940325 2547217 940325 3737 2594 1717 3737 505 1717 202 505 1717 1717 202 202 1717 1717 1717 1717 202 202 1717 202 1717 136085 940325 202 3737 1717 1717 3737 202 202 1717 1717 1717 202 1717 202 202 1717 202 202 63370 1717 1717 1717 202 74 1717 1717 1717 1717 1717 1717 240101 1983050 940325 2594 1717 3737 505 2979925 202 202 1717 202 1717 202 1717 1717 3737 505 202 3737 3737 136085 202 202 3737 202 136085 8245 118630165 1717 1717 202 202 202 1717 202 1717 202 202 202 202 1717 505 202 3737 8245 505 2594 505 202 1717 202 1717 1717 1717 1717 1717 3737 202 202 240101 136085 1717 202 202 22992650 240101 8245 1717 1717 1717 1717 2594 505 3737 1717 8245 77450 136085 2594 1717 2594 1717 1717 1717 1717 505 202 1717 1717 55114 3737 2594 1717 202 202 1717 202 1717 8245 3737 1717 202 1717 2594 1717 3737 1717 1717 1240025 202 505 1717 1717 1717 74 202 2594 1717 1717 940325 202 202 1717 202 3737 63370 202 1717 202 3737 505 3737 1717 136085 1717 202 77450 240101 202 1717 202 1717 1717 2594 202 1717 1717 1717 8245 202 202 1717 202 202 202 3737 1267010 136085 136085 1717 2594 202 1717 1717 1717 3737 434314 9751250 6820025 202 202 1717 505 505 202 1717 202 202 2594 202 202 1717 1717 1912585 202 1717 3737 1717 3737 1717 202 1717 2594 202 3737 202 3737 202 202 202 1717 1717 202 3737 1717 202 1717 202 136085 1717 294396965 1717 1717 202 505 434314 1935025 1717 1717 505 2594 202 1240025 1717 1717 505 202 3737 1717 3737 505 202 1717 202 202 1717 202 3737 1717 1717 7527530 1717 202 1717 2594 2594 1717 1717 202 940325 202 2594 1717 3737 77450 
5185 10 1601 1601 1601 1601 14326325 5185 5185 5185 835250 1601 3492970 5185 381925 1601 10 236197 1601 1601 8641625 5185 1601 1601 1601 1601 5185 1601 1601 1601 5185 1601 1601 272485 5185 1601 1601 381925 5185 1601 1601 1601 5185 1601 1601 1601 1601 10 255385 5185 236197 10 5185 1601 5185 1601 1601 5185 5185 1601 1601 255385 1601 1601 370 1601 4631105 5185 1601 1601 1601 5185 236197 1576250 1601 1601 1601 5185 3737 1601 882325 1601 370 5185 1601 1601 5185 5185 5185 1601 1601 18898490 5185 1601 5185 1601 1601 381925 5185 236197 107650 1601 5185 5185 5185 1601 5185 5185 10 5185 1601 5185 1601 5185 1601 1601 1601 1601 3737 1601 5185 381925 5185 1601 5185 10 1601 1601 107650 236197 1601 1601 24505 1601 10 236197 3737 5185 1601 5185 1601 1601 5185 1601 5185 1601 1601 1601 1601 1601 1601 5185 5185 1601 1601 1601 1601 1601 10 1601 10 10 10 1601 1601 5185 1576250 5185 5185 8005 5185 5185 272485 255385 5185 381925 381925 5185 5867090 1601 835250 236197 1601 381925 1601 3737 5185 1601 1601 612170 5185 5185 4631105 3737 1601 5185 1601 1601 5185 1601 5185 10 1601 1601 1601 1601 5185 236197 835250 1601 1601 1601 8005 1601 1601 5185 1601 1601 1601 1601 5185 835250 10 1601 5185 1601 5185 5185 1601 10 3737 1601 3737 381925 1601 1601 5185 1601 5185 236197 1601 5185 5185 1601 1601 1601 381925 1601 236197 1601 1601 835250 835250 3737 381925 5185 5185 5185 1601 1601 1601 1601 5185 5185 5185 1601 5185 5185 5185 107650 10 381925 1601 5185 5185 10 31379114 381925 1601 1601 1601 1601 612170 5185 5185 1601 255385 1601 1601 1601 1601 14326325 5185 5185 1601 381925 1601 1601 23188085 5185 5185 3737 1601 381925 107650 612170 5185 5185 1601 255385 1601 882325 1601 370 3737 236197 5185 1601 4631105 1601 1601 1601 5185 5185 1601 5185 5185 236197 95225 1601 1601 1601 5185 1601 5185 1601 1601 1601 1601 1601 1601 1601 95225 255385 5185 1601 10 1601 1601 5185 10 1601 1601 272485 1601 1601 4631105 1601 1601 10 1601 1601 1601 10 1601 3737 5185 95225 1601 612170 10 3737 1601 1601 370 1601 5185 255385 1601 5185 1601 370 370 1601 10 1601 1601 1601 1601 255385 255385 1601 1601 1601 370 1601 10 2101810 1601 5185 381925 1601 1601 1601 10 1601 1601 
1258 1601 2917265 1258 1258 58325 1258 882325 1258 5185 58325 1258 1258 1258 1258 882325 1258 1258 1258 5185 1258 5185 1258 1258 51077 95225 5185 95225 5185 1258 5185 882325 1258 5185 58325 1258 5185 1258 5185 370 1170325 1258 882325 1258 1258 1258 5185 882325 1258 1258 95225 1258 5185 1258 1258 1258 1258 58325 89725 5185 95225 1258 5185 1258 5185 1601 882325 5185 2917265 58325 5185 1258 95225 1601 5185 835250 1258 1047370 1258 5185 185 5185 1258 5185 5185 1258 835250 5185 835250 5185 5185 1258 1258 5185 1258 95225 58325 1258 5185 882325 1258 1258 1258 1258 1258 5185 5185 5185 51077 381925 95225 1601 5410 5185 1263530 1601 5185 1258 5185 1258 1258 1258 1258 1258 5185 1258 1258 5005450 1258 882325 5185 5410 2337194 95225 1258 5185 58325 1258 2917265 1258 5185 1258 1258 5185 1258 1258 381925 5185 5410 51077 1258 51077 1258 1258 95225 1258 4631105 5185 1258 1258 1258 1258 1258 1258 5185 1258 5185 1258 1258 166685 5185 5185 5185 882325 1258 5185 5185 51077 5185 5185 5185 95225 1258 882325 5185 381925 1601 51077 5410 882325 1258 370 381925 95225 1258 1258 5185 1258 1258 1258 58325 1258 1258 1258 1258 5185 1258 1258 5185 5185 1258 1258 1258 5185 5185 5185 1258 1258 1258 5133725 1031050 58325 1258 30634 5185 1258 1601 5185 5185 370 5185 5185 5185 5185 1258 95225 
49010 49010 49010 49010 102154 800005 800005 46085 1258 49010 654985 46085 1258 46085 4850 1258 49010 46085 4850 49010 49010 49010 49010 3197105 49010 46085 46085 1258 51077 1258 102154 49010 1258 49010 1258 49010 102154 49010 49010 49010 1258 49010 49010 1258 1258 49010 49010 46085 49010 46085 46085 46085 46085 49010 46085 1802 49010 3197105 49010 49010 49010 1258 46085 49010 468469 1258 49010 46085 4850 49010 24050 157625 49010 49010 46085 309137 1258 46085 49010 157625 49010 49010 46085 5497834 46085 46085 49010 49010 1258 49010 1258 46085 4850 157625 1258 49010 24050 46085 46085 49010 49010 1258 4850 46085 46085 49010 49010 24050 1258 1258 24050 49010 49010 49010 46085 49010 4850 46085 49010 1258 46085 1658885 157625 49010 46085 49010 157625 49010 49010 49010 1802 49010 1258 46085 49010 1258 49010 157625 46085 1258 800005 654985 10 4850 49010 1802 49010 49010 49010 1258 46085 49010 46085 46085 1258 49010 49010 49010 4850 10 51456325 49010 49010 49010 1258 49010 1258 1258 49010 4850 49010 49010 49010 157625 49010 46085 24050 46085 46085 102154 49010 1258 800005 1258 49010 24050 24050 49010 49010 49010 49010 1258 1258 46085 1258 24050 800005 1069085 49010 49010 1258 46085 46085 
46085 202 157625 202 8245 202 49010 8245 46085 8245 202 46085 202 8245 46085 202 77450 202 46085 46085 456977 202 46085 202 8245 505 8245 49010 71482858 101 8245 46085 157625 202 46085 202 46085 202 46085 46085 202 8245 46085 55114 46085 46085 8245 46085 46085 202 202 3838498 157625 24893570 8245 8245 8245 286565 46085 101 101 286565 202 202 808265 202 202 1244125 55114 120573010 8245 8245 286565 202 1332970 8245 286565 8245 49010 8245 202 202 202 202 8245 74 202 157625 46085 101 8245 46085 202 202 49010 8245 202 202 74 202 49010 74 101 1332970 202 202 202 46085 77450 46085 8245 286565 157625 1450 46085 202 8245 286565 240101 46085 46085 8245 8245 202 202 46085 49010 240101 32426089 202 55114 8245 202 202 49010 55114 202 46085 202 8245 55114 202 202 49010 202 202 202 46085 8245 202 202 1332970 286565 8245 101 46085 8245 46085 8245 202 8245 505 8245 46085 55114 1450 202 101 8245 505 202 5221450 8245 202 46085 46085 202 46085 49010 49010 202 202 101 8245 202 202 202 157625 8245 8245 202 49010 74 8245 202 8245 1336465 202 49010 202 505 202 8245 46085 286565 8245 8245 46085 286565 101 202 202 8245 202 202 46085 202 49010 157625 46085 8245 8245 28995829 202 36079625 202 49010 49010 46085 361010 101 202 505 12625202 505 46085 8245 46085 157625 101 49010 49010 286565 46085 55114 8245 157625 286565 8245 202 8245 46085 157625 505 202 8245 157625 8245 46085 202 46085 202 8245 202 1746485 157625 202 202 8245 49010 101 46085 46085 202 46085 101 49010 46085 46085 8245 8245 202 101 202 101 247810 286565 1746485 46085 8245 49010 49010 202 46085 49010 202 8245 69227434 8245 8245 101 101 46085 49010 8245 8245 46085 8245 309137 46085 46085 286565 202 8245 202 46085 8245 202 202 4977785 505 12666245 46085 101 286565 46085 46085 49010 46085 46085 46085 202 8245 101 8245 202 202 202 8245 202 46085 392005 49010 49010 101 46085 202 8245 46085 202 4904714 49010 202 8245 202 202 8245 49010 202 49010 202 49010 49010 157625 202 8245 46085 202 101 202 202 8245 202 46085 46085 202 157625 202 202 202 202 46085 49010 157625 1256785 202 8245 505 49010 46085 202 361010 286565 8245 8245 202 202 46085 202 240101 202 1332970 1736618 8245 49010 240101 202 8245 1332970 505 46085 46085 8245 202 101 46085 686450 202 202 157625 202 46085 202 46085 22858489 202 202 202 101 46085 46085 46085 8245 49010 49010 49010 46085 309137 202 46085 8245 8245 8245 8245 46085 8245 202 49010 8245 202 46085 309137 202 8245 46085 202 122434 101 202 21170 46085 286565 49010 505 247810 46085 51077 
45002 45002 45002 17 17 884425 17 9802 17 17 45002 17 17 89725 46085 89725 17 12325 89725 46085 45002 720002 17 46085 17 45002 46085 679225 12325 9802 464290 12325 10 17 9802 17 17 17 17 720002 9802 17 170 46085 17 12325 46085 720002 17 45002 17 17 17 46085 12325 720002 45002 679225 17 17 17 17 679225 17 1924925 261994 45002 12325 23343125 9802 17 12325 17 9802 17 17 12325 17 17 10 17 17 17 46085 17 10 46085 12325 89725 17 17 10 45002 45002 45002 17 9802 45002 45002 720002 45002 45002 3411385 679225 17 9802 45002 9802 46085 17 17 17 46085 17 45002 45002 720002 9802 17 89725 441010 45002 17 17 17 9802 9802 679225 261994 1133458 12325 261994 9802 17 12325 17 18434594 17 45002 17 17 17 17 45002 43658050 17 9802 45002 46085 17 17 679225 17 17 2106385 17 17 17 17 314146370 17 4850 46085 45002 9802 9802 24650 17 17 679225 45002 17 17 46085 9802 45002 12325 45002 45002 9802 415874 17 17 17 45002 46085 45002 9562517 46085 9802 45002 45002 17 17 17 9802 17 46085 17 441010 12325 17 12325 89725 17 17 17 12325 17 9802 45002 46085 679225 17 45002 9802 9802 17 17 45002 17 17 89725 17 12325 46085 9802 17 12325 170197625 89725 679225 884425 9802 89725 45002 2106385 45002 12325 17 46085 46085 17 17 17 17 17 46085 17 6356597 17 9802 12325 17 17 17 17 17 46085 45002 17 45002 10 679225 45002 1918450 9802 17 45002 45002 51077 17 17 16320250 17 9802 17 12325 12325 12325 17 17 10 17 17 17 9802 17 17 17 17 46085 17 2106385 17 720002 45002 17 17 45002 17 17 46085 17 10 89725 17 17 89725 17 17 12325 46085 464290 17 9802 679225 17 17 17 10 17 9802 46085 17 679225 17 17 17 12325 9802 17 9802 10 10 45002 10 45002 45002 17 17 9802 17 17 9802 45002 45002 45002 17 17 43658050 17 12325 1133458 17 720002 9802 6522730 679225 17 720002 720002 17 17 46085 17 17 679225 9802 17 17 17 7474 17 679225 46085 13686914 17 17 17 17 261994 17 720002 1918450 17 45002 17 17 17 17 1924925 17 46085 9802 12325 17 9802 2506325 9802 17 45002 45002 17 9168970 9802 46085 45002 170 17 9802 89725 45002 45002 12325 9802 9802 679225 7474 17 46085 17 45002 45002 679225 45002 45002 17 89725 679225 45002 17 45002 10 720002 17 17 17 17 17 17 9802 45002 45002 17 17 190450 1924925 46085 17 45002 17 89725 17 9802 679225 45002 4181834 17 679225 17 17 9802 17 17 45002 17 17 17 17 9802 9802 89725 10 17 17 45002 46085 17 12325 17 17 17 679225 17 17 17 9802 679225 46085 12325 45002 1472330 679225 17 12325 2106385 12325 884425 89725 45002 17 17 89725 17 9802 170 10 12325 17 17 17 17 17 17 45002 17 45002 17 17 17 170 17 7474 679225 17 9802 17 17 17 45002 12325 17 9802 12325 17 17 17 12325 17 17 720002 22638565 46085 17 45002 17 17 45002 17 45002 9802 10 1133458 45002 17 720002 17 17 45002 679225 17 12325 17 115202 45002 89725 9802 9802 17 
381925 45002 381925 17 14326325 5185 18316565 46085 46085 5185 679225 17 170 45002 17 46085 17 17 45002 5185 17 17 5185 17 17 45002 17 17 45002 6801665 9802 17 17 17 17 17 17 17 871202 17 46085 17 45002 17 45002 4631105 17 381925 46085 17 17 1047370 17 5185 720002 5185 45002 17 17 17 17 17 45002 17 5185 17 17 17 5185 17 5185 5185 17 45002 17 17 89725 17 17 17 45002 871202 17 46085 5185 46085 45002 17 18434594 679225 17 45002 45002 5185 720002 45002 5185 17 679225 17 5185 45002 17 17 17 17 871202 45002 17 17 17 170 17 5185 381925 17 17 17 17 17 45002 9802 871202 17 17 45002 17 17 170 45002 17 17 199714 17 46085 5185 882325 5185 17 45002 45002 51077 45002 5185 17170 17 17 441010 17 17 17 46085 5185 46085 5185 17 5185 9168970 17 17 45002 17 5185 679225 17 381925 17 5185 17 17 17 45002 17 17 17 17 17 17 17 679225 46085 45002 45002 720002 17 5185 5185 17 17 17 835250 17 17 17 5185 13972645 17 46085 45002 5185 45002 45002 45002 170 45002 46085 45002 17 17 17 5185 5185 17 95225 5185 679225 17 17 17 46085 17 95225 89725 17 17 720002 5185 170 17 17 17 45002 5185 43690 170 17 17 170 679225 5185 17 5185 9802 882325 1880650 46085 1880650 17 8005 5185 381925 17 1047370 17 17 46085 17 720002 17 17 17170 46085 45002 46085 17 17 45002 381925 882325 17 17 17 45002 261994 45002 5185 17 871202 17 835250 2101810 17 43690 17 17 12944650 17 17 5185 17 5185 5185 17 17 17 17 45002 12944650 959225 5185 43690 5185 5185 1880650 45002 720002 5185 381925 45002 17 720002 5185 115202 9802 5185 17 17 17 5185 45002 45002 17 5185 17 5185 5185 17 5185 5185 17 17 45002 5185 17 95225 381925 17 17 381925 5185 17 5185 17 679225 17 5185 170 17 17 5185 679225 17 8005 17 835250 5185 45002 17 46085 5185 17 679225 17 17 17 17 46085 5185 17 5185 17 5185 17 17 5185 720002 17 17 720002 46085 95225 45002 679225 17 45002 5185 882325 4631105 679225 17 381925 46085 17 17 17 5185 381925 45002 45002 45002 17 17 720002 189540650 5185 17 5185 170 17 17 17 46085 17 5185 46085 17 170 46085 17 17 45002 17 45002 170 5185 45002 17 5185 17 5185 871202 496010 17 17 17 17 17 381925 17 17 679225 5185 17 17 17 5185 17 679225 17 17 17 17 17 17 45002 5185 381925 381925 5185 45002 17 45002 17 5185 22141450 17 17 5185 5185 261994 46085 46085 46085 17 5185 17 9802 17 4416394 95225 45002 5185 720002 17 45002 45002 17 17 9802 17 17 5185 381925 5185 170 17 17 679225 5185 46085 5185 17 95225 679225 45002 5185 17 720002 45002 720002 17 5185 45002 17 5185 381925 835250 17 882325 5185 5185 45002 17 46085 17 5185 5185 45002 261994 17 17 17 5185 720002 5185 17 17 170 45002 17 720002 46085 46085 17 5185 5185 
1258 3737 1258 3737 49010 3737 3737 3737 3737 136085 3737 3737 3737 3737 8908402 24050 1258 1272385 1258 3737 1258 49010 3737 49010 3737 1258 3737 1258 49010 49010 136085 49010 3737 3737 3737 3737 3737 1258 3737 1258 3737 1258 3737 3737 3737 49010 6290 3737 1258 136085 1258 49010 49010 1258 1802 3737 24050 3737 3737 3737 1258 3737 1258 136085 24050 49010 3737 3737 1258 1258 3737 1258 468469 3737 49010 1258 3737 24050 24050 49010 49010 1258 1258 24050 1258 1258 49010 49010 24050 1258 2979925 1258 24050 49010 24050 1258 3737 1258 1258 3737 74 136085 3737 6290 49010 1258 1258 1258 1258 3737 1258 49010 3737 1258 3737 1258 3737 3737 49010 1258 6290 49010 1258 4850 49010 3737 3737 3737 4850 49010 1258 3737 1258 6290 686450 1258 27311077 1258 1258 6290 49010 49010 3737 3737 1258 3737 1258 3737 3737 3737 3737 3737 49010 24050 136085 3737 1258 1258 1258 136085 7850785 3737 1258 136085 3737 1258 1258 3737 3737 1258 49010 3737 1258 1258 24050 1802 2113145 49010 49010 3737 3737 1258 49010 41225 49010 4850 1258 136085 49010 24050 49010 1258 3737 4850 1258 1258 49010 3737 49010 49010 3737 10738730 3737 1272385 3737 3737 3737 49010 3737 107650 1258 136085 4850 49010 1258 49010 3737 6290 24050 2737802 5497834 1258 1258 1258 1258 1258 136085 1258 3737 136085 3197105 3737 49010 3737 1272385 24050 49010 7850785 3737 3737 3737 3737 1258 3737 2113145 1258 2113145 3737 24050 74 3737 3737 1258 107650 1258 136085 49010 49010 49010 1258 1258 1258 3737 3737 1258 1258 136085 1258 3737 49010 18727202 1258 1258 3737 3737 1258 1258 49010 49010 49010 136085 1258 49010 49010 3737 41225 3737 1258 1258 49010 25648325 49010 1258 49010 49010 136085 195365 3737 49010 1258 1258 1258 3737 3737 24050 3737 4850 10738730 49010 3737 3737 1258 49010 1258 1258 1258 2113145 1258 1258 3737 24050 3737 49010 3737 49010 1258 1258 7907125 49010 3737 3737 3737 3737 49010 49010 1258 1258 1258 1258 1258 3737 24050 24050 3737 1258 24050 3737 1258 3737 3197105 3737 3737 3737 49010 3737 1258 3737 3737 1258 3737 3737 136085 1258 136085 1258 339865 3737 77450 3737 3737 7850785 1258 49010 3737 49010 1258 1258 3737 1258 4850 1258 3737 3737 49010 55114 1258 24050 24050 49010 3737 3737 24050 49010 3737 3737 24050 1258 3737 3737 1258 55114 136085 49010 3737 3737 3737 49010 3737 3737 49010 3737 3737 1258 
1258 3737 25456925 49010 49010 1258 3737 2517770 1258 18685 1258 3145 18685 24050 24050 49010 18685 18685 1258 49010 13450 49010 3737 3737 18685 1258 18685 18685 3197105 3737 3737 1258 49010 3737 3145 1258 1658885 3737 3737 13450 3737 3737 49010 3145 13450 34 49010 49010 3737 49010 1258 1258 1258 1258 4850 18685 1258 1258 49010 1258 18685 820837 3737 1258 1258 1258 1258 49010 13450 1258 18685 1258 49010 1258 18685 1258 4850 3737 13450 1258 1258 1258 1258 1258 116650 1258 1258 49010 1258 3737 13450 1258 873970 19014425 1258 1258 1258 49010 3737 13450 1258 1258 49010 3737 49010 24050 3737 24050 3737 3737 1258 24050 49010 3737 1258 18685 3737 1258 3145 1258 3145 49010 3737 3737 24050 3145 820837 3737 1258 18685 1258 3737 49010 49010 1258 49010 18685 18685 18685 3737 49010 3737 24050 3737 49010 3737 24050 49010 3737 13450 3737 1258 1258 4850 24050 3737 3737 1258 3737 18685 3737 1258 1258 4850 3737 49010 4850 1258 13450 3737 13450 4850 3737 3737 13450 1258 24050 18685 18685 94248857 3737 18685 18685 1258 1258 3737 3737 1258 1258 3737 3737 3737 4850 18685 18685 3737 24050 49010 13450 3737 3737 1258 24050 24050 49010 1258 3737 1258 19018 18685 1258 1258 49010 1258 1258 49010 18685 27311077 1258 18685 3737 49010 18685 3737 13450 1258 3737 1258 49010 1258 24050 3197105 18685 3737 24050 463114 18685 24050 18685 13450 3737 1258 12021337 3737 4850 544970 3737 1258 1802 5657525 49010 3737 3737 18685 4850 49010 49010 18685 3197105 1258 1258 3737 1258 49010 3737 3737 3737 4850 3145 1802 145802 49010 1258 49010 24050 18685 1258 3145 182002 13450 3145 49010 1258 1258 1258 3737 1258 3145 18685 3737 18685 18685 1258 1258 49010 1258 49010 49010 18685 24050 49010 3737 18685 49010 3737 3737 3737 3737 3737 49010 18685 1802 18685 34 3737 18685 13450 1258 13450 13450 3737 49010 195365 3737 49010 49010 24050 49010 1258 49010 544970 3737 18685 1258 1258 3145 13450 1258 18685 18685 1258 1258 1258 49010 19018 1258 118474 1258 1258 18685 24050 3145 1258 54434 3737 24050 49010 1258 1258 1258 49010 18685 1258 3737 49010 1258 3737 49010 1258 24050 3737 49010 24050 13450 3737 4850 18685 1258 1258 19018 1258 18685 49010 1258 1258 1258 42807385 3737 13450 13450 1258 19018 1258 1258 49010 3737 1258 1258 3737 3737 1258 1258 49010 18685 1258 1258 1258 18685 1258 18685 1258 1258 1258 4850 49010 18685 1258 49010 12021337 1258 1258 49010 49010 18685 3737 13450 24050 19018 3737 1258 1258 1258 3737 1258 3737 3737 55950401 18685 1258 34 18685 3737 3737 3737 49010 1258 13450 24050 13450 18685 3145 24050 74 19018 18685 3737 49010 3737 3737 49010 3737 1258 3737 24050 49010 3737 
1601 1601 34 3925 1601 1601 3925 49010 1279625 3925 49010 1601 2679625 1601 3925 1601 25925 25925 272485 3925 1601 1601 49010 34 312505 1601 272485 3925 49010 10 49010 272485 34 3925 8005 1179397 1240025 3925 1279625 3925 3925 3925 5551114 3925 3925 1601 49010 49010 8005 3925 25925 1240025 25925 34 3925 1601 1279625 1601 3925 49010 1601 3925 272485 1601 312505 3925 25925 25925 49010 3925 272485 5551114 1179397 34 25925 8005 1179397 3925 1601 1179397 49010 510770 49010 312505 1601 25925 3925 3925 3925 1601 1601 103970 3925 3925 34 3925 3925 34 1601 3925 3925 272485 34 34 34 3925 3925 1601 8005 3925 25925 1601 103970 25925 49010 3925 3925 3925 1601 1601 3925 3925 3925 312505 1179397 8005 3925 49010 1601 103970 3925 272485 3925 25925 3925 3925 3925 8005 1601 272485 3925 1601 3925 612170 1601 1601 312505 49010 3925 312505 3925 3925 312505 34 3925 1601 312505 
485 62725 485 485 5365 5365 10370 10370 485 485 485 10370 485 10370 34 485 5365 485 10370 485 1331593 34 10370 34 485 485 485 485 485 5365 269125 34 8714 120250 485 5365 485 120250 10370 485 485 485 10370 10370 485 269125 485 485 485 34 5365 485 485 10370 5365 34 485 10370 485 1331593 34 514 5365 34 10370 10370 10370 485 120250 10370 18434 77128202 514 501265 62725 485 34 485 514 485 34 485 34 34 2125765 10370 181337 1685450 10370 485 10370 485 62725 485 485 485 10370 485 181337 10370 10370 485 10370 5365 485 34 34 34 485 5365 485 485 34 485 10370 10370 485 34 10370 485 34 485 10370 1665074 1116050 485 485 485 485 485 485 485 485 34 2125765 34 485 10370 485 34 501265 181337 181337 485 34 34 10370 34 10370 290450 485 62725 485 485 485 10370 485 1685450 485 485 1331593 34 34 485 485 10370 485 5365 34 485 485 62725 34 485 10370 10370 485 485 10370 485 120250 10370 485 485 181337 1331593 2570 485 34 34 485 269125 181337 34 10370 10370 485 269125 485 1180985 485 34 485 10575505 1665074 485 485 10370 485 485 18434 485 485 485 485 181337 485 485 485 34 485 485 34 10370 5365 1685450 34 485 485 485 1685450 501265 1685450 10370 10370 485 2125765 34 501265 485 485 34 485 485 10370 34 10370 485 269125 485 485 485 181337 2570 34 34 485 241022545 34 485 485 10370 485 10370 5365 485 485 485 10370 2570 485 485 10370 34 10370 485 5365 485 485 485 485 485 485 10370 34 485 485 485 1116050 485 1685450 485 485 34 485 34 10370 485 485 485 16581185 10370 485 34 485 34 485 485 485 485 34 34 34 485 120250 485 485 514 501265 485 485 10370 34 485 5197090 485 34 12970 34 514 485 485 34 10370 5365 10370 10370 485 485 1685450 34 10370 10370 13577365 485 485 34 485 485 34 10370 10370 485 10370 485 485 34 10370 34 485 120250 1331593 34 10370 485 
485 485 1450 170 1010 485 485 485 485 485 485 2125765 170 10370 170 485 485 485 485 485 170 10370 170 206890 14257802 170 485 10370 485 4930 170 1128970 485 170 10370 170 485 485 170 485 485 170 170 170 170 485 181337 1116050 34 485 485 10370 485 485 170 170 10370 10370 485 485 485 485 170 485 485 1018145 10370 485 501265 170 170 10370 485 181337 120250 485 10370 170 170 485 170 170 485 10370 34 485 170 170 485 10370 485 485 120250 485 170 485 170 170 10370 112370 485 485 170 181337 485 485 485 10370 485 34 485 485 170 170 170 485 10370 10370 485 485 10370 463114 485 485 120250 485 34 2125765 170 727402 485 485 485 170 170 485 485 485 485 170 170 10370 485 485 2020202 485 485 170 485 10370 10370 485 501265 485 34 485 485 170 485 170 34 2125765 485 170 485 485 485 10370 485 485 34 485 170 485 485 170 427673957 170 485 170 485 170 485 485 485 170 485 485 10370 170 485 485 10370 170 485 170 485 485 170 485 10370 10370 485 4162685 485 170 485 170 170 485 170 485 10370 10370 485 10370 10370 485 170 10370 463114 485 170 485 485 34 485 485 34 485 485 120250 485 170 485 10370 485 181337 120250 727402 206890 485 10370 67579525 170 10370 34 485 485 485 112370 10370 485 485 485 485 10370 485 170 170 485 10370 10370 485 170 485 170 120250 485 170 485 485 170 485 10370 485 120250 485 10370 485 485 102154 485 485 170 485 485 485 10370 170 170 34 485 485 170 485 485 485 170 170 10370 501265 485 501265 485 120250 485 485 10370 485 1116050 485 485 485 485 485 170 170 4162685 485 58982401 10370 10370 485 485 485 485 485 485 485 2125765 485 170 1018145 485 10370 1450 485 170 485 10370 170 10370 170 485 10370 485 485 485 485 485 485 170 485 10370 34 170 485 485 485 10370 170 485 485 10370 485 485 290450 485 485 485 10370 485 1450 485 170 485 485 170 485 485 485 485 485 485 112370 485 485 485 10370 485 485 1018145 485 10370 485 10370 485 485 485 485 485 485 485 485 170 170 10370 10370 485 10370 485 485 485 34 485 181337 485 485 1450 34 170 10370 10370 170 170 10370 170 485 170 14684225 501265 170 10370 485 120250 170 1450 34 10370 485 485 170 485 10370 10370 10370 170 485 10370 10370 485 485 485 485 4930 53280037 501265 485 10370 181337 10370 10370 485 4162685 510770 
485 485 485 485 3530 1331593 485 34 2036290 654985 34 3530 3530 1331593 5 485 3530 34 485 3530 34 34 485 3530 34 485 4189225 485 34 485 485 485 3530 485 485 3530 485 34 34 485 5991050 485 62725 34 3530 34 3530 34 3530 62725 485 34 485 34 3530 485 485 5365 485 3530 269125 3530 485 3530 3530 5 4814825 34 34 485 3530 485 2570 3530 34 1331593 485 4189225 485 6472325 3530 3530 19018 3530 485 485 5365 3530 3530 3530 34 3530 485 62725 485 3530 34 269125 3530 3530 12513625 62725 241022545 5365 485 34 34 485 3530 5365 485 4850 34 34 485 485 485 5365 77145925 34 34 485 3530 34 485 485 34 3530 3530 34 77128202 3530 3530 5365 34 485 3530 3530 485 3530 3530 3530 485 485 34 3530 485 485 485 3530 3530 34 485 3959705 5365 3530 19018 3530 148138 34 987530 485 34 485 4284085 485 34 485 3530 3530 34 485 4356010 485 485 34 485 485 3638050 485 3530 3638050 62725 3530 485 3530 34 34 485 3530 1331593 34 34 34 3530 269125 485 3530 3530 21257650 485 485 34 2570 34 34 1685450 5766410 34 5365 485 485 485 485 3530 34 77145925 485 65918450 485 485 34 4850 34 485 485 1665074 34 34 485 485 3530 485 1331593 485 485 3530 485 6492725 3530 1331593 485 148138 485 485 5365 5365 62725 34 34 1331593 172872005 3530 5991050 3530 62725 485 485 485 3530 3530 485 1685450 485 34 3530 485 5365 485 3530 3530 485 3530 3530 485 485 485 3530 34 3530 3530 485 3530 3530 3530 3530 485 34 34 3530 485 3530 485 485 3530 485 3530 5 5365 34 485 485 77145925 1685450 19018 4850 34 3530 485 2570 3530 3530 987530 485 10575505 485 485 485 3530 34 485 485 485 3530 3530 485 485 3530 34 34 62725 485 4850 34 34 3530 5 3530 3530 485 34 485 5365 34 3959705 34 485 21257650 485 34 485 34 3530 485 34 485 485 485 34 62725 485 485 485 485 3530 19018 5365 3530 485 5766410 3530 3530 62725 34 34 34 3530 5365 3530 485 485 3530 
286565 1018145 456977 8245 202 8245 8245 202 1332970 202 456977 785 8245 190450 8245 101 202 202 8245 202 8245 202 202 1450 202 8245 101 202 8245 101 101 74 8245 456977 202 101 8245 8245 202 101 785 202 8245 156658 77450 101 456977 8245 202 8245 101 456977 202 202 101 240101 286565 240101 202 202 202 8245 8245 202 101 202 202 456977 8245 202 456977 190450 286565 202 456977 101 202 2672930 202 456977 101 456977 286565 8245 202 101 8245 202 202 8245 202 202 101 8245 8245 202 101 101 8245 202 202 202 202 202 8245 202 1332970 8245 101 101 202 202 190450 101 202 202 8245 8245 456977 233356177 202 286565 202 202 456977 202 202 101 8245 202 202 202 101 8245 202 1332970 202 101 8245 202 202 101 8245 456977 8245 8245 202 101 101 202 1332970 202 456977 101 8245 202 8245 101 101 202 199714 77450 8245 202 202 202 202 101 101 202 202 101 101 8245 8245 8245 101 101 202 8245 240101 202 8245 202 202 202 101 22337930 2672930 202 202 8245 202 8245 286565 202 202 202 8245 101 8245 202 286565 1018145 8245 785 74 202 145225 8245 101 240101 101 202 361010 286565 240101 202 202 202 202 202 202 286565 8245 202 
74 202 101 8245 8245 202 202 74 74 202 74 101 101 456977 101 202 202 74 101 202 101 101 8245 101 101 202 74 101 74 74 74 74 74 202 202 74 101 2465 8245 74 74 202 74 202 286565 202 190450 8245 101 74 10730 145225 456977 101 202 8245 74 74 8245 202 101 202 8245 74 74 202 8245 101 101 456977 74 202 101 1332970 101 202 202 202 8245 202 202 202 4369 190450 74 456977 8245 8245 202 286565 74 101 202 202 202 1332970 202 1717 74 74 8245 101 74 74 74 202 101 74 101 202 74 21353657 74 8245 202 202 8245 21353657 8245 126085529 74 8245 74 202 202 202 74 1018145 202 202 74 286565 1450 202 202 286565 456977 202 286565 202 202 202 456977 74 74 202 74 1332970 8245 101 74 202 74 74 202 202 202 101 74 8245 74 456977 101 202 74 101 74 8245 101 202 74 74 101 101 74 190450 10730 101 101 74 202 8245 74 202 202 101 190450 101 74 202 456977 202 74 286565 101 60092825 202 8245 8245 190450 74 12923530 101 785 101 202 456977 202 8245 101 456977 202 101 74 101 38725 74 202 202 202 202 202 456977 202 74 202 392005 202 456977 202 101 8245 202 202 74 101 190450 8245 202 202 363701 101 202 202 8245 74 74 74 202 202 202 456977 202 101 74 286565 74 456977 101 74 202 8245 202 8245 202 202 202 74 202 101 202 202 101 456977 1018145 74 1332970 8245 202 202 202 74 8245 101 8245 12923530 202 202 74 74 101 74 8245 74 74 8245 202 2724850 202 12923530 202 74 202 74 8245 286565 286565 74 1018145 202 8245 74 8245 101 101 74 8245 74 202 74 74 202 202 74 8245 31754 202 74 202 202 74 1450 74 1332970 202 19412402 101 101 202 10730 74 202 74 8245 101 101 74 8245 8245 74 202 1332970 202 202 202 101 1018145 74 101 74 202 8245 101 456977 286565 74 202 202 8245 74 202 101 101 8245 8245 202 8245 808265 74 101 202 1332970 202 202 74 101 74 8245 286565 190450 202 202 202 101 74 363701 202 201144025 202 101 202 101 202 101 8245 202 74 202 74 74 202 8245 202 202 8245 202 202 74 202 4052425 8245 202 101 101 202 370 101 456977 74 202 101 8245 286565 202 190450 202 74 8245 456977 202 101 74 74 101 8245 202 202 101 74 8245 286565 286565 101 74 74 202 74 8245 101 202 74 101 1332970 202 1450 101 8245 202 74 202 74 74 101 202 74 74 74 202 202 101 101 74 202 202 202 74 101 74 202 370 202 101 202 101 101 202 8245 101 101 202 101 101 74 101 74 101 74 8245 202 74 74 1332970 8245 101 74 8245 363701 202 8245 101 202 74 202 101 31754 8245 74 101 202 74 101 74 363701 
10370 485 485 188065 485 10370 485 10370 1685450 6283925 1227434 10370 27217 10370 485 538645 514 485 485 27217 10370 10370 62725 485 15079850 27217 10370 514 188065 485 10370 485 485 10370 10370 1685450 188065 501265 27217 10370 4162685 10370 10370 10370 485 1227434 1116050 10370 10370 485 10370 10370 485 2125765 2125765 485 10370 485 10370 188065 27217 485 27217 27217 10370 485 485 120250 10370 1685450 485 485 485 1685450 269125 10370 485 10370 501265 188065 485 188065 10370 10370 10370 10370 501265 188065 485 485 514 1116050 485 485 2125765 485 485 10575505 4357 485 10370 4356010 181337 27217 10370 2125765 5140514 10370 27217 485 485 1685450 10370 485 120250 501265 501265 27217 485 485 485 485 62725 1227434 1685450 1685450 485 485 10370 181337 485 120250 485 485 10370 501265 10370 188065 10370 485 10370 10370 10370 188065 485 10370 10370 188065 485 485 10370 10370 485 10370 27217 2876417 485 485 1227434 1227434 10370 10370 5618005 501265 27217 27217 10370 485 2125765 10370 10370 10370 485 2281250 485 485 485 10370 485 485 485 10370 485 10370 27217 10370 485 485 10370 2125765 485 10370 485 10370 27217 485 485 10370 10370 485 485 10370 485 10370 10370 10370 30208825 2876417 10370 485 10370 27217 485 2281250 10370 10370 10370 1685450 485 10370 485 16581185 188065 10370 10370 1685450 10370 10370 485 10370 10370 10370 10370 485 485 27217 2281250 188065 188065 485 10370 485 10370 10370 120250 10370 485 485 10370 485 485 27217 485 10370 1227434 485 5618005 485 10370 1227434 10370 27217 10375417 10370 10370 2125765 485 485 485 485 485 10370 181337 485 27217 120250 10370 10370 2876417 10370 120250 1685450 485 10370 10370 10370 10370 485 4357 485 485 10370 10370 352802 10370 10370 27217 2876417 1685450 188065 58982401 485 10370 485 485 485 10370 10370 501265 27217 10370 2876417 10370 485 485 485 485 485 10370 485 485 10370 188065 4357 485 2876417 181337 188065 2125765 181337 181337 1116050 10370 10370 27217 27217 10370 10370 27217 10370 564485 10370 27217 10370 10370 10370 485 10370 485 501265 10370 10370 14257802 485 27217 10370 10370 10370 10370 1227434 485 27217 10370 485 10370 485 485 10370 10370 27217 10370 485 485 2125765 181337 10370 10370 120250 485 10370 27217 352802 10370 120250 485 4357 10370 485 1116050 10370 485 10370 10370 290450 5618005 485 10370 10370 269125 10370 485 10370 2125765 538645 10370 485 485 485 181337 10370 
10405 29045 10405 10405 29045 29045 72901 29045 10405 72901 10405 10405 29045 10405 29045 10405 29045 29045 3737 10405 10405 29045 459850 29045 10405 10405 273205 10405 15317 15317 10405 29045 72901 10405 463114 463114 10405 170 10405 29045 29045 104050 29045 110245 29045 29045 169010 10405 10405 15317 10405 3396125 29045 29045 29045 29045 714425 29045 10405 10405 29045 29045 10405 29045 16548650 29045 72901 29045 10405 29045 29045 72901 21159125 29045 10405 72901 29045 72901 459850 170 29045 10405 29045 72901 10405 29045 29045 29045 29045 10405 110245 10405 29045 10405 10405 29045 463114 29045 10405 15317 15317 29045 463114 459850 10405 10405 29045 170 72901 459850 8328997 29045 10405 3925 459850 29045 29045 29045 29045 10405 10405 10405 29045 10405 29045 29045 10405 10405 10405 10405 72901 120250 10405 10405 29045 4755530 29045 10405 10405 29045 15317 29045 10405 29045 72901 10405 10370 10405 29045 29045 15317 10405 10405 29045 10405 29045 10405 29045 10405 463114 10405 72901 10405 29045 10405 29045 72901 10405 29045 29045 29045 10405 72901 10405 72901 170 10405 29045 29045 10405 29045 72901 29045 72901 29045 10405 72901 10405 29045 3925 10405 10405 10405 15317 10405 15317 459850 10405 10405 15317 29045 10405 110245 10405 10405 29045 4584485 29045 72901 10405 10405 4850 10405 10405 29045 72901 29045 29045 1813370 10405 29045 29045 10405 463114 3925 72901 10405 10405 170 29045 72901 29045 29045 72901 170 72901 29045 10405 72901 102154 273205 29045 29045 15317 29045 170 10405 459850 3925 10405 10405 10405 29045 10405 29045 459850 10405 29045 10405 10405 29045 15317 29045 13877785 15317 248965 29045 463114 110245 10405 10405 10405 714425 10405 29045 10405 29045 10405 463114 15317 29045 10405 3250 176290 170 29045 29045 10405 10405 10405 29045 4850 110245 29045 10405 110245 714425 72901 29045 72901 104050 1101130 29045 10405 10405 29045 29045 104050 29045 72901 29045 10405 110245 391293685 10405 29045 10405 72901 10405 72901 72901 15317 29045 10405 10405 72901 72901 463114 29045 463114 3925 110245 72901 29045 29045 10405 10405 10405 120250 10405 273205 10405 29045 72901 72901 29045 29045 10405 3925 15317 29045 10405 72901 29045 29045 29045 15317 459850 29045 10405 10405 10405 29045 170 110245 72901 463114 51914 29045 102154 10405 10405 29045 29045 29045 10405 29045 29045 29045 176290 10405 10405 72901 15317 10405 15317 31651178 29045 10405 459850 72901 72901 10405 10405 10405 98000002 29045 10405 15317 29045 29045 10405 29045 10405 72901 463114 72901 10405 29045 10405 29045 15317 29045 72901 29045 3925 29045 10405 29045 463114 72901 29045 29045 29045 10370 10405 10405 29045 29045 459850 110245 10405 463114 72901 29045 10405 10405 10405 29045 3925 29045 72901 72901 29045 72901 72901 10405 29045 29045 10405 29045 463114 170 29045 29045 10405 29045 29045 29045 10405 29045 170 15317 15317 29045 10405 29045 4584485 29045 10405 29045 170 176290 10405 273205 10405 15317 170 29045 10405 29045 10405 4850 29045 10405 15317 29045 10405 10405 29045 29045 72901 29045 29045 459850 10405 72901 72901 102154 
29045 85 36101 29045 29045 465125 465125 85 36101 85 465125 85 85 72901 465125 85 72901 19018 85 85 72901 202 29045 85 85 465125 85 85 202 29045 85 85 29045 85 5008645 36101 36101 85 29045 85 85 85 36101 85 65650 36101 85 85 465125 85 85 1339570 36101 29045 465125 465125 29045 29045 8825 170 72901 72901 85 465125 465125 85 29045 465125 85 465125 85 85 465125 72901 85 18218050 85 85 85 72901 465125 85 85 695185 465125 17945 29045 85 465125 72901 72901 85 85 85 36101 85 29045 72901 85 36101 3849850 85 85 695185 72901 239434 1058005 36101 85 170 5 36101 85 29045 85 29045 72901 85 72901 29045 17945 239434 36101 85 170 85 85 85 29575325 36101 36101 85 5 85 85 85 85 85 85 85 29045 36101 2513570 5 17945 239434 4460545 17945 10582925 85 170 72901 72901 85 10730 29045 36101 72901 7086245 85 36101 19018 239434 29045 465125 2513570 85 85 29045 85 5 85 5 465125 85 5 19018 10730 72901 85 465125 85 85 85 36101 36101 36101 85 19018 465125 36101 85 36101 19018 29045 36101 170 202 1058005 36101 465125 85 85 72901 2036290 6394645 29045 17945 29045 5 85 29045 85 72901 72901 36101 202 465125 85 85 36101 36101 5 36101 85 85 85 29045 85 36101 36101 85 85 36101 85 85 85 29045 85 85 184325 85 36101 29045 17945 239434 85 85 85 85 72901 85 85 29045 2036290 85 85 36101 85 36101 85 3530 72901 72901 85 85 85 36101 72901 5 85 695185 72901 72901 465125 85 72901 29045 85 85 29045 85 19018 85 17945 465125 36101 36101 72901 10405 465125 465125 17945 36101 5 465125 239434 29045 1267234 85 29045 85 29045 85 2657525 36101 36101 
4850 72901 29045 72901 10405 29045 29045 72901 170 29045 29045 29045 72901 10405 29045 29045 72901 29045 29045 29045 72901 72901 29045 29045 72901 29045 273205 29045 10405 29045 72901 29045 4251845 110245 300050 72901 463114 72901 72901 10405 72901 29045 9553450 3723850 29045 179450 463114 29045 29045 29045 72901 110245 72901 459850 72901 10405 29045 72901 170 29045 29045 463114 10405 463114 72901 72901 29045 72901 29045 10405 459850 72901 29045 463114 29045 29045 463114 10405 72901 10405 72901 273205 29045 29045 72901 4850 72901 72901 72901 72901 170 10405 10405 29045 29045 72901 72901 29045 29045 72901 72901 29045 72901 72901 8738 10405 72901 29045 29045 10405 72901 29045 72901 459850 10405 459850 3737 10405 29045 459850 72901 3737 29045 29045 72901 29045 72901 72901 72901 29045 72901 459850 72901 29045 72901 72901 29045 72901 29045 117219145 72901 29045 72901 72901 29045 110245 273205 72901 29045 10405 110245 72901 72901 72901 10405 72901 10405 29045 72901 72901 29045 29045 170 463114 10405 72901 10405 72901 2185625 29045 110245 29045 29045 72901 29045 1174898 29045 29045 170 10405 29045 72901 463114 3925 463114 72901 10405 29045 29045 29045 110245 463114 29045 72901 29045 29045 72901 29045 273205 72901 72901 29045 29045 72901 29045 72901 29045 29045 29045 72901 72901 3737 29045 459850 29045 72901 29045 29045 29045 10405 51914 29045 10405 29045 29045 72901 29045 72901 29045 72901 2185625 10405 72901 29045 10405 29045 29045 10405 110245 4755530 72901 459850 72901 72901 3925 72901 29045 29045 72901 10405 463114 29045 29045 12023845 72901 110245 72901 170 10405 72901 29045 29045 459850 72901 29045 459850 72901 72901 29045 10405 10405 3925 29045 72901 29045 29045 29045 72901 29045 29045 3737 29045 29045 110245 29045 29045 29045 72901 29045 29045 3925 463114 12023845 10405 29045 72901 110245 72901 29045 72901 72901 72901 72901 72901 463114 51914 29045 29045 10405 29045 29045 29045 29045 29045 29045 72901 72901 29045 29045 459850 110245 29045 29045 29045 29045 29045 10405 29045 170 72901 10405 72901 1174898 29045 29045 29045 29045 72901 110245 29045 463114 72901 463114 29045 3737 110245 10405 1919249 1919249 72901 72901 72901 29045 
10405 10405 10405 4369 239434 10405 239434 10405 15317 10405 239434 10405 970 15317 10405 102154 10405 10405 239434 10405 6290 4369 102154 459850 4369 10405 3197105 4369 10405 15317 15317 239434 10405 10405 10405 15317 15317 29045 4369 4369 72901 239434 10405 187274 29045 4369 10405 10405 10405 72901 72901 12023845 72901 10405 10405 459850 15317 15317 10405 10405 72901 1116050 15317 4369 4369 4369 29045 10405 29045 126594410 4369 10405 10405 1066325 4369 3576050 4369 29045 4369 239434 10405 464290 239434 239434 10405 10405 72901 15317 10405 10405 459850 12023845 10405 72901 4369 29045 15317 10405 4369 15317 10405 970 102154 29045 4369 15317 15317 10405 464290 31651178 3925 10405 102154 239434 6290 72901 10370 72901 15317 10405 10405 4369 10405 4369 15317 10405 102154 29045 10405 10405 15317 10405 10405 15317 10405 4369 4369 10405 184901 10405 10405 29045 4369 10405 10405 4369 4369 10405 4369 4369 15317 29045 10405 29045 72901 10405 10405 15317 10405 4369 10405 29045 15317 10405 10405 72901 10405 5326865 459850 4369 4369 10405 459850 10405 4369 10405 8328997 10405 10405 464290 15317 4369 3925 15317 10405 4369 10405 4369 10405 10405 3197105 10405 239434 4369 72901 10405 72901 29045 72901 29045 15317 10405 10405 10405 8304517 72901 4369 6290 4369 10405 3207154 239434 4369 15317 15317 29045 15317 10405 4369 10405 4369 8738 184901 10405 29045 10405 10405 10405 104050 102154 15317 15317 10405 72901 4369 121685 15317 4369 486725 4369 29045 10405 4369 10405 10405 15317 276770 15317 4369 4369 10405 4369 15317 464290 10405 4369 10405 10405 15317 239434 15317 8304517 10405 29045 15317 15317 72901 459850 10405 4369 15317 970 15317 72901 3925 4369 72901 4369 15317 15317 4369 714425 15317 10405 10405 29045 15317 276770 10405 459850 10405 4369 714425 10405 10405 4369 10405 10405 10405 72901 10405 10405 4369 4369 10405 239434 10405 15317 239434 239434 15317 4369 10405 72901 459850 15317 4369 10405 10405 6290 72901 10405 72901 10405 459850 10405 4369 239434 4369 4369 15317 276770 294297925 4369 15317 4369 10405 15317 6290 10405 15317 10405 4369 29045 4369 4369 239434 29045 276770 184901 10405 10405 15317 4369 10405 10405 6290 29045 10405 4369 276770 4369 72901 239434 15317 15317 10405 239434 184901 10405 15317 72901 10405 4369 10405 6290 10405 15317 29045 10405 72901 459850 10405 29045 239434 15317 10405 4369 4369 1624505 15317 10405 10405 3207154 10405 10405 6290 15317 10405 10405 6544745 29045 10405 72901 67535525 239434 10405 10405 10405 239434 10405 10405 4369 10405 10405 15317 10405 10405 6290 10405 10405 102154 10405 4369 
4369 4369 720002 4369 459850 459850 4369 10405 679225 10405 72901 10405 10405 29045 72901 4369 15317 72901 10405 10405 4369 10405 10405 72901 10405 15317 720002 15317 15317 15317 10405 10405 4369 10405 10405 459850 10405 4369 4369 10405 4369 10405 10405 102154 72901 720002 8738 239434 10405 10405 10405 4369 29045 4369 10405 1624505 10405 10405 15317 459850 4369 10405 720002 29045 10405 10405 4369 10405 4369 15317 4369 10405 10405 15317 4369 15317 29045 10405 10405 10405 10405 276770 10405 72901 10405 276770 10405 4369 3197105 10405 4369 720002 4369 15317 15317 170 15317 10405 10405 720002 72901 72901 15317 459850 10405 4369 10405 459850 459850 10405 10405 9168970 9168970 3249010 10405 4369 15317 15317 10405 4369 4369 4369 10405 20848357 4369 72901 102154 10405 10405 10405 720002 15317 239434 459850 459850 10405 72901 29045 4369 10405 4369 72901 679225 15317 15317 10405 3597217 10405 10405 4369 10405 15317 10405 15317 10405 10405 72901 10405 4369 276770 459850 15317 4369 4369 276770 10405 10405 10405 10405 10405 72901 10405 15317 31651178 29045 10405 10405 72901 720002 261994 4369 10405 15317 10405 10405 15317 15317 15317 10405 15317 10405 459850 29045 15317 29045 4369 15317 679225 4369 10405 10405 10405 10405 10405 10405 10405 10405 10405 10405 121685 276770 10405 10405 15317 15317 15317 4369 10405 10405 4369 104050 102154 29045 72901 10405 29045 10405 714425 10405 4369 10405 10405 679225 4369 10405 10405 10405 15317 72901 10405 4369 10405 10405 72901 10405 459850 10405 102154 679225 29045 4369 10405 29045 4369 10405 4369 261994 720002 29045 10405 15317 10405 4369 10405 4369 10405 15317 10405 10405 72901 10405 102154 10405 15317 10405 10405 10405 10405 10405 15317 15317 459850 29045 72901 679225 10405 10405 29045 72901 192598885 459850 459850 15317 679225 10405 10405 4369 261994 102154 72901 10405 4369 10405 4369 10405 4369 10405 15317 10405 10405 10405 15317 3925 4369 10405 4369 10370 10405 15317 10405 4369 4369 276770 714425 10405 720002 10405 10405 714425 10405 10405 29045 15317 4369 15317 3197105 10405 10405 10405 15317 15317 29045 15317 4369 2700490 170 459850 10405 15317 261994 121685 4369 261994 4369 10405 72901 4369 10405 15317 10405 15317 184901 10405 15317 4369 10405 10405 15317 720002 15317 10405 15317 15317 
10405 29045 4369 15317 29045 10405 5185 10405 10405 10405 10405 29045 381925 29045 714425 15317 15317 15317 10405 89725 29045 381925 23188085 10405 15317 10405 10405 10405 95225 15317 12023845 3207154 72901 4369 381925 882325 835250 10405 10405 10405 10405 10405 10405 10405 4369 10405 10405 10405 10405 95225 381925 199714 15317 339877525 10405 10405 10405 10405 10405 10405 89725 10405 10405 29045 10405 5185 10405 10405 4369 72901 10405 10405 10405 10405 15317 10405 10405 10405 381925 170 29045 15317 72901 459850 273205 72901 10405 10405 15317 15317 10405 72901 10405 835250 10405 10405 5185 10405 10405 381925 381925 5185 459850 72901 10405 29045 10405 10405 72901 10405 10405 29045 714425 29045 10405 10405 10405 10405 104050 4369 714425 29045 882325 381925 10405 72901 15317 10405 10405 381925 10405 170 72901 5185 15317 5185 10405 10405 15317 734474 10405 102154 381925 95225 5185 882325 4369 121685 95225 835250 10405 10405 10405 10405 714425 15317 382058 10405 10405 15317 10405 10405 15317 15317 15317 15317 10405 15317 10405 714425 10405 10405 882325 10405 10405 10405 3197105 21756985 72901 381925 381925 95225 72901 459850 72901 5185 5185 4369 10405 24890125 10405 10405 10405 29045 4369 10405 10405 459850 5185 10405 10405 29045 10405 10405 10405 72901 72901 835250 29045 10405 714425 95225 4369 4369 5185 835250 72901 121685 882325 10405 15317 10405 10405 5185 170 10405 459850 10405 15317 72901 10405 15317 10405 3925 381925 10405 10405 72901 3925 381925 10405 835250 381925 15317 381925 459850 10405 10405 381925 10405 72901 10405 4631105 10405 10405 15317 459850 5185 10405 15317 10405 10405 12023845 10405 15317 15317 95225 459850 5185 4369 10405 5185 381925 882325 4369 10405 29045 72901 10405 10405 5185 29045 10405 72901 15317 10405 95225 10405 3925 882325 4369 882325 15317 72901 95225 15317 10405 10405 835250 5185 15317 15317 10405 3925 10405 21159125 10405 10405 10405 10405 459850 459850 15317 10405 5185 10405 170 835250 10405 15317 29045 29045 10405 29045 121685 1866250 10405 10405 459850 10405 95225 10405 10405 10405 10405 29045 15317 29045 10405 5185 10405 29045 72901 882325 10405 104050 10405 10405 72901 5185 10405 72901 15317 10405 102154 459850 15317 3925 10405 72901 10405 10405 10405 10405 5185 15317 15317 10405 15317 381925 10405 10405 15317 52816985 381925 10405 15317 882325 15317 72901 10405 10405 10405 10405 31836325 1170325 3925 5867090 5185 10405 29045 10405 29045 2559265 10405 459850 10405 89725 10405 10405 10405 5185 835250 170 10405 10405 
2113145 3737 3737 10405 10405 6290 72901 136085 1258 273205 10405 2113145 10405 6290 2594 72901 29045 10405 3737 1258 10405 10405 10405 184901 3737 3737 3737 29045 29045 10405 136085 3737 10405 10405 10405 10405 3737 3925 10405 3737 1258 29045 3737 3737 10405 72901 10405 10405 10405 3737 3737 6290 29045 3737 3925 1258 2594 3737 10405 3737 7850785 3925 29045 10405 10405 1258 10405 136085 3737 10405 10405 3737 3737 2594 25648325 3737 10405 10405 3737 136085 1258 10405 3737 3737 3737 136085 72901 3737 3737 10405 10405 3737 10405 3737 1258 3737 10405 1258 10405 29045 10405 3737 3737 10405 3737 6290 29045 55114 2979925 72901 10405 3737 10405 136085 3737 10405 10405 3737 3737 468469 3737 3737 10405 136085 10405 10405 10405 3737 3737 10405 6290 3737 10405 10730 177472802 10405 10405 220505 3737 10405 3737 3737 3737 10405 184901 72901 3737 3737 10405 24050 10405 10405 25648325 10405 29045 3737 10405 10405 136085 10405 3737 1258 136085 3737 72901 2113145 136085 12021337 1258 136085 3737 3737 10405 136085 29045 10405 10405 3737 6290 3737 3737 10405 10405 3737 184901 3737 3737 3737 2113145 7850785 10405 3737 3737 10405 3737 3737 10405 3737 3737 10405 3737 3737 3737 3737 686450 3737 
170 170 170 170 170 170 170 170 170 170 170 170 170 170 170 170 170 170 170 170 170 170 1632025 170 170 170 59170 170 61217 170 61217 170 170 170 170 112370 170 170 170 170 170 170017 170 170 170 170 170 3745450 170 170 170 170 170 170 170 61217 122434 170 170 170 170 170 170 170 170 170 170 170 170 170 170 170 170 112370 170 170 170 170 170 61217 170 1050905 170 170 170 170017 170 170 170 170 170 170 3030505 170 170 170 1050905 170 11289601 170 170 170 170 170 170 170 170 170 170 170 170 61217 26810645 170 8140885 170 170 170 170 170 170 170 170 61217 170 170 3745450 170 170 170 170 170 61217 170 170 170 170017 170 170 61217 170 170 170 170 170 1601 170 170 170 170 170 170 170 170 170 170 11289601 170 170 170 170 170 170 170 170 170 170 170 170 170 170 170 170 170 170 170 170 170 170 170 170 36942085 170 170 122434 170 170 170 170 170 170 170 170 170 61217 170 170 170 170 170 170 170 170 170 61217 1050905 170 170 170 170 170 170 170 170 170 170 170 170 122434 170 170 40269125 61217 170 170 170 170 170 170 170 170 170 170 170 170 170 170 170 170 59170 170 170 170 170 1812445 170 170 170 170 170 170 170 170 170 170 170 170 170 170 170 170 170 170 1050905 170 170 170 170 170 170 170 170 170 170 170 170017 170 170 61217 170 170 170017 170 170 61217 206890 170 170 61505617 170 170 170 170 170 170 170 170 170 170 55114 170 170 1812445 122434 170 4488010 170 170 170 170 170 170 170 170 122434 170 170 170 55114 170 170 170 170 170 170 170 170 170 170 170 170 170 55114 170 61217 170 170 112370 170 170 170 170 170 170 170 170 1050905 170 170 170 170 170 31248101 170 122434 170 170 26810645 170 170 170 170 170017 170 11289601 170 170 170 170 170 170 170 170 170 170 170 11289601 170 170 170 170 170 170 170 122434 170 170 170 170 170 170 170 170 35980874 170 170 170 170 170 170 9241601 170 170 170 170 170 170 170 170 170 170 170 122434 170 170 170 170 170 170017 170 170 170 170 170 170 61217 170 170 170 170 170 170 170 170 170 170 112370 170 170 170 170 170 170 170 122434 170 170 170 170 170 61217 170 170 170 170 170 170 170 170 170 170 170 170 170 170 61505617 170 170 1050905 170017 170 170017 170 170 170 170 170 170 170 12276650 170 170017 170 170 170 170 170 170 170 170 170 170 170 170 170 170 
170 170 170 12325 170 170 11289601 170 170 170 170 170 170 170 170 170 170 170 170 170 170 170 170 170 170 1002530 170 1002530 170 89725 170 7474 170 170 170 170 170 170 170 170 170 170 12325 1133458 2020202 170 170 170 170 170 170 1002530 170 170 89725 653225 170 170 170 112370 170 170 89725 170 170 170 2106385 1050905 170 170 170 170 170 170 11289601 12325 170 170 170 12325 170 170 170 170 170 170 12325 89725 170 170 89725 170 170 170 170 170 112370 170 170 170 12325 170 170 12325 170 12325 170 170 170 170 170 170 170 170 170 12221570 170 170 170 170 170 170 170 170 170 170 170 12325 170 170 170 170 170 170 170 7474 170 170 170 170 170 170 12325 170 170 1002530 170 170 170 170 170 170 12325 170 170 170 12325 170 170 170 12325 170 170 170 170 170 170 170 170 170 170 12325 170 170 415874 170 170 170 170 170 206890 170 170 170 170 170 170 170 170 170 170 170 170 12325 170 1002530 170 170 170 170 170 1133458 170 170 170 170 170 170 170 170 170 170 170 12325 170 89725 170 170 170 170 170 170 170 170 170 112370 170 122434 4850 170 170 170 170 170 170 170 170 170 170 170 170 33724825 170 170 170 170 170 1050905 12325 170 170 170 170 170 170 206890 170 170 170 170 170 170 170 170 170 170 170 170 170 170 170 170 170 170 170 170 1034450 170 170 170 170 170 170 7474 170 170 170 170 170 170 170 170 170 170 170 182002 12325 170 1383850 170 170 170 170 170 170 1050905 12325 170 170 170 112370 170 170 170 170 7474 
202 202 202 1717 505 4977785 1717 1717 202 202 202 3737 1717 1717 202 1717 1717 202 3737 1332970 505 505 3737 202 202 940325 1717 202 1717 2594 136085 3737 2594 1717 202 1717 202 2594 1717 1717 1717 1717 505 202 202 1717 505 240101 24893570 3737 1717 1717 1717 3838498 1717 1717 202 202 1717 240101 202 202 8245 940325 3737 940325 505 1717 1717 1717 202 3737 505 202 202 220505 3737 202 1717 1717 1717 202 202 2594 202 8245 505 1717 505 1717 3737 505 1717 74 63370 1717 202 1717 3737 202 202 3737 3737 202 505 202 3737 1717 1717 220505 1717 1717 505 202 202 202 2594 202 202 202 240101 202 1717 2594 44824865 202 202 55114 2594 8245 1717 3737 3737 1717 1717 202 202 505 202 202 202 1717 3737 1717 2594 1717 202 202 202 202 1717 1717 2594 1717 3737 1717 202 202 77450 202 202 1717 136085 1717 940325 2594 136085 2594 202 202 3737 2594 1717 505 136085 1717 1717 505 202 2594 3737 1717 220505 2594 202 8245 940325 1717 202 2594 1717 202 202 8245 202 1332970 1717 940325 202 8245 8245 202 63370 202 1717 3737 202 1717 1240025 1717 1717 3737 202 202 1717 1717 2594 2594 8245 202 8245 3411385 3838498 1717 3737 202 202 1717 8245 202 3737 2594 3737 8245 1717 1717 8245 202 1717 202 1717 1717 1717 202 1717 202 1717 202 202 1717 2594 3737 202 77450 1717 1717 202 240101 202 202 1717 202 202 1717 505 2594 1717 202 8245 1717 1717 1717 1717 1717 63370 202 1717 8245 1717 202 505 1717 1717 1717 202 202 202 1717 181337 1717 1717 
3737 1717 184325 36101 2594 2594 36101 136085 1717 1717 202 2594 3737 202 505 202 2594 1717 1717 1717 3737 3737 1717 202 2594 505 1717 202 1717 1717 3737 505 202 1717 465125 1717 2594 1717 202 1717 465125 36101 2594 465125 1717 1717 1717 465125 36101 136085 1717 1717 2594 465125 465125 1717 1717 202 2594 1717 220505 202 505 1717 1717 1717 1717 220505 239434 3737 1717 370 2594 202 36101 1717 202 505 1058005 1717 202 4753729 1717 136085 3737 3849850 940325 3737 1717 1717 3737 1717 2594 1717 1717 1717 1717 3737 1717 202 2513570 202 1717 11888705 239434 2594 202 1717 3737 1717 202 8825 2594 36101 65650 1717 202 465125 1717 14810434 1717 465125 202 1717 2657525 1717 1717 2594 170 1717 1717 202 170 1717 2513570 170 1717 202 36101 202 239434 3737 3737 202 1717 465125 202 505 170 3737 202 2594 202 1717 36101 1717 1717 465125 202 170 2594 2178005 1717 1717 2594 1717 202 1717 3737 1717 1717 3737 465125 3737 63370 36101 202 1717 505 239434 170 2594 202 202 1717 1717 2594 465125 1717 3737 202 1717 1717 1717 465125 940325 1717 1717 1717 3737 1717 2594 505 3737 1717 170 465125 1717 1717 1717 1717 1717 1717 239434 170 1717 1717 202 170 465125 2594 3737 1717 505 202 505 1717 1717 1717 202 184325 36101 1717 1717 202 202 1717 1717 202 202 202 1717 136085 202 1717 207825337 202 202 3737 1717 202 202 1717 1717 1717 239434 239434 465125 184325 202 465125 2594 1717 1717 202 1717 465125 136085 1717 465125 2594 465125 1717 1717 1717 2594 1717 1717 1717 65650 1717 3737 36101 1717 1717 1717 1717 202 1717 465125 1717 1717 1717 1717 1935025 3737 465125 202 465125 170 202 202 1717 1717 3849850 2594 2594 465125 1717 1267010 3737 505 2594 940325 3737 465125 505 465125 1717 4460545 202 220505 202 202 1717 3737 465125 1717 202 465125 1717 1717 1717 202 2594 2513570 1717 2594 465125 3737 170 24087050 1717 2594 505 1717 1717 1717 202 1717 170 1717 3737 1717 202 2594 465125 1717 465125 1717 202 1717 1717 465125 1717 3819250 1717 1717 239434 36101 1717 465125 1717 1717 465125 1717 202 170 1717 1717 465125 465125 1717 202 1717 1717 36101 1717 1717 
1717 1746485 202 1717 1717 1717 3737 202 1717 8245 202 1717 202 202 2594 8245 8245 136085 202 8245 1717 101 8245 8245 1717 136085 8245 1717 101 1717 8245 156658 1332970 1717 2594 1717 1717 1717 8245 1717 2594 1717 2594 8245 286565 202 1746485 1717 8245 1717 1332970 2594 1717 3737 3434 2594 1717 101 1717 3737 8245 1717 8245 2594 2594 1717 101 240101 2594 1717 3737 3737 2594 8245 3737 1717 1717 8245 1717 3737 136085 77450 202 1717 1717 1717 202 1717 8245 1717 8245 1717 8245 1717 101 1717 2594 101 1717 202 77450 1717 1717 1717 1717 202 1717 1717 8245 156658 1717 286565 3737 101 286565 1717 1717 8245 1717 3737 1717 8245 202 1717 1717 1717 286565 202 3737 1717 1717 1717 1717 286565 240101 1717 1717 286565 3737 1717 8245 8245 1717 1332970 8245 101 1717 8245 202 1717 101 8245 101 202 202 286565 3737 1717 101 1717 1717 1717 3737 240101 1717 1717 1717 8245 3737 2594 2594 101 101 202 1717 2594 1717 202 286565 1332970 286565 8245 1717 3737 1717 8245 202 2594 101 101 1717 8245 2594 1717 3737 20563925 1717 27556490 1717 8245 1717 1717 3737 3737 1717 1717 3737 1717 8245 1717 8245 12923530 8245 3737 3737 202 8245 1717 1717 1717 3737 240101 8245 8245 3737 1717 101 101 1717 8245 8245 3737 202 2594 1717 8245 101 202 101 1717 202 202 1717 3737 136085 1717 101 1717 1717 2594 1717 286565 1717 8245 101 1717 3737 1717 1717 240101 24893570 2594 1717 101 202 1717 8245 8245 286565 1717 1717 1717 2594 1717 1717 1450 8245 1717 1717 8245 5497834 3737 202 8245 2594 2594 1717 1717 1717 8245 202 1717 101 1717 220505 101 1717 1717 1717 8245 2594 220505 1717 1717 101 8245 8245 3737 1717 8245 1717 8245 1717 1717 202 2594 1717 8245 74 8245 8245 2594 3737 3737 8245 1717 1717 1717 361010 1717 202 2594 1717 2594 1717 240101 1717 1717 8245 136085 3737 8245 1717 1717 77450 1717 1717 2594 8245 8245 1717 1717 1717 8245 136085 1717 8245 1717 1717 1717 1717 1717 1295009 8245 2594 3737 1717 286565 3737 3737 3737 101 101 101 1717 286565 101 77450 1332970 8245 8245 1717 8245 8245 8245 8245 101 286565 3737 12923530 202 1717 1717 1717 286565 1717 1717 286565 1717 8245 8245 8245 77450 8245 1717 1717 1717 1717 8245 1717 1717 1717 2594 2594 2594 6137170 1717 202 202 77450 8245 1717 8245 2594 22858489 286565 1717 1717 1717 2594 1717 1717 202 1717 1717 1717 1717 1717 202 1717 1717 1717 1717 8245 202 1717 1717 3737 1717 1717 3737 1717 101 1717 1717 1717 240101 286565 8245 8245 1717 1717 2594 1717 8245 1717 202 1717 1717 1336465 3737 240101 202 1717 136085 1717 202 1717 202 77450 
49010 51077 49010 46085 46085 46085 157625 46085 49010 49010 49010 46085 51077 46085 49010 49010 46085 309137 10 1802 46085 46085 4850 4850 49010 49010 4850 819202 49010 51077 46085 46085 49010 157625 4850 309137 49010 654985 51077 46085 873970 16332850 49010 46085 7907125 49010 49010 46085 46085 46085 4850 157625 15716585 4850 49010 49010 49010 157625 49010 654985 46085 46085 309137 46085 49010 46085 309137 46085 46085 51077 46085 49010 4850 17288965 51077 157625 49010 49010 46085 46085 51077 49010 46085 46085 49010 49010 46085 46085 46085 309137 46085 1069085 49010 51077 46085 46085 157625 49010 51077 157625 46085 4850 46085 3736505 157625 157625 16386305 10 49010 1069085 309137 51077 49010 46085 49010 46085 46085 51077 46085 49010 49010 49010 49010 51077 46085 46085 4850 49010 49010 309137 46085 46085 46085 49010 51077 3737 46085 49010 49010 46085 46085 7527530 51077 46085 157625 49010 46085 46085 46085 8908402 46085 800005 49010 46085 49010 46085 4850 46085 49010 50427785 5834825 4850 46085 46085 46085 49010 51077 49010 46085 46085 46085 49010 49010 51077 157625 10 815813 51077 51077 5667290 49010 49010 51077 157625 679730 49010 46085 49010 46085 49010 16386305 46085 309137 49010 49010 157625 49010 49010 49010 31897970 800005 49010 49010 4850 46085 49010 46085 46085 157625 49010 46085 46085 46085 815813 46085 46085 46085 46085 1802 46085 800005 102154 800005 46085 46085 4850 51077 49010 679730 46085 49010 49010 46085 46085 1069085 4850 1802 46085 46085 46085 46085 49010 46085 49010 970 46085 51077 157625 51077 51077 157625 49010 49010 46085 157625 46085 46085 157625 46085 3737 46085 157625 49010 157625 46085 49010 51077 46085 157625 49010 46085 157625 157625 46085 46085 46085 157625 46085 46085 46085 46085 1802 4850 35356985 157625 49010 46085 49010 873970 49010 1802 46085 46085 49010 46085 49010 49010 46085 46085 46085 
1601 103970 1138250 1601 1240025 1601 3925 3925 3925 3925 1601 25925 65292050 119258570 25925 25925 3925 510770 3925 3925 1601 1601 1601 3925 1601 1601 1601 25925 1601 31379114 25925 1601 51077 1601 51077 1601 103970 3925 3925 272485 3925 3925 1601 1601 1601 3925 3925 51077 25925 1601 3925 3925 3925 1601 1601 1601 51077 3925 3925 1601 3925 30775925 3925 25925 1601 3925 3925 25925 1601 3925 3925 51077 25925 1279625 25925 3925 3925 3925 1601 25925 1279625 25925 1601 3925 3925 1179397 1601 1601 3925 1179397 1279625 3925 3925 3925 3925 272485 3925 3925 1601 130610 272485 3925 272485 25925 3925 51077 3925 51077 51077 272485 3925 1601 25925 25925 3925 3925 1601 1601 272485 272485 51077 51077 1601 1601 3925 51077 3925 25925 1110185 272485 25925 51077 3925 1601 3925 1601 1601 25925 3925 3925 51077 3925 1601 3925 3925 3925 3925 3737 1601 3925 25925 3925 3925 3925 10 3925 1601 51077 8158685 1601 3925 1601 3925 1601 10 3925 51077 3925 1179397 5667290 51077 3925 1601 3925 1601 10 3925 272485 1601 272485 8005 51077 3925 3925 3925 1601 51077 1179397 3925 1601 1601 3925 1601 272485 3925 1601 1601 25925 25925 3925 1601 1601 3925 1601 33802 3925 25925 25925 1601 1601 3925 1601 1601 51077 1601 51077 10 1179397 10 1601 1601 51077 1601 1601 3925 3925 25925 3925 1601 272485 51077 1601 1601 1601 1601 3925 3925 1601 3925 3925 1601 1601 3737 3925 3925 3925 3925 1179397 51077 3925 1601 3925 1601 25925 1601 3925 3925 1601 34409957 10 3925 3925 1601 1601 370 51077 370 1601 10 3925 3925 10 1601 3925 1601 272485 3925 1601 3925 1601 1601 3925 3925 1179397 3925 1601 3925 3925 170 1601 1601 3925 3925 3925 1601 1279625 272485 3925 1601 3925 1179397 1110185 3925 98570 25925 236197 1601 25925 3925 1601 842725 3925 3925 3925 3925 3925 1601 1601 1601 612170 1601 3925 51077 272485 8005 3925 3925 25925 25925 1601 1601 272485 51077 272485 3925 51077 3925 1601 1601 25925 1601 3925 1601 3925 1601 1279625 272485 3925 3925 1179397 1601 1601 3925 3925 3925 1601 32672657 51077 25925 272485 3925 272485 3925 3925 1601 1601 1179397 272485 10 1601 3925 3925 1601 3925 3925 3925 1601 3925 46085 3925 25925 3925 1601 1601 3925 1601 1179397 3925 1179397 1601 1240025 51077 3925 3925 272485 3925 3925 1601 3925 3925 3925 272485 1279625 1601 3925 3925 1601 3925 1601 1279625 842725 272485 3925 10 3925 1601 51077 51077 3925 103970 1179397 3925 1601 10 25925 3925 3925 3925 1138250 1601 3925 25925 10 10 1601 25925 3925 51077 272485 25925 3925 25925 3925 3925 3925 3925 3925 3925 1601 272485 3925 3737 1601 1601 3925 3925 3925 3925 98570 51077 3925 103970 1601 3925 1601 1601 51077 1601 8005 3925 25925 1179397 1601 3737 25925 1601 1601 1601 1601 3925 1601 3925 3925 1601 1601 1601 32672657 1240025 1601 25925 1601 1601 1601 1240025 3925 51077 1601 3925 10 3925 236197 1601 25925 1179397 3925 3925 1601 103970 10 25925 51077 51077 3925 1601 1179397 51077 8005 1601 1601 1601 1240025 272485 1601 66725 272485 1601 1601 1601 
4369 29045 72901 29045 29045 29045 72901 2425 10405 2185625 72901 29045 72901 29045 72901 72901 4369 10730 170 29045 3925 72901 72901 10405 72901 72901 29045 463114 10405 4755530 29045 10405 459850 72901 463114 29045 170 6290 4369 29045 3723850 29045 72901 29045 1923545 72901 3925 4369 72901 72901 3737 110245 2425 29045 72901 72901 463114 72901 2425 3925 29045 2425 72901 110245 72901 72901 29045 184901 459850 29045 29045 29045 3737 29045 10405 29045 714425 2185625 4369 29045 110245 29045 29045 110245 29045 72901 10405 72901 2425 29045 29045 29045 4369 72901 72901 29045 184901 72901 29045 3925 29045 3925 29045 29045 4369 4369 29045 72901 72901 29045 29045 29045 72901 29045 30448325 3925 72901 110245 273205 29045 29045 7850 72901 29045 29045 463114 29045 1919249 72901 110245 72901 2425 29045 29045 110245 29045 72901 3737 29045 72901 29045 72901 29045 10405 29045 29045 29045 29045 29045 29045 4251845 72901 29045 4369 72901 72901 29045 29045 3737 29045 72901 29045 29045 29045 29045 3925 29045 29045 29045 3925 29045 29045 463114 29045 29045 72901 2425 72901 4369 4369 29045 170 463114 463114 4369 29045 29045 72901 29045 170 3723850 3925 29045 72901 72901 29045 29045 72901 110245 4369 18546805 176290 29045 72901 72901 170 176290 29045 72901 29045 463114 142885 29045 72901 463114 170 459850 72901 463114 72901 2425 29045 72901 29045 72901 29045 273205 29045 300050 29045 72901 463114 72901 29045 29045 649802 463114 2185625 10405 72901 29045 29045 29045 3925 72901 72901 29045 29045 29045 29045 29045 12023845 3737 370 72901 72901 10405 72901 2425 29045 2425 459850 29045 29045 29045 72901 29045 29045 29045 72901 29045 72901 72901 29045 29045 29045 184901 29045 2425 29045 72901 2916010 72901 459850 184901 29045 3925 4369 10405 463114 29045 39714265 29045 463114 29045 29045 29045 29045 29045 2185625 29045 170 463114 29045 110245 72901 72901 3737 72901 4369 2425 184901 72901 29045 463114 29045 29045 463114 110245 29045 72901 29045 3925 176290 29045 29045 170 72901 29045 4369 4369 72901 170 72901 29045 170 29045 2185625 72901 72901 4369 29045 273205 170 179450 29045 29045 72901 29045 29045 72901 72901 29045 29045 72901 184901 4369 29045 3925 3925 2060825 72901 72901 3925 29045 463114 273205 29045 29045 29045 459850 29045 29045 184901 29045 72901 72901 110245 72901 4369 72901 72901 72901 734474 29045 3925 72901 29045 142885 29045 2425 29045 273205 29045 29045 29045 4369 72901 17070010 29045 459850 4369 29045 72901 29045 3925 7850 463114 3925 29045 29045 463114 3925 10405 2916010 110245 3925 2425 2425 72901 29045 72901 463114 72901 72901 3925 29045 72901 4850 4850 10405 273205 4369 22147645 72901 29045 72901 29045 72901 72901 3925 170 29045 29045 29045 4850 72901 72901 29045 110245 72901 72901 463114 3925 29045 29045 29045 2185625 110245 170 4369 29045 29045 273205 29045 72901 72901 72901 72901 463114 29045 29045 29045 29045 184901 29045 3925 10405 3737 4850 72901 110245 72901 10405 3925 2185625 72901 72901 29045 2425 184901 29045 463114 170 72901 3925 
170 465125 13450 13450 118474 18685 727402 19018 13450 36101 1018145 13450 13450 19018 13450 34 18685 930250 13450 370 18685 170 18685 19018 19018 13450 170 34 465125 19018 18685 465125 19018 18685 465125 170 18685 465125 18685 34 13450 1450 18685 13450 13450 13450 18685 13450 18685 19018 18685 85 18685 85 170 19018 18685 18685 18685 18685 36101 18685 18685 170 18685 19018 18685 13450 465125 19018 13450 19018 19018 13450 18685 18685 18685 18685 1450 18685 170 18685 13450 18685 19018 36101 18685 18685 170 36101 18685 18685 170 3145 19018 13450 465125 34 145802 170 18685 19018 18685 19018 85 18685 18685 18685 170 465125 85 36101 13450 18685 36101 19018 19018 2513570 19018 18685 18685 13450 19018 465125 19018 19018 19018 18685 18685 18685 85 19018 36101 18685 18685 19018 19018 19018 34 170 18685 1227434 18685 19018 13450 465125 19018 19018 19018 18685 170 19018 19018 170 36101 34 170 36101 34 145802 19018 3145 1018145 18685 36101 18685 18685 1450 85 19018 18685 13450 18685 19018 13450 34 19018 19018 19018 19018 18685 36101 18685 19018 19018 18685 370 19018 18685 18685 18685 19018 18685 465125 18685 13450 34 34 18685 18685 43690 13450 18685 18685 19018 18685 170 19018 170 18685 19018 13450 18685 5657525 170 18685 19018 18685 170 34 170 36101 18685 18685 18685 18685 18685 19018 465125 85 18685 36101 18685 18685 18685 18685 18685 36101 19018 34 18685 18685 18685 465125 13450 465125 465125 18685 18685 18685 727402 465125 19018 18685 13450 85 18685 13450 19018 36101 36101 34 18685 36101 85 18685 13450 36101 3145 18685 465125 465125 85 14160250 18685 18685 18685 3145 18685 19018 19018 1450 13450 727402 19018 85 34 85 13450 18685 36101 19018 18685 18685 19018 36101 19018 19018 18685 18685 19018 18685 465125 85 18685 19018 34 18685 1450 18685 19018 170 54434 19018 34 36101 465125 18685 51850 85 19018 19018 3145 18685 18685 18685 13525 18685 19018 85 13450 19018 18685 13450 19018 19018 18685 13450 34 18685 465125 13450 13450 18685 18685 19018 13450 18685 370 31637125 18685 34 34 19018 19018 19018 19018 13450 36101 36101 18685 85 18685 13450 18685 34 465125 34 19018 13450 18685 13525 13450 18685 18685 36101 18685 19018 18685 34 19018 19018 465125 18685 13450 19018 34 85 170 465125 18685 18685 34 18685 465125 19018 18685 13450 18685 85 19018 18685 1450 18685 18685 18685 19018 13450 18685 13450 18685 727402 18685 13450 3145 18685 13450 18685 18685 34 465125 18685 34 465125 13450 34 3145 13450 2513570 19018 727402 19018 18685 18685 13450 170 85 145802 19018 18685 13450 18685 18685 13450 19018 13450 18685 465125 13450 18685 465125 18685 3145 19018 34 18685 18685 36101 19018 13450 18685 13450 18685 18685 13525 18685 18685 19018 18685 18685 18685 13450 19018 18685 18685 18685 18685 170 13450 170 13450 13450 51850 170 13450 19018 18685 18685 
34 34 485 34 485 1331593 501265 10575505 485 34 485 485 5365 34 485 485 485 1665074 34 485 34 34 34 485 1331593 485 485 485 485 3530 485 34 269125 34 485 485 501265 485 34 485 62725 5365 485 1685450 485 485 34 3530 5365 485 4850 34 34 62725 485 485 3530 485 485 269125 485 34 65772725 514 485 485 34 5365 3530 34 34 485 485 485 485 485 485 5365 485 485 485 34 485 5618005 485 514 1685450 485 1685450 13577365 485 485 485 3530 485 485 34 485 21261458 485 485 1685450 29040505 485 34 
1258 46085 1258 46085 51077 46085 46085 51077 51077 1258 51077 46085 51077 51077 1258 2570 51077 309137 149817601 51077 51077 51077 46085 46085 1258 1258 17171717 51077 51077 46085 51077 46085 1258 4401605 51077 1258 46085 51077 51077 3250 1258 51077 970 46085 46085 1258 51077 1258 1258 51077 970 1258 79385 46085 1258 51077 51077 2570 1570 46085 51077 51077 51077 51077 51077 51077 1570 1570 157625 51077 51077 1258 157625 970 46085 1570 51077 46085 46085 51077 1258 46085 51077 51077 51077 102154 16332850 46085 179945 51077 1258 51077 51077 51077 1258 51077 46085 51077 1010 46085 1258 51077 157625 51077 2570 46085 51077 46085 51077 1570 46085 819202 51077 51077 46085 110245 309137 51077 1258 46085 1258 1258 51077 1258 51077 51077 46085 157625 51077 2570 1258 46085 46085 51077 46085 51077 1258 157625 46085 51077 51077 1570 51077 51077 46085 46085 1258 102154 46085 46085 46085 51077 46085 51077 46085 51077 46085 51077 51077 51077 46085 46085 186267905 46085 51077 1258 309137 46085 51077 46085 51077 46085 1258 46085 46085 24502501 51077 51077 51077 46085 2570 46085 51077 51077 46085 51077 51077 1258 9596245 157625 2570 46085 1258 51077 157625 51077 1570 22474 3250 46085 46085 1258 51077 51077 46085 46085 157625 51077 51077 51077 51077 46085 51077 1258 157625 157625 1258 46085 157625 51077 46085 46085 46085 46085 51077 67250 46085 51077 46085 1258 29184802 51077 1258 46085 51077 46085 46085 1570 1258 51077 1258 51077 46085 51077 157625 3872005 1570 1258 1258 102154 46085 51077 46085 46085 51077 1258 51077 157625 51077 1258 51077 1258 1258 2570 1570 51077 51077 1258 970 46085 1010 903170 46085 51077 46085 1570 46085 51077 46085 46085 46085 1570 46085 309137 51077 51077 46085 46085 1010 1258 51077 1258 1570 157625 46085 1570 51077 46085 903170 46085 1570 51077 46085 51077 819202 1258 51077 46085 51077 1570 2570 51077 1570 46085 1258 51077 46085 51077 46085 46085 51077 46085 51077 51077 157625 1258 51077 157625 51077 51077 157625 11803445 51077 51077 51077 46085 51077 51077 51077 89032565 46085 46085 51077 1258 51077 46085 46085 1990465 46085 157625 51077 157625 51077 1570 157625 157625 51077 51077 2570 157625 1258 51077 51077 51077 110245 51077 46085 309137 1258 46085 1570 157625 51077 51077 51077 46085 46085 51077 51077 51077 157625 157625 46085 24502501 1258 46085 1258 46085 46085 46085 679730 51077 51077 46085 51077 309137 46085 51077 11803445 51077 51077 157625 51077 1258 46085 46085 46085 46085 51077 51077 22474 46085 819202 51077 51077 46085 1258 1258 157625 51077 51077 51077 
6290 10405 4369 15317 10405 15317 34 10405 34 10405 10405 10405 10405 34 10405 10405 15317 4369 276770 34 6290 10405 239434 10405 10405 15317 239434 10405 15317 15317 34 15317 239434 10405 10405 10405 15317 276770 4369 34 4369 15317 34 10405 6290 15317 6290 10405 15317 4369 4369 10405 15317 3411274 34 34 6290 10405 15317 15317 10405 34 203679125 10405 10405 34 10405 4369 4369 970 34 10405 15317 10405 10405 4369 10405 10405 10405 10405 15317 102154 15317 15317 6290 4369 4369 34 4369 15317 34 34 15317 15317 4369 15317 15317 15317 10405 34 10405 4369 4369 15317 4369 4369 34 34 10405 4369 10405 102154 34 4369 4369 34 4369 34 102154 34 4369 15317 6290 34 10405 169010 34 102103445 34 8005 239434 15317 34 34 10405 10405 4369 34 4369 8005 10405 4369 15317 15317 8005 10405 6290 10405 15317 10405 34 10405 102154 10405 10405 1512901 10405 34 4369 15317 4369 10405 15317 10405 15317 4369 34 10405 8005 4369 102154 15317 10405 239434 10405 10405 34 10405 34 15317 6290 4369 10405 34 34 10405 15317 186325 15317 10405 34 10405 34 10405 10405 187274 34 10405 8005 10405 10405 10405 10405 6290 34 10405 3411274 970 15317 4369 10405 4369 10405 4369 34 34 15317 10405 10405 6290 34 34 15317 6290 10405 8304517 6290 34 10405 10405 239434 121685 34 102154 34 34 4369 10405 141853490 15317 34 34 239434 10405 10405 6290 4369 8005 10405 10405 10405 34 34 34 15317 10405 10405 15317 34 15317 239434 10405 10405 10405 6290 10405 10405 4369 15317 729625 10405 15317 121685 34 1624505 34 4369 10405 15317 15317 34 6290 15317 6290 34 34 4369 15317 186325 10405 10405 239434 34 10405 6290 970 4369 10405 10405 4369 10405 10405 121685 10405 10405 239434 276770 10405 34 239434 10405 1089010 4369 464290 4369 34 4369 10405 18218050 34 4369 34 4369 34 970 10405 6290 34 239434 239434 6290 6290 15317 187274 34 15317 10405 34 10405 6290 8005 10405 4369 6290 4369 4369 10405 4369 34 15317 239434 10405 10405 4369 34 10405 34 1089010 4369 15317 6290 15317 15317 34 239434 34 34 4369 1089010 6290 10405 71978 10405 6290 34 10405 34 6290 10405 71978 34 10405 10405 34 276770 10405 4369 34 4369 10405 34 10405 34 10405 10405 102154 34 4369 15317 4369 10405 8304517 34 10405 34 239434 10405 10405 34 34 34 34 3411274 10405 34 15317 4369 10405 34 102154 15317 10405 10405 1116050 34 121685 67535525 10405 15317 34 15317 239434 15317 10405 6290 15317 34 10405 4369 10405 4369 10405 34 34 10405 34 10405 4369 6290 10405 37370 6290 4369 10405 6290 10405 10405 15317 10405 10405 34 34 4369 10405 10405 10405 10405 10405 34 4369 4369 4369 10405 10405 10405 10405 4369 1089010 4369 10405 239434 10405 4369 10405 102154 15317 10405 4369 10405 34 10405 15317 10405 4369 239434 34 10405 34 6290 34 10405 4369 8304517 10405 34 34 15317 34 15317 34 6290 4369 6290 4369 10405 34 6290 10405 4369 121685 15317 34 10405 970 15317 34 10405 37970245 10405 34 10405 15317 71978 10405 10405 102154 15317 10405 102154 15317 10405 8005 6290 4369 15317 10405 3411274 10405 10405 10405 4369 10405 15317 10405 10405 34 10405 15317 15317 34 4369 15317 10405 15317 10405 34 10405 10405 1089010 15317 8304517 34 15317 6290 15317 4369 10405 34 15317 10405 34 34 10405 10405 34 15317 10405 10405 34 15317 4369 
10405 29045 104050 29045 10405 29045 29045 72901 10405 176290 29045 29045 10405 10405 29045 10405 10405 463114 10405 10405 10405 10405 29045 10405 10405 4251845 29045 10293925 463114 29045 72901 29045 248965 29045 10405 10405 10405 10405 29045 463114 714425 10405 10405 72901 10405 29045 10405 29045 10405 110245 10405 12023845 29045 29045 110245 176290 10405 29045 10405 29045 29045 10405 10405 273205 120250 29045 10405 14128825 29045 463114 110245 10405 38344025 463114 273205 15317 29045 10405 10405 10405 10405 459850 10405 10405 10405 170 29045 110245 29045 10405 10405 29045 29045 15317 10405 10405 4802045 10405 10405 10405 10405 1066325 1919249 10405 459850 89617489 29045 29045 273205 463114 29045 10405 273205 120250 110245 10405 10405 463114 10405 463114 29045 170 29045 29045 10405 10405 29045 29045 10405 10405 10405 463114 29045 10405 29045 463114 10405 29045 10405 15317 104050 10405 10405 29045 10405 29045 10405 463114 29045 29045 29045 29045 463114 10405 10405 29045 72901 29045 29045 10405 10405 10405 176290 29045 273205 10405 10405 10405 29045 10405 10405 3207154 273205 170 10405 10405 170 10405 10405 29045 10405 459850 10405 29045 170 29045 29045 3737 10405 10625170 10405 29045 72901 10405 10405 10405 463114 29045 29045 10405 110245 10405 104050 110245 10405 29045 10405 463114 10405 29045 463114 10405 10405 29045 2185625 10405 10405 10405 10405 10405 15317 459850 10405 10405 10405 10405 10405 110245 29045 29045 10405 463114 10405 29045 463114 10405 10405 10405 10405 10405 15317 10405 10405 10405 29045 10405 10405 3207154 463114 10405 10405 29045 4850 15317 10405 104050 29045 10405 10405 29045 29045 29045 10405 714425 10405 10405 29045 29045 463114 10405 10405 463114 10405 170 29045 10405 170 29045 10405 12023845 10405 10405 4584485 10405 29045 72901 29045 10405 459850 10405 29045 29045 29045 10405 29045 29045 29045 12023845 29045 10405 29045 10405 10405 10405 15317 273205 110245 29045 170 10405 15317 10405 10405 3737 176290 10405 10405 10405 10405 10405 10405 10405 4802045 10405 17070010 29045 10405 714425 29045 29045 10405 10405 10405 29045 29045 463114 10405 10405 29045 10405 10405 10405 29045 10405 10405 10405 29045 10405 10405 10405 10405 10405 29045 29045 10405 10405 29045 459850 10405 10405 72901 29045 10405 29045 29045 10405 10405 10405 10405 10405 10405 10405 10405 248965 10405 10405 714425 10405 29045 72901 10405 10405 10405 72901 10405 29045 10405 10405 29045 10405 29045 170 10405 10405 10405 10405 15317 29045 10405 29045 10405 29045 10405 10405 
25925 10 3925 272485 3925 1279625 1601 25925 272485 25925 1601 1179397 1601 1601 3925 1601 1179397 3925 10 1179397 1601 3925 370 3925 1279625 1179397 3925 1601 272485 25925 1179397 596234 3925 3925 3925 312505 3925 272485 272485 1601 1601 3925 1601 1601 3925 1601 8005 3925 1179397 1601 1601 3925 1601 3925 3925 1601 3925 1601 3925 1601 3925 1601 25925 1601 3925 3925 1601 10 1601 25925 1601 25925 510770 255385 272485 3925 272485 1601 3925 3925 1601 3925 272485 26820650 612170 272485 842725 1601 1601 3925 1601 1240025 1240025 1601 1601 3925 3925 34 8005 3925 3925 1601 34 3925 272485 3925 1601 1601 236197 1601 1601 1601 3925 272485 1601 1601 1601 10 34 1601 3925 370 3925 1601 1601 25925 25925 3925 3925 1601 3925 25925 1601 34 1601 272485 1601 34 1601 3925 3925 3925 1179397 3925 1179397 107650 25925 3925 1240025 1601 1179397 25925 1601 1601 1601 1601 1601 34 1601 3925 1601 8005 1601 1179397 1601 1179397 3925 1601 3925 3925 3925 1601 1601 25925 1601 3925 3925 1601 1601 236197 1279625 1601 1601 3925 370 10 3925 3925 25925 10 272485 3925 1601 1240025 1601 3925 3925 25925 25925 1601 272485 1601 1601 3925 3925 1601 3925 1601 25925 34 10 3925 272485 1601 15701570 1601 25925 1601 3925 1654865 255385 1601 1601 10 25925 1601 1601 3925 1601 3925 3925 1601 3925 272485 98570 1601 255385 3925 3925 272485 1601 1601 1601 3925 1601 3925 1601 272485 272485 1601 1601 3925 3925 3925 3925 236197 1601 3925 3925 1601 1179397 3925 272485 1601 25925 8005 3925 1601 3925 370 1179397 25925 1601 1601 25925 272485 272485 1179397 1601 3925 3925 1601 8005 1601 1601 3925 3925 1601 25925 1601 236197 34 1601 1601 3925 1601 1601 1601 1601 25925 1179397 34 6528650 1601 3925 1601 1601 255385 3925 1601 3925 370 3925 107650 25925 1601 1601 3925 272485 3925 3925 3925 25925 612170 34 1601 25925 25925 
51077 370 157625 55114 1258 110245 46085 46085 370 51077 46085 51077 51077 1258 51077 1258 51077 46085 46085 51077 370 46085 1010 46085 51077 819202 157625 51077 2917265 46085 1258 51077 51077 51077 157625 51077 51077 309137 1570 46085 46085 51077 1258 1258 46085 1258 1258 1570 157625 2570 1258 51077 46085 46085 51077 1258 51077 46085 51077 2570 1010 51077 2570 1258 46085 51077 1258 1258 157625 79385 46085 239434 1570 29290 51077 1570 51077 51077 51077 370 903170 51077 157625 51077 1258 51077 1258 1258 1258 157625 157625 46085 46085 1570 10323970 51077 51077 51077 1258 46085 51077 46085 46085 46085 1570 157625 1258 51077 309137 309137 11803445 2570 46085 1258 1570 46085 51077 1258 46085 51077 51077 51077 110245 46085 46085 46085 1570 679730 1258 46085 46085 51077 1570 46085 51077 51077 46085 1258 46085 51077 51077 51077 51077 1258 46085 903170 120438965 1258 46085 1258 51077 51077 46085 46085 51077 157625 51077 46085 51077 2570 1258 51077 46085 1258 51077 309137 51077 157625 46085 51077 46085 51077 370 46085 1258 51077 370 903170 1570 110245 1010 51077 46085 1258 157625 46085 46085 1258 1258 1570 22474 51077 46085 1258 51077 1570 51077 1570 51077 46085 1258 51077 1258 1258 51077 46085 51077 46085 1258 1258 157625 1258 51077 1010 1258 46085 1295009 51077 46085 679730 46085 370 51077 157625 51077 1570 51077 46085 1570 51077 51077 1258 46085 51077 46085 1258 14945125 51077 51077 1010 1258 1258 46085 1258 51077 46085 51077 51077 1258 51077 46085 1258 51077 51077 157625 903170 46085 46085 1570 1570 110245 1258 1258 1010 46085 309137 1570 46085 51077 51077 1258 51077 110245 46085 51077 1570 51077 51077 51077 51077 51077 1258 46085 46085 110245 46085 46085 51077 51077 11803445 46085 51077 51077 46085 1258 1258 1258 51077 1258 51077 679730 1258 51077 1258 51077 51077 46085 51077 46085 46085 11803445 16386305 51077 51077 276575465 46085 46085 46085 1258 903170 1570 51077 51077 1258 46085 
4357 74 4357 1654865 2281250 4357 188065 4357 74 74 2281250 188065 4357 188065 37829045 2813194 4357 169010 2876417 74 4357 27217 188065 4357 27217 370 188065 4357 4357 188065 4357 4357 4357 4357 74 1765 4357 2281250 4357 27217 74 169010 188065 4357 1654865 4357 4357 4357 188065 27217 2813194 4357 27217 27217 188065 74 4357 4357 4357 74 4357 74 538645 4357 4357 188065 4357 538645 4357 4357 188065 4357 4357 538645 188065 370 4357 188065 188065 538645 169010 4357 4357 4357 2876417 4357 4357 188065 538645 188065 27217 188065 4357 3946465 188065 188065 4357 188065 4357 4357 4357 188065 4357 188065 4357 27217 27217 4357 4357 1654865 1654865 4357 74 188065 1654865 1227434 169010 188065 188065 1654865 4357 188065 79448209 290 1765 27217 27217 4357 188065 188065 4357 188065 4357 4357 4357 4357 538645 4357 74 74 1654865 27217 4357 74 4357 27217 4357 4357 188065 27217 4357 4357 27217 188065 188065 4357 74 4357 74 4357 4357 4357 2517770 27217 188065 188065 188065 188065 27217 4357 4357 188065 3154177 4357 4357 4357 4357 4357 4357 4357 27217 4357 4357 4357 4357 5674685 2876417 4357 10240490 4357 74 188065 4357 4357 538645 74 4357 4357 27217 1765 27217 4357 4357 4357 2876417 4357 74 74 1654865 370 188065 538645 188065 188065 27217 188065 188065 4357 158306725 188065 188065 74 2517770 4357 538645 3946465 74 188065 188065 538645 27217 74 188065 1227434 4357 2720017 4357 188065 188065 27217 370 4357 4357 74 4357 115304645 4357 188065 188065 538645 1227434 188065 188065 169010 188065 27217 188065 4357 4357 4357 4357 4357 4357 4357 27217 158306725 4357 4357 4357 4357 188065 1227434 74 27217 74 4357 4357 4357 4357 4357 4357 4357 74 188065 4357 5204050 4357 188065 188065 4357 4357 4357 27217 538645 4357 74 4357 27217 188065 4357 188065 1227434 169010 4357 188065 188065 188065 4357 4357 4357 4357 4357 4357 4357 74 4357 74 27217 74 4357 4357 188065 27217 188065 538645 4357 1765 188065 4357 4357 4357 4357 4357 4357 188065 188065 4357 4357 4357 4357 4357 4357 188065 169010 74 74 188065 4357 74 188065 4357 27217 169010 169010 4357 158937301 27217 188065 27217 4357 188065 169010 538645 4357 188065 4357 4357 19668994 4357 188065 27217 188065 2876417 4357 2281250 115628305 4357 290 188065 4357 188065 2281250 4357 4357 538645 2876417 4357 538645 4357 27217 4357 4357 188065 1654865 2281250 188065 188065 4357 4357 2281250 4357 544505 27217 4357 4357 74 4357 188065 188065 1789834 4357 169010 4357 74 4357 4357 4357 188065 4357 538645 4357 188065 188065 188065 188065 188065 74 4357 
112897 170 170 170 170 74 170 112897 170 170 74 170 45002 170 45002 170 170 170 170 370 170 170 45002 45002 61217 1812445 170 45002 74 170 170 45002 170 45002 170017 170 45002 170 170 170 170 720002 170 45002 170 170 170 170 170 45002 170 45002 261994 679225 170 74 74 112897 61217 170 45002 170 74 170 170017 170 170 45002 45002 74 720002 45002 74 170 45002 45002 170 170 45002 45002 170 170 170 170 74 170 170 170 170 61217 2570 4357 45002 4357 4357 170 45002 4357 170 45002 170 261994 122434 4357 170 18434594 170 261994 45002 170 170 20848357 11289601 61217 59170 170 4357 170 170 170 3082729 112897 170 170 4357 59170 122434 170 45002 45002 170 170 170 45002 122434 45002 170 45002 170 170 170 170 74 45002 261994 112897 45002 170 74 45002 170 170 45002 4357 45002 4357 170 74 170 170 61217 170 170 112897 170 59170 61217 45002 170 170 170 59170 45002 170 61217 170 170 74 61217 45002 74 679225 45002 170 170 61217 103433525 170 74 170 1116050 170 261994 45002 8140885 170 720002 74 61217 170 45002 74 170 45002 261994 170 112897 170 74 55114 74 170 170 16825 679225 170 170 61217 170 170 170 170 170 45002 4357 61217 4357 55114 679225 45002 170 1812445 4357 74 74 170 170 45002 170 679225 170 170 170 45002 170 74 45002 45002 170 45002 45002 4900505 767377 170 45002 170 4357 720002 45002 170 74 170 170 4357 45002 170 170 679225 74 45002 21385802 74 170 45002 112897 170 4357 45002 170 170 170 45002 170 170 74 170 4900505 170 720002 170 170 74 170 61217 45002 45002 45002 4357 61217 55114 170 261994 4357 4357 679225 170 261994 170 74 170 679225 74 45002 45002 112897 170 61217 170 36942085 679225 74 61217 170 170 170 112897 74 16825 170 170 170 170 45002 4357 74 170 261994 45002 45002 679225 61217 74 170 170 45002 679225 679225 74 170 45002 170 74 131665 45002 45002 170 16825 720002 170 170 679225 74 170 170 45002 74 74 170 170 170 45002 170 170 59170 74 45002 170 170 170 45002 170 170 170 112897 170 170 74 61217 720002 170 170 4357 119953045 45002 45002 4357 45002 170 679225 7623317 16825 170 170 74 170 510770 370 122434 362952005 45002 
74 74 4357 170 59170 170 170 170 296185 170 170 74 58325 170 170 1743625 51077 61217 170 170 5005450 1258 122434 170 170 170 61217 4357 74 51077 170 1258 170 122434 370 16825 4357 51077 74 170 170 74 170 170 4357 170 170 51077 30634 170 170 170 58325 51077 45002 370 170 45002 170 51077 170 170 170 58325 61217 51077 170 903170 370 170 74 186267905 170 170 170 170 170 74 74 30634 170 170 462336005 4357 51077 51077 51077 170 61217 370 30634 74 61217 51077 170 51077 51077 51077 170 4357 170 74 51077 4357 1258 170 170 1258 51077 74 408850 4654585 170 370 51077 45002 170 170 170 170 74 45002 122434 170 74 170 74 170 370 170 370 170 170 170 4654585 74 112897 370 170 903170 51077 370 170 170 45002 51077 170 170 170 170 51077 45002 112897 122434 170 370 170 61217 74 170 1258 170 61217 170 170 1258 170 51077 370 170 58325 170 170 51077 170 170 4357 170 170 170 61217 74 74 370 1258 112897 74 112897 74 61217 74 45002 74 51077 170 170 170 45002 170 112897 1116050 170 74 170 112897 1258 74 170 185 51077 170 170 51077 256161601 61217 58325 58325 170 170 55114 74 51077 51077 58325 370 170 170 170 170 170 170 903170 40752490 4357 51077 170 51077 51077 170 112897 1258 1258 51077 4357 61217 1258 170 170 74 122434 45002 58325 16825 170 370 170 4357 1258 170 170 170 51077 61217 170 170 74 74 170 370 170 74 51077 170 170 51077 170 170 170 122434 3736394 55114 74 170 58325 74 112897 170 170 51077 74 61217 51077 170 74 61217 45002 170 170 170 903170 370 170 4357 170 2917265 170 170 58325 30634 170 51077 45002 61217 51077 170 51077 170 51077 1258 170 170 74 170 170 4654585 170 51077 170 58325 170 61217 370 51077 61217 2917265 170 170 170 170 74 4357 170 370 170 122434 45002 51077 74 3434 170 45002 5005450 170 4357 1258 112897 74 61217 170 2917265 2917265 170 74 170 170 51077 58325 51077 170 370 74 170 170 625010 112897 170 170 61217 170 170 170 112897 56644010 5005450 1258 51077 2917265 61217 170 112897 4357 45002 170 170 74 170 170 61217 170 61217 903170 170 51077 4357 170 51077 51077 170 58325 51077 170 179945 170 170 170 170 170 170 74 16825 170 170 74 170 58325 51077 112897 370 170 170 235998737 370 170 74 51077 74 51077 3736394 45002 122434 170 61217 1258 170 170 51077 170017 170 170 74 1258 51077 1258 170 170 55114 4357 20072450 170 170 112897 7623317 370 61217 4357 370 61217 61217 4357 74 170 58325 1258 170 61217 170 74 4900505 51077 55114 51077 59170 61217 16825 170 170 170 112897 170 170 61217 170 170 170 170 170 170 51077 51077 170 51077 58325 112897 
170 170 1717 170 74 1717 170 170 170 170 1258 10 170 170 170 170 170 170 4357 74 1717 1889849 161209 370 170 170 170 170 170 170 74 1717 170 170 4357 1717 45002 1717 4654585 170 74 74 74 74 1717 170 170 61217 1717 323402 170 4357 370 1717 170 170 170 170 170 1258 1889849 370 5866085 323402 170 1258 1717 170 170 170 1002530 4357 170 170 1717 61217 61217 170 170 170 122434 1258 1717 170 170 1258 1717 170 170 1717 161209 170 74 61217 170017 1717 1889849 4357 170 370 4357 170 170 12446785 16825 74 1717 1717 1812445 1717 170 170 58325 510770 865930 4357 61217 1717 1258 185 1002530 74 170 170 170 74 4357 74 61217 51077 170 74 170 161209 170 51077 170 1717 170 170 170 1717 45002 1717 74 170 1717 112897 170 122434 4357 170 74 1717 170 43797925 74 61217 26061925 170 170 61217 61217 1717 170 170 1047370 1717 61217 170 45002 170 45002 170 1717 55114 170 59170 1258 170 1258 1258 1717 1717 1717 4357 1717 1812445 4357 122434 170 74 1258 170 1717 170 170 1717 112897 1717 45002 161209 1717 74 170 170 1717 74 61217 74 170 170 170 323402 1002530 1717 4357 2679125 161209 170 1717 1889849 1717 170 1717 370 4357 170 74 74 170 1717 1717 170 161209 170017 323402 74 170 1258 370 45002 4357 1002530 74 170 112897 170 170 170 4357 59170 170 170 170 1717 1717 170 323402 170 170 170 1002530 122434 1717 61217 170 74 170 1717 170 170 1717 1889849 16825 170 170 170 170 59170 170 170 1717 323402 170 74 170 170 74 2742337 323402 1258 170017 1717 48674 170 170 1258 170 170 1717 170 1258 323402 4357 1717 4900505 61217 61217 74 170 170 1390370 1258 3736394 170 323402 112897 16825 170 1717 1717 170 323402 170 170 74 170 170 1717 74 1717 1258 170 170 1717 112897 4357 61217 122434 170 170 1717 170 170 1717 170 1717 170 58325 61217 170 170 1717 1717 170 170 1258 7623317 74 1717 170 1258 170 4357 170 4357 10287650 61217 51077 170 4357 1717 170 61217 170 170 1258 170 1258 170 1717 1889849 170 1258 170 74 170 170 170 4357 170 161209 1717 45002 170 1717 161209 170 170 170 1889849 170 170 170 170 170 4357 45002 74 59170 1717 31900345 170 1717 170 61217 45002 74 170 323402 370 170 1717 170 170 112897 61217 1717 74 170 170 10 59170 170 170 1889849 74 112897 170 1717 323402 45002 4357 170 170 122434 61217 170 170 1258 170 170 170 170 26061925 1717 74 1717 4357 170 1717 323402 1717 170 1002530 170 170 170 1717 74 74 74 1002530 170 170 765034 865930 170 170 74 170 170 1258 112897 1717 170 74 61217 170 1717 1717 1717 170 170 74 170 170 170 170 61217 61217 170 12659365 
170 170 27217 170 170 170 4357 1227434 170 170 27217 4357 170 27217 170 170 170 158937301 27217 170 170 74 188065 74 122434 169010 74 4357 538645 170 170 27217 170 188065 188065 170 170 74 4357 27217 170 74 59170 170 188065 170 27217 170 170 9439625 1654865 1227434 188065 188065 170 2281250 2281250 10370 74 2517770 188065 170 4357 170 170 74 122434 1227434 169010 188065 188065 170 170 188065 188065 2876417 170 4357 170 188065 1227434 188065 188065 1654865 188065 170 74 170 3946465 1227434 27217 7897465 1765 74 74 74 4357 1654865 122434 158306725 27217 4357 170 170 1227434 188065 170 170 170 188065 4357 170 1227434 170 169010 170 170 27217 170 74 188065 170 170 188065 538645 170 188065 27217 188065 1227434 27217 170 170 170 2876417 169010 170 170 74 4357 27217 170 170 2876417 538645 1654865 170 74 493765 170 538645 2876417 188065 170 188065 74 170 74 1654865 170 170 4357 74 74 170 169010 169010 188065 170 27217 2876417 1227434 170 170 188065 170 170 4357 188065 188065 2876417 170 188065 170 170 170 1031050 170 188065 188065 170 27217 2876417 27217 170 170 170 170 27217 122434 188065 170 6061010 188065 188065 188065 169010 170 1654865 170 188065 188065 10370 188065 16825 27217 170 1227434 27217 170 170 2876417 27217 4357 170 188065 74 27217 170 170 170 188065 1227434 170 27217 538645 170 27217 188065 74 37829045 27217 4357 170 27217 170 170 10370 4357 74 4357 188065 27217 170 122434 22049 27217 27217 4357 188065 4357 170 170 188065 170 2281250 74 170 3946465 170 4357 188065 3946465 188065 170 170 2876417 170 74 4357 188065 188065 74 370 170 170 27217 188065 74 170 4357 170 188065 188065 170 122434 27217 4357 74 74 170 27217 170 170 
459850 10405 10405 37970245 239434 29045 15317 276770 464290 4369 10405 15317 4850 10405 10405 15317 10405 10405 10405 29045 15317 10405 15317 10405 121685 10405 4369 15317 4369 10405 10405 459850 10405 15317 10405 29045 29045 4369 10405 239434 8304517 273205 4369 29045 10405 8738 239434 10405 459850 4369 10405 459850 15317 15317 276770 4369 10405 273205 10405 6290 15317 71978 10405 10405 15317 10405 4369 10405 10405 15317 10405 1624505 102154 10405 29045 10405 15317 10405 10405 121685 10405 4369 10405 10405 15317 10405 4369 10405 7911229 10405 10405 15317 276770 10405 10405 10405 29045 15317 459850 121685 10405 10405 10405 29045 10405 29045 15317 10405 10405 15317 10405 10405 239434 10405 4369 4369 10405 239434 10405 10405 4369 4369 170 4369 10405 10405 4369 10405 4369 10405 15317 10405 15317 15317 10405 10405 10405 169010 29045 10405 10405 29045 10405 4369 15317 10405 714425 10405 714425 10405 10405 10405 10405 29045 15317 10405 10405 15317 121685 459850 10405 10405 15317 714425 102154 10405 10405 10405 10405 15317 29045 10405 10405 10405 15317 15317 6290 15317 10405 239434 15317 714425 10405 29045 29045 10405 29045 10405 29045 4369 170 4369 10405 4369 15317 10405 10405 10405 10405 10405 10405 29045 10405 10405 10405 10405 15317 29045 15317 10405 10405 29045 10405 10405 4369 29045 10405 10405 273205 4369 10405 10405 10405 10405 10405 15317 10405 459850 459850 10405 29045 15317 10405 10405 15317 10405 10405 239434 170 10405 15317 10405 10405 10405 239434 970 15317 10405 4369 10405 15317 29045 10405 29045 29045 10405 4369 15317 170 10405 10405 239434 464290 459850 15317 29045 10405 10405 4369 10405 15317 15317 4369 10405 10405 10405 10405 15317 102154 
202 74 101 8245 1450 74 101 202 21353657 74 8245 190450 456977 101 247810 202 8245 74 74 202 202 74 101 1332970 8245 74 392005 456977 101 101 74 101 286565 202 1746485 8245 8245 202 8245 1047370 8245 74 8245 8245 74 202 74 101 101 202 202 74 202 8245 74 74 74 8245 101 8245 202 101 202 456977 101 74 101 74 202 101 74 74 74 363701 101 202 74 101 74 74 202 190450 74 202 1736618 202 363701 101 8245 202 8245 74 202 74 74 74 202 202 101 8245 74 8245 74 8245 202 101 74 101 101 202 286565 74 8245 202 8245 456977 8245 8245 8245 202 8245 202 101 8245 74 202 8245 202 202 202 101 1332970 101 8245 8245 4369 74 8245 101 101 190450 202 101 74 202 101 8245 74 8245 8245 202 74 456977 392005 74 202 202 8245 363701 202 74 202 202 101 101 8245 74 74 8245 202 8245 456977 286565 8245 101 8245 190450 74 101 8245 101 101 74 74 8245 74 101 8245 202 202 8245 202 12923530 456977 101 74 8245 8245 8245 363701 74 456977 101 101 101 286565 74 202 74 101 126085529 74 6843890 202 74 74 101 31754 202 2455330 101 74 202 202 8245 8245 202 101 8245 8245 202 101 740690 202 74 74 4369 74 74 74 202 74 31754 74 202 101 8245 8245 101 202 101 74 1047370 202 74 101 202 361010 101 74 286565 202 2672930 8245 202 286565 74 202 785 202 202 8245 202 8245 202 74 8245 74 8245 202 74 202 8245 202 74 8245 8245 101 74 74 101 202 101 202 202 8245 29045 74 12923530 74 8245 101 101 456977 74 361010 101 101 74 202 8245 8245 190450 8245 286565 74 8245 1450 8245 74 8245 74 456977 361010 8245 101 286565 101 74 8245 8245 4369 129549925 202 8245 8245 74 8245 8245 202 286565 101 101 74 1018145 202 286565 8245 370 101 74 202 202 785 10730 8245 74 74 101 74 286565 74 101 8245 456977 74 456977 8245 101 74 456977 101 8245 202 8245 74 202 202 74 361010 202 202 8245 74 101 8245 202 74 74 74 202 101 202 286565 1332970 202 202 74 8245 202 74 456977 74 202 1332970 8245 74 2475005 29045 202 456977 456977 74 101 8245 101 101 202 74 74 286565 286565 202 101 1421290 101 2724850 370 1018145 101 74 101 74 785 202 74 101 8245 8245 8245 101 202 202 8245 74 202 12923530 8245 456977 101 101 363701 202 202 101 8245 202 31754 8245 8245 202 101 190450 74 8245 8245 8245 74 101 74 74 8245 456977 808265 456977 74 456977 101 74 101 8245 74 74 74 74 101 74 74 74 8245 74 101 8245 74 202 74 74 101 74 8245 202 1332970 74 74 101 456977 202 8245 8245 202 101 286565 8245 2455330 202 74 202 74 8245 363701 101 363701 101 202 74 74 74 101 286565 202 8245 456977 190450 370 74 74 74 74 74 101 101 29045 202 74 
170 45002 170 17 20848357 170 45002 170 170 170 45002 45002 170 170 170 170 1812445 170 45002 45002 679225 45002 170 17 61217 170 170 170 45002 170 170 170 170 45002 170 170 170 125445170 55114 170 1812445 45002 170 170 170 170 17 45002 170 45002 61217 170 170 170017 170 170 45002 170 170 45002 122434 170 170 720002 170 45002 170 170 17 170 170 17 170 170 170 170 679225 170 170 170 170 45002 45002 170 170 45002 61217 17 170017 170 45002 45002 170 45002 2212405 170 170 45002 170 45002 170 170 170 45002 112897 679225 170 170 170 17 170 170 45002 17 61217 45002 679225 45002 170 170 170 45002 45002 45002 170 9168970 679225 61217 17 170 170 45002 45002 170 2570 45002 45002 170 45002 170 170017 170 45002 17 61217 170 170 170 170 170 17 170 170 17 170 170 170 170 170 170 170 170 170 45002 170 170 720002 45002 170 170 17 45002 679225 170 170 170 170 17 170 261994 7623317 170 170 45002 170 170 45002 679225 112897 170 170 170 170 170 170 170 170 61217 720002 170 5957905 45002 45002 170 170 45002 170 170 61217 170 17 45002 170 17 170 170017 170 170 170 720002 61217 170 679225 45002 112897 170 170 170 45002 45002 170 170 17 45002 679225 679225 170 45002 170 61217 170 170 170 61217 679225 170 170 45002 170 170 45002 122434 45002 679225 170 45002 170 170 170 170 170 170 679225 170 17 170 45002 170 170 170 170 45002 679225 170 170 170 170017 45002 17 170 170 45002 45002 170 45002 112897 170 170 170 679225 9168970 170 720002 170 61217 170 170 45002 9168970 170 170 170 1036325 45002 2570 170 17 170 170 170 170 170 170 170 45002 45002 261994 170 170 170 45002 45002 2212405 679225 61217 170 170 5301490 45002 170 170 61217 170 45002 134235397 170017 170 170 45002 45002 170 170 170 170 170 679225 61217 45002 45002 170 679225 170 170 170 170 61217 170 170 170 170 170 679225 170 170 720002 45002 170 170 170 170 45002 170 170 45002 170 8140885 1116050 17 170 170 112897 170 170 45002 170 45002 45002 170 45002 45002 720002 170 61217 45002 17 45002 112897 45002 170 170 170 170 170 170 170 170 17 17 170 61217 170 170 170 679225 45002 45002 17 45002 45002 45002 170 170 17 170 720002 170 45002 45002 170 17 45002 61217 170 61217 170 17 45002 17 45002 170 170 170 170 170 45002 170 1812445 170 261994 3597217 45002 45002 170 45002 45002 261994 170 679225 45002 170 170 170 45002 17 720002 45002 45002 45002 170 45002 679225 112897 45002 112897 170 43658050 170 170 45002 45002 112897 112897 170 45002 45002 45002 170 170 45002 2570 170 170 7623317 170 45002 61217 170 170 45002 170 170 170 170 170 45002 170 170 45002 45002 170 170 170 170 170 170 170 17 112897 170 170 170 679225 45002 170 170 170 45002 170 112897 45002 112897 170 170 261994 170 122434 45002 170 17 45002 170 170 170 45002 45002 112897 45002 170 45002 170 170 61217 170 170 17 170 679225 61217 17 45002 170 45002 45002 679225 45002 170 170 170 170 679225 170 170 170 170 2570 45002 170 45002 45002 441010 45002 170 170 170 45002 170 18434594 170 61217 170 170 45002 170 45002 679225 45002 17 
27889745 190450 74 4357 74 74 456977 74 74 16825 1654865 4357 74 4357 4357 74 31754 2720017 74 202 1654865 2672930 74 74 4357 16825 456977 16193809 74 74 74 74 74 6843890 456977 4357 74 74 370 74 74 1018145 74 370 74 74 363701 74 8245 74 74 74 4357 101 74 74 74 16825 190450 4357 74 456977 101 16825 290 101 74 74 74 4357 8245 16825 74 74 8245 101 74 74 74 74 74 74 8245 74 74 74 4357 101 363701 8245 74 16825 456977 74 4357 74 74 980101 74 8245 74 16825 8245 74 74 2425 74 74 74 363701 74 74 101 4357 74 74 74 8245 74 74 4357 363701 101 290 74 74 290 74 74 101 74 74 4357 4357 74 4357 101 16825 363701 74 74 101 4357 74 74 101 101 74 101 8245 74 8245 74 74 74 74 4357 74 74 74 370 74 74 74 74 16825 101 74 74 4357 74 16825 74 16825 74 101 6843890 4357 4357 74 74 4357 74 2425 74 4357 74 8245 2672930 4357 8245 74 4357 74 74 4357 8245 1654865 74 363701 74 74 4357 2425 16825 363701 8245 101 74 16825 74 74 101 74 74 74 8245 74 2425 74 2425 74 74 31754 74 785 74 4357 456977 456977 31754 4357 74 101 363701 74 74 74 4357 74 74 74 4357 74 16193809 4357 101 2342345 74 74 74 4357 74 74 74 4357 16825 8245 16010 74 74 16825 1018145 74 74 4357 1018145 101 74 8245 74 4357 74 4357 74 74 74 74 74 101 74 74 4357 101 4357 74 363701 74 101 74 74 74 16825 8245 370 74 74 8245 101 8245 74 74 74 74 8245 74 4357 74 16825 7850 74 363701 74 74 74 4357 101 16825 74 74 4357 74 74 74 101 8245 10730 74 101 74 74 6352450 456977 10730 190450 74 74 74 74 74 16825 74 74 74 74 74 74 4357 8245 8245 1654865 290 1018145 74 74 363701 74 190450 74 2720017 101 74 74 74 74 363701 74 456977 74 74 74 74 74 363701 74 74 1654865 8245 74 74 16825 363701 4357 8245 74 4357 74 8245 456977 101 1654865 74 10730 456977 1654865 74 74 74 74 74 16825 8245 174545930 10730 74 74 290 74 16825 74 370 74 101 2425 16825 74 74 202 456977 74 74 101 16825 74 363701 101 8245 8245 74 74 101 74 101 74 4357 190450 74 74 74 74 4357 74 101 74 74 4357 101 456977 74 74 74 74 101 16825 456977 4357 74 2425 1654865 74 74 101 74 31754 74 4357 202 74 384985 74 74 4357 16825 74 190450 4357 456977 74 74 74 74 4357 363701 980101 4357 74 16825 16825 74 74 16825 2425 74 4357 74 74 4357 74 74 1654865 370 74 74 16825 74 74 363701 16825 74 16825 74 1654865 74 74 74 74 26293865 4357 1018145 2425 16825 74 8245 74 1654865 4357 74 456977 16825 
485 10370 1685450 485 10370 10370 485 485 485 485 485 485 10370 485 10370 485 485 485 10370 485 10370 485 2125765 34 10370 485 485 485 10370 10370 181337 485 485 1685450 485 485 10370 10370 485 1685450 485 34 10370 485 34 14257802 10370 10370 10370 10370 485 485 10370 485 10370 10370 485 485 485 10370 10370 485 10370 10370 10370 485 485 10370 485 485 485 485 10370 10370 485 1590265 1116050 485 120250 15079850 120250 10370 485 120250 10370 485 10370 485 485 10370 485 485 485 485 485 34 34 485 485 485 485 10370 5991050 10370 485 120250 485 485 2125765 485 10370 10370 485 10370 269125 485 485 485 485 269125 1685450 10370 4850 10370 485 10370 485 485 485 10370 10370 485 514 485 485 10370 485 10370 2125765 2125765 485 485 10370 2125765 485 2171570 10370 10370 10370 120250 1685450 485 10370 485 10370 485 485 485 
202 202 505 505 202 1717 12666245 202 202 202 202 202 1717 202 1717 286565 1717 202 8245 202 74 8245 202 202 1717 202 1717 8245 202 202 505 202 8245 240101 1717 8245 1450 77450 202 8245 1717 1717 202 202 1717 505 202 8245 505 202 286565 1717 1717 55114 202 101 202 202 202 1717 202 1717 202 202 940325 202 8245 202 240101 202 202 2178005 1717 202 202 202 202 8245 8245 202 8245 202 1717 8245 202 101 286565 202 202 361010 202 8245 8245 202 202 202 202 202 202 286565 286565 1717 202 101 202 55114 202 202 240101 1717 202 101 1717 202 202 686450 55114 505 202 8245 8245 202 202 202 202 202 202 8245 74 286565 1717 202 202 202 202 505 1717 202 202 1717 202 202 202 202 1717 5270770 202 1717 202 505 8245 202 202 1717 686450 202 202 202 202 240101 1717 5270770 202 505 1717 202 8245 286565 1717 1717 202 286565 202 63370 1717 286565 1717 1717 286565 8245 202 202 202 202 202 1332970 1717 202 1717 286565 202 202 202 1717 8245 1717 1717 505 202 202 202 77450 202 202 505 77450 202 1717 1450 202 1717 202 202 1717 1717 202 1717 202 1717 146450 202 1717 202 202 10447945 202 77450 1717 202 8245 202 1332970 1717 1717 202 1717 202 1717 202 1717 77450 202 5834825 202 202 8245 202 1717 202 202 28995829 63370 1717 202 1717 202 101 202 202 8245 505 202 1717 202 8245 202 1717 202 286565 202 1717 202 1717 8245 74 202 1717 1717 202 202 8245 202 202 202 202 202 202 505 202 55114 202 505 8245 202 8245 1717 1717 202 505 202 202 286565 1717 8245 202 202 1717 202 505 202 202 1717 202 240101 8245 202 202 202 202 101 202 101 1717 8245 202 1717 247810 8245 1717 64128065 202 1717 1717 202 202 74 202 202 2979925 1717 202 1332970 940325 4977785 1717 240101 8245 202 505 202 202 202 202 1450 202 202 505 202 1332970 505 202 286565 
49010 2594 46085 46085 2570 46085 46085 1717 46085 46085 15693002 49010 49010 1717 102154 46085 49010 1717 157625 46085 46085 202 202 1717 202 1717 157625 309137 46085 49010 1570 46085 202 309137 1717 46085 102154 157625 654985 22474 46085 1570 157625 1717 49010 202 157625 2570 1570 46085 157625 46085 1717 49010 46085 110245 46085 46085 1717 1717 46085 1717 46085 46085 46085 1717 1717 1717 46085 46085 1717 10 800005 1717 1717 46085 202 1717 46085 46085 1717 46085 46085 1717 572050 157625 46085 49010 46085 1717 46085 46085 16386305 1717 202 1717 46085 46085 46085 46085 157625 2570 1717 202 46085 157625 1570 1717 46085 49010 1570 1717 1717 157625 1717 22474 1717 1717 2594 46085 49010 46085 46085 1717 1717 22474 46085 46085 46085 157625 309137 1717 46085 202 1717 46085 157625 1717 46085 1717 970 110245 309137 1717 157625 46085 49010 157625 157625 46085 10 157625 46085 49010 46085 46085 2570 49010 1717 157625 1717 46085 46085 46085 46085 17288965 1717 46085 46085 970 309137 46085 49010 2570 654985 1717 46085 46085 1717 1717 49010 49010 16451137 46085 202 46085 46085 49010 46085 10 157625 2594 157625 10 819202 46085 110245 46085 46085 14945125 46085 970 46085 46085 49010 2570 49010 202 1717 46085 49010 46085 1717 2570 49010 102154 10 46085 46085 46085 1717 157625 1717 46085 46085 46085 157625 21170 157625 1717 49010 46085 46085 46085 49010 157625 1717 49010 46085 1717 1717 157625 1717 2594 46085 1717 46085 1717 46085 1717 1717 29184802 49010 46085 1570 1717 1717 46085 1717 46085 49010 46085 1717 202 1717 102154 1717 1717 1717 49010 1570 1717 1717 49010 1570 46085 157625 1717 46085 202 110245 46085 202 1717 1570 1570 46085 49010 46085 1570 4401605 46085 46085 49010 202 46085 157625 1717 46085 49010 157625 970 202 49010 1717 46085 46085 157625 1717 202 1717 2570 1570 157625 10 157625 46085 1717 1717 49010 46085 10 1717 46085 1570 46085 1717 1717 46085 4401605 309137 157625 2594 46085 46085 46085 1717 309137 1717 309137 157625 46085 46085 46085 1717 1570 1717 102154 46085 49010 46085 46085 46085 1717 205420010 49010 157625 49010 46085 46085 1570 46085 110245 46085 46085 46085 202 309137 157625 1717 202 46085 1717 1717 46085 46085 46085 202 46085 46085 46085 46085 1570 1717 46085 46085 46085 49010 46085 
62725 485 485 10370 485 485 485 10370 485 485 485 27217 485 10370 485 34 14257802 10370 10370 10370 44098 485 269125 485 485 485 485 10370 269125 10370 10370 120250 1116050 188065 10370 10370 1685450 10370 10370 10370 485 10370 10370 10370 485 10575505 10370 62725 485 62725 10370 10370 10370 10370 485 34 485 485 485 485 1227434 10370 10370 10370 10370 4162685 10370 485 10370 485 485 10370 485 10370 120250 485 10370 10370 34 10370 485 10370 10370 485 62725 62725 10370 10370 10370 10370 62725 10370 485 485 10370 485 10370 485 485 1685450 10370 485 485 181337 1227434 87388738 120250 485 10370 485 10370 10370 485 485 10370 485 485 2876417 485 485 10370 485 10370 485 485 10370 10370 120250 10370 485 485 485 10370 188065 485 485 485 10370 485 34 10370 501265 10370 10370 5618005 10370 10370 485 485 10370 269125 10370 485 501265 62725 10370 485 181337 501265 10370 485 485 10370 501265 10370 485 5991050 485 485 10370 10370 269125 10370 485 10370 485 10370 1116050 10370 10370 120250 485 10370 10370 564485 2125765 120250 10575505 188065 485 485 10370 10370 485 485 62725 2125765 485 485 10370 1227434 485 10370 485 485 485 34 485 10370 120250 34 485 485 485 1685450 2125765 10370 10370 485 485 485 4357 485 10575505 10370 10370 62725 10370 485 485 10370 485 485 514 10370 485 10370 485 27217 27217 10370 1116050 13811225 10370 485 485 120250 120250 485 485 10370 10370 485 485 312617797 485 485 10370 27217 181337 485 485 21385802 10370 181337 10370 538645 485 10370 1116050 10370 10370 10370 485 1227434 34 10370 485 485 10370 10370 485 2125765 10370 10370 10370 485 485 10370 10370 10370 485 10370 485 10370 485 10370 485 485 120250 10370 485 1685450 269125 485 181337 10575505 1685450 485 10370 485 10370 485 485 485 485 485 485 485 34 485 485 12574117 120250 10370 10370 34 485 485 485 485 10370 188065 10370 485 10370 181337 10370 10370 485 27217 10370 10370 34 10370 485 194690 485 485 34 10370 485 62725 485 485 269125 10370 485 485 10370 27217 62725 10370 485 10370 10370 4424810 485 10370 485 5270770 269125 485 485 10370 27217 1685450 10370 485 10370 181337 485 181337 10370 485 485 485 485 485 485 485 10370 1685450 485 10370 10370 485 485 120250 34 485 10370 501265 10370 485 485 10370 10370 485 6063730 181337 120250 10370 1227434 10370 10370 485 485 485 10370 
13450 85 85 85 85 465125 465125 19018 85 19018 85 85 85 465125 85 85 36101 200789125 85 36101 85 19018 85 19018 19018 65650 85 5657525 85 85 36101 19018 465125 184325 85 13450 85 85 36101 19018 465125 85 9785890 19018 2513570 85 85 85 465125 202 85 85 19018 85 85 239434 85 3145 36101 36101 2513570 13450 36101 13450 370 19018 465125 85 85 19018 36101 36101 85 36101 85 74 36101 465125 19018 36101 2480725 36101 85 85 85 85 465125 465125 85 36101 5657525 85 13450 19018 85 85 13450 85 51850 36101 19018 19018 85 85 85 19018 85 19018 36101 85 85 85 85 19018 36101 85 465125 85 85 19018 465125 465125 85 465125 3145 36101 36101 36101 465125 3145 85 239434 19018 85 36101 85 465125 85 8825 19018 85 19018 19018 36101 36101 85 85 19018 85 239434 36101 36101 239434 85 19018 85 465125 85 85 19018 695185 19018 202 8825 85 19018 85 85 85 85 19018 36101 85 85 85 85 184325 85 36101 19018 36101 85 36101 85 19018 465125 2513570 36101 465125 85 19018 19018 85 19018 184325 85 3849850 36101 85 36101 85 465125 19018 85 85 19018 36101 36101 3145 97974325 85 19018 19018 85 19018 36101 85 85 465125 13450 85 13450 4460545 36101 465125 170 85 36101 19018 36101 202 19018 85 85 65650 85 465125 465125 19018 170 5657525 85 13450 184325 
29045 29045 85 29045 72901 239434 85 72901 85 85 72901 85 85 7850 29045 85 72901 72901 72901 85 85 85 463114 85 463114 36101 85 36101 85 85 85 85 85 29045 85 85 85 29045 72901 463114 328250 72901 36101 72901 3737 36101 72901 85 36101 29045 85 85 85 72901 36101 72901 85 36101 85 110245 85 85 29045 51914 72901 72901 176290 3737 110245 85 72901 463114 36101 85 85 36101 184901 36101 248965 85 85 85 184901 29045 2185625 29045 85 29045 72901 202 85 85 36101 72901 85 239434 36101 465125 463114 110245 110245 85 110245 184325 72901 85 19018 72901 36101 85 85 85 72901 72901 85 176290 85 2185625 85 36101 36101 36101 85 29045 85 85 72901 29045 85 273205 72901 110245 85 29045 36101 85 85 36101 13450 85 85 85 3536425 85 85 85 36101 85 85 36101 85 85 184901 36101 85 463114 85 29045 29045 110245 36101 85 72901 85 29045 85 463114 85 36101 85 29045 85 85 72901 85 85 463114 72901 110245 85 29045 72901 29045 85 19018 184901 72901 85 248965 463114 463114 29045 72901 36101 85 36101 72901 85 36101 85 72901 465125 36101 72901 184325 2185625 85 72901 72901 463114 85 85 29045 29045 72901 85 85 85 85 85 110245 85 85 72901 36101 85 176290 239434 85 36101 463114 85 110245 85 36101 36101 24650 463114 85 72901 85 85 85 36101 29045 85 85 72901 176290 85 36101 29045 29045 85 2185625 72901 85 51914 13450 72901 36101 85 29045 85 176290 36101 36101 85 72901 13450 85 72901 36101 29045 72901 72901 1923545 36101 2185625 2657525 85 184901 29045 29045 2185625 463114 176290 273205 72901 465125 3737 612170 36101 72901 85 463114 9553450 36101 110245 36101 36101 85 7446730 29045 463114 36101 72901 29045 29045 85 85 72901 85 72901 72901 72901 85 36101 465125 36101 29045 85 35804885 36101 239434 29045 85 36101 85 85 85 465125 85 29045 85 85 29045 85 36101 85 2657525 29045 85 36101 85 110245 51914 72901 85 85 36101 85 85 36101 7850 463114 36101 72901 85 36101 29045 85 85 36101 29045 3723850 85 85 85 36101 85 85 72901 29045 85 72901 29045 184901 72901 85 85 85 85 85 3737 72901 239434 7850 36101 85 72901 3737 85 24050 273205 72901 85 85 85 85 85 72901 36101 3737 85 85 85 184901 29045 13450 85 85 85 85 85 85 85 72901 79868465 29045 85 85 110245 36101 36101 85 29045 29045 85 85 110245 36101 465125 85 7106450 463114 29045 85 72901 29045 85 36101 85 29045 85 85 465125 184901 85 85 72901 184325 85 72901 29045 36101 85 72901 85 85 85 239434 85 29045 85 3638050 110245 85 85 465125 85 36101 72901 36101 36101 72901 29045 85 72901 36101 202 72901 85 85 239434 29045 36101 72901 36101 36101 110245 3737 110245 51914 36101 110245 36101 29045 85 85 85 85 85 36101 72901 85 72901 72901 85 36101 85 465125 85 463114 29045 29045 29045 29045 85 85 239434 239434 13450 36101 463114 85 29045 85 72901 85 85 85 72901 65650 13450 85 85 85 85 3737 110245 36101 85 85 36101 36101 85 72901 72901 85 
34 485 5 485 3530 34 485 3530 3530 485 485 485 485 34 34 485 148138 3530 34 19018 34 3530 3530 485 34 485 485 3530 485 3530 3530 34 19018 3530 485 5365 485 485 34 3530 3530 34 485 3530 19018 3530 3530 485 3530 3530 987530 5365 34 485 34 485 5 34 3530 3530 19018 3530 62725 34 3530 485 485 485 8774210 485 34 1331593 29955250 34 485 485 3530 485 3530 485 34 34 5 34 62725 3530 3530 485 3530 1331593 3530 485 5365 5991050 3530 34 485 5365 485 485 485 34 34 6394645 5365 5365 485 3530 485 1331593 3530 3530 485 34 485 485 3530 485 1331593 3530 3530 485 3530 34 485 34 3530 3530 2570 34 987530 62725 485 987530 485 5365 3530 34 485 3530 987530 485 3530 485 34 485 34 34 5365 3530 5 3530 987530 34 485 19018 34 485 485 3530 
465125 3145 36101 465125 170 85 85 3145 85 85 36101 19018 13450 65650 3145 85 19018 13450 85 85 36101 170 85 465125 2657525 85 19018 85 36101 85 85 13450 85 465125 19018 13450 13450 13450 85 13450 465125 465125 85 13450 36101 44783650 13450 36101 465125 85 85 19018 85 85 465125 19018 85 85 36101 3145 3145 85 19018 239434 465125 85 19018 370 85 85 85 19018 19018 85 85 85 85 36101 19018 85 85 2513570 13450 36101 85 4460545 13450 19018 85 85 170 36101 13450 465125 85 2513570 85 239434 85 19018 85 465125 19018 85 465125 13450 13450 170 370 36101 36101 3145 36101 202 85 85 85 85 36101 13450 170 36101 19018 85 465125 19018 36101 19018 85 19018 1058005 465125 36101 465125 85 85 85 85 3390410 85 85 465125 85 85 85 239434 465125 85 85 36101 85 36101 85 19018 85 370 85 85 85 36101 18685 19018 202 85 19018 370 465125 465125 170 85 85 465125 85 13450 85 19018 465125 13450 465125 19018 3145 85 85 36101 13450 2657525 85 85 13450 19018 465125 85 465125 19018 19018 19018 85 19018 85 19018 36101 85 34 13450 85 465125 695185 85 85 85 36101 85 36101 36101 85 85 36101 19018 85 19018 13450 465125 239434 36101 13450 85 85 85 85 85 36101 19018 85 13450 36101 85 85 36101 85 85 36101 85 36101 19018 85 465125 36101 85 85 85 36101 85 97974325 370 13450 85 239434 465125 465125 36101 13450 36101 85 36101 36101 1058005 85 465125 1058005 36101 19018 85 36101 85 95844101 465125 19018 239434 36101 85 3849850 85 36101 85 465125 85 85 85 36101 465125 85 36101 85 370 2513570 85 85 36101 465125 19018 85 170 85 19018 85 36101 202 36101 202 85 85 19018 85 85 19018 85 19018 85 170 36101 36101 85 695185 465125 465125 19018 13450 13450 85 85 36101 3145 85 36101 85 19018 
85 85 3737 3737 85 3737 85 85 2594 136085 85 3737 85 3737 6290 3737 3737 85 3737 3737 3737 85 3737 6290 85 136085 1258 85 220505 3737 3737 3737 6290 3737 85 2594 85 3737 3737 1258 41225 41225 7850785 1258 85 1717 1258 85 85 2594 85 1717 85 85 3737 2594 3737 2594 6290 3737 3737 2594 3737 85 2594 85 1258 85 85 3737 3737 3737 1717 85 85 85 3737 85 136085 85 1258 3737 85 85 3737 3737 3737 2594 85 3737 136085 2594 3737 3737 85 85 85 3737 1258 85 2594 3737 2594 85 85 85 85 3737 3737 3737 85 3737 3737 2594 85 85 85 24050 1258 2594 6290 195365 85 3737 3737 85 3737 1717 1717 85 85 136085 85 3737 85 3737 3737 3737 1258090 136085 3737 85 85 3737 2594 136085 3737 1258 85 339865 3737 85 6290 85 136085 2594 85 3737 1258 3737 85 2979925 85 1717 3737 3737 85 3737 24050 3737 3737 85 85 2594 3737 1717 85 85 85 
2876417 188065 485 485 485 485 10370 485 188065 10370 4424810 10370 1227434 188065 10370 10370 12574117 27217 14257802 188065 188065 120250 485 485 10370 10370 485 2125765 290450 485 485 485 10370 10370 10370 485 10370 39405925 485 10370 10370 2125765 2125765 10370 485 10370 485 485 485 10370 10370 485 10370 188065 485 188065 2281250 10370 10370 1227434 485 27217 485 10370 10370 10370 10370 188065 10370 485 485 485 10370 485 485 10370 485 10370 2281250 485 27217 485 188065 485 1227434 501265 485 1227434 188065 2125765 1227434 188065 485 1227434 10575505 181337 1227434 485 1116050 485 1227434 485 4189225 10370 10370 10370 10370 485 10370 181337 10370 10370 485 269125 485 269125 10370 485 10370 181337 10370 485 27217 10370 10370 188065 485 10370 485 485 485 485 2125765 10370 485 10370 10370 188065 485 181337 501265 485 564485 2876417 10370 485 21385802 10370 188065 10370 485 485 120250 10370 485 10370 188065 10370 538645 27217 10370 10370 485 27217 188065 10370 485 2281250 2281250 10370 10370 10370 188065 10370 10370 10370 485 10370 4357 181337 10370 485 1227434 485 27217 485 485 485 1227434 10370 485 188065 485 2125765 10370 10370 485 10370 485 485 1227434 27217 485 10370 10370 485 10370 10370 501265 10370 10370 162256645 485 181337 10370 10370 37829045 2125765 10370 181337 485 485 10370 188065 10370 120250 188065 485 181337 10370 10370 485 10370 485 485 501265 188065 485 10370 10370 10370 10370 27217 27217 188065 485 10370 485 10370 485 27217 27217 2125765 10370 10370 10370 485 2125765 485 4162685 485 188065 485 120250 485 10370 27217 10370 10370 10370 10370 485 485 188065 501265 485 10370 538645 188065 10370 188065 27217 10370 10370 10370 10370 485 485 27217 269125 10370 120250 10370 2876417 10370 27217 10370 27217 4357 10370 485 485 10370 10370 188065 10370 10370 188065 10370 120250 501265 10370 10370 2281250 485 10370 27217 10370 485 10370 10370 37829045 485 10370 10370 269125 27217 4357 538645 10370 27217 1143250 10370 10370 10370 10370 10370 10370 485 10370 501265 485 2876417 485 485 10575505 10370 4424810 485 27217 10370 10370 485 9439625 188065 188065 2125765 10370 10370 121044005 188065 485 4357 269125 485 485 9439625 10370 501265 538645 27217 485 10370 485 10370 10370 485 188065 485 485 2125765 188065 485 1227434 485 10370 181337 485 1227434 1143250 27217 10370 4357 2876417 10370 485 485 10370 10370 188065 485 485 181337 188065 485 10370 10370 485 485 22740770 120250 10370 1685450 10370 485 485 10370 485 10370 1685450 120250 10370 538645 27217 2281250 485 538645 10370 485 27217 485 1227434 10370 485 10370 485 10370 188065 181337 10370 10370 485 10370 485 485 10370 2125765 10370 485 1685450 10370 10370 10370 485 485 485 10370 269125 120250 2125765 485 10370 188065 10370 10370 188065 27217 485 181337 27217 2876417 10370 485 485 188065 10370 485 10370 188065 1116050 27217 1227434 15079850 10370 10370 10370 10370 10370 485 485 67535525 10370 2281250 485 10370 10370 485 10370 4357 1227434 485 2876417 485 188065 485 10370 10370 10370 485 27217 27217 485 10370 10370 485 485 2876417 27217 538645 4357 4162685 1227434 188065 10370 485 2281250 10370 1685450 485 10370 120250 485 188065 485 181337 485 485 485 1685450 10370 188065 485 188065 10370 188065 188065 2876417 10370 485 10370 485 485 485 485 485 10370 485 188065 10370 485 27217 10370 10370 485 485 485 485 485 485 
202 74 27217 485 8245 2594 202 27217 17942090 1717 188065 188065 2594 202 1717 434314 55114 2281250 202 485 63370 1717 10370 1717 485 55114 1717 10370 27217 10370 27217 55114 188065 156658 202 1717 10370 202 2594 538645 202 202 202 10370 10370 1717 202 202 27217 202 202 8245 1717 505 10370 505 1717 202 485 202 1717 202 220505 10370 10370 10370 485 1717 202 10370 202 188065 202 1717 1717 188065 10370 27217 27217 10370 2594 1717 202 1717 202 1717 10370 10370 505 10370 27217 202 202 188065 1717 505 27217 10370 4357 202 8245 1717 505 505 188065 10370 1717 202 1717 188065 505 27217 1717 202 10370 10370 202 202 1717 1717 1717 2876417 202 1717 4357 4977785 10370 188065 27217 202 156658 202 2594 1717 202 156658 77450 188065 8245 27217 4904714 202 202 188065 202 505 202 1717 77450 202 1717 10370 202 1717 1717 1717 1717 27217 202 202 202 63370 202 27217 27217 1717 8245 77450 188065 10370 10370 485 202 10370 10370 1717 1717 1717 1717 2876417 202 2594 10370 27217 10370 10370 202 1717 202 10370 
85 85 36101 85 85 36101 465125 370 465125 85 85 85 239434 36101 85 465125 85 36101 85 85 36101 36101 19018 19018 36101 36101 5008645 370 85 85 85 19018 202 85 85 85 239434 19018 85 65650 85 85 465125 36101 19018 10582925 465125 85 19018 17945 85 85 85 85 85 85 19018 85 19018 19018 85 465125 85 85 85 85 85 85 19018 85 19018 465125 19018 3145 85 465125 31637125 465125 465125 85 36101 4753970 85 465125 85 74 19018 85 36101 239434 85 85 85 85 85 36101 36101 85 17945 85 85 85 85 85 465125 85 4460545 465125 85 36101 465125 36101 85 85 85 36101 19018 17945 19018 85 36101 85 85 85 19018 85 239434 85 85 85 85 85 85 85 65650 85 465125 239434 65650 85 85 85 370 85 85 85 239434 85 3145 85 370 85 18685 3390410 36101 465125 239434 465125 465125 85 202 36101 85 85 85 2513570 85 85 19018 36101 85 85 19018 85 19018 85 19018 85 465125 85 465125 2513570 85 36101 85 19018 36101 19018 465125 85 85 85 36101 202 85 85 85 36101 465125 85 85 465125 85 85 85 3145 19018 85 85 85 85 19018 65650 85 19018 465125 85 465125 19018 17945 239434 19018 17945 85 465125 85 85 85 85 85 17945 36101 465125 85 85 85 85 3849850 65650 85 85 19018 36101 36101 19018 170 19018 85 19018 85 85 19018 85 85 370 19018 85 85 36101 465125 85 361010 17945 19018 85 184325 19018 85 3849850 85 85 239434 85 85 85 85 85 85 85 85 85 19018 85 17945 19018 85 239434 19018 17945 85 85 85 85 370 3091370 85 465125 85 85 85 19018 85 19018 36101 19018 85 85 36101 85 465125 85 19018 36101 36101 19018 19018 85 85 19018 36101 465125 19018 85 85 170 202 85 85 239434 36101 19018 85 85 36101 85 17945 85 17945 85 465125 85 85 85 3145 85 85 85 85 85 85 85 36101 85 465125 19018 85 19018 85 3849850 85 19018 19018 465125 85 85 465125 85 36101 85 85 239434 85 36101 19018 85 85 465125 19018 19018 85 36101 85 85 85 85 85 239434 85 85 85 465125 17945 19018 19018 85 85 85 19018 19018 85 202 465125 465125 85 36101 465125 19018 85 19018 85 85 85 19018 85 85 465125 465125 85 36101 85 85 465125 85 3145 85 36101 85 202 465125 85 85 36101 85 19018 85 202 85 85 85 85 85 19018 36101 17945 19018 85 85 85 36101 85 85 36101 36101 36101 2513570 85 19018 85 85 36101 85 465125 85 19018 19018 85 19018 36101 19018 85 
17945 85 85 3530 3530 3530 85 3530 3530 3530 85 3530 85 3530 85 5 85 85 3530 3530 5 85 3530 85 85 695185 85 202 36101 3530 85 17945 465125 3530 3530 3530 85 19018 465125 3530 5 3530 148138 36101 85 3530 2657525 85 85 3530 3530 85 3530 5304505 3530 19018 85 85 3530 465125 85 17945 19018 85 3530 85 3530 3530 3530 85 465125 465125 85 18216650 36101 5 2036290 148138 3530 36101 19018 85 239434 85 202 85 36101 85 3530 485 85 3530 85 17945 85 85 36101 85 85 3530 695185 3530 3530 3530 85 465125 36101 85 1285 85 17945 239434 85 3530 5 3530 85 36101 85 3530 19018 19018 3530 5 85 3530 3530 85 36101 85 3530 85 3530 3530 3530 36101 85 3530 148138 85 85 85 85 3530 3530 19018 1285 85 17945 19018 3530 5 36101 3530 85 1285 85 3530 465125 36101 85 3530 85 36101 85 3530 85 85 695185 465125 6394645 36101 5 3530 3530 36101 85 5 4460545 85 85 3530 85 36101 5 3530 17945 3530 85 85 3530 2036290 36101 3530 465125 85 36101 85 85 202 3530 239434 3530 1285 465125 465125 6394645 85 17945 3530 202 239434 465125 85 85 85 3530 3530 36101 7464565 3530 3530 36101 3530 3530 85 3530 85 85 148138 3530 85 85 17945 1285 17945 36101 17945 465125 3530 85 17945 3530 2036290 85 19018 85 3530 85 85 85 17945 465125 3530 3530 85 465125 3530 2036290 17945 3530 85 3530 85 85 19018 85 3530 3530 465125 85 3530 85 85 85 85 17945 85 85 3530 19018 3530 3530 85 85 85 3530 85 36101 85 85 2036290 3530 3530 465125 85 36101 85 3530 3530 36101 3530 3530 85 3530 85 85 85 5 85 85 695185 36101 85 465125 85 239434 85 19018 3530 5 36101 36101 85 19018 17945 36101 85 36101 85 85 465125 85 85 3530 85 3530 85 17945 3530 3530 3530 19018 85 3530 85 3530 85 465125 3530 3530 85 3530 85 85 85 3530 85 3530 3530 148138 3530 3530 85 19018 19018 85 23392850 85 85 3530 3530 3530 85 7086245 465125 19018 3530 85 8330017 36101 85 85 36101 85 5 85 3530 3530 85 3530 3530 85 85 3530 85 85 19018 36101 19018 85 3530 239434 85 3530 3530 36101 36101 5 85 85 3530 85 85 85 17945 36101 85 
17945 3530 85 17945 17945 5991050 3530 17945 5 3530 3530 34 3530 34 3530 34 3530 34 34 34 19018 17945 3530 85 3530 34 1331593 34 34 12970 3530 3530 3530 3530 3530 5 85 34 34 34 3530 5365 34 34 3530 17945 34 3530 5365 3530 5 34 5365 34 5365 19018 34 5 85 85 34 3530 3530 3530 17945 3530 85 34 34 3959705 1665074 85 85 85 3530 3530 34 3530 85 34 3530 148138 3530 3530 34 19018 17945 3530 5365 34 3530 34 5365 34 31945105 3530 4850 3530 3530 3530 3530 85 85 3530 3530 17945 85 85 1331593 3530 85 85 5365 1331593 3530 5 3530 34 34 34 34 34 3530 34 3530 3530 3530 3530 85 3530 3530 3530 3530 3530 3530 34 3530 1331593 34 3530 3530 5 5365 3530 5365 85 3530 5 3530 85 85 34 29955250 85 5365 34 1285 85 
679225 170 17 17 17 17 45002 1133458 17 45002 30425 679225 45002 17 17 170 261994 261994 17 45002 17 1924925 17 17 17 9802 17 17 170 170 17 170 12325 17 17 17 407070977 17 17 45002 17 17 679225 17 17 170 170 720002 45002 45002 3082729 170 1133458 17 9802 17 17 45002 2106385 679225 720002 17 261994 45002 45002 45002 9802 170 9802 17 45002 17 45002 43690 10 4181834 45002 17 170 170 17 43658050 17 679225 17 679225 9802 10 17 17 17 17 45002 884425 45002 17 17 17 17 45002 45002 17 17 17 45002 17 10 17 45002 45002 45002 45002 17 45002 43690 17 45002 17 17 261994 261994 45002 17 45002 17 9802 17 45002 17 155151937 45002 10 17 17 10 17 679225 17 89725 17 17 884425 17 45002 170 170 17 170 17 45002 45002 17 9802 9802 17 170 17 17 45002 170 170 679225 720002 45002 45002 17 720002 17 17 45002 45002 17 45002 6751225 43690 170 17 45002 17 5301490 17 17 679225 17 17 9802 17 17 17 884425 720002 720002 720002 17 720002 45002 45002 17 2106385 9802 17 9802 17 17 261994 679225 45002 9802 17 9802 8611765 45002 17 45002 12325 17 9802 45002 17 679225 17 17 9802 45002 45002 170 17 2106385 45002 170 45002 17 45002 17 17 17 17 10 45002 4850 170 170 17 17 17 261994 17 17 261994 17 12325 45002 17 17 17 17 17 17 720002 45002 17 45002 9802 720002 17 17 45002 17 170 17 43690 720002 17 679225 170 170 17 679225 45002 17 10 45002 45002 9802 17 17 45002 17 1383850 679225 45002 17 45002 17 89725 170 17 17 45002 21385802 89725 17 45002 43690 720002 17 17 17 43690 170 653225 10 17 9802 43690 17 17 17 45002 17 9802 17 17 720002 17 17 17 720002 17 45002 9802 45002 45002 170 45002 17 9802 89725 170 17 43690 17 17 17 10 170 17 17 9802 17 720002 17 170 170 17 679225 45002 45002 17 17 679225 17 17 17 17 679225 17 17 45002 17 9802 17 17 17 89725 170 45002 9802 10 9802 261994 17 17 10 9802 17 17 3597217 9802 45002 9168970 720002 17 17 45002 17 89725 45002 170 464290 17 9802 17 17 45002 17 2106385 720002 170 17 9802 5301490 17 45002 78811850 170 17 
3530 85 17945 36101 34 85 5 34 85 85 34 5365 85 5365 3530 36101 3530 5365 85 3530 3530 34 34 3530 34 1331593 3530 3530 1285 5365 85 3530 3530 8803210 3530 85 36101 6394645 17945 2657525 3530 3530 5 85 5365 3530 5 36101 34 239434 3530 3530 85 3530 85 85 19018 34 17945 3530 3530 3530 5365 239434 2036290 85 5365 5 5365 36101 85 3530 987530 3530 19018 85 3530 34 43570 5365 85 3530 485 3530 3530 3530 3530 85 85 34 36101 695185 85 36101 34 85 485 34 3530 19018 987530 85 17945 485 12970 5365 85 1285 85 3530 5365 85 17945 3530 3530 3530 85 85 34 85 17945 485 485 3530 85 85 3530 3530 85 485 19018 85 3530 85 85 3530 85 3530 85 485 5365 34 3530 85 3530 85 148138 85 485 485 85 85 5 85 3530 3530 85 19018 17945 85 85 695185 34 34 3530 3530 36101 34 85 85 3530 5365 34 3530 3530 1331593 485 34 3530 3530 17945 3530 34 3530 34 34 17945 3530 3530 3530 485 3530 3530 987530 3530 5 5 34 85 3530 3530 5365 3530 3530 85 85 3530 485 85 3530 3530 85 3530 85 3530 85 3530 3530 3530 3530 34 85 19018 85 85 485 485 85 3530 85 987530 5365 85 36101 148138 36101 85 3530 85 34 34 85 34 5365 485 3530 3530 34 34 5 36101 3530 85 17945 85 85 485 85 21257650 85 85 36101 36101 85 5365 3530 17945 3530 5365 3530 5365 3530 5365 3530 1285 3530 3530 3530 85 19018 3530 5365 85 3530 85 3530 5 3530 485 34 485 85 85 85 5365 85 85 34 3530 3530 85 19018 3530 85 3530 85 3530 85 3530 3530 5365 34 3530 85 3530 6394645 987530 3530 3530 85 34 5365 3530 17945 85 3530 34 3530 3530 85 19018 3530 3530 3530 5 3530 34 85 85 85 3530 17945 3530 5365 3530 148138 85 85 34 3530 85 3530 3530 3530 85 34 85 85 3530 3530 3530 85 1331593 85 3530 3530 85 85 3530 85 3530 3530 5365 239434 17945 3530 6394645 3317770 3530 3530 3530 85 34 485 19018 3530 485 85 85 85 85 3530 85 3530 85 1331593 85 5 3530 4305925 85 3530 19018 695185 17223530 148138 85 85 5365 85 19018 1331593 3530 34 3530 3530 85 85 5365 85 3530 85 85 85 85 34 5 32541730 36101 3530 34 5365 3530 19018 34 987530 3530 
74 74 34 3530 363701 3530 85 34 3530 3530 85 74 5365 34 3530 3530 34 74 3530 3530 3530 74 5365 485 1331593 4369 3530 74 3530 3530 34 74 34 3530 74 74 4357 74 5365 3530 74 16825 4357 3530 74 3530 31754 4357 74 3530 31754 16825 5365 3530 34 74 3530 3530 74 85 5365 3530 16825 3530 485 16825 34 34 34 3530 74 85 74 85 3530 987530 74 26293865 1018145 74 74 3530 5365 1331593 74 6283925 74 3530 485 1331593 987530 4357 3530 5365 74 31754 1331593 34 3530 74 6283925 3530 3530 485 3530 3530 3530 34 3530 3530 485 3530 34 85 12970 485 74 74 3530 3530 1331593 3530 34 74 34 74 3530 3530 7480969 74 3530 16825 485 3530 4357 34 5365 1331593 3530 74 74 16825 3530 74 3530 4357 16825 485 16825 190450 85 3530 3530 10730 5365 74 5365 485 5365 31754 74 16825 74 363701 3530 74 485 370 74 74 3530 4357 485 85 34 363701 34 27889745 2425 4357 16193809 74 34 74 74 74 74 74 3530 370 370 74 74 3530 34 3530 485 5365 3530 16825 74 74 1018145 485 74 3530 74 4357 18434 3530 74 34 4369 3530 85 3530 3530 2425 3530 74 85 3530 3530 16825 74 3530 16825 1331593 16825 74 190450 74 74 2244005 74 16825 74 3530 34 85 74 34 3530 74 3530 38725 74 34 3530 485 85 74 74 3530 74 5365 74 16825 34 485 3530 190450 74 85 74 31754 16825 74 34 3530 3530 3530 4357 74 3530 3530 16825 987530 85 370 3530 34 85 74 16825 2720017 190450 370 74 5365 5365 74 74 74 485 3530 74 85 5365 5365 74 74 74 16825 74 2455330 74 85 2425 74 34 74 3530 485 3530 3530 
25925 1601 3925 1601 272485 8641625 1601 1601 1601 10 1601 272485 3925 272485 3925 3925 1601 255385 272485 842725 1601 272485 3925 25925 34 312505 255385 1601 3925 10 8005 3925 1601 34 1240025 1601 1240025 1601 10 1601 10 1601 272485 3925 3925 10 1601 10 1601 25925 25925 370 272485 3925 3925 1601 228650 1601 34 1601 1601 34 25925 1601 1601 8158685 3925 612170 25925 34 1601 3925 3925 1601 25925 107650 1601 3925 1601 34 1240025 1601 25925 8005 272485 1601 25925 272485 3925 3925 1601 34 10 34 10 1601 1601 1601 10 25925 3925 272485 3925 1601 1601 272485 1601 3925 52504517 10 3925 25925 8641625 1601 612170 25925 8005 3925 3925 1601 3925 3925 255385 1601 1601 272485 1601 272485 1601 1601 3925 3925 3925 1601 3925 3925 3925 3925 1601 1601 1601 3925 25925 3925 236197 1601 1601 25925 349450 1601 10 1601 3925 10 1601 3925 1601 8005 1601 3925 1601 1601 1601 1601 1601 3925 1601 1601 1601 25925 1601 1601 34 3925 3925 3925 3925 3925 272485 3925 272485 1601 3925 1601 1601 612170 1601 1601 3925 34 126243445 3925 3925 3925 1601 25925 3925 34 1601 1601 1601 1601 1601 3925 272485 66725 1601 1601 1601 1601 3925 1601 25925 1240025 312505 1240025 1601 272485 1601 272485 3925 1601 25925 3925 1601 34 370 3925 1179397 370 1601 25925 1601 3925 1601 10 25925 1179397 3925 3925 1601 3925 25925 272485 25925 3925 1601 10 34 8005 3925 10 1601 1601 1601 1601 1601 1601 8005 1601 3925 272485 34 25925 1179397 1601 1601 10 1601 10 1601 1576250 33802 3925 1601 1601 1601 1179397 3925 1179397 25925 1601 1601 25925 25925 3925 34 1240025 3925 34 34 10 10 3925 3925 34 3925 3925 34 3925 272485 3925 1601 272485 1601 272485 370 25925 1601 34 3925 3925 3925 1601 3925 8005 25925 3925 3925 25925 3925 1601 34 1601 1601 1601 1601 3925 1601 1601 3925 25925 272485 1601 3925 370 3925 3925 1601 1601 3925 1601 272485 3925 25925 1601 
1601 8005 1601 3925 272485 1601 612170 1601 3925 312505 25925 3925 1601 1601 8005 3925 1601 1601 3925 8005 3925 3925 3925 3925 26820650 1601 3925 8005 1601 25925 3925 3925 272485 1601 8005 3925 1601 34 8005 1601 34 1601 3925 1601 3925 1601 3925 5551114 272485 25925 3925 3925 34 3925 3925 3925 3925 25925 1601 3925 3925 3925 3925 3925 1601 1601 1601 3925 3925 8005 3925 3925 3925 1601 2679625 1179397 1601 3925 34 1601 3925 25925 3925 3925 3925 3925 3925 25925 272485 272485 3925 3925 1601 3925 90433570 1601 34 25925 1179397 3925 3925 3925 1601 3925 3925 25925 3925 2679625 3925 3925 3925 8005 3925 1601 25925 3925 1601 272485 
1170325 5410 1601 5185 95225 5185 1258 5185 381925 1601 15301514 5185 1258 1258 5410 5410 381925 255385 381925 1601 5185 1601 5185 5185 1601 370 1258 1258 5185 5185 1601 5185 5185 1258 95225 5185 1601 5185 1258 10 5185 882325 1601 5185 1601 255385 5185 10 381925 1258 1258 5410 5185 1258 5185 5867090 5185 381925 1258 1258 5185 1601 1601 5185 1258 5185 1601 20644885 10 882325 1258 95225 5185 1258 1258 5133725 1601 5185 5185 370 255385 1601 1601 5185 1601 381925 1743625 1601 1601 882325 5185 381925 5185 10 5185 5185 370 1601 3492970 5185 1258 1258 5185 1601 5185 5185 1258 95225 1601 5185 882325 1601 1258 1601 5185 5185 835250 95225 5185 5185 
485 1143250 1601 5185 1601 5185 485 1601 485 485 485 236197 10 181337 5185 5185 5185 5185 255385 1601 1601 485 5185 5185 1601 5185 5185 5185 1601 1601 120250 255385 1601 5185 5185 5185 485 370 10 5185 5185 1601 381925 1601 1601 5185 485 10 236197 5185 5185 1601 5185 5185 5185 485 1601 5185 485 1685450 5185 5185 95225 1601 5867090 5185 485 5185 485 10 5185 10 1601 5185 485 5185 5185 5185 370 5185 1601 5185 59629285 236197 1601 5185 10 485 5185 10375417 5185 485 8005 485 5185 5185 10370 5185 1601 5185 5185 1601 236197 485 5185 120250 5185 120250 5185 5185 5185 1601 1601 485 485 485 5185 5185 1601 370 5185 485 1601 1601 269125 5185 12574117 9522005 2125765 10370 1601 10 27667601 485 485 5185 485 5185 5185 5185 1601 181337 1601 1601 1601 5185 485 10 10370 1601 1601 485 5185 5185 10 10370 10370 485 5185 485 236197 485 5185 5185 45002 5185 5185 1601 5185 6283925 1601 1601 485 1601 5185 5185 485 290450 5185 485 5185 1601 1601 5185 1601 5185 871202 2125765 10370 5185 1601 10370 485 5185 1601 
3925 34 312505 34 8005 34 3925 3925 3925 25925 34 3925 312505 34 312505 1240025 1601 312505 3925 3925 3925 34 3925 3414002 1601 25925 3925 34 3925 34 272485 76834 8005 34 1240025 34 3925 34 3925 312505 3925 34 8005 3925 1601 8005 3925 3925 1240025 3925 3925 3925 34 34 1601 25925 3925 3925 34 34 3925 3925 3925 3925 1179397 34 34 3925 25925 3925 34 3414002 842725 1179397 3925 272485 272485 3925 34 3925 1601 3925 34 34 90433570 34 3925 1601 34 1179397 34 103970 25925 8005 312505 312505 312505 1601 3925 272485 1601 6528650 1601 272485 312505 3925 3925 1179397 3925 34 34 1601 8005 3925 3925 34 34 27050 3925 3925 34 8005 272485 3925 3925 34 34 3925 3925 8163434 34 3925 8005 3925 8005 3925 3925 3925 312505 3925 33802 3925 3925 3925 1601 32672657 3925 3925 312505 3925 2490914 3925 3925 25925 1601 3925 3925 8005 103970 272485 3925 8005 3925 316850 34 34 1601 34 8005 312505 3925 34 103970 34 272485 103970 312505 34 3925 34 34 272485 8005 3925 3925 312505 1179397 1240025 3925 3925 25925 1601 34 1601 34 3925 272485 3925 34 3925 34 8005 34 103970 25925 41265205 1601 3925 25925 3925 25925 3925 3925 25925 25925 3925 272485 312505 3925 3925 8005 103970 25719317 103970 34 34 3925 272485 25925 1601 25925 34 3925 1179397 34 112370 3925 1179397 3925 3925 312505 3925 34 34 3925 3925 25925 8005 1279625 312505 3925 272485 25925 2679625 2679625 34 3925 1601 3925 34 34 25925 3925 25925 3925 3925 3925 34 3925 34 1601 103970 3925 34 6290 3925 1601 3925 3414002 3925 1601 3925 3925 3925 3925 34 103970 8005 1601 34 3414002 8005 25925 3925 34 1601 2679625 3925 3925 312505 272485 2490914 34 34 3925 25925 34 3925 1601 3925 272485 272485 25925 
1601 25925 3925 3925 3925 3925 3925 103970 3925 55114 25925 3925 3925 34 1179397 34 3925 34 34 3925 2917265 3925 51077 32672657 58325 3925 34 3925 312505 370 3925 312505 1743625 3925 3925 3925 2490914 3925 3925 3925 1179397 34 34 34 3925 312505 51077 34 3925 51077 3925 3925 312505 1601 8005 51077 34 272485 272485 3925 34 34 2679625 3925 272485 58325 3414002 34 34 34 34 34 3925 3925 34 3925 3925 103970 34 3925 51077 3925 3925 25925 3925 272485 103970 3925 34 25925 51077 2679625 34 3925 103970 2679625 370 25719317 8005 1240025 34 34 34 34 1179397 8005 1240025 312505 35680025 3925 166685 8005 312505 3925 58325 312505 1601 34 34 2917265 34 25925 291850 312505 3925 34 1179397 3925 3925 3925 312505 3925 34 3925 34 1601 3925 34 34 3925 58325 34 58325 1601 25925 1465474 370 3925 58325 3925 3925 8005 3925 312505 4858090 34 58325 3925 34 3925 34 3925 3925 2679625 3925 30634 1179397 25925 3925 3925 34 272485 3925 3925 272485 34 3925 25925 3925 25925 3925 3925 3925 3925 3925 34 1601 312505 3925 34 3925 3925 34 16864289 25925 3889625 3925 51077 3925 3925 3925 3925 3925 3925 34 3925 34 25925 3925 666658 3925 3925 34 3925 1601 34 3925 5551114 25925 312505 3925 316850 3925 370 2679625 3925 3925 312505 3925 1240025 1179397 3925 25925 3925 58325 3414002 34 25925 8005 272485 58325 34 3925 3925 3925 34 2917265 3925 3925 3925 34 34 3925 1743625 312505 5005450 8005 58325 3925 34 130610 312505 3925 58325 3925 3414002 3925 34 3414002 25925 3925 34 312505 25925 3925 25925 34 9700970 25925 312505 3925 34 103970 34 312505 34 34 3925 3925 8005 25925 2917265 3925 3925 103970 1601 58325 3925 1240025 1179397 3925 3925 3925 3925 34 34 1240025 58325 34 3925 370 3925 25925 34 3925 51077 34 3925 34 312505 3925 1601 312505 3925 34 312505 34 34 3925 34 3925 3925 1601 3925 34 312505 272485 3925 58325 1601 34 51077 34 2679625 
29045 4850 15317 10405 29045 10405 714425 10405 10370 29045 110245 714425 29045 10405 10405 10405 29045 29045 463114 10405 10405 29045 10405 4755530 110245 72901 10405 29045 192598885 10405 176290 10405 10405 29045 463114 10405 10405 31836325 4802045 10405 10405 29045 29045 3925 72901 10405 10405 72901 10405 29045 29045 29045 72901 29045 29045 170 29045 10405 463114 10405 10625170 10405 72901 29045 29045 72901 10405 72901 72901 29045 72901 29045 10405 10405 10405 29045 4850 29045 29045 10405 51914 29045 29045 10405 10405 29045 29045 10405 29045 29045 10405 29045 29045 29045 51914 714425 29045 10405 29045 29045 29045 10405 10405 29045 10405 273205 10405 29045 463114 29045 3925 170 29045 29045 29045 10405 29045 273205 72901 72901 3925 29045 10405 29045 10405 10405 10405 72901 4369 10405 72901 15317 29045 10405 72901 10405 10405 29045 273205 459850 273205 72901 463114 110245 29045 29045 29045 29045 714425 29045 10405 15317 3723850 72901 29045 10405 10405 10405 10405 10405 463114 72901 463114 10405 459850 29045 10405 10405 10405 72901 10405 3925 29045 29045 10405 10405 10405 29045 72901 170 10405 29045 72901 10405 29045 
34 34 34 3925 312505 34 34 312505 3925 34 3925 34 34 3925 34 34 8005 34 34 34 34 34 8005 34 312505 1240025 8005 34 34 29045 34 34 34 3925 103970 34 8005 34 29045 8005 3925 34 3925 312505 3925 3925 34 34 34 34 34 3925 8005 4369 34 6528650 34 34 312505 34 25925 34 3031865 3925 2679625 3925 3925 8005 34 312505 8005 312505 3925 25925 3925 34 1240025 34 4369 34 3925 15904145 3925 34 8005 3925 312505 34 29045 34 34 25925 312505 34 8005 34 3925 15904145 34 18050005 34 34 34 3925 34 34 34 312505 34 3925 34 72901 312505 3925 1240025 3925 34 8005 8005 3925 8005 25925 3925 312505 3925 312505 3031865 34 312505 3925 34 34 8005 34 3925 34 3925 312505 312505 103970 34 34 34 34 3925 312505 3031865 8005 35832197 3925 34 34 34 3925 34 34 34 
1601 10 1601 10 272485 1601 1601 3925 1601 25925 236197 1601 3925 3925 612170 3925 1601 666658 3925 3925 3925 1601 1601 1601 25925 10 370 3925 1601 272485 1601 1601 1601 1601 1601 3925 3925 1601 1601 3925 3925 8005 3925 1601 1601 1601 3925 27050 3925 1601 1601 3925 236197 1601 25925 1601 1601 1601 3925 1601 10 8641625 25925 25925 3925 10 3925 1601 1601 3925 3925 1601 3925 33802 3925 1279625 3925 1601 8005 34 1601 1601 10 1601 1601 1601 1601 1601 3925 1601 34 1601 8641625 1601 3925 1601 27667601 3925 8005 255385 272485 10 3925 3925 25925 3925 272485 3925 255385 272485 1601 3925 34 1601 1601 10 612170 1601 1601 272485 34 1601 3925 1601 10 3925 8641625 1601 1601 34 3925 10 1601 3925 3925 236197 107650 1601 1601 6290 1601 10 3925 1601 1601 3925 3925 272485 1601 272485 25925 272485 1601 3925 3925 25925 3925 3925 25925 1601 1601 3925 312505 8005 1601 76834 1601 1601 3925 3925 3925 3925 3925 3925 34 1601 8641625 1601 1601 1601 3925 25925 1601 25925 272485 25925 3925 3925 1601 1601 1601 1179397 3925 1179397 3925 3925 10 10 3925 1601 3925 272485 1601 34 1601 1601 1601 1279625 1601 3925 8005 3925 3925 272485 3925 1601 1601 146450 25925 272485 1240025 1601 1601 1601 1601 1601 25925 3925 3925 1601 3925 3925 25925 267914 8005 1601 1601 34 3925 3925 25925 25925 1601 3925 25925 1601 1601 25925 3925 255385 3925 272485 3925 25925 1179397 3925 3925 3925 1601 1601 1279625 3925 3925 3925 3925 1601 25925 10 1601 3925 10 3925 1179397 272485 1179397 1601 1601 1601 1179397 3925 3925 8005 3925 3925 1601 3925 1880650 3925 1601 3925 236197 10 1179397 1601 10 1601 34 1601 1601 3925 25925 1601 236197 10 3925 1601 1601 36176725 1576250 25925 1601 
51077 3925 46085 3925 3925 1601 3925 1010 46085 46085 3925 51077 51077 1570 1601 3925 51077 3925 3925 2570 3925 51077 51077 3925 46085 46085 3925 1601 8005 51077 3925 3925 51077 51077 2570 51077 51077 46085 46085 51077 3925 46085 14945125 3925 25925 51077 46085 34 2570 1601 8005 11803445 1570 51077 3925 51077 46085 1601 3925 51077 25925 1010 51077 51077 3925 1570 46085 1570 51077 3925 46085 819202 3925 46085 34 1570 46085 3925 1570 1601 51077 51077 46085 46085 51077 51077 3925 34 3925 51077 34 3925 34 3925 46085 3925 3925 1570 34 970 51077 8005 3925 819202 3925 3925 51077 3925 51077 51077 1570 34 8005 46085 46085 3925 51077 46085 51077 34 3925 3925 34 1010 46085 3925 3925 25925 34 66725 51077 477070085 1570 1570 2570 25925 903170 1601 41992669 51077 1601 34 3925 3925 46085 1570 970 46085 51077 46085 3925 51077 3925 1240025 25925 46085 1570 3925 1570 1601 1601 51077 370 1601 51077 22474 46085 3925 1601 1570 110245 275570 1601 51077 1570 1570 51077 51077 1570 46085 1601 3925 1570 3925 51077 46085 2917265 110245 51077 51077 3925 51077 3925 1240025 1010 370 46085 3925 11803445 51077 1601 3925 51077 46085 46085 3925 46085 51077 8005 46085 1601 25925 2917265 25925 1570 51077 51077 8005 51077 22474 2570 3925 51077 51077 46085 3925 46085 1601 51077 51077 3925 1570 3925 51077 3925 3925 3925 34 25925 51077 1570 1010 46085 2917265 51077 51077 1010 3925 51077 3925 1240025 51077 46085 2570 3925 51077 51077 121685 51077 1570 25925 34 3925 66725 46085 51077 3925 8005 3925 1570 1570 3925 51077 3925 46085 1010 1601 1601 51077 46085 25925 3925 46085 3925 190450 2570 46085 8005 3802501 3925 46085 970 3925 46085 46085 46085 3925 46085 3925 51077 1010 3925 3925 51077 2570 3925 110245 8005 51077 8005 51077 25925 1601 51077 3925 51077 3925 1570 3925 819202 1570 51077 46085 970 272485 55114 46085 51077 1570 1570 8005 46085 1570 819202 1601 34 5005450 1010 22474 51077 34 2570 3925 51077 1601 3925 3925 1570 3925 34 1601 51077 3925 51077 34 1570 391645 25925 370 25925 156802 34 3925 1601 51077 3925 51077 51077 1570 46085 3925 3925 1570 3925 51077 3925 51077 3925 3925 51077 3925 51077 3925 1570 3925 51077 25925 2917265 1570 3925 46085 3925 51077 51077 51077 3925 3925 370 51077 51077 1010 970 3925 110245 51077 46085 3925 2917265 3925 46085 34 3925 51077 51077 1570 1601 110245 3925 51077 51077 51077 51077 8005 46085 51077 3925 3925 3925 46085 51077 25925 3925 370 51077 46085 1601 46085 51077 272485 8005 51077 3925 51077 51077 51077 3925 51077 46085 2917265 46085 3925 1010 46085 1601 1601 34 1570 2917265 46085 51077 25925 272485 51077 3925 25925 679730 1010 51077 2570 970 51077 1010 51077 970 51077 46085 3925 46085 3925 51077 1570 1570 
46085 46085 49010 17171717 157625 46085 49010 49010 51077 49010 46085 819202 46085 49010 157625 46085 46085 49010 27311077 4850 46085 49010 46085 49010 157625 102154 46085 46085 49010 46085 49010 102154 46085 46085 46085 46085 309137 46085 49010 49010 49010 49010 46085 51077 157625 157625 46085 51077 51077 51077 49010 46085 46085 49010 49010 157625 46085 157625 157625 46085 49010 49010 49010 49010 49010 49010 49010 49010 46085 49010 46085 46085 51077 157625 654985 46085 49010 49010 46085 49010 49010 49010 46085 51077 819202 46085 49010 49010 4850 49010 46085 4850 157625 49010 46085 49010 46085 49010 46085 46085 46085 157625 49010 51077 157625 46085 157625 49010 46085 49010 49010 157625 46085 1802 49010 49010 49010 1802 46085 46085 49010 309137 46085 46085 49010 49010 102154 51077 49010 46085 46085 46085 157625 51077 17288965 46085 1069085 970 46085 49010 46085 46085 4850 49010 49010 46085 49010 49010 3069505 46085 49010 46085 4850 157625 157625 46085 309137 1258 46085 1258 46085 46085 51077 49010 1802 49010 157625 46085 49010 49010 49010 46085 46085 970 49010 157625 46085 46085 46085 46085 157625 49010 49010 157625 46085 49010 309137 49010 46085 819202 49010 49010 46085 1802 157625 51077 46085 4850 102154 157625 1258 309137 46085 49010 46085 46085 49010 46085 46085 4850 49010 46085 46085 49010 51077 51077 49010 49010 49010 49010 46085 157625 49010 46085 49010 49010 49010 49010 51077 157625 46085 46085 51077 49010 46085 1802 49010 46085 4850 46085 46085 46085 970 46085 46085 46085 46085 46085 46085 10 46085 46085 46085 49010 49010 157625 49010 49010 970 49010 46085 46085 5834825 51077 46085 46085 4850 4401605 46085 819202 157625 46085 51077 49010 1802 49010 49010 46085 46085 49010 46085 4850 51077 51077 157625 49010 157625 46085 46085 49010 46085 49010 49010 51077 49010 49010 67250 970 46085 49010 49010 4850 230409545 49010 309137 157625 51077 4850 49010 46085 46085 51077 49010 49010 49010 46085 46085 49010 46085 1258 1258 46085 51077 49010 4850 46085 49010 49010 157625 46085 49010 46085 46085 7527530 1258 49010 1258 46085 5834825 46085 49010 46085 49010 49010 5834825 17171717 49010 46085 49010 17288965 46085 49010 49010 4850 157625 51077 46085 46085 49010 49010 46085 49010 46085 49010 46085 49010 46085 46085 12970 
51077 51077 51077 3737 1717 46085 6290 46085 3737 46085 46085 3737 1717 3737 46085 46085 46085 3737 1717 3737 220505 1258 1717 220505 46085 1717 51077 2594 3737 51077 46085 51077 136085 3737 5497834 51077 3737 3737 195365 46085 1717 1258 3737 46085 51077 46085 46085 3737 46085 1717 6290 3737 3737 1258 3737 3737 46085 1717 3737 1258 3737 136085 51077 1717 136085 3737 3737 51077 3737 1258 1717 46085 136085 3737 3737 3737 1258 1717 3737 3737 3737 46085 3737 51077 434314 136085 14331850 46085 1717 136085 3737 1717 1717 1717 1717 46085 1258 3737 51077 46085 1717 666185 46085 2570 51077 3737 3737 3737 3737 46085 2594 2594 46085 3737 3737 51077 468469 3737 3737 136085 3737 3737 2594 1717 2594 46085 3737 3737 666185 46085 136085 3737 3737 1717 6290 51077 3737 2594 1717 3737 2594 3737 3737 3737 1258 51077 3737 46085 3737 1717 3737 3737 3737 46085 3737 3737 1717 3737 2594 46085 1258 3737 46085 3737 3737 3737 1258 2594 468469 51077 46085 3737 55114 1717 51077 3737 6290 1717 6290 3737 1258 3737 2594 46085 1717 2594 2594 46085 3737 51077 1240025 46085 3737 3737 3737 1717 1717 3737 1272385 46085 1240025 3737 136085 3737 3737 136085 1258 1717 3737 3737 3737 51077 3737 3737 3737 3323690 1747250 1717 46085 51077 1258 136085 3737 2594 1717 2594 1272385 2594 46085 3737 2594 3737 51077 3737 3737 3737 3737 3737 6290 51077 3737 46085 46085 2594 3737 1717 46085 1717 3737 3737 1717 3737 46085 3737 3737 3737 3737 3737 2594 51077 46085 46085 46085 17942090 3737 3737 3737 3737 46085 6290 1717 3737 1258 3737 3737 2113145 3737 46085 2594 6290 434314 3737 3737 1717 46085 51077 1717 3737 136085 46085 3737 136085 3737 2594 46085 46085 3737 1258 3737 3737 3737 1717 136085 46085 3737 6290 46085 3737 3737 51077 3737 3737 2594 3737 3737 3737 2594 6290 1717 136085 3737 3737 3737 2594 3737 3737 1717 6290 136085 136085 2594 1258 1258 3737 136085 3737 46085 46085 6290 1717 27766154 14331850 1717 3737 3737 51077 1258 3737 136085 51077 1717 3737 102154 3737 3737 3737 46085 3737 2113145 51077 46085 3737 46085 55114 3737 3737 3737 51077 55114 1267010 1717 1717 1717 2594 3737 1717 2594 2594 46085 1717 3737 3737 46085 3737 2594 46085 46085 27766154 3737 1258 3737 3737 3737 2594 3737 102154 6290 1717 2737802 6290 136085 2594 3737 3737 46085 46085 2594 2594 2284850 3737 6290 6290 3737 3737 1258 3737 46085 3737 1240025 40841378 3737 3737 
4850 46085 157625 46085 46085 1258 49010 49010 49010 4850 49010 46085 1258 4850 102154 49010 157625 24050 3197105 4850 1258 49010 49010 49010 10 157625 1258 1802 1625 157625 46085 1258 49010 49010 1802 46085 51077 1258 1258 49010 49010 49010 46085 309137 46085 46085 46085 46085 468469 1258 46085 46085 4850 49010 46085 46085 49010 51077 4850 46085 1258 49010 4850 49010 1258 157625 49010 24050 815813 51077 157625 49010 157625 1758277 49010 666185 157625 1258 49010 1258 49010 1258 46085 309137 46085 46085 4850 24050 49010 7907125 49010 1258 49010 49010 24050 49010 49010 49010 4850 1258 49010 24050 49010 49010 49010 3197105 49010 49010 157625 49010 10 1258 49010 49010 1258 1258 1258 49010 46085 49010 49010 4850 51077 1258 24050 49010 51077 46085 24050 49010 49010 46085 4850 1258 815813 4850 157625 49010 46085 309137 49010 49010 1258 1625 51077 51077 49010 4850 24050 49010 49010 46085 46085 51077 46085 51077 46085 49010 24050 49010 49010 1258 1258 49010 24050 49010 49010 49010 1258 1258 49010 49010 49010 46085 49010 49010 157625 51077 46085 4850 49010 1258 46085 49010 49010 339865 1802 24050 157625 49010 1758277 1802 4850 24050 46085 49010 49010 49010 49010 49010 46085 1069085 46085 49010 46085 51077 51077 49010 46085 49010 49010 49010 157625 49010 1258 1258 49010 49010 46085 46085 24050 24050 49010 157625 46085 49010 4850 46085 102154 654985 46085 49010 1258 51077 49010 4850 24050 49010 49010 46085 1258 49010 1258 49010 49010 49010 1258 4850 49010 24050 49010 46085 309137 49010 157625 4850 309137 46085 46085 49010 3197105 1258 49010 1258 49010 309137 24050 4850 46085 49010 51077 5834825 49010 1658885 49010 4850 49010 51456325 10 1258 654985 24050 4850 24050 46085 157625 1258 46085 49010 46085 74 49010 1258 35356985 157625 1258 1258 49010 4850 74 1258 1258 49010 46085 49010 4850 51077 49010 800005 102154 49010 4850 1258 46085 46085 49010 24050 873970 12325 1258 49010 157625 49010 49010 46085 49010 3197105 49010 49010 24050 10 46085 49010 49010 24050 49010 46085 654985 24050 1258 46085 46085 49010 24050 49010 24050 49010 46085 4850 49010 49010 46085 102154 157625 1258 49010 1258 49010 46085 24050 49010 51077 49010 46085 51077 1258 49010 1258 51077 46085 49010 2022085 1258 49010 1258 49010 49010 1802 49010 24050 49010 49010 4850 1258 49010 1258 49010 49010 49010 137264657 1258 46085 102154 49010 49010 24050 49010 49010 49010 8908402 157625 873970 1258 4850 157625 1802 49010 1258 1258 49010 157625 24050 49010 10 1258 49010 1258 46085 102154 46085 49010 
29045 10405 29045 15317 10405 4369 10405 10405 10405 10405 29045 29045 4369 4850 15317 29045 10405 15317 10405 464290 10405 15317 104050 29045 10405 15317 10405 15317 1116050 239434 29045 10405 4369 170 15317 10405 4369 3207154 10405 10405 10405 10405 459850 10405 10405 10405 15317 15317 10405 10405 15317 276770 10405 10405 10405 464290 3396125 170 4369 10405 10405 10405 29045 10405 10405 239434 29045 15317 4369 10405 15317 29045 4369 15317 1116050 10405 29045 459850 15317 170 10405 10405 10405 15317 15317 170 10405 459850 10405 276770 4369 10405 4369 714425 170 10405 459850 15317 10405 459850 15317 29045 15317 15317 10405 10405 4369 10405 170 10405 15317 10405 4177189 4369 10405 15317 4369 10405 3250 71978 10405 4369 15317 239434 459850 239434 714425 10405 10405 29045 4369 10405 10405 273205 273205 4369 10405 239434 10405 15317 10405 10405 10405 10405 10405 10405 10405 15317 10405 15317 29045 239434 10405 4369 10405 10405 10405 459850 29045 10405 29045 29045 10405 10405 10405 15317 29045 10405 4369 10405 8304517 29045 4369 10405 459850 1512901 10405 10405 10405 4369 10405 10405 273205 10405 10405 29045 10405 10405 10405 15317 10405 10405 4369 29045 10405 29045 10405 15317 29045 29045 4369 10405 15317 15317 15317 239434 10405 15317 15317 10405 10405 10405 10405 10405 4369 4369 10405 4369 10405 10405 464290 4369 15317 714425 4369 29045 239434 10405 239434 10405 29045 29045 17912050 15317 4369 10405 10405 10405 10405 104050 4369 10405 29045 8304517 10405 29045 197029625 10405 10405 4369 10405 10405 10405 10405 10405 10405 29045 15317 10405 121685 10405 10405 15317 10405 10405 29045 10405 10405 4369 15317 4369 239434 8908402 15317 10405 10405 10405 10405 10405 29045 10405 10405 15317 10405 10405 29045 10405 15317 29045 10405 273205 4369 10405 71978 459850 10405 10405 15317 239434 459850 239434 10405 102154 10405 4369 10405 10405 114551125 15317 141853490 10405 29045 10405 10405 714425 170 4177189 121685 15317 15317 4369 10405 10405 4369 8304517 10405 121685 10405 10405 10405 10405 10405 4369 10405 10405 10405 464290 10405 10405 15317 15317 10405 459850 10405 4369 15317 15317 239434 15317 4369 10405 10405 29045 170 10405 15317 4369 15317 10405 10405 10405 15317 10405 459850 10405 4369 29045 10405 10405 10405 4369 29045 239434 239434 4369 10405 4369 239434 10405 10405 10405 10405 15317 15317 15317 10405 4369 10405 10405 15317 10405 29045 29045 10405 10405 10405 10405 29045 10405 10405 15317 10405 10405 10405 4369 15317 10405 10405 15317 29045 10405 10405 10405 10405 10405 7911229 10405 4369 4369 10405 10405 10405 10405 10405 10405 4369 239434 10405 29045 10405 10405 459850 29045 15317 15317 10405 4369 239434 15317 10405 170 10405 239434 15317 29045 239434 10405 15317 10405 10405 4369 10405 10405 15317 4369 4369 10405 10405 15317 10405 10405 102154 29045 15317 239434 10405 10405 15317 10405 10405 10405 10405 10405 15317 15317 10405 10405 10405 10405 4369 714425 4850 4369 10405 29045 170 29045 29045 10405 102154 10405 10405 4369 10405 10405 10405 10405 10405 15317 10405 10405 38054090 15317 8304517 15317 10405 4369 15317 10405 10405 4369 10405 10405 15317 239434 10405 170 10405 10405 10405 10405 15317 102154 10405 239434 10405 10405 4369 10405 15317 239434 29045 15317 10405 4369 15317 4369 10405 10405 239434 4369 
49010 1258 1258 1258 1258 51077 572050 1258 49010 24050 46085 1258 4850 4850 49010 24050 49010 157625 1258 4850 1258 49010 46085 46085 24050 10 46085 49010 102154 157625 49010 49010 24050 46085 309137 46085 49010 49010 46085 46085 49010 10 49010 46085 4850 49010 49010 46085 24050 49010 4850 46085 49010 49010 116650 1258 24050 46085 157625 49010 49010 157625 800005 157625 800005 46085 46085 49010 309137 49010 74 49010 46085 49010 46085 1802 46085 1258 49010 102154 46085 1258 1258 49010 49010 24050 49010 49010 157625 309137 46085 49010 157625 51077 1258 74 1258 49010 49010 49010 49010 654985 46085 49010 157625 24050 309137 49010 49010 157625 46085 46085 49010 4850 1258 49010 49010 46085 1258 24050 24050 24050 49010 49010 46085 46085 21548165 46085 309137 49010 49010 1258 49010 49010 4850 1258 46085 157625 309137 4850 46085 1258 4850 49010 46085 49010 309137 49010 1258 46085 24050 49010 49010 873970 46085 4850 309137 157625 309137 49010 49010 157625 49010 49010 49010 157625 24050 49010 49010 24050 49010 49010 46085 4850 46085 49010 3197105 1258 49010 49010 49010 49010 24050 1258 49010 800005 24050 309137 49010 46085 309137 49010 1258 1258 49010 46085 24050 24050 46085 157625 46085 49010 49010 4850 49010 49010 49010 46085 49010 24050 46085 1802 49010 220505 46085 46085 49010 49010 157625 157625 49010 49010 49010 49010 46085 49010 1258 46085 157625 24050 49010 46085 46085 1258 157625 800005 74 46085 49010 10 49010 1258 49010 46085 46085 1258 74 49010 49010 4850 1802 102154 49010 46085 1802 1258 46085 1258 49010 49010 654985 49010 24050 49010 24050 46085 46085 49010 49010 4850 46085 1258 102154 46085 4850 1802 49010 46085 49010 74442385 49010 800005 46085 49010 46085 17288965 46085 46085 46085 24050 157625 49010 157625 1258 49010 1258 4850 24050 49010 49010 46085 49010 46085 46085 46085 49010 46085 24050 24050 157625 24050 1258 10 49010 24050 24050 46085 46085 46085 46085 46085 1258 49010 49010 49010 157625 46085 309137 1258 49010 4850 46085 1258 46085 46085 46085 24050 46085 46085 10 220505 800005 46085 1258 46085 4850 46085 46085 46085 46085 37370 49010 24050 49010 1802 24050 1802 46085 1258 46085 5834825 46085 49010 4850 49010 46085 49010 46085 46085 157625 49010 46085 46085 49010 24050 46085 49010 46085 24050 116650 157625 4850 5834825 24050 49010 46085 24050 17288965 49010 46085 46085 46085 46085 4850 49010 46085 46085 1258 49010 49010 157625 4850 46085 4850 1258 1258 49010 24050 1258 49010 1258 24050 157625 49010 3197105 46085 49010 46085 1258 46085 49010 49010 46085 24050 102154 46085 49010 49010 157625 1258 46085 49010 49010 49010 102154 49010 49010 1258 49010 49010 1258 1258 4850 24050 49010 46085 1258 46085 157625 49010 49010 49010 49010 46085 4850 157625 46085 157625 46085 49010 46085 49010 1258 24050 1258 46085 46085 46085 654985 49010 1258 815813 49010 46085 49010 49010 873970 49010 49010 49010 49010 49010 49010 49010 1258 46085 1258 49010 49010 49010 102154 46085 49010 49010 49010 49010 46085 46085 49010 49010 157625 46085 49010 1802 49010 49010 157625 157625 1258 157625 49010 1258 46085 1258 24050 49010 102154 46085 49010 5834825 157625 46085 49010 46085 157625 4850 24050 49010 49010 46085 49010 49010 46085 49010 46085 1258 49010 157625 49010 46085 49010 1258 49010 49010 49010 49010 309137 
46085 85 5 85 157625 85 85 17945 36101 46085 46085 49010 85 85 24502501 157625 49010 46085 46085 5 85 85 239434 85 157625 17945 49010 46085 85 6394645 49010 157625 46085 46085 46085 46085 85 46085 157625 85 49010 85 85 46085 46085 85 46085 49010 46085 85 49010 85 49010 102154 465125 465125 157625 85 1349545 46085 85 49010 85 46085 49010 46085 157625 46085 85 36101 85 10 85 46085 49010 157625 85 85 1285 157625 309137 85 36101 49010 85 85 85 46085 465125 157625 4401605 85 46085 85 85 46085 46085 85 85 85 85 49010 49010 49010 49010 85 36101 65650 49010 148138 85 85 36101 46085 46085 85 85 49010 1058005 85 49010 2657525 46085 46085 85 5 46085 85 36101 36101 202 85 46085 157625 46085 46085 49010 46085 46085 46085 49010 5 157625 85 46085 85 202 36101 85 85 5 36101 5 85 102154 85 102154 157625 51077 46085 85 157625 85 102154 46085 36101 36101 49010 157625 5 17945 85 239434 46085 49010 17945 49010 36101 17945 157625 46085 49010 5 202 36101 85 36101 85 465125 46085 85 46085 46085 85 17945 157625 29575325 85 239434 85 85 85 46085 239434 49010 85 49010 5 157625 85 465125 46085 46085 85 65650 202 36101 85 5 85 85 102154 46085 46085 85 17945 239434 46085 85 46085 85 17945 85 46085 239434 46085 157625 85 46085 51077 46085 85 46085 49010 46085 46085 46085 46085 157625 6492725 49010 85 36101 85 85 157625 10 85 85 49010 49010 85 85 85 85 309137 46085 465125 46085 17945 309137 85 239434 990002 239434 46085 49010 46085 85 202 465125 1285 85 85 46085 85 6485 49010 46085 157625 46085 85 1285 46085 85 85 1312202 49010 46085 46085 46085 85 102154 51077 49010 202 46085 46085 85 49010 85 85 85 36101 49010 46085 49010 85 49010 85 309137 49010 49010 202 46085 46085 465125 85 85 157625 157625 46085 36101 202 46085 85 46085 85 46085 157625 49010 46085 51077 465125 148138 309137 36101 36101 51077 46085 85 
1601 10 5185 4631105 882325 5185 1601 46085 95225 381925 236197 5185 1601 46085 5410 5185 255385 4631105 1601 1601 46085 95225 5185 5185 5185 5185 5185 5185 5185 1601 1258 5410 57330325 5185 5185 5185 5185 5185 5185 5185 5185 1601 5185 5185 14326325 51077 1601 46085 381925 5185 1880650 46085 5185 1258 5185 1601 5185 5185 1601 381925 5185 5185 1601 1601 1601 1601 1601 381925 5185 5410 5185 1601 5185 1258 10001 1601 5410 5185 5185 5185 5185 5185 1601 5185 5185 5185 5185 1601 1258 1601 5185 5185 5867090 1601 1601 5185 14326325 5410 1601 1601 381925 5185 381925 5185 1258 5185 5133725 5185 1601 5185 1601 3492970 1601 882325 1601 199714 1601 46085 1601 5185 5185 5185 5410 5410 1601 381925 5185 5185 1258 46085 5185 5185 5185 5185 5185 1601 5185 1601 5185 381925 5185 5410 1601 5185 5185 1601 89725 5185 5185 95225 1601 5185 5185 1601 5185 1601 10 95225 5185 381925 10 1601 5185 381925 5410 5185 5185 882325 1258 1258 1601 5185 1601 95225 1601 1601 835250 5185 5185 5185 1601 5185 46085 5185 95225 1601 1601 1601 381925 1601 5410 1601 5185 381925 4631105 45002 5185 1601 1601 1601 835250 1601 51077 52955170 1170325 1601 1601 882325 1258 1601 5185 95225 1258 1601 381925 1258 5410 5185 255385 95225 5185 4631105 882325 1601 5185 255385 5185 199714 51077 255385 5185 882325 5185 5185 5185 24480017 5185 1258 5185 1601 5185 1601 381925 5185 46085 5185 1601 1601 10 5410 5185 5185 5185 1601 1258 5185 5185 5185 1258 1601 5410 1601 5185 46085 1601 1601 255385 5185 882325 5185 10 1601 70519690 1880650 1601 5185 381925 1601 5185 8641625 5185 10 255385 5185 381925 5185 5185 5185 5185 5185 5185 5185 1601 51077 1601 5185 5185 1601 5185 5185 5185 10 5185 5185 5410 1258 5185 5185 1601 5185 5185 5185 199714 5185 381925 17170 5185 5185 5185 1601 1601 1601 5185 5185 21653525 95225 10 5185 5185 5410 5185 46085 5185 5185 5185 5185 1601 1601 1601 5185 5185 1601 1258 1601 1601 5185 5185 5185 5185 5185 255385 4077125 1601 51077 236197 882325 370 5185 5185 1258 5185 255385 5185 1601 10 882325 5185 882325 5185 1258 95225 5185 5185 882325 882325 882325 5185 5185 5185 381925 1601 255385 370 1601 1601 1601 95225 1601 5185 5185 5185 5185 51077 1258 1601 51077 46085 10 1601 1601 46085 46085 1258 1601 46085 1601 1601 5185 5185 5185 5410 1258 5185 835250 1601 5185 5410 5185 1258 5185 5185 1601 51077 1601 370 1601 1601 18316565 1258 5185 1601 5185 5185 5410 10 882325 1601 5185 835250 1601 1258 1601 5185 5185 1258 1258 1601 
10370 188065 10370 3154177 10370 10370 188065 4357 2125765 188065 10370 188065 27217 10370 10370 188065 10370 10370 10370 27217 4357 10370 4357 188065 188065 4357 10370 4357 10370 10370 10370 418444625 4357 27217 188065 538645 4357 10370 27217 4357 10370 10370 10370 2125765 188065 10370 188065 188065 188065 4357 169010 188065 10370 10370 10370 4357 10370 4357 10370 10370 4357 10370 10370 4357 188065 27217 169010 4357 10370 10370 27217 538645 27217 2125765 188065 27217 4357 188065 2125765 4357 4357 188065 188065 4357 169010 188065 188065 27217 27217 181337 188065 4357 10370 10370 188065 188065 538645 1227434 2876417 120250 188065 10370 10370 188065 2125765 4357 10370 10370 188065 4357 188065 4357 4357 6283925 27217 2876417 10370 4357 4357 2281250 169010 4357 10370 188065 188065 188065 4357 538645 10370 
35356985 157625 46085 49010 157625 49010 49010 1625 49010 46085 49010 51077 49010 46085 46085 4850 46085 46085 46085 46085 49010 49010 46085 46085 46085 51077 51077 49010 4850 46085 16386305 49010 309137 46085 46085 157625 46085 46085 49010 970 970 46085 49010 51077 49010 46085 49010 800005 49010 157625 46085 49010 30600085 21785 49010 49010 46085 49010 46085 49010 46085 49010 157625 800005 49010 46085 4850 157625 49010 46085 157625 157625 49010 654985 51077 4850 49010 51077 46085 49010 51077 4850 46085 157625 49010 49010 46085 1625 46085 49010 46085 970 102154 46085 49010 46085 46085 46085 51077 46085 49010 46085 49010 46085 46085 4850 49010 46085 4850 51077 157625 157625 51077 46085 10 46085 46085 4401605 51077 46085 46085 157625 49010 46085 46085 49010 157625 49010 46085 49010 4850 49010 46085 46085 46085 46085 46085 46085 51077 4850 49010 157625 46085 49010 10 46085 49010 49010 46085 46085 46085 46085 49010 49010 51077 157625 157625 970 46085 4850 49010 49010 51077 49010 49010 46085 49010 4850 46085 49010 46085 51077 51077 309137 49010 46085 49010 46085 157625 49010 46085 49010 46085 51077 49010 309137 51077 46085 46085 4850 46085 46085 49010 49010 49010 46085 49010 49010 19732325 46085 49010 46085 4850 46085 46085 49010 157625 49010 46085 309137 46085 49010 46085 46085 3069505 157625 46085 49010 679730 
36101 465125 36101 46085 13450 13450 51077 13450 19018 51077 36101 36101 46085 19018 465125 51077 65650 19018 36101 36101 51077 36101 18685 36101 46085 36101 36101 4387105 46085 46085 19018 239434 51077 19018 465125 19018 36101 51077 46085 19018 2480725 465125 46085 465125 18685 46085 5657525 51077 36101 19018 18685 19018 46085 361010 3145 19018 46085 36101 46085 19018 36101 465125 19018 36101 46085 19018 36101 19018 19018 465125 19018 19018 36101 51077 46085 46085 465125 465125 51077 65650 51077 465125 18685 51077 19018 51077 19018 13450 51077 51077 36101 465125 19018 46085 465125 46085 465125 46085 13450 36101 19018 13450 465125 202 36101 13450 51077 19018 36101 46085 19018 19018 465125 51077 13450 46085 19018 51077 65650 36101 51077 13450 46085 36101 19018 465125 370 36101 13450 19018 465125 19018 13450 19018 36101 13450 13450 19018 13450 465125 46085 18685 2513570 46085 19018 19018 51850 51077 51077 36101 34 36101 19018 46085 46085 51077 51077 51850 36101 19018 19018 46085 18685 46085 19018 51077 46085 3145 19018 36101 18685 465125 36101 13450 13450 36101 3145 46085 13450 19018 46085 18685 465125 19018 18685 19018 239434 13450 10730 46085 51077 51077 36101 18685 170 19018 202 51077 13450 19018 36101 46085 46085 18685 13450 19018 36101 19018 36101 36101 51077 46085 46085 36101 13450 36101 13450 19018 18685 370 46085 465125 19018 19018 36101 465125 465125 465125 46085 36101 202 46085 46085 18685 13450 36101 51077 19018 19018 18685 170 202 202 19018 19018 465125 465125 19018 465125 36101 465125 36101 13450 19018 8825 19018 3145 51077 19018 36101 19018 19018 19018 465125 465125 13450 19018 170 3145 46085 36101 36101 465125 8940490 36101 13450 13450 19018 36101 36101 36101 46085 465125 13450 19018 465125 465125 
1717 2594 136085 505 3737 3737 2594 63370 505 202 505 1717 77450 202 1717 3737 136085 50181125 505 3737 1717 1717 202 1717 202 3737 202 202 202 1717 3737 240101 2594 1717 1717 2594 220505 202 1717 1717 1717 202 3737 136085 1717 136085 202 1717 202 1717 505 2594 1717 3737 3737 1717 1717 202 202 202 1717 202 1717 3737 202 1717 240101 3737 1717 202 299013265 3737 2594 1717 63370 136085 1717 505 136085 240101 1717 1717 202 2594 202 3737 1717 2594 202 686450 202 1717 77450 136085 202 1717 1717 3737 1717 3737 3737 136085 1717 3737 202 2594 220505 686450 202 202 240101 136085 202 2594 202 1717 2594 55114 202 1717 1717 202 3737 2594 1717 1717 1717 1717 23876330 3737 202 220505 3737 202 136085 2979925 1717 1717 202 202 202 1717 1717 202 1717 1717 202 136085 1717 2594 1240025 136085 3737 1717 220505 202 3737 1717 1717 1717 1717 202 3737 1717 202 2594 1717 71482858 3737 136085 3737 3737 3737 1717 2594 1717 202 1717 1717 3737 202 3737 1717 136085 1717 3737 136085 1717 3737 77450 1717 3737 2594 136085 202 2594 1717 3737 202 1717 1717 1717 1717 1717 3737 136085 2594 1717 3737 1717 202 1717 505 202 1717 1717 202 202 1717 3737 1717 505 202 2594 1717 3737 1717 202 3737 1717 202 3737 1717 3737 7527530 3737 1717 1717 1717 136085 3737 3737 3737 1717 136085 1717 1717 3737 2594 55114 202 1717 3737 3737 74 202 1717 202 1717 202 202 2594 505 1717 1717 1717 1717 3737 3737 202 505 3737 202 136085 1717 202 2594 1717 136085 202 3737 202 1717 1717 136085 202 3737 136085 1717 1717 202 3737 202 1717 1717 1717 202 3737 202 2594 136085 220505 2594 3838498 202 1717 3737 202 434314 202 940325 1717 3737 55114 1717 202 202 1717 1717 202 202 1717 1717 3737 2594 136085 202 3737 202 3737 1717 136085 136085 202 1717 1717 202 202 2594 2594 202 940325 202 5902450 3737 1717 1717 136085 2594 202 1717 3737 202 1717 1717 202 136085 202 63370 1717 202 3737 202 202 3737 1717 1717 2594 202 136085 1717 202 202 1717 2594 136085 3737 202 505 3737 3737 202 1717 202 202 2594 202 1717 2594 1717 202 240101 2594 136085 505 1717 1717 136085 1717 240101 1717 202 136085 1717 1717 1717 202 202 202 202 1717 202 136085 1717 202 77450 2594 1717 202 3737 1717 1717 202 1717 
1654865 74 2425 74 16825 74 74 74 4357 4357 10730 74 2517770 74 190450 74 74 74 4357 74 16825 4357 4357 74 74 74 74 74 74 4357 74 74 16825 74 74 74 74 4357 4357 74 74 4357 4357 74 1654865 59200370 16825 290 74 4357 74 74 74 2517770 363701 16825 2425 4357 74 74 74 31754 16825 74 190450 74 6283925 74 4357 363701 4357 74 101 74 74 74 4357 74 4357 74 74 4357 74 4357 74 74 290 4357 74 74 16825 188065 4357 31945105 10240490 4357 4357 101 74 74 74 74 1765 74 4357 740690 74 370 370 74 4357 4357 4357 1654865 74 74 4357 74 16825 74 16010 363701 74 10730 188065 74 4357 74 74 74 74 2425 16825 74 74 4357 16193809 74 4357 74 4357 4357 4357 16825 21131450 74 74 4357 74 74 4357 1654865 74 74 370 74 4357 1765 4357 4357 74 370 74 74 74 6843890 4357 74 74 4357 74 74 1654865 16193809 74 74 74 16825 74 74 74 16825 74 370 74 363701 74 101 74 4357 74 363701 29253025 16825 74 74 2517770 16825 74 74 74 8245 101 16825 4357 74 74 290 370 74 1654865 16825 4357 370 456977 1765 8245 4357 16825 4357 4357 101 6843890 74 4357 8245 16825 74 4357 74 4357 4357 74 74 74 74 74 74 74 74 190450 74 74 101 1654865 4357 74 74 4357 4357 4357 4357 1654865 10730 74 74 74 16193809 74 74 1368778 74 74 74 74 4357 74 4357 74 31754 370 74 16825 4357 74 4357 4357 4357 74 74 74 4357 4357 16825 2244005 16825 4357 1654865 4357 74 4357 4357 74 1654865 74 74 8245 74 74 74 1654865 4357 74 74 74 4357 4357 74 74 4357 4357 74 74 4357 74 4357 188065 74 4357 74 74 4357 74 4357 74 4357 101 74 74 74 74 188065 74 74 2425 74 74 74 74 74 74 4357 4357 8245 188065 4357 4357 4357 101 74 74 74 4357 74 74 2425 4357 74 16825 74 4357 74 4357 74 363701 101 74 4357 1047370 4357 4357 2425 74 4357 4357 74 4357 74 370 2342345 74 74 4357 16825 74 74 8245 74 74 74 74 456977 74 4357 74 74 74 74 4357 4357 74 74 16825 74 74 16825 74 74 74 74 74 4357 74 74 74 74 74 74 4357 74 74 74 74 74 8245 74 74 74 4357 16908125 1654865 74 4357 74 74 101 74 74 
3530 85 19018 5 465125 85 2657525 85 3530 2513570 85 85 85 465125 56871865 17945 85 85 85 85 65650 36101 85 85 85 85 3530 8825 85 85 85 3530 19018 170 1285 85 239434 5 36101 36101 65650 85 465125 36101 85 85 85 465125 1312202 85 85 36101 3530 85 465125 36101 202 85 3530 36101 85 85 85 85 36101 3530 3530 465125 2513570 3530 465125 85 95844101 370 36101 85 17945 85 85 3530 85 85 85 85 5 3530 465125 465125 85 85 85 74 36101 17945 85 239434 85 465125 85 465125 85 85 85 85 258624325 465125 17945 85 10730 3530 3530 85 85 3530 85 65650 85 36101 19018 245799685 695185 36101 3530 85 85 85 85 85 3530 465125 85 85 2513570 465125 85 85 370 3530 85 85 85 85 170 85 85 85 19018 85 85 85 85 85 85 85 85 465125 85 465125 85 36101 85 465125 2590018 170 85 36101 85 202 85 85 36101 5 85 3530 85 85 3530 85 170 36101 85 85 85 85 465125 17945 85 85 85 85 85 465125 85 202 2657525 17945 85 85 85 85 19018 85 465125 85 85 85 85 85 85 85 85 85 36101 465125 85 85 85 239434 85 36101 85 465125 2657525 85 85 6394645 3530 85 85 17945 85 36101 85 85 85 990002 36101 85 465125 85 85 85 85 3530 85 85 85 85 85 85 85 85 36101 2513570 85 465125 85 85 85 36101 85 3530 85 465125 5 36101 370 85 1285 85 85 85 465125 3530 85 85 465125 36101 3530 36101 3530 3530 17945 36101 85 465125 465125 170 36101 695185 36101 74 465125 85 85 85 85 85 85 3530 465125 465125 3530 85 85 36101 3530 936370 695185 19018 36101 202 36101 202 36101 17945 85 170 85 17945 36101 85 85 85 85 85 3530 5 36101 465125 85 85 85 85 85 465125 2657525 85 19018 3530 3530 3530 85 3530 3530 85 85 10730 465125 85 170 36101 85 85 85 17945 85 85 85 85 85 85 85 85 36101 465125 5 3530 184325 3530 85 85 3530 85 85 85 36101 85 36101 3530 17945 85 85 36101 3530 85 3530 85 19018 3530 3849850 85 85 85 85 85 85 85 85 465125 85 202 85 3530 85 85 85 3530 465125 465125 85 465125 85 85 184325 465125 202 85 3530 36101 85 170 85 19018 85 36101 5 3530 36101 85 3530 3530 36101 3530 5 465125 3530 1285 85 85 5 465125 85 65650 85 85 1285 85 85 85 85 3530 85 85 85 465125 85 465125 3530 85 3530 85 85 85 85 85 85 3530 465125 36101 36101 465125 5 85 17945 85 85 85 85 85 239434 465125 85 85 85 85 465125 85 3530 85 3530 85 85 170 2514725 85 85 85 3530 85 85 243370 36101 85 65650 36101 17945 170 85 36101 36101 85 465125 36101 19018 17945 85 3530 239434 85 36101 85 85 5 6394645 3530 85 465125 9999394 3530 36101 10730 65650 19018 85 465125 3530 695185 85 2657525 3530 85 3530 85 17945 1285 85 17945 85 19018 3530 36101 3530 85 36101 85 85 85 465125 170 36101 85 85 85 85 3530 85 85 3530 
34 17945 1089010 85 3530 465125 3031865 85 85 85 85 85 85 85 85 202 85 85 85 8005 2657525 85 85 85 184325 36101 85 36101 85 202 36101 465125 85 85 7464565 34 85 465125 85 34 3031865 3530 85 85 85 36101 465125 85 85 85 17945 85 650 85 85 85 85 85 85 85 85 85 36101 85 85 239434 3530 85 85 85 85 85 85 239434 34 3530 1089010 85 85 85 36101 85 85 85 85 34 85 3530 85 465125 85 5 85 17945 34 85 465125 10287650 5 85 85 202 36101 17945 85 36101 85 34 36101 3530 85 85 19018 695185 239434 465125 202 85 85 3530 3530 85 85 34 85 36101 695185 85 85 695185 85 36101 85 85 85 85 36101 5 85 36101 3530 3530 85 465125 465125 85 85 36101 85 85 85 2657525 85 3530 184325 85 465125 465125 85 85 36101 85 85 85 65650 465125 85 85 239434 85 34 85 34 85 3530 85 85 85 85 85 36101 8005 17945 3530 17945 36101 695185 202 3530 85 34 36101 85 34 8005 239434 85 465125 465125 465125 3530 85 239434 3530 85 36101 465125 465125 85 85 3530 5 85 19018 85 17945 3530 6394645 8005 5 36101 85 5 3530 3530 85 85 465125 85 3530 3530 8005 3530 85 36101 85 17945 85 85 36101 465125 465125 33190417 1089010 85 239434 36101 85 85 85 85 36101 3530 85 5 8005 85 8005 5 85 3530 85 85 3530 85 85 36101 36101 36101 465125 85 29575325 36101 85 85 85 85 810485 3530 65650 85 85 85 36101 85 85 85 36101 85 3031865 3530 85 465125 85 1349545 85 34 85 36101 465125 34 85 85 17945 65650 85 21170 3530 465125 184325 8005 34 85 85 5 85 85 85 85 1285 36101 36101 85 85 465125 34 85 8005 36101 85 3530 85 34 85 85 85 85 36101 85 17945 85 36101 85 85 3530 85 19018 36101 5 85 85 465125 19018 85 85 85 85 3031865 34 3530 3530 85 3530 17945 85 465125 3031865 8005 85 3530 3530 85 85 85 17945 34 3530 85 34 695185 85 85 85 29955250 3530 
85 3530 3530 3530 85 34 3530 34 85 36101 3959705 3530 485 34 3530 3530 6394645 36101 3530 5365 5 36101 85 85 85 85 85 36101 36101 3530 85 85 239434 85 3530 3530 85 17945 3530 17945 85 85 85 3530 85 85 85 85 85 695185 17945 3530 34 85 3530 3530 3530 3530 3530 19018 36101 3530 85 21170 29575325 3530 65650 85 34 85 3530 85 85 17945 485 3530 34 3530 85 85 85 5365 85 5 85 36101 3530 695185 3530 239434 3530 34 3530 3530 85 3530 85 3530 5 485 1285 85 17945 85 85 34 85 5 239434 3530 85 36101 85 3530 3530 1285 3530 85 85 85 239434 3530 3530 987530 3530 3530 3530 17945 5 3530 85 17945 19018 4305925 3530 36101 3530 85 3530 85 85 3530 85 2657525 3530 987530 239434 85 85 85 3530 2036290 85 3530 3530 239434 85 85 85 85 3530 239434 85 3530 3530 3530 85 85 3530 85 85 85 3530 3530 65650 1331593 85 5 3530 34 85 3530 12970 3530 85 85 19018 85 3530 987530 17945 85 19018 3530 85 3530 3530 3530 3530 485 65650 85 17945 239434 85 85 85 85 19018 17945 239434 85 3530 17945 85 3530 3530 36101 85 2036290 85 3530 3530 36101 3530 85 5 85 202 85 3530 85 146555237 148138 34 85 85 3530 3530 17945 85 5365 3530 3530 85 
34 34 4369 6290 34 312505 34 34 4369 34 8005 3414002 15317 34 34 8304517 4369 34 34 34 10405 312505 312505 10405 10405 34 10405 4369 34 4369 34 34 10405 34 970 34 34 34 6290 34 4369 10405 485 4369 4369 6290 8005 15317 34 239434 34 464290 34 34 8005 34 4369 34 3411274 34 34 6290 35832197 34 15317 34 6290 186325 3414002 34 243370 8005 239434 34 312505 6290 34 312505 34 4369 34 34 10 34 2490914 34 15317 34 4369 15317 10405 34 6290 34 4369 485 239434 34 6290 10405 485 4369 4369 312505 312505 312505 276770 34 34 729625 34 10405 5551114 4369 34 15317 34 10405 34 15317 243370 34 3414002 6290 34 34 4369 6290 34 6290 4369 4369 34 10405 1089010 34 15317 4369 6290 312505 34 10405 3411274 312505 4369 4369 276770 15317 15317 34 312505 34 10405 4369 3031865 239434 485 34 34 3031865 34 8005 34 3031865 34 239434 34 15317 15317 34 10405 312505 3414002 312505 34 4369 312505 239434 4369 312505 34 34 11868194 4369 10405 312505 239434 34 6290 34 15317 312505 10405 6290 4369 1512901 34 34 10405 34 4369 15317 15317 34 34 34 1089010 34 34 4369 316850 34 10405 34 6290 10405 6290 34 34 6290 15317 34 43810 239434 3414002 312505 34 34 239434 10405 34 4369 10405 34 34 34 4369 34 34 34 34 34 34 34 15317 34 34 4369 4369 34 970 34 34 34 4369 312505 4369 34 6290 6290 15317 239434 34 15904145 239434 312505 34 36945845 34 4369 34 6639370 8005 312505 6290 34 34 15317 34 4369 15317 34 4369 4369 239434 8005 34 34 15317 34 276770 34 34 239434 312505 34 34 34 34 4369 4369 15317 485 15317 34 34 239434 34 8005 312505 34 239434 34 239434 6290 15317 6290 34 10405 34 34 4369 34 15317 10405 34 34 34 34 34 10405 276770 15317 34 239434 4369 34 4369 34 1512901 34 6290 312505 34 34 6290 35120450 312505 10405 3031865 34 34 239434 34 34 3414002 10405 34 485 43810 1512901 34 4369 239434 4369 4369 34 34 8005 34 34 34 4369 3031865 15317 312505 276770 8304517 34 6290 34 3031865 4369 4369 276770 10405 71978 10405 34 6290 15317 4369 15317 4369 239434 4369 34 10405 34 4369 15317 10405 34 4369 10405 485 15317 4369 15317 4369 6290 485 34 34 15317 312505 34 8005 
5185 31248101 1258 51077 1258 3802501 1258 5410 1258 51077 1258 381925 1258 903170 1258 51077 1601 1258 5185 1258 1258 58325 51077 58325 1258 5410 882325 58325 5185 5410 1258 1258 1258 882325 1258 5185 1258 5185 95225 1258 5185 58325 2917265 882325 1258 1258 5185 1258 1258 51077 5185 1258 1258 5185 51077 5185 1258 882325 5185 381925 1258 58325 1258 1258 1258 1258 1258 1258 1258 1258 381925 51077 79385 1170325 1258 1258 58325 1258 1258 381925 1258 381925 5185 51077 1258 5185 11803445 1258 1258 1258 1258 381925 1258 1258 166685 51077 381925 5410 1258 166685 1258 381925 51077 5185 882325 1258 1258 1258 1258 1258 5185 1258 5185 882325 5185 5185 58325 381925 1258 1170325 1258 51077 835250 51077 5185 1258 5185 1258 1258 1258 1258 2917265 1258 58325 1258 1258 882325 5185 95225 51077 1258 1258 51077 381925 1258 1258 5185 367008805 381925 1258 370 51077 55114 1258 58325 1258 5185 1258 882325 51077 5410 5185 1258 381925 1258 1258 51077 2917265 5185 5185 58325 1258 1258 58325 1258 370 5410 5185 5185 381925 1258 58325 1258 51077 903170 51077 835250 1258 58325 5185 1258 882325 1601 58325 5185 1170325 1170325 1258 5185 5185 5185 70519690 5185 30634 5185 1258 5185 381925 1258 2337194 370 1258 381925 1258 1258 1258 185 1258 1258 882325 5410 5185 58325 882325 185 882325 185 58325 1258 882325 5410 5185 1258 381925 1258 5185 381925 1258 1258 1258 882325 58325 381925 1258 835250 1258 1258 1258 1258 5185 1258 58325 5185 1258 5185 1258 95225 5185 5185 5185 58325 51077 1258 5185 5185 51077 2917265 5185 1258 51077 1258 5185 5185 1170325 2917265 5185 381925 1258 5185 1258 5185 1258 1258 1258 1258 1258 1258 1258 51077 381925 5185 5185 1258 5185 1258 1258 5185 51077 5185 381925 30634 1258 5185 58325 5185 1258 1258 2559265 5185 1258 5185 1258 51077 1258 5410 5185 51077 882325 5410 58325 5185 1258 1258 1258 1258 5185 1258 5410 5185 1258 1258 882325 1258 5185 1258 51077 1258 1258 51077 1258 58325 1258 1743625 51077 51077 51077 3736394 1258 1258 1258 58325 1258 1258 51077 1258 1601 1263530 381925 1258 1258 1601 1258 95225 1258 5410 835250 51077 882325 1258 58325 1258 1258 1258 1601 1258 370 95225 1258 5185 1258 370 1258 5185 1258 5185 1258 5185 1258 835250 5185 58325 1258 1258 5185 882325 1258 1258 1258 5410 5185 370 1258 381925 58325 58325 199714 14326325 1258 5410 3802501 1258 381925 882325 381925 5185 1258 5410 5410 5185 1258 51077 1258 1258 5185 1258 1258 5185 1258 5185 58325 5185 51077 51077 5185 51077 1258 370 95225 1258 1258 903170 51077 5185 5185 1258 835250 1258 5185 5185 1258 381925 381925 58325 1258 5185 1258 58325 1258 5185 51077 381925 328250 5410 1258 95225 5185 5410 5185 5185 5410 1258 5185 51077 1258 5185 58325 1258 5410 381925 381925 5410 5410 1170325 765034 1258 5185 1258 51077 58325 1258 5185 51077 5185 58325 882325 1258 51077 1170325 95225 1258 2917265 1031050 1258 1258 5185 1258 835250 381925 51077 1258 51077 1258 58325 5185 5185 381925 5185 5185 1258 51077 1258 5410 5185 1258 882325 381925 1258 1258 1258 5185 1258 5410 5410 20072450 882325 51077 30634 95225 5185 5185 1258 1258 882325 51077 1258 5185 5185 5185 1258 1258 370 5185 58325 1258 1258 1258 1258 5185 51077 882325 1258 1258 1258 5185 882325 1258 1259557 1258 1258 1258 1258 2917265 1258 51077 5185 
61217 170 45002 61217 679225 45002 170 170 170 170 170 45002 261994 122434 679225 170 112897 92262530 170 170 170 170 261994 679225 170 170 679225 170 170 170 170 45002 170 45002 170 170 170 45002 720002 170 170 170 170 170 170 45002 170 112897 112897 170 45002 61217 170 122434 170 170 170 45002 170 170 45002 45002 170 170 170 170 45002 170 45002 170 170 720002 170 45002 45002 61217 170 45002 59170 170 170 170 45002 170 45002 170 720002 170 170 122434 170 261994 679225 3597217 45002 720002 170 112897 170 720002 170 261994 170 170 2570 170 170 170 170 170 170 170 170 170 45002 170 170 170 679225 170 170 170 170 170 170 170 170 170 112897 170 170 170 122434 170 45002 45002 170 170 170 170 170 170 122434 170 679225 170 61217 170 170 170 45002 45002 170 170 679225 45002 170 170 76139005 170 170 45002 112897 170 170 45002 170 261994 112897 170 170 18434594 170 112897 82861426 170 170 170 45002 170 170 170 720002 170 45002 45002 61217 45002 170 679225 170 170 170 170 170 112897 170 170 170 170 45002 45002 170 59170 170 45002 170017 61217 170 45002 170 170 45002 45002 2570 112897 45002 170 45002 170 170 170 112897 170 61217 45002 170 679225 170 170 61217 679225 170 170 170 170 261994 45002 45002 45002 170 61217 170 45002 170 261994 45002 170 170 61217 170 112897 61217 112897 170 45002 61217 170 170 170 170 61217 45002 170 679225 170 170 170 170 45002 170 170 170 45002 45002 45002 170 170 112897 170 170 170 170017 170 170 61217 170 170 170 170 45002 170 170 720002 1812445 170 45002 45002 170017 170 170 170 45002 45002 170 679225 170 45002 170 170 170 55114 170 170 170 170 170 61217 45002 170 170 170 170 170 170 679225 45002 170 170 45002 170 2570 45002 61217 170 170 170 20848357 45002 170 170 170 170 61217 170 170 170 170 170 170 61217 45002 45002 170 45002 170 122434 170 170 170 170 45002 7623317 45002 679225 112897 170 170 170 45002 45002 170 45002 170 170 45002 170 45002 170 45002 170 170 170 170 170 45002 170 170 170 61217 170 679225 45002 170 61217 170 720002 45002 170 679225 170 679225 45002 170 45002 170 170 261994 112897 170 45002 170 45002 170 45002 45002 170 170 170 170 170 170 59170 170 720002 45002 170 170 45002 45002 170 170 170 170 170 45002 170 112897 261994 170 45002 61217 45002 4654585 170 45002 170 170 170 170 45002 170 45002 112897 720002 45002 170 170 45002 170 170 170 679225 45002 679225 45002 170 170 45002 170 170 170 170 45002 170 170 122434 170 45002 170 679225 170 170 170 170 170 170 45002 170 170 45002 170 45002 170 170 170 170 45002 45002 170 170 170 45002 170 170 45002 61217 45002 170 45002 9168970 45002 170 4654585 61217 170 45002 170 45002 45002 170 7623317 45002 170 1812445 170 112897 45002 170 170 170 170 261994 112897 170 122434 261994 170 170 2570 679225 112897 170 261994 45002 61217 170 61217 170 170017 112897 170 170 45002 170 
465125 239434 85 85 36101 202 85 85 19018 85 85 85 36101 465125 85 19018 85 202 36101 85 85 85 36101 85 85 85 202 85 36101 465125 85 17945 85 465125 85 85 85 85 85 17945 36101 36101 85 465125 85 85 19018 85 36101 85 85 85 239434 85 19018 36101 85 85 85 36101 17945 85 465125 36101 3849850 85 85 85 85 85 17945 36101 85 36101 85 36101 85 65650 85 19018 85 362674 465125 85 85 85 85 19018 85 19018 85 36101 36101 85 85 202 85 74 85 85 17945 85 465125 85 85 85 85 17945 85 85 36101 85 85 85 85 85 85 19018 85 465125 85 18685 85 85 1058005 19018 85 170 85 85 85 85 36101 85 18685 465125 17945 465125 85 2513570 85 3530 85 85 36101 36101 17945 85 85 19018 170 36101 85 85 85 5 36101 239434 465125 85 36101 85 85 170 465125 85 17945 36101 85 465125 85 85 85 170 36101 1312202 17945 85 85 29575325 85 85 85 19018 465125 85 85 2513570 85 85 85 85 202 3530 85 85 85 85 85 17945 36101 85 85 465125 85 465125 36101 19018 36101 85 85 465125 36101 2657525 85 36101 85 85 85 85 695185 85 85 239434 19018 465125 19018 85 85 465125 36101 19018 36101 85 85 465125 85 36101 85 85 2480725 36101 19018 465125 19018 85 36101 85 465125 465125 465125 85 465125 85 85 19018 184325 85 85 17945 85 85 202 85 17945 85 85 85 85 85 36101 202 36101 85 85 465125 85 85 2468825 85 85 17945 85 465125 
17 415874 17 17 17 17 17 17 17 12325 12325 9802 17 17 415874 1002530 17 17 12325 17 17 9802 17 17 43690 17 155151937 2106385 17 17 17 1002530 17 17 9802 17 9802 17 865930 12325 1002530 17 17 10 17 17 9802 10 17 10 9802 17 17 12325 89725 17 9802 679225 12325 17 17 17 17 17 1002530 17 17 12325 17 1002530 17 17 17 10 9802 12325 17 17 9802 9802 9802 17 17 17 9802 17 12325 1889849 9802 1002530 17 9802 17 17 17 17 12325 17 17 10 17 2106385 9802 17 17 17 17 884425 17 12325 1002530 43690 17 56070145 17 10 12325 17 9802 12325 415874 9802 17 9802 43690 9802 12325 12325 17 17 9802 9802 12325 12325 9802 765034 17 89725 17 12325 17 17 17 17 17 89725 1002530 9802 17 17 17 9802 17 89725 17 12325 17 17 441010 12325 1924925 1889849 12325 89725 12325 17 1889849 17 17 12325 17 12325 10 12325 17 9802 17 17 17 21172117 17 1002530 17 17 17 17 10 17 9802 1002530 17 17 17 9802 17 10 45002 12325 12325 17 9802 48674 1002530 17 17 89725 1133458 17 9802 17 17 12325 17 10 17 10 623225 12325 10 17 12325 89725 12325 17 17 17 9802 9802 17 17 17 10 12325 17 17 17 17 17 17 17 17 2106385 17 1889849 45002 17 17 12325 17 9802 17 1002530 17 17 12325 17 17 17 1002530 89725 17 17 9802 17 6356597 17 9802 9802 17 9802 9802 17 7474 9802 12325 9802 89725 17 89725 17 89725 1002530 1002530 17 17 17 17 7474 9802 17 12325 17 17 17 
1258 5410 1010 1010 95225 1258 5185 30634 1570 51077 1258 1258 1570 51077 903170 5185 1258 1570 58325 1258 3889625 1258 1258 1258 51077 58325 1258 1258 51077 1258 1258 58325 1258 5185 22474 51077 51077 1258 1570 51077 51077 51077 1258 3069650 1258 51077 51077 1258 1258 51077 1258 11803445 1258 1258 1258 58325 1258 903170 1570 765034 1570 1258 1570 1258 51077 1258 1258 11803445 51077 51077 51077 51077 1258 1258 1258 2917265 1258 51077 1258 5185 58325 1258 51077 1258 5410 1258 1570 1258 1258 1258 1258 51077 51077 51077 5185 51077 1570 1258 51077 51077 51077 5185 1258 1258 55114 1258 1258 381925 5185 51077 1258 1258 1258 5185 1010 3736394 1570 1258 5185 1258 11803445 1258 1570 1258 110245 5185 51077 1258 11803445 51077 58325 1258 1258 1258 1258 51077 1358450 1570 51077 5185 51077 1258 1258 1258 1258 1258 1258 1258 1258 1258 1258 1258 1258 5185 1258 1258 51077 1258 1570 1258 1258 1570 5185 1258 51077 1258 1258 1258 58325 51077 51077 5185 51077 1258 5185 11803445 1258 1258 1258 51077 1258 51077 51077 1258 1258 1258 1258 185 1258 1258 1258 1570 1258 51077 5185 51077 51077 110245 51077 5185 1570 51077 1258 1258 1570 1258 2917265 51077 22474 5185 1258 51077 51077 381925 1258 22474 1258 5185 58325 1258 51077 370 1570 1258 51077 1258 190450 5185 1258 1258 186267905 51077 1258 1570 1258 1258 51077 1258 1258 1258 1258 5410 1258 51077 1258 1258 1258 370 51077 1258 1258 1258 22474 1258 1258 51077 51077 1258 5410 1258 5185 1258 51077 1465474 1258 51077 1258 1258 370 51077 51077 51077 1258 51077 1570 1570 51077 51077 51077 51077 1258 55114 1570 903170 1031050 179945 5185 
45002 9802 261994 679225 17 17 45002 45002 17 679225 45002 17 45002 98608330 89725 89725 43690 17 17 9802 170 17 17 17 720002 17 17 170 45002 17 89725 9802 17 9802 45002 45002 17 45002 17 170 679225 17 17 17 45002 17 45002 17 170 170 720002 45002 45002 17 261994 17 720002 261994 17 17 45002 170 884425 2106385 17 45002 43690 17 45002 45002 17 17 17 45002 17 170 9802 170 170 45002 45002 170 45002 679225 170 45002 10 45002 17 45002 884425 17 17 170 9802 17 45002 89725 679225 45002 45002 112897 170 45002 679225 45002 115202 45002 17 884425 17 17 45002 10 17 17 170 17 170 17 43690 45002 1924925 17 45002 45002 170 3536425 170 45002 170 45002 10 17 17 131665 45002 17 45002 17 17 1133458 17 170 170 170 17 17 170 17 17 45002 45002 170 17 45002 10 45002 9168970 17 1022125 170 17 17 17 17 720002 45002 45002 45002 9802 720002 45002 9802 45002 17 155151937 45002 170 2212405 10 9802 9802 45002 89725 17 17 17 17 131665 17 17 17 170 9802 17 45002 170 45002 17 45002 170 679225 170 170 17 17 17 17 170 17 17 17 170 17 2106385 45002 17 679225 17 17 45002 17 9802 170 17 17 9802 17 17 679225 10 45002 17 45002 170 679225 720002 45002 170 261994 720002 17 17 9802 17 17 170 17 9802 9802 17 170 17 170 679225 679225 89725 17 45002 17 17 17 45002 9802 45002 170 10 170 170 17 261994 45002 17 89725 45002 10 45002 17 170 720002 170 10 89725 17 720002 17 170 17 170 170 17 9802 679225 89725 9802 17 10 261994 17 17 45002 45002 17 45002 45002 45002 170 45002 89725 884425 45002 9802 720002 170 17 89725 9802 17 17 45002 170 17 17 45002 170 9802 10 45002 17 170 170 170 45002 45002 45002 679225 45002 17 43658050 17 9168970 261994 17 17 17 17 9802 17 45002 45002 17 17 170 17 45002 45002 17 17 45002 17 170 45002 17 170 45002 720002 45002 17 17 45002 45002 17 170 89725 2106385 170 17 17 17 45002 17 45002 17 170 45002 17 17 170 45002 17 45002 170 5301490 170 17 17 17 89725 45002 45002 170 17 170 2106385 10 45002 45002 720002 17 17 9802 17 45002 9802 170 170 170 679225 45002 9802 170 170 9802 45002 17 45002 17 720002 17 45849890 170 170 45002 170 17 170 17 10 1133458 17 17 17 45002 679225 
72901 10405 29045 50658725 29045 10405 3925 3925 29045 29045 29045 29045 29045 72901 10405 10405 29045 29045 29045 10405 8738 3396125 72901 29045 10405 72901 29045 463114 15317 10405 10405 10405 29045 72901 3925 29045 10405 29045 170 10405 1040650 29045 459850 15317 29045 29045 118474 29045 200320130 459850 51914 29045 29045 15317 10405 10405 3925 72901 29045 10405 10405 72901 10405 72901 29045 10405 29045 29045 459850 29045 29045 29045 72901 2185625 29045 176290 29045 46774514 72901 29045 3925 10405 29045 4755530 29045 29045 3925 29045 29045 10405 10405 10405 463114 72901 10405 72901 29045 10405 10405 10405 10405 10405 72901 29045 10405 10405 4369 734474 161209 29045 29045 10405 10405 2185625 273205 463114 10405 10405 10405 4850 4755530 10405 10405 29045 10405 170 15317 10405 273205 29045 10405 29045 29045 10405 29045 10405 170 72901 29045 714425 29045 10405 110245 463114 72901 72901 29045 10405 72901 15317 
51077 46085 46085 51077 49010 46085 46085 46085 51077 51077 16386305 46085 46085 46085 46085 49010 14945125 51077 1570 46085 1258 1570 51077 46085 51077 46085 46085 46085 46085 46085 51077 46085 51077 51077 51077 1010 51077 157625 2570 49010 46085 1258 1258 46085 51077 46085 1258 157625 51077 46085 51077 819202 49010 157625 1258 157625 46085 51077 1570 46085 46085 1258 51077 46085 51077 46085 51077 51077 110245 1010 46085 46085 46085 51077 157625 46085 46085 51077 46085 819202 309137 1570 1010 51077 157625 1570 1570 51077 51077 1258 51077 1258 51077 1258 46085 46085 1258 1258 16386305 1010 1570 51077 10 46085 46085 1258 1570 46085 46085 46085 1258 46085 46085 51077 
51077 3737 3737 96215330 46085 3737 46085 46085 3737 970 46085 1258 3737 46085 51077 46085 46085 2113145 1570 1258 51077 1570 468469 46085 468469 51077 46085 51077 11803445 3737 46085 51077 46085 46085 46085 46085 3737 51077 55114 1570 46085 3737 46085 3737 46085 46085 3737 51077 46085 11259170 46085 1258 46085 51077 51077 3737 51077 1570 51077 46085 51077 22474 1570 51077 51077 51077 1570 46085 157625 51077 1570 1258 51077 3737 51077 3737 51077 46085 46085 46085 29290 51077 3737 51077 3737 46085 1570 46085 46085 46085 51077 46085 3737 46085 51077 51077 46085 51077 46085 3737 46085 51077 3737 46085 46085 110245 51077 51077 51077 1258 46085 51077 51077 1258 51077 51077 51077 46085 51077 51077 1010 51077 3737 46085 46085 51077 51077 1258 157625 1010 46085 51077 7360405 1010 3737 51077 3737 46085 3737 46085 1570 51077 51077 46085 2570 157625 3737 51077 46085 3737 51077 46085 51077 51077 46085 51077 195365 51077 3737 1258 3737 2737802 46085 3737 46085 51077 46085 1570 51077 110245 679730 1258 1258 46085 46085 46085 3737 1258 46085 46085 46085 46085 1258 46085 46085 51077 3737 3737 3737 51077 22474 51077 51077 1570 29184802 1010 51077 46085 31782985 3737 313405625 51077 46085 51077 3737 157625 46085 1258 157625 3737 1258 51077 51077 46085 46085 51077 51077 51077 51077 403490 46085 3737 46085 3737 46085 2570 51077 51077 46085 51077 3737 3737 46085 157625 51077 51077 3737 46085 51077 1570 46085 46085 1010 55114 51077 1272385 2570 46085 51077 51077 46085 3737 1258 3737 46085 3737 51077 51077 1258 107650 51077 1570 1258 46085 1272385 46085 46085 3737 51077 
46085 51077 22474 51077 3737 46085 51077 51077 51077 1258 1570 51077 46085 51077 5365 51077 3737 3737 46085 46085 1258 3737 1258 3737 51077 51077 51077 819202 51077 51077 1010 1570 51077 46085 46085 1258 21785 1010 51077 51077 46085 1570 46085 3737 46085 46085 12985450 46085 3737 46085 46085 46085 16386305 5365 6297785 51077 46085 51077 46085 1258 1258 51077 51077 1258 110245 51077 5365 3737 1010 1570 3737 46085 46085 46085 239434 3737 46085 2570 41225 46085 12970 51077 46085 5365 51077 110245 3737 46085 51077 51077 137264657 1258 46085 46085 46085 46085 1258 1570 157625 1258 1570 468469 46085 1258 46085 3737 5365 51077 46085 51077 1331593 51077 1258 46085 51077 3737 51077 46085 51077 46085 195365 1258 1331593 3737 46085 1010 51077 51077 819202 51077 3737 46085 46085 3737 24050 46085 46085 46085 1258 46085 1010 51077 3737 2570 3737 46085 3737 3737 46085 46085 46085 51077 46085 1570 1309970 51077 46085 1258 46085 51077 41990401 1258 3737 3737 1258 51077 46085 3737 3737 41225 46085 51077 51077 51077 51077 243370 46085 1258 46085 46085 51077 3737 3737 46085 55114 46085 51077 3250 46085 46085 46085 46085 46085 46085 46085 51077 1258 51077 51077 1010 46085 51077 51077 51077 46085 46085 46085 1010 51077 1258 51077 46085 51077 51077 1258 1010 679730 46085 51077 3737 3737 3737 51077 157625 46085 1010 1570 3737 51077 46085 46085 1010 46085 46085 46085 46085 51077 46085 51077 1258 1570 51077 51077 51077 3737 51077 51077 3737 1089290 46085 3737 46085 46085 1570 3737 1570 51077 6400901 46085 5365 1570 3737 51077 1570 51077 46085 46085 51077 3737 46085 1010 3737 46085 46085 3737 46085 51077 51077 51077 51077 51077 51077 1983050 2570 46085 51077 1258 51077 46085 51077 46085 3737 
17945 3530 85 85 19018 85 5 85 85 3530 19018 85 5 3530 3530 3530 3530 85 85 85 3530 85 85 36101 2036290 3530 17945 85 36101 19018 85 85 85 85 85 140138245 85 3530 85 3530 17945 465125 85 3530 3530 36101 3530 2036290 3530 85 85 85 3530 3530 85 3530 85 3530 36101 85 3530 85 85 85 465125 17945 85 85 202 5 85 85 465125 465125 1339570 85 3530 85 85 5 17945 3530 3530 202 85 85 85 3530 3849850 3530 3530 36101 85 85 3530 4460545 85 85 3530 85 695185 85 85 3530 2036290 85 3530 3530 85 3530 3530 85 85 85 85 85 465125 85 3530 85 17945 239434 85 85 202 202 465125 85 85 3849850 17945 3530 85 3530 85 85 85 3530 3530 17223530 17945 85 202 19018 3530 85 85 239434 5 3530 85 85 36101 5 1285 85 85 36101 85 3530 3530 85 85 3530 17945 85 85 17945 17945 85 3530 148138 3530 85 202 3530 3530 465125 85 3530 85 36101 85 3530 85 19018 3530 85 85 85 3530 3530 85 85 3530 85 184325 19018 3530 85 3638050 85 19018 239434 3530 85 17945 17945 85 85 239434 49745450 85 3530 36101 85 85 3530 85 2657525 85 3530 85 85 85 85 465125 85 36101 3530 85 85 85 3530 3530 17945 2036290 85 4460545 85 85 85 85 85 85 5 3530 465125 85 3530 990002 17945 85 3530 85 85 3530 85 3530 85 3530 85 85 85 85 3530 85 5 85 85 36101 3530 3530 74 465125 3530 2657525 3530 85 85 36101 85 239434 85 85 65650 85 465125 36101 3530 465125 17945 3530 85 85 3530 3530 85 85 5 85 85 85 85 17945 5 85 85 85 85 85 85 3530 3530 202 465125 36101 85 85 85 85 8774210 85 85 3530 5 5 85 85 85 1285 85 85 5 4460545 85 465125 85 17945 85 17945 85 17945 465125 202 85 2657525 465125 3530 243370 85 239434 85 3530 85 85 3530 85 85 85 3530 85 36101 85 85 202 85 2036290 3530 5 85 36101 202 17945 85 2036290 3530 4460545 3530 19018 85 85 465125 3530 17945 36101 36101 36101 85 85 465125 21170 36101 695185 3530 85 85 3530 202 85 3530 1285 85 2657525 3530 465125 85 
15317 4369 4369 34 15317 15317 85 34 15317 6290 10405 4369 239434 34 4369 15317 34 10405 3530 34 34 15317 6290 3031865 35832197 15317 4369 34 34 34 1089010 239434 34 15317 34 15317 10405 10405 8005 34 15317 102154 4369 34 10405 1089010 6290 15317 5326865 6290 239434 34 34 121685 3530 15317 186325 34 910010 3530 34 4369 15317 15317 34 34 15317 10405 34 34 34 34 34 4369 15317 34 121685 15317 15317 6290 239434 3530 6290 34 34 4369 4369 4369 34 10405 34 239434 15317 34 4369 15317 34 3530 4369 4369 34 4369 10405 34 3031865 10405 34 239434 3530 15317 15317 34 3530 4369 31651178 6290 34 6290 34 34 4369 15317 6290 4369 34 6290 1512901 4369 3530 239434 8005 10405 34 10405 15317 34 34 34 4369 34 15317 15317 15317 4369 10405 15317 239434 34 15317 15317 4369 34 15317 34 4369 3530 4369 3031865 34 34 34 4369 34 34 15317 34 34 15317 17945 34 3530 4369 102154 4369 34 34 15317 15317 10405 239434 4369 34 15317 121685 34 10405 17945 3031865 239434 4369 15317 4369 34 239434 34 3530 3530 102154 34 10405 3530 4369 10405 6290 15317 34 4369 239434 34 34 15317 3031865 15317 4369 6290 34 6290 34 34 15317 10405 85 10405 15317 970 34 34 10405 34 34 85 34 34 5029450 3530 1089010 85 6290 34 34 239434 34 10405 4369 4369 71978 4369 239434 34 34 10405 8908402 4369 8005 34 34 4369 10405 34 34 15317 239434 102154 6290 8005 15317 4369 239434 15317 34 6290 10405 15317 4369 6290 3530 15317 34 34 1624505 4369 34 239434 4369 10405 102154 85 6290 10405 15317 8005 970 10405 34 15317 4369 4369 10405 4369 34 5326865 1116050 10405 4369 8005 102154 4369 15317 3530 3530 15317 3530 3031865 15317 34 15317 34 239434 4369 239434 6290 34 15317 3530 4369 4369 15317 85 34 102154 3530 6290 10405 3530 10405 3530 34 15317 3530 4369 4369 186325 34 15317 15317 4369 15227801 34 6290 15317 121685 34 3031865 3530 4369 34 34 4369 3530 3530 15317 4369 4369 4369 6290 34 6290 10405 10405 34 34 10405 6290 15317 15317 4369 34 10405 3530 3530 34 10405 4369 15317 3530 35832197 34 34 3530 276770 3530 6290 3530 34 34 1089010 34 4369 15317 970 85 15317 10405 3530 4369 15317 34 15317 34 4369 3530 34 239434 34 4369 15317 34 6290 15317 3530 15317 4369 34 34 4369 34 4369 4369 1624505 3530 34 85 85 85 4369 3530 10405 4369 3530 10405 15317 15317 10405 34 10405 34 15317 15317 1089010 34 6290 4369 15317 4369 4369 4369 4369 34 15317 3530 6290 3530 6290 10405 15317 15317 34 15317 34 34 34 15317 121685 34 4369 4369 34 34 6290 10405 15317 34 34 15317 3530 85 4369 4369 4369 34 1089010 34 85 85 4369 34 34 35832197 10405 15317 239434 34 10405 34 102154 10405 1010 34 15317 15317 239434 15317 34 6290 102154 186325 34 4369 3530 15317 102154 121685 4369 38054090 15317 3530 3530 4369 186325 3530 17945 34 34 34 8005 4369 34 15317 34 276770 4369 276770 34 107827525 71978 239434 34 34 8304517 3530 4369 10405 34 4369 10405 15317 85 34 4369 6290 1089010 4369 6290 34 970 14775050 10405 4369 34 10405 10405 3530 4369 
1717 202 1717 202 1240025 202 1717 1717 1717 202 202 1717 1717 1717 202 202 202 3737 1717 2594 202 1717 202 202 202 3737 202 202 2594 505 136085 3737 1717 202 3737 77450 3737 1717 202 4350725 1267010 1717 202 2594 8245 686450 8245 202 202 1717 202 3737 202 202 2594 1717 6137170 434314 3737 2594 202 202 1717 1717 8245 202 3737 202 1717 202 202 202 202 202 1717 1717 202 202 3737 1717 202 505 156658 1717 1717 8245 202 136085 1717 1717 202 2594 1717 1717 1717 1717 505 202 77450 240101 202 2594 1717 202 1717 505 202 3737 940325 1717 202 240101 1717 1717 505 202 8245 136085 202 1717 1717 1717 202 202 202 1717 202 2594 202 202 181337 2979925 1717 202 2594 1717 202 1717 202 41473625 2594 1717 1717 3737 202 1717 202 202 1717 136085 202 202 220505 1717 202 136085 505 1717 1717 1717 3737 3737 202 202 1717 1717 1717 2594 202 1717 3737 3737 55114 3737 1717 202 202 505 1717 202 505 1717 156658 1717 1717 202 202 202 1717 1717 74 202 202 1717 9063050 2594 505 2594 202 202 202 2594 2594 202 63370 202 1717 2594 686450 1717 202 202 3737 505 202 202 1717 202 1717 505 1717 940325 1717 1717 505 2594 505 1717 6351050 202 202 202 3737 2594 1717 2594 202 202 136085 202 1717 3737 34544674 1717 74 136085 1717 202 1717 202 505 202 202 1717 202 1717 505 136085 2979925 2594 202 240101 1717 3737 1717 202 1717 202 28995829 940325 202 202 1717 202 1717 1717 1717 202 202 136085 1717 202 2594 202 2594 240101 240101 202 3737 136085 55114 202 3737 2594 1717 136085 202 8245 202 1717 202 1717 8245 2594 28995829 2594 202 1717 3737 1717 1717 202 1717 505 202 55114 202 1717 202 2594 202 220505 202 1336465 505 202 202 202 1717 8245 1717 3737 202 1717 202 1717 116650 8245 1717 3737 1717 2547217 55114 202 202 2594 1717 1717 202 2594 1717 202 8245 9751250 1717 1717 1717 1717 1717 1717 202 1717 1717 3737 3737 202 202 1717 1717 1717 1717 202 1717 202 202 3737 
9802 9802 17 9802 17 9802 17 9802 17 17 7474 89725 9802 17 9802 3737 10 43690 3737 12325 17 17 1002530 9802 17 9802 43690 17 12325 9802 17 9802 17 1002530 1889849 10 17 17 2106385 17 9802 17 17 1002530 161209 9802 17 17 12325 30425 1889849 10 1133458 17 12325 9802 17 89725 17 17 17 9802 1889849 1002530 9802 17 17 9802 1889849 9802 115202 17 1002530 26061925 12325 1002530 12325 10 17 17 12325 17 17 17 9802 12325 9802 17 17 17 12325 9802 9802 17 10 89725 2106385 17 12325 17 1889849 12325 12325 9802 17 12325 9802 17 17 17 10 1889849 9802 12325 12325 17 17 89725 9802 12325 17 10 9802 9802 1889849 9802 9802 9802 12325 9802 17 10 17 17 12325 17 1889849 17 9802 12325 12325 1002530 9802 15784490 17 17 10 12325 17 17 17 12325 89725 17 17 1002530 12325 1002530 9802 17 17 17 12325 17 17 17 1002530 17 17 17 9802 17 17 12325 17 17 17 17 9802 12325 10 17 12325 12325 12325 17 1002530 7474 17 30425 17 17 12325 1002530 17 17 56070145 17 7474 1717 12325 17 17 1889849 17 17 17 17 10 17 12325 17 17 161209 12325 17 9802 17 1717 17 17 17 9802 1924925 17 17 12325 5866085 12325 9802 10 10 17 17 1002530 17 17 12325 1002530 9802 17 9802 17 9802 17 17 9802 884425 17 17 26061925 9802 161209 3737 17 18434 10 17 1133458 884425 17 9802 9802 17 9802 17 43690 10 89725 7474 17 17 17 1002530 17 43690 10 12325 17 17 17 7474 17 9802 17 17 12325 17 17 56070145 17 17 89725 17 17 17 17 1002530 17 884425 17 10 17 17 17 9802 884425 1717 10 9802 12325 12325 12325 17 
85 2657525 85 85 85 17 85 36101 36101 17 17 9802 202 465125 17 243370 17 17 17 17 36101 465125 17 17 17945 85 202 9802 85 85 9802 17 17 9802 17 2513570 202 17 29575325 465125 85 17 17 85 8825 17 36101 17 17 36101 17 17 85 9802 17 17 85 17 17 85 9802 17 85 36101 17 17 85 85 17 17 85 17 17 17 17 17 17 184325 17 85 17 43690 17 17 243370 17 85 17 85 9802 85 2657525 9802 17 17 85 9802 465125 17 17 1285 17 17 184325 17 17 85 14810434 36101 17 85 17 85 17 17 9802 17 85 9802 17945 36101 17 85 17 
17 45002 720002 9802 12325 1002530 17 9802 17 43690 17 17 720002 17 45002 10 17 2106385 9802 45002 261994 12325 45002 17 17 720002 17 17 10 17 45002 12325 17 1002530 17 12325 261994 1133458 17 12325 12325 17 9802 347009525 884425 17 12325 9802 170 17 17 12325 1002530 89725 10 12325 12325 17 17 9802 9802 17 720002 12325 17 17 190450 17 17 9802 17 17 9802 10 17 17 9802 17 45002 17 17 17 17 170 17 9802 17 17 17 10 170 17 1133458 261994 17 12631765 17 45002 17 17 17 45002 17 9802 17 2106385 9802 17 9802 17 17 17 9802 17 17 1002530 1002530 12631765 170 17 17 9802 884425 17 17 43690 12325 9802 17 17 9802 9802 12325 45002 89725 17 679225 1924925 17 17 720002 17 12325 12325 118354085 720002 17 17 17 9802 17 17 12325 45002 17 10 12325 9802 17 17 12325 17 17 12325 17 1924925 7474 170 9802 17 17 679225 17 17 17 170 17 17 17 17 415874 45002 9802 720002 884425 7474 45002 10 9802 17 10 17 9802 17 17 17 10 17 9802 10 12325 17 1002530 30425 6356597 9802 1002530 17 17 9802 17 17 17 9802 45002 17 89725 441010 17 17 17 17 9802 170 720002 17 17 17 17 720002 45002 9802 17 17 17 12325 17 17 17 43690 9802 17 10 10 884425 12325 45002 17 45002 45002 17 12325 679225 17 9802 10 45002 1002530 17 17 679225 9802 17 17 17 17 89725 17 89725 17 17 45002 9802 89725 720002 45002 17 12325 17 17 17 12325 10 17 7474 17 415874 17 17 17 17 17 17 17 17 17 17 1002530 10 884425 12325 12325 17 17 17 17 17 12325 
1601 1880650 1601 1601 1601 5185 1601 1601 1601 5185 1601 5185 170 236197 1601 5185 5185 5185 1601 370 5185 1601 1601 5185 5185 5185 5185 1601 1601 5185 10 612170 95225 1601 170 1601 5185 1601 835250 5185 1601 1601 370 381925 1601 1601 1601 236197 1601 1601 1601 1601 5185 1601 1601 1601 1601 1601 1601 5185 1601 1880650 5185 3779698 8005 1601 170 1601 5185 381925 1601 1601 5185 1601 10 1601 2101810 17 1601 835250 1601 1601 17 17 381925 5185 255385 170 5185 1601 5185 1601 1601 170 5185 1601 17 10 170 10 1601 1601 1601 170 95225 1601 5185 1601 1601 1576250 381925 5185 1601 1601 5185 1601 1601 95225 5185 1601 5185 1601 1601 835250 95225 10 1601 17 370 5185 1601 89725 1601 4631105 5185 1601 236197 5185 1601 1601 1601 1601 1601 1601 5185 17 1601 17 5185 1601 1601 5185 5185 1601 381925 3115010 1601 1601 1601 1601 10 1601 17 10 1601 5185 5185 1601 5185 17 5185 5185 1601 835250 1601 1601 17 1601 1601 95225 1601 381925 381925 95225 170 10 612170 5185 236197 5185 1601 1601 1601 5185 10 882325 5185 1601 95225 5185 1601 10 17 12944650 5185 5185 5185 1601 1601 5185 5185 1601 5185 5185 10 17 5185 835250 1601 1601 1601 5185 1601 255385 1601 1601 1601 381925 5185 5185 882325 1601 10 1601 1601 1601 95225 5185 1601 5185 5185 1601 236197 17 5185 1601 1601 236197 1576250 5185 1601 5185 1601 1601 1601 170 1601 5185 1601 1601 5185 1601 1601 5185 36133925 5185 1601 17 27667601 370 1601 882325 1601 10 5185 5185 5185 3492970 236197 1601 23188085 1601 1601 1601 1601 89725 1601 95225 5185 1601 1601 95225 1601 255385 89725 1601 5185 1601 370 1601 1601 10 1601 882325 5185 5185 1601 1601 10 1601 10 1601 1601 5185 10 1601 1601 370 381925 1601 17 1601 1601 5185 95225 5185 1601 255385 1601 1601 5185 5185 1601 1601 5185 1601 5185 89725 170 5185 5185 5185 17 5185 1601 1601 1601 5185 1601 5185 1601 5185 1601 2101810 1601 255385 381925 370 272485 1601 2101810 1601 5185 1601 236197 255385 5185 17 5185 255385 10 871202 10 882325 1601 1601 1601 17 5185 1601 10 236197 1047370 5185 835250 5185 5185 5185 5185 10 5185 370 255385 1601 1601 1601 5185 1601 8005 1880650 1601 370 835250 5185 5185 1601 10 17 1601 45002 381925 381925 1601 17 5185 1601 5185 17 10 1601 1601 1601 381925 5185 5185 5185 17 5185 5185 95225 170 1601 5185 5185 871202 5185 1601 1601 255385 835250 5185 1601 1601 370 1601 1601 871202 5185 370 1601 1601 5185 1601 5185 5185 1601 1601 5185 10 170 5185 5185 10 1601 5185 1601 5185 17 1601 370 5185 5185 1601 1601 1601 1601 1601 5185 1601 
10405 29045 31651178 459850 7911229 29045 10405 459850 10405 29045 10405 463114 72901 29045 29045 104050 10405 29045 72901 176290 29045 170 10405 176290 110245 170 72901 29045 10405 29045 29045 110245 29045 10405 29045 72901 121685 29045 102154 15317 29045 4850 29045 10405 10405 1624505 29045 459850 29045 176290 10405 29045 10405 29045 170 29045 29045 29045 170 10405 72901 72901 29045 170 10405 29045 72901 29045 29045 29045 10405 29045 102154 72901 10405 72901 10405 4850 15317 29045 273205 459850 29045 714425 10405 15317 72901 459850 121685 29045 29045 4850 29045 105926005 29045 10405 29045 459850 121685 29045 
8005 459850 29045 10405 10405 312505 29045 72901 110245 72901 10405 10405 29045 170 10405 29045 29045 10405 29045 29045 29045 29045 10405 10405 10405 3414002 10405 459850 10405 8005 170 10405 2490914 8005 72901 72901 29045 29045 29045 29045 459850 29045 10405 312505 29045 29045 10405 29045 3414002 10405 10405 3925 29045 29045 72901 10405 29045 72901 10405 312505 29045 10405 72901 463114 3925 43810 3925 176290 14826425 29045 72901 10405 8005 10405 10405 2679625 170 10405 2490914 312505 312505 29045 10405 10405 10405 10405 72901 170 10405 29045 1089010 72901 10405 10405 29045 10405 29045 8005 29045 29045 10405 29045 10405 312505 10405 29045 9553450 29045 10405 10405 459850 273205 10405 29045 10405 312505 29045 459850 29045 29045 10405 10405 312505 312505 312505 16864289 5551114 29045 10405 29045 170 29045 8005 10405 10405 10405 10405 3031865 29045 312505 312505 72901 10405 29045 10405 10405 10405 10405 10405 459850 3737 10405 29045 29045 72901 29045 170 72901 29045 10405 8005 72901 29045 312505 29045 72901 10405 29045 10405 10405 29045 312505 72901 312505 170 33190417 10405 29045 29045 10405 463114 10405 8005 10405 29045 8005 29045 1089010 10405 10405 8005 29045 29045 10405 10405 29045 10405 29045 10405 1089010 312505 10405 273205 10405 29045 170 10405 29045 29045 10405 29045 29045 10405 10405 29045 10405 10405 312505 29045 72901 41369701 8005 29045 10405 10405 29045 10405 29045 8005 29045 10405 10405 10405 29045 29045 29045 10405 7744010 29045 10405 10405 29045 3925 10405 10405 29045 10405 170 10405 29045 29045 5551114 29045 72901 312505 29045 463114 312505 72901 29045 312505 10405 10405 34 10405 29045 29045 176290 370 3031865 72901 10405 10405 10405 8005 29045 29045 10405 29045 72901 72901 72901 8005 3925 10405 29045 10405 463114 10405 29045 170 29045 312505 29045 72901 10405 34 29045 29045 29045 10405 29045 29045 29045 3031865 273205 3031865 29045 29045 463114 29045 72901 29045 10405 29045 29045 34 10405 10405 29045 29045 72901 29045 29045 29045 29045 34 10405 312505 29045 29045 10405 10405 312505 3925 8005 10405 10405 10405 273205 29045 29045 29045 170 312505 10405 29045 29045 72901 10405 29045 7744010 273205 312505 8005 10405 29045 72901 34 29045 29045 72901 29045 459850 170 29045 10405 29045 8005 29045 312505 29045 29045 170 29045 3031865 72901 29045 176290 29045 29045 29045 8005 10405 463114 10405 10405 312505 312505 10405 29045 170 29045 10405 29045 29045 34 10405 10405 10405 10405 910010 312505 29045 10405 29045 10405 463114 10405 312505 312505 72901 10405 10405 29045 29045 312505 72901 29045 2490914 8005 312505 312505 29045 176290 72901 10405 312505 72901 10405 10405 29045 463114 29045 3031865 10405 10405 8005 10405 3031865 10405 176290 10405 10405 72901 10405 29045 10405 312505 10405 10405 72901 8005 29045 8005 29045 29045 29045 29045 29045 29045 
720002 45002 720002 261994 170 170 170 170 45002 170 17 45002 170 170 17 170 170 17 45002 17 17 170 170 679225 170 170 17 170 170 720002 45002 170 679225 45002 45002 61217 17 45002 17 170 25661450 170 17 61217 170 17 17 170 170 45002 170 170 17 9168970 17 17 17 45002 170 17 170 112897 17 17 261994 170 170 17 61217 45002 17 170 170 170 170 720002 170 720002 170 9802 3145 45002 45002 61217 45002 17 170 45002 45002 9168970 112897 61217 45002 720002 45002 112897 45002 17 170 720002 17 115202 17 17 8140885 17 45002 17 170 17 170 61217 170 170 261994 45002 45002 112897 170 61217 112897 170 170 17 43690 679225 170 679225 17 112897 170 170 17 170 61217 170 17 17 170 170 17 45002 170 170 170 170 45002 170 170 17 10 17 45002 10 170 45002 170 45002 170 170 45002 170 170017 9802 170 170 17 17 170 261994 17 26810645 17 45002 17 17 9802 170 170 17 720002 45002 170 9802 170 17 170 45002 9802 17 45002 61217 17 9802 170 112897 170 112897 17 45002 45002 170 6708101 17 17 45002 17 261994 20848357 170 17 170 17 115202 170 170 17 61217 112897 679225 5301490 170 170 170 17 170 45002 170 45002 170 45002 45002 170 17 112897 17 17 170 112897 45002 261994 170 45002 45002 45002 43690 2570 17 17 170 9802 17 170 17 170 17 45002 170 261994 17 45002 17 170 17 170 170 17 17 170 45002 170 17 45002 170017 17 17 170 45002 45002 720002 131665 8140885 61217 170 170 170 17 17 170 170 61217 170 17 170 170 170 45002 170 170 170 9802 170 170 170 45002 17 170 9168970 17 45002 45002 170 170 45002 17 170 170 17 17 23343125 10 17 17 17 170 170 45002 17 170 45002 17 17 170 45002 112897 45002 17 17 45002 17 170 170 45002 17 720002 679225 45002 61217 170 45002 45002 17 9802 61217 17 45002 45002 45002 103433525 61217 17 679225 17 45002 679225 720002 17 17 45002 10 170 679225 45002 17 720002 17 17 170017 20848357 45002 261994 170 170 170 45002 170 45002 884425 679225 170 17 170 17 170 170 17 170 17 170 17 45002 17 170 45002 170 112897 170 170 17 170 170 2570 17 45002 170 45002 170 170 17 170 112897 55114 45002 17 45002 45002 45002 45002 170 17 45002 17 170 17 720002 17 17 45002 170017 21385802 3597217 17 17 170 45002 45002 45002 45002 720002 17 170 17 679225 45002 45002 170 45002 45002 20848357 170 45002 170 170 2212405 170017 9802 26810645 17 45002 170 261994 45002 19978825 170 45002 441010 61217 261994 17 20848357 61217 45002 679225 61217 17 17 170 61217 720002 45002 170 170 170 17 17 30425 17 17 170 170 17 17 17 170 170 17 5301490 17 170 170 679225 170 170 17 45002 170 170017 61217 17 170 170 17 17 17 17 720002 170 45002 170 17 17 17 170 17 170 45002 
170 170 170 1128970 170 170 170 148138 170 170 170 170 170 170 18685 206890 18685 170 170 170 170 170 170 170 170 170 170 170 170 170 170 170 170 170 170 170 170 34 170 18685 170 170 34 170 170 11289601 170 170 170 170 170 11289601 13833025 170 170 249010 170 40269125 170 18685 170 10287650 4930 170 170 170 170 34 170 18685 170 170 170 59170 170 122434 170 1450 170 18685 1050905 170 170 2020202 170 170 170 1601 170 170 190880170 18685 170 18685 59170 170 1050905 18685 170 11289601 18685 170 170 18685 170 18685 170 170 170 170 170 170 170 1601 170 170 170 170 170 112370 18685 170 122434 34 170 170 170 170 18685 170 34 18685 170 61217 170 170 170 170 170 170 18685 170 122434 170 170 18685 170 18685 170 18685 170 1450 170 170 170 170 170 170 170 170 170 170 170 170 170 170 170 170 59170 170 170 170 170 170 59170 170 170 170 170 122434 170 170 1050905 7623317 170 170 170 170 170 170 170 18685 170 170 170 170 18685 170 170 170 170 170 18685 170 170 170 170 170 2076497 170 170 170 170 170 170 7623317 170 170 170 170 170 170 34 170 170 170 170 170 40269125 170 170 170 170 170 170 170 170 170 18685 170 170 170 170 170 170 170 170 170 170 18685 170 170 170 170 170 34 170 170 170 18685 170 18685 170 170 170 170 170 170 170 18685 18685 170 170 170 34 170 170 170 170 170 170 18685 170 170 170 170 170 59170 170 170 170 170 170 170 170 18685 170 170 170 170 1450 170 170 170 34 170 1812445 34 170 170 1050905 170 170 170 170 170 182002 720002 2020202 170 59170 170 727402 170 170 170 170 170 727402 122434 170 170 170 170 170 170 170 18685 170 18685 170 170 170 170 170 170 18685 170 170 170 170 170 170 18685 170 170 18685 170 1050905 170 18685 170 170 727402 170 170 170 170 170 170 1018145 170 170 170 170 170 170 170 170 170 170 170 170 170 170 18685 170 170 7623317 18685 122434 5896985 170 170 112370 170 170 170 170 170 170 122434 11289601 170 170 18685 170 170 170 170 170 170 170 170 170 170 170 16907890 170 170 170 170 170 170 61505617 18685 170 170 170 170 170 34 170 1450 170 18685 59170 18685 18685 18685 170 170 170 170 112370 170 18685 170 18685 18685 170 170 34 170 170 170 170 170 170 170 34 170 18685 170 170 170 170 18685 
